----------- STARTING --------------------
[0.001s][trace][gc,heap]   Initial heap size 1073741824
[0.001s][trace][gc,heap]   Minimum heap size 1363144
[0.001s][info ][gc     ] Min heap equals to max heap, disabling ShenandoahUncommit
[0.036s][info ][gc,init] CardTable entry size: 512
[0.036s][debug][gc,heap] Minimum heap 1572864  Initial heap 1073741824  Maximum heap 1073741824
[0.036s][info ][gc     ] Heuristics ergonomically sets -XX:GCTimeRatio=70
[0.036s][info ][gc     ] Heuristics ergonomically sets -XX:+ExplicitGCInvokesConcurrent
[0.036s][info ][gc     ] Heuristics ergonomically sets -XX:+ShenandoahImplicitGCInvokesConcurrent
[0.036s][info ][gc     ] Heuristics ergonomically sets -XX:+UseCondCardMark
[0.036s][info ][gc     ] Using Shenandoah
[0.036s][trace][gc,heap,coops] Trying to allocate at address 0x00000000c0000000 heap of size 0x40000000
[0.036s][debug][gc,heap,coops] Heap address: 0x00000000c0000000, size: 1024 MB, Compressed Oops mode: 32-bit
[0.036s][trace][gc,barrier   ] ShenandoahCardTable::ShenandoahCardTable:
[0.036s][trace][gc,barrier   ]     &_write_byte_map[0]: 0x00007faab4114000  &_write_byte_map[_last_valid_index]: 0x00007faab4313fff
[0.036s][trace][gc,barrier   ]     _write_byte_map_base: 0x00007faab3b14000
[0.036s][trace][gc,barrier   ]     &_read_byte_map[0]: 0x00007faa983d5000  &_read_byte_map[_last_valid_index]: 0x00007faa985d4fff
[0.036s][trace][gc,barrier   ]     _read_byte_map_base: 0x00007faa97dd5000
[0.036s][info ][gc,ref       ] Clearing All SoftReferences
[0.041s][trace][gc,task      ] Shenandoah GC Threads: using 16 out of 16 workers
[0.042s][trace][gc,task      ] Safepoint Cleanup Thread: using 16 out of 16 workers
[0.042s][debug][gc           ] SMC:initialize_top_at_mark_start for Region 0, TAMS: 0x00000000c0000000, TopOfBitMap: 0x00000000c0080000
[0.042s][debug][gc           ] SMC:initialize_top_at_mark_start for Region 1, TAMS: 0x00000000c0080000, TopOfBitMap: 0x00000000c0100000
[0.042s][debug][gc           ] SMC:initialize_top_at_mark_start for Region 2, TAMS: 0x00000000c0100000, TopOfBitMap: 0x00000000c0180000
[0.042s][debug][gc           ] SMC:initialize_top_at_mark_start for Region 3, TAMS: 0x00000000c0180000, TopOfBitMap: 0x00000000c0200000
[0.042s][debug][gc           ] SMC:initialize_top_at_mark_start for Region 4, TAMS: 0x00000000c0200000, TopOfBitMap: 0x00000000c0280000
[0.042s][debug][gc           ] SMC:initialize_top_at_mark_start for Region 5, TAMS: 0x00000000c0280000, TopOfBitMap: 0x00000000c0300000
[0.042s][debug][gc           ] SMC:initialize_top_at_mark_start for Region 6, TAMS: 0x00000000c0300000, TopOfBitMap: 0x00000000c0380000
[0.042s][debug][gc           ] SMC:initialize_top_at_mark_start for Region 7, TAMS: 0x00000000c0380000, TopOfBitMap: 0x00000000c0400000
[0.042s][debug][gc           ] SMC:initialize_top_at_mark_start for Region 8, TAMS: 0x00000000c0400000, TopOfBitMap: 0x00000000c0480000
[0.042s][debug][gc           ] SMC:initialize_top_at_mark_start for Region 9, TAMS: 0x00000000c0480000, TopOfBitMap: 0x00000000c0500000
[0.042s][debug][gc           ] SMC:initialize_top_at_mark_start for Region 10, TAMS: 0x00000000c0500000, TopOfBitMap: 0x00000000c0580000
[0.042s][debug][gc           ] SMC:initialize_top_at_mark_start for Region 11, TAMS: 0x00000000c0580000, TopOfBitMap: 0x00000000c0600000
[0.042s][debug][gc           ] SMC:initialize_top_at_mark_start for Region 12, TAMS: 0x00000000c0600000, TopOfBitMap: 0x00000000c0680000
[0.042s][debug][gc           ] SMC:initialize_top_at_mark_start for Region 13, TAMS: 0x00000000c0680000, TopOfBitMap: 0x00000000c0700000
[0.042s][debug][gc           ] SMC:initialize_top_at_mark_start for Region 14, TAMS: 0x00000000c0700000, TopOfBitMap: 0x00000000c0780000
[0.042s][debug][gc           ] SMC:initialize_top_at_mark_start for Region 15, TAMS: 0x00000000c0780000, TopOfBitMap: 0x00000000c0800000
[0.042s][debug][gc           ] SMC:initialize_top_at_mark_start for Region 16, TAMS: 0x00000000c0800000, TopOfBitMap: 0x00000000c0880000
[0.042s][debug][gc           ] SMC:initialize_top_at_mark_start for Region 17, TAMS: 0x00000000c0880000, TopOfBitMap: 0x00000000c0900000
[0.042s][debug][gc           ] SMC:initialize_top_at_mark_start for Region 18, TAMS: 0x00000000c0900000, TopOfBitMap: 0x00000000c0980000
[0.042s][debug][gc           ] SMC:initialize_top_at_mark_start for Region 19, TAMS: 0x00000000c0980000, TopOfBitMap: 0x00000000c0a00000
[0.042s][debug][gc           ] SMC:initialize_top_at_mark_start for Region 20, TAMS: 0x00000000c0a00000, TopOfBitMap: 0x00000000c0a80000
[0.042s][debug][gc           ] SMC:initialize_top_at_mark_start for Region 21, TAMS: 0x00000000c0a80000, TopOfBitMap: 0x00000000c0b00000
[0.042s][debug][gc           ] SMC:initialize_top_at_mark_start for Region 22, TAMS: 0x00000000c0b00000, TopOfBitMap: 0x00000000c0b80000
[0.042s][debug][gc           ] SMC:initialize_top_at_mark_start for Region 23, TAMS: 0x00000000c0b80000, TopOfBitMap: 0x00000000c0c00000
[0.042s][debug][gc           ] SMC:initialize_top_at_mark_start for Region 24, TAMS: 0x00000000c0c00000, TopOfBitMap: 0x00000000c0c80000
[0.042s][debug][gc           ] SMC:initialize_top_at_mark_start for Region 25, TAMS: 0x00000000c0c80000, TopOfBitMap: 0x00000000c0d00000
[0.042s][debug][gc           ] SMC:initialize_top_at_mark_start for Region 26, TAMS: 0x00000000c0d00000, TopOfBitMap: 0x00000000c0d80000
[0.042s][debug][gc           ] SMC:initialize_top_at_mark_start for Region 27, TAMS: 0x00000000c0d80000, TopOfBitMap: 0x00000000c0e00000
[0.042s][debug][gc           ] SMC:initialize_top_at_mark_start for Region 28, TAMS: 0x00000000c0e00000, TopOfBitMap: 0x00000000c0e80000
[0.042s][debug][gc           ] SMC:initialize_top_at_mark_start for Region 29, TAMS: 0x00000000c0e80000, TopOfBitMap: 0x00000000c0f00000
[0.042s][debug][gc           ] SMC:initialize_top_at_mark_start for Region 30, TAMS: 0x00000000c0f00000, TopOfBitMap: 0x00000000c0f80000
[0.042s][debug][gc           ] SMC:initialize_top_at_mark_start for Region 31, TAMS: 0x00000000c0f80000, TopOfBitMap: 0x00000000c1000000
[0.042s][debug][gc           ] SMC:initialize_top_at_mark_start for Region 32, TAMS: 0x00000000c1000000, TopOfBitMap: 0x00000000c1080000
[0.042s][debug][gc           ] SMC:initialize_top_at_mark_start for Region 33, TAMS: 0x00000000c1080000, TopOfBitMap: 0x00000000c1100000
[0.042s][debug][gc           ] SMC:initialize_top_at_mark_start for Region 34, TAMS: 0x00000000c1100000, TopOfBitMap: 0x00000000c1180000
[0.042s][debug][gc           ] SMC:initialize_top_at_mark_start for Region 35, TAMS: 0x00000000c1180000, TopOfBitMap: 0x00000000c1200000
[0.042s][debug][gc           ] SMC:initialize_top_at_mark_start for Region 36, TAMS: 0x00000000c1200000, TopOfBitMap: 0x00000000c1280000
[0.042s][debug][gc           ] SMC:initialize_top_at_mark_start for Region 37, TAMS: 0x00000000c1280000, TopOfBitMap: 0x00000000c1300000
[0.042s][debug][gc           ] SMC:initialize_top_at_mark_start for Region 38, TAMS: 0x00000000c1300000, TopOfBitMap: 0x00000000c1380000
[0.042s][debug][gc           ] SMC:initialize_top_at_mark_start for Region 39, TAMS: 0x00000000c1380000, TopOfBitMap: 0x00000000c1400000
[0.042s][debug][gc           ] SMC:initialize_top_at_mark_start for Region 40, TAMS: 0x00000000c1400000, TopOfBitMap: 0x00000000c1480000
[0.042s][debug][gc           ] SMC:initialize_top_at_mark_start for Region 41, TAMS: 0x00000000c1480000, TopOfBitMap: 0x00000000c1500000
[0.042s][debug][gc           ] SMC:initialize_top_at_mark_start for Region 42, TAMS: 0x00000000c1500000, TopOfBitMap: 0x00000000c1580000
[0.042s][debug][gc           ] SMC:initialize_top_at_mark_start for Region 43, TAMS: 0x00000000c1580000, TopOfBitMap: 0x00000000c1600000
[0.042s][debug][gc           ] SMC:initialize_top_at_mark_start for Region 44, TAMS: 0x00000000c1600000, TopOfBitMap: 0x00000000c1680000
[0.042s][debug][gc           ] SMC:initialize_top_at_mark_start for Region 45, TAMS: 0x00000000c1680000, TopOfBitMap: 0x00000000c1700000
[0.042s][debug][gc           ] SMC:initialize_top_at_mark_start for Region 46, TAMS: 0x00000000c1700000, TopOfBitMap: 0x00000000c1780000
[0.042s][debug][gc           ] SMC:initialize_top_at_mark_start for Region 47, TAMS: 0x00000000c1780000, TopOfBitMap: 0x00000000c1800000
[0.042s][debug][gc           ] SMC:initialize_top_at_mark_start for Region 48, TAMS: 0x00000000c1800000, TopOfBitMap: 0x00000000c1880000
[0.042s][debug][gc           ] SMC:initialize_top_at_mark_start for Region 49, TAMS: 0x00000000c1880000, TopOfBitMap: 0x00000000c1900000
[0.042s][debug][gc           ] SMC:initialize_top_at_mark_start for Region 50, TAMS: 0x00000000c1900000, TopOfBitMap: 0x00000000c1980000
[0.042s][debug][gc           ] SMC:initialize_top_at_mark_start for Region 51, TAMS: 0x00000000c1980000, TopOfBitMap: 0x00000000c1a00000
[0.042s][debug][gc           ] SMC:initialize_top_at_mark_start for Region 52, TAMS: 0x00000000c1a00000, TopOfBitMap: 0x00000000c1a80000
[0.042s][debug][gc           ] SMC:initialize_top_at_mark_start for Region 53, TAMS: 0x00000000c1a80000, TopOfBitMap: 0x00000000c1b00000
[0.042s][debug][gc           ] SMC:initialize_top_at_mark_start for Region 54, TAMS: 0x00000000c1b00000, TopOfBitMap: 0x00000000c1b80000
[0.042s][debug][gc           ] SMC:initialize_top_at_mark_start for Region 55, TAMS: 0x00000000c1b80000, TopOfBitMap: 0x00000000c1c00000
[0.042s][debug][gc           ] SMC:initialize_top_at_mark_start for Region 56, TAMS: 0x00000000c1c00000, TopOfBitMap: 0x00000000c1c80000
[0.042s][debug][gc           ] SMC:initialize_top_at_mark_start for Region 57, TAMS: 0x00000000c1c80000, TopOfBitMap: 0x00000000c1d00000
[0.042s][debug][gc           ] SMC:initialize_top_at_mark_start for Region 58, TAMS: 0x00000000c1d00000, TopOfBitMap: 0x00000000c1d80000
[0.042s][debug][gc           ] SMC:initialize_top_at_mark_start for Region 59, TAMS: 0x00000000c1d80000, TopOfBitMap: 0x00000000c1e00000
[0.042s][debug][gc           ] SMC:initialize_top_at_mark_start for Region 60, TAMS: 0x00000000c1e00000, TopOfBitMap: 0x00000000c1e80000
[0.042s][debug][gc           ] SMC:initialize_top_at_mark_start for Region 61, TAMS: 0x00000000c1e80000, TopOfBitMap: 0x00000000c1f00000
[0.042s][debug][gc           ] SMC:initialize_top_at_mark_start for Region 62, TAMS: 0x00000000c1f00000, TopOfBitMap: 0x00000000c1f80000
[0.042s][debug][gc           ] SMC:initialize_top_at_mark_start for Region 63, TAMS: 0x00000000c1f80000, TopOfBitMap: 0x00000000c2000000
[0.042s][debug][gc           ] SMC:initialize_top_at_mark_start for Region 64, TAMS: 0x00000000c2000000, TopOfBitMap: 0x00000000c2080000
[0.042s][debug][gc           ] SMC:initialize_top_at_mark_start for Region 65, TAMS: 0x00000000c2080000, TopOfBitMap: 0x00000000c2100000
[0.042s][debug][gc           ] SMC:initialize_top_at_mark_start for Region 66, TAMS: 0x00000000c2100000, TopOfBitMap: 0x00000000c2180000
[0.042s][debug][gc           ] SMC:initialize_top_at_mark_start for Region 67, TAMS: 0x00000000c2180000, TopOfBitMap: 0x00000000c2200000
[0.042s][debug][gc           ] SMC:initialize_top_at_mark_start for Region 68, TAMS: 0x00000000c2200000, TopOfBitMap: 0x00000000c2280000
[0.042s][debug][gc           ] SMC:initialize_top_at_mark_start for Region 69, TAMS: 0x00000000c2280000, TopOfBitMap: 0x00000000c2300000
[0.042s][debug][gc           ] SMC:initialize_top_at_mark_start for Region 70, TAMS: 0x00000000c2300000, TopOfBitMap: 0x00000000c2380000
[0.042s][debug][gc           ] SMC:initialize_top_at_mark_start for Region 71, TAMS: 0x00000000c2380000, TopOfBitMap: 0x00000000c2400000
[0.042s][debug][gc           ] SMC:initialize_top_at_mark_start for Region 72, TAMS: 0x00000000c2400000, TopOfBitMap: 0x00000000c2480000
[0.042s][debug][gc           ] SMC:initialize_top_at_mark_start for Region 73, TAMS: 0x00000000c2480000, TopOfBitMap: 0x00000000c2500000
[0.042s][debug][gc           ] SMC:initialize_top_at_mark_start for Region 74, TAMS: 0x00000000c2500000, TopOfBitMap: 0x00000000c2580000
[0.042s][debug][gc           ] SMC:initialize_top_at_mark_start for Region 75, TAMS: 0x00000000c2580000, TopOfBitMap: 0x00000000c2600000
[0.042s][debug][gc           ] SMC:initialize_top_at_mark_start for Region 76, TAMS: 0x00000000c2600000, TopOfBitMap: 0x00000000c2680000
[0.042s][debug][gc           ] SMC:initialize_top_at_mark_start for Region 77, TAMS: 0x00000000c2680000, TopOfBitMap: 0x00000000c2700000
[0.042s][debug][gc           ] SMC:initialize_top_at_mark_start for Region 78, TAMS: 0x00000000c2700000, TopOfBitMap: 0x00000000c2780000
[0.042s][debug][gc           ] SMC:initialize_top_at_mark_start for Region 79, TAMS: 0x00000000c2780000, TopOfBitMap: 0x00000000c2800000
[0.042s][debug][gc           ] SMC:initialize_top_at_mark_start for Region 80, TAMS: 0x00000000c2800000, TopOfBitMap: 0x00000000c2880000
[0.042s][debug][gc           ] SMC:initialize_top_at_mark_start for Region 81, TAMS: 0x00000000c2880000, TopOfBitMap: 0x00000000c2900000
[0.042s][debug][gc           ] SMC:initialize_top_at_mark_start for Region 82, TAMS: 0x00000000c2900000, TopOfBitMap: 0x00000000c2980000
[0.042s][debug][gc           ] SMC:initialize_top_at_mark_start for Region 83, TAMS: 0x00000000c2980000, TopOfBitMap: 0x00000000c2a00000
[0.042s][debug][gc           ] SMC:initialize_top_at_mark_start for Region 84, TAMS: 0x00000000c2a00000, TopOfBitMap: 0x00000000c2a80000
[0.042s][debug][gc           ] SMC:initialize_top_at_mark_start for Region 85, TAMS: 0x00000000c2a80000, TopOfBitMap: 0x00000000c2b00000
[0.042s][debug][gc           ] SMC:initialize_top_at_mark_start for Region 86, TAMS: 0x00000000c2b00000, TopOfBitMap: 0x00000000c2b80000
[0.042s][debug][gc           ] SMC:initialize_top_at_mark_start for Region 87, TAMS: 0x00000000c2b80000, TopOfBitMap: 0x00000000c2c00000
[0.042s][debug][gc           ] SMC:initialize_top_at_mark_start for Region 88, TAMS: 0x00000000c2c00000, TopOfBitMap: 0x00000000c2c80000
[0.042s][debug][gc           ] SMC:initialize_top_at_mark_start for Region 89, TAMS: 0x00000000c2c80000, TopOfBitMap: 0x00000000c2d00000
[0.042s][debug][gc           ] SMC:initialize_top_at_mark_start for Region 90, TAMS: 0x00000000c2d00000, TopOfBitMap: 0x00000000c2d80000
[0.042s][debug][gc           ] SMC:initialize_top_at_mark_start for Region 91, TAMS: 0x00000000c2d80000, TopOfBitMap: 0x00000000c2e00000
[0.042s][debug][gc           ] SMC:initialize_top_at_mark_start for Region 92, TAMS: 0x00000000c2e00000, TopOfBitMap: 0x00000000c2e80000
[0.042s][debug][gc           ] SMC:initialize_top_at_mark_start for Region 93, TAMS: 0x00000000c2e80000, TopOfBitMap: 0x00000000c2f00000
[0.042s][debug][gc           ] SMC:initialize_top_at_mark_start for Region 94, TAMS: 0x00000000c2f00000, TopOfBitMap: 0x00000000c2f80000
[0.042s][debug][gc           ] SMC:initialize_top_at_mark_start for Region 95, TAMS: 0x00000000c2f80000, TopOfBitMap: 0x00000000c3000000
[0.042s][debug][gc           ] SMC:initialize_top_at_mark_start for Region 96, TAMS: 0x00000000c3000000, TopOfBitMap: 0x00000000c3080000
[0.042s][debug][gc           ] SMC:initialize_top_at_mark_start for Region 97, TAMS: 0x00000000c3080000, TopOfBitMap: 0x00000000c3100000
[0.042s][debug][gc           ] SMC:initialize_top_at_mark_start for Region 98, TAMS: 0x00000000c3100000, TopOfBitMap: 0x00000000c3180000
[0.042s][debug][gc           ] SMC:initialize_top_at_mark_start for Region 99, TAMS: 0x00000000c3180000, TopOfBitMap: 0x00000000c3200000
[0.042s][debug][gc           ] SMC:initialize_top_at_mark_start for Region 100, TAMS: 0x00000000c3200000, TopOfBitMap: 0x00000000c3280000
[0.042s][debug][gc           ] SMC:initialize_top_at_mark_start for Region 101, TAMS: 0x00000000c3280000, TopOfBitMap: 0x00000000c3300000
[0.042s][debug][gc           ] SMC:initialize_top_at_mark_start for Region 102, TAMS: 0x00000000c3300000, TopOfBitMap: 0x00000000c3380000
[0.042s][debug][gc           ] SMC:initialize_top_at_mark_start for Region 103, TAMS: 0x00000000c3380000, TopOfBitMap: 0x00000000c3400000
[0.042s][debug][gc           ] SMC:initialize_top_at_mark_start for Region 104, TAMS: 0x00000000c3400000, TopOfBitMap: 0x00000000c3480000
[0.042s][debug][gc           ] SMC:initialize_top_at_mark_start for Region 105, TAMS: 0x00000000c3480000, TopOfBitMap: 0x00000000c3500000
[0.042s][debug][gc           ] SMC:initialize_top_at_mark_start for Region 106, TAMS: 0x00000000c3500000, TopOfBitMap: 0x00000000c3580000
[0.042s][debug][gc           ] SMC:initialize_top_at_mark_start for Region 107, TAMS: 0x00000000c3580000, TopOfBitMap: 0x00000000c3600000
[0.042s][debug][gc           ] SMC:initialize_top_at_mark_start for Region 108, TAMS: 0x00000000c3600000, TopOfBitMap: 0x00000000c3680000
[0.042s][debug][gc           ] SMC:initialize_top_at_mark_start for Region 109, TAMS: 0x00000000c3680000, TopOfBitMap: 0x00000000c3700000
[0.042s][debug][gc           ] SMC:initialize_top_at_mark_start for Region 110, TAMS: 0x00000000c3700000, TopOfBitMap: 0x00000000c3780000
[0.042s][debug][gc           ] SMC:initialize_top_at_mark_start for Region 111, TAMS: 0x00000000c3780000, TopOfBitMap: 0x00000000c3800000
[0.042s][debug][gc           ] SMC:initialize_top_at_mark_start for Region 112, TAMS: 0x00000000c3800000, TopOfBitMap: 0x00000000c3880000
[0.042s][debug][gc           ] SMC:initialize_top_at_mark_start for Region 113, TAMS: 0x00000000c3880000, TopOfBitMap: 0x00000000c3900000
[0.042s][debug][gc           ] SMC:initialize_top_at_mark_start for Region 114, TAMS: 0x00000000c3900000, TopOfBitMap: 0x00000000c3980000
[0.042s][debug][gc           ] SMC:initialize_top_at_mark_start for Region 115, TAMS: 0x00000000c3980000, TopOfBitMap: 0x00000000c3a00000
[0.042s][debug][gc           ] SMC:initialize_top_at_mark_start for Region 116, TAMS: 0x00000000c3a00000, TopOfBitMap: 0x00000000c3a80000
[0.042s][debug][gc           ] SMC:initialize_top_at_mark_start for Region 117, TAMS: 0x00000000c3a80000, TopOfBitMap: 0x00000000c3b00000
[0.042s][debug][gc           ] SMC:initialize_top_at_mark_start for Region 118, TAMS: 0x00000000c3b00000, TopOfBitMap: 0x00000000c3b80000
[0.042s][debug][gc           ] SMC:initialize_top_at_mark_start for Region 119, TAMS: 0x00000000c3b80000, TopOfBitMap: 0x00000000c3c00000
[0.042s][debug][gc           ] SMC:initialize_top_at_mark_start for Region 120, TAMS: 0x00000000c3c00000, TopOfBitMap: 0x00000000c3c80000
[0.042s][debug][gc           ] SMC:initialize_top_at_mark_start for Region 121, TAMS: 0x00000000c3c80000, TopOfBitMap: 0x00000000c3d00000
[0.042s][debug][gc           ] SMC:initialize_top_at_mark_start for Region 122, TAMS: 0x00000000c3d00000, TopOfBitMap: 0x00000000c3d80000
[0.042s][debug][gc           ] SMC:initialize_top_at_mark_start for Region 123, TAMS: 0x00000000c3d80000, TopOfBitMap: 0x00000000c3e00000
[0.042s][debug][gc           ] SMC:initialize_top_at_mark_start for Region 124, TAMS: 0x00000000c3e00000, TopOfBitMap: 0x00000000c3e80000
[0.042s][debug][gc           ] SMC:initialize_top_at_mark_start for Region 125, TAMS: 0x00000000c3e80000, TopOfBitMap: 0x00000000c3f00000
[0.042s][debug][gc           ] SMC:initialize_top_at_mark_start for Region 126, TAMS: 0x00000000c3f00000, TopOfBitMap: 0x00000000c3f80000
[0.042s][debug][gc           ] SMC:initialize_top_at_mark_start for Region 127, TAMS: 0x00000000c3f80000, TopOfBitMap: 0x00000000c4000000
[0.042s][debug][gc           ] SMC:initialize_top_at_mark_start for Region 128, TAMS: 0x00000000c4000000, TopOfBitMap: 0x00000000c4080000
[0.042s][debug][gc           ] SMC:initialize_top_at_mark_start for Region 129, TAMS: 0x00000000c4080000, TopOfBitMap: 0x00000000c4100000
[0.042s][debug][gc           ] SMC:initialize_top_at_mark_start for Region 130, TAMS: 0x00000000c4100000, TopOfBitMap: 0x00000000c4180000
[0.042s][debug][gc           ] SMC:initialize_top_at_mark_start for Region 131, TAMS: 0x00000000c4180000, TopOfBitMap: 0x00000000c4200000
[0.042s][debug][gc           ] SMC:initialize_top_at_mark_start for Region 132, TAMS: 0x00000000c4200000, TopOfBitMap: 0x00000000c4280000
[0.042s][debug][gc           ] SMC:initialize_top_at_mark_start for Region 133, TAMS: 0x00000000c4280000, TopOfBitMap: 0x00000000c4300000
[0.042s][debug][gc           ] SMC:initialize_top_at_mark_start for Region 134, TAMS: 0x00000000c4300000, TopOfBitMap: 0x00000000c4380000
[0.042s][debug][gc           ] SMC:initialize_top_at_mark_start for Region 135, TAMS: 0x00000000c4380000, TopOfBitMap: 0x00000000c4400000
[0.042s][debug][gc           ] SMC:initialize_top_at_mark_start for Region 136, TAMS: 0x00000000c4400000, TopOfBitMap: 0x00000000c4480000
[0.042s][debug][gc           ] SMC:initialize_top_at_mark_start for Region 137, TAMS: 0x00000000c4480000, TopOfBitMap: 0x00000000c4500000
[0.042s][debug][gc           ] SMC:initialize_top_at_mark_start for Region 138, TAMS: 0x00000000c4500000, TopOfBitMap: 0x00000000c4580000
[0.042s][debug][gc           ] SMC:initialize_top_at_mark_start for Region 139, TAMS: 0x00000000c4580000, TopOfBitMap: 0x00000000c4600000
[0.042s][debug][gc           ] SMC:initialize_top_at_mark_start for Region 140, TAMS: 0x00000000c4600000, TopOfBitMap: 0x00000000c4680000
[0.042s][debug][gc           ] SMC:initialize_top_at_mark_start for Region 141, TAMS: 0x00000000c4680000, TopOfBitMap: 0x00000000c4700000
[0.042s][debug][gc           ] SMC:initialize_top_at_mark_start for Region 142, TAMS: 0x00000000c4700000, TopOfBitMap: 0x00000000c4780000
[0.042s][debug][gc           ] SMC:initialize_top_at_mark_start for Region 143, TAMS: 0x00000000c4780000, TopOfBitMap: 0x00000000c4800000
[0.042s][debug][gc           ] SMC:initialize_top_at_mark_start for Region 144, TAMS: 0x00000000c4800000, TopOfBitMap: 0x00000000c4880000
[0.042s][debug][gc           ] SMC:initialize_top_at_mark_start for Region 145, TAMS: 0x00000000c4880000, TopOfBitMap: 0x00000000c4900000
[0.042s][debug][gc           ] SMC:initialize_top_at_mark_start for Region 146, TAMS: 0x00000000c4900000, TopOfBitMap: 0x00000000c4980000
[0.042s][debug][gc           ] SMC:initialize_top_at_mark_start for Region 147, TAMS: 0x00000000c4980000, TopOfBitMap: 0x00000000c4a00000
[0.042s][debug][gc           ] SMC:initialize_top_at_mark_start for Region 148, TAMS: 0x00000000c4a00000, TopOfBitMap: 0x00000000c4a80000
[0.042s][debug][gc           ] SMC:initialize_top_at_mark_start for Region 149, TAMS: 0x00000000c4a80000, TopOfBitMap: 0x00000000c4b00000
[0.042s][debug][gc           ] SMC:initialize_top_at_mark_start for Region 150, TAMS: 0x00000000c4b00000, TopOfBitMap: 0x00000000c4b80000
[0.042s][debug][gc           ] SMC:initialize_top_at_mark_start for Region 151, TAMS: 0x00000000c4b80000, TopOfBitMap: 0x00000000c4c00000
[0.042s][debug][gc           ] SMC:initialize_top_at_mark_start for Region 152, TAMS: 0x00000000c4c00000, TopOfBitMap: 0x00000000c4c80000
[0.042s][debug][gc           ] SMC:initialize_top_at_mark_start for Region 153, TAMS: 0x00000000c4c80000, TopOfBitMap: 0x00000000c4d00000
[0.042s][debug][gc           ] SMC:initialize_top_at_mark_start for Region 154, TAMS: 0x00000000c4d00000, TopOfBitMap: 0x00000000c4d80000
[0.042s][debug][gc           ] SMC:initialize_top_at_mark_start for Region 155, TAMS: 0x00000000c4d80000, TopOfBitMap: 0x00000000c4e00000
[0.042s][debug][gc           ] SMC:initialize_top_at_mark_start for Region 156, TAMS: 0x00000000c4e00000, TopOfBitMap: 0x00000000c4e80000
[0.042s][debug][gc           ] SMC:initialize_top_at_mark_start for Region 157, TAMS: 0x00000000c4e80000, TopOfBitMap: 0x00000000c4f00000
[0.042s][debug][gc           ] SMC:initialize_top_at_mark_start for Region 158, TAMS: 0x00000000c4f00000, TopOfBitMap: 0x00000000c4f80000
[0.042s][debug][gc           ] SMC:initialize_top_at_mark_start for Region 159, TAMS: 0x00000000c4f80000, TopOfBitMap: 0x00000000c5000000
[0.042s][debug][gc           ] SMC:initialize_top_at_mark_start for Region 160, TAMS: 0x00000000c5000000, TopOfBitMap: 0x00000000c5080000
[0.042s][debug][gc           ] SMC:initialize_top_at_mark_start for Region 161, TAMS: 0x00000000c5080000, TopOfBitMap: 0x00000000c5100000
[0.042s][debug][gc           ] SMC:initialize_top_at_mark_start for Region 162, TAMS: 0x00000000c5100000, TopOfBitMap: 0x00000000c5180000
[0.042s][debug][gc           ] SMC:initialize_top_at_mark_start for Region 163, TAMS: 0x00000000c5180000, TopOfBitMap: 0x00000000c5200000
[0.042s][debug][gc           ] SMC:initialize_top_at_mark_start for Region 164, TAMS: 0x00000000c5200000, TopOfBitMap: 0x00000000c5280000
[0.042s][debug][gc           ] SMC:initialize_top_at_mark_start for Region 165, TAMS: 0x00000000c5280000, TopOfBitMap: 0x00000000c5300000
[0.042s][debug][gc           ] SMC:initialize_top_at_mark_start for Region 166, TAMS: 0x00000000c5300000, TopOfBitMap: 0x00000000c5380000
[0.042s][debug][gc           ] SMC:initialize_top_at_mark_start for Region 167, TAMS: 0x00000000c5380000, TopOfBitMap: 0x00000000c5400000
[0.042s][debug][gc           ] SMC:initialize_top_at_mark_start for Region 168, TAMS: 0x00000000c5400000, TopOfBitMap: 0x00000000c5480000
[0.042s][debug][gc           ] SMC:initialize_top_at_mark_start for Region 169, TAMS: 0x00000000c5480000, TopOfBitMap: 0x00000000c5500000
[0.042s][debug][gc           ] SMC:initialize_top_at_mark_start for Region 170, TAMS: 0x00000000c5500000, TopOfBitMap: 0x00000000c5580000
[0.042s][debug][gc           ] SMC:initialize_top_at_mark_start for Region 171, TAMS: 0x00000000c5580000, TopOfBitMap: 0x00000000c5600000
[0.042s][debug][gc           ] SMC:initialize_top_at_mark_start for Region 172, TAMS: 0x00000000c5600000, TopOfBitMap: 0x00000000c5680000
[0.042s][debug][gc           ] SMC:initialize_top_at_mark_start for Region 173, TAMS: 0x00000000c5680000, TopOfBitMap: 0x00000000c5700000
[0.042s][debug][gc           ] SMC:initialize_top_at_mark_start for Region 174, TAMS: 0x00000000c5700000, TopOfBitMap: 0x00000000c5780000
[0.042s][debug][gc           ] SMC:initialize_top_at_mark_start for Region 175, TAMS: 0x00000000c5780000, TopOfBitMap: 0x00000000c5800000
[0.042s][debug][gc           ] SMC:initialize_top_at_mark_start for Region 176, TAMS: 0x00000000c5800000, TopOfBitMap: 0x00000000c5880000
[0.042s][debug][gc           ] SMC:initialize_top_at_mark_start for Region 177, TAMS: 0x00000000c5880000, TopOfBitMap: 0x00000000c5900000
[0.042s][debug][gc           ] SMC:initialize_top_at_mark_start for Region 178, TAMS: 0x00000000c5900000, TopOfBitMap: 0x00000000c5980000
[0.042s][debug][gc           ] SMC:initialize_top_at_mark_start for Region 179, TAMS: 0x00000000c5980000, TopOfBitMap: 0x00000000c5a00000
[0.042s][debug][gc           ] SMC:initialize_top_at_mark_start for Region 180, TAMS: 0x00000000c5a00000, TopOfBitMap: 0x00000000c5a80000
[0.042s][debug][gc           ] SMC:initialize_top_at_mark_start for Region 181, TAMS: 0x00000000c5a80000, TopOfBitMap: 0x00000000c5b00000
[0.042s][debug][gc           ] SMC:initialize_top_at_mark_start for Region 182, TAMS: 0x00000000c5b00000, TopOfBitMap: 0x00000000c5b80000
[0.042s][debug][gc           ] SMC:initialize_top_at_mark_start for Region 183, TAMS: 0x00000000c5b80000, TopOfBitMap: 0x00000000c5c00000
[0.042s][debug][gc           ] SMC:initialize_top_at_mark_start for Region 184, TAMS: 0x00000000c5c00000, TopOfBitMap: 0x00000000c5c80000
[0.042s][debug][gc           ] SMC:initialize_top_at_mark_start for Region 185, TAMS: 0x00000000c5c80000, TopOfBitMap: 0x00000000c5d00000
[0.042s][debug][gc           ] SMC:initialize_top_at_mark_start for Region 186, TAMS: 0x00000000c5d00000, TopOfBitMap: 0x00000000c5d80000
[0.042s][debug][gc           ] SMC:initialize_top_at_mark_start for Region 187, TAMS: 0x00000000c5d80000, TopOfBitMap: 0x00000000c5e00000
[0.042s][debug][gc           ] SMC:initialize_top_at_mark_start for Region 188, TAMS: 0x00000000c5e00000, TopOfBitMap: 0x00000000c5e80000
[0.043s][debug][gc           ] SMC:initialize_top_at_mark_start for Region 189, TAMS: 0x00000000c5e80000, TopOfBitMap: 0x00000000c5f00000
[0.043s][debug][gc           ] SMC:initialize_top_at_mark_start for Region 190, TAMS: 0x00000000c5f00000, TopOfBitMap: 0x00000000c5f80000
[0.043s][debug][gc           ] SMC:initialize_top_at_mark_start for Region 191, TAMS: 0x00000000c5f80000, TopOfBitMap: 0x00000000c6000000
[0.043s][debug][gc           ] SMC:initialize_top_at_mark_start for Region 192, TAMS: 0x00000000c6000000, TopOfBitMap: 0x00000000c6080000
[0.043s][debug][gc           ] SMC:initialize_top_at_mark_start for Region 193, TAMS: 0x00000000c6080000, TopOfBitMap: 0x00000000c6100000
[0.043s][debug][gc           ] SMC:initialize_top_at_mark_start for Region 194, TAMS: 0x00000000c6100000, TopOfBitMap: 0x00000000c6180000
[0.043s][debug][gc           ] SMC:initialize_top_at_mark_start for Region 195, TAMS: 0x00000000c6180000, TopOfBitMap: 0x00000000c6200000
[0.043s][debug][gc           ] SMC:initialize_top_at_mark_start for Region 196, TAMS: 0x00000000c6200000, TopOfBitMap: 0x00000000c6280000
[0.043s][debug][gc           ] SMC:initialize_top_at_mark_start for Region 197, TAMS: 0x00000000c6280000, TopOfBitMap: 0x00000000c6300000
[0.043s][debug][gc           ] SMC:initialize_top_at_mark_start for Region 198, TAMS: 0x00000000c6300000, TopOfBitMap: 0x00000000c6380000
[0.043s][debug][gc           ] SMC:initialize_top_at_mark_start for Region 199, TAMS: 0x00000000c6380000, TopOfBitMap: 0x00000000c6400000
[0.043s][debug][gc           ] SMC:initialize_top_at_mark_start for Region 200, TAMS: 0x00000000c6400000, TopOfBitMap: 0x00000000c6480000
[0.043s][debug][gc           ] SMC:initialize_top_at_mark_start for Region 201, TAMS: 0x00000000c6480000, TopOfBitMap: 0x00000000c6500000
[0.043s][debug][gc           ] SMC:initialize_top_at_mark_start for Region 202, TAMS: 0x00000000c6500000, TopOfBitMap: 0x00000000c6580000
[0.043s][debug][gc           ] SMC:initialize_top_at_mark_start for Region 203, TAMS: 0x00000000c6580000, TopOfBitMap: 0x00000000c6600000
[0.043s][debug][gc           ] SMC:initialize_top_at_mark_start for Region 204, TAMS: 0x00000000c6600000, TopOfBitMap: 0x00000000c6680000
[0.043s][debug][gc           ] SMC:initialize_top_at_mark_start for Region 205, TAMS: 0x00000000c6680000, TopOfBitMap: 0x00000000c6700000
[0.043s][debug][gc           ] SMC:initialize_top_at_mark_start for Region 206, TAMS: 0x00000000c6700000, TopOfBitMap: 0x00000000c6780000
[0.043s][debug][gc           ] SMC:initialize_top_at_mark_start for Region 207, TAMS: 0x00000000c6780000, TopOfBitMap: 0x00000000c6800000
[0.043s][debug][gc           ] SMC:initialize_top_at_mark_start for Region 208, TAMS: 0x00000000c6800000, TopOfBitMap: 0x00000000c6880000
[0.043s][debug][gc           ] SMC:initialize_top_at_mark_start for Region 209, TAMS: 0x00000000c6880000, TopOfBitMap: 0x00000000c6900000
[0.043s][debug][gc           ] SMC:initialize_top_at_mark_start for Region 210, TAMS: 0x00000000c6900000, TopOfBitMap: 0x00000000c6980000
[0.043s][debug][gc           ] SMC:initialize_top_at_mark_start for Region 211, TAMS: 0x00000000c6980000, TopOfBitMap: 0x00000000c6a00000
[0.043s][debug][gc           ] SMC:initialize_top_at_mark_start for Region 212, TAMS: 0x00000000c6a00000, TopOfBitMap: 0x00000000c6a80000
[0.043s][debug][gc           ] SMC:initialize_top_at_mark_start for Region 213, TAMS: 0x00000000c6a80000, TopOfBitMap: 0x00000000c6b00000
[0.043s][debug][gc           ] SMC:initialize_top_at_mark_start for Region 214, TAMS: 0x00000000c6b00000, TopOfBitMap: 0x00000000c6b80000
[0.043s][debug][gc           ] SMC:initialize_top_at_mark_start for Region 215, TAMS: 0x00000000c6b80000, TopOfBitMap: 0x00000000c6c00000
[0.043s][debug][gc           ] SMC:initialize_top_at_mark_start for Region 216, TAMS: 0x00000000c6c00000, TopOfBitMap: 0x00000000c6c80000
[0.043s][debug][gc           ] SMC:initialize_top_at_mark_start for Region 217, TAMS: 0x00000000c6c80000, TopOfBitMap: 0x00000000c6d00000
[0.043s][debug][gc           ] SMC:initialize_top_at_mark_start for Region 218, TAMS: 0x00000000c6d00000, TopOfBitMap: 0x00000000c6d80000
[0.043s][debug][gc           ] SMC:initialize_top_at_mark_start for Region 219, TAMS: 0x00000000c6d80000, TopOfBitMap: 0x00000000c6e00000
[0.043s][debug][gc           ] SMC:initialize_top_at_mark_start for Region 220, TAMS: 0x00000000c6e00000, TopOfBitMap: 0x00000000c6e80000
[0.043s][debug][gc           ] SMC:initialize_top_at_mark_start for Region 221, TAMS: 0x00000000c6e80000, TopOfBitMap: 0x00000000c6f00000
[0.043s][debug][gc           ] SMC:initialize_top_at_mark_start for Region 222, TAMS: 0x00000000c6f00000, TopOfBitMap: 0x00000000c6f80000
[0.043s][debug][gc           ] SMC:initialize_top_at_mark_start for Region 223, TAMS: 0x00000000c6f80000, TopOfBitMap: 0x00000000c7000000
[0.043s][debug][gc           ] SMC:initialize_top_at_mark_start for Region 224, TAMS: 0x00000000c7000000, TopOfBitMap: 0x00000000c7080000
[0.043s][debug][gc           ] SMC:initialize_top_at_mark_start for Region 225, TAMS: 0x00000000c7080000, TopOfBitMap: 0x00000000c7100000
[0.043s][debug][gc           ] SMC:initialize_top_at_mark_start for Region 226, TAMS: 0x00000000c7100000, TopOfBitMap: 0x00000000c7180000
[0.043s][debug][gc           ] SMC:initialize_top_at_mark_start for Region 227, TAMS: 0x00000000c7180000, TopOfBitMap: 0x00000000c7200000
[0.043s][debug][gc           ] SMC:initialize_top_at_mark_start for Region 228, TAMS: 0x00000000c7200000, TopOfBitMap: 0x00000000c7280000
[0.043s][debug][gc           ] SMC:initialize_top_at_mark_start for Region 229, TAMS: 0x00000000c7280000, TopOfBitMap: 0x00000000c7300000
[0.043s][debug][gc           ] SMC:initialize_top_at_mark_start for Region 230, TAMS: 0x00000000c7300000, TopOfBitMap: 0x00000000c7380000
[0.043s][debug][gc           ] SMC:initialize_top_at_mark_start for Region 231, TAMS: 0x00000000c7380000, TopOfBitMap: 0x00000000c7400000
[0.043s][debug][gc           ] SMC:initialize_top_at_mark_start for Region 232, TAMS: 0x00000000c7400000, TopOfBitMap: 0x00000000c7480000
[0.043s][debug][gc           ] SMC:initialize_top_at_mark_start for Region 233, TAMS: 0x00000000c7480000, TopOfBitMap: 0x00000000c7500000
[0.043s][debug][gc           ] SMC:initialize_top_at_mark_start for Region 234, TAMS: 0x00000000c7500000, TopOfBitMap: 0x00000000c7580000
[0.043s][debug][gc           ] SMC:initialize_top_at_mark_start for Region 235, TAMS: 0x00000000c7580000, TopOfBitMap: 0x00000000c7600000
[0.043s][debug][gc           ] SMC:initialize_top_at_mark_start for Region 236, TAMS: 0x00000000c7600000, TopOfBitMap: 0x00000000c7680000
[0.043s][debug][gc           ] SMC:initialize_top_at_mark_start for Region 237, TAMS: 0x00000000c7680000, TopOfBitMap: 0x00000000c7700000
[0.043s][debug][gc           ] SMC:initialize_top_at_mark_start for Region 238, TAMS: 0x00000000c7700000, TopOfBitMap: 0x00000000c7780000
[0.043s][debug][gc           ] SMC:initialize_top_at_mark_start for Region 239, TAMS: 0x00000000c7780000, TopOfBitMap: 0x00000000c7800000
[0.043s][debug][gc           ] SMC:initialize_top_at_mark_start for Region 240, TAMS: 0x00000000c7800000, TopOfBitMap: 0x00000000c7880000
[0.043s][debug][gc           ] SMC:initialize_top_at_mark_start for Region 241, TAMS: 0x00000000c7880000, TopOfBitMap: 0x00000000c7900000
[0.043s][debug][gc           ] SMC:initialize_top_at_mark_start for Region 242, TAMS: 0x00000000c7900000, TopOfBitMap: 0x00000000c7980000
[0.043s][debug][gc           ] SMC:initialize_top_at_mark_start for Region 243, TAMS: 0x00000000c7980000, TopOfBitMap: 0x00000000c7a00000
[0.043s][debug][gc           ] SMC:initialize_top_at_mark_start for Region 244, TAMS: 0x00000000c7a00000, TopOfBitMap: 0x00000000c7a80000
[0.043s][debug][gc           ] SMC:initialize_top_at_mark_start for Region 245, TAMS: 0x00000000c7a80000, TopOfBitMap: 0x00000000c7b00000
[0.043s][debug][gc           ] SMC:initialize_top_at_mark_start for Region 246, TAMS: 0x00000000c7b00000, TopOfBitMap: 0x00000000c7b80000
[0.043s][debug][gc           ] SMC:initialize_top_at_mark_start for Region 247, TAMS: 0x00000000c7b80000, TopOfBitMap: 0x00000000c7c00000
[0.043s][debug][gc           ] SMC:initialize_top_at_mark_start for Region 248, TAMS: 0x00000000c7c00000, TopOfBitMap: 0x00000000c7c80000
[0.043s][debug][gc           ] SMC:initialize_top_at_mark_start for Region 249, TAMS: 0x00000000c7c80000, TopOfBitMap: 0x00000000c7d00000
[0.043s][debug][gc           ] SMC:initialize_top_at_mark_start for Region 250, TAMS: 0x00000000c7d00000, TopOfBitMap: 0x00000000c7d80000
[0.043s][debug][gc           ] SMC:initialize_top_at_mark_start for Region 251, TAMS: 0x00000000c7d80000, TopOfBitMap: 0x00000000c7e00000
[0.043s][debug][gc           ] SMC:initialize_top_at_mark_start for Region 252, TAMS: 0x00000000c7e00000, TopOfBitMap: 0x00000000c7e80000
[0.043s][debug][gc           ] SMC:initialize_top_at_mark_start for Region 253, TAMS: 0x00000000c7e80000, TopOfBitMap: 0x00000000c7f00000
[0.043s][debug][gc           ] SMC:initialize_top_at_mark_start for Region 254, TAMS: 0x00000000c7f00000, TopOfBitMap: 0x00000000c7f80000
[0.043s][debug][gc           ] SMC:initialize_top_at_mark_start for Region 255, TAMS: 0x00000000c7f80000, TopOfBitMap: 0x00000000c8000000
[0.043s][debug][gc           ] SMC:initialize_top_at_mark_start for Region 256, TAMS: 0x00000000c8000000, TopOfBitMap: 0x00000000c8080000
[0.043s][debug][gc           ] SMC:initialize_top_at_mark_start for Region 257, TAMS: 0x00000000c8080000, TopOfBitMap: 0x00000000c8100000
[0.043s][debug][gc           ] SMC:initialize_top_at_mark_start for Region 258, TAMS: 0x00000000c8100000, TopOfBitMap: 0x00000000c8180000
[0.043s][debug][gc           ] SMC:initialize_top_at_mark_start for Region 259, TAMS: 0x00000000c8180000, TopOfBitMap: 0x00000000c8200000
[0.043s][debug][gc           ] SMC:initialize_top_at_mark_start for Region 260, TAMS: 0x00000000c8200000, TopOfBitMap: 0x00000000c8280000
[0.043s][debug][gc           ] SMC:initialize_top_at_mark_start for Region 261, TAMS: 0x00000000c8280000, TopOfBitMap: 0x00000000c8300000
[0.043s][debug][gc           ] SMC:initialize_top_at_mark_start for Region 262, TAMS: 0x00000000c8300000, TopOfBitMap: 0x00000000c8380000
[0.043s][debug][gc           ] SMC:initialize_top_at_mark_start for Region 263, TAMS: 0x00000000c8380000, TopOfBitMap: 0x00000000c8400000
[0.043s][debug][gc           ] SMC:initialize_top_at_mark_start for Region 264, TAMS: 0x00000000c8400000, TopOfBitMap: 0x00000000c8480000
[0.043s][debug][gc           ] SMC:initialize_top_at_mark_start for Region 265, TAMS: 0x00000000c8480000, TopOfBitMap: 0x00000000c8500000
[0.043s][debug][gc           ] SMC:initialize_top_at_mark_start for Region 266, TAMS: 0x00000000c8500000, TopOfBitMap: 0x00000000c8580000
[0.043s][debug][gc           ] SMC:initialize_top_at_mark_start for Region 267, TAMS: 0x00000000c8580000, TopOfBitMap: 0x00000000c8600000
[0.043s][debug][gc           ] SMC:initialize_top_at_mark_start for Region 268, TAMS: 0x00000000c8600000, TopOfBitMap: 0x00000000c8680000
[0.043s][debug][gc           ] SMC:initialize_top_at_mark_start for Region 269, TAMS: 0x00000000c8680000, TopOfBitMap: 0x00000000c8700000
[0.043s][debug][gc           ] SMC:initialize_top_at_mark_start for Region 270, TAMS: 0x00000000c8700000, TopOfBitMap: 0x00000000c8780000
[0.043s][debug][gc           ] SMC:initialize_top_at_mark_start for Region 271, TAMS: 0x00000000c8780000, TopOfBitMap: 0x00000000c8800000
[0.043s][debug][gc           ] SMC:initialize_top_at_mark_start for Region 272, TAMS: 0x00000000c8800000, TopOfBitMap: 0x00000000c8880000
[0.043s][debug][gc           ] SMC:initialize_top_at_mark_start for Region 273, TAMS: 0x00000000c8880000, TopOfBitMap: 0x00000000c8900000
[0.043s][debug][gc           ] SMC:initialize_top_at_mark_start for Region 274, TAMS: 0x00000000c8900000, TopOfBitMap: 0x00000000c8980000
[0.043s][debug][gc           ] SMC:initialize_top_at_mark_start for Region 275, TAMS: 0x00000000c8980000, TopOfBitMap: 0x00000000c8a00000
[0.043s][debug][gc           ] SMC:initialize_top_at_mark_start for Region 276, TAMS: 0x00000000c8a00000, TopOfBitMap: 0x00000000c8a80000
[0.043s][debug][gc           ] SMC:initialize_top_at_mark_start for Region 277, TAMS: 0x00000000c8a80000, TopOfBitMap: 0x00000000c8b00000
[0.043s][debug][gc           ] SMC:initialize_top_at_mark_start for Region 278, TAMS: 0x00000000c8b00000, TopOfBitMap: 0x00000000c8b80000
[0.043s][debug][gc           ] SMC:initialize_top_at_mark_start for Region 279, TAMS: 0x00000000c8b80000, TopOfBitMap: 0x00000000c8c00000
[0.043s][debug][gc           ] SMC:initialize_top_at_mark_start for Region 280, TAMS: 0x00000000c8c00000, TopOfBitMap: 0x00000000c8c80000
[0.043s][debug][gc           ] SMC:initialize_top_at_mark_start for Region 281, TAMS: 0x00000000c8c80000, TopOfBitMap: 0x00000000c8d00000
[0.043s][debug][gc           ] SMC:initialize_top_at_mark_start for Region 282, TAMS: 0x00000000c8d00000, TopOfBitMap: 0x00000000c8d80000
[0.043s][debug][gc           ] SMC:initialize_top_at_mark_start for Region 283, TAMS: 0x00000000c8d80000, TopOfBitMap: 0x00000000c8e00000
[0.043s][debug][gc           ] SMC:initialize_top_at_mark_start for Region 284, TAMS: 0x00000000c8e00000, TopOfBitMap: 0x00000000c8e80000
[0.043s][debug][gc           ] SMC:initialize_top_at_mark_start for Region 285, TAMS: 0x00000000c8e80000, TopOfBitMap: 0x00000000c8f00000
[0.043s][debug][gc           ] SMC:initialize_top_at_mark_start for Region 286, TAMS: 0x00000000c8f00000, TopOfBitMap: 0x00000000c8f80000
[0.043s][debug][gc           ] SMC:initialize_top_at_mark_start for Region 287, TAMS: 0x00000000c8f80000, TopOfBitMap: 0x00000000c9000000
[0.043s][debug][gc           ] SMC:initialize_top_at_mark_start for Region 288, TAMS: 0x00000000c9000000, TopOfBitMap: 0x00000000c9080000
[0.043s][debug][gc           ] SMC:initialize_top_at_mark_start for Region 289, TAMS: 0x00000000c9080000, TopOfBitMap: 0x00000000c9100000
[0.043s][debug][gc           ] SMC:initialize_top_at_mark_start for Region 290, TAMS: 0x00000000c9100000, TopOfBitMap: 0x00000000c9180000
[0.043s][debug][gc           ] SMC:initialize_top_at_mark_start for Region 291, TAMS: 0x00000000c9180000, TopOfBitMap: 0x00000000c9200000
[0.043s][debug][gc           ] SMC:initialize_top_at_mark_start for Region 292, TAMS: 0x00000000c9200000, TopOfBitMap: 0x00000000c9280000
[0.043s][debug][gc           ] SMC:initialize_top_at_mark_start for Region 293, TAMS: 0x00000000c9280000, TopOfBitMap: 0x00000000c9300000
[0.043s][debug][gc           ] SMC:initialize_top_at_mark_start for Region 294, TAMS: 0x00000000c9300000, TopOfBitMap: 0x00000000c9380000
[0.043s][debug][gc           ] SMC:initialize_top_at_mark_start for Region 295, TAMS: 0x00000000c9380000, TopOfBitMap: 0x00000000c9400000
[0.043s][debug][gc           ] SMC:initialize_top_at_mark_start for Region 296, TAMS: 0x00000000c9400000, TopOfBitMap: 0x00000000c9480000
[0.043s][debug][gc           ] SMC:initialize_top_at_mark_start for Region 297, TAMS: 0x00000000c9480000, TopOfBitMap: 0x00000000c9500000
[0.043s][debug][gc           ] SMC:initialize_top_at_mark_start for Region 298, TAMS: 0x00000000c9500000, TopOfBitMap: 0x00000000c9580000
[0.043s][debug][gc           ] SMC:initialize_top_at_mark_start for Region 299, TAMS: 0x00000000c9580000, TopOfBitMap: 0x00000000c9600000
[0.043s][debug][gc           ] SMC:initialize_top_at_mark_start for Region 300, TAMS: 0x00000000c9600000, TopOfBitMap: 0x00000000c9680000
[0.043s][debug][gc           ] SMC:initialize_top_at_mark_start for Region 301, TAMS: 0x00000000c9680000, TopOfBitMap: 0x00000000c9700000
[0.043s][debug][gc           ] SMC:initialize_top_at_mark_start for Region 302, TAMS: 0x00000000c9700000, TopOfBitMap: 0x00000000c9780000
[0.043s][debug][gc           ] SMC:initialize_top_at_mark_start for Region 303, TAMS: 0x00000000c9780000, TopOfBitMap: 0x00000000c9800000
[0.043s][debug][gc           ] SMC:initialize_top_at_mark_start for Region 304, TAMS: 0x00000000c9800000, TopOfBitMap: 0x00000000c9880000
[0.043s][debug][gc           ] SMC:initialize_top_at_mark_start for Region 305, TAMS: 0x00000000c9880000, TopOfBitMap: 0x00000000c9900000
[0.043s][debug][gc           ] SMC:initialize_top_at_mark_start for Region 306, TAMS: 0x00000000c9900000, TopOfBitMap: 0x00000000c9980000
[0.043s][debug][gc           ] SMC:initialize_top_at_mark_start for Region 307, TAMS: 0x00000000c9980000, TopOfBitMap: 0x00000000c9a00000
[0.043s][debug][gc           ] SMC:initialize_top_at_mark_start for Region 308, TAMS: 0x00000000c9a00000, TopOfBitMap: 0x00000000c9a80000
[0.043s][debug][gc           ] SMC:initialize_top_at_mark_start for Region 309, TAMS: 0x00000000c9a80000, TopOfBitMap: 0x00000000c9b00000
[0.043s][debug][gc           ] SMC:initialize_top_at_mark_start for Region 310, TAMS: 0x00000000c9b00000, TopOfBitMap: 0x00000000c9b80000
[0.043s][debug][gc           ] SMC:initialize_top_at_mark_start for Region 311, TAMS: 0x00000000c9b80000, TopOfBitMap: 0x00000000c9c00000
[0.043s][debug][gc           ] SMC:initialize_top_at_mark_start for Region 312, TAMS: 0x00000000c9c00000, TopOfBitMap: 0x00000000c9c80000
[0.043s][debug][gc           ] SMC:initialize_top_at_mark_start for Region 313, TAMS: 0x00000000c9c80000, TopOfBitMap: 0x00000000c9d00000
[0.043s][debug][gc           ] SMC:initialize_top_at_mark_start for Region 314, TAMS: 0x00000000c9d00000, TopOfBitMap: 0x00000000c9d80000
[0.043s][debug][gc           ] SMC:initialize_top_at_mark_start for Region 315, TAMS: 0x00000000c9d80000, TopOfBitMap: 0x00000000c9e00000
[0.043s][debug][gc           ] SMC:initialize_top_at_mark_start for Region 316, TAMS: 0x00000000c9e00000, TopOfBitMap: 0x00000000c9e80000
[0.043s][debug][gc           ] SMC:initialize_top_at_mark_start for Region 317, TAMS: 0x00000000c9e80000, TopOfBitMap: 0x00000000c9f00000
[0.043s][debug][gc           ] SMC:initialize_top_at_mark_start for Region 318, TAMS: 0x00000000c9f00000, TopOfBitMap: 0x00000000c9f80000
[0.043s][debug][gc           ] SMC:initialize_top_at_mark_start for Region 319, TAMS: 0x00000000c9f80000, TopOfBitMap: 0x00000000ca000000
[0.043s][debug][gc           ] SMC:initialize_top_at_mark_start for Region 320, TAMS: 0x00000000ca000000, TopOfBitMap: 0x00000000ca080000
[0.043s][debug][gc           ] SMC:initialize_top_at_mark_start for Region 321, TAMS: 0x00000000ca080000, TopOfBitMap: 0x00000000ca100000
[0.043s][debug][gc           ] SMC:initialize_top_at_mark_start for Region 322, TAMS: 0x00000000ca100000, TopOfBitMap: 0x00000000ca180000
[0.043s][debug][gc           ] SMC:initialize_top_at_mark_start for Region 323, TAMS: 0x00000000ca180000, TopOfBitMap: 0x00000000ca200000
[0.043s][debug][gc           ] SMC:initialize_top_at_mark_start for Region 324, TAMS: 0x00000000ca200000, TopOfBitMap: 0x00000000ca280000
[0.043s][debug][gc           ] SMC:initialize_top_at_mark_start for Region 325, TAMS: 0x00000000ca280000, TopOfBitMap: 0x00000000ca300000
[0.043s][debug][gc           ] SMC:initialize_top_at_mark_start for Region 326, TAMS: 0x00000000ca300000, TopOfBitMap: 0x00000000ca380000
[0.043s][debug][gc           ] SMC:initialize_top_at_mark_start for Region 327, TAMS: 0x00000000ca380000, TopOfBitMap: 0x00000000ca400000
[0.043s][debug][gc           ] SMC:initialize_top_at_mark_start for Region 328, TAMS: 0x00000000ca400000, TopOfBitMap: 0x00000000ca480000
[0.043s][debug][gc           ] SMC:initialize_top_at_mark_start for Region 329, TAMS: 0x00000000ca480000, TopOfBitMap: 0x00000000ca500000
[0.043s][debug][gc           ] SMC:initialize_top_at_mark_start for Region 330, TAMS: 0x00000000ca500000, TopOfBitMap: 0x00000000ca580000
[0.043s][debug][gc           ] SMC:initialize_top_at_mark_start for Region 331, TAMS: 0x00000000ca580000, TopOfBitMap: 0x00000000ca600000
[0.043s][debug][gc           ] SMC:initialize_top_at_mark_start for Region 332, TAMS: 0x00000000ca600000, TopOfBitMap: 0x00000000ca680000
[0.043s][debug][gc           ] SMC:initialize_top_at_mark_start for Region 333, TAMS: 0x00000000ca680000, TopOfBitMap: 0x00000000ca700000
[0.043s][debug][gc           ] SMC:initialize_top_at_mark_start for Region 334, TAMS: 0x00000000ca700000, TopOfBitMap: 0x00000000ca780000
[0.043s][debug][gc           ] SMC:initialize_top_at_mark_start for Region 335, TAMS: 0x00000000ca780000, TopOfBitMap: 0x00000000ca800000
[0.043s][debug][gc           ] SMC:initialize_top_at_mark_start for Region 336, TAMS: 0x00000000ca800000, TopOfBitMap: 0x00000000ca880000
[0.043s][debug][gc           ] SMC:initialize_top_at_mark_start for Region 337, TAMS: 0x00000000ca880000, TopOfBitMap: 0x00000000ca900000
[0.043s][debug][gc           ] SMC:initialize_top_at_mark_start for Region 338, TAMS: 0x00000000ca900000, TopOfBitMap: 0x00000000ca980000
[0.043s][debug][gc           ] SMC:initialize_top_at_mark_start for Region 339, TAMS: 0x00000000ca980000, TopOfBitMap: 0x00000000caa00000
[0.043s][debug][gc           ] SMC:initialize_top_at_mark_start for Region 340, TAMS: 0x00000000caa00000, TopOfBitMap: 0x00000000caa80000
[0.043s][debug][gc           ] SMC:initialize_top_at_mark_start for Region 341, TAMS: 0x00000000caa80000, TopOfBitMap: 0x00000000cab00000
[0.043s][debug][gc           ] SMC:initialize_top_at_mark_start for Region 342, TAMS: 0x00000000cab00000, TopOfBitMap: 0x00000000cab80000
[0.043s][debug][gc           ] SMC:initialize_top_at_mark_start for Region 343, TAMS: 0x00000000cab80000, TopOfBitMap: 0x00000000cac00000
[0.043s][debug][gc           ] SMC:initialize_top_at_mark_start for Region 344, TAMS: 0x00000000cac00000, TopOfBitMap: 0x00000000cac80000
[0.043s][debug][gc           ] SMC:initialize_top_at_mark_start for Region 345, TAMS: 0x00000000cac80000, TopOfBitMap: 0x00000000cad00000
[0.043s][debug][gc           ] SMC:initialize_top_at_mark_start for Region 346, TAMS: 0x00000000cad00000, TopOfBitMap: 0x00000000cad80000
[0.043s][debug][gc           ] SMC:initialize_top_at_mark_start for Region 347, TAMS: 0x00000000cad80000, TopOfBitMap: 0x00000000cae00000
[0.043s][debug][gc           ] SMC:initialize_top_at_mark_start for Region 348, TAMS: 0x00000000cae00000, TopOfBitMap: 0x00000000cae80000
[0.043s][debug][gc           ] SMC:initialize_top_at_mark_start for Region 349, TAMS: 0x00000000cae80000, TopOfBitMap: 0x00000000caf00000
[0.043s][debug][gc           ] SMC:initialize_top_at_mark_start for Region 350, TAMS: 0x00000000caf00000, TopOfBitMap: 0x00000000caf80000
[0.043s][debug][gc           ] SMC:initialize_top_at_mark_start for Region 351, TAMS: 0x00000000caf80000, TopOfBitMap: 0x00000000cb000000
[0.043s][debug][gc           ] SMC:initialize_top_at_mark_start for Region 352, TAMS: 0x00000000cb000000, TopOfBitMap: 0x00000000cb080000
[0.043s][debug][gc           ] SMC:initialize_top_at_mark_start for Region 353, TAMS: 0x00000000cb080000, TopOfBitMap: 0x00000000cb100000
[0.043s][debug][gc           ] SMC:initialize_top_at_mark_start for Region 354, TAMS: 0x00000000cb100000, TopOfBitMap: 0x00000000cb180000
[0.043s][debug][gc           ] SMC:initialize_top_at_mark_start for Region 355, TAMS: 0x00000000cb180000, TopOfBitMap: 0x00000000cb200000
[0.043s][debug][gc           ] SMC:initialize_top_at_mark_start for Region 356, TAMS: 0x00000000cb200000, TopOfBitMap: 0x00000000cb280000
[0.043s][debug][gc           ] SMC:initialize_top_at_mark_start for Region 357, TAMS: 0x00000000cb280000, TopOfBitMap: 0x00000000cb300000
[0.043s][debug][gc           ] SMC:initialize_top_at_mark_start for Region 358, TAMS: 0x00000000cb300000, TopOfBitMap: 0x00000000cb380000
[0.043s][debug][gc           ] SMC:initialize_top_at_mark_start for Region 359, TAMS: 0x00000000cb380000, TopOfBitMap: 0x00000000cb400000
[0.043s][debug][gc           ] SMC:initialize_top_at_mark_start for Region 360, TAMS: 0x00000000cb400000, TopOfBitMap: 0x00000000cb480000
[0.043s][debug][gc           ] SMC:initialize_top_at_mark_start for Region 361, TAMS: 0x00000000cb480000, TopOfBitMap: 0x00000000cb500000
[0.043s][debug][gc           ] SMC:initialize_top_at_mark_start for Region 362, TAMS: 0x00000000cb500000, TopOfBitMap: 0x00000000cb580000
[0.043s][debug][gc           ] SMC:initialize_top_at_mark_start for Region 363, TAMS: 0x00000000cb580000, TopOfBitMap: 0x00000000cb600000
[0.043s][debug][gc           ] SMC:initialize_top_at_mark_start for Region 364, TAMS: 0x00000000cb600000, TopOfBitMap: 0x00000000cb680000
[0.043s][debug][gc           ] SMC:initialize_top_at_mark_start for Region 365, TAMS: 0x00000000cb680000, TopOfBitMap: 0x00000000cb700000
[0.043s][debug][gc           ] SMC:initialize_top_at_mark_start for Region 366, TAMS: 0x00000000cb700000, TopOfBitMap: 0x00000000cb780000
[0.043s][debug][gc           ] SMC:initialize_top_at_mark_start for Region 367, TAMS: 0x00000000cb780000, TopOfBitMap: 0x00000000cb800000
[0.043s][debug][gc           ] SMC:initialize_top_at_mark_start for Region 368, TAMS: 0x00000000cb800000, TopOfBitMap: 0x00000000cb880000
[0.043s][debug][gc           ] SMC:initialize_top_at_mark_start for Region 369, TAMS: 0x00000000cb880000, TopOfBitMap: 0x00000000cb900000
[0.043s][debug][gc           ] SMC:initialize_top_at_mark_start for Region 370, TAMS: 0x00000000cb900000, TopOfBitMap: 0x00000000cb980000
[0.043s][debug][gc           ] SMC:initialize_top_at_mark_start for Region 371, TAMS: 0x00000000cb980000, TopOfBitMap: 0x00000000cba00000
[0.043s][debug][gc           ] SMC:initialize_top_at_mark_start for Region 372, TAMS: 0x00000000cba00000, TopOfBitMap: 0x00000000cba80000
[0.043s][debug][gc           ] SMC:initialize_top_at_mark_start for Region 373, TAMS: 0x00000000cba80000, TopOfBitMap: 0x00000000cbb00000
[0.043s][debug][gc           ] SMC:initialize_top_at_mark_start for Region 374, TAMS: 0x00000000cbb00000, TopOfBitMap: 0x00000000cbb80000
[0.043s][debug][gc           ] SMC:initialize_top_at_mark_start for Region 375, TAMS: 0x00000000cbb80000, TopOfBitMap: 0x00000000cbc00000
[0.043s][debug][gc           ] SMC:initialize_top_at_mark_start for Region 376, TAMS: 0x00000000cbc00000, TopOfBitMap: 0x00000000cbc80000
[0.043s][debug][gc           ] SMC:initialize_top_at_mark_start for Region 377, TAMS: 0x00000000cbc80000, TopOfBitMap: 0x00000000cbd00000
[0.043s][debug][gc           ] SMC:initialize_top_at_mark_start for Region 378, TAMS: 0x00000000cbd00000, TopOfBitMap: 0x00000000cbd80000
[0.043s][debug][gc           ] SMC:initialize_top_at_mark_start for Region 379, TAMS: 0x00000000cbd80000, TopOfBitMap: 0x00000000cbe00000
[0.043s][debug][gc           ] SMC:initialize_top_at_mark_start for Region 380, TAMS: 0x00000000cbe00000, TopOfBitMap: 0x00000000cbe80000
[0.043s][debug][gc           ] SMC:initialize_top_at_mark_start for Region 381, TAMS: 0x00000000cbe80000, TopOfBitMap: 0x00000000cbf00000
[0.043s][debug][gc           ] SMC:initialize_top_at_mark_start for Region 382, TAMS: 0x00000000cbf00000, TopOfBitMap: 0x00000000cbf80000
[0.043s][debug][gc           ] SMC:initialize_top_at_mark_start for Region 383, TAMS: 0x00000000cbf80000, TopOfBitMap: 0x00000000cc000000
[0.043s][debug][gc           ] SMC:initialize_top_at_mark_start for Region 384, TAMS: 0x00000000cc000000, TopOfBitMap: 0x00000000cc080000
[0.043s][debug][gc           ] SMC:initialize_top_at_mark_start for Region 385, TAMS: 0x00000000cc080000, TopOfBitMap: 0x00000000cc100000
[0.043s][debug][gc           ] SMC:initialize_top_at_mark_start for Region 386, TAMS: 0x00000000cc100000, TopOfBitMap: 0x00000000cc180000
[0.043s][debug][gc           ] SMC:initialize_top_at_mark_start for Region 387, TAMS: 0x00000000cc180000, TopOfBitMap: 0x00000000cc200000
[0.043s][debug][gc           ] SMC:initialize_top_at_mark_start for Region 388, TAMS: 0x00000000cc200000, TopOfBitMap: 0x00000000cc280000
[0.043s][debug][gc           ] SMC:initialize_top_at_mark_start for Region 389, TAMS: 0x00000000cc280000, TopOfBitMap: 0x00000000cc300000
[0.043s][debug][gc           ] SMC:initialize_top_at_mark_start for Region 390, TAMS: 0x00000000cc300000, TopOfBitMap: 0x00000000cc380000
[0.043s][debug][gc           ] SMC:initialize_top_at_mark_start for Region 391, TAMS: 0x00000000cc380000, TopOfBitMap: 0x00000000cc400000
[0.043s][debug][gc           ] SMC:initialize_top_at_mark_start for Region 392, TAMS: 0x00000000cc400000, TopOfBitMap: 0x00000000cc480000
[0.043s][debug][gc           ] SMC:initialize_top_at_mark_start for Region 393, TAMS: 0x00000000cc480000, TopOfBitMap: 0x00000000cc500000
[0.043s][debug][gc           ] SMC:initialize_top_at_mark_start for Region 394, TAMS: 0x00000000cc500000, TopOfBitMap: 0x00000000cc580000
[0.043s][debug][gc           ] SMC:initialize_top_at_mark_start for Region 395, TAMS: 0x00000000cc580000, TopOfBitMap: 0x00000000cc600000
[0.043s][debug][gc           ] SMC:initialize_top_at_mark_start for Region 396, TAMS: 0x00000000cc600000, TopOfBitMap: 0x00000000cc680000
[0.043s][debug][gc           ] SMC:initialize_top_at_mark_start for Region 397, TAMS: 0x00000000cc680000, TopOfBitMap: 0x00000000cc700000
[0.043s][debug][gc           ] SMC:initialize_top_at_mark_start for Region 398, TAMS: 0x00000000cc700000, TopOfBitMap: 0x00000000cc780000
[0.043s][debug][gc           ] SMC:initialize_top_at_mark_start for Region 399, TAMS: 0x00000000cc780000, TopOfBitMap: 0x00000000cc800000
[0.043s][debug][gc           ] SMC:initialize_top_at_mark_start for Region 400, TAMS: 0x00000000cc800000, TopOfBitMap: 0x00000000cc880000
[0.043s][debug][gc           ] SMC:initialize_top_at_mark_start for Region 401, TAMS: 0x00000000cc880000, TopOfBitMap: 0x00000000cc900000
[0.043s][debug][gc           ] SMC:initialize_top_at_mark_start for Region 402, TAMS: 0x00000000cc900000, TopOfBitMap: 0x00000000cc980000
[0.043s][debug][gc           ] SMC:initialize_top_at_mark_start for Region 403, TAMS: 0x00000000cc980000, TopOfBitMap: 0x00000000cca00000
[0.043s][debug][gc           ] SMC:initialize_top_at_mark_start for Region 404, TAMS: 0x00000000cca00000, TopOfBitMap: 0x00000000cca80000
[0.043s][debug][gc           ] SMC:initialize_top_at_mark_start for Region 405, TAMS: 0x00000000cca80000, TopOfBitMap: 0x00000000ccb00000
[0.043s][debug][gc           ] SMC:initialize_top_at_mark_start for Region 406, TAMS: 0x00000000ccb00000, TopOfBitMap: 0x00000000ccb80000
[0.043s][debug][gc           ] SMC:initialize_top_at_mark_start for Region 407, TAMS: 0x00000000ccb80000, TopOfBitMap: 0x00000000ccc00000
[0.043s][debug][gc           ] SMC:initialize_top_at_mark_start for Region 408, TAMS: 0x00000000ccc00000, TopOfBitMap: 0x00000000ccc80000
[0.043s][debug][gc           ] SMC:initialize_top_at_mark_start for Region 409, TAMS: 0x00000000ccc80000, TopOfBitMap: 0x00000000ccd00000
[0.043s][debug][gc           ] SMC:initialize_top_at_mark_start for Region 410, TAMS: 0x00000000ccd00000, TopOfBitMap: 0x00000000ccd80000
[0.043s][debug][gc           ] SMC:initialize_top_at_mark_start for Region 411, TAMS: 0x00000000ccd80000, TopOfBitMap: 0x00000000cce00000
[0.043s][debug][gc           ] SMC:initialize_top_at_mark_start for Region 412, TAMS: 0x00000000cce00000, TopOfBitMap: 0x00000000cce80000
[0.043s][debug][gc           ] SMC:initialize_top_at_mark_start for Region 413, TAMS: 0x00000000cce80000, TopOfBitMap: 0x00000000ccf00000
[0.043s][debug][gc           ] SMC:initialize_top_at_mark_start for Region 414, TAMS: 0x00000000ccf00000, TopOfBitMap: 0x00000000ccf80000
[0.043s][debug][gc           ] SMC:initialize_top_at_mark_start for Region 415, TAMS: 0x00000000ccf80000, TopOfBitMap: 0x00000000cd000000
[0.043s][debug][gc           ] SMC:initialize_top_at_mark_start for Region 416, TAMS: 0x00000000cd000000, TopOfBitMap: 0x00000000cd080000
[0.043s][debug][gc           ] SMC:initialize_top_at_mark_start for Region 417, TAMS: 0x00000000cd080000, TopOfBitMap: 0x00000000cd100000
[0.043s][debug][gc           ] SMC:initialize_top_at_mark_start for Region 418, TAMS: 0x00000000cd100000, TopOfBitMap: 0x00000000cd180000
[0.043s][debug][gc           ] SMC:initialize_top_at_mark_start for Region 419, TAMS: 0x00000000cd180000, TopOfBitMap: 0x00000000cd200000
[0.043s][debug][gc           ] SMC:initialize_top_at_mark_start for Region 420, TAMS: 0x00000000cd200000, TopOfBitMap: 0x00000000cd280000
[0.043s][debug][gc           ] SMC:initialize_top_at_mark_start for Region 421, TAMS: 0x00000000cd280000, TopOfBitMap: 0x00000000cd300000
[0.043s][debug][gc           ] SMC:initialize_top_at_mark_start for Region 422, TAMS: 0x00000000cd300000, TopOfBitMap: 0x00000000cd380000
[0.043s][debug][gc           ] SMC:initialize_top_at_mark_start for Region 423, TAMS: 0x00000000cd380000, TopOfBitMap: 0x00000000cd400000
[0.043s][debug][gc           ] SMC:initialize_top_at_mark_start for Region 424, TAMS: 0x00000000cd400000, TopOfBitMap: 0x00000000cd480000
[0.043s][debug][gc           ] SMC:initialize_top_at_mark_start for Region 425, TAMS: 0x00000000cd480000, TopOfBitMap: 0x00000000cd500000
[0.043s][debug][gc           ] SMC:initialize_top_at_mark_start for Region 426, TAMS: 0x00000000cd500000, TopOfBitMap: 0x00000000cd580000
[0.043s][debug][gc           ] SMC:initialize_top_at_mark_start for Region 427, TAMS: 0x00000000cd580000, TopOfBitMap: 0x00000000cd600000
[0.043s][debug][gc           ] SMC:initialize_top_at_mark_start for Region 428, TAMS: 0x00000000cd600000, TopOfBitMap: 0x00000000cd680000
[0.043s][debug][gc           ] SMC:initialize_top_at_mark_start for Region 429, TAMS: 0x00000000cd680000, TopOfBitMap: 0x00000000cd700000
[0.043s][debug][gc           ] SMC:initialize_top_at_mark_start for Region 430, TAMS: 0x00000000cd700000, TopOfBitMap: 0x00000000cd780000
[0.043s][debug][gc           ] SMC:initialize_top_at_mark_start for Region 431, TAMS: 0x00000000cd780000, TopOfBitMap: 0x00000000cd800000
[0.043s][debug][gc           ] SMC:initialize_top_at_mark_start for Region 432, TAMS: 0x00000000cd800000, TopOfBitMap: 0x00000000cd880000
[0.043s][debug][gc           ] SMC:initialize_top_at_mark_start for Region 433, TAMS: 0x00000000cd880000, TopOfBitMap: 0x00000000cd900000
[0.043s][debug][gc           ] SMC:initialize_top_at_mark_start for Region 434, TAMS: 0x00000000cd900000, TopOfBitMap: 0x00000000cd980000
[0.043s][debug][gc           ] SMC:initialize_top_at_mark_start for Region 435, TAMS: 0x00000000cd980000, TopOfBitMap: 0x00000000cda00000
[0.043s][debug][gc           ] SMC:initialize_top_at_mark_start for Region 436, TAMS: 0x00000000cda00000, TopOfBitMap: 0x00000000cda80000
[0.043s][debug][gc           ] SMC:initialize_top_at_mark_start for Region 437, TAMS: 0x00000000cda80000, TopOfBitMap: 0x00000000cdb00000
[0.043s][debug][gc           ] SMC:initialize_top_at_mark_start for Region 438, TAMS: 0x00000000cdb00000, TopOfBitMap: 0x00000000cdb80000
[0.043s][debug][gc           ] SMC:initialize_top_at_mark_start for Region 439, TAMS: 0x00000000cdb80000, TopOfBitMap: 0x00000000cdc00000
[0.043s][debug][gc           ] SMC:initialize_top_at_mark_start for Region 440, TAMS: 0x00000000cdc00000, TopOfBitMap: 0x00000000cdc80000
[0.043s][debug][gc           ] SMC:initialize_top_at_mark_start for Region 441, TAMS: 0x00000000cdc80000, TopOfBitMap: 0x00000000cdd00000
[0.043s][debug][gc           ] SMC:initialize_top_at_mark_start for Region 442, TAMS: 0x00000000cdd00000, TopOfBitMap: 0x00000000cdd80000
[0.043s][debug][gc           ] SMC:initialize_top_at_mark_start for Region 443, TAMS: 0x00000000cdd80000, TopOfBitMap: 0x00000000cde00000
[0.043s][debug][gc           ] SMC:initialize_top_at_mark_start for Region 444, TAMS: 0x00000000cde00000, TopOfBitMap: 0x00000000cde80000
[0.043s][debug][gc           ] SMC:initialize_top_at_mark_start for Region 445, TAMS: 0x00000000cde80000, TopOfBitMap: 0x00000000cdf00000
[0.043s][debug][gc           ] SMC:initialize_top_at_mark_start for Region 446, TAMS: 0x00000000cdf00000, TopOfBitMap: 0x00000000cdf80000
[0.043s][debug][gc           ] SMC:initialize_top_at_mark_start for Region 447, TAMS: 0x00000000cdf80000, TopOfBitMap: 0x00000000ce000000
[0.043s][debug][gc           ] SMC:initialize_top_at_mark_start for Region 448, TAMS: 0x00000000ce000000, TopOfBitMap: 0x00000000ce080000
[0.043s][debug][gc           ] SMC:initialize_top_at_mark_start for Region 449, TAMS: 0x00000000ce080000, TopOfBitMap: 0x00000000ce100000
[0.043s][debug][gc           ] SMC:initialize_top_at_mark_start for Region 450, TAMS: 0x00000000ce100000, TopOfBitMap: 0x00000000ce180000
[0.043s][debug][gc           ] SMC:initialize_top_at_mark_start for Region 451, TAMS: 0x00000000ce180000, TopOfBitMap: 0x00000000ce200000
[0.043s][debug][gc           ] SMC:initialize_top_at_mark_start for Region 452, TAMS: 0x00000000ce200000, TopOfBitMap: 0x00000000ce280000
[0.043s][debug][gc           ] SMC:initialize_top_at_mark_start for Region 453, TAMS: 0x00000000ce280000, TopOfBitMap: 0x00000000ce300000
[0.043s][debug][gc           ] SMC:initialize_top_at_mark_start for Region 454, TAMS: 0x00000000ce300000, TopOfBitMap: 0x00000000ce380000
[0.043s][debug][gc           ] SMC:initialize_top_at_mark_start for Region 455, TAMS: 0x00000000ce380000, TopOfBitMap: 0x00000000ce400000
[0.043s][debug][gc           ] SMC:initialize_top_at_mark_start for Region 456, TAMS: 0x00000000ce400000, TopOfBitMap: 0x00000000ce480000
[0.043s][debug][gc           ] SMC:initialize_top_at_mark_start for Region 457, TAMS: 0x00000000ce480000, TopOfBitMap: 0x00000000ce500000
[0.043s][debug][gc           ] SMC:initialize_top_at_mark_start for Region 458, TAMS: 0x00000000ce500000, TopOfBitMap: 0x00000000ce580000
[0.043s][debug][gc           ] SMC:initialize_top_at_mark_start for Region 459, TAMS: 0x00000000ce580000, TopOfBitMap: 0x00000000ce600000
[0.043s][debug][gc           ] SMC:initialize_top_at_mark_start for Region 460, TAMS: 0x00000000ce600000, TopOfBitMap: 0x00000000ce680000
[0.043s][debug][gc           ] SMC:initialize_top_at_mark_start for Region 461, TAMS: 0x00000000ce680000, TopOfBitMap: 0x00000000ce700000
[0.043s][debug][gc           ] SMC:initialize_top_at_mark_start for Region 462, TAMS: 0x00000000ce700000, TopOfBitMap: 0x00000000ce780000
[0.043s][debug][gc           ] SMC:initialize_top_at_mark_start for Region 463, TAMS: 0x00000000ce780000, TopOfBitMap: 0x00000000ce800000
[0.043s][debug][gc           ] SMC:initialize_top_at_mark_start for Region 464, TAMS: 0x00000000ce800000, TopOfBitMap: 0x00000000ce880000
[0.043s][debug][gc           ] SMC:initialize_top_at_mark_start for Region 465, TAMS: 0x00000000ce880000, TopOfBitMap: 0x00000000ce900000
[0.043s][debug][gc           ] SMC:initialize_top_at_mark_start for Region 466, TAMS: 0x00000000ce900000, TopOfBitMap: 0x00000000ce980000
[0.043s][debug][gc           ] SMC:initialize_top_at_mark_start for Region 467, TAMS: 0x00000000ce980000, TopOfBitMap: 0x00000000cea00000
[0.043s][debug][gc           ] SMC:initialize_top_at_mark_start for Region 468, TAMS: 0x00000000cea00000, TopOfBitMap: 0x00000000cea80000
[0.043s][debug][gc           ] SMC:initialize_top_at_mark_start for Region 469, TAMS: 0x00000000cea80000, TopOfBitMap: 0x00000000ceb00000
[0.043s][debug][gc           ] SMC:initialize_top_at_mark_start for Region 470, TAMS: 0x00000000ceb00000, TopOfBitMap: 0x00000000ceb80000
[0.043s][debug][gc           ] SMC:initialize_top_at_mark_start for Region 471, TAMS: 0x00000000ceb80000, TopOfBitMap: 0x00000000cec00000
[0.043s][debug][gc           ] SMC:initialize_top_at_mark_start for Region 472, TAMS: 0x00000000cec00000, TopOfBitMap: 0x00000000cec80000
[0.043s][debug][gc           ] SMC:initialize_top_at_mark_start for Region 473, TAMS: 0x00000000cec80000, TopOfBitMap: 0x00000000ced00000
[0.043s][debug][gc           ] SMC:initialize_top_at_mark_start for Region 474, TAMS: 0x00000000ced00000, TopOfBitMap: 0x00000000ced80000
[0.043s][debug][gc           ] SMC:initialize_top_at_mark_start for Region 475, TAMS: 0x00000000ced80000, TopOfBitMap: 0x00000000cee00000
[0.043s][debug][gc           ] SMC:initialize_top_at_mark_start for Region 476, TAMS: 0x00000000cee00000, TopOfBitMap: 0x00000000cee80000
[0.043s][debug][gc           ] SMC:initialize_top_at_mark_start for Region 477, TAMS: 0x00000000cee80000, TopOfBitMap: 0x00000000cef00000
[0.043s][debug][gc           ] SMC:initialize_top_at_mark_start for Region 478, TAMS: 0x00000000cef00000, TopOfBitMap: 0x00000000cef80000
[0.043s][debug][gc           ] SMC:initialize_top_at_mark_start for Region 479, TAMS: 0x00000000cef80000, TopOfBitMap: 0x00000000cf000000
[0.043s][debug][gc           ] SMC:initialize_top_at_mark_start for Region 480, TAMS: 0x00000000cf000000, TopOfBitMap: 0x00000000cf080000
[0.043s][debug][gc           ] SMC:initialize_top_at_mark_start for Region 481, TAMS: 0x00000000cf080000, TopOfBitMap: 0x00000000cf100000
[0.043s][debug][gc           ] SMC:initialize_top_at_mark_start for Region 482, TAMS: 0x00000000cf100000, TopOfBitMap: 0x00000000cf180000
[0.043s][debug][gc           ] SMC:initialize_top_at_mark_start for Region 483, TAMS: 0x00000000cf180000, TopOfBitMap: 0x00000000cf200000
[0.043s][debug][gc           ] SMC:initialize_top_at_mark_start for Region 484, TAMS: 0x00000000cf200000, TopOfBitMap: 0x00000000cf280000
[0.043s][debug][gc           ] SMC:initialize_top_at_mark_start for Region 485, TAMS: 0x00000000cf280000, TopOfBitMap: 0x00000000cf300000
[0.043s][debug][gc           ] SMC:initialize_top_at_mark_start for Region 486, TAMS: 0x00000000cf300000, TopOfBitMap: 0x00000000cf380000
[0.043s][debug][gc           ] SMC:initialize_top_at_mark_start for Region 487, TAMS: 0x00000000cf380000, TopOfBitMap: 0x00000000cf400000
[0.043s][debug][gc           ] SMC:initialize_top_at_mark_start for Region 488, TAMS: 0x00000000cf400000, TopOfBitMap: 0x00000000cf480000
[0.043s][debug][gc           ] SMC:initialize_top_at_mark_start for Region 489, TAMS: 0x00000000cf480000, TopOfBitMap: 0x00000000cf500000
[0.043s][debug][gc           ] SMC:initialize_top_at_mark_start for Region 490, TAMS: 0x00000000cf500000, TopOfBitMap: 0x00000000cf580000
[0.043s][debug][gc           ] SMC:initialize_top_at_mark_start for Region 491, TAMS: 0x00000000cf580000, TopOfBitMap: 0x00000000cf600000
[0.043s][debug][gc           ] SMC:initialize_top_at_mark_start for Region 492, TAMS: 0x00000000cf600000, TopOfBitMap: 0x00000000cf680000
[0.043s][debug][gc           ] SMC:initialize_top_at_mark_start for Region 493, TAMS: 0x00000000cf680000, TopOfBitMap: 0x00000000cf700000
[0.043s][debug][gc           ] SMC:initialize_top_at_mark_start for Region 494, TAMS: 0x00000000cf700000, TopOfBitMap: 0x00000000cf780000
[0.043s][debug][gc           ] SMC:initialize_top_at_mark_start for Region 495, TAMS: 0x00000000cf780000, TopOfBitMap: 0x00000000cf800000
[0.043s][debug][gc           ] SMC:initialize_top_at_mark_start for Region 496, TAMS: 0x00000000cf800000, TopOfBitMap: 0x00000000cf880000
[0.043s][debug][gc           ] SMC:initialize_top_at_mark_start for Region 497, TAMS: 0x00000000cf880000, TopOfBitMap: 0x00000000cf900000
[0.043s][debug][gc           ] SMC:initialize_top_at_mark_start for Region 498, TAMS: 0x00000000cf900000, TopOfBitMap: 0x00000000cf980000
[0.043s][debug][gc           ] SMC:initialize_top_at_mark_start for Region 499, TAMS: 0x00000000cf980000, TopOfBitMap: 0x00000000cfa00000
[0.043s][debug][gc           ] SMC:initialize_top_at_mark_start for Region 500, TAMS: 0x00000000cfa00000, TopOfBitMap: 0x00000000cfa80000
[0.043s][debug][gc           ] SMC:initialize_top_at_mark_start for Region 501, TAMS: 0x00000000cfa80000, TopOfBitMap: 0x00000000cfb00000
[0.043s][debug][gc           ] SMC:initialize_top_at_mark_start for Region 502, TAMS: 0x00000000cfb00000, TopOfBitMap: 0x00000000cfb80000
[0.043s][debug][gc           ] SMC:initialize_top_at_mark_start for Region 503, TAMS: 0x00000000cfb80000, TopOfBitMap: 0x00000000cfc00000
[0.043s][debug][gc           ] SMC:initialize_top_at_mark_start for Region 504, TAMS: 0x00000000cfc00000, TopOfBitMap: 0x00000000cfc80000
[0.043s][debug][gc           ] SMC:initialize_top_at_mark_start for Region 505, TAMS: 0x00000000cfc80000, TopOfBitMap: 0x00000000cfd00000
[0.043s][debug][gc           ] SMC:initialize_top_at_mark_start for Region 506, TAMS: 0x00000000cfd00000, TopOfBitMap: 0x00000000cfd80000
[0.043s][debug][gc           ] SMC:initialize_top_at_mark_start for Region 507, TAMS: 0x00000000cfd80000, TopOfBitMap: 0x00000000cfe00000
[0.043s][debug][gc           ] SMC:initialize_top_at_mark_start for Region 508, TAMS: 0x00000000cfe00000, TopOfBitMap: 0x00000000cfe80000
[0.043s][debug][gc           ] SMC:initialize_top_at_mark_start for Region 509, TAMS: 0x00000000cfe80000, TopOfBitMap: 0x00000000cff00000
[0.043s][debug][gc           ] SMC:initialize_top_at_mark_start for Region 510, TAMS: 0x00000000cff00000, TopOfBitMap: 0x00000000cff80000
[0.043s][debug][gc           ] SMC:initialize_top_at_mark_start for Region 511, TAMS: 0x00000000cff80000, TopOfBitMap: 0x00000000d0000000
[0.043s][debug][gc           ] SMC:initialize_top_at_mark_start for Region 512, TAMS: 0x00000000d0000000, TopOfBitMap: 0x00000000d0080000
[0.043s][debug][gc           ] SMC:initialize_top_at_mark_start for Region 513, TAMS: 0x00000000d0080000, TopOfBitMap: 0x00000000d0100000
[0.043s][debug][gc           ] SMC:initialize_top_at_mark_start for Region 514, TAMS: 0x00000000d0100000, TopOfBitMap: 0x00000000d0180000
[0.043s][debug][gc           ] SMC:initialize_top_at_mark_start for Region 515, TAMS: 0x00000000d0180000, TopOfBitMap: 0x00000000d0200000
[0.043s][debug][gc           ] SMC:initialize_top_at_mark_start for Region 516, TAMS: 0x00000000d0200000, TopOfBitMap: 0x00000000d0280000
[0.043s][debug][gc           ] SMC:initialize_top_at_mark_start for Region 517, TAMS: 0x00000000d0280000, TopOfBitMap: 0x00000000d0300000
[0.043s][debug][gc           ] SMC:initialize_top_at_mark_start for Region 518, TAMS: 0x00000000d0300000, TopOfBitMap: 0x00000000d0380000
[0.043s][debug][gc           ] SMC:initialize_top_at_mark_start for Region 519, TAMS: 0x00000000d0380000, TopOfBitMap: 0x00000000d0400000
[0.043s][debug][gc           ] SMC:initialize_top_at_mark_start for Region 520, TAMS: 0x00000000d0400000, TopOfBitMap: 0x00000000d0480000
[0.043s][debug][gc           ] SMC:initialize_top_at_mark_start for Region 521, TAMS: 0x00000000d0480000, TopOfBitMap: 0x00000000d0500000
[0.043s][debug][gc           ] SMC:initialize_top_at_mark_start for Region 522, TAMS: 0x00000000d0500000, TopOfBitMap: 0x00000000d0580000
[0.043s][debug][gc           ] SMC:initialize_top_at_mark_start for Region 523, TAMS: 0x00000000d0580000, TopOfBitMap: 0x00000000d0600000
[0.043s][debug][gc           ] SMC:initialize_top_at_mark_start for Region 524, TAMS: 0x00000000d0600000, TopOfBitMap: 0x00000000d0680000
[0.043s][debug][gc           ] SMC:initialize_top_at_mark_start for Region 525, TAMS: 0x00000000d0680000, TopOfBitMap: 0x00000000d0700000
[0.043s][debug][gc           ] SMC:initialize_top_at_mark_start for Region 526, TAMS: 0x00000000d0700000, TopOfBitMap: 0x00000000d0780000
[0.043s][debug][gc           ] SMC:initialize_top_at_mark_start for Region 527, TAMS: 0x00000000d0780000, TopOfBitMap: 0x00000000d0800000
[0.043s][debug][gc           ] SMC:initialize_top_at_mark_start for Region 528, TAMS: 0x00000000d0800000, TopOfBitMap: 0x00000000d0880000
[0.043s][debug][gc           ] SMC:initialize_top_at_mark_start for Region 529, TAMS: 0x00000000d0880000, TopOfBitMap: 0x00000000d0900000
[0.043s][debug][gc           ] SMC:initialize_top_at_mark_start for Region 530, TAMS: 0x00000000d0900000, TopOfBitMap: 0x00000000d0980000
[0.043s][debug][gc           ] SMC:initialize_top_at_mark_start for Region 531, TAMS: 0x00000000d0980000, TopOfBitMap: 0x00000000d0a00000
[0.043s][debug][gc           ] SMC:initialize_top_at_mark_start for Region 532, TAMS: 0x00000000d0a00000, TopOfBitMap: 0x00000000d0a80000
[0.043s][debug][gc           ] SMC:initialize_top_at_mark_start for Region 533, TAMS: 0x00000000d0a80000, TopOfBitMap: 0x00000000d0b00000
[0.043s][debug][gc           ] SMC:initialize_top_at_mark_start for Region 534, TAMS: 0x00000000d0b00000, TopOfBitMap: 0x00000000d0b80000
[0.043s][debug][gc           ] SMC:initialize_top_at_mark_start for Region 535, TAMS: 0x00000000d0b80000, TopOfBitMap: 0x00000000d0c00000
[0.043s][debug][gc           ] SMC:initialize_top_at_mark_start for Region 536, TAMS: 0x00000000d0c00000, TopOfBitMap: 0x00000000d0c80000
[0.043s][debug][gc           ] SMC:initialize_top_at_mark_start for Region 537, TAMS: 0x00000000d0c80000, TopOfBitMap: 0x00000000d0d00000
[0.043s][debug][gc           ] SMC:initialize_top_at_mark_start for Region 538, TAMS: 0x00000000d0d00000, TopOfBitMap: 0x00000000d0d80000
[0.043s][debug][gc           ] SMC:initialize_top_at_mark_start for Region 539, TAMS: 0x00000000d0d80000, TopOfBitMap: 0x00000000d0e00000
[0.043s][debug][gc           ] SMC:initialize_top_at_mark_start for Region 540, TAMS: 0x00000000d0e00000, TopOfBitMap: 0x00000000d0e80000
[0.043s][debug][gc           ] SMC:initialize_top_at_mark_start for Region 541, TAMS: 0x00000000d0e80000, TopOfBitMap: 0x00000000d0f00000
[0.043s][debug][gc           ] SMC:initialize_top_at_mark_start for Region 542, TAMS: 0x00000000d0f00000, TopOfBitMap: 0x00000000d0f80000
[0.043s][debug][gc           ] SMC:initialize_top_at_mark_start for Region 543, TAMS: 0x00000000d0f80000, TopOfBitMap: 0x00000000d1000000
[0.043s][debug][gc           ] SMC:initialize_top_at_mark_start for Region 544, TAMS: 0x00000000d1000000, TopOfBitMap: 0x00000000d1080000
[0.043s][debug][gc           ] SMC:initialize_top_at_mark_start for Region 545, TAMS: 0x00000000d1080000, TopOfBitMap: 0x00000000d1100000
[0.043s][debug][gc           ] SMC:initialize_top_at_mark_start for Region 546, TAMS: 0x00000000d1100000, TopOfBitMap: 0x00000000d1180000
[0.043s][debug][gc           ] SMC:initialize_top_at_mark_start for Region 547, TAMS: 0x00000000d1180000, TopOfBitMap: 0x00000000d1200000
[0.043s][debug][gc           ] SMC:initialize_top_at_mark_start for Region 548, TAMS: 0x00000000d1200000, TopOfBitMap: 0x00000000d1280000
[0.043s][debug][gc           ] SMC:initialize_top_at_mark_start for Region 549, TAMS: 0x00000000d1280000, TopOfBitMap: 0x00000000d1300000
[0.043s][debug][gc           ] SMC:initialize_top_at_mark_start for Region 550, TAMS: 0x00000000d1300000, TopOfBitMap: 0x00000000d1380000
[0.043s][debug][gc           ] SMC:initialize_top_at_mark_start for Region 551, TAMS: 0x00000000d1380000, TopOfBitMap: 0x00000000d1400000
[0.043s][debug][gc           ] SMC:initialize_top_at_mark_start for Region 552, TAMS: 0x00000000d1400000, TopOfBitMap: 0x00000000d1480000
[0.043s][debug][gc           ] SMC:initialize_top_at_mark_start for Region 553, TAMS: 0x00000000d1480000, TopOfBitMap: 0x00000000d1500000
[0.043s][debug][gc           ] SMC:initialize_top_at_mark_start for Region 554, TAMS: 0x00000000d1500000, TopOfBitMap: 0x00000000d1580000
[0.043s][debug][gc           ] SMC:initialize_top_at_mark_start for Region 555, TAMS: 0x00000000d1580000, TopOfBitMap: 0x00000000d1600000
[0.043s][debug][gc           ] SMC:initialize_top_at_mark_start for Region 556, TAMS: 0x00000000d1600000, TopOfBitMap: 0x00000000d1680000
[0.043s][debug][gc           ] SMC:initialize_top_at_mark_start for Region 557, TAMS: 0x00000000d1680000, TopOfBitMap: 0x00000000d1700000
[0.043s][debug][gc           ] SMC:initialize_top_at_mark_start for Region 558, TAMS: 0x00000000d1700000, TopOfBitMap: 0x00000000d1780000
[0.043s][debug][gc           ] SMC:initialize_top_at_mark_start for Region 559, TAMS: 0x00000000d1780000, TopOfBitMap: 0x00000000d1800000
[0.043s][debug][gc           ] SMC:initialize_top_at_mark_start for Region 560, TAMS: 0x00000000d1800000, TopOfBitMap: 0x00000000d1880000
[0.043s][debug][gc           ] SMC:initialize_top_at_mark_start for Region 561, TAMS: 0x00000000d1880000, TopOfBitMap: 0x00000000d1900000
[0.043s][debug][gc           ] SMC:initialize_top_at_mark_start for Region 562, TAMS: 0x00000000d1900000, TopOfBitMap: 0x00000000d1980000
[0.043s][debug][gc           ] SMC:initialize_top_at_mark_start for Region 563, TAMS: 0x00000000d1980000, TopOfBitMap: 0x00000000d1a00000
[0.043s][debug][gc           ] SMC:initialize_top_at_mark_start for Region 564, TAMS: 0x00000000d1a00000, TopOfBitMap: 0x00000000d1a80000
[0.043s][debug][gc           ] SMC:initialize_top_at_mark_start for Region 565, TAMS: 0x00000000d1a80000, TopOfBitMap: 0x00000000d1b00000
[0.043s][debug][gc           ] SMC:initialize_top_at_mark_start for Region 566, TAMS: 0x00000000d1b00000, TopOfBitMap: 0x00000000d1b80000
[0.043s][debug][gc           ] SMC:initialize_top_at_mark_start for Region 567, TAMS: 0x00000000d1b80000, TopOfBitMap: 0x00000000d1c00000
[0.043s][debug][gc           ] SMC:initialize_top_at_mark_start for Region 568, TAMS: 0x00000000d1c00000, TopOfBitMap: 0x00000000d1c80000
[0.043s][debug][gc           ] SMC:initialize_top_at_mark_start for Region 569, TAMS: 0x00000000d1c80000, TopOfBitMap: 0x00000000d1d00000
[0.043s][debug][gc           ] SMC:initialize_top_at_mark_start for Region 570, TAMS: 0x00000000d1d00000, TopOfBitMap: 0x00000000d1d80000
[0.043s][debug][gc           ] SMC:initialize_top_at_mark_start for Region 571, TAMS: 0x00000000d1d80000, TopOfBitMap: 0x00000000d1e00000
[0.043s][debug][gc           ] SMC:initialize_top_at_mark_start for Region 572, TAMS: 0x00000000d1e00000, TopOfBitMap: 0x00000000d1e80000
[0.043s][debug][gc           ] SMC:initialize_top_at_mark_start for Region 573, TAMS: 0x00000000d1e80000, TopOfBitMap: 0x00000000d1f00000
[0.043s][debug][gc           ] SMC:initialize_top_at_mark_start for Region 574, TAMS: 0x00000000d1f00000, TopOfBitMap: 0x00000000d1f80000
[0.043s][debug][gc           ] SMC:initialize_top_at_mark_start for Region 575, TAMS: 0x00000000d1f80000, TopOfBitMap: 0x00000000d2000000
[0.043s][debug][gc           ] SMC:initialize_top_at_mark_start for Region 576, TAMS: 0x00000000d2000000, TopOfBitMap: 0x00000000d2080000
[0.043s][debug][gc           ] SMC:initialize_top_at_mark_start for Region 577, TAMS: 0x00000000d2080000, TopOfBitMap: 0x00000000d2100000
[0.043s][debug][gc           ] SMC:initialize_top_at_mark_start for Region 578, TAMS: 0x00000000d2100000, TopOfBitMap: 0x00000000d2180000
[0.043s][debug][gc           ] SMC:initialize_top_at_mark_start for Region 579, TAMS: 0x00000000d2180000, TopOfBitMap: 0x00000000d2200000
[0.043s][debug][gc           ] SMC:initialize_top_at_mark_start for Region 580, TAMS: 0x00000000d2200000, TopOfBitMap: 0x00000000d2280000
[0.043s][debug][gc           ] SMC:initialize_top_at_mark_start for Region 581, TAMS: 0x00000000d2280000, TopOfBitMap: 0x00000000d2300000
[0.043s][debug][gc           ] SMC:initialize_top_at_mark_start for Region 582, TAMS: 0x00000000d2300000, TopOfBitMap: 0x00000000d2380000
[0.043s][debug][gc           ] SMC:initialize_top_at_mark_start for Region 583, TAMS: 0x00000000d2380000, TopOfBitMap: 0x00000000d2400000
[0.043s][debug][gc           ] SMC:initialize_top_at_mark_start for Region 584, TAMS: 0x00000000d2400000, TopOfBitMap: 0x00000000d2480000
[0.043s][debug][gc           ] SMC:initialize_top_at_mark_start for Region 585, TAMS: 0x00000000d2480000, TopOfBitMap: 0x00000000d2500000
[0.043s][debug][gc           ] SMC:initialize_top_at_mark_start for Region 586, TAMS: 0x00000000d2500000, TopOfBitMap: 0x00000000d2580000
[0.043s][debug][gc           ] SMC:initialize_top_at_mark_start for Region 587, TAMS: 0x00000000d2580000, TopOfBitMap: 0x00000000d2600000
[0.043s][debug][gc           ] SMC:initialize_top_at_mark_start for Region 588, TAMS: 0x00000000d2600000, TopOfBitMap: 0x00000000d2680000
[0.043s][debug][gc           ] SMC:initialize_top_at_mark_start for Region 589, TAMS: 0x00000000d2680000, TopOfBitMap: 0x00000000d2700000
[0.043s][debug][gc           ] SMC:initialize_top_at_mark_start for Region 590, TAMS: 0x00000000d2700000, TopOfBitMap: 0x00000000d2780000
[0.043s][debug][gc           ] SMC:initialize_top_at_mark_start for Region 591, TAMS: 0x00000000d2780000, TopOfBitMap: 0x00000000d2800000
[0.043s][debug][gc           ] SMC:initialize_top_at_mark_start for Region 592, TAMS: 0x00000000d2800000, TopOfBitMap: 0x00000000d2880000
[0.043s][debug][gc           ] SMC:initialize_top_at_mark_start for Region 593, TAMS: 0x00000000d2880000, TopOfBitMap: 0x00000000d2900000
[0.043s][debug][gc           ] SMC:initialize_top_at_mark_start for Region 594, TAMS: 0x00000000d2900000, TopOfBitMap: 0x00000000d2980000
[0.043s][debug][gc           ] SMC:initialize_top_at_mark_start for Region 595, TAMS: 0x00000000d2980000, TopOfBitMap: 0x00000000d2a00000
[0.043s][debug][gc           ] SMC:initialize_top_at_mark_start for Region 596, TAMS: 0x00000000d2a00000, TopOfBitMap: 0x00000000d2a80000
[0.043s][debug][gc           ] SMC:initialize_top_at_mark_start for Region 597, TAMS: 0x00000000d2a80000, TopOfBitMap: 0x00000000d2b00000
[0.043s][debug][gc           ] SMC:initialize_top_at_mark_start for Region 598, TAMS: 0x00000000d2b00000, TopOfBitMap: 0x00000000d2b80000
[0.043s][debug][gc           ] SMC:initialize_top_at_mark_start for Region 599, TAMS: 0x00000000d2b80000, TopOfBitMap: 0x00000000d2c00000
[0.043s][debug][gc           ] SMC:initialize_top_at_mark_start for Region 600, TAMS: 0x00000000d2c00000, TopOfBitMap: 0x00000000d2c80000
[0.043s][debug][gc           ] SMC:initialize_top_at_mark_start for Region 601, TAMS: 0x00000000d2c80000, TopOfBitMap: 0x00000000d2d00000
[0.043s][debug][gc           ] SMC:initialize_top_at_mark_start for Region 602, TAMS: 0x00000000d2d00000, TopOfBitMap: 0x00000000d2d80000
[0.043s][debug][gc           ] SMC:initialize_top_at_mark_start for Region 603, TAMS: 0x00000000d2d80000, TopOfBitMap: 0x00000000d2e00000
[0.043s][debug][gc           ] SMC:initialize_top_at_mark_start for Region 604, TAMS: 0x00000000d2e00000, TopOfBitMap: 0x00000000d2e80000
[0.043s][debug][gc           ] SMC:initialize_top_at_mark_start for Region 605, TAMS: 0x00000000d2e80000, TopOfBitMap: 0x00000000d2f00000
[0.043s][debug][gc           ] SMC:initialize_top_at_mark_start for Region 606, TAMS: 0x00000000d2f00000, TopOfBitMap: 0x00000000d2f80000
[0.043s][debug][gc           ] SMC:initialize_top_at_mark_start for Region 607, TAMS: 0x00000000d2f80000, TopOfBitMap: 0x00000000d3000000
[0.043s][debug][gc           ] SMC:initialize_top_at_mark_start for Region 608, TAMS: 0x00000000d3000000, TopOfBitMap: 0x00000000d3080000
[0.043s][debug][gc           ] SMC:initialize_top_at_mark_start for Region 609, TAMS: 0x00000000d3080000, TopOfBitMap: 0x00000000d3100000
[0.043s][debug][gc           ] SMC:initialize_top_at_mark_start for Region 610, TAMS: 0x00000000d3100000, TopOfBitMap: 0x00000000d3180000
[0.043s][debug][gc           ] SMC:initialize_top_at_mark_start for Region 611, TAMS: 0x00000000d3180000, TopOfBitMap: 0x00000000d3200000
[0.043s][debug][gc           ] SMC:initialize_top_at_mark_start for Region 612, TAMS: 0x00000000d3200000, TopOfBitMap: 0x00000000d3280000
[0.043s][debug][gc           ] SMC:initialize_top_at_mark_start for Region 613, TAMS: 0x00000000d3280000, TopOfBitMap: 0x00000000d3300000
[0.043s][debug][gc           ] SMC:initialize_top_at_mark_start for Region 614, TAMS: 0x00000000d3300000, TopOfBitMap: 0x00000000d3380000
[0.043s][debug][gc           ] SMC:initialize_top_at_mark_start for Region 615, TAMS: 0x00000000d3380000, TopOfBitMap: 0x00000000d3400000
[0.043s][debug][gc           ] SMC:initialize_top_at_mark_start for Region 616, TAMS: 0x00000000d3400000, TopOfBitMap: 0x00000000d3480000
[0.043s][debug][gc           ] SMC:initialize_top_at_mark_start for Region 617, TAMS: 0x00000000d3480000, TopOfBitMap: 0x00000000d3500000
[0.043s][debug][gc           ] SMC:initialize_top_at_mark_start for Region 618, TAMS: 0x00000000d3500000, TopOfBitMap: 0x00000000d3580000
[0.043s][debug][gc           ] SMC:initialize_top_at_mark_start for Region 619, TAMS: 0x00000000d3580000, TopOfBitMap: 0x00000000d3600000
[0.043s][debug][gc           ] SMC:initialize_top_at_mark_start for Region 620, TAMS: 0x00000000d3600000, TopOfBitMap: 0x00000000d3680000
[0.043s][debug][gc           ] SMC:initialize_top_at_mark_start for Region 621, TAMS: 0x00000000d3680000, TopOfBitMap: 0x00000000d3700000
[0.043s][debug][gc           ] SMC:initialize_top_at_mark_start for Region 622, TAMS: 0x00000000d3700000, TopOfBitMap: 0x00000000d3780000
[0.043s][debug][gc           ] SMC:initialize_top_at_mark_start for Region 623, TAMS: 0x00000000d3780000, TopOfBitMap: 0x00000000d3800000
[0.043s][debug][gc           ] SMC:initialize_top_at_mark_start for Region 624, TAMS: 0x00000000d3800000, TopOfBitMap: 0x00000000d3880000
[0.043s][debug][gc           ] SMC:initialize_top_at_mark_start for Region 625, TAMS: 0x00000000d3880000, TopOfBitMap: 0x00000000d3900000
[0.043s][debug][gc           ] SMC:initialize_top_at_mark_start for Region 626, TAMS: 0x00000000d3900000, TopOfBitMap: 0x00000000d3980000
[0.043s][debug][gc           ] SMC:initialize_top_at_mark_start for Region 627, TAMS: 0x00000000d3980000, TopOfBitMap: 0x00000000d3a00000
[0.043s][debug][gc           ] SMC:initialize_top_at_mark_start for Region 628, TAMS: 0x00000000d3a00000, TopOfBitMap: 0x00000000d3a80000
[0.043s][debug][gc           ] SMC:initialize_top_at_mark_start for Region 629, TAMS: 0x00000000d3a80000, TopOfBitMap: 0x00000000d3b00000
[0.043s][debug][gc           ] SMC:initialize_top_at_mark_start for Region 630, TAMS: 0x00000000d3b00000, TopOfBitMap: 0x00000000d3b80000
[0.043s][debug][gc           ] SMC:initialize_top_at_mark_start for Region 631, TAMS: 0x00000000d3b80000, TopOfBitMap: 0x00000000d3c00000
[0.043s][debug][gc           ] SMC:initialize_top_at_mark_start for Region 632, TAMS: 0x00000000d3c00000, TopOfBitMap: 0x00000000d3c80000
[0.043s][debug][gc           ] SMC:initialize_top_at_mark_start for Region 633, TAMS: 0x00000000d3c80000, TopOfBitMap: 0x00000000d3d00000
[0.043s][debug][gc           ] SMC:initialize_top_at_mark_start for Region 634, TAMS: 0x00000000d3d00000, TopOfBitMap: 0x00000000d3d80000
[0.043s][debug][gc           ] SMC:initialize_top_at_mark_start for Region 635, TAMS: 0x00000000d3d80000, TopOfBitMap: 0x00000000d3e00000
[0.043s][debug][gc           ] SMC:initialize_top_at_mark_start for Region 636, TAMS: 0x00000000d3e00000, TopOfBitMap: 0x00000000d3e80000
[0.043s][debug][gc           ] SMC:initialize_top_at_mark_start for Region 637, TAMS: 0x00000000d3e80000, TopOfBitMap: 0x00000000d3f00000
[0.043s][debug][gc           ] SMC:initialize_top_at_mark_start for Region 638, TAMS: 0x00000000d3f00000, TopOfBitMap: 0x00000000d3f80000
[0.043s][debug][gc           ] SMC:initialize_top_at_mark_start for Region 639, TAMS: 0x00000000d3f80000, TopOfBitMap: 0x00000000d4000000
[0.043s][debug][gc           ] SMC:initialize_top_at_mark_start for Region 640, TAMS: 0x00000000d4000000, TopOfBitMap: 0x00000000d4080000
[0.043s][debug][gc           ] SMC:initialize_top_at_mark_start for Region 641, TAMS: 0x00000000d4080000, TopOfBitMap: 0x00000000d4100000
[0.043s][debug][gc           ] SMC:initialize_top_at_mark_start for Region 642, TAMS: 0x00000000d4100000, TopOfBitMap: 0x00000000d4180000
[0.043s][debug][gc           ] SMC:initialize_top_at_mark_start for Region 643, TAMS: 0x00000000d4180000, TopOfBitMap: 0x00000000d4200000
[0.043s][debug][gc           ] SMC:initialize_top_at_mark_start for Region 644, TAMS: 0x00000000d4200000, TopOfBitMap: 0x00000000d4280000
[0.043s][debug][gc           ] SMC:initialize_top_at_mark_start for Region 645, TAMS: 0x00000000d4280000, TopOfBitMap: 0x00000000d4300000
[0.043s][debug][gc           ] SMC:initialize_top_at_mark_start for Region 646, TAMS: 0x00000000d4300000, TopOfBitMap: 0x00000000d4380000
[0.043s][debug][gc           ] SMC:initialize_top_at_mark_start for Region 647, TAMS: 0x00000000d4380000, TopOfBitMap: 0x00000000d4400000
[0.043s][debug][gc           ] SMC:initialize_top_at_mark_start for Region 648, TAMS: 0x00000000d4400000, TopOfBitMap: 0x00000000d4480000
[0.043s][debug][gc           ] SMC:initialize_top_at_mark_start for Region 649, TAMS: 0x00000000d4480000, TopOfBitMap: 0x00000000d4500000
[0.043s][debug][gc           ] SMC:initialize_top_at_mark_start for Region 650, TAMS: 0x00000000d4500000, TopOfBitMap: 0x00000000d4580000
[0.043s][debug][gc           ] SMC:initialize_top_at_mark_start for Region 651, TAMS: 0x00000000d4580000, TopOfBitMap: 0x00000000d4600000
[0.043s][debug][gc           ] SMC:initialize_top_at_mark_start for Region 652, TAMS: 0x00000000d4600000, TopOfBitMap: 0x00000000d4680000
[0.043s][debug][gc           ] SMC:initialize_top_at_mark_start for Region 653, TAMS: 0x00000000d4680000, TopOfBitMap: 0x00000000d4700000
[0.043s][debug][gc           ] SMC:initialize_top_at_mark_start for Region 654, TAMS: 0x00000000d4700000, TopOfBitMap: 0x00000000d4780000
[0.043s][debug][gc           ] SMC:initialize_top_at_mark_start for Region 655, TAMS: 0x00000000d4780000, TopOfBitMap: 0x00000000d4800000
[0.043s][debug][gc           ] SMC:initialize_top_at_mark_start for Region 656, TAMS: 0x00000000d4800000, TopOfBitMap: 0x00000000d4880000
[0.043s][debug][gc           ] SMC:initialize_top_at_mark_start for Region 657, TAMS: 0x00000000d4880000, TopOfBitMap: 0x00000000d4900000
[0.043s][debug][gc           ] SMC:initialize_top_at_mark_start for Region 658, TAMS: 0x00000000d4900000, TopOfBitMap: 0x00000000d4980000
[0.043s][debug][gc           ] SMC:initialize_top_at_mark_start for Region 659, TAMS: 0x00000000d4980000, TopOfBitMap: 0x00000000d4a00000
[0.043s][debug][gc           ] SMC:initialize_top_at_mark_start for Region 660, TAMS: 0x00000000d4a00000, TopOfBitMap: 0x00000000d4a80000
[0.043s][debug][gc           ] SMC:initialize_top_at_mark_start for Region 661, TAMS: 0x00000000d4a80000, TopOfBitMap: 0x00000000d4b00000
[0.043s][debug][gc           ] SMC:initialize_top_at_mark_start for Region 662, TAMS: 0x00000000d4b00000, TopOfBitMap: 0x00000000d4b80000
[0.043s][debug][gc           ] SMC:initialize_top_at_mark_start for Region 663, TAMS: 0x00000000d4b80000, TopOfBitMap: 0x00000000d4c00000
[0.043s][debug][gc           ] SMC:initialize_top_at_mark_start for Region 664, TAMS: 0x00000000d4c00000, TopOfBitMap: 0x00000000d4c80000
[0.043s][debug][gc           ] SMC:initialize_top_at_mark_start for Region 665, TAMS: 0x00000000d4c80000, TopOfBitMap: 0x00000000d4d00000
[0.043s][debug][gc           ] SMC:initialize_top_at_mark_start for Region 666, TAMS: 0x00000000d4d00000, TopOfBitMap: 0x00000000d4d80000
[0.043s][debug][gc           ] SMC:initialize_top_at_mark_start for Region 667, TAMS: 0x00000000d4d80000, TopOfBitMap: 0x00000000d4e00000
[0.043s][debug][gc           ] SMC:initialize_top_at_mark_start for Region 668, TAMS: 0x00000000d4e00000, TopOfBitMap: 0x00000000d4e80000
[0.043s][debug][gc           ] SMC:initialize_top_at_mark_start for Region 669, TAMS: 0x00000000d4e80000, TopOfBitMap: 0x00000000d4f00000
[0.043s][debug][gc           ] SMC:initialize_top_at_mark_start for Region 670, TAMS: 0x00000000d4f00000, TopOfBitMap: 0x00000000d4f80000
[0.043s][debug][gc           ] SMC:initialize_top_at_mark_start for Region 671, TAMS: 0x00000000d4f80000, TopOfBitMap: 0x00000000d5000000
[0.043s][debug][gc           ] SMC:initialize_top_at_mark_start for Region 672, TAMS: 0x00000000d5000000, TopOfBitMap: 0x00000000d5080000
[0.043s][debug][gc           ] SMC:initialize_top_at_mark_start for Region 673, TAMS: 0x00000000d5080000, TopOfBitMap: 0x00000000d5100000
[0.043s][debug][gc           ] SMC:initialize_top_at_mark_start for Region 674, TAMS: 0x00000000d5100000, TopOfBitMap: 0x00000000d5180000
[0.043s][debug][gc           ] SMC:initialize_top_at_mark_start for Region 675, TAMS: 0x00000000d5180000, TopOfBitMap: 0x00000000d5200000
[0.043s][debug][gc           ] SMC:initialize_top_at_mark_start for Region 676, TAMS: 0x00000000d5200000, TopOfBitMap: 0x00000000d5280000
[0.043s][debug][gc           ] SMC:initialize_top_at_mark_start for Region 677, TAMS: 0x00000000d5280000, TopOfBitMap: 0x00000000d5300000
[0.043s][debug][gc           ] SMC:initialize_top_at_mark_start for Region 678, TAMS: 0x00000000d5300000, TopOfBitMap: 0x00000000d5380000
[0.043s][debug][gc           ] SMC:initialize_top_at_mark_start for Region 679, TAMS: 0x00000000d5380000, TopOfBitMap: 0x00000000d5400000
[0.043s][debug][gc           ] SMC:initialize_top_at_mark_start for Region 680, TAMS: 0x00000000d5400000, TopOfBitMap: 0x00000000d5480000
[0.043s][debug][gc           ] SMC:initialize_top_at_mark_start for Region 681, TAMS: 0x00000000d5480000, TopOfBitMap: 0x00000000d5500000
[0.043s][debug][gc           ] SMC:initialize_top_at_mark_start for Region 682, TAMS: 0x00000000d5500000, TopOfBitMap: 0x00000000d5580000
[0.043s][debug][gc           ] SMC:initialize_top_at_mark_start for Region 683, TAMS: 0x00000000d5580000, TopOfBitMap: 0x00000000d5600000
[0.043s][debug][gc           ] SMC:initialize_top_at_mark_start for Region 684, TAMS: 0x00000000d5600000, TopOfBitMap: 0x00000000d5680000
[0.043s][debug][gc           ] SMC:initialize_top_at_mark_start for Region 685, TAMS: 0x00000000d5680000, TopOfBitMap: 0x00000000d5700000
[0.043s][debug][gc           ] SMC:initialize_top_at_mark_start for Region 686, TAMS: 0x00000000d5700000, TopOfBitMap: 0x00000000d5780000
[0.043s][debug][gc           ] SMC:initialize_top_at_mark_start for Region 687, TAMS: 0x00000000d5780000, TopOfBitMap: 0x00000000d5800000
[0.043s][debug][gc           ] SMC:initialize_top_at_mark_start for Region 688, TAMS: 0x00000000d5800000, TopOfBitMap: 0x00000000d5880000
[0.043s][debug][gc           ] SMC:initialize_top_at_mark_start for Region 689, TAMS: 0x00000000d5880000, TopOfBitMap: 0x00000000d5900000
[0.043s][debug][gc           ] SMC:initialize_top_at_mark_start for Region 690, TAMS: 0x00000000d5900000, TopOfBitMap: 0x00000000d5980000
[0.043s][debug][gc           ] SMC:initialize_top_at_mark_start for Region 691, TAMS: 0x00000000d5980000, TopOfBitMap: 0x00000000d5a00000
[0.043s][debug][gc           ] SMC:initialize_top_at_mark_start for Region 692, TAMS: 0x00000000d5a00000, TopOfBitMap: 0x00000000d5a80000
[0.043s][debug][gc           ] SMC:initialize_top_at_mark_start for Region 693, TAMS: 0x00000000d5a80000, TopOfBitMap: 0x00000000d5b00000
[0.043s][debug][gc           ] SMC:initialize_top_at_mark_start for Region 694, TAMS: 0x00000000d5b00000, TopOfBitMap: 0x00000000d5b80000
[0.043s][debug][gc           ] SMC:initialize_top_at_mark_start for Region 695, TAMS: 0x00000000d5b80000, TopOfBitMap: 0x00000000d5c00000
[0.043s][debug][gc           ] SMC:initialize_top_at_mark_start for Region 696, TAMS: 0x00000000d5c00000, TopOfBitMap: 0x00000000d5c80000
[0.043s][debug][gc           ] SMC:initialize_top_at_mark_start for Region 697, TAMS: 0x00000000d5c80000, TopOfBitMap: 0x00000000d5d00000
[0.043s][debug][gc           ] SMC:initialize_top_at_mark_start for Region 698, TAMS: 0x00000000d5d00000, TopOfBitMap: 0x00000000d5d80000
[0.043s][debug][gc           ] SMC:initialize_top_at_mark_start for Region 699, TAMS: 0x00000000d5d80000, TopOfBitMap: 0x00000000d5e00000
[0.043s][debug][gc           ] SMC:initialize_top_at_mark_start for Region 700, TAMS: 0x00000000d5e00000, TopOfBitMap: 0x00000000d5e80000
[0.043s][debug][gc           ] SMC:initialize_top_at_mark_start for Region 701, TAMS: 0x00000000d5e80000, TopOfBitMap: 0x00000000d5f00000
[0.043s][debug][gc           ] SMC:initialize_top_at_mark_start for Region 702, TAMS: 0x00000000d5f00000, TopOfBitMap: 0x00000000d5f80000
[0.043s][debug][gc           ] SMC:initialize_top_at_mark_start for Region 703, TAMS: 0x00000000d5f80000, TopOfBitMap: 0x00000000d6000000
[0.043s][debug][gc           ] SMC:initialize_top_at_mark_start for Region 704, TAMS: 0x00000000d6000000, TopOfBitMap: 0x00000000d6080000
[0.043s][debug][gc           ] SMC:initialize_top_at_mark_start for Region 705, TAMS: 0x00000000d6080000, TopOfBitMap: 0x00000000d6100000
[0.043s][debug][gc           ] SMC:initialize_top_at_mark_start for Region 706, TAMS: 0x00000000d6100000, TopOfBitMap: 0x00000000d6180000
[0.043s][debug][gc           ] SMC:initialize_top_at_mark_start for Region 707, TAMS: 0x00000000d6180000, TopOfBitMap: 0x00000000d6200000
[0.043s][debug][gc           ] SMC:initialize_top_at_mark_start for Region 708, TAMS: 0x00000000d6200000, TopOfBitMap: 0x00000000d6280000
[0.043s][debug][gc           ] SMC:initialize_top_at_mark_start for Region 709, TAMS: 0x00000000d6280000, TopOfBitMap: 0x00000000d6300000
[0.043s][debug][gc           ] SMC:initialize_top_at_mark_start for Region 710, TAMS: 0x00000000d6300000, TopOfBitMap: 0x00000000d6380000
[0.043s][debug][gc           ] SMC:initialize_top_at_mark_start for Region 711, TAMS: 0x00000000d6380000, TopOfBitMap: 0x00000000d6400000
[0.043s][debug][gc           ] SMC:initialize_top_at_mark_start for Region 712, TAMS: 0x00000000d6400000, TopOfBitMap: 0x00000000d6480000
[0.043s][debug][gc           ] SMC:initialize_top_at_mark_start for Region 713, TAMS: 0x00000000d6480000, TopOfBitMap: 0x00000000d6500000
[0.043s][debug][gc           ] SMC:initialize_top_at_mark_start for Region 714, TAMS: 0x00000000d6500000, TopOfBitMap: 0x00000000d6580000
[0.043s][debug][gc           ] SMC:initialize_top_at_mark_start for Region 715, TAMS: 0x00000000d6580000, TopOfBitMap: 0x00000000d6600000
[0.043s][debug][gc           ] SMC:initialize_top_at_mark_start for Region 716, TAMS: 0x00000000d6600000, TopOfBitMap: 0x00000000d6680000
[0.043s][debug][gc           ] SMC:initialize_top_at_mark_start for Region 717, TAMS: 0x00000000d6680000, TopOfBitMap: 0x00000000d6700000
[0.043s][debug][gc           ] SMC:initialize_top_at_mark_start for Region 718, TAMS: 0x00000000d6700000, TopOfBitMap: 0x00000000d6780000
[0.043s][debug][gc           ] SMC:initialize_top_at_mark_start for Region 719, TAMS: 0x00000000d6780000, TopOfBitMap: 0x00000000d6800000
[0.043s][debug][gc           ] SMC:initialize_top_at_mark_start for Region 720, TAMS: 0x00000000d6800000, TopOfBitMap: 0x00000000d6880000
[0.043s][debug][gc           ] SMC:initialize_top_at_mark_start for Region 721, TAMS: 0x00000000d6880000, TopOfBitMap: 0x00000000d6900000
[0.043s][debug][gc           ] SMC:initialize_top_at_mark_start for Region 722, TAMS: 0x00000000d6900000, TopOfBitMap: 0x00000000d6980000
[0.043s][debug][gc           ] SMC:initialize_top_at_mark_start for Region 723, TAMS: 0x00000000d6980000, TopOfBitMap: 0x00000000d6a00000
[0.043s][debug][gc           ] SMC:initialize_top_at_mark_start for Region 724, TAMS: 0x00000000d6a00000, TopOfBitMap: 0x00000000d6a80000
[0.043s][debug][gc           ] SMC:initialize_top_at_mark_start for Region 725, TAMS: 0x00000000d6a80000, TopOfBitMap: 0x00000000d6b00000
[0.043s][debug][gc           ] SMC:initialize_top_at_mark_start for Region 726, TAMS: 0x00000000d6b00000, TopOfBitMap: 0x00000000d6b80000
[0.043s][debug][gc           ] SMC:initialize_top_at_mark_start for Region 727, TAMS: 0x00000000d6b80000, TopOfBitMap: 0x00000000d6c00000
[0.043s][debug][gc           ] SMC:initialize_top_at_mark_start for Region 728, TAMS: 0x00000000d6c00000, TopOfBitMap: 0x00000000d6c80000
[0.043s][debug][gc           ] SMC:initialize_top_at_mark_start for Region 729, TAMS: 0x00000000d6c80000, TopOfBitMap: 0x00000000d6d00000
[0.043s][debug][gc           ] SMC:initialize_top_at_mark_start for Region 730, TAMS: 0x00000000d6d00000, TopOfBitMap: 0x00000000d6d80000
[0.043s][debug][gc           ] SMC:initialize_top_at_mark_start for Region 731, TAMS: 0x00000000d6d80000, TopOfBitMap: 0x00000000d6e00000
[0.043s][debug][gc           ] SMC:initialize_top_at_mark_start for Region 732, TAMS: 0x00000000d6e00000, TopOfBitMap: 0x00000000d6e80000
[0.043s][debug][gc           ] SMC:initialize_top_at_mark_start for Region 733, TAMS: 0x00000000d6e80000, TopOfBitMap: 0x00000000d6f00000
[0.043s][debug][gc           ] SMC:initialize_top_at_mark_start for Region 734, TAMS: 0x00000000d6f00000, TopOfBitMap: 0x00000000d6f80000
[0.043s][debug][gc           ] SMC:initialize_top_at_mark_start for Region 735, TAMS: 0x00000000d6f80000, TopOfBitMap: 0x00000000d7000000
[0.043s][debug][gc           ] SMC:initialize_top_at_mark_start for Region 736, TAMS: 0x00000000d7000000, TopOfBitMap: 0x00000000d7080000
[0.043s][debug][gc           ] SMC:initialize_top_at_mark_start for Region 737, TAMS: 0x00000000d7080000, TopOfBitMap: 0x00000000d7100000
[0.043s][debug][gc           ] SMC:initialize_top_at_mark_start for Region 738, TAMS: 0x00000000d7100000, TopOfBitMap: 0x00000000d7180000
[0.043s][debug][gc           ] SMC:initialize_top_at_mark_start for Region 739, TAMS: 0x00000000d7180000, TopOfBitMap: 0x00000000d7200000
[0.043s][debug][gc           ] SMC:initialize_top_at_mark_start for Region 740, TAMS: 0x00000000d7200000, TopOfBitMap: 0x00000000d7280000
[0.043s][debug][gc           ] SMC:initialize_top_at_mark_start for Region 741, TAMS: 0x00000000d7280000, TopOfBitMap: 0x00000000d7300000
[0.043s][debug][gc           ] SMC:initialize_top_at_mark_start for Region 742, TAMS: 0x00000000d7300000, TopOfBitMap: 0x00000000d7380000
[0.043s][debug][gc           ] SMC:initialize_top_at_mark_start for Region 743, TAMS: 0x00000000d7380000, TopOfBitMap: 0x00000000d7400000
[0.043s][debug][gc           ] SMC:initialize_top_at_mark_start for Region 744, TAMS: 0x00000000d7400000, TopOfBitMap: 0x00000000d7480000
[0.043s][debug][gc           ] SMC:initialize_top_at_mark_start for Region 745, TAMS: 0x00000000d7480000, TopOfBitMap: 0x00000000d7500000
[0.043s][debug][gc           ] SMC:initialize_top_at_mark_start for Region 746, TAMS: 0x00000000d7500000, TopOfBitMap: 0x00000000d7580000
[0.043s][debug][gc           ] SMC:initialize_top_at_mark_start for Region 747, TAMS: 0x00000000d7580000, TopOfBitMap: 0x00000000d7600000
[0.043s][debug][gc           ] SMC:initialize_top_at_mark_start for Region 748, TAMS: 0x00000000d7600000, TopOfBitMap: 0x00000000d7680000
[0.043s][debug][gc           ] SMC:initialize_top_at_mark_start for Region 749, TAMS: 0x00000000d7680000, TopOfBitMap: 0x00000000d7700000
[0.043s][debug][gc           ] SMC:initialize_top_at_mark_start for Region 750, TAMS: 0x00000000d7700000, TopOfBitMap: 0x00000000d7780000
[0.043s][debug][gc           ] SMC:initialize_top_at_mark_start for Region 751, TAMS: 0x00000000d7780000, TopOfBitMap: 0x00000000d7800000
[0.043s][debug][gc           ] SMC:initialize_top_at_mark_start for Region 752, TAMS: 0x00000000d7800000, TopOfBitMap: 0x00000000d7880000
[0.043s][debug][gc           ] SMC:initialize_top_at_mark_start for Region 753, TAMS: 0x00000000d7880000, TopOfBitMap: 0x00000000d7900000
[0.043s][debug][gc           ] SMC:initialize_top_at_mark_start for Region 754, TAMS: 0x00000000d7900000, TopOfBitMap: 0x00000000d7980000
[0.043s][debug][gc           ] SMC:initialize_top_at_mark_start for Region 755, TAMS: 0x00000000d7980000, TopOfBitMap: 0x00000000d7a00000
[0.043s][debug][gc           ] SMC:initialize_top_at_mark_start for Region 756, TAMS: 0x00000000d7a00000, TopOfBitMap: 0x00000000d7a80000
[0.043s][debug][gc           ] SMC:initialize_top_at_mark_start for Region 757, TAMS: 0x00000000d7a80000, TopOfBitMap: 0x00000000d7b00000
[0.043s][debug][gc           ] SMC:initialize_top_at_mark_start for Region 758, TAMS: 0x00000000d7b00000, TopOfBitMap: 0x00000000d7b80000
[0.043s][debug][gc           ] SMC:initialize_top_at_mark_start for Region 759, TAMS: 0x00000000d7b80000, TopOfBitMap: 0x00000000d7c00000
[0.043s][debug][gc           ] SMC:initialize_top_at_mark_start for Region 760, TAMS: 0x00000000d7c00000, TopOfBitMap: 0x00000000d7c80000
[0.043s][debug][gc           ] SMC:initialize_top_at_mark_start for Region 761, TAMS: 0x00000000d7c80000, TopOfBitMap: 0x00000000d7d00000
[0.043s][debug][gc           ] SMC:initialize_top_at_mark_start for Region 762, TAMS: 0x00000000d7d00000, TopOfBitMap: 0x00000000d7d80000
[0.043s][debug][gc           ] SMC:initialize_top_at_mark_start for Region 763, TAMS: 0x00000000d7d80000, TopOfBitMap: 0x00000000d7e00000
[0.043s][debug][gc           ] SMC:initialize_top_at_mark_start for Region 764, TAMS: 0x00000000d7e00000, TopOfBitMap: 0x00000000d7e80000
[0.043s][debug][gc           ] SMC:initialize_top_at_mark_start for Region 765, TAMS: 0x00000000d7e80000, TopOfBitMap: 0x00000000d7f00000
[0.043s][debug][gc           ] SMC:initialize_top_at_mark_start for Region 766, TAMS: 0x00000000d7f00000, TopOfBitMap: 0x00000000d7f80000
[0.043s][debug][gc           ] SMC:initialize_top_at_mark_start for Region 767, TAMS: 0x00000000d7f80000, TopOfBitMap: 0x00000000d8000000
[0.043s][debug][gc           ] SMC:initialize_top_at_mark_start for Region 768, TAMS: 0x00000000d8000000, TopOfBitMap: 0x00000000d8080000
[0.043s][debug][gc           ] SMC:initialize_top_at_mark_start for Region 769, TAMS: 0x00000000d8080000, TopOfBitMap: 0x00000000d8100000
[0.043s][debug][gc           ] SMC:initialize_top_at_mark_start for Region 770, TAMS: 0x00000000d8100000, TopOfBitMap: 0x00000000d8180000
[0.043s][debug][gc           ] SMC:initialize_top_at_mark_start for Region 771, TAMS: 0x00000000d8180000, TopOfBitMap: 0x00000000d8200000
[0.043s][debug][gc           ] SMC:initialize_top_at_mark_start for Region 772, TAMS: 0x00000000d8200000, TopOfBitMap: 0x00000000d8280000
[0.043s][debug][gc           ] SMC:initialize_top_at_mark_start for Region 773, TAMS: 0x00000000d8280000, TopOfBitMap: 0x00000000d8300000
[0.043s][debug][gc           ] SMC:initialize_top_at_mark_start for Region 774, TAMS: 0x00000000d8300000, TopOfBitMap: 0x00000000d8380000
[0.043s][debug][gc           ] SMC:initialize_top_at_mark_start for Region 775, TAMS: 0x00000000d8380000, TopOfBitMap: 0x00000000d8400000
[0.043s][debug][gc           ] SMC:initialize_top_at_mark_start for Region 776, TAMS: 0x00000000d8400000, TopOfBitMap: 0x00000000d8480000
[0.043s][debug][gc           ] SMC:initialize_top_at_mark_start for Region 777, TAMS: 0x00000000d8480000, TopOfBitMap: 0x00000000d8500000
[0.043s][debug][gc           ] SMC:initialize_top_at_mark_start for Region 778, TAMS: 0x00000000d8500000, TopOfBitMap: 0x00000000d8580000
[0.043s][debug][gc           ] SMC:initialize_top_at_mark_start for Region 779, TAMS: 0x00000000d8580000, TopOfBitMap: 0x00000000d8600000
[0.043s][debug][gc           ] SMC:initialize_top_at_mark_start for Region 780, TAMS: 0x00000000d8600000, TopOfBitMap: 0x00000000d8680000
[0.043s][debug][gc           ] SMC:initialize_top_at_mark_start for Region 781, TAMS: 0x00000000d8680000, TopOfBitMap: 0x00000000d8700000
[0.043s][debug][gc           ] SMC:initialize_top_at_mark_start for Region 782, TAMS: 0x00000000d8700000, TopOfBitMap: 0x00000000d8780000
[0.043s][debug][gc           ] SMC:initialize_top_at_mark_start for Region 783, TAMS: 0x00000000d8780000, TopOfBitMap: 0x00000000d8800000
[0.043s][debug][gc           ] SMC:initialize_top_at_mark_start for Region 784, TAMS: 0x00000000d8800000, TopOfBitMap: 0x00000000d8880000
[0.043s][debug][gc           ] SMC:initialize_top_at_mark_start for Region 785, TAMS: 0x00000000d8880000, TopOfBitMap: 0x00000000d8900000
[0.043s][debug][gc           ] SMC:initialize_top_at_mark_start for Region 786, TAMS: 0x00000000d8900000, TopOfBitMap: 0x00000000d8980000
[0.043s][debug][gc           ] SMC:initialize_top_at_mark_start for Region 787, TAMS: 0x00000000d8980000, TopOfBitMap: 0x00000000d8a00000
[0.043s][debug][gc           ] SMC:initialize_top_at_mark_start for Region 788, TAMS: 0x00000000d8a00000, TopOfBitMap: 0x00000000d8a80000
[0.043s][debug][gc           ] SMC:initialize_top_at_mark_start for Region 789, TAMS: 0x00000000d8a80000, TopOfBitMap: 0x00000000d8b00000
[0.043s][debug][gc           ] SMC:initialize_top_at_mark_start for Region 790, TAMS: 0x00000000d8b00000, TopOfBitMap: 0x00000000d8b80000
[0.043s][debug][gc           ] SMC:initialize_top_at_mark_start for Region 791, TAMS: 0x00000000d8b80000, TopOfBitMap: 0x00000000d8c00000
[0.043s][debug][gc           ] SMC:initialize_top_at_mark_start for Region 792, TAMS: 0x00000000d8c00000, TopOfBitMap: 0x00000000d8c80000
[0.043s][debug][gc           ] SMC:initialize_top_at_mark_start for Region 793, TAMS: 0x00000000d8c80000, TopOfBitMap: 0x00000000d8d00000
[0.043s][debug][gc           ] SMC:initialize_top_at_mark_start for Region 794, TAMS: 0x00000000d8d00000, TopOfBitMap: 0x00000000d8d80000
[0.043s][debug][gc           ] SMC:initialize_top_at_mark_start for Region 795, TAMS: 0x00000000d8d80000, TopOfBitMap: 0x00000000d8e00000
[0.043s][debug][gc           ] SMC:initialize_top_at_mark_start for Region 796, TAMS: 0x00000000d8e00000, TopOfBitMap: 0x00000000d8e80000
[0.043s][debug][gc           ] SMC:initialize_top_at_mark_start for Region 797, TAMS: 0x00000000d8e80000, TopOfBitMap: 0x00000000d8f00000
[0.043s][debug][gc           ] SMC:initialize_top_at_mark_start for Region 798, TAMS: 0x00000000d8f00000, TopOfBitMap: 0x00000000d8f80000
[0.043s][debug][gc           ] SMC:initialize_top_at_mark_start for Region 799, TAMS: 0x00000000d8f80000, TopOfBitMap: 0x00000000d9000000
[0.043s][debug][gc           ] SMC:initialize_top_at_mark_start for Region 800, TAMS: 0x00000000d9000000, TopOfBitMap: 0x00000000d9080000
[0.043s][debug][gc           ] SMC:initialize_top_at_mark_start for Region 801, TAMS: 0x00000000d9080000, TopOfBitMap: 0x00000000d9100000
[0.043s][debug][gc           ] SMC:initialize_top_at_mark_start for Region 802, TAMS: 0x00000000d9100000, TopOfBitMap: 0x00000000d9180000
[0.043s][debug][gc           ] SMC:initialize_top_at_mark_start for Region 803, TAMS: 0x00000000d9180000, TopOfBitMap: 0x00000000d9200000
[0.043s][debug][gc           ] SMC:initialize_top_at_mark_start for Region 804, TAMS: 0x00000000d9200000, TopOfBitMap: 0x00000000d9280000
[0.043s][debug][gc           ] SMC:initialize_top_at_mark_start for Region 805, TAMS: 0x00000000d9280000, TopOfBitMap: 0x00000000d9300000
[0.043s][debug][gc           ] SMC:initialize_top_at_mark_start for Region 806, TAMS: 0x00000000d9300000, TopOfBitMap: 0x00000000d9380000
[0.043s][debug][gc           ] SMC:initialize_top_at_mark_start for Region 807, TAMS: 0x00000000d9380000, TopOfBitMap: 0x00000000d9400000
[0.043s][debug][gc           ] SMC:initialize_top_at_mark_start for Region 808, TAMS: 0x00000000d9400000, TopOfBitMap: 0x00000000d9480000
[0.043s][debug][gc           ] SMC:initialize_top_at_mark_start for Region 809, TAMS: 0x00000000d9480000, TopOfBitMap: 0x00000000d9500000
[0.043s][debug][gc           ] SMC:initialize_top_at_mark_start for Region 810, TAMS: 0x00000000d9500000, TopOfBitMap: 0x00000000d9580000
[0.043s][debug][gc           ] SMC:initialize_top_at_mark_start for Region 811, TAMS: 0x00000000d9580000, TopOfBitMap: 0x00000000d9600000
[0.043s][debug][gc           ] SMC:initialize_top_at_mark_start for Region 812, TAMS: 0x00000000d9600000, TopOfBitMap: 0x00000000d9680000
[0.043s][debug][gc           ] SMC:initialize_top_at_mark_start for Region 813, TAMS: 0x00000000d9680000, TopOfBitMap: 0x00000000d9700000
[0.043s][debug][gc           ] SMC:initialize_top_at_mark_start for Region 814, TAMS: 0x00000000d9700000, TopOfBitMap: 0x00000000d9780000
[0.043s][debug][gc           ] SMC:initialize_top_at_mark_start for Region 815, TAMS: 0x00000000d9780000, TopOfBitMap: 0x00000000d9800000
[0.043s][debug][gc           ] SMC:initialize_top_at_mark_start for Region 816, TAMS: 0x00000000d9800000, TopOfBitMap: 0x00000000d9880000
[0.043s][debug][gc           ] SMC:initialize_top_at_mark_start for Region 817, TAMS: 0x00000000d9880000, TopOfBitMap: 0x00000000d9900000
[0.043s][debug][gc           ] SMC:initialize_top_at_mark_start for Region 818, TAMS: 0x00000000d9900000, TopOfBitMap: 0x00000000d9980000
[0.043s][debug][gc           ] SMC:initialize_top_at_mark_start for Region 819, TAMS: 0x00000000d9980000, TopOfBitMap: 0x00000000d9a00000
[0.043s][debug][gc           ] SMC:initialize_top_at_mark_start for Region 820, TAMS: 0x00000000d9a00000, TopOfBitMap: 0x00000000d9a80000
[0.043s][debug][gc           ] SMC:initialize_top_at_mark_start for Region 821, TAMS: 0x00000000d9a80000, TopOfBitMap: 0x00000000d9b00000
[0.043s][debug][gc           ] SMC:initialize_top_at_mark_start for Region 822, TAMS: 0x00000000d9b00000, TopOfBitMap: 0x00000000d9b80000
[0.043s][debug][gc           ] SMC:initialize_top_at_mark_start for Region 823, TAMS: 0x00000000d9b80000, TopOfBitMap: 0x00000000d9c00000
[0.043s][debug][gc           ] SMC:initialize_top_at_mark_start for Region 824, TAMS: 0x00000000d9c00000, TopOfBitMap: 0x00000000d9c80000
[0.043s][debug][gc           ] SMC:initialize_top_at_mark_start for Region 825, TAMS: 0x00000000d9c80000, TopOfBitMap: 0x00000000d9d00000
[0.043s][debug][gc           ] SMC:initialize_top_at_mark_start for Region 826, TAMS: 0x00000000d9d00000, TopOfBitMap: 0x00000000d9d80000
[0.043s][debug][gc           ] SMC:initialize_top_at_mark_start for Region 827, TAMS: 0x00000000d9d80000, TopOfBitMap: 0x00000000d9e00000
[0.043s][debug][gc           ] SMC:initialize_top_at_mark_start for Region 828, TAMS: 0x00000000d9e00000, TopOfBitMap: 0x00000000d9e80000
[0.043s][debug][gc           ] SMC:initialize_top_at_mark_start for Region 829, TAMS: 0x00000000d9e80000, TopOfBitMap: 0x00000000d9f00000
[0.043s][debug][gc           ] SMC:initialize_top_at_mark_start for Region 830, TAMS: 0x00000000d9f00000, TopOfBitMap: 0x00000000d9f80000
[0.043s][debug][gc           ] SMC:initialize_top_at_mark_start for Region 831, TAMS: 0x00000000d9f80000, TopOfBitMap: 0x00000000da000000
[0.043s][debug][gc           ] SMC:initialize_top_at_mark_start for Region 832, TAMS: 0x00000000da000000, TopOfBitMap: 0x00000000da080000
[0.043s][debug][gc           ] SMC:initialize_top_at_mark_start for Region 833, TAMS: 0x00000000da080000, TopOfBitMap: 0x00000000da100000
[0.043s][debug][gc           ] SMC:initialize_top_at_mark_start for Region 834, TAMS: 0x00000000da100000, TopOfBitMap: 0x00000000da180000
[0.043s][debug][gc           ] SMC:initialize_top_at_mark_start for Region 835, TAMS: 0x00000000da180000, TopOfBitMap: 0x00000000da200000
[0.043s][debug][gc           ] SMC:initialize_top_at_mark_start for Region 836, TAMS: 0x00000000da200000, TopOfBitMap: 0x00000000da280000
[0.043s][debug][gc           ] SMC:initialize_top_at_mark_start for Region 837, TAMS: 0x00000000da280000, TopOfBitMap: 0x00000000da300000
[0.043s][debug][gc           ] SMC:initialize_top_at_mark_start for Region 838, TAMS: 0x00000000da300000, TopOfBitMap: 0x00000000da380000
[0.043s][debug][gc           ] SMC:initialize_top_at_mark_start for Region 839, TAMS: 0x00000000da380000, TopOfBitMap: 0x00000000da400000
[0.043s][debug][gc           ] SMC:initialize_top_at_mark_start for Region 840, TAMS: 0x00000000da400000, TopOfBitMap: 0x00000000da480000
[0.043s][debug][gc           ] SMC:initialize_top_at_mark_start for Region 841, TAMS: 0x00000000da480000, TopOfBitMap: 0x00000000da500000
[0.043s][debug][gc           ] SMC:initialize_top_at_mark_start for Region 842, TAMS: 0x00000000da500000, TopOfBitMap: 0x00000000da580000
[0.043s][debug][gc           ] SMC:initialize_top_at_mark_start for Region 843, TAMS: 0x00000000da580000, TopOfBitMap: 0x00000000da600000
[0.043s][debug][gc           ] SMC:initialize_top_at_mark_start for Region 844, TAMS: 0x00000000da600000, TopOfBitMap: 0x00000000da680000
[0.043s][debug][gc           ] SMC:initialize_top_at_mark_start for Region 845, TAMS: 0x00000000da680000, TopOfBitMap: 0x00000000da700000
[0.043s][debug][gc           ] SMC:initialize_top_at_mark_start for Region 846, TAMS: 0x00000000da700000, TopOfBitMap: 0x00000000da780000
[0.043s][debug][gc           ] SMC:initialize_top_at_mark_start for Region 847, TAMS: 0x00000000da780000, TopOfBitMap: 0x00000000da800000
[0.043s][debug][gc           ] SMC:initialize_top_at_mark_start for Region 848, TAMS: 0x00000000da800000, TopOfBitMap: 0x00000000da880000
[0.043s][debug][gc           ] SMC:initialize_top_at_mark_start for Region 849, TAMS: 0x00000000da880000, TopOfBitMap: 0x00000000da900000
[0.043s][debug][gc           ] SMC:initialize_top_at_mark_start for Region 850, TAMS: 0x00000000da900000, TopOfBitMap: 0x00000000da980000
[0.043s][debug][gc           ] SMC:initialize_top_at_mark_start for Region 851, TAMS: 0x00000000da980000, TopOfBitMap: 0x00000000daa00000
[0.043s][debug][gc           ] SMC:initialize_top_at_mark_start for Region 852, TAMS: 0x00000000daa00000, TopOfBitMap: 0x00000000daa80000
[0.043s][debug][gc           ] SMC:initialize_top_at_mark_start for Region 853, TAMS: 0x00000000daa80000, TopOfBitMap: 0x00000000dab00000
[0.043s][debug][gc           ] SMC:initialize_top_at_mark_start for Region 854, TAMS: 0x00000000dab00000, TopOfBitMap: 0x00000000dab80000
[0.043s][debug][gc           ] SMC:initialize_top_at_mark_start for Region 855, TAMS: 0x00000000dab80000, TopOfBitMap: 0x00000000dac00000
[0.043s][debug][gc           ] SMC:initialize_top_at_mark_start for Region 856, TAMS: 0x00000000dac00000, TopOfBitMap: 0x00000000dac80000
[0.043s][debug][gc           ] SMC:initialize_top_at_mark_start for Region 857, TAMS: 0x00000000dac80000, TopOfBitMap: 0x00000000dad00000
[0.043s][debug][gc           ] SMC:initialize_top_at_mark_start for Region 858, TAMS: 0x00000000dad00000, TopOfBitMap: 0x00000000dad80000
[0.043s][debug][gc           ] SMC:initialize_top_at_mark_start for Region 859, TAMS: 0x00000000dad80000, TopOfBitMap: 0x00000000dae00000
[0.043s][debug][gc           ] SMC:initialize_top_at_mark_start for Region 860, TAMS: 0x00000000dae00000, TopOfBitMap: 0x00000000dae80000
[0.043s][debug][gc           ] SMC:initialize_top_at_mark_start for Region 861, TAMS: 0x00000000dae80000, TopOfBitMap: 0x00000000daf00000
[0.043s][debug][gc           ] SMC:initialize_top_at_mark_start for Region 862, TAMS: 0x00000000daf00000, TopOfBitMap: 0x00000000daf80000
[0.043s][debug][gc           ] SMC:initialize_top_at_mark_start for Region 863, TAMS: 0x00000000daf80000, TopOfBitMap: 0x00000000db000000
[0.043s][debug][gc           ] SMC:initialize_top_at_mark_start for Region 864, TAMS: 0x00000000db000000, TopOfBitMap: 0x00000000db080000
[0.043s][debug][gc           ] SMC:initialize_top_at_mark_start for Region 865, TAMS: 0x00000000db080000, TopOfBitMap: 0x00000000db100000
[0.043s][debug][gc           ] SMC:initialize_top_at_mark_start for Region 866, TAMS: 0x00000000db100000, TopOfBitMap: 0x00000000db180000
[0.043s][debug][gc           ] SMC:initialize_top_at_mark_start for Region 867, TAMS: 0x00000000db180000, TopOfBitMap: 0x00000000db200000
[0.043s][debug][gc           ] SMC:initialize_top_at_mark_start for Region 868, TAMS: 0x00000000db200000, TopOfBitMap: 0x00000000db280000
[0.043s][debug][gc           ] SMC:initialize_top_at_mark_start for Region 869, TAMS: 0x00000000db280000, TopOfBitMap: 0x00000000db300000
[0.043s][debug][gc           ] SMC:initialize_top_at_mark_start for Region 870, TAMS: 0x00000000db300000, TopOfBitMap: 0x00000000db380000
[0.043s][debug][gc           ] SMC:initialize_top_at_mark_start for Region 871, TAMS: 0x00000000db380000, TopOfBitMap: 0x00000000db400000
[0.044s][debug][gc           ] SMC:initialize_top_at_mark_start for Region 872, TAMS: 0x00000000db400000, TopOfBitMap: 0x00000000db480000
[0.044s][debug][gc           ] SMC:initialize_top_at_mark_start for Region 873, TAMS: 0x00000000db480000, TopOfBitMap: 0x00000000db500000
[0.044s][debug][gc           ] SMC:initialize_top_at_mark_start for Region 874, TAMS: 0x00000000db500000, TopOfBitMap: 0x00000000db580000
[0.044s][debug][gc           ] SMC:initialize_top_at_mark_start for Region 875, TAMS: 0x00000000db580000, TopOfBitMap: 0x00000000db600000
[0.044s][debug][gc           ] SMC:initialize_top_at_mark_start for Region 876, TAMS: 0x00000000db600000, TopOfBitMap: 0x00000000db680000
[0.044s][debug][gc           ] SMC:initialize_top_at_mark_start for Region 877, TAMS: 0x00000000db680000, TopOfBitMap: 0x00000000db700000
[0.044s][debug][gc           ] SMC:initialize_top_at_mark_start for Region 878, TAMS: 0x00000000db700000, TopOfBitMap: 0x00000000db780000
[0.044s][debug][gc           ] SMC:initialize_top_at_mark_start for Region 879, TAMS: 0x00000000db780000, TopOfBitMap: 0x00000000db800000
[0.044s][debug][gc           ] SMC:initialize_top_at_mark_start for Region 880, TAMS: 0x00000000db800000, TopOfBitMap: 0x00000000db880000
[0.044s][debug][gc           ] SMC:initialize_top_at_mark_start for Region 881, TAMS: 0x00000000db880000, TopOfBitMap: 0x00000000db900000
[0.044s][debug][gc           ] SMC:initialize_top_at_mark_start for Region 882, TAMS: 0x00000000db900000, TopOfBitMap: 0x00000000db980000
[0.044s][debug][gc           ] SMC:initialize_top_at_mark_start for Region 883, TAMS: 0x00000000db980000, TopOfBitMap: 0x00000000dba00000
[0.044s][debug][gc           ] SMC:initialize_top_at_mark_start for Region 884, TAMS: 0x00000000dba00000, TopOfBitMap: 0x00000000dba80000
[0.044s][debug][gc           ] SMC:initialize_top_at_mark_start for Region 885, TAMS: 0x00000000dba80000, TopOfBitMap: 0x00000000dbb00000
[0.044s][debug][gc           ] SMC:initialize_top_at_mark_start for Region 886, TAMS: 0x00000000dbb00000, TopOfBitMap: 0x00000000dbb80000
[0.044s][debug][gc           ] SMC:initialize_top_at_mark_start for Region 887, TAMS: 0x00000000dbb80000, TopOfBitMap: 0x00000000dbc00000
[0.044s][debug][gc           ] SMC:initialize_top_at_mark_start for Region 888, TAMS: 0x00000000dbc00000, TopOfBitMap: 0x00000000dbc80000
[0.044s][debug][gc           ] SMC:initialize_top_at_mark_start for Region 889, TAMS: 0x00000000dbc80000, TopOfBitMap: 0x00000000dbd00000
[0.044s][debug][gc           ] SMC:initialize_top_at_mark_start for Region 890, TAMS: 0x00000000dbd00000, TopOfBitMap: 0x00000000dbd80000
[0.044s][debug][gc           ] SMC:initialize_top_at_mark_start for Region 891, TAMS: 0x00000000dbd80000, TopOfBitMap: 0x00000000dbe00000
[0.044s][debug][gc           ] SMC:initialize_top_at_mark_start for Region 892, TAMS: 0x00000000dbe00000, TopOfBitMap: 0x00000000dbe80000
[0.044s][debug][gc           ] SMC:initialize_top_at_mark_start for Region 893, TAMS: 0x00000000dbe80000, TopOfBitMap: 0x00000000dbf00000
[0.044s][debug][gc           ] SMC:initialize_top_at_mark_start for Region 894, TAMS: 0x00000000dbf00000, TopOfBitMap: 0x00000000dbf80000
[0.044s][debug][gc           ] SMC:initialize_top_at_mark_start for Region 895, TAMS: 0x00000000dbf80000, TopOfBitMap: 0x00000000dc000000
[0.044s][debug][gc           ] SMC:initialize_top_at_mark_start for Region 896, TAMS: 0x00000000dc000000, TopOfBitMap: 0x00000000dc080000
[0.044s][debug][gc           ] SMC:initialize_top_at_mark_start for Region 897, TAMS: 0x00000000dc080000, TopOfBitMap: 0x00000000dc100000
[0.044s][debug][gc           ] SMC:initialize_top_at_mark_start for Region 898, TAMS: 0x00000000dc100000, TopOfBitMap: 0x00000000dc180000
[0.044s][debug][gc           ] SMC:initialize_top_at_mark_start for Region 899, TAMS: 0x00000000dc180000, TopOfBitMap: 0x00000000dc200000
[0.044s][debug][gc           ] SMC:initialize_top_at_mark_start for Region 900, TAMS: 0x00000000dc200000, TopOfBitMap: 0x00000000dc280000
[0.044s][debug][gc           ] SMC:initialize_top_at_mark_start for Region 901, TAMS: 0x00000000dc280000, TopOfBitMap: 0x00000000dc300000
[0.044s][debug][gc           ] SMC:initialize_top_at_mark_start for Region 902, TAMS: 0x00000000dc300000, TopOfBitMap: 0x00000000dc380000
[0.044s][debug][gc           ] SMC:initialize_top_at_mark_start for Region 903, TAMS: 0x00000000dc380000, TopOfBitMap: 0x00000000dc400000
[0.044s][debug][gc           ] SMC:initialize_top_at_mark_start for Region 904, TAMS: 0x00000000dc400000, TopOfBitMap: 0x00000000dc480000
[0.044s][debug][gc           ] SMC:initialize_top_at_mark_start for Region 905, TAMS: 0x00000000dc480000, TopOfBitMap: 0x00000000dc500000
[0.044s][debug][gc           ] SMC:initialize_top_at_mark_start for Region 906, TAMS: 0x00000000dc500000, TopOfBitMap: 0x00000000dc580000
[0.044s][debug][gc           ] SMC:initialize_top_at_mark_start for Region 907, TAMS: 0x00000000dc580000, TopOfBitMap: 0x00000000dc600000
[0.044s][debug][gc           ] SMC:initialize_top_at_mark_start for Region 908, TAMS: 0x00000000dc600000, TopOfBitMap: 0x00000000dc680000
[0.044s][debug][gc           ] SMC:initialize_top_at_mark_start for Region 909, TAMS: 0x00000000dc680000, TopOfBitMap: 0x00000000dc700000
[0.044s][debug][gc           ] SMC:initialize_top_at_mark_start for Region 910, TAMS: 0x00000000dc700000, TopOfBitMap: 0x00000000dc780000
[0.044s][debug][gc           ] SMC:initialize_top_at_mark_start for Region 911, TAMS: 0x00000000dc780000, TopOfBitMap: 0x00000000dc800000
[0.044s][debug][gc           ] SMC:initialize_top_at_mark_start for Region 912, TAMS: 0x00000000dc800000, TopOfBitMap: 0x00000000dc880000
[0.044s][debug][gc           ] SMC:initialize_top_at_mark_start for Region 913, TAMS: 0x00000000dc880000, TopOfBitMap: 0x00000000dc900000
[0.044s][debug][gc           ] SMC:initialize_top_at_mark_start for Region 914, TAMS: 0x00000000dc900000, TopOfBitMap: 0x00000000dc980000
[0.044s][debug][gc           ] SMC:initialize_top_at_mark_start for Region 915, TAMS: 0x00000000dc980000, TopOfBitMap: 0x00000000dca00000
[0.044s][debug][gc           ] SMC:initialize_top_at_mark_start for Region 916, TAMS: 0x00000000dca00000, TopOfBitMap: 0x00000000dca80000
[0.044s][debug][gc           ] SMC:initialize_top_at_mark_start for Region 917, TAMS: 0x00000000dca80000, TopOfBitMap: 0x00000000dcb00000
[0.044s][debug][gc           ] SMC:initialize_top_at_mark_start for Region 918, TAMS: 0x00000000dcb00000, TopOfBitMap: 0x00000000dcb80000
[0.044s][debug][gc           ] SMC:initialize_top_at_mark_start for Region 919, TAMS: 0x00000000dcb80000, TopOfBitMap: 0x00000000dcc00000
[0.044s][debug][gc           ] SMC:initialize_top_at_mark_start for Region 920, TAMS: 0x00000000dcc00000, TopOfBitMap: 0x00000000dcc80000
[0.044s][debug][gc           ] SMC:initialize_top_at_mark_start for Region 921, TAMS: 0x00000000dcc80000, TopOfBitMap: 0x00000000dcd00000
[0.044s][debug][gc           ] SMC:initialize_top_at_mark_start for Region 922, TAMS: 0x00000000dcd00000, TopOfBitMap: 0x00000000dcd80000
[0.044s][debug][gc           ] SMC:initialize_top_at_mark_start for Region 923, TAMS: 0x00000000dcd80000, TopOfBitMap: 0x00000000dce00000
[0.044s][debug][gc           ] SMC:initialize_top_at_mark_start for Region 924, TAMS: 0x00000000dce00000, TopOfBitMap: 0x00000000dce80000
[0.044s][debug][gc           ] SMC:initialize_top_at_mark_start for Region 925, TAMS: 0x00000000dce80000, TopOfBitMap: 0x00000000dcf00000
[0.044s][debug][gc           ] SMC:initialize_top_at_mark_start for Region 926, TAMS: 0x00000000dcf00000, TopOfBitMap: 0x00000000dcf80000
[0.044s][debug][gc           ] SMC:initialize_top_at_mark_start for Region 927, TAMS: 0x00000000dcf80000, TopOfBitMap: 0x00000000dd000000
[0.044s][debug][gc           ] SMC:initialize_top_at_mark_start for Region 928, TAMS: 0x00000000dd000000, TopOfBitMap: 0x00000000dd080000
[0.044s][debug][gc           ] SMC:initialize_top_at_mark_start for Region 929, TAMS: 0x00000000dd080000, TopOfBitMap: 0x00000000dd100000
[0.044s][debug][gc           ] SMC:initialize_top_at_mark_start for Region 930, TAMS: 0x00000000dd100000, TopOfBitMap: 0x00000000dd180000
[0.044s][debug][gc           ] SMC:initialize_top_at_mark_start for Region 931, TAMS: 0x00000000dd180000, TopOfBitMap: 0x00000000dd200000
[0.044s][debug][gc           ] SMC:initialize_top_at_mark_start for Region 932, TAMS: 0x00000000dd200000, TopOfBitMap: 0x00000000dd280000
[0.044s][debug][gc           ] SMC:initialize_top_at_mark_start for Region 933, TAMS: 0x00000000dd280000, TopOfBitMap: 0x00000000dd300000
[0.044s][debug][gc           ] SMC:initialize_top_at_mark_start for Region 934, TAMS: 0x00000000dd300000, TopOfBitMap: 0x00000000dd380000
[0.044s][debug][gc           ] SMC:initialize_top_at_mark_start for Region 935, TAMS: 0x00000000dd380000, TopOfBitMap: 0x00000000dd400000
[0.044s][debug][gc           ] SMC:initialize_top_at_mark_start for Region 936, TAMS: 0x00000000dd400000, TopOfBitMap: 0x00000000dd480000
[0.044s][debug][gc           ] SMC:initialize_top_at_mark_start for Region 937, TAMS: 0x00000000dd480000, TopOfBitMap: 0x00000000dd500000
[0.044s][debug][gc           ] SMC:initialize_top_at_mark_start for Region 938, TAMS: 0x00000000dd500000, TopOfBitMap: 0x00000000dd580000
[0.044s][debug][gc           ] SMC:initialize_top_at_mark_start for Region 939, TAMS: 0x00000000dd580000, TopOfBitMap: 0x00000000dd600000
[0.044s][debug][gc           ] SMC:initialize_top_at_mark_start for Region 940, TAMS: 0x00000000dd600000, TopOfBitMap: 0x00000000dd680000
[0.044s][debug][gc           ] SMC:initialize_top_at_mark_start for Region 941, TAMS: 0x00000000dd680000, TopOfBitMap: 0x00000000dd700000
[0.044s][debug][gc           ] SMC:initialize_top_at_mark_start for Region 942, TAMS: 0x00000000dd700000, TopOfBitMap: 0x00000000dd780000
[0.044s][debug][gc           ] SMC:initialize_top_at_mark_start for Region 943, TAMS: 0x00000000dd780000, TopOfBitMap: 0x00000000dd800000
[0.044s][debug][gc           ] SMC:initialize_top_at_mark_start for Region 944, TAMS: 0x00000000dd800000, TopOfBitMap: 0x00000000dd880000
[0.044s][debug][gc           ] SMC:initialize_top_at_mark_start for Region 945, TAMS: 0x00000000dd880000, TopOfBitMap: 0x00000000dd900000
[0.044s][debug][gc           ] SMC:initialize_top_at_mark_start for Region 946, TAMS: 0x00000000dd900000, TopOfBitMap: 0x00000000dd980000
[0.044s][debug][gc           ] SMC:initialize_top_at_mark_start for Region 947, TAMS: 0x00000000dd980000, TopOfBitMap: 0x00000000dda00000
[0.044s][debug][gc           ] SMC:initialize_top_at_mark_start for Region 948, TAMS: 0x00000000dda00000, TopOfBitMap: 0x00000000dda80000
[0.044s][debug][gc           ] SMC:initialize_top_at_mark_start for Region 949, TAMS: 0x00000000dda80000, TopOfBitMap: 0x00000000ddb00000
[0.044s][debug][gc           ] SMC:initialize_top_at_mark_start for Region 950, TAMS: 0x00000000ddb00000, TopOfBitMap: 0x00000000ddb80000
[0.044s][debug][gc           ] SMC:initialize_top_at_mark_start for Region 951, TAMS: 0x00000000ddb80000, TopOfBitMap: 0x00000000ddc00000
[0.044s][debug][gc           ] SMC:initialize_top_at_mark_start for Region 952, TAMS: 0x00000000ddc00000, TopOfBitMap: 0x00000000ddc80000
[0.044s][debug][gc           ] SMC:initialize_top_at_mark_start for Region 953, TAMS: 0x00000000ddc80000, TopOfBitMap: 0x00000000ddd00000
[0.044s][debug][gc           ] SMC:initialize_top_at_mark_start for Region 954, TAMS: 0x00000000ddd00000, TopOfBitMap: 0x00000000ddd80000
[0.044s][debug][gc           ] SMC:initialize_top_at_mark_start for Region 955, TAMS: 0x00000000ddd80000, TopOfBitMap: 0x00000000dde00000
[0.044s][debug][gc           ] SMC:initialize_top_at_mark_start for Region 956, TAMS: 0x00000000dde00000, TopOfBitMap: 0x00000000dde80000
[0.044s][debug][gc           ] SMC:initialize_top_at_mark_start for Region 957, TAMS: 0x00000000dde80000, TopOfBitMap: 0x00000000ddf00000
[0.044s][debug][gc           ] SMC:initialize_top_at_mark_start for Region 958, TAMS: 0x00000000ddf00000, TopOfBitMap: 0x00000000ddf80000
[0.044s][debug][gc           ] SMC:initialize_top_at_mark_start for Region 959, TAMS: 0x00000000ddf80000, TopOfBitMap: 0x00000000de000000
[0.044s][debug][gc           ] SMC:initialize_top_at_mark_start for Region 960, TAMS: 0x00000000de000000, TopOfBitMap: 0x00000000de080000
[0.044s][debug][gc           ] SMC:initialize_top_at_mark_start for Region 961, TAMS: 0x00000000de080000, TopOfBitMap: 0x00000000de100000
[0.044s][debug][gc           ] SMC:initialize_top_at_mark_start for Region 962, TAMS: 0x00000000de100000, TopOfBitMap: 0x00000000de180000
[0.044s][debug][gc           ] SMC:initialize_top_at_mark_start for Region 963, TAMS: 0x00000000de180000, TopOfBitMap: 0x00000000de200000
[0.044s][debug][gc           ] SMC:initialize_top_at_mark_start for Region 964, TAMS: 0x00000000de200000, TopOfBitMap: 0x00000000de280000
[0.044s][debug][gc           ] SMC:initialize_top_at_mark_start for Region 965, TAMS: 0x00000000de280000, TopOfBitMap: 0x00000000de300000
[0.044s][debug][gc           ] SMC:initialize_top_at_mark_start for Region 966, TAMS: 0x00000000de300000, TopOfBitMap: 0x00000000de380000
[0.044s][debug][gc           ] SMC:initialize_top_at_mark_start for Region 967, TAMS: 0x00000000de380000, TopOfBitMap: 0x00000000de400000
[0.044s][debug][gc           ] SMC:initialize_top_at_mark_start for Region 968, TAMS: 0x00000000de400000, TopOfBitMap: 0x00000000de480000
[0.044s][debug][gc           ] SMC:initialize_top_at_mark_start for Region 969, TAMS: 0x00000000de480000, TopOfBitMap: 0x00000000de500000
[0.044s][debug][gc           ] SMC:initialize_top_at_mark_start for Region 970, TAMS: 0x00000000de500000, TopOfBitMap: 0x00000000de580000
[0.044s][debug][gc           ] SMC:initialize_top_at_mark_start for Region 971, TAMS: 0x00000000de580000, TopOfBitMap: 0x00000000de600000
[0.044s][debug][gc           ] SMC:initialize_top_at_mark_start for Region 972, TAMS: 0x00000000de600000, TopOfBitMap: 0x00000000de680000
[0.044s][debug][gc           ] SMC:initialize_top_at_mark_start for Region 973, TAMS: 0x00000000de680000, TopOfBitMap: 0x00000000de700000
[0.044s][debug][gc           ] SMC:initialize_top_at_mark_start for Region 974, TAMS: 0x00000000de700000, TopOfBitMap: 0x00000000de780000
[0.044s][debug][gc           ] SMC:initialize_top_at_mark_start for Region 975, TAMS: 0x00000000de780000, TopOfBitMap: 0x00000000de800000
[0.044s][debug][gc           ] SMC:initialize_top_at_mark_start for Region 976, TAMS: 0x00000000de800000, TopOfBitMap: 0x00000000de880000
[0.044s][debug][gc           ] SMC:initialize_top_at_mark_start for Region 977, TAMS: 0x00000000de880000, TopOfBitMap: 0x00000000de900000
[0.044s][debug][gc           ] SMC:initialize_top_at_mark_start for Region 978, TAMS: 0x00000000de900000, TopOfBitMap: 0x00000000de980000
[0.044s][debug][gc           ] SMC:initialize_top_at_mark_start for Region 979, TAMS: 0x00000000de980000, TopOfBitMap: 0x00000000dea00000
[0.044s][debug][gc           ] SMC:initialize_top_at_mark_start for Region 980, TAMS: 0x00000000dea00000, TopOfBitMap: 0x00000000dea80000
[0.044s][debug][gc           ] SMC:initialize_top_at_mark_start for Region 981, TAMS: 0x00000000dea80000, TopOfBitMap: 0x00000000deb00000
[0.044s][debug][gc           ] SMC:initialize_top_at_mark_start for Region 982, TAMS: 0x00000000deb00000, TopOfBitMap: 0x00000000deb80000
[0.044s][debug][gc           ] SMC:initialize_top_at_mark_start for Region 983, TAMS: 0x00000000deb80000, TopOfBitMap: 0x00000000dec00000
[0.044s][debug][gc           ] SMC:initialize_top_at_mark_start for Region 984, TAMS: 0x00000000dec00000, TopOfBitMap: 0x00000000dec80000
[0.044s][debug][gc           ] SMC:initialize_top_at_mark_start for Region 985, TAMS: 0x00000000dec80000, TopOfBitMap: 0x00000000ded00000
[0.044s][debug][gc           ] SMC:initialize_top_at_mark_start for Region 986, TAMS: 0x00000000ded00000, TopOfBitMap: 0x00000000ded80000
[0.044s][debug][gc           ] SMC:initialize_top_at_mark_start for Region 987, TAMS: 0x00000000ded80000, TopOfBitMap: 0x00000000dee00000
[0.044s][debug][gc           ] SMC:initialize_top_at_mark_start for Region 988, TAMS: 0x00000000dee00000, TopOfBitMap: 0x00000000dee80000
[0.044s][debug][gc           ] SMC:initialize_top_at_mark_start for Region 989, TAMS: 0x00000000dee80000, TopOfBitMap: 0x00000000def00000
[0.044s][debug][gc           ] SMC:initialize_top_at_mark_start for Region 990, TAMS: 0x00000000def00000, TopOfBitMap: 0x00000000def80000
[0.044s][debug][gc           ] SMC:initialize_top_at_mark_start for Region 991, TAMS: 0x00000000def80000, TopOfBitMap: 0x00000000df000000
[0.044s][debug][gc           ] SMC:initialize_top_at_mark_start for Region 992, TAMS: 0x00000000df000000, TopOfBitMap: 0x00000000df080000
[0.044s][debug][gc           ] SMC:initialize_top_at_mark_start for Region 993, TAMS: 0x00000000df080000, TopOfBitMap: 0x00000000df100000
[0.044s][debug][gc           ] SMC:initialize_top_at_mark_start for Region 994, TAMS: 0x00000000df100000, TopOfBitMap: 0x00000000df180000
[0.044s][debug][gc           ] SMC:initialize_top_at_mark_start for Region 995, TAMS: 0x00000000df180000, TopOfBitMap: 0x00000000df200000
[0.044s][debug][gc           ] SMC:initialize_top_at_mark_start for Region 996, TAMS: 0x00000000df200000, TopOfBitMap: 0x00000000df280000
[0.044s][debug][gc           ] SMC:initialize_top_at_mark_start for Region 997, TAMS: 0x00000000df280000, TopOfBitMap: 0x00000000df300000
[0.044s][debug][gc           ] SMC:initialize_top_at_mark_start for Region 998, TAMS: 0x00000000df300000, TopOfBitMap: 0x00000000df380000
[0.044s][debug][gc           ] SMC:initialize_top_at_mark_start for Region 999, TAMS: 0x00000000df380000, TopOfBitMap: 0x00000000df400000
[0.044s][debug][gc           ] SMC:initialize_top_at_mark_start for Region 1000, TAMS: 0x00000000df400000, TopOfBitMap: 0x00000000df480000
[0.044s][debug][gc           ] SMC:initialize_top_at_mark_start for Region 1001, TAMS: 0x00000000df480000, TopOfBitMap: 0x00000000df500000
[0.044s][debug][gc           ] SMC:initialize_top_at_mark_start for Region 1002, TAMS: 0x00000000df500000, TopOfBitMap: 0x00000000df580000
[0.044s][debug][gc           ] SMC:initialize_top_at_mark_start for Region 1003, TAMS: 0x00000000df580000, TopOfBitMap: 0x00000000df600000
[0.044s][debug][gc           ] SMC:initialize_top_at_mark_start for Region 1004, TAMS: 0x00000000df600000, TopOfBitMap: 0x00000000df680000
[0.044s][debug][gc           ] SMC:initialize_top_at_mark_start for Region 1005, TAMS: 0x00000000df680000, TopOfBitMap: 0x00000000df700000
[0.044s][debug][gc           ] SMC:initialize_top_at_mark_start for Region 1006, TAMS: 0x00000000df700000, TopOfBitMap: 0x00000000df780000
[0.044s][debug][gc           ] SMC:initialize_top_at_mark_start for Region 1007, TAMS: 0x00000000df780000, TopOfBitMap: 0x00000000df800000
[0.044s][debug][gc           ] SMC:initialize_top_at_mark_start for Region 1008, TAMS: 0x00000000df800000, TopOfBitMap: 0x00000000df880000
[0.044s][debug][gc           ] SMC:initialize_top_at_mark_start for Region 1009, TAMS: 0x00000000df880000, TopOfBitMap: 0x00000000df900000
[0.044s][debug][gc           ] SMC:initialize_top_at_mark_start for Region 1010, TAMS: 0x00000000df900000, TopOfBitMap: 0x00000000df980000
[0.044s][debug][gc           ] SMC:initialize_top_at_mark_start for Region 1011, TAMS: 0x00000000df980000, TopOfBitMap: 0x00000000dfa00000
[0.044s][debug][gc           ] SMC:initialize_top_at_mark_start for Region 1012, TAMS: 0x00000000dfa00000, TopOfBitMap: 0x00000000dfa80000
[0.044s][debug][gc           ] SMC:initialize_top_at_mark_start for Region 1013, TAMS: 0x00000000dfa80000, TopOfBitMap: 0x00000000dfb00000
[0.044s][debug][gc           ] SMC:initialize_top_at_mark_start for Region 1014, TAMS: 0x00000000dfb00000, TopOfBitMap: 0x00000000dfb80000
[0.044s][debug][gc           ] SMC:initialize_top_at_mark_start for Region 1015, TAMS: 0x00000000dfb80000, TopOfBitMap: 0x00000000dfc00000
[0.044s][debug][gc           ] SMC:initialize_top_at_mark_start for Region 1016, TAMS: 0x00000000dfc00000, TopOfBitMap: 0x00000000dfc80000
[0.044s][debug][gc           ] SMC:initialize_top_at_mark_start for Region 1017, TAMS: 0x00000000dfc80000, TopOfBitMap: 0x00000000dfd00000
[0.044s][debug][gc           ] SMC:initialize_top_at_mark_start for Region 1018, TAMS: 0x00000000dfd00000, TopOfBitMap: 0x00000000dfd80000
[0.044s][debug][gc           ] SMC:initialize_top_at_mark_start for Region 1019, TAMS: 0x00000000dfd80000, TopOfBitMap: 0x00000000dfe00000
[0.044s][debug][gc           ] SMC:initialize_top_at_mark_start for Region 1020, TAMS: 0x00000000dfe00000, TopOfBitMap: 0x00000000dfe80000
[0.044s][debug][gc           ] SMC:initialize_top_at_mark_start for Region 1021, TAMS: 0x00000000dfe80000, TopOfBitMap: 0x00000000dff00000
[0.044s][debug][gc           ] SMC:initialize_top_at_mark_start for Region 1022, TAMS: 0x00000000dff00000, TopOfBitMap: 0x00000000dff80000
[0.044s][debug][gc           ] SMC:initialize_top_at_mark_start for Region 1023, TAMS: 0x00000000dff80000, TopOfBitMap: 0x00000000e0000000
[0.044s][debug][gc           ] SMC:initialize_top_at_mark_start for Region 1024, TAMS: 0x00000000e0000000, TopOfBitMap: 0x00000000e0080000
[0.044s][debug][gc           ] SMC:initialize_top_at_mark_start for Region 1025, TAMS: 0x00000000e0080000, TopOfBitMap: 0x00000000e0100000
[0.044s][debug][gc           ] SMC:initialize_top_at_mark_start for Region 1026, TAMS: 0x00000000e0100000, TopOfBitMap: 0x00000000e0180000
[0.044s][debug][gc           ] SMC:initialize_top_at_mark_start for Region 1027, TAMS: 0x00000000e0180000, TopOfBitMap: 0x00000000e0200000
[0.044s][debug][gc           ] SMC:initialize_top_at_mark_start for Region 1028, TAMS: 0x00000000e0200000, TopOfBitMap: 0x00000000e0280000
[0.044s][debug][gc           ] SMC:initialize_top_at_mark_start for Region 1029, TAMS: 0x00000000e0280000, TopOfBitMap: 0x00000000e0300000
[0.044s][debug][gc           ] SMC:initialize_top_at_mark_start for Region 1030, TAMS: 0x00000000e0300000, TopOfBitMap: 0x00000000e0380000
[0.044s][debug][gc           ] SMC:initialize_top_at_mark_start for Region 1031, TAMS: 0x00000000e0380000, TopOfBitMap: 0x00000000e0400000
[0.044s][debug][gc           ] SMC:initialize_top_at_mark_start for Region 1032, TAMS: 0x00000000e0400000, TopOfBitMap: 0x00000000e0480000
[0.044s][debug][gc           ] SMC:initialize_top_at_mark_start for Region 1033, TAMS: 0x00000000e0480000, TopOfBitMap: 0x00000000e0500000
[0.044s][debug][gc           ] SMC:initialize_top_at_mark_start for Region 1034, TAMS: 0x00000000e0500000, TopOfBitMap: 0x00000000e0580000
[0.044s][debug][gc           ] SMC:initialize_top_at_mark_start for Region 1035, TAMS: 0x00000000e0580000, TopOfBitMap: 0x00000000e0600000
[0.044s][debug][gc           ] SMC:initialize_top_at_mark_start for Region 1036, TAMS: 0x00000000e0600000, TopOfBitMap: 0x00000000e0680000
[0.044s][debug][gc           ] SMC:initialize_top_at_mark_start for Region 1037, TAMS: 0x00000000e0680000, TopOfBitMap: 0x00000000e0700000
[0.044s][debug][gc           ] SMC:initialize_top_at_mark_start for Region 1038, TAMS: 0x00000000e0700000, TopOfBitMap: 0x00000000e0780000
[0.044s][debug][gc           ] SMC:initialize_top_at_mark_start for Region 1039, TAMS: 0x00000000e0780000, TopOfBitMap: 0x00000000e0800000
[0.044s][debug][gc           ] SMC:initialize_top_at_mark_start for Region 1040, TAMS: 0x00000000e0800000, TopOfBitMap: 0x00000000e0880000
[0.044s][debug][gc           ] SMC:initialize_top_at_mark_start for Region 1041, TAMS: 0x00000000e0880000, TopOfBitMap: 0x00000000e0900000
[0.044s][debug][gc           ] SMC:initialize_top_at_mark_start for Region 1042, TAMS: 0x00000000e0900000, TopOfBitMap: 0x00000000e0980000
[0.044s][debug][gc           ] SMC:initialize_top_at_mark_start for Region 1043, TAMS: 0x00000000e0980000, TopOfBitMap: 0x00000000e0a00000
[0.044s][debug][gc           ] SMC:initialize_top_at_mark_start for Region 1044, TAMS: 0x00000000e0a00000, TopOfBitMap: 0x00000000e0a80000
[0.044s][debug][gc           ] SMC:initialize_top_at_mark_start for Region 1045, TAMS: 0x00000000e0a80000, TopOfBitMap: 0x00000000e0b00000
[0.044s][debug][gc           ] SMC:initialize_top_at_mark_start for Region 1046, TAMS: 0x00000000e0b00000, TopOfBitMap: 0x00000000e0b80000
[0.044s][debug][gc           ] SMC:initialize_top_at_mark_start for Region 1047, TAMS: 0x00000000e0b80000, TopOfBitMap: 0x00000000e0c00000
[0.044s][debug][gc           ] SMC:initialize_top_at_mark_start for Region 1048, TAMS: 0x00000000e0c00000, TopOfBitMap: 0x00000000e0c80000
[0.044s][debug][gc           ] SMC:initialize_top_at_mark_start for Region 1049, TAMS: 0x00000000e0c80000, TopOfBitMap: 0x00000000e0d00000
[0.044s][debug][gc           ] SMC:initialize_top_at_mark_start for Region 1050, TAMS: 0x00000000e0d00000, TopOfBitMap: 0x00000000e0d80000
[0.044s][debug][gc           ] SMC:initialize_top_at_mark_start for Region 1051, TAMS: 0x00000000e0d80000, TopOfBitMap: 0x00000000e0e00000
[0.044s][debug][gc           ] SMC:initialize_top_at_mark_start for Region 1052, TAMS: 0x00000000e0e00000, TopOfBitMap: 0x00000000e0e80000
[0.044s][debug][gc           ] SMC:initialize_top_at_mark_start for Region 1053, TAMS: 0x00000000e0e80000, TopOfBitMap: 0x00000000e0f00000
[0.044s][debug][gc           ] SMC:initialize_top_at_mark_start for Region 1054, TAMS: 0x00000000e0f00000, TopOfBitMap: 0x00000000e0f80000
[0.044s][debug][gc           ] SMC:initialize_top_at_mark_start for Region 1055, TAMS: 0x00000000e0f80000, TopOfBitMap: 0x00000000e1000000
[0.044s][debug][gc           ] SMC:initialize_top_at_mark_start for Region 1056, TAMS: 0x00000000e1000000, TopOfBitMap: 0x00000000e1080000
[0.044s][debug][gc           ] SMC:initialize_top_at_mark_start for Region 1057, TAMS: 0x00000000e1080000, TopOfBitMap: 0x00000000e1100000
[0.044s][debug][gc           ] SMC:initialize_top_at_mark_start for Region 1058, TAMS: 0x00000000e1100000, TopOfBitMap: 0x00000000e1180000
[0.044s][debug][gc           ] SMC:initialize_top_at_mark_start for Region 1059, TAMS: 0x00000000e1180000, TopOfBitMap: 0x00000000e1200000
[0.044s][debug][gc           ] SMC:initialize_top_at_mark_start for Region 1060, TAMS: 0x00000000e1200000, TopOfBitMap: 0x00000000e1280000
[0.044s][debug][gc           ] SMC:initialize_top_at_mark_start for Region 1061, TAMS: 0x00000000e1280000, TopOfBitMap: 0x00000000e1300000
[0.044s][debug][gc           ] SMC:initialize_top_at_mark_start for Region 1062, TAMS: 0x00000000e1300000, TopOfBitMap: 0x00000000e1380000
[0.044s][debug][gc           ] SMC:initialize_top_at_mark_start for Region 1063, TAMS: 0x00000000e1380000, TopOfBitMap: 0x00000000e1400000
[0.044s][debug][gc           ] SMC:initialize_top_at_mark_start for Region 1064, TAMS: 0x00000000e1400000, TopOfBitMap: 0x00000000e1480000
[0.044s][debug][gc           ] SMC:initialize_top_at_mark_start for Region 1065, TAMS: 0x00000000e1480000, TopOfBitMap: 0x00000000e1500000
[0.044s][debug][gc           ] SMC:initialize_top_at_mark_start for Region 1066, TAMS: 0x00000000e1500000, TopOfBitMap: 0x00000000e1580000
[0.044s][debug][gc           ] SMC:initialize_top_at_mark_start for Region 1067, TAMS: 0x00000000e1580000, TopOfBitMap: 0x00000000e1600000
[0.044s][debug][gc           ] SMC:initialize_top_at_mark_start for Region 1068, TAMS: 0x00000000e1600000, TopOfBitMap: 0x00000000e1680000
[0.044s][debug][gc           ] SMC:initialize_top_at_mark_start for Region 1069, TAMS: 0x00000000e1680000, TopOfBitMap: 0x00000000e1700000
[0.044s][debug][gc           ] SMC:initialize_top_at_mark_start for Region 1070, TAMS: 0x00000000e1700000, TopOfBitMap: 0x00000000e1780000
[0.044s][debug][gc           ] SMC:initialize_top_at_mark_start for Region 1071, TAMS: 0x00000000e1780000, TopOfBitMap: 0x00000000e1800000
[0.044s][debug][gc           ] SMC:initialize_top_at_mark_start for Region 1072, TAMS: 0x00000000e1800000, TopOfBitMap: 0x00000000e1880000
[0.044s][debug][gc           ] SMC:initialize_top_at_mark_start for Region 1073, TAMS: 0x00000000e1880000, TopOfBitMap: 0x00000000e1900000
[0.044s][debug][gc           ] SMC:initialize_top_at_mark_start for Region 1074, TAMS: 0x00000000e1900000, TopOfBitMap: 0x00000000e1980000
[0.044s][debug][gc           ] SMC:initialize_top_at_mark_start for Region 1075, TAMS: 0x00000000e1980000, TopOfBitMap: 0x00000000e1a00000
[0.044s][debug][gc           ] SMC:initialize_top_at_mark_start for Region 1076, TAMS: 0x00000000e1a00000, TopOfBitMap: 0x00000000e1a80000
[0.044s][debug][gc           ] SMC:initialize_top_at_mark_start for Region 1077, TAMS: 0x00000000e1a80000, TopOfBitMap: 0x00000000e1b00000
[0.044s][debug][gc           ] SMC:initialize_top_at_mark_start for Region 1078, TAMS: 0x00000000e1b00000, TopOfBitMap: 0x00000000e1b80000
[0.044s][debug][gc           ] SMC:initialize_top_at_mark_start for Region 1079, TAMS: 0x00000000e1b80000, TopOfBitMap: 0x00000000e1c00000
[0.044s][debug][gc           ] SMC:initialize_top_at_mark_start for Region 1080, TAMS: 0x00000000e1c00000, TopOfBitMap: 0x00000000e1c80000
[0.044s][debug][gc           ] SMC:initialize_top_at_mark_start for Region 1081, TAMS: 0x00000000e1c80000, TopOfBitMap: 0x00000000e1d00000
[0.044s][debug][gc           ] SMC:initialize_top_at_mark_start for Region 1082, TAMS: 0x00000000e1d00000, TopOfBitMap: 0x00000000e1d80000
[0.044s][debug][gc           ] SMC:initialize_top_at_mark_start for Region 1083, TAMS: 0x00000000e1d80000, TopOfBitMap: 0x00000000e1e00000
[0.044s][debug][gc           ] SMC:initialize_top_at_mark_start for Region 1084, TAMS: 0x00000000e1e00000, TopOfBitMap: 0x00000000e1e80000
[0.044s][debug][gc           ] SMC:initialize_top_at_mark_start for Region 1085, TAMS: 0x00000000e1e80000, TopOfBitMap: 0x00000000e1f00000
[0.044s][debug][gc           ] SMC:initialize_top_at_mark_start for Region 1086, TAMS: 0x00000000e1f00000, TopOfBitMap: 0x00000000e1f80000
[0.044s][debug][gc           ] SMC:initialize_top_at_mark_start for Region 1087, TAMS: 0x00000000e1f80000, TopOfBitMap: 0x00000000e2000000
[0.044s][debug][gc           ] SMC:initialize_top_at_mark_start for Region 1088, TAMS: 0x00000000e2000000, TopOfBitMap: 0x00000000e2080000
[0.044s][debug][gc           ] SMC:initialize_top_at_mark_start for Region 1089, TAMS: 0x00000000e2080000, TopOfBitMap: 0x00000000e2100000
[0.044s][debug][gc           ] SMC:initialize_top_at_mark_start for Region 1090, TAMS: 0x00000000e2100000, TopOfBitMap: 0x00000000e2180000
[0.044s][debug][gc           ] SMC:initialize_top_at_mark_start for Region 1091, TAMS: 0x00000000e2180000, TopOfBitMap: 0x00000000e2200000
[0.044s][debug][gc           ] SMC:initialize_top_at_mark_start for Region 1092, TAMS: 0x00000000e2200000, TopOfBitMap: 0x00000000e2280000
[0.044s][debug][gc           ] SMC:initialize_top_at_mark_start for Region 1093, TAMS: 0x00000000e2280000, TopOfBitMap: 0x00000000e2300000
[0.044s][debug][gc           ] SMC:initialize_top_at_mark_start for Region 1094, TAMS: 0x00000000e2300000, TopOfBitMap: 0x00000000e2380000
[0.044s][debug][gc           ] SMC:initialize_top_at_mark_start for Region 1095, TAMS: 0x00000000e2380000, TopOfBitMap: 0x00000000e2400000
[0.044s][debug][gc           ] SMC:initialize_top_at_mark_start for Region 1096, TAMS: 0x00000000e2400000, TopOfBitMap: 0x00000000e2480000
[0.044s][debug][gc           ] SMC:initialize_top_at_mark_start for Region 1097, TAMS: 0x00000000e2480000, TopOfBitMap: 0x00000000e2500000
[0.044s][debug][gc           ] SMC:initialize_top_at_mark_start for Region 1098, TAMS: 0x00000000e2500000, TopOfBitMap: 0x00000000e2580000
[0.044s][debug][gc           ] SMC:initialize_top_at_mark_start for Region 1099, TAMS: 0x00000000e2580000, TopOfBitMap: 0x00000000e2600000
[0.044s][debug][gc           ] SMC:initialize_top_at_mark_start for Region 1100, TAMS: 0x00000000e2600000, TopOfBitMap: 0x00000000e2680000
[0.044s][debug][gc           ] SMC:initialize_top_at_mark_start for Region 1101, TAMS: 0x00000000e2680000, TopOfBitMap: 0x00000000e2700000
[0.044s][debug][gc           ] SMC:initialize_top_at_mark_start for Region 1102, TAMS: 0x00000000e2700000, TopOfBitMap: 0x00000000e2780000
[0.044s][debug][gc           ] SMC:initialize_top_at_mark_start for Region 1103, TAMS: 0x00000000e2780000, TopOfBitMap: 0x00000000e2800000
[0.044s][debug][gc           ] SMC:initialize_top_at_mark_start for Region 1104, TAMS: 0x00000000e2800000, TopOfBitMap: 0x00000000e2880000
[0.044s][debug][gc           ] SMC:initialize_top_at_mark_start for Region 1105, TAMS: 0x00000000e2880000, TopOfBitMap: 0x00000000e2900000
[0.044s][debug][gc           ] SMC:initialize_top_at_mark_start for Region 1106, TAMS: 0x00000000e2900000, TopOfBitMap: 0x00000000e2980000
[0.044s][debug][gc           ] SMC:initialize_top_at_mark_start for Region 1107, TAMS: 0x00000000e2980000, TopOfBitMap: 0x00000000e2a00000
[0.044s][debug][gc           ] SMC:initialize_top_at_mark_start for Region 1108, TAMS: 0x00000000e2a00000, TopOfBitMap: 0x00000000e2a80000
[0.044s][debug][gc           ] SMC:initialize_top_at_mark_start for Region 1109, TAMS: 0x00000000e2a80000, TopOfBitMap: 0x00000000e2b00000
[0.044s][debug][gc           ] SMC:initialize_top_at_mark_start for Region 1110, TAMS: 0x00000000e2b00000, TopOfBitMap: 0x00000000e2b80000
[0.044s][debug][gc           ] SMC:initialize_top_at_mark_start for Region 1111, TAMS: 0x00000000e2b80000, TopOfBitMap: 0x00000000e2c00000
[0.044s][debug][gc           ] SMC:initialize_top_at_mark_start for Region 1112, TAMS: 0x00000000e2c00000, TopOfBitMap: 0x00000000e2c80000
[0.044s][debug][gc           ] SMC:initialize_top_at_mark_start for Region 1113, TAMS: 0x00000000e2c80000, TopOfBitMap: 0x00000000e2d00000
[0.044s][debug][gc           ] SMC:initialize_top_at_mark_start for Region 1114, TAMS: 0x00000000e2d00000, TopOfBitMap: 0x00000000e2d80000
[0.044s][debug][gc           ] SMC:initialize_top_at_mark_start for Region 1115, TAMS: 0x00000000e2d80000, TopOfBitMap: 0x00000000e2e00000
[0.044s][debug][gc           ] SMC:initialize_top_at_mark_start for Region 1116, TAMS: 0x00000000e2e00000, TopOfBitMap: 0x00000000e2e80000
[0.044s][debug][gc           ] SMC:initialize_top_at_mark_start for Region 1117, TAMS: 0x00000000e2e80000, TopOfBitMap: 0x00000000e2f00000
[0.044s][debug][gc           ] SMC:initialize_top_at_mark_start for Region 1118, TAMS: 0x00000000e2f00000, TopOfBitMap: 0x00000000e2f80000
[0.044s][debug][gc           ] SMC:initialize_top_at_mark_start for Region 1119, TAMS: 0x00000000e2f80000, TopOfBitMap: 0x00000000e3000000
[0.044s][debug][gc           ] SMC:initialize_top_at_mark_start for Region 1120, TAMS: 0x00000000e3000000, TopOfBitMap: 0x00000000e3080000
[0.044s][debug][gc           ] SMC:initialize_top_at_mark_start for Region 1121, TAMS: 0x00000000e3080000, TopOfBitMap: 0x00000000e3100000
[0.044s][debug][gc           ] SMC:initialize_top_at_mark_start for Region 1122, TAMS: 0x00000000e3100000, TopOfBitMap: 0x00000000e3180000
[0.044s][debug][gc           ] SMC:initialize_top_at_mark_start for Region 1123, TAMS: 0x00000000e3180000, TopOfBitMap: 0x00000000e3200000
[0.044s][debug][gc           ] SMC:initialize_top_at_mark_start for Region 1124, TAMS: 0x00000000e3200000, TopOfBitMap: 0x00000000e3280000
[0.044s][debug][gc           ] SMC:initialize_top_at_mark_start for Region 1125, TAMS: 0x00000000e3280000, TopOfBitMap: 0x00000000e3300000
[0.044s][debug][gc           ] SMC:initialize_top_at_mark_start for Region 1126, TAMS: 0x00000000e3300000, TopOfBitMap: 0x00000000e3380000
[0.044s][debug][gc           ] SMC:initialize_top_at_mark_start for Region 1127, TAMS: 0x00000000e3380000, TopOfBitMap: 0x00000000e3400000
[0.044s][debug][gc           ] SMC:initialize_top_at_mark_start for Region 1128, TAMS: 0x00000000e3400000, TopOfBitMap: 0x00000000e3480000
[0.044s][debug][gc           ] SMC:initialize_top_at_mark_start for Region 1129, TAMS: 0x00000000e3480000, TopOfBitMap: 0x00000000e3500000
[0.044s][debug][gc           ] SMC:initialize_top_at_mark_start for Region 1130, TAMS: 0x00000000e3500000, TopOfBitMap: 0x00000000e3580000
[0.044s][debug][gc           ] SMC:initialize_top_at_mark_start for Region 1131, TAMS: 0x00000000e3580000, TopOfBitMap: 0x00000000e3600000
[0.044s][debug][gc           ] SMC:initialize_top_at_mark_start for Region 1132, TAMS: 0x00000000e3600000, TopOfBitMap: 0x00000000e3680000
[0.044s][debug][gc           ] SMC:initialize_top_at_mark_start for Region 1133, TAMS: 0x00000000e3680000, TopOfBitMap: 0x00000000e3700000
[0.044s][debug][gc           ] SMC:initialize_top_at_mark_start for Region 1134, TAMS: 0x00000000e3700000, TopOfBitMap: 0x00000000e3780000
[0.044s][debug][gc           ] SMC:initialize_top_at_mark_start for Region 1135, TAMS: 0x00000000e3780000, TopOfBitMap: 0x00000000e3800000
[0.044s][debug][gc           ] SMC:initialize_top_at_mark_start for Region 1136, TAMS: 0x00000000e3800000, TopOfBitMap: 0x00000000e3880000
[0.044s][debug][gc           ] SMC:initialize_top_at_mark_start for Region 1137, TAMS: 0x00000000e3880000, TopOfBitMap: 0x00000000e3900000
[0.044s][debug][gc           ] SMC:initialize_top_at_mark_start for Region 1138, TAMS: 0x00000000e3900000, TopOfBitMap: 0x00000000e3980000
[0.044s][debug][gc           ] SMC:initialize_top_at_mark_start for Region 1139, TAMS: 0x00000000e3980000, TopOfBitMap: 0x00000000e3a00000
[0.044s][debug][gc           ] SMC:initialize_top_at_mark_start for Region 1140, TAMS: 0x00000000e3a00000, TopOfBitMap: 0x00000000e3a80000
[0.044s][debug][gc           ] SMC:initialize_top_at_mark_start for Region 1141, TAMS: 0x00000000e3a80000, TopOfBitMap: 0x00000000e3b00000
[0.044s][debug][gc           ] SMC:initialize_top_at_mark_start for Region 1142, TAMS: 0x00000000e3b00000, TopOfBitMap: 0x00000000e3b80000
[0.044s][debug][gc           ] SMC:initialize_top_at_mark_start for Region 1143, TAMS: 0x00000000e3b80000, TopOfBitMap: 0x00000000e3c00000
[0.044s][debug][gc           ] SMC:initialize_top_at_mark_start for Region 1144, TAMS: 0x00000000e3c00000, TopOfBitMap: 0x00000000e3c80000
[0.044s][debug][gc           ] SMC:initialize_top_at_mark_start for Region 1145, TAMS: 0x00000000e3c80000, TopOfBitMap: 0x00000000e3d00000
[0.044s][debug][gc           ] SMC:initialize_top_at_mark_start for Region 1146, TAMS: 0x00000000e3d00000, TopOfBitMap: 0x00000000e3d80000
[0.044s][debug][gc           ] SMC:initialize_top_at_mark_start for Region 1147, TAMS: 0x00000000e3d80000, TopOfBitMap: 0x00000000e3e00000
[0.044s][debug][gc           ] SMC:initialize_top_at_mark_start for Region 1148, TAMS: 0x00000000e3e00000, TopOfBitMap: 0x00000000e3e80000
[0.044s][debug][gc           ] SMC:initialize_top_at_mark_start for Region 1149, TAMS: 0x00000000e3e80000, TopOfBitMap: 0x00000000e3f00000
[0.044s][debug][gc           ] SMC:initialize_top_at_mark_start for Region 1150, TAMS: 0x00000000e3f00000, TopOfBitMap: 0x00000000e3f80000
[0.044s][debug][gc           ] SMC:initialize_top_at_mark_start for Region 1151, TAMS: 0x00000000e3f80000, TopOfBitMap: 0x00000000e4000000
[0.044s][debug][gc           ] SMC:initialize_top_at_mark_start for Region 1152, TAMS: 0x00000000e4000000, TopOfBitMap: 0x00000000e4080000
[0.044s][debug][gc           ] SMC:initialize_top_at_mark_start for Region 1153, TAMS: 0x00000000e4080000, TopOfBitMap: 0x00000000e4100000
[0.044s][debug][gc           ] SMC:initialize_top_at_mark_start for Region 1154, TAMS: 0x00000000e4100000, TopOfBitMap: 0x00000000e4180000
[0.044s][debug][gc           ] SMC:initialize_top_at_mark_start for Region 1155, TAMS: 0x00000000e4180000, TopOfBitMap: 0x00000000e4200000
[0.044s][debug][gc           ] SMC:initialize_top_at_mark_start for Region 1156, TAMS: 0x00000000e4200000, TopOfBitMap: 0x00000000e4280000
[0.044s][debug][gc           ] SMC:initialize_top_at_mark_start for Region 1157, TAMS: 0x00000000e4280000, TopOfBitMap: 0x00000000e4300000
[0.044s][debug][gc           ] SMC:initialize_top_at_mark_start for Region 1158, TAMS: 0x00000000e4300000, TopOfBitMap: 0x00000000e4380000
[0.044s][debug][gc           ] SMC:initialize_top_at_mark_start for Region 1159, TAMS: 0x00000000e4380000, TopOfBitMap: 0x00000000e4400000
[0.044s][debug][gc           ] SMC:initialize_top_at_mark_start for Region 1160, TAMS: 0x00000000e4400000, TopOfBitMap: 0x00000000e4480000
[0.044s][debug][gc           ] SMC:initialize_top_at_mark_start for Region 1161, TAMS: 0x00000000e4480000, TopOfBitMap: 0x00000000e4500000
[0.044s][debug][gc           ] SMC:initialize_top_at_mark_start for Region 1162, TAMS: 0x00000000e4500000, TopOfBitMap: 0x00000000e4580000
[0.044s][debug][gc           ] SMC:initialize_top_at_mark_start for Region 1163, TAMS: 0x00000000e4580000, TopOfBitMap: 0x00000000e4600000
[0.044s][debug][gc           ] SMC:initialize_top_at_mark_start for Region 1164, TAMS: 0x00000000e4600000, TopOfBitMap: 0x00000000e4680000
[0.044s][debug][gc           ] SMC:initialize_top_at_mark_start for Region 1165, TAMS: 0x00000000e4680000, TopOfBitMap: 0x00000000e4700000
[0.044s][debug][gc           ] SMC:initialize_top_at_mark_start for Region 1166, TAMS: 0x00000000e4700000, TopOfBitMap: 0x00000000e4780000
[0.044s][debug][gc           ] SMC:initialize_top_at_mark_start for Region 1167, TAMS: 0x00000000e4780000, TopOfBitMap: 0x00000000e4800000
[0.044s][debug][gc           ] SMC:initialize_top_at_mark_start for Region 1168, TAMS: 0x00000000e4800000, TopOfBitMap: 0x00000000e4880000
[0.044s][debug][gc           ] SMC:initialize_top_at_mark_start for Region 1169, TAMS: 0x00000000e4880000, TopOfBitMap: 0x00000000e4900000
[0.044s][debug][gc           ] SMC:initialize_top_at_mark_start for Region 1170, TAMS: 0x00000000e4900000, TopOfBitMap: 0x00000000e4980000
[0.044s][debug][gc           ] SMC:initialize_top_at_mark_start for Region 1171, TAMS: 0x00000000e4980000, TopOfBitMap: 0x00000000e4a00000
[0.044s][debug][gc           ] SMC:initialize_top_at_mark_start for Region 1172, TAMS: 0x00000000e4a00000, TopOfBitMap: 0x00000000e4a80000
[0.044s][debug][gc           ] SMC:initialize_top_at_mark_start for Region 1173, TAMS: 0x00000000e4a80000, TopOfBitMap: 0x00000000e4b00000
[0.044s][debug][gc           ] SMC:initialize_top_at_mark_start for Region 1174, TAMS: 0x00000000e4b00000, TopOfBitMap: 0x00000000e4b80000
[0.044s][debug][gc           ] SMC:initialize_top_at_mark_start for Region 1175, TAMS: 0x00000000e4b80000, TopOfBitMap: 0x00000000e4c00000
[0.044s][debug][gc           ] SMC:initialize_top_at_mark_start for Region 1176, TAMS: 0x00000000e4c00000, TopOfBitMap: 0x00000000e4c80000
[0.044s][debug][gc           ] SMC:initialize_top_at_mark_start for Region 1177, TAMS: 0x00000000e4c80000, TopOfBitMap: 0x00000000e4d00000
[0.044s][debug][gc           ] SMC:initialize_top_at_mark_start for Region 1178, TAMS: 0x00000000e4d00000, TopOfBitMap: 0x00000000e4d80000
[0.044s][debug][gc           ] SMC:initialize_top_at_mark_start for Region 1179, TAMS: 0x00000000e4d80000, TopOfBitMap: 0x00000000e4e00000
[0.044s][debug][gc           ] SMC:initialize_top_at_mark_start for Region 1180, TAMS: 0x00000000e4e00000, TopOfBitMap: 0x00000000e4e80000
[0.044s][debug][gc           ] SMC:initialize_top_at_mark_start for Region 1181, TAMS: 0x00000000e4e80000, TopOfBitMap: 0x00000000e4f00000
[0.044s][debug][gc           ] SMC:initialize_top_at_mark_start for Region 1182, TAMS: 0x00000000e4f00000, TopOfBitMap: 0x00000000e4f80000
[0.044s][debug][gc           ] SMC:initialize_top_at_mark_start for Region 1183, TAMS: 0x00000000e4f80000, TopOfBitMap: 0x00000000e5000000
[0.044s][debug][gc           ] SMC:initialize_top_at_mark_start for Region 1184, TAMS: 0x00000000e5000000, TopOfBitMap: 0x00000000e5080000
[0.044s][debug][gc           ] SMC:initialize_top_at_mark_start for Region 1185, TAMS: 0x00000000e5080000, TopOfBitMap: 0x00000000e5100000
[0.044s][debug][gc           ] SMC:initialize_top_at_mark_start for Region 1186, TAMS: 0x00000000e5100000, TopOfBitMap: 0x00000000e5180000
[0.044s][debug][gc           ] SMC:initialize_top_at_mark_start for Region 1187, TAMS: 0x00000000e5180000, TopOfBitMap: 0x00000000e5200000
[0.044s][debug][gc           ] SMC:initialize_top_at_mark_start for Region 1188, TAMS: 0x00000000e5200000, TopOfBitMap: 0x00000000e5280000
[0.044s][debug][gc           ] SMC:initialize_top_at_mark_start for Region 1189, TAMS: 0x00000000e5280000, TopOfBitMap: 0x00000000e5300000
[0.044s][debug][gc           ] SMC:initialize_top_at_mark_start for Region 1190, TAMS: 0x00000000e5300000, TopOfBitMap: 0x00000000e5380000
[0.044s][debug][gc           ] SMC:initialize_top_at_mark_start for Region 1191, TAMS: 0x00000000e5380000, TopOfBitMap: 0x00000000e5400000
[0.044s][debug][gc           ] SMC:initialize_top_at_mark_start for Region 1192, TAMS: 0x00000000e5400000, TopOfBitMap: 0x00000000e5480000
[0.044s][debug][gc           ] SMC:initialize_top_at_mark_start for Region 1193, TAMS: 0x00000000e5480000, TopOfBitMap: 0x00000000e5500000
[0.044s][debug][gc           ] SMC:initialize_top_at_mark_start for Region 1194, TAMS: 0x00000000e5500000, TopOfBitMap: 0x00000000e5580000
[0.044s][debug][gc           ] SMC:initialize_top_at_mark_start for Region 1195, TAMS: 0x00000000e5580000, TopOfBitMap: 0x00000000e5600000
[0.044s][debug][gc           ] SMC:initialize_top_at_mark_start for Region 1196, TAMS: 0x00000000e5600000, TopOfBitMap: 0x00000000e5680000
[0.044s][debug][gc           ] SMC:initialize_top_at_mark_start for Region 1197, TAMS: 0x00000000e5680000, TopOfBitMap: 0x00000000e5700000
[0.044s][debug][gc           ] SMC:initialize_top_at_mark_start for Region 1198, TAMS: 0x00000000e5700000, TopOfBitMap: 0x00000000e5780000
[0.044s][debug][gc           ] SMC:initialize_top_at_mark_start for Region 1199, TAMS: 0x00000000e5780000, TopOfBitMap: 0x00000000e5800000
[0.044s][debug][gc           ] SMC:initialize_top_at_mark_start for Region 1200, TAMS: 0x00000000e5800000, TopOfBitMap: 0x00000000e5880000
[0.044s][debug][gc           ] SMC:initialize_top_at_mark_start for Region 1201, TAMS: 0x00000000e5880000, TopOfBitMap: 0x00000000e5900000
[0.044s][debug][gc           ] SMC:initialize_top_at_mark_start for Region 1202, TAMS: 0x00000000e5900000, TopOfBitMap: 0x00000000e5980000
[0.044s][debug][gc           ] SMC:initialize_top_at_mark_start for Region 1203, TAMS: 0x00000000e5980000, TopOfBitMap: 0x00000000e5a00000
[0.044s][debug][gc           ] SMC:initialize_top_at_mark_start for Region 1204, TAMS: 0x00000000e5a00000, TopOfBitMap: 0x00000000e5a80000
[0.044s][debug][gc           ] SMC:initialize_top_at_mark_start for Region 1205, TAMS: 0x00000000e5a80000, TopOfBitMap: 0x00000000e5b00000
[0.044s][debug][gc           ] SMC:initialize_top_at_mark_start for Region 1206, TAMS: 0x00000000e5b00000, TopOfBitMap: 0x00000000e5b80000
[0.044s][debug][gc           ] SMC:initialize_top_at_mark_start for Region 1207, TAMS: 0x00000000e5b80000, TopOfBitMap: 0x00000000e5c00000
[0.044s][debug][gc           ] SMC:initialize_top_at_mark_start for Region 1208, TAMS: 0x00000000e5c00000, TopOfBitMap: 0x00000000e5c80000
[0.044s][debug][gc           ] SMC:initialize_top_at_mark_start for Region 1209, TAMS: 0x00000000e5c80000, TopOfBitMap: 0x00000000e5d00000
[0.044s][debug][gc           ] SMC:initialize_top_at_mark_start for Region 1210, TAMS: 0x00000000e5d00000, TopOfBitMap: 0x00000000e5d80000
[0.044s][debug][gc           ] SMC:initialize_top_at_mark_start for Region 1211, TAMS: 0x00000000e5d80000, TopOfBitMap: 0x00000000e5e00000
[0.044s][debug][gc           ] SMC:initialize_top_at_mark_start for Region 1212, TAMS: 0x00000000e5e00000, TopOfBitMap: 0x00000000e5e80000
[0.044s][debug][gc           ] SMC:initialize_top_at_mark_start for Region 1213, TAMS: 0x00000000e5e80000, TopOfBitMap: 0x00000000e5f00000
[0.044s][debug][gc           ] SMC:initialize_top_at_mark_start for Region 1214, TAMS: 0x00000000e5f00000, TopOfBitMap: 0x00000000e5f80000
[0.044s][debug][gc           ] SMC:initialize_top_at_mark_start for Region 1215, TAMS: 0x00000000e5f80000, TopOfBitMap: 0x00000000e6000000
[0.044s][debug][gc           ] SMC:initialize_top_at_mark_start for Region 1216, TAMS: 0x00000000e6000000, TopOfBitMap: 0x00000000e6080000
[0.044s][debug][gc           ] SMC:initialize_top_at_mark_start for Region 1217, TAMS: 0x00000000e6080000, TopOfBitMap: 0x00000000e6100000
[0.044s][debug][gc           ] SMC:initialize_top_at_mark_start for Region 1218, TAMS: 0x00000000e6100000, TopOfBitMap: 0x00000000e6180000
[0.044s][debug][gc           ] SMC:initialize_top_at_mark_start for Region 1219, TAMS: 0x00000000e6180000, TopOfBitMap: 0x00000000e6200000
[0.044s][debug][gc           ] SMC:initialize_top_at_mark_start for Region 1220, TAMS: 0x00000000e6200000, TopOfBitMap: 0x00000000e6280000
[0.044s][debug][gc           ] SMC:initialize_top_at_mark_start for Region 1221, TAMS: 0x00000000e6280000, TopOfBitMap: 0x00000000e6300000
[0.044s][debug][gc           ] SMC:initialize_top_at_mark_start for Region 1222, TAMS: 0x00000000e6300000, TopOfBitMap: 0x00000000e6380000
[0.044s][debug][gc           ] SMC:initialize_top_at_mark_start for Region 1223, TAMS: 0x00000000e6380000, TopOfBitMap: 0x00000000e6400000
[0.044s][debug][gc           ] SMC:initialize_top_at_mark_start for Region 1224, TAMS: 0x00000000e6400000, TopOfBitMap: 0x00000000e6480000
[0.044s][debug][gc           ] SMC:initialize_top_at_mark_start for Region 1225, TAMS: 0x00000000e6480000, TopOfBitMap: 0x00000000e6500000
[0.044s][debug][gc           ] SMC:initialize_top_at_mark_start for Region 1226, TAMS: 0x00000000e6500000, TopOfBitMap: 0x00000000e6580000
[0.044s][debug][gc           ] SMC:initialize_top_at_mark_start for Region 1227, TAMS: 0x00000000e6580000, TopOfBitMap: 0x00000000e6600000
[0.044s][debug][gc           ] SMC:initialize_top_at_mark_start for Region 1228, TAMS: 0x00000000e6600000, TopOfBitMap: 0x00000000e6680000
[0.044s][debug][gc           ] SMC:initialize_top_at_mark_start for Region 1229, TAMS: 0x00000000e6680000, TopOfBitMap: 0x00000000e6700000
[0.044s][debug][gc           ] SMC:initialize_top_at_mark_start for Region 1230, TAMS: 0x00000000e6700000, TopOfBitMap: 0x00000000e6780000
[0.044s][debug][gc           ] SMC:initialize_top_at_mark_start for Region 1231, TAMS: 0x00000000e6780000, TopOfBitMap: 0x00000000e6800000
[0.044s][debug][gc           ] SMC:initialize_top_at_mark_start for Region 1232, TAMS: 0x00000000e6800000, TopOfBitMap: 0x00000000e6880000
[0.044s][debug][gc           ] SMC:initialize_top_at_mark_start for Region 1233, TAMS: 0x00000000e6880000, TopOfBitMap: 0x00000000e6900000
[0.044s][debug][gc           ] SMC:initialize_top_at_mark_start for Region 1234, TAMS: 0x00000000e6900000, TopOfBitMap: 0x00000000e6980000
[0.044s][debug][gc           ] SMC:initialize_top_at_mark_start for Region 1235, TAMS: 0x00000000e6980000, TopOfBitMap: 0x00000000e6a00000
[0.044s][debug][gc           ] SMC:initialize_top_at_mark_start for Region 1236, TAMS: 0x00000000e6a00000, TopOfBitMap: 0x00000000e6a80000
[0.044s][debug][gc           ] SMC:initialize_top_at_mark_start for Region 1237, TAMS: 0x00000000e6a80000, TopOfBitMap: 0x00000000e6b00000
[0.044s][debug][gc           ] SMC:initialize_top_at_mark_start for Region 1238, TAMS: 0x00000000e6b00000, TopOfBitMap: 0x00000000e6b80000
[0.044s][debug][gc           ] SMC:initialize_top_at_mark_start for Region 1239, TAMS: 0x00000000e6b80000, TopOfBitMap: 0x00000000e6c00000
[0.044s][debug][gc           ] SMC:initialize_top_at_mark_start for Region 1240, TAMS: 0x00000000e6c00000, TopOfBitMap: 0x00000000e6c80000
[0.044s][debug][gc           ] SMC:initialize_top_at_mark_start for Region 1241, TAMS: 0x00000000e6c80000, TopOfBitMap: 0x00000000e6d00000
[0.044s][debug][gc           ] SMC:initialize_top_at_mark_start for Region 1242, TAMS: 0x00000000e6d00000, TopOfBitMap: 0x00000000e6d80000
[0.044s][debug][gc           ] SMC:initialize_top_at_mark_start for Region 1243, TAMS: 0x00000000e6d80000, TopOfBitMap: 0x00000000e6e00000
[0.044s][debug][gc           ] SMC:initialize_top_at_mark_start for Region 1244, TAMS: 0x00000000e6e00000, TopOfBitMap: 0x00000000e6e80000
[0.044s][debug][gc           ] SMC:initialize_top_at_mark_start for Region 1245, TAMS: 0x00000000e6e80000, TopOfBitMap: 0x00000000e6f00000
[0.044s][debug][gc           ] SMC:initialize_top_at_mark_start for Region 1246, TAMS: 0x00000000e6f00000, TopOfBitMap: 0x00000000e6f80000
[0.044s][debug][gc           ] SMC:initialize_top_at_mark_start for Region 1247, TAMS: 0x00000000e6f80000, TopOfBitMap: 0x00000000e7000000
[0.044s][debug][gc           ] SMC:initialize_top_at_mark_start for Region 1248, TAMS: 0x00000000e7000000, TopOfBitMap: 0x00000000e7080000
[0.044s][debug][gc           ] SMC:initialize_top_at_mark_start for Region 1249, TAMS: 0x00000000e7080000, TopOfBitMap: 0x00000000e7100000
[0.044s][debug][gc           ] SMC:initialize_top_at_mark_start for Region 1250, TAMS: 0x00000000e7100000, TopOfBitMap: 0x00000000e7180000
[0.044s][debug][gc           ] SMC:initialize_top_at_mark_start for Region 1251, TAMS: 0x00000000e7180000, TopOfBitMap: 0x00000000e7200000
[0.044s][debug][gc           ] SMC:initialize_top_at_mark_start for Region 1252, TAMS: 0x00000000e7200000, TopOfBitMap: 0x00000000e7280000
[0.044s][debug][gc           ] SMC:initialize_top_at_mark_start for Region 1253, TAMS: 0x00000000e7280000, TopOfBitMap: 0x00000000e7300000
[0.044s][debug][gc           ] SMC:initialize_top_at_mark_start for Region 1254, TAMS: 0x00000000e7300000, TopOfBitMap: 0x00000000e7380000
[0.044s][debug][gc           ] SMC:initialize_top_at_mark_start for Region 1255, TAMS: 0x00000000e7380000, TopOfBitMap: 0x00000000e7400000
[0.044s][debug][gc           ] SMC:initialize_top_at_mark_start for Region 1256, TAMS: 0x00000000e7400000, TopOfBitMap: 0x00000000e7480000
[0.044s][debug][gc           ] SMC:initialize_top_at_mark_start for Region 1257, TAMS: 0x00000000e7480000, TopOfBitMap: 0x00000000e7500000
[0.044s][debug][gc           ] SMC:initialize_top_at_mark_start for Region 1258, TAMS: 0x00000000e7500000, TopOfBitMap: 0x00000000e7580000
[0.044s][debug][gc           ] SMC:initialize_top_at_mark_start for Region 1259, TAMS: 0x00000000e7580000, TopOfBitMap: 0x00000000e7600000
[0.044s][debug][gc           ] SMC:initialize_top_at_mark_start for Region 1260, TAMS: 0x00000000e7600000, TopOfBitMap: 0x00000000e7680000
[0.044s][debug][gc           ] SMC:initialize_top_at_mark_start for Region 1261, TAMS: 0x00000000e7680000, TopOfBitMap: 0x00000000e7700000
[0.044s][debug][gc           ] SMC:initialize_top_at_mark_start for Region 1262, TAMS: 0x00000000e7700000, TopOfBitMap: 0x00000000e7780000
[0.044s][debug][gc           ] SMC:initialize_top_at_mark_start for Region 1263, TAMS: 0x00000000e7780000, TopOfBitMap: 0x00000000e7800000
[0.044s][debug][gc           ] SMC:initialize_top_at_mark_start for Region 1264, TAMS: 0x00000000e7800000, TopOfBitMap: 0x00000000e7880000
[0.044s][debug][gc           ] SMC:initialize_top_at_mark_start for Region 1265, TAMS: 0x00000000e7880000, TopOfBitMap: 0x00000000e7900000
[0.044s][debug][gc           ] SMC:initialize_top_at_mark_start for Region 1266, TAMS: 0x00000000e7900000, TopOfBitMap: 0x00000000e7980000
[0.044s][debug][gc           ] SMC:initialize_top_at_mark_start for Region 1267, TAMS: 0x00000000e7980000, TopOfBitMap: 0x00000000e7a00000
[0.044s][debug][gc           ] SMC:initialize_top_at_mark_start for Region 1268, TAMS: 0x00000000e7a00000, TopOfBitMap: 0x00000000e7a80000
[0.044s][debug][gc           ] SMC:initialize_top_at_mark_start for Region 1269, TAMS: 0x00000000e7a80000, TopOfBitMap: 0x00000000e7b00000
[0.044s][debug][gc           ] SMC:initialize_top_at_mark_start for Region 1270, TAMS: 0x00000000e7b00000, TopOfBitMap: 0x00000000e7b80000
[0.044s][debug][gc           ] SMC:initialize_top_at_mark_start for Region 1271, TAMS: 0x00000000e7b80000, TopOfBitMap: 0x00000000e7c00000
[0.044s][debug][gc           ] SMC:initialize_top_at_mark_start for Region 1272, TAMS: 0x00000000e7c00000, TopOfBitMap: 0x00000000e7c80000
[0.044s][debug][gc           ] SMC:initialize_top_at_mark_start for Region 1273, TAMS: 0x00000000e7c80000, TopOfBitMap: 0x00000000e7d00000
[0.044s][debug][gc           ] SMC:initialize_top_at_mark_start for Region 1274, TAMS: 0x00000000e7d00000, TopOfBitMap: 0x00000000e7d80000
[0.044s][debug][gc           ] SMC:initialize_top_at_mark_start for Region 1275, TAMS: 0x00000000e7d80000, TopOfBitMap: 0x00000000e7e00000
[0.044s][debug][gc           ] SMC:initialize_top_at_mark_start for Region 1276, TAMS: 0x00000000e7e00000, TopOfBitMap: 0x00000000e7e80000
[0.044s][debug][gc           ] SMC:initialize_top_at_mark_start for Region 1277, TAMS: 0x00000000e7e80000, TopOfBitMap: 0x00000000e7f00000
[0.044s][debug][gc           ] SMC:initialize_top_at_mark_start for Region 1278, TAMS: 0x00000000e7f00000, TopOfBitMap: 0x00000000e7f80000
[0.044s][debug][gc           ] SMC:initialize_top_at_mark_start for Region 1279, TAMS: 0x00000000e7f80000, TopOfBitMap: 0x00000000e8000000
[0.044s][debug][gc           ] SMC:initialize_top_at_mark_start for Region 1280, TAMS: 0x00000000e8000000, TopOfBitMap: 0x00000000e8080000
[0.044s][debug][gc           ] SMC:initialize_top_at_mark_start for Region 1281, TAMS: 0x00000000e8080000, TopOfBitMap: 0x00000000e8100000
[0.044s][debug][gc           ] SMC:initialize_top_at_mark_start for Region 1282, TAMS: 0x00000000e8100000, TopOfBitMap: 0x00000000e8180000
[0.044s][debug][gc           ] SMC:initialize_top_at_mark_start for Region 1283, TAMS: 0x00000000e8180000, TopOfBitMap: 0x00000000e8200000
[0.044s][debug][gc           ] SMC:initialize_top_at_mark_start for Region 1284, TAMS: 0x00000000e8200000, TopOfBitMap: 0x00000000e8280000
[0.044s][debug][gc           ] SMC:initialize_top_at_mark_start for Region 1285, TAMS: 0x00000000e8280000, TopOfBitMap: 0x00000000e8300000
[0.044s][debug][gc           ] SMC:initialize_top_at_mark_start for Region 1286, TAMS: 0x00000000e8300000, TopOfBitMap: 0x00000000e8380000
[0.044s][debug][gc           ] SMC:initialize_top_at_mark_start for Region 1287, TAMS: 0x00000000e8380000, TopOfBitMap: 0x00000000e8400000
[0.044s][debug][gc           ] SMC:initialize_top_at_mark_start for Region 1288, TAMS: 0x00000000e8400000, TopOfBitMap: 0x00000000e8480000
[0.044s][debug][gc           ] SMC:initialize_top_at_mark_start for Region 1289, TAMS: 0x00000000e8480000, TopOfBitMap: 0x00000000e8500000
[0.044s][debug][gc           ] SMC:initialize_top_at_mark_start for Region 1290, TAMS: 0x00000000e8500000, TopOfBitMap: 0x00000000e8580000
[0.044s][debug][gc           ] SMC:initialize_top_at_mark_start for Region 1291, TAMS: 0x00000000e8580000, TopOfBitMap: 0x00000000e8600000
[0.044s][debug][gc           ] SMC:initialize_top_at_mark_start for Region 1292, TAMS: 0x00000000e8600000, TopOfBitMap: 0x00000000e8680000
[0.044s][debug][gc           ] SMC:initialize_top_at_mark_start for Region 1293, TAMS: 0x00000000e8680000, TopOfBitMap: 0x00000000e8700000
[0.044s][debug][gc           ] SMC:initialize_top_at_mark_start for Region 1294, TAMS: 0x00000000e8700000, TopOfBitMap: 0x00000000e8780000
[0.044s][debug][gc           ] SMC:initialize_top_at_mark_start for Region 1295, TAMS: 0x00000000e8780000, TopOfBitMap: 0x00000000e8800000
[0.044s][debug][gc           ] SMC:initialize_top_at_mark_start for Region 1296, TAMS: 0x00000000e8800000, TopOfBitMap: 0x00000000e8880000
[0.044s][debug][gc           ] SMC:initialize_top_at_mark_start for Region 1297, TAMS: 0x00000000e8880000, TopOfBitMap: 0x00000000e8900000
[0.044s][debug][gc           ] SMC:initialize_top_at_mark_start for Region 1298, TAMS: 0x00000000e8900000, TopOfBitMap: 0x00000000e8980000
[0.044s][debug][gc           ] SMC:initialize_top_at_mark_start for Region 1299, TAMS: 0x00000000e8980000, TopOfBitMap: 0x00000000e8a00000
[0.044s][debug][gc           ] SMC:initialize_top_at_mark_start for Region 1300, TAMS: 0x00000000e8a00000, TopOfBitMap: 0x00000000e8a80000
[0.044s][debug][gc           ] SMC:initialize_top_at_mark_start for Region 1301, TAMS: 0x00000000e8a80000, TopOfBitMap: 0x00000000e8b00000
[0.044s][debug][gc           ] SMC:initialize_top_at_mark_start for Region 1302, TAMS: 0x00000000e8b00000, TopOfBitMap: 0x00000000e8b80000
[0.044s][debug][gc           ] SMC:initialize_top_at_mark_start for Region 1303, TAMS: 0x00000000e8b80000, TopOfBitMap: 0x00000000e8c00000
[0.044s][debug][gc           ] SMC:initialize_top_at_mark_start for Region 1304, TAMS: 0x00000000e8c00000, TopOfBitMap: 0x00000000e8c80000
[0.044s][debug][gc           ] SMC:initialize_top_at_mark_start for Region 1305, TAMS: 0x00000000e8c80000, TopOfBitMap: 0x00000000e8d00000
[0.044s][debug][gc           ] SMC:initialize_top_at_mark_start for Region 1306, TAMS: 0x00000000e8d00000, TopOfBitMap: 0x00000000e8d80000
[0.044s][debug][gc           ] SMC:initialize_top_at_mark_start for Region 1307, TAMS: 0x00000000e8d80000, TopOfBitMap: 0x00000000e8e00000
[0.044s][debug][gc           ] SMC:initialize_top_at_mark_start for Region 1308, TAMS: 0x00000000e8e00000, TopOfBitMap: 0x00000000e8e80000
[0.044s][debug][gc           ] SMC:initialize_top_at_mark_start for Region 1309, TAMS: 0x00000000e8e80000, TopOfBitMap: 0x00000000e8f00000
[0.044s][debug][gc           ] SMC:initialize_top_at_mark_start for Region 1310, TAMS: 0x00000000e8f00000, TopOfBitMap: 0x00000000e8f80000
[0.044s][debug][gc           ] SMC:initialize_top_at_mark_start for Region 1311, TAMS: 0x00000000e8f80000, TopOfBitMap: 0x00000000e9000000
[0.044s][debug][gc           ] SMC:initialize_top_at_mark_start for Region 1312, TAMS: 0x00000000e9000000, TopOfBitMap: 0x00000000e9080000
[0.044s][debug][gc           ] SMC:initialize_top_at_mark_start for Region 1313, TAMS: 0x00000000e9080000, TopOfBitMap: 0x00000000e9100000
[0.044s][debug][gc           ] SMC:initialize_top_at_mark_start for Region 1314, TAMS: 0x00000000e9100000, TopOfBitMap: 0x00000000e9180000
[0.044s][debug][gc           ] SMC:initialize_top_at_mark_start for Region 1315, TAMS: 0x00000000e9180000, TopOfBitMap: 0x00000000e9200000
[0.044s][debug][gc           ] SMC:initialize_top_at_mark_start for Region 1316, TAMS: 0x00000000e9200000, TopOfBitMap: 0x00000000e9280000
[0.044s][debug][gc           ] SMC:initialize_top_at_mark_start for Region 1317, TAMS: 0x00000000e9280000, TopOfBitMap: 0x00000000e9300000
[0.044s][debug][gc           ] SMC:initialize_top_at_mark_start for Region 1318, TAMS: 0x00000000e9300000, TopOfBitMap: 0x00000000e9380000
[0.044s][debug][gc           ] SMC:initialize_top_at_mark_start for Region 1319, TAMS: 0x00000000e9380000, TopOfBitMap: 0x00000000e9400000
[0.044s][debug][gc           ] SMC:initialize_top_at_mark_start for Region 1320, TAMS: 0x00000000e9400000, TopOfBitMap: 0x00000000e9480000
[0.044s][debug][gc           ] SMC:initialize_top_at_mark_start for Region 1321, TAMS: 0x00000000e9480000, TopOfBitMap: 0x00000000e9500000
[0.044s][debug][gc           ] SMC:initialize_top_at_mark_start for Region 1322, TAMS: 0x00000000e9500000, TopOfBitMap: 0x00000000e9580000
[0.044s][debug][gc           ] SMC:initialize_top_at_mark_start for Region 1323, TAMS: 0x00000000e9580000, TopOfBitMap: 0x00000000e9600000
[0.044s][debug][gc           ] SMC:initialize_top_at_mark_start for Region 1324, TAMS: 0x00000000e9600000, TopOfBitMap: 0x00000000e9680000
[0.044s][debug][gc           ] SMC:initialize_top_at_mark_start for Region 1325, TAMS: 0x00000000e9680000, TopOfBitMap: 0x00000000e9700000
[0.044s][debug][gc           ] SMC:initialize_top_at_mark_start for Region 1326, TAMS: 0x00000000e9700000, TopOfBitMap: 0x00000000e9780000
[0.044s][debug][gc           ] SMC:initialize_top_at_mark_start for Region 1327, TAMS: 0x00000000e9780000, TopOfBitMap: 0x00000000e9800000
[0.044s][debug][gc           ] SMC:initialize_top_at_mark_start for Region 1328, TAMS: 0x00000000e9800000, TopOfBitMap: 0x00000000e9880000
[0.044s][debug][gc           ] SMC:initialize_top_at_mark_start for Region 1329, TAMS: 0x00000000e9880000, TopOfBitMap: 0x00000000e9900000
[0.044s][debug][gc           ] SMC:initialize_top_at_mark_start for Region 1330, TAMS: 0x00000000e9900000, TopOfBitMap: 0x00000000e9980000
[0.044s][debug][gc           ] SMC:initialize_top_at_mark_start for Region 1331, TAMS: 0x00000000e9980000, TopOfBitMap: 0x00000000e9a00000
[0.044s][debug][gc           ] SMC:initialize_top_at_mark_start for Region 1332, TAMS: 0x00000000e9a00000, TopOfBitMap: 0x00000000e9a80000
[0.044s][debug][gc           ] SMC:initialize_top_at_mark_start for Region 1333, TAMS: 0x00000000e9a80000, TopOfBitMap: 0x00000000e9b00000
[0.044s][debug][gc           ] SMC:initialize_top_at_mark_start for Region 1334, TAMS: 0x00000000e9b00000, TopOfBitMap: 0x00000000e9b80000
[0.044s][debug][gc           ] SMC:initialize_top_at_mark_start for Region 1335, TAMS: 0x00000000e9b80000, TopOfBitMap: 0x00000000e9c00000
[0.044s][debug][gc           ] SMC:initialize_top_at_mark_start for Region 1336, TAMS: 0x00000000e9c00000, TopOfBitMap: 0x00000000e9c80000
[0.044s][debug][gc           ] SMC:initialize_top_at_mark_start for Region 1337, TAMS: 0x00000000e9c80000, TopOfBitMap: 0x00000000e9d00000
[0.044s][debug][gc           ] SMC:initialize_top_at_mark_start for Region 1338, TAMS: 0x00000000e9d00000, TopOfBitMap: 0x00000000e9d80000
[0.044s][debug][gc           ] SMC:initialize_top_at_mark_start for Region 1339, TAMS: 0x00000000e9d80000, TopOfBitMap: 0x00000000e9e00000
[0.044s][debug][gc           ] SMC:initialize_top_at_mark_start for Region 1340, TAMS: 0x00000000e9e00000, TopOfBitMap: 0x00000000e9e80000
[0.044s][debug][gc           ] SMC:initialize_top_at_mark_start for Region 1341, TAMS: 0x00000000e9e80000, TopOfBitMap: 0x00000000e9f00000
[0.044s][debug][gc           ] SMC:initialize_top_at_mark_start for Region 1342, TAMS: 0x00000000e9f00000, TopOfBitMap: 0x00000000e9f80000
[0.044s][debug][gc           ] SMC:initialize_top_at_mark_start for Region 1343, TAMS: 0x00000000e9f80000, TopOfBitMap: 0x00000000ea000000
[0.044s][debug][gc           ] SMC:initialize_top_at_mark_start for Region 1344, TAMS: 0x00000000ea000000, TopOfBitMap: 0x00000000ea080000
[0.044s][debug][gc           ] SMC:initialize_top_at_mark_start for Region 1345, TAMS: 0x00000000ea080000, TopOfBitMap: 0x00000000ea100000
[0.044s][debug][gc           ] SMC:initialize_top_at_mark_start for Region 1346, TAMS: 0x00000000ea100000, TopOfBitMap: 0x00000000ea180000
[0.044s][debug][gc           ] SMC:initialize_top_at_mark_start for Region 1347, TAMS: 0x00000000ea180000, TopOfBitMap: 0x00000000ea200000
[0.044s][debug][gc           ] SMC:initialize_top_at_mark_start for Region 1348, TAMS: 0x00000000ea200000, TopOfBitMap: 0x00000000ea280000
[0.044s][debug][gc           ] SMC:initialize_top_at_mark_start for Region 1349, TAMS: 0x00000000ea280000, TopOfBitMap: 0x00000000ea300000
[0.044s][debug][gc           ] SMC:initialize_top_at_mark_start for Region 1350, TAMS: 0x00000000ea300000, TopOfBitMap: 0x00000000ea380000
[0.044s][debug][gc           ] SMC:initialize_top_at_mark_start for Region 1351, TAMS: 0x00000000ea380000, TopOfBitMap: 0x00000000ea400000
[0.044s][debug][gc           ] SMC:initialize_top_at_mark_start for Region 1352, TAMS: 0x00000000ea400000, TopOfBitMap: 0x00000000ea480000
[0.044s][debug][gc           ] SMC:initialize_top_at_mark_start for Region 1353, TAMS: 0x00000000ea480000, TopOfBitMap: 0x00000000ea500000
[0.044s][debug][gc           ] SMC:initialize_top_at_mark_start for Region 1354, TAMS: 0x00000000ea500000, TopOfBitMap: 0x00000000ea580000
[0.044s][debug][gc           ] SMC:initialize_top_at_mark_start for Region 1355, TAMS: 0x00000000ea580000, TopOfBitMap: 0x00000000ea600000
[0.044s][debug][gc           ] SMC:initialize_top_at_mark_start for Region 1356, TAMS: 0x00000000ea600000, TopOfBitMap: 0x00000000ea680000
[0.044s][debug][gc           ] SMC:initialize_top_at_mark_start for Region 1357, TAMS: 0x00000000ea680000, TopOfBitMap: 0x00000000ea700000
[0.044s][debug][gc           ] SMC:initialize_top_at_mark_start for Region 1358, TAMS: 0x00000000ea700000, TopOfBitMap: 0x00000000ea780000
[0.044s][debug][gc           ] SMC:initialize_top_at_mark_start for Region 1359, TAMS: 0x00000000ea780000, TopOfBitMap: 0x00000000ea800000
[0.044s][debug][gc           ] SMC:initialize_top_at_mark_start for Region 1360, TAMS: 0x00000000ea800000, TopOfBitMap: 0x00000000ea880000
[0.044s][debug][gc           ] SMC:initialize_top_at_mark_start for Region 1361, TAMS: 0x00000000ea880000, TopOfBitMap: 0x00000000ea900000
[0.044s][debug][gc           ] SMC:initialize_top_at_mark_start for Region 1362, TAMS: 0x00000000ea900000, TopOfBitMap: 0x00000000ea980000
[0.044s][debug][gc           ] SMC:initialize_top_at_mark_start for Region 1363, TAMS: 0x00000000ea980000, TopOfBitMap: 0x00000000eaa00000
[0.044s][debug][gc           ] SMC:initialize_top_at_mark_start for Region 1364, TAMS: 0x00000000eaa00000, TopOfBitMap: 0x00000000eaa80000
[0.044s][debug][gc           ] SMC:initialize_top_at_mark_start for Region 1365, TAMS: 0x00000000eaa80000, TopOfBitMap: 0x00000000eab00000
[0.044s][debug][gc           ] SMC:initialize_top_at_mark_start for Region 1366, TAMS: 0x00000000eab00000, TopOfBitMap: 0x00000000eab80000
[0.044s][debug][gc           ] SMC:initialize_top_at_mark_start for Region 1367, TAMS: 0x00000000eab80000, TopOfBitMap: 0x00000000eac00000
[0.044s][debug][gc           ] SMC:initialize_top_at_mark_start for Region 1368, TAMS: 0x00000000eac00000, TopOfBitMap: 0x00000000eac80000
[0.044s][debug][gc           ] SMC:initialize_top_at_mark_start for Region 1369, TAMS: 0x00000000eac80000, TopOfBitMap: 0x00000000ead00000
[0.044s][debug][gc           ] SMC:initialize_top_at_mark_start for Region 1370, TAMS: 0x00000000ead00000, TopOfBitMap: 0x00000000ead80000
[0.044s][debug][gc           ] SMC:initialize_top_at_mark_start for Region 1371, TAMS: 0x00000000ead80000, TopOfBitMap: 0x00000000eae00000
[0.044s][debug][gc           ] SMC:initialize_top_at_mark_start for Region 1372, TAMS: 0x00000000eae00000, TopOfBitMap: 0x00000000eae80000
[0.044s][debug][gc           ] SMC:initialize_top_at_mark_start for Region 1373, TAMS: 0x00000000eae80000, TopOfBitMap: 0x00000000eaf00000
[0.044s][debug][gc           ] SMC:initialize_top_at_mark_start for Region 1374, TAMS: 0x00000000eaf00000, TopOfBitMap: 0x00000000eaf80000
[0.044s][debug][gc           ] SMC:initialize_top_at_mark_start for Region 1375, TAMS: 0x00000000eaf80000, TopOfBitMap: 0x00000000eb000000
[0.044s][debug][gc           ] SMC:initialize_top_at_mark_start for Region 1376, TAMS: 0x00000000eb000000, TopOfBitMap: 0x00000000eb080000
[0.044s][debug][gc           ] SMC:initialize_top_at_mark_start for Region 1377, TAMS: 0x00000000eb080000, TopOfBitMap: 0x00000000eb100000
[0.044s][debug][gc           ] SMC:initialize_top_at_mark_start for Region 1378, TAMS: 0x00000000eb100000, TopOfBitMap: 0x00000000eb180000
[0.044s][debug][gc           ] SMC:initialize_top_at_mark_start for Region 1379, TAMS: 0x00000000eb180000, TopOfBitMap: 0x00000000eb200000
[0.044s][debug][gc           ] SMC:initialize_top_at_mark_start for Region 1380, TAMS: 0x00000000eb200000, TopOfBitMap: 0x00000000eb280000
[0.044s][debug][gc           ] SMC:initialize_top_at_mark_start for Region 1381, TAMS: 0x00000000eb280000, TopOfBitMap: 0x00000000eb300000
[0.044s][debug][gc           ] SMC:initialize_top_at_mark_start for Region 1382, TAMS: 0x00000000eb300000, TopOfBitMap: 0x00000000eb380000
[0.044s][debug][gc           ] SMC:initialize_top_at_mark_start for Region 1383, TAMS: 0x00000000eb380000, TopOfBitMap: 0x00000000eb400000
[0.044s][debug][gc           ] SMC:initialize_top_at_mark_start for Region 1384, TAMS: 0x00000000eb400000, TopOfBitMap: 0x00000000eb480000
[0.044s][debug][gc           ] SMC:initialize_top_at_mark_start for Region 1385, TAMS: 0x00000000eb480000, TopOfBitMap: 0x00000000eb500000
[0.044s][debug][gc           ] SMC:initialize_top_at_mark_start for Region 1386, TAMS: 0x00000000eb500000, TopOfBitMap: 0x00000000eb580000
[0.044s][debug][gc           ] SMC:initialize_top_at_mark_start for Region 1387, TAMS: 0x00000000eb580000, TopOfBitMap: 0x00000000eb600000
[0.044s][debug][gc           ] SMC:initialize_top_at_mark_start for Region 1388, TAMS: 0x00000000eb600000, TopOfBitMap: 0x00000000eb680000
[0.044s][debug][gc           ] SMC:initialize_top_at_mark_start for Region 1389, TAMS: 0x00000000eb680000, TopOfBitMap: 0x00000000eb700000
[0.044s][debug][gc           ] SMC:initialize_top_at_mark_start for Region 1390, TAMS: 0x00000000eb700000, TopOfBitMap: 0x00000000eb780000
[0.044s][debug][gc           ] SMC:initialize_top_at_mark_start for Region 1391, TAMS: 0x00000000eb780000, TopOfBitMap: 0x00000000eb800000
[0.044s][debug][gc           ] SMC:initialize_top_at_mark_start for Region 1392, TAMS: 0x00000000eb800000, TopOfBitMap: 0x00000000eb880000
[0.044s][debug][gc           ] SMC:initialize_top_at_mark_start for Region 1393, TAMS: 0x00000000eb880000, TopOfBitMap: 0x00000000eb900000
[0.044s][debug][gc           ] SMC:initialize_top_at_mark_start for Region 1394, TAMS: 0x00000000eb900000, TopOfBitMap: 0x00000000eb980000
[0.044s][debug][gc           ] SMC:initialize_top_at_mark_start for Region 1395, TAMS: 0x00000000eb980000, TopOfBitMap: 0x00000000eba00000
[0.044s][debug][gc           ] SMC:initialize_top_at_mark_start for Region 1396, TAMS: 0x00000000eba00000, TopOfBitMap: 0x00000000eba80000
[0.044s][debug][gc           ] SMC:initialize_top_at_mark_start for Region 1397, TAMS: 0x00000000eba80000, TopOfBitMap: 0x00000000ebb00000
[0.044s][debug][gc           ] SMC:initialize_top_at_mark_start for Region 1398, TAMS: 0x00000000ebb00000, TopOfBitMap: 0x00000000ebb80000
[0.044s][debug][gc           ] SMC:initialize_top_at_mark_start for Region 1399, TAMS: 0x00000000ebb80000, TopOfBitMap: 0x00000000ebc00000
[0.044s][debug][gc           ] SMC:initialize_top_at_mark_start for Region 1400, TAMS: 0x00000000ebc00000, TopOfBitMap: 0x00000000ebc80000
[0.044s][debug][gc           ] SMC:initialize_top_at_mark_start for Region 1401, TAMS: 0x00000000ebc80000, TopOfBitMap: 0x00000000ebd00000
[0.044s][debug][gc           ] SMC:initialize_top_at_mark_start for Region 1402, TAMS: 0x00000000ebd00000, TopOfBitMap: 0x00000000ebd80000
[0.044s][debug][gc           ] SMC:initialize_top_at_mark_start for Region 1403, TAMS: 0x00000000ebd80000, TopOfBitMap: 0x00000000ebe00000
[0.044s][debug][gc           ] SMC:initialize_top_at_mark_start for Region 1404, TAMS: 0x00000000ebe00000, TopOfBitMap: 0x00000000ebe80000
[0.044s][debug][gc           ] SMC:initialize_top_at_mark_start for Region 1405, TAMS: 0x00000000ebe80000, TopOfBitMap: 0x00000000ebf00000
[0.044s][debug][gc           ] SMC:initialize_top_at_mark_start for Region 1406, TAMS: 0x00000000ebf00000, TopOfBitMap: 0x00000000ebf80000
[0.044s][debug][gc           ] SMC:initialize_top_at_mark_start for Region 1407, TAMS: 0x00000000ebf80000, TopOfBitMap: 0x00000000ec000000
[0.044s][debug][gc           ] SMC:initialize_top_at_mark_start for Region 1408, TAMS: 0x00000000ec000000, TopOfBitMap: 0x00000000ec080000
[0.044s][debug][gc           ] SMC:initialize_top_at_mark_start for Region 1409, TAMS: 0x00000000ec080000, TopOfBitMap: 0x00000000ec100000
[0.044s][debug][gc           ] SMC:initialize_top_at_mark_start for Region 1410, TAMS: 0x00000000ec100000, TopOfBitMap: 0x00000000ec180000
[0.044s][debug][gc           ] SMC:initialize_top_at_mark_start for Region 1411, TAMS: 0x00000000ec180000, TopOfBitMap: 0x00000000ec200000
[0.044s][debug][gc           ] SMC:initialize_top_at_mark_start for Region 1412, TAMS: 0x00000000ec200000, TopOfBitMap: 0x00000000ec280000
[0.044s][debug][gc           ] SMC:initialize_top_at_mark_start for Region 1413, TAMS: 0x00000000ec280000, TopOfBitMap: 0x00000000ec300000
[0.044s][debug][gc           ] SMC:initialize_top_at_mark_start for Region 1414, TAMS: 0x00000000ec300000, TopOfBitMap: 0x00000000ec380000
[0.044s][debug][gc           ] SMC:initialize_top_at_mark_start for Region 1415, TAMS: 0x00000000ec380000, TopOfBitMap: 0x00000000ec400000
[0.044s][debug][gc           ] SMC:initialize_top_at_mark_start for Region 1416, TAMS: 0x00000000ec400000, TopOfBitMap: 0x00000000ec480000
[0.044s][debug][gc           ] SMC:initialize_top_at_mark_start for Region 1417, TAMS: 0x00000000ec480000, TopOfBitMap: 0x00000000ec500000
[0.044s][debug][gc           ] SMC:initialize_top_at_mark_start for Region 1418, TAMS: 0x00000000ec500000, TopOfBitMap: 0x00000000ec580000
[0.044s][debug][gc           ] SMC:initialize_top_at_mark_start for Region 1419, TAMS: 0x00000000ec580000, TopOfBitMap: 0x00000000ec600000
[0.044s][debug][gc           ] SMC:initialize_top_at_mark_start for Region 1420, TAMS: 0x00000000ec600000, TopOfBitMap: 0x00000000ec680000
[0.044s][debug][gc           ] SMC:initialize_top_at_mark_start for Region 1421, TAMS: 0x00000000ec680000, TopOfBitMap: 0x00000000ec700000
[0.044s][debug][gc           ] SMC:initialize_top_at_mark_start for Region 1422, TAMS: 0x00000000ec700000, TopOfBitMap: 0x00000000ec780000
[0.044s][debug][gc           ] SMC:initialize_top_at_mark_start for Region 1423, TAMS: 0x00000000ec780000, TopOfBitMap: 0x00000000ec800000
[0.044s][debug][gc           ] SMC:initialize_top_at_mark_start for Region 1424, TAMS: 0x00000000ec800000, TopOfBitMap: 0x00000000ec880000
[0.044s][debug][gc           ] SMC:initialize_top_at_mark_start for Region 1425, TAMS: 0x00000000ec880000, TopOfBitMap: 0x00000000ec900000
[0.044s][debug][gc           ] SMC:initialize_top_at_mark_start for Region 1426, TAMS: 0x00000000ec900000, TopOfBitMap: 0x00000000ec980000
[0.044s][debug][gc           ] SMC:initialize_top_at_mark_start for Region 1427, TAMS: 0x00000000ec980000, TopOfBitMap: 0x00000000eca00000
[0.044s][debug][gc           ] SMC:initialize_top_at_mark_start for Region 1428, TAMS: 0x00000000eca00000, TopOfBitMap: 0x00000000eca80000
[0.044s][debug][gc           ] SMC:initialize_top_at_mark_start for Region 1429, TAMS: 0x00000000eca80000, TopOfBitMap: 0x00000000ecb00000
[0.044s][debug][gc           ] SMC:initialize_top_at_mark_start for Region 1430, TAMS: 0x00000000ecb00000, TopOfBitMap: 0x00000000ecb80000
[0.044s][debug][gc           ] SMC:initialize_top_at_mark_start for Region 1431, TAMS: 0x00000000ecb80000, TopOfBitMap: 0x00000000ecc00000
[0.044s][debug][gc           ] SMC:initialize_top_at_mark_start for Region 1432, TAMS: 0x00000000ecc00000, TopOfBitMap: 0x00000000ecc80000
[0.044s][debug][gc           ] SMC:initialize_top_at_mark_start for Region 1433, TAMS: 0x00000000ecc80000, TopOfBitMap: 0x00000000ecd00000
[0.044s][debug][gc           ] SMC:initialize_top_at_mark_start for Region 1434, TAMS: 0x00000000ecd00000, TopOfBitMap: 0x00000000ecd80000
[0.044s][debug][gc           ] SMC:initialize_top_at_mark_start for Region 1435, TAMS: 0x00000000ecd80000, TopOfBitMap: 0x00000000ece00000
[0.044s][debug][gc           ] SMC:initialize_top_at_mark_start for Region 1436, TAMS: 0x00000000ece00000, TopOfBitMap: 0x00000000ece80000
[0.044s][debug][gc           ] SMC:initialize_top_at_mark_start for Region 1437, TAMS: 0x00000000ece80000, TopOfBitMap: 0x00000000ecf00000
[0.044s][debug][gc           ] SMC:initialize_top_at_mark_start for Region 1438, TAMS: 0x00000000ecf00000, TopOfBitMap: 0x00000000ecf80000
[0.044s][debug][gc           ] SMC:initialize_top_at_mark_start for Region 1439, TAMS: 0x00000000ecf80000, TopOfBitMap: 0x00000000ed000000
[0.044s][debug][gc           ] SMC:initialize_top_at_mark_start for Region 1440, TAMS: 0x00000000ed000000, TopOfBitMap: 0x00000000ed080000
[0.044s][debug][gc           ] SMC:initialize_top_at_mark_start for Region 1441, TAMS: 0x00000000ed080000, TopOfBitMap: 0x00000000ed100000
[0.044s][debug][gc           ] SMC:initialize_top_at_mark_start for Region 1442, TAMS: 0x00000000ed100000, TopOfBitMap: 0x00000000ed180000
[0.044s][debug][gc           ] SMC:initialize_top_at_mark_start for Region 1443, TAMS: 0x00000000ed180000, TopOfBitMap: 0x00000000ed200000
[0.044s][debug][gc           ] SMC:initialize_top_at_mark_start for Region 1444, TAMS: 0x00000000ed200000, TopOfBitMap: 0x00000000ed280000
[0.044s][debug][gc           ] SMC:initialize_top_at_mark_start for Region 1445, TAMS: 0x00000000ed280000, TopOfBitMap: 0x00000000ed300000
[0.044s][debug][gc           ] SMC:initialize_top_at_mark_start for Region 1446, TAMS: 0x00000000ed300000, TopOfBitMap: 0x00000000ed380000
[0.044s][debug][gc           ] SMC:initialize_top_at_mark_start for Region 1447, TAMS: 0x00000000ed380000, TopOfBitMap: 0x00000000ed400000
[0.044s][debug][gc           ] SMC:initialize_top_at_mark_start for Region 1448, TAMS: 0x00000000ed400000, TopOfBitMap: 0x00000000ed480000
[0.044s][debug][gc           ] SMC:initialize_top_at_mark_start for Region 1449, TAMS: 0x00000000ed480000, TopOfBitMap: 0x00000000ed500000
[0.044s][debug][gc           ] SMC:initialize_top_at_mark_start for Region 1450, TAMS: 0x00000000ed500000, TopOfBitMap: 0x00000000ed580000
[0.044s][debug][gc           ] SMC:initialize_top_at_mark_start for Region 1451, TAMS: 0x00000000ed580000, TopOfBitMap: 0x00000000ed600000
[0.044s][debug][gc           ] SMC:initialize_top_at_mark_start for Region 1452, TAMS: 0x00000000ed600000, TopOfBitMap: 0x00000000ed680000
[0.044s][debug][gc           ] SMC:initialize_top_at_mark_start for Region 1453, TAMS: 0x00000000ed680000, TopOfBitMap: 0x00000000ed700000
[0.044s][debug][gc           ] SMC:initialize_top_at_mark_start for Region 1454, TAMS: 0x00000000ed700000, TopOfBitMap: 0x00000000ed780000
[0.044s][debug][gc           ] SMC:initialize_top_at_mark_start for Region 1455, TAMS: 0x00000000ed780000, TopOfBitMap: 0x00000000ed800000
[0.044s][debug][gc           ] SMC:initialize_top_at_mark_start for Region 1456, TAMS: 0x00000000ed800000, TopOfBitMap: 0x00000000ed880000
[0.044s][debug][gc           ] SMC:initialize_top_at_mark_start for Region 1457, TAMS: 0x00000000ed880000, TopOfBitMap: 0x00000000ed900000
[0.044s][debug][gc           ] SMC:initialize_top_at_mark_start for Region 1458, TAMS: 0x00000000ed900000, TopOfBitMap: 0x00000000ed980000
[0.044s][debug][gc           ] SMC:initialize_top_at_mark_start for Region 1459, TAMS: 0x00000000ed980000, TopOfBitMap: 0x00000000eda00000
[0.044s][debug][gc           ] SMC:initialize_top_at_mark_start for Region 1460, TAMS: 0x00000000eda00000, TopOfBitMap: 0x00000000eda80000
[0.044s][debug][gc           ] SMC:initialize_top_at_mark_start for Region 1461, TAMS: 0x00000000eda80000, TopOfBitMap: 0x00000000edb00000
[0.044s][debug][gc           ] SMC:initialize_top_at_mark_start for Region 1462, TAMS: 0x00000000edb00000, TopOfBitMap: 0x00000000edb80000
[0.044s][debug][gc           ] SMC:initialize_top_at_mark_start for Region 1463, TAMS: 0x00000000edb80000, TopOfBitMap: 0x00000000edc00000
[0.044s][debug][gc           ] SMC:initialize_top_at_mark_start for Region 1464, TAMS: 0x00000000edc00000, TopOfBitMap: 0x00000000edc80000
[0.044s][debug][gc           ] SMC:initialize_top_at_mark_start for Region 1465, TAMS: 0x00000000edc80000, TopOfBitMap: 0x00000000edd00000
[0.044s][debug][gc           ] SMC:initialize_top_at_mark_start for Region 1466, TAMS: 0x00000000edd00000, TopOfBitMap: 0x00000000edd80000
[0.044s][debug][gc           ] SMC:initialize_top_at_mark_start for Region 1467, TAMS: 0x00000000edd80000, TopOfBitMap: 0x00000000ede00000
[0.044s][debug][gc           ] SMC:initialize_top_at_mark_start for Region 1468, TAMS: 0x00000000ede00000, TopOfBitMap: 0x00000000ede80000
[0.044s][debug][gc           ] SMC:initialize_top_at_mark_start for Region 1469, TAMS: 0x00000000ede80000, TopOfBitMap: 0x00000000edf00000
[0.044s][debug][gc           ] SMC:initialize_top_at_mark_start for Region 1470, TAMS: 0x00000000edf00000, TopOfBitMap: 0x00000000edf80000
[0.044s][debug][gc           ] SMC:initialize_top_at_mark_start for Region 1471, TAMS: 0x00000000edf80000, TopOfBitMap: 0x00000000ee000000
[0.044s][debug][gc           ] SMC:initialize_top_at_mark_start for Region 1472, TAMS: 0x00000000ee000000, TopOfBitMap: 0x00000000ee080000
[0.044s][debug][gc           ] SMC:initialize_top_at_mark_start for Region 1473, TAMS: 0x00000000ee080000, TopOfBitMap: 0x00000000ee100000
[0.044s][debug][gc           ] SMC:initialize_top_at_mark_start for Region 1474, TAMS: 0x00000000ee100000, TopOfBitMap: 0x00000000ee180000
[0.044s][debug][gc           ] SMC:initialize_top_at_mark_start for Region 1475, TAMS: 0x00000000ee180000, TopOfBitMap: 0x00000000ee200000
[0.044s][debug][gc           ] SMC:initialize_top_at_mark_start for Region 1476, TAMS: 0x00000000ee200000, TopOfBitMap: 0x00000000ee280000
[0.044s][debug][gc           ] SMC:initialize_top_at_mark_start for Region 1477, TAMS: 0x00000000ee280000, TopOfBitMap: 0x00000000ee300000
[0.044s][debug][gc           ] SMC:initialize_top_at_mark_start for Region 1478, TAMS: 0x00000000ee300000, TopOfBitMap: 0x00000000ee380000
[0.044s][debug][gc           ] SMC:initialize_top_at_mark_start for Region 1479, TAMS: 0x00000000ee380000, TopOfBitMap: 0x00000000ee400000
[0.044s][debug][gc           ] SMC:initialize_top_at_mark_start for Region 1480, TAMS: 0x00000000ee400000, TopOfBitMap: 0x00000000ee480000
[0.044s][debug][gc           ] SMC:initialize_top_at_mark_start for Region 1481, TAMS: 0x00000000ee480000, TopOfBitMap: 0x00000000ee500000
[0.044s][debug][gc           ] SMC:initialize_top_at_mark_start for Region 1482, TAMS: 0x00000000ee500000, TopOfBitMap: 0x00000000ee580000
[0.044s][debug][gc           ] SMC:initialize_top_at_mark_start for Region 1483, TAMS: 0x00000000ee580000, TopOfBitMap: 0x00000000ee600000
[0.044s][debug][gc           ] SMC:initialize_top_at_mark_start for Region 1484, TAMS: 0x00000000ee600000, TopOfBitMap: 0x00000000ee680000
[0.044s][debug][gc           ] SMC:initialize_top_at_mark_start for Region 1485, TAMS: 0x00000000ee680000, TopOfBitMap: 0x00000000ee700000
[0.044s][debug][gc           ] SMC:initialize_top_at_mark_start for Region 1486, TAMS: 0x00000000ee700000, TopOfBitMap: 0x00000000ee780000
[0.044s][debug][gc           ] SMC:initialize_top_at_mark_start for Region 1487, TAMS: 0x00000000ee780000, TopOfBitMap: 0x00000000ee800000
[0.044s][debug][gc           ] SMC:initialize_top_at_mark_start for Region 1488, TAMS: 0x00000000ee800000, TopOfBitMap: 0x00000000ee880000
[0.044s][debug][gc           ] SMC:initialize_top_at_mark_start for Region 1489, TAMS: 0x00000000ee880000, TopOfBitMap: 0x00000000ee900000
[0.044s][debug][gc           ] SMC:initialize_top_at_mark_start for Region 1490, TAMS: 0x00000000ee900000, TopOfBitMap: 0x00000000ee980000
[0.044s][debug][gc           ] SMC:initialize_top_at_mark_start for Region 1491, TAMS: 0x00000000ee980000, TopOfBitMap: 0x00000000eea00000
[0.044s][debug][gc           ] SMC:initialize_top_at_mark_start for Region 1492, TAMS: 0x00000000eea00000, TopOfBitMap: 0x00000000eea80000
[0.044s][debug][gc           ] SMC:initialize_top_at_mark_start for Region 1493, TAMS: 0x00000000eea80000, TopOfBitMap: 0x00000000eeb00000
[0.044s][debug][gc           ] SMC:initialize_top_at_mark_start for Region 1494, TAMS: 0x00000000eeb00000, TopOfBitMap: 0x00000000eeb80000
[0.044s][debug][gc           ] SMC:initialize_top_at_mark_start for Region 1495, TAMS: 0x00000000eeb80000, TopOfBitMap: 0x00000000eec00000
[0.044s][debug][gc           ] SMC:initialize_top_at_mark_start for Region 1496, TAMS: 0x00000000eec00000, TopOfBitMap: 0x00000000eec80000
[0.044s][debug][gc           ] SMC:initialize_top_at_mark_start for Region 1497, TAMS: 0x00000000eec80000, TopOfBitMap: 0x00000000eed00000
[0.044s][debug][gc           ] SMC:initialize_top_at_mark_start for Region 1498, TAMS: 0x00000000eed00000, TopOfBitMap: 0x00000000eed80000
[0.044s][debug][gc           ] SMC:initialize_top_at_mark_start for Region 1499, TAMS: 0x00000000eed80000, TopOfBitMap: 0x00000000eee00000
[0.044s][debug][gc           ] SMC:initialize_top_at_mark_start for Region 1500, TAMS: 0x00000000eee00000, TopOfBitMap: 0x00000000eee80000
[0.044s][debug][gc           ] SMC:initialize_top_at_mark_start for Region 1501, TAMS: 0x00000000eee80000, TopOfBitMap: 0x00000000eef00000
[0.044s][debug][gc           ] SMC:initialize_top_at_mark_start for Region 1502, TAMS: 0x00000000eef00000, TopOfBitMap: 0x00000000eef80000
[0.044s][debug][gc           ] SMC:initialize_top_at_mark_start for Region 1503, TAMS: 0x00000000eef80000, TopOfBitMap: 0x00000000ef000000
[0.044s][debug][gc           ] SMC:initialize_top_at_mark_start for Region 1504, TAMS: 0x00000000ef000000, TopOfBitMap: 0x00000000ef080000
[0.044s][debug][gc           ] SMC:initialize_top_at_mark_start for Region 1505, TAMS: 0x00000000ef080000, TopOfBitMap: 0x00000000ef100000
[0.044s][debug][gc           ] SMC:initialize_top_at_mark_start for Region 1506, TAMS: 0x00000000ef100000, TopOfBitMap: 0x00000000ef180000
[0.044s][debug][gc           ] SMC:initialize_top_at_mark_start for Region 1507, TAMS: 0x00000000ef180000, TopOfBitMap: 0x00000000ef200000
[0.044s][debug][gc           ] SMC:initialize_top_at_mark_start for Region 1508, TAMS: 0x00000000ef200000, TopOfBitMap: 0x00000000ef280000
[0.044s][debug][gc           ] SMC:initialize_top_at_mark_start for Region 1509, TAMS: 0x00000000ef280000, TopOfBitMap: 0x00000000ef300000
[0.044s][debug][gc           ] SMC:initialize_top_at_mark_start for Region 1510, TAMS: 0x00000000ef300000, TopOfBitMap: 0x00000000ef380000
[0.044s][debug][gc           ] SMC:initialize_top_at_mark_start for Region 1511, TAMS: 0x00000000ef380000, TopOfBitMap: 0x00000000ef400000
[0.044s][debug][gc           ] SMC:initialize_top_at_mark_start for Region 1512, TAMS: 0x00000000ef400000, TopOfBitMap: 0x00000000ef480000
[0.044s][debug][gc           ] SMC:initialize_top_at_mark_start for Region 1513, TAMS: 0x00000000ef480000, TopOfBitMap: 0x00000000ef500000
[0.044s][debug][gc           ] SMC:initialize_top_at_mark_start for Region 1514, TAMS: 0x00000000ef500000, TopOfBitMap: 0x00000000ef580000
[0.044s][debug][gc           ] SMC:initialize_top_at_mark_start for Region 1515, TAMS: 0x00000000ef580000, TopOfBitMap: 0x00000000ef600000
[0.044s][debug][gc           ] SMC:initialize_top_at_mark_start for Region 1516, TAMS: 0x00000000ef600000, TopOfBitMap: 0x00000000ef680000
[0.044s][debug][gc           ] SMC:initialize_top_at_mark_start for Region 1517, TAMS: 0x00000000ef680000, TopOfBitMap: 0x00000000ef700000
[0.044s][debug][gc           ] SMC:initialize_top_at_mark_start for Region 1518, TAMS: 0x00000000ef700000, TopOfBitMap: 0x00000000ef780000
[0.044s][debug][gc           ] SMC:initialize_top_at_mark_start for Region 1519, TAMS: 0x00000000ef780000, TopOfBitMap: 0x00000000ef800000
[0.044s][debug][gc           ] SMC:initialize_top_at_mark_start for Region 1520, TAMS: 0x00000000ef800000, TopOfBitMap: 0x00000000ef880000
[0.044s][debug][gc           ] SMC:initialize_top_at_mark_start for Region 1521, TAMS: 0x00000000ef880000, TopOfBitMap: 0x00000000ef900000
[0.044s][debug][gc           ] SMC:initialize_top_at_mark_start for Region 1522, TAMS: 0x00000000ef900000, TopOfBitMap: 0x00000000ef980000
[0.044s][debug][gc           ] SMC:initialize_top_at_mark_start for Region 1523, TAMS: 0x00000000ef980000, TopOfBitMap: 0x00000000efa00000
[0.044s][debug][gc           ] SMC:initialize_top_at_mark_start for Region 1524, TAMS: 0x00000000efa00000, TopOfBitMap: 0x00000000efa80000
[0.044s][debug][gc           ] SMC:initialize_top_at_mark_start for Region 1525, TAMS: 0x00000000efa80000, TopOfBitMap: 0x00000000efb00000
[0.044s][debug][gc           ] SMC:initialize_top_at_mark_start for Region 1526, TAMS: 0x00000000efb00000, TopOfBitMap: 0x00000000efb80000
[0.044s][debug][gc           ] SMC:initialize_top_at_mark_start for Region 1527, TAMS: 0x00000000efb80000, TopOfBitMap: 0x00000000efc00000
[0.044s][debug][gc           ] SMC:initialize_top_at_mark_start for Region 1528, TAMS: 0x00000000efc00000, TopOfBitMap: 0x00000000efc80000
[0.044s][debug][gc           ] SMC:initialize_top_at_mark_start for Region 1529, TAMS: 0x00000000efc80000, TopOfBitMap: 0x00000000efd00000
[0.044s][debug][gc           ] SMC:initialize_top_at_mark_start for Region 1530, TAMS: 0x00000000efd00000, TopOfBitMap: 0x00000000efd80000
[0.044s][debug][gc           ] SMC:initialize_top_at_mark_start for Region 1531, TAMS: 0x00000000efd80000, TopOfBitMap: 0x00000000efe00000
[0.044s][debug][gc           ] SMC:initialize_top_at_mark_start for Region 1532, TAMS: 0x00000000efe00000, TopOfBitMap: 0x00000000efe80000
[0.044s][debug][gc           ] SMC:initialize_top_at_mark_start for Region 1533, TAMS: 0x00000000efe80000, TopOfBitMap: 0x00000000eff00000
[0.044s][debug][gc           ] SMC:initialize_top_at_mark_start for Region 1534, TAMS: 0x00000000eff00000, TopOfBitMap: 0x00000000eff80000
[0.044s][debug][gc           ] SMC:initialize_top_at_mark_start for Region 1535, TAMS: 0x00000000eff80000, TopOfBitMap: 0x00000000f0000000
[0.044s][debug][gc           ] SMC:initialize_top_at_mark_start for Region 1536, TAMS: 0x00000000f0000000, TopOfBitMap: 0x00000000f0080000
[0.044s][debug][gc           ] SMC:initialize_top_at_mark_start for Region 1537, TAMS: 0x00000000f0080000, TopOfBitMap: 0x00000000f0100000
[0.044s][debug][gc           ] SMC:initialize_top_at_mark_start for Region 1538, TAMS: 0x00000000f0100000, TopOfBitMap: 0x00000000f0180000
[0.044s][debug][gc           ] SMC:initialize_top_at_mark_start for Region 1539, TAMS: 0x00000000f0180000, TopOfBitMap: 0x00000000f0200000
[0.044s][debug][gc           ] SMC:initialize_top_at_mark_start for Region 1540, TAMS: 0x00000000f0200000, TopOfBitMap: 0x00000000f0280000
[0.044s][debug][gc           ] SMC:initialize_top_at_mark_start for Region 1541, TAMS: 0x00000000f0280000, TopOfBitMap: 0x00000000f0300000
[0.044s][debug][gc           ] SMC:initialize_top_at_mark_start for Region 1542, TAMS: 0x00000000f0300000, TopOfBitMap: 0x00000000f0380000
[0.044s][debug][gc           ] SMC:initialize_top_at_mark_start for Region 1543, TAMS: 0x00000000f0380000, TopOfBitMap: 0x00000000f0400000
[0.044s][debug][gc           ] SMC:initialize_top_at_mark_start for Region 1544, TAMS: 0x00000000f0400000, TopOfBitMap: 0x00000000f0480000
[0.044s][debug][gc           ] SMC:initialize_top_at_mark_start for Region 1545, TAMS: 0x00000000f0480000, TopOfBitMap: 0x00000000f0500000
[0.044s][debug][gc           ] SMC:initialize_top_at_mark_start for Region 1546, TAMS: 0x00000000f0500000, TopOfBitMap: 0x00000000f0580000
[0.044s][debug][gc           ] SMC:initialize_top_at_mark_start for Region 1547, TAMS: 0x00000000f0580000, TopOfBitMap: 0x00000000f0600000
[0.044s][debug][gc           ] SMC:initialize_top_at_mark_start for Region 1548, TAMS: 0x00000000f0600000, TopOfBitMap: 0x00000000f0680000
[0.044s][debug][gc           ] SMC:initialize_top_at_mark_start for Region 1549, TAMS: 0x00000000f0680000, TopOfBitMap: 0x00000000f0700000
[0.045s][debug][gc           ] SMC:initialize_top_at_mark_start for Region 1550, TAMS: 0x00000000f0700000, TopOfBitMap: 0x00000000f0780000
[0.045s][debug][gc           ] SMC:initialize_top_at_mark_start for Region 1551, TAMS: 0x00000000f0780000, TopOfBitMap: 0x00000000f0800000
[0.045s][debug][gc           ] SMC:initialize_top_at_mark_start for Region 1552, TAMS: 0x00000000f0800000, TopOfBitMap: 0x00000000f0880000
[0.045s][debug][gc           ] SMC:initialize_top_at_mark_start for Region 1553, TAMS: 0x00000000f0880000, TopOfBitMap: 0x00000000f0900000
[0.045s][debug][gc           ] SMC:initialize_top_at_mark_start for Region 1554, TAMS: 0x00000000f0900000, TopOfBitMap: 0x00000000f0980000
[0.045s][debug][gc           ] SMC:initialize_top_at_mark_start for Region 1555, TAMS: 0x00000000f0980000, TopOfBitMap: 0x00000000f0a00000
[0.045s][debug][gc           ] SMC:initialize_top_at_mark_start for Region 1556, TAMS: 0x00000000f0a00000, TopOfBitMap: 0x00000000f0a80000
[0.045s][debug][gc           ] SMC:initialize_top_at_mark_start for Region 1557, TAMS: 0x00000000f0a80000, TopOfBitMap: 0x00000000f0b00000
[0.045s][debug][gc           ] SMC:initialize_top_at_mark_start for Region 1558, TAMS: 0x00000000f0b00000, TopOfBitMap: 0x00000000f0b80000
[0.045s][debug][gc           ] SMC:initialize_top_at_mark_start for Region 1559, TAMS: 0x00000000f0b80000, TopOfBitMap: 0x00000000f0c00000
[0.045s][debug][gc           ] SMC:initialize_top_at_mark_start for Region 1560, TAMS: 0x00000000f0c00000, TopOfBitMap: 0x00000000f0c80000
[0.045s][debug][gc           ] SMC:initialize_top_at_mark_start for Region 1561, TAMS: 0x00000000f0c80000, TopOfBitMap: 0x00000000f0d00000
[0.045s][debug][gc           ] SMC:initialize_top_at_mark_start for Region 1562, TAMS: 0x00000000f0d00000, TopOfBitMap: 0x00000000f0d80000
[0.045s][debug][gc           ] SMC:initialize_top_at_mark_start for Region 1563, TAMS: 0x00000000f0d80000, TopOfBitMap: 0x00000000f0e00000
[0.045s][debug][gc           ] SMC:initialize_top_at_mark_start for Region 1564, TAMS: 0x00000000f0e00000, TopOfBitMap: 0x00000000f0e80000
[0.045s][debug][gc           ] SMC:initialize_top_at_mark_start for Region 1565, TAMS: 0x00000000f0e80000, TopOfBitMap: 0x00000000f0f00000
[0.045s][debug][gc           ] SMC:initialize_top_at_mark_start for Region 1566, TAMS: 0x00000000f0f00000, TopOfBitMap: 0x00000000f0f80000
[0.045s][debug][gc           ] SMC:initialize_top_at_mark_start for Region 1567, TAMS: 0x00000000f0f80000, TopOfBitMap: 0x00000000f1000000
[0.045s][debug][gc           ] SMC:initialize_top_at_mark_start for Region 1568, TAMS: 0x00000000f1000000, TopOfBitMap: 0x00000000f1080000
[0.045s][debug][gc           ] SMC:initialize_top_at_mark_start for Region 1569, TAMS: 0x00000000f1080000, TopOfBitMap: 0x00000000f1100000
[0.045s][debug][gc           ] SMC:initialize_top_at_mark_start for Region 1570, TAMS: 0x00000000f1100000, TopOfBitMap: 0x00000000f1180000
[0.045s][debug][gc           ] SMC:initialize_top_at_mark_start for Region 1571, TAMS: 0x00000000f1180000, TopOfBitMap: 0x00000000f1200000
[0.045s][debug][gc           ] SMC:initialize_top_at_mark_start for Region 1572, TAMS: 0x00000000f1200000, TopOfBitMap: 0x00000000f1280000
[0.045s][debug][gc           ] SMC:initialize_top_at_mark_start for Region 1573, TAMS: 0x00000000f1280000, TopOfBitMap: 0x00000000f1300000
[0.045s][debug][gc           ] SMC:initialize_top_at_mark_start for Region 1574, TAMS: 0x00000000f1300000, TopOfBitMap: 0x00000000f1380000
[0.045s][debug][gc           ] SMC:initialize_top_at_mark_start for Region 1575, TAMS: 0x00000000f1380000, TopOfBitMap: 0x00000000f1400000
[0.045s][debug][gc           ] SMC:initialize_top_at_mark_start for Region 1576, TAMS: 0x00000000f1400000, TopOfBitMap: 0x00000000f1480000
[0.045s][debug][gc           ] SMC:initialize_top_at_mark_start for Region 1577, TAMS: 0x00000000f1480000, TopOfBitMap: 0x00000000f1500000
[0.045s][debug][gc           ] SMC:initialize_top_at_mark_start for Region 1578, TAMS: 0x00000000f1500000, TopOfBitMap: 0x00000000f1580000
[0.045s][debug][gc           ] SMC:initialize_top_at_mark_start for Region 1579, TAMS: 0x00000000f1580000, TopOfBitMap: 0x00000000f1600000
[0.045s][debug][gc           ] SMC:initialize_top_at_mark_start for Region 1580, TAMS: 0x00000000f1600000, TopOfBitMap: 0x00000000f1680000
[0.045s][debug][gc           ] SMC:initialize_top_at_mark_start for Region 1581, TAMS: 0x00000000f1680000, TopOfBitMap: 0x00000000f1700000
[0.045s][debug][gc           ] SMC:initialize_top_at_mark_start for Region 1582, TAMS: 0x00000000f1700000, TopOfBitMap: 0x00000000f1780000
[0.045s][debug][gc           ] SMC:initialize_top_at_mark_start for Region 1583, TAMS: 0x00000000f1780000, TopOfBitMap: 0x00000000f1800000
[0.045s][debug][gc           ] SMC:initialize_top_at_mark_start for Region 1584, TAMS: 0x00000000f1800000, TopOfBitMap: 0x00000000f1880000
[0.045s][debug][gc           ] SMC:initialize_top_at_mark_start for Region 1585, TAMS: 0x00000000f1880000, TopOfBitMap: 0x00000000f1900000
[0.045s][debug][gc           ] SMC:initialize_top_at_mark_start for Region 1586, TAMS: 0x00000000f1900000, TopOfBitMap: 0x00000000f1980000
[0.045s][debug][gc           ] SMC:initialize_top_at_mark_start for Region 1587, TAMS: 0x00000000f1980000, TopOfBitMap: 0x00000000f1a00000
[0.045s][debug][gc           ] SMC:initialize_top_at_mark_start for Region 1588, TAMS: 0x00000000f1a00000, TopOfBitMap: 0x00000000f1a80000
[0.045s][debug][gc           ] SMC:initialize_top_at_mark_start for Region 1589, TAMS: 0x00000000f1a80000, TopOfBitMap: 0x00000000f1b00000
[0.045s][debug][gc           ] SMC:initialize_top_at_mark_start for Region 1590, TAMS: 0x00000000f1b00000, TopOfBitMap: 0x00000000f1b80000
[0.045s][debug][gc           ] SMC:initialize_top_at_mark_start for Region 1591, TAMS: 0x00000000f1b80000, TopOfBitMap: 0x00000000f1c00000
[0.045s][debug][gc           ] SMC:initialize_top_at_mark_start for Region 1592, TAMS: 0x00000000f1c00000, TopOfBitMap: 0x00000000f1c80000
[0.045s][debug][gc           ] SMC:initialize_top_at_mark_start for Region 1593, TAMS: 0x00000000f1c80000, TopOfBitMap: 0x00000000f1d00000
[0.045s][debug][gc           ] SMC:initialize_top_at_mark_start for Region 1594, TAMS: 0x00000000f1d00000, TopOfBitMap: 0x00000000f1d80000
[0.045s][debug][gc           ] SMC:initialize_top_at_mark_start for Region 1595, TAMS: 0x00000000f1d80000, TopOfBitMap: 0x00000000f1e00000
[0.045s][debug][gc           ] SMC:initialize_top_at_mark_start for Region 1596, TAMS: 0x00000000f1e00000, TopOfBitMap: 0x00000000f1e80000
[0.045s][debug][gc           ] SMC:initialize_top_at_mark_start for Region 1597, TAMS: 0x00000000f1e80000, TopOfBitMap: 0x00000000f1f00000
[0.045s][debug][gc           ] SMC:initialize_top_at_mark_start for Region 1598, TAMS: 0x00000000f1f00000, TopOfBitMap: 0x00000000f1f80000
[0.045s][debug][gc           ] SMC:initialize_top_at_mark_start for Region 1599, TAMS: 0x00000000f1f80000, TopOfBitMap: 0x00000000f2000000
[0.045s][debug][gc           ] SMC:initialize_top_at_mark_start for Region 1600, TAMS: 0x00000000f2000000, TopOfBitMap: 0x00000000f2080000
[0.045s][debug][gc           ] SMC:initialize_top_at_mark_start for Region 1601, TAMS: 0x00000000f2080000, TopOfBitMap: 0x00000000f2100000
[0.045s][debug][gc           ] SMC:initialize_top_at_mark_start for Region 1602, TAMS: 0x00000000f2100000, TopOfBitMap: 0x00000000f2180000
[0.045s][debug][gc           ] SMC:initialize_top_at_mark_start for Region 1603, TAMS: 0x00000000f2180000, TopOfBitMap: 0x00000000f2200000
[0.045s][debug][gc           ] SMC:initialize_top_at_mark_start for Region 1604, TAMS: 0x00000000f2200000, TopOfBitMap: 0x00000000f2280000
[0.045s][debug][gc           ] SMC:initialize_top_at_mark_start for Region 1605, TAMS: 0x00000000f2280000, TopOfBitMap: 0x00000000f2300000
[0.045s][debug][gc           ] SMC:initialize_top_at_mark_start for Region 1606, TAMS: 0x00000000f2300000, TopOfBitMap: 0x00000000f2380000
[0.045s][debug][gc           ] SMC:initialize_top_at_mark_start for Region 1607, TAMS: 0x00000000f2380000, TopOfBitMap: 0x00000000f2400000
[0.045s][debug][gc           ] SMC:initialize_top_at_mark_start for Region 1608, TAMS: 0x00000000f2400000, TopOfBitMap: 0x00000000f2480000
[0.045s][debug][gc           ] SMC:initialize_top_at_mark_start for Region 1609, TAMS: 0x00000000f2480000, TopOfBitMap: 0x00000000f2500000
[0.045s][debug][gc           ] SMC:initialize_top_at_mark_start for Region 1610, TAMS: 0x00000000f2500000, TopOfBitMap: 0x00000000f2580000
[0.045s][debug][gc           ] SMC:initialize_top_at_mark_start for Region 1611, TAMS: 0x00000000f2580000, TopOfBitMap: 0x00000000f2600000
[0.045s][debug][gc           ] SMC:initialize_top_at_mark_start for Region 1612, TAMS: 0x00000000f2600000, TopOfBitMap: 0x00000000f2680000
[0.045s][debug][gc           ] SMC:initialize_top_at_mark_start for Region 1613, TAMS: 0x00000000f2680000, TopOfBitMap: 0x00000000f2700000
[0.045s][debug][gc           ] SMC:initialize_top_at_mark_start for Region 1614, TAMS: 0x00000000f2700000, TopOfBitMap: 0x00000000f2780000
[0.045s][debug][gc           ] SMC:initialize_top_at_mark_start for Region 1615, TAMS: 0x00000000f2780000, TopOfBitMap: 0x00000000f2800000
[0.045s][debug][gc           ] SMC:initialize_top_at_mark_start for Region 1616, TAMS: 0x00000000f2800000, TopOfBitMap: 0x00000000f2880000
[0.045s][debug][gc           ] SMC:initialize_top_at_mark_start for Region 1617, TAMS: 0x00000000f2880000, TopOfBitMap: 0x00000000f2900000
[0.045s][debug][gc           ] SMC:initialize_top_at_mark_start for Region 1618, TAMS: 0x00000000f2900000, TopOfBitMap: 0x00000000f2980000
[0.045s][debug][gc           ] SMC:initialize_top_at_mark_start for Region 1619, TAMS: 0x00000000f2980000, TopOfBitMap: 0x00000000f2a00000
[0.045s][debug][gc           ] SMC:initialize_top_at_mark_start for Region 1620, TAMS: 0x00000000f2a00000, TopOfBitMap: 0x00000000f2a80000
[0.045s][debug][gc           ] SMC:initialize_top_at_mark_start for Region 1621, TAMS: 0x00000000f2a80000, TopOfBitMap: 0x00000000f2b00000
[0.045s][debug][gc           ] SMC:initialize_top_at_mark_start for Region 1622, TAMS: 0x00000000f2b00000, TopOfBitMap: 0x00000000f2b80000
[0.045s][debug][gc           ] SMC:initialize_top_at_mark_start for Region 1623, TAMS: 0x00000000f2b80000, TopOfBitMap: 0x00000000f2c00000
[0.045s][debug][gc           ] SMC:initialize_top_at_mark_start for Region 1624, TAMS: 0x00000000f2c00000, TopOfBitMap: 0x00000000f2c80000
[0.045s][debug][gc           ] SMC:initialize_top_at_mark_start for Region 1625, TAMS: 0x00000000f2c80000, TopOfBitMap: 0x00000000f2d00000
[0.045s][debug][gc           ] SMC:initialize_top_at_mark_start for Region 1626, TAMS: 0x00000000f2d00000, TopOfBitMap: 0x00000000f2d80000
[0.045s][debug][gc           ] SMC:initialize_top_at_mark_start for Region 1627, TAMS: 0x00000000f2d80000, TopOfBitMap: 0x00000000f2e00000
[0.045s][debug][gc           ] SMC:initialize_top_at_mark_start for Region 1628, TAMS: 0x00000000f2e00000, TopOfBitMap: 0x00000000f2e80000
[0.045s][debug][gc           ] SMC:initialize_top_at_mark_start for Region 1629, TAMS: 0x00000000f2e80000, TopOfBitMap: 0x00000000f2f00000
[0.045s][debug][gc           ] SMC:initialize_top_at_mark_start for Region 1630, TAMS: 0x00000000f2f00000, TopOfBitMap: 0x00000000f2f80000
[0.045s][debug][gc           ] SMC:initialize_top_at_mark_start for Region 1631, TAMS: 0x00000000f2f80000, TopOfBitMap: 0x00000000f3000000
[0.045s][debug][gc           ] SMC:initialize_top_at_mark_start for Region 1632, TAMS: 0x00000000f3000000, TopOfBitMap: 0x00000000f3080000
[0.045s][debug][gc           ] SMC:initialize_top_at_mark_start for Region 1633, TAMS: 0x00000000f3080000, TopOfBitMap: 0x00000000f3100000
[0.045s][debug][gc           ] SMC:initialize_top_at_mark_start for Region 1634, TAMS: 0x00000000f3100000, TopOfBitMap: 0x00000000f3180000
[0.045s][debug][gc           ] SMC:initialize_top_at_mark_start for Region 1635, TAMS: 0x00000000f3180000, TopOfBitMap: 0x00000000f3200000
[0.045s][debug][gc           ] SMC:initialize_top_at_mark_start for Region 1636, TAMS: 0x00000000f3200000, TopOfBitMap: 0x00000000f3280000
[0.045s][debug][gc           ] SMC:initialize_top_at_mark_start for Region 1637, TAMS: 0x00000000f3280000, TopOfBitMap: 0x00000000f3300000
[0.045s][debug][gc           ] SMC:initialize_top_at_mark_start for Region 1638, TAMS: 0x00000000f3300000, TopOfBitMap: 0x00000000f3380000
[0.045s][debug][gc           ] SMC:initialize_top_at_mark_start for Region 1639, TAMS: 0x00000000f3380000, TopOfBitMap: 0x00000000f3400000
[0.045s][debug][gc           ] SMC:initialize_top_at_mark_start for Region 1640, TAMS: 0x00000000f3400000, TopOfBitMap: 0x00000000f3480000
[0.045s][debug][gc           ] SMC:initialize_top_at_mark_start for Region 1641, TAMS: 0x00000000f3480000, TopOfBitMap: 0x00000000f3500000
[0.045s][debug][gc           ] SMC:initialize_top_at_mark_start for Region 1642, TAMS: 0x00000000f3500000, TopOfBitMap: 0x00000000f3580000
[0.045s][debug][gc           ] SMC:initialize_top_at_mark_start for Region 1643, TAMS: 0x00000000f3580000, TopOfBitMap: 0x00000000f3600000
[0.045s][debug][gc           ] SMC:initialize_top_at_mark_start for Region 1644, TAMS: 0x00000000f3600000, TopOfBitMap: 0x00000000f3680000
[0.045s][debug][gc           ] SMC:initialize_top_at_mark_start for Region 1645, TAMS: 0x00000000f3680000, TopOfBitMap: 0x00000000f3700000
[0.045s][debug][gc           ] SMC:initialize_top_at_mark_start for Region 1646, TAMS: 0x00000000f3700000, TopOfBitMap: 0x00000000f3780000
[0.045s][debug][gc           ] SMC:initialize_top_at_mark_start for Region 1647, TAMS: 0x00000000f3780000, TopOfBitMap: 0x00000000f3800000
[0.045s][debug][gc           ] SMC:initialize_top_at_mark_start for Region 1648, TAMS: 0x00000000f3800000, TopOfBitMap: 0x00000000f3880000
[0.045s][debug][gc           ] SMC:initialize_top_at_mark_start for Region 1649, TAMS: 0x00000000f3880000, TopOfBitMap: 0x00000000f3900000
[0.045s][debug][gc           ] SMC:initialize_top_at_mark_start for Region 1650, TAMS: 0x00000000f3900000, TopOfBitMap: 0x00000000f3980000
[0.045s][debug][gc           ] SMC:initialize_top_at_mark_start for Region 1651, TAMS: 0x00000000f3980000, TopOfBitMap: 0x00000000f3a00000
[0.045s][debug][gc           ] SMC:initialize_top_at_mark_start for Region 1652, TAMS: 0x00000000f3a00000, TopOfBitMap: 0x00000000f3a80000
[0.045s][debug][gc           ] SMC:initialize_top_at_mark_start for Region 1653, TAMS: 0x00000000f3a80000, TopOfBitMap: 0x00000000f3b00000
[0.045s][debug][gc           ] SMC:initialize_top_at_mark_start for Region 1654, TAMS: 0x00000000f3b00000, TopOfBitMap: 0x00000000f3b80000
[0.045s][debug][gc           ] SMC:initialize_top_at_mark_start for Region 1655, TAMS: 0x00000000f3b80000, TopOfBitMap: 0x00000000f3c00000
[0.045s][debug][gc           ] SMC:initialize_top_at_mark_start for Region 1656, TAMS: 0x00000000f3c00000, TopOfBitMap: 0x00000000f3c80000
[0.045s][debug][gc           ] SMC:initialize_top_at_mark_start for Region 1657, TAMS: 0x00000000f3c80000, TopOfBitMap: 0x00000000f3d00000
[0.045s][debug][gc           ] SMC:initialize_top_at_mark_start for Region 1658, TAMS: 0x00000000f3d00000, TopOfBitMap: 0x00000000f3d80000
[0.045s][debug][gc           ] SMC:initialize_top_at_mark_start for Region 1659, TAMS: 0x00000000f3d80000, TopOfBitMap: 0x00000000f3e00000
[0.045s][debug][gc           ] SMC:initialize_top_at_mark_start for Region 1660, TAMS: 0x00000000f3e00000, TopOfBitMap: 0x00000000f3e80000
[0.045s][debug][gc           ] SMC:initialize_top_at_mark_start for Region 1661, TAMS: 0x00000000f3e80000, TopOfBitMap: 0x00000000f3f00000
[0.045s][debug][gc           ] SMC:initialize_top_at_mark_start for Region 1662, TAMS: 0x00000000f3f00000, TopOfBitMap: 0x00000000f3f80000
[0.045s][debug][gc           ] SMC:initialize_top_at_mark_start for Region 1663, TAMS: 0x00000000f3f80000, TopOfBitMap: 0x00000000f4000000
[0.045s][debug][gc           ] SMC:initialize_top_at_mark_start for Region 1664, TAMS: 0x00000000f4000000, TopOfBitMap: 0x00000000f4080000
[0.045s][debug][gc           ] SMC:initialize_top_at_mark_start for Region 1665, TAMS: 0x00000000f4080000, TopOfBitMap: 0x00000000f4100000
[0.045s][debug][gc           ] SMC:initialize_top_at_mark_start for Region 1666, TAMS: 0x00000000f4100000, TopOfBitMap: 0x00000000f4180000
[0.045s][debug][gc           ] SMC:initialize_top_at_mark_start for Region 1667, TAMS: 0x00000000f4180000, TopOfBitMap: 0x00000000f4200000
[0.045s][debug][gc           ] SMC:initialize_top_at_mark_start for Region 1668, TAMS: 0x00000000f4200000, TopOfBitMap: 0x00000000f4280000
[0.045s][debug][gc           ] SMC:initialize_top_at_mark_start for Region 1669, TAMS: 0x00000000f4280000, TopOfBitMap: 0x00000000f4300000
[0.045s][debug][gc           ] SMC:initialize_top_at_mark_start for Region 1670, TAMS: 0x00000000f4300000, TopOfBitMap: 0x00000000f4380000
[0.045s][debug][gc           ] SMC:initialize_top_at_mark_start for Region 1671, TAMS: 0x00000000f4380000, TopOfBitMap: 0x00000000f4400000
[0.045s][debug][gc           ] SMC:initialize_top_at_mark_start for Region 1672, TAMS: 0x00000000f4400000, TopOfBitMap: 0x00000000f4480000
[0.045s][debug][gc           ] SMC:initialize_top_at_mark_start for Region 1673, TAMS: 0x00000000f4480000, TopOfBitMap: 0x00000000f4500000
[0.045s][debug][gc           ] SMC:initialize_top_at_mark_start for Region 1674, TAMS: 0x00000000f4500000, TopOfBitMap: 0x00000000f4580000
[0.045s][debug][gc           ] SMC:initialize_top_at_mark_start for Region 1675, TAMS: 0x00000000f4580000, TopOfBitMap: 0x00000000f4600000
[0.045s][debug][gc           ] SMC:initialize_top_at_mark_start for Region 1676, TAMS: 0x00000000f4600000, TopOfBitMap: 0x00000000f4680000
[0.045s][debug][gc           ] SMC:initialize_top_at_mark_start for Region 1677, TAMS: 0x00000000f4680000, TopOfBitMap: 0x00000000f4700000
[0.045s][debug][gc           ] SMC:initialize_top_at_mark_start for Region 1678, TAMS: 0x00000000f4700000, TopOfBitMap: 0x00000000f4780000
[0.045s][debug][gc           ] SMC:initialize_top_at_mark_start for Region 1679, TAMS: 0x00000000f4780000, TopOfBitMap: 0x00000000f4800000
[0.045s][debug][gc           ] SMC:initialize_top_at_mark_start for Region 1680, TAMS: 0x00000000f4800000, TopOfBitMap: 0x00000000f4880000
[0.045s][debug][gc           ] SMC:initialize_top_at_mark_start for Region 1681, TAMS: 0x00000000f4880000, TopOfBitMap: 0x00000000f4900000
[0.045s][debug][gc           ] SMC:initialize_top_at_mark_start for Region 1682, TAMS: 0x00000000f4900000, TopOfBitMap: 0x00000000f4980000
[0.045s][debug][gc           ] SMC:initialize_top_at_mark_start for Region 1683, TAMS: 0x00000000f4980000, TopOfBitMap: 0x00000000f4a00000
[0.045s][debug][gc           ] SMC:initialize_top_at_mark_start for Region 1684, TAMS: 0x00000000f4a00000, TopOfBitMap: 0x00000000f4a80000
[0.045s][debug][gc           ] SMC:initialize_top_at_mark_start for Region 1685, TAMS: 0x00000000f4a80000, TopOfBitMap: 0x00000000f4b00000
[0.045s][debug][gc           ] SMC:initialize_top_at_mark_start for Region 1686, TAMS: 0x00000000f4b00000, TopOfBitMap: 0x00000000f4b80000
[0.045s][debug][gc           ] SMC:initialize_top_at_mark_start for Region 1687, TAMS: 0x00000000f4b80000, TopOfBitMap: 0x00000000f4c00000
[0.045s][debug][gc           ] SMC:initialize_top_at_mark_start for Region 1688, TAMS: 0x00000000f4c00000, TopOfBitMap: 0x00000000f4c80000
[0.045s][debug][gc           ] SMC:initialize_top_at_mark_start for Region 1689, TAMS: 0x00000000f4c80000, TopOfBitMap: 0x00000000f4d00000
[0.045s][debug][gc           ] SMC:initialize_top_at_mark_start for Region 1690, TAMS: 0x00000000f4d00000, TopOfBitMap: 0x00000000f4d80000
[0.045s][debug][gc           ] SMC:initialize_top_at_mark_start for Region 1691, TAMS: 0x00000000f4d80000, TopOfBitMap: 0x00000000f4e00000
[0.045s][debug][gc           ] SMC:initialize_top_at_mark_start for Region 1692, TAMS: 0x00000000f4e00000, TopOfBitMap: 0x00000000f4e80000
[0.045s][debug][gc           ] SMC:initialize_top_at_mark_start for Region 1693, TAMS: 0x00000000f4e80000, TopOfBitMap: 0x00000000f4f00000
[0.045s][debug][gc           ] SMC:initialize_top_at_mark_start for Region 1694, TAMS: 0x00000000f4f00000, TopOfBitMap: 0x00000000f4f80000
[0.045s][debug][gc           ] SMC:initialize_top_at_mark_start for Region 1695, TAMS: 0x00000000f4f80000, TopOfBitMap: 0x00000000f5000000
[0.045s][debug][gc           ] SMC:initialize_top_at_mark_start for Region 1696, TAMS: 0x00000000f5000000, TopOfBitMap: 0x00000000f5080000
[0.045s][debug][gc           ] SMC:initialize_top_at_mark_start for Region 1697, TAMS: 0x00000000f5080000, TopOfBitMap: 0x00000000f5100000
[0.045s][debug][gc           ] SMC:initialize_top_at_mark_start for Region 1698, TAMS: 0x00000000f5100000, TopOfBitMap: 0x00000000f5180000
[0.045s][debug][gc           ] SMC:initialize_top_at_mark_start for Region 1699, TAMS: 0x00000000f5180000, TopOfBitMap: 0x00000000f5200000
[0.045s][debug][gc           ] SMC:initialize_top_at_mark_start for Region 1700, TAMS: 0x00000000f5200000, TopOfBitMap: 0x00000000f5280000
[0.045s][debug][gc           ] SMC:initialize_top_at_mark_start for Region 1701, TAMS: 0x00000000f5280000, TopOfBitMap: 0x00000000f5300000
[0.045s][debug][gc           ] SMC:initialize_top_at_mark_start for Region 1702, TAMS: 0x00000000f5300000, TopOfBitMap: 0x00000000f5380000
[0.045s][debug][gc           ] SMC:initialize_top_at_mark_start for Region 1703, TAMS: 0x00000000f5380000, TopOfBitMap: 0x00000000f5400000
[0.045s][debug][gc           ] SMC:initialize_top_at_mark_start for Region 1704, TAMS: 0x00000000f5400000, TopOfBitMap: 0x00000000f5480000
[0.045s][debug][gc           ] SMC:initialize_top_at_mark_start for Region 1705, TAMS: 0x00000000f5480000, TopOfBitMap: 0x00000000f5500000
[0.045s][debug][gc           ] SMC:initialize_top_at_mark_start for Region 1706, TAMS: 0x00000000f5500000, TopOfBitMap: 0x00000000f5580000
[0.045s][debug][gc           ] SMC:initialize_top_at_mark_start for Region 1707, TAMS: 0x00000000f5580000, TopOfBitMap: 0x00000000f5600000
[0.045s][debug][gc           ] SMC:initialize_top_at_mark_start for Region 1708, TAMS: 0x00000000f5600000, TopOfBitMap: 0x00000000f5680000
[0.045s][debug][gc           ] SMC:initialize_top_at_mark_start for Region 1709, TAMS: 0x00000000f5680000, TopOfBitMap: 0x00000000f5700000
[0.045s][debug][gc           ] SMC:initialize_top_at_mark_start for Region 1710, TAMS: 0x00000000f5700000, TopOfBitMap: 0x00000000f5780000
[0.045s][debug][gc           ] SMC:initialize_top_at_mark_start for Region 1711, TAMS: 0x00000000f5780000, TopOfBitMap: 0x00000000f5800000
[0.045s][debug][gc           ] SMC:initialize_top_at_mark_start for Region 1712, TAMS: 0x00000000f5800000, TopOfBitMap: 0x00000000f5880000
[0.045s][debug][gc           ] SMC:initialize_top_at_mark_start for Region 1713, TAMS: 0x00000000f5880000, TopOfBitMap: 0x00000000f5900000
[0.045s][debug][gc           ] SMC:initialize_top_at_mark_start for Region 1714, TAMS: 0x00000000f5900000, TopOfBitMap: 0x00000000f5980000
[0.045s][debug][gc           ] SMC:initialize_top_at_mark_start for Region 1715, TAMS: 0x00000000f5980000, TopOfBitMap: 0x00000000f5a00000
[0.045s][debug][gc           ] SMC:initialize_top_at_mark_start for Region 1716, TAMS: 0x00000000f5a00000, TopOfBitMap: 0x00000000f5a80000
[0.045s][debug][gc           ] SMC:initialize_top_at_mark_start for Region 1717, TAMS: 0x00000000f5a80000, TopOfBitMap: 0x00000000f5b00000
[0.045s][debug][gc           ] SMC:initialize_top_at_mark_start for Region 1718, TAMS: 0x00000000f5b00000, TopOfBitMap: 0x00000000f5b80000
[0.045s][debug][gc           ] SMC:initialize_top_at_mark_start for Region 1719, TAMS: 0x00000000f5b80000, TopOfBitMap: 0x00000000f5c00000
[0.045s][debug][gc           ] SMC:initialize_top_at_mark_start for Region 1720, TAMS: 0x00000000f5c00000, TopOfBitMap: 0x00000000f5c80000
[0.045s][debug][gc           ] SMC:initialize_top_at_mark_start for Region 1721, TAMS: 0x00000000f5c80000, TopOfBitMap: 0x00000000f5d00000
[0.045s][debug][gc           ] SMC:initialize_top_at_mark_start for Region 1722, TAMS: 0x00000000f5d00000, TopOfBitMap: 0x00000000f5d80000
[0.045s][debug][gc           ] SMC:initialize_top_at_mark_start for Region 1723, TAMS: 0x00000000f5d80000, TopOfBitMap: 0x00000000f5e00000
[0.045s][debug][gc           ] SMC:initialize_top_at_mark_start for Region 1724, TAMS: 0x00000000f5e00000, TopOfBitMap: 0x00000000f5e80000
[0.045s][debug][gc           ] SMC:initialize_top_at_mark_start for Region 1725, TAMS: 0x00000000f5e80000, TopOfBitMap: 0x00000000f5f00000
[0.045s][debug][gc           ] SMC:initialize_top_at_mark_start for Region 1726, TAMS: 0x00000000f5f00000, TopOfBitMap: 0x00000000f5f80000
[0.045s][debug][gc           ] SMC:initialize_top_at_mark_start for Region 1727, TAMS: 0x00000000f5f80000, TopOfBitMap: 0x00000000f6000000
[0.045s][debug][gc           ] SMC:initialize_top_at_mark_start for Region 1728, TAMS: 0x00000000f6000000, TopOfBitMap: 0x00000000f6080000
[0.045s][debug][gc           ] SMC:initialize_top_at_mark_start for Region 1729, TAMS: 0x00000000f6080000, TopOfBitMap: 0x00000000f6100000
[0.045s][debug][gc           ] SMC:initialize_top_at_mark_start for Region 1730, TAMS: 0x00000000f6100000, TopOfBitMap: 0x00000000f6180000
[0.045s][debug][gc           ] SMC:initialize_top_at_mark_start for Region 1731, TAMS: 0x00000000f6180000, TopOfBitMap: 0x00000000f6200000
[0.045s][debug][gc           ] SMC:initialize_top_at_mark_start for Region 1732, TAMS: 0x00000000f6200000, TopOfBitMap: 0x00000000f6280000
[0.045s][debug][gc           ] SMC:initialize_top_at_mark_start for Region 1733, TAMS: 0x00000000f6280000, TopOfBitMap: 0x00000000f6300000
[0.045s][debug][gc           ] SMC:initialize_top_at_mark_start for Region 1734, TAMS: 0x00000000f6300000, TopOfBitMap: 0x00000000f6380000
[0.045s][debug][gc           ] SMC:initialize_top_at_mark_start for Region 1735, TAMS: 0x00000000f6380000, TopOfBitMap: 0x00000000f6400000
[0.045s][debug][gc           ] SMC:initialize_top_at_mark_start for Region 1736, TAMS: 0x00000000f6400000, TopOfBitMap: 0x00000000f6480000
[0.045s][debug][gc           ] SMC:initialize_top_at_mark_start for Region 1737, TAMS: 0x00000000f6480000, TopOfBitMap: 0x00000000f6500000
[0.045s][debug][gc           ] SMC:initialize_top_at_mark_start for Region 1738, TAMS: 0x00000000f6500000, TopOfBitMap: 0x00000000f6580000
[0.045s][debug][gc           ] SMC:initialize_top_at_mark_start for Region 1739, TAMS: 0x00000000f6580000, TopOfBitMap: 0x00000000f6600000
[0.045s][debug][gc           ] SMC:initialize_top_at_mark_start for Region 1740, TAMS: 0x00000000f6600000, TopOfBitMap: 0x00000000f6680000
[0.045s][debug][gc           ] SMC:initialize_top_at_mark_start for Region 1741, TAMS: 0x00000000f6680000, TopOfBitMap: 0x00000000f6700000
[0.045s][debug][gc           ] SMC:initialize_top_at_mark_start for Region 1742, TAMS: 0x00000000f6700000, TopOfBitMap: 0x00000000f6780000
[0.045s][debug][gc           ] SMC:initialize_top_at_mark_start for Region 1743, TAMS: 0x00000000f6780000, TopOfBitMap: 0x00000000f6800000
[0.045s][debug][gc           ] SMC:initialize_top_at_mark_start for Region 1744, TAMS: 0x00000000f6800000, TopOfBitMap: 0x00000000f6880000
[0.045s][debug][gc           ] SMC:initialize_top_at_mark_start for Region 1745, TAMS: 0x00000000f6880000, TopOfBitMap: 0x00000000f6900000
[0.045s][debug][gc           ] SMC:initialize_top_at_mark_start for Region 1746, TAMS: 0x00000000f6900000, TopOfBitMap: 0x00000000f6980000
[0.045s][debug][gc           ] SMC:initialize_top_at_mark_start for Region 1747, TAMS: 0x00000000f6980000, TopOfBitMap: 0x00000000f6a00000
[0.045s][debug][gc           ] SMC:initialize_top_at_mark_start for Region 1748, TAMS: 0x00000000f6a00000, TopOfBitMap: 0x00000000f6a80000
[0.045s][debug][gc           ] SMC:initialize_top_at_mark_start for Region 1749, TAMS: 0x00000000f6a80000, TopOfBitMap: 0x00000000f6b00000
[0.045s][debug][gc           ] SMC:initialize_top_at_mark_start for Region 1750, TAMS: 0x00000000f6b00000, TopOfBitMap: 0x00000000f6b80000
[0.045s][debug][gc           ] SMC:initialize_top_at_mark_start for Region 1751, TAMS: 0x00000000f6b80000, TopOfBitMap: 0x00000000f6c00000
[0.045s][debug][gc           ] SMC:initialize_top_at_mark_start for Region 1752, TAMS: 0x00000000f6c00000, TopOfBitMap: 0x00000000f6c80000
[0.045s][debug][gc           ] SMC:initialize_top_at_mark_start for Region 1753, TAMS: 0x00000000f6c80000, TopOfBitMap: 0x00000000f6d00000
[0.045s][debug][gc           ] SMC:initialize_top_at_mark_start for Region 1754, TAMS: 0x00000000f6d00000, TopOfBitMap: 0x00000000f6d80000
[0.045s][debug][gc           ] SMC:initialize_top_at_mark_start for Region 1755, TAMS: 0x00000000f6d80000, TopOfBitMap: 0x00000000f6e00000
[0.045s][debug][gc           ] SMC:initialize_top_at_mark_start for Region 1756, TAMS: 0x00000000f6e00000, TopOfBitMap: 0x00000000f6e80000
[0.045s][debug][gc           ] SMC:initialize_top_at_mark_start for Region 1757, TAMS: 0x00000000f6e80000, TopOfBitMap: 0x00000000f6f00000
[0.045s][debug][gc           ] SMC:initialize_top_at_mark_start for Region 1758, TAMS: 0x00000000f6f00000, TopOfBitMap: 0x00000000f6f80000
[0.045s][debug][gc           ] SMC:initialize_top_at_mark_start for Region 1759, TAMS: 0x00000000f6f80000, TopOfBitMap: 0x00000000f7000000
[0.045s][debug][gc           ] SMC:initialize_top_at_mark_start for Region 1760, TAMS: 0x00000000f7000000, TopOfBitMap: 0x00000000f7080000
[0.045s][debug][gc           ] SMC:initialize_top_at_mark_start for Region 1761, TAMS: 0x00000000f7080000, TopOfBitMap: 0x00000000f7100000
[0.045s][debug][gc           ] SMC:initialize_top_at_mark_start for Region 1762, TAMS: 0x00000000f7100000, TopOfBitMap: 0x00000000f7180000
[0.045s][debug][gc           ] SMC:initialize_top_at_mark_start for Region 1763, TAMS: 0x00000000f7180000, TopOfBitMap: 0x00000000f7200000
[0.045s][debug][gc           ] SMC:initialize_top_at_mark_start for Region 1764, TAMS: 0x00000000f7200000, TopOfBitMap: 0x00000000f7280000
[0.045s][debug][gc           ] SMC:initialize_top_at_mark_start for Region 1765, TAMS: 0x00000000f7280000, TopOfBitMap: 0x00000000f7300000
[0.045s][debug][gc           ] SMC:initialize_top_at_mark_start for Region 1766, TAMS: 0x00000000f7300000, TopOfBitMap: 0x00000000f7380000
[0.045s][debug][gc           ] SMC:initialize_top_at_mark_start for Region 1767, TAMS: 0x00000000f7380000, TopOfBitMap: 0x00000000f7400000
[0.045s][debug][gc           ] SMC:initialize_top_at_mark_start for Region 1768, TAMS: 0x00000000f7400000, TopOfBitMap: 0x00000000f7480000
[0.045s][debug][gc           ] SMC:initialize_top_at_mark_start for Region 1769, TAMS: 0x00000000f7480000, TopOfBitMap: 0x00000000f7500000
[0.045s][debug][gc           ] SMC:initialize_top_at_mark_start for Region 1770, TAMS: 0x00000000f7500000, TopOfBitMap: 0x00000000f7580000
[0.045s][debug][gc           ] SMC:initialize_top_at_mark_start for Region 1771, TAMS: 0x00000000f7580000, TopOfBitMap: 0x00000000f7600000
[0.045s][debug][gc           ] SMC:initialize_top_at_mark_start for Region 1772, TAMS: 0x00000000f7600000, TopOfBitMap: 0x00000000f7680000
[0.045s][debug][gc           ] SMC:initialize_top_at_mark_start for Region 1773, TAMS: 0x00000000f7680000, TopOfBitMap: 0x00000000f7700000
[0.045s][debug][gc           ] SMC:initialize_top_at_mark_start for Region 1774, TAMS: 0x00000000f7700000, TopOfBitMap: 0x00000000f7780000
[0.045s][debug][gc           ] SMC:initialize_top_at_mark_start for Region 1775, TAMS: 0x00000000f7780000, TopOfBitMap: 0x00000000f7800000
[0.045s][debug][gc           ] SMC:initialize_top_at_mark_start for Region 1776, TAMS: 0x00000000f7800000, TopOfBitMap: 0x00000000f7880000
[0.045s][debug][gc           ] SMC:initialize_top_at_mark_start for Region 1777, TAMS: 0x00000000f7880000, TopOfBitMap: 0x00000000f7900000
[0.045s][debug][gc           ] SMC:initialize_top_at_mark_start for Region 1778, TAMS: 0x00000000f7900000, TopOfBitMap: 0x00000000f7980000
[0.045s][debug][gc           ] SMC:initialize_top_at_mark_start for Region 1779, TAMS: 0x00000000f7980000, TopOfBitMap: 0x00000000f7a00000
[0.045s][debug][gc           ] SMC:initialize_top_at_mark_start for Region 1780, TAMS: 0x00000000f7a00000, TopOfBitMap: 0x00000000f7a80000
[0.045s][debug][gc           ] SMC:initialize_top_at_mark_start for Region 1781, TAMS: 0x00000000f7a80000, TopOfBitMap: 0x00000000f7b00000
[0.045s][debug][gc           ] SMC:initialize_top_at_mark_start for Region 1782, TAMS: 0x00000000f7b00000, TopOfBitMap: 0x00000000f7b80000
[0.045s][debug][gc           ] SMC:initialize_top_at_mark_start for Region 1783, TAMS: 0x00000000f7b80000, TopOfBitMap: 0x00000000f7c00000
[0.045s][debug][gc           ] SMC:initialize_top_at_mark_start for Region 1784, TAMS: 0x00000000f7c00000, TopOfBitMap: 0x00000000f7c80000
[0.045s][debug][gc           ] SMC:initialize_top_at_mark_start for Region 1785, TAMS: 0x00000000f7c80000, TopOfBitMap: 0x00000000f7d00000
[0.045s][debug][gc           ] SMC:initialize_top_at_mark_start for Region 1786, TAMS: 0x00000000f7d00000, TopOfBitMap: 0x00000000f7d80000
[0.045s][debug][gc           ] SMC:initialize_top_at_mark_start for Region 1787, TAMS: 0x00000000f7d80000, TopOfBitMap: 0x00000000f7e00000
[0.045s][debug][gc           ] SMC:initialize_top_at_mark_start for Region 1788, TAMS: 0x00000000f7e00000, TopOfBitMap: 0x00000000f7e80000
[0.045s][debug][gc           ] SMC:initialize_top_at_mark_start for Region 1789, TAMS: 0x00000000f7e80000, TopOfBitMap: 0x00000000f7f00000
[0.045s][debug][gc           ] SMC:initialize_top_at_mark_start for Region 1790, TAMS: 0x00000000f7f00000, TopOfBitMap: 0x00000000f7f80000
[0.045s][debug][gc           ] SMC:initialize_top_at_mark_start for Region 1791, TAMS: 0x00000000f7f80000, TopOfBitMap: 0x00000000f8000000
[0.045s][debug][gc           ] SMC:initialize_top_at_mark_start for Region 1792, TAMS: 0x00000000f8000000, TopOfBitMap: 0x00000000f8080000
[0.045s][debug][gc           ] SMC:initialize_top_at_mark_start for Region 1793, TAMS: 0x00000000f8080000, TopOfBitMap: 0x00000000f8100000
[0.045s][debug][gc           ] SMC:initialize_top_at_mark_start for Region 1794, TAMS: 0x00000000f8100000, TopOfBitMap: 0x00000000f8180000
[0.045s][debug][gc           ] SMC:initialize_top_at_mark_start for Region 1795, TAMS: 0x00000000f8180000, TopOfBitMap: 0x00000000f8200000
[0.045s][debug][gc           ] SMC:initialize_top_at_mark_start for Region 1796, TAMS: 0x00000000f8200000, TopOfBitMap: 0x00000000f8280000
[0.045s][debug][gc           ] SMC:initialize_top_at_mark_start for Region 1797, TAMS: 0x00000000f8280000, TopOfBitMap: 0x00000000f8300000
[0.045s][debug][gc           ] SMC:initialize_top_at_mark_start for Region 1798, TAMS: 0x00000000f8300000, TopOfBitMap: 0x00000000f8380000
[0.045s][debug][gc           ] SMC:initialize_top_at_mark_start for Region 1799, TAMS: 0x00000000f8380000, TopOfBitMap: 0x00000000f8400000
[0.045s][debug][gc           ] SMC:initialize_top_at_mark_start for Region 1800, TAMS: 0x00000000f8400000, TopOfBitMap: 0x00000000f8480000
[0.045s][debug][gc           ] SMC:initialize_top_at_mark_start for Region 1801, TAMS: 0x00000000f8480000, TopOfBitMap: 0x00000000f8500000
[0.045s][debug][gc           ] SMC:initialize_top_at_mark_start for Region 1802, TAMS: 0x00000000f8500000, TopOfBitMap: 0x00000000f8580000
[0.045s][debug][gc           ] SMC:initialize_top_at_mark_start for Region 1803, TAMS: 0x00000000f8580000, TopOfBitMap: 0x00000000f8600000
[0.045s][debug][gc           ] SMC:initialize_top_at_mark_start for Region 1804, TAMS: 0x00000000f8600000, TopOfBitMap: 0x00000000f8680000
[0.045s][debug][gc           ] SMC:initialize_top_at_mark_start for Region 1805, TAMS: 0x00000000f8680000, TopOfBitMap: 0x00000000f8700000
[0.045s][debug][gc           ] SMC:initialize_top_at_mark_start for Region 1806, TAMS: 0x00000000f8700000, TopOfBitMap: 0x00000000f8780000
[0.045s][debug][gc           ] SMC:initialize_top_at_mark_start for Region 1807, TAMS: 0x00000000f8780000, TopOfBitMap: 0x00000000f8800000
[0.045s][debug][gc           ] SMC:initialize_top_at_mark_start for Region 1808, TAMS: 0x00000000f8800000, TopOfBitMap: 0x00000000f8880000
[0.045s][debug][gc           ] SMC:initialize_top_at_mark_start for Region 1809, TAMS: 0x00000000f8880000, TopOfBitMap: 0x00000000f8900000
[0.045s][debug][gc           ] SMC:initialize_top_at_mark_start for Region 1810, TAMS: 0x00000000f8900000, TopOfBitMap: 0x00000000f8980000
[0.045s][debug][gc           ] SMC:initialize_top_at_mark_start for Region 1811, TAMS: 0x00000000f8980000, TopOfBitMap: 0x00000000f8a00000
[0.045s][debug][gc           ] SMC:initialize_top_at_mark_start for Region 1812, TAMS: 0x00000000f8a00000, TopOfBitMap: 0x00000000f8a80000
[0.045s][debug][gc           ] SMC:initialize_top_at_mark_start for Region 1813, TAMS: 0x00000000f8a80000, TopOfBitMap: 0x00000000f8b00000
[0.045s][debug][gc           ] SMC:initialize_top_at_mark_start for Region 1814, TAMS: 0x00000000f8b00000, TopOfBitMap: 0x00000000f8b80000
[0.045s][debug][gc           ] SMC:initialize_top_at_mark_start for Region 1815, TAMS: 0x00000000f8b80000, TopOfBitMap: 0x00000000f8c00000
[0.045s][debug][gc           ] SMC:initialize_top_at_mark_start for Region 1816, TAMS: 0x00000000f8c00000, TopOfBitMap: 0x00000000f8c80000
[0.045s][debug][gc           ] SMC:initialize_top_at_mark_start for Region 1817, TAMS: 0x00000000f8c80000, TopOfBitMap: 0x00000000f8d00000
[0.045s][debug][gc           ] SMC:initialize_top_at_mark_start for Region 1818, TAMS: 0x00000000f8d00000, TopOfBitMap: 0x00000000f8d80000
[0.045s][debug][gc           ] SMC:initialize_top_at_mark_start for Region 1819, TAMS: 0x00000000f8d80000, TopOfBitMap: 0x00000000f8e00000
[0.045s][debug][gc           ] SMC:initialize_top_at_mark_start for Region 1820, TAMS: 0x00000000f8e00000, TopOfBitMap: 0x00000000f8e80000
[0.045s][debug][gc           ] SMC:initialize_top_at_mark_start for Region 1821, TAMS: 0x00000000f8e80000, TopOfBitMap: 0x00000000f8f00000
[0.045s][debug][gc           ] SMC:initialize_top_at_mark_start for Region 1822, TAMS: 0x00000000f8f00000, TopOfBitMap: 0x00000000f8f80000
[0.045s][debug][gc           ] SMC:initialize_top_at_mark_start for Region 1823, TAMS: 0x00000000f8f80000, TopOfBitMap: 0x00000000f9000000
[0.045s][debug][gc           ] SMC:initialize_top_at_mark_start for Region 1824, TAMS: 0x00000000f9000000, TopOfBitMap: 0x00000000f9080000
[0.045s][debug][gc           ] SMC:initialize_top_at_mark_start for Region 1825, TAMS: 0x00000000f9080000, TopOfBitMap: 0x00000000f9100000
[0.045s][debug][gc           ] SMC:initialize_top_at_mark_start for Region 1826, TAMS: 0x00000000f9100000, TopOfBitMap: 0x00000000f9180000
[0.045s][debug][gc           ] SMC:initialize_top_at_mark_start for Region 1827, TAMS: 0x00000000f9180000, TopOfBitMap: 0x00000000f9200000
[0.045s][debug][gc           ] SMC:initialize_top_at_mark_start for Region 1828, TAMS: 0x00000000f9200000, TopOfBitMap: 0x00000000f9280000
[0.045s][debug][gc           ] SMC:initialize_top_at_mark_start for Region 1829, TAMS: 0x00000000f9280000, TopOfBitMap: 0x00000000f9300000
[0.045s][debug][gc           ] SMC:initialize_top_at_mark_start for Region 1830, TAMS: 0x00000000f9300000, TopOfBitMap: 0x00000000f9380000
[0.045s][debug][gc           ] SMC:initialize_top_at_mark_start for Region 1831, TAMS: 0x00000000f9380000, TopOfBitMap: 0x00000000f9400000
[0.045s][debug][gc           ] SMC:initialize_top_at_mark_start for Region 1832, TAMS: 0x00000000f9400000, TopOfBitMap: 0x00000000f9480000
[0.045s][debug][gc           ] SMC:initialize_top_at_mark_start for Region 1833, TAMS: 0x00000000f9480000, TopOfBitMap: 0x00000000f9500000
[0.045s][debug][gc           ] SMC:initialize_top_at_mark_start for Region 1834, TAMS: 0x00000000f9500000, TopOfBitMap: 0x00000000f9580000
[0.045s][debug][gc           ] SMC:initialize_top_at_mark_start for Region 1835, TAMS: 0x00000000f9580000, TopOfBitMap: 0x00000000f9600000
[0.045s][debug][gc           ] SMC:initialize_top_at_mark_start for Region 1836, TAMS: 0x00000000f9600000, TopOfBitMap: 0x00000000f9680000
[0.045s][debug][gc           ] SMC:initialize_top_at_mark_start for Region 1837, TAMS: 0x00000000f9680000, TopOfBitMap: 0x00000000f9700000
[0.045s][debug][gc           ] SMC:initialize_top_at_mark_start for Region 1838, TAMS: 0x00000000f9700000, TopOfBitMap: 0x00000000f9780000
[0.045s][debug][gc           ] SMC:initialize_top_at_mark_start for Region 1839, TAMS: 0x00000000f9780000, TopOfBitMap: 0x00000000f9800000
[0.045s][debug][gc           ] SMC:initialize_top_at_mark_start for Region 1840, TAMS: 0x00000000f9800000, TopOfBitMap: 0x00000000f9880000
[0.045s][debug][gc           ] SMC:initialize_top_at_mark_start for Region 1841, TAMS: 0x00000000f9880000, TopOfBitMap: 0x00000000f9900000
[0.045s][debug][gc           ] SMC:initialize_top_at_mark_start for Region 1842, TAMS: 0x00000000f9900000, TopOfBitMap: 0x00000000f9980000
[0.045s][debug][gc           ] SMC:initialize_top_at_mark_start for Region 1843, TAMS: 0x00000000f9980000, TopOfBitMap: 0x00000000f9a00000
[0.045s][debug][gc           ] SMC:initialize_top_at_mark_start for Region 1844, TAMS: 0x00000000f9a00000, TopOfBitMap: 0x00000000f9a80000
[0.045s][debug][gc           ] SMC:initialize_top_at_mark_start for Region 1845, TAMS: 0x00000000f9a80000, TopOfBitMap: 0x00000000f9b00000
[0.045s][debug][gc           ] SMC:initialize_top_at_mark_start for Region 1846, TAMS: 0x00000000f9b00000, TopOfBitMap: 0x00000000f9b80000
[0.045s][debug][gc           ] SMC:initialize_top_at_mark_start for Region 1847, TAMS: 0x00000000f9b80000, TopOfBitMap: 0x00000000f9c00000
[0.045s][debug][gc           ] SMC:initialize_top_at_mark_start for Region 1848, TAMS: 0x00000000f9c00000, TopOfBitMap: 0x00000000f9c80000
[0.045s][debug][gc           ] SMC:initialize_top_at_mark_start for Region 1849, TAMS: 0x00000000f9c80000, TopOfBitMap: 0x00000000f9d00000
[0.045s][debug][gc           ] SMC:initialize_top_at_mark_start for Region 1850, TAMS: 0x00000000f9d00000, TopOfBitMap: 0x00000000f9d80000
[0.045s][debug][gc           ] SMC:initialize_top_at_mark_start for Region 1851, TAMS: 0x00000000f9d80000, TopOfBitMap: 0x00000000f9e00000
[0.045s][debug][gc           ] SMC:initialize_top_at_mark_start for Region 1852, TAMS: 0x00000000f9e00000, TopOfBitMap: 0x00000000f9e80000
[0.045s][debug][gc           ] SMC:initialize_top_at_mark_start for Region 1853, TAMS: 0x00000000f9e80000, TopOfBitMap: 0x00000000f9f00000
[0.045s][debug][gc           ] SMC:initialize_top_at_mark_start for Region 1854, TAMS: 0x00000000f9f00000, TopOfBitMap: 0x00000000f9f80000
[0.045s][debug][gc           ] SMC:initialize_top_at_mark_start for Region 1855, TAMS: 0x00000000f9f80000, TopOfBitMap: 0x00000000fa000000
[0.045s][debug][gc           ] SMC:initialize_top_at_mark_start for Region 1856, TAMS: 0x00000000fa000000, TopOfBitMap: 0x00000000fa080000
[0.045s][debug][gc           ] SMC:initialize_top_at_mark_start for Region 1857, TAMS: 0x00000000fa080000, TopOfBitMap: 0x00000000fa100000
[0.045s][debug][gc           ] SMC:initialize_top_at_mark_start for Region 1858, TAMS: 0x00000000fa100000, TopOfBitMap: 0x00000000fa180000
[0.045s][debug][gc           ] SMC:initialize_top_at_mark_start for Region 1859, TAMS: 0x00000000fa180000, TopOfBitMap: 0x00000000fa200000
[0.045s][debug][gc           ] SMC:initialize_top_at_mark_start for Region 1860, TAMS: 0x00000000fa200000, TopOfBitMap: 0x00000000fa280000
[0.045s][debug][gc           ] SMC:initialize_top_at_mark_start for Region 1861, TAMS: 0x00000000fa280000, TopOfBitMap: 0x00000000fa300000
[0.045s][debug][gc           ] SMC:initialize_top_at_mark_start for Region 1862, TAMS: 0x00000000fa300000, TopOfBitMap: 0x00000000fa380000
[0.045s][debug][gc           ] SMC:initialize_top_at_mark_start for Region 1863, TAMS: 0x00000000fa380000, TopOfBitMap: 0x00000000fa400000
[0.045s][debug][gc           ] SMC:initialize_top_at_mark_start for Region 1864, TAMS: 0x00000000fa400000, TopOfBitMap: 0x00000000fa480000
[0.045s][debug][gc           ] SMC:initialize_top_at_mark_start for Region 1865, TAMS: 0x00000000fa480000, TopOfBitMap: 0x00000000fa500000
[0.045s][debug][gc           ] SMC:initialize_top_at_mark_start for Region 1866, TAMS: 0x00000000fa500000, TopOfBitMap: 0x00000000fa580000
[0.045s][debug][gc           ] SMC:initialize_top_at_mark_start for Region 1867, TAMS: 0x00000000fa580000, TopOfBitMap: 0x00000000fa600000
[0.045s][debug][gc           ] SMC:initialize_top_at_mark_start for Region 1868, TAMS: 0x00000000fa600000, TopOfBitMap: 0x00000000fa680000
[0.045s][debug][gc           ] SMC:initialize_top_at_mark_start for Region 1869, TAMS: 0x00000000fa680000, TopOfBitMap: 0x00000000fa700000
[0.045s][debug][gc           ] SMC:initialize_top_at_mark_start for Region 1870, TAMS: 0x00000000fa700000, TopOfBitMap: 0x00000000fa780000
[0.045s][debug][gc           ] SMC:initialize_top_at_mark_start for Region 1871, TAMS: 0x00000000fa780000, TopOfBitMap: 0x00000000fa800000
[0.045s][debug][gc           ] SMC:initialize_top_at_mark_start for Region 1872, TAMS: 0x00000000fa800000, TopOfBitMap: 0x00000000fa880000
[0.045s][debug][gc           ] SMC:initialize_top_at_mark_start for Region 1873, TAMS: 0x00000000fa880000, TopOfBitMap: 0x00000000fa900000
[0.045s][debug][gc           ] SMC:initialize_top_at_mark_start for Region 1874, TAMS: 0x00000000fa900000, TopOfBitMap: 0x00000000fa980000
[0.045s][debug][gc           ] SMC:initialize_top_at_mark_start for Region 1875, TAMS: 0x00000000fa980000, TopOfBitMap: 0x00000000faa00000
[0.045s][debug][gc           ] SMC:initialize_top_at_mark_start for Region 1876, TAMS: 0x00000000faa00000, TopOfBitMap: 0x00000000faa80000
[0.045s][debug][gc           ] SMC:initialize_top_at_mark_start for Region 1877, TAMS: 0x00000000faa80000, TopOfBitMap: 0x00000000fab00000
[0.045s][debug][gc           ] SMC:initialize_top_at_mark_start for Region 1878, TAMS: 0x00000000fab00000, TopOfBitMap: 0x00000000fab80000
[0.045s][debug][gc           ] SMC:initialize_top_at_mark_start for Region 1879, TAMS: 0x00000000fab80000, TopOfBitMap: 0x00000000fac00000
[0.045s][debug][gc           ] SMC:initialize_top_at_mark_start for Region 1880, TAMS: 0x00000000fac00000, TopOfBitMap: 0x00000000fac80000
[0.045s][debug][gc           ] SMC:initialize_top_at_mark_start for Region 1881, TAMS: 0x00000000fac80000, TopOfBitMap: 0x00000000fad00000
[0.045s][debug][gc           ] SMC:initialize_top_at_mark_start for Region 1882, TAMS: 0x00000000fad00000, TopOfBitMap: 0x00000000fad80000
[0.045s][debug][gc           ] SMC:initialize_top_at_mark_start for Region 1883, TAMS: 0x00000000fad80000, TopOfBitMap: 0x00000000fae00000
[0.045s][debug][gc           ] SMC:initialize_top_at_mark_start for Region 1884, TAMS: 0x00000000fae00000, TopOfBitMap: 0x00000000fae80000
[0.045s][debug][gc           ] SMC:initialize_top_at_mark_start for Region 1885, TAMS: 0x00000000fae80000, TopOfBitMap: 0x00000000faf00000
[0.045s][debug][gc           ] SMC:initialize_top_at_mark_start for Region 1886, TAMS: 0x00000000faf00000, TopOfBitMap: 0x00000000faf80000
[0.045s][debug][gc           ] SMC:initialize_top_at_mark_start for Region 1887, TAMS: 0x00000000faf80000, TopOfBitMap: 0x00000000fb000000
[0.045s][debug][gc           ] SMC:initialize_top_at_mark_start for Region 1888, TAMS: 0x00000000fb000000, TopOfBitMap: 0x00000000fb080000
[0.045s][debug][gc           ] SMC:initialize_top_at_mark_start for Region 1889, TAMS: 0x00000000fb080000, TopOfBitMap: 0x00000000fb100000
[0.045s][debug][gc           ] SMC:initialize_top_at_mark_start for Region 1890, TAMS: 0x00000000fb100000, TopOfBitMap: 0x00000000fb180000
[0.045s][debug][gc           ] SMC:initialize_top_at_mark_start for Region 1891, TAMS: 0x00000000fb180000, TopOfBitMap: 0x00000000fb200000
[0.045s][debug][gc           ] SMC:initialize_top_at_mark_start for Region 1892, TAMS: 0x00000000fb200000, TopOfBitMap: 0x00000000fb280000
[0.045s][debug][gc           ] SMC:initialize_top_at_mark_start for Region 1893, TAMS: 0x00000000fb280000, TopOfBitMap: 0x00000000fb300000
[0.045s][debug][gc           ] SMC:initialize_top_at_mark_start for Region 1894, TAMS: 0x00000000fb300000, TopOfBitMap: 0x00000000fb380000
[0.045s][debug][gc           ] SMC:initialize_top_at_mark_start for Region 1895, TAMS: 0x00000000fb380000, TopOfBitMap: 0x00000000fb400000
[0.045s][debug][gc           ] SMC:initialize_top_at_mark_start for Region 1896, TAMS: 0x00000000fb400000, TopOfBitMap: 0x00000000fb480000
[0.045s][debug][gc           ] SMC:initialize_top_at_mark_start for Region 1897, TAMS: 0x00000000fb480000, TopOfBitMap: 0x00000000fb500000
[0.045s][debug][gc           ] SMC:initialize_top_at_mark_start for Region 1898, TAMS: 0x00000000fb500000, TopOfBitMap: 0x00000000fb580000
[0.045s][debug][gc           ] SMC:initialize_top_at_mark_start for Region 1899, TAMS: 0x00000000fb580000, TopOfBitMap: 0x00000000fb600000
[0.045s][debug][gc           ] SMC:initialize_top_at_mark_start for Region 1900, TAMS: 0x00000000fb600000, TopOfBitMap: 0x00000000fb680000
[0.045s][debug][gc           ] SMC:initialize_top_at_mark_start for Region 1901, TAMS: 0x00000000fb680000, TopOfBitMap: 0x00000000fb700000
[0.045s][debug][gc           ] SMC:initialize_top_at_mark_start for Region 1902, TAMS: 0x00000000fb700000, TopOfBitMap: 0x00000000fb780000
[0.045s][debug][gc           ] SMC:initialize_top_at_mark_start for Region 1903, TAMS: 0x00000000fb780000, TopOfBitMap: 0x00000000fb800000
[0.045s][debug][gc           ] SMC:initialize_top_at_mark_start for Region 1904, TAMS: 0x00000000fb800000, TopOfBitMap: 0x00000000fb880000
[0.045s][debug][gc           ] SMC:initialize_top_at_mark_start for Region 1905, TAMS: 0x00000000fb880000, TopOfBitMap: 0x00000000fb900000
[0.045s][debug][gc           ] SMC:initialize_top_at_mark_start for Region 1906, TAMS: 0x00000000fb900000, TopOfBitMap: 0x00000000fb980000
[0.045s][debug][gc           ] SMC:initialize_top_at_mark_start for Region 1907, TAMS: 0x00000000fb980000, TopOfBitMap: 0x00000000fba00000
[0.045s][debug][gc           ] SMC:initialize_top_at_mark_start for Region 1908, TAMS: 0x00000000fba00000, TopOfBitMap: 0x00000000fba80000
[0.045s][debug][gc           ] SMC:initialize_top_at_mark_start for Region 1909, TAMS: 0x00000000fba80000, TopOfBitMap: 0x00000000fbb00000
[0.045s][debug][gc           ] SMC:initialize_top_at_mark_start for Region 1910, TAMS: 0x00000000fbb00000, TopOfBitMap: 0x00000000fbb80000
[0.045s][debug][gc           ] SMC:initialize_top_at_mark_start for Region 1911, TAMS: 0x00000000fbb80000, TopOfBitMap: 0x00000000fbc00000
[0.045s][debug][gc           ] SMC:initialize_top_at_mark_start for Region 1912, TAMS: 0x00000000fbc00000, TopOfBitMap: 0x00000000fbc80000
[0.045s][debug][gc           ] SMC:initialize_top_at_mark_start for Region 1913, TAMS: 0x00000000fbc80000, TopOfBitMap: 0x00000000fbd00000
[0.045s][debug][gc           ] SMC:initialize_top_at_mark_start for Region 1914, TAMS: 0x00000000fbd00000, TopOfBitMap: 0x00000000fbd80000
[0.045s][debug][gc           ] SMC:initialize_top_at_mark_start for Region 1915, TAMS: 0x00000000fbd80000, TopOfBitMap: 0x00000000fbe00000
[0.045s][debug][gc           ] SMC:initialize_top_at_mark_start for Region 1916, TAMS: 0x00000000fbe00000, TopOfBitMap: 0x00000000fbe80000
[0.045s][debug][gc           ] SMC:initialize_top_at_mark_start for Region 1917, TAMS: 0x00000000fbe80000, TopOfBitMap: 0x00000000fbf00000
[0.045s][debug][gc           ] SMC:initialize_top_at_mark_start for Region 1918, TAMS: 0x00000000fbf00000, TopOfBitMap: 0x00000000fbf80000
[0.045s][debug][gc           ] SMC:initialize_top_at_mark_start for Region 1919, TAMS: 0x00000000fbf80000, TopOfBitMap: 0x00000000fc000000
[0.045s][debug][gc           ] SMC:initialize_top_at_mark_start for Region 1920, TAMS: 0x00000000fc000000, TopOfBitMap: 0x00000000fc080000
[0.045s][debug][gc           ] SMC:initialize_top_at_mark_start for Region 1921, TAMS: 0x00000000fc080000, TopOfBitMap: 0x00000000fc100000
[0.045s][debug][gc           ] SMC:initialize_top_at_mark_start for Region 1922, TAMS: 0x00000000fc100000, TopOfBitMap: 0x00000000fc180000
[0.045s][debug][gc           ] SMC:initialize_top_at_mark_start for Region 1923, TAMS: 0x00000000fc180000, TopOfBitMap: 0x00000000fc200000
[0.045s][debug][gc           ] SMC:initialize_top_at_mark_start for Region 1924, TAMS: 0x00000000fc200000, TopOfBitMap: 0x00000000fc280000
[0.045s][debug][gc           ] SMC:initialize_top_at_mark_start for Region 1925, TAMS: 0x00000000fc280000, TopOfBitMap: 0x00000000fc300000
[0.045s][debug][gc           ] SMC:initialize_top_at_mark_start for Region 1926, TAMS: 0x00000000fc300000, TopOfBitMap: 0x00000000fc380000
[0.045s][debug][gc           ] SMC:initialize_top_at_mark_start for Region 1927, TAMS: 0x00000000fc380000, TopOfBitMap: 0x00000000fc400000
[0.045s][debug][gc           ] SMC:initialize_top_at_mark_start for Region 1928, TAMS: 0x00000000fc400000, TopOfBitMap: 0x00000000fc480000
[0.045s][debug][gc           ] SMC:initialize_top_at_mark_start for Region 1929, TAMS: 0x00000000fc480000, TopOfBitMap: 0x00000000fc500000
[0.045s][debug][gc           ] SMC:initialize_top_at_mark_start for Region 1930, TAMS: 0x00000000fc500000, TopOfBitMap: 0x00000000fc580000
[0.045s][debug][gc           ] SMC:initialize_top_at_mark_start for Region 1931, TAMS: 0x00000000fc580000, TopOfBitMap: 0x00000000fc600000
[0.045s][debug][gc           ] SMC:initialize_top_at_mark_start for Region 1932, TAMS: 0x00000000fc600000, TopOfBitMap: 0x00000000fc680000
[0.045s][debug][gc           ] SMC:initialize_top_at_mark_start for Region 1933, TAMS: 0x00000000fc680000, TopOfBitMap: 0x00000000fc700000
[0.045s][debug][gc           ] SMC:initialize_top_at_mark_start for Region 1934, TAMS: 0x00000000fc700000, TopOfBitMap: 0x00000000fc780000
[0.045s][debug][gc           ] SMC:initialize_top_at_mark_start for Region 1935, TAMS: 0x00000000fc780000, TopOfBitMap: 0x00000000fc800000
[0.045s][debug][gc           ] SMC:initialize_top_at_mark_start for Region 1936, TAMS: 0x00000000fc800000, TopOfBitMap: 0x00000000fc880000
[0.045s][debug][gc           ] SMC:initialize_top_at_mark_start for Region 1937, TAMS: 0x00000000fc880000, TopOfBitMap: 0x00000000fc900000
[0.045s][debug][gc           ] SMC:initialize_top_at_mark_start for Region 1938, TAMS: 0x00000000fc900000, TopOfBitMap: 0x00000000fc980000
[0.045s][debug][gc           ] SMC:initialize_top_at_mark_start for Region 1939, TAMS: 0x00000000fc980000, TopOfBitMap: 0x00000000fca00000
[0.045s][debug][gc           ] SMC:initialize_top_at_mark_start for Region 1940, TAMS: 0x00000000fca00000, TopOfBitMap: 0x00000000fca80000
[0.045s][debug][gc           ] SMC:initialize_top_at_mark_start for Region 1941, TAMS: 0x00000000fca80000, TopOfBitMap: 0x00000000fcb00000
[0.045s][debug][gc           ] SMC:initialize_top_at_mark_start for Region 1942, TAMS: 0x00000000fcb00000, TopOfBitMap: 0x00000000fcb80000
[0.045s][debug][gc           ] SMC:initialize_top_at_mark_start for Region 1943, TAMS: 0x00000000fcb80000, TopOfBitMap: 0x00000000fcc00000
[0.045s][debug][gc           ] SMC:initialize_top_at_mark_start for Region 1944, TAMS: 0x00000000fcc00000, TopOfBitMap: 0x00000000fcc80000
[0.045s][debug][gc           ] SMC:initialize_top_at_mark_start for Region 1945, TAMS: 0x00000000fcc80000, TopOfBitMap: 0x00000000fcd00000
[0.045s][debug][gc           ] SMC:initialize_top_at_mark_start for Region 1946, TAMS: 0x00000000fcd00000, TopOfBitMap: 0x00000000fcd80000
[0.045s][debug][gc           ] SMC:initialize_top_at_mark_start for Region 1947, TAMS: 0x00000000fcd80000, TopOfBitMap: 0x00000000fce00000
[0.045s][debug][gc           ] SMC:initialize_top_at_mark_start for Region 1948, TAMS: 0x00000000fce00000, TopOfBitMap: 0x00000000fce80000
[0.045s][debug][gc           ] SMC:initialize_top_at_mark_start for Region 1949, TAMS: 0x00000000fce80000, TopOfBitMap: 0x00000000fcf00000
[0.045s][debug][gc           ] SMC:initialize_top_at_mark_start for Region 1950, TAMS: 0x00000000fcf00000, TopOfBitMap: 0x00000000fcf80000
[0.045s][debug][gc           ] SMC:initialize_top_at_mark_start for Region 1951, TAMS: 0x00000000fcf80000, TopOfBitMap: 0x00000000fd000000
[0.045s][debug][gc           ] SMC:initialize_top_at_mark_start for Region 1952, TAMS: 0x00000000fd000000, TopOfBitMap: 0x00000000fd080000
[0.045s][debug][gc           ] SMC:initialize_top_at_mark_start for Region 1953, TAMS: 0x00000000fd080000, TopOfBitMap: 0x00000000fd100000
[0.045s][debug][gc           ] SMC:initialize_top_at_mark_start for Region 1954, TAMS: 0x00000000fd100000, TopOfBitMap: 0x00000000fd180000
[0.045s][debug][gc           ] SMC:initialize_top_at_mark_start for Region 1955, TAMS: 0x00000000fd180000, TopOfBitMap: 0x00000000fd200000
[0.045s][debug][gc           ] SMC:initialize_top_at_mark_start for Region 1956, TAMS: 0x00000000fd200000, TopOfBitMap: 0x00000000fd280000
[0.045s][debug][gc           ] SMC:initialize_top_at_mark_start for Region 1957, TAMS: 0x00000000fd280000, TopOfBitMap: 0x00000000fd300000
[0.045s][debug][gc           ] SMC:initialize_top_at_mark_start for Region 1958, TAMS: 0x00000000fd300000, TopOfBitMap: 0x00000000fd380000
[0.045s][debug][gc           ] SMC:initialize_top_at_mark_start for Region 1959, TAMS: 0x00000000fd380000, TopOfBitMap: 0x00000000fd400000
[0.045s][debug][gc           ] SMC:initialize_top_at_mark_start for Region 1960, TAMS: 0x00000000fd400000, TopOfBitMap: 0x00000000fd480000
[0.045s][debug][gc           ] SMC:initialize_top_at_mark_start for Region 1961, TAMS: 0x00000000fd480000, TopOfBitMap: 0x00000000fd500000
[0.045s][debug][gc           ] SMC:initialize_top_at_mark_start for Region 1962, TAMS: 0x00000000fd500000, TopOfBitMap: 0x00000000fd580000
[0.045s][debug][gc           ] SMC:initialize_top_at_mark_start for Region 1963, TAMS: 0x00000000fd580000, TopOfBitMap: 0x00000000fd600000
[0.045s][debug][gc           ] SMC:initialize_top_at_mark_start for Region 1964, TAMS: 0x00000000fd600000, TopOfBitMap: 0x00000000fd680000
[0.045s][debug][gc           ] SMC:initialize_top_at_mark_start for Region 1965, TAMS: 0x00000000fd680000, TopOfBitMap: 0x00000000fd700000
[0.045s][debug][gc           ] SMC:initialize_top_at_mark_start for Region 1966, TAMS: 0x00000000fd700000, TopOfBitMap: 0x00000000fd780000
[0.045s][debug][gc           ] SMC:initialize_top_at_mark_start for Region 1967, TAMS: 0x00000000fd780000, TopOfBitMap: 0x00000000fd800000
[0.045s][debug][gc           ] SMC:initialize_top_at_mark_start for Region 1968, TAMS: 0x00000000fd800000, TopOfBitMap: 0x00000000fd880000
[0.045s][debug][gc           ] SMC:initialize_top_at_mark_start for Region 1969, TAMS: 0x00000000fd880000, TopOfBitMap: 0x00000000fd900000
[0.045s][debug][gc           ] SMC:initialize_top_at_mark_start for Region 1970, TAMS: 0x00000000fd900000, TopOfBitMap: 0x00000000fd980000
[0.045s][debug][gc           ] SMC:initialize_top_at_mark_start for Region 1971, TAMS: 0x00000000fd980000, TopOfBitMap: 0x00000000fda00000
[0.045s][debug][gc           ] SMC:initialize_top_at_mark_start for Region 1972, TAMS: 0x00000000fda00000, TopOfBitMap: 0x00000000fda80000
[0.045s][debug][gc           ] SMC:initialize_top_at_mark_start for Region 1973, TAMS: 0x00000000fda80000, TopOfBitMap: 0x00000000fdb00000
[0.045s][debug][gc           ] SMC:initialize_top_at_mark_start for Region 1974, TAMS: 0x00000000fdb00000, TopOfBitMap: 0x00000000fdb80000
[0.045s][debug][gc           ] SMC:initialize_top_at_mark_start for Region 1975, TAMS: 0x00000000fdb80000, TopOfBitMap: 0x00000000fdc00000
[0.045s][debug][gc           ] SMC:initialize_top_at_mark_start for Region 1976, TAMS: 0x00000000fdc00000, TopOfBitMap: 0x00000000fdc80000
[0.045s][debug][gc           ] SMC:initialize_top_at_mark_start for Region 1977, TAMS: 0x00000000fdc80000, TopOfBitMap: 0x00000000fdd00000
[0.045s][debug][gc           ] SMC:initialize_top_at_mark_start for Region 1978, TAMS: 0x00000000fdd00000, TopOfBitMap: 0x00000000fdd80000
[0.045s][debug][gc           ] SMC:initialize_top_at_mark_start for Region 1979, TAMS: 0x00000000fdd80000, TopOfBitMap: 0x00000000fde00000
[0.045s][debug][gc           ] SMC:initialize_top_at_mark_start for Region 1980, TAMS: 0x00000000fde00000, TopOfBitMap: 0x00000000fde80000
[0.045s][debug][gc           ] SMC:initialize_top_at_mark_start for Region 1981, TAMS: 0x00000000fde80000, TopOfBitMap: 0x00000000fdf00000
[0.045s][debug][gc           ] SMC:initialize_top_at_mark_start for Region 1982, TAMS: 0x00000000fdf00000, TopOfBitMap: 0x00000000fdf80000
[0.045s][debug][gc           ] SMC:initialize_top_at_mark_start for Region 1983, TAMS: 0x00000000fdf80000, TopOfBitMap: 0x00000000fe000000
[0.045s][debug][gc           ] SMC:initialize_top_at_mark_start for Region 1984, TAMS: 0x00000000fe000000, TopOfBitMap: 0x00000000fe080000
[0.045s][debug][gc           ] SMC:initialize_top_at_mark_start for Region 1985, TAMS: 0x00000000fe080000, TopOfBitMap: 0x00000000fe100000
[0.045s][debug][gc           ] SMC:initialize_top_at_mark_start for Region 1986, TAMS: 0x00000000fe100000, TopOfBitMap: 0x00000000fe180000
[0.045s][debug][gc           ] SMC:initialize_top_at_mark_start for Region 1987, TAMS: 0x00000000fe180000, TopOfBitMap: 0x00000000fe200000
[0.045s][debug][gc           ] SMC:initialize_top_at_mark_start for Region 1988, TAMS: 0x00000000fe200000, TopOfBitMap: 0x00000000fe280000
[0.045s][debug][gc           ] SMC:initialize_top_at_mark_start for Region 1989, TAMS: 0x00000000fe280000, TopOfBitMap: 0x00000000fe300000
[0.045s][debug][gc           ] SMC:initialize_top_at_mark_start for Region 1990, TAMS: 0x00000000fe300000, TopOfBitMap: 0x00000000fe380000
[0.045s][debug][gc           ] SMC:initialize_top_at_mark_start for Region 1991, TAMS: 0x00000000fe380000, TopOfBitMap: 0x00000000fe400000
[0.045s][debug][gc           ] SMC:initialize_top_at_mark_start for Region 1992, TAMS: 0x00000000fe400000, TopOfBitMap: 0x00000000fe480000
[0.045s][debug][gc           ] SMC:initialize_top_at_mark_start for Region 1993, TAMS: 0x00000000fe480000, TopOfBitMap: 0x00000000fe500000
[0.045s][debug][gc           ] SMC:initialize_top_at_mark_start for Region 1994, TAMS: 0x00000000fe500000, TopOfBitMap: 0x00000000fe580000
[0.045s][debug][gc           ] SMC:initialize_top_at_mark_start for Region 1995, TAMS: 0x00000000fe580000, TopOfBitMap: 0x00000000fe600000
[0.045s][debug][gc           ] SMC:initialize_top_at_mark_start for Region 1996, TAMS: 0x00000000fe600000, TopOfBitMap: 0x00000000fe680000
[0.045s][debug][gc           ] SMC:initialize_top_at_mark_start for Region 1997, TAMS: 0x00000000fe680000, TopOfBitMap: 0x00000000fe700000
[0.045s][debug][gc           ] SMC:initialize_top_at_mark_start for Region 1998, TAMS: 0x00000000fe700000, TopOfBitMap: 0x00000000fe780000
[0.045s][debug][gc           ] SMC:initialize_top_at_mark_start for Region 1999, TAMS: 0x00000000fe780000, TopOfBitMap: 0x00000000fe800000
[0.045s][debug][gc           ] SMC:initialize_top_at_mark_start for Region 2000, TAMS: 0x00000000fe800000, TopOfBitMap: 0x00000000fe880000
[0.045s][debug][gc           ] SMC:initialize_top_at_mark_start for Region 2001, TAMS: 0x00000000fe880000, TopOfBitMap: 0x00000000fe900000
[0.045s][debug][gc           ] SMC:initialize_top_at_mark_start for Region 2002, TAMS: 0x00000000fe900000, TopOfBitMap: 0x00000000fe980000
[0.045s][debug][gc           ] SMC:initialize_top_at_mark_start for Region 2003, TAMS: 0x00000000fe980000, TopOfBitMap: 0x00000000fea00000
[0.045s][debug][gc           ] SMC:initialize_top_at_mark_start for Region 2004, TAMS: 0x00000000fea00000, TopOfBitMap: 0x00000000fea80000
[0.045s][debug][gc           ] SMC:initialize_top_at_mark_start for Region 2005, TAMS: 0x00000000fea80000, TopOfBitMap: 0x00000000feb00000
[0.045s][debug][gc           ] SMC:initialize_top_at_mark_start for Region 2006, TAMS: 0x00000000feb00000, TopOfBitMap: 0x00000000feb80000
[0.045s][debug][gc           ] SMC:initialize_top_at_mark_start for Region 2007, TAMS: 0x00000000feb80000, TopOfBitMap: 0x00000000fec00000
[0.045s][debug][gc           ] SMC:initialize_top_at_mark_start for Region 2008, TAMS: 0x00000000fec00000, TopOfBitMap: 0x00000000fec80000
[0.045s][debug][gc           ] SMC:initialize_top_at_mark_start for Region 2009, TAMS: 0x00000000fec80000, TopOfBitMap: 0x00000000fed00000
[0.045s][debug][gc           ] SMC:initialize_top_at_mark_start for Region 2010, TAMS: 0x00000000fed00000, TopOfBitMap: 0x00000000fed80000
[0.045s][debug][gc           ] SMC:initialize_top_at_mark_start for Region 2011, TAMS: 0x00000000fed80000, TopOfBitMap: 0x00000000fee00000
[0.045s][debug][gc           ] SMC:initialize_top_at_mark_start for Region 2012, TAMS: 0x00000000fee00000, TopOfBitMap: 0x00000000fee80000
[0.045s][debug][gc           ] SMC:initialize_top_at_mark_start for Region 2013, TAMS: 0x00000000fee80000, TopOfBitMap: 0x00000000fef00000
[0.045s][debug][gc           ] SMC:initialize_top_at_mark_start for Region 2014, TAMS: 0x00000000fef00000, TopOfBitMap: 0x00000000fef80000
[0.045s][debug][gc           ] SMC:initialize_top_at_mark_start for Region 2015, TAMS: 0x00000000fef80000, TopOfBitMap: 0x00000000ff000000
[0.045s][debug][gc           ] SMC:initialize_top_at_mark_start for Region 2016, TAMS: 0x00000000ff000000, TopOfBitMap: 0x00000000ff080000
[0.045s][debug][gc           ] SMC:initialize_top_at_mark_start for Region 2017, TAMS: 0x00000000ff080000, TopOfBitMap: 0x00000000ff100000
[0.045s][debug][gc           ] SMC:initialize_top_at_mark_start for Region 2018, TAMS: 0x00000000ff100000, TopOfBitMap: 0x00000000ff180000
[0.045s][debug][gc           ] SMC:initialize_top_at_mark_start for Region 2019, TAMS: 0x00000000ff180000, TopOfBitMap: 0x00000000ff200000
[0.045s][debug][gc           ] SMC:initialize_top_at_mark_start for Region 2020, TAMS: 0x00000000ff200000, TopOfBitMap: 0x00000000ff280000
[0.045s][debug][gc           ] SMC:initialize_top_at_mark_start for Region 2021, TAMS: 0x00000000ff280000, TopOfBitMap: 0x00000000ff300000
[0.045s][debug][gc           ] SMC:initialize_top_at_mark_start for Region 2022, TAMS: 0x00000000ff300000, TopOfBitMap: 0x00000000ff380000
[0.045s][debug][gc           ] SMC:initialize_top_at_mark_start for Region 2023, TAMS: 0x00000000ff380000, TopOfBitMap: 0x00000000ff400000
[0.045s][debug][gc           ] SMC:initialize_top_at_mark_start for Region 2024, TAMS: 0x00000000ff400000, TopOfBitMap: 0x00000000ff480000
[0.045s][debug][gc           ] SMC:initialize_top_at_mark_start for Region 2025, TAMS: 0x00000000ff480000, TopOfBitMap: 0x00000000ff500000
[0.045s][debug][gc           ] SMC:initialize_top_at_mark_start for Region 2026, TAMS: 0x00000000ff500000, TopOfBitMap: 0x00000000ff580000
[0.045s][debug][gc           ] SMC:initialize_top_at_mark_start for Region 2027, TAMS: 0x00000000ff580000, TopOfBitMap: 0x00000000ff600000
[0.045s][debug][gc           ] SMC:initialize_top_at_mark_start for Region 2028, TAMS: 0x00000000ff600000, TopOfBitMap: 0x00000000ff680000
[0.045s][debug][gc           ] SMC:initialize_top_at_mark_start for Region 2029, TAMS: 0x00000000ff680000, TopOfBitMap: 0x00000000ff700000
[0.045s][debug][gc           ] SMC:initialize_top_at_mark_start for Region 2030, TAMS: 0x00000000ff700000, TopOfBitMap: 0x00000000ff780000
[0.045s][debug][gc           ] SMC:initialize_top_at_mark_start for Region 2031, TAMS: 0x00000000ff780000, TopOfBitMap: 0x00000000ff800000
[0.045s][debug][gc           ] SMC:initialize_top_at_mark_start for Region 2032, TAMS: 0x00000000ff800000, TopOfBitMap: 0x00000000ff880000
[0.045s][debug][gc           ] SMC:initialize_top_at_mark_start for Region 2033, TAMS: 0x00000000ff880000, TopOfBitMap: 0x00000000ff900000
[0.045s][debug][gc           ] SMC:initialize_top_at_mark_start for Region 2034, TAMS: 0x00000000ff900000, TopOfBitMap: 0x00000000ff980000
[0.045s][debug][gc           ] SMC:initialize_top_at_mark_start for Region 2035, TAMS: 0x00000000ff980000, TopOfBitMap: 0x00000000ffa00000
[0.045s][debug][gc           ] SMC:initialize_top_at_mark_start for Region 2036, TAMS: 0x00000000ffa00000, TopOfBitMap: 0x00000000ffa80000
[0.045s][debug][gc           ] SMC:initialize_top_at_mark_start for Region 2037, TAMS: 0x00000000ffa80000, TopOfBitMap: 0x00000000ffb00000
[0.045s][debug][gc           ] SMC:initialize_top_at_mark_start for Region 2038, TAMS: 0x00000000ffb00000, TopOfBitMap: 0x00000000ffb80000
[0.045s][debug][gc           ] SMC:initialize_top_at_mark_start for Region 2039, TAMS: 0x00000000ffb80000, TopOfBitMap: 0x00000000ffc00000
[0.045s][debug][gc           ] SMC:initialize_top_at_mark_start for Region 2040, TAMS: 0x00000000ffc00000, TopOfBitMap: 0x00000000ffc80000
[0.045s][debug][gc           ] SMC:initialize_top_at_mark_start for Region 2041, TAMS: 0x00000000ffc80000, TopOfBitMap: 0x00000000ffd00000
[0.045s][debug][gc           ] SMC:initialize_top_at_mark_start for Region 2042, TAMS: 0x00000000ffd00000, TopOfBitMap: 0x00000000ffd80000
[0.045s][debug][gc           ] SMC:initialize_top_at_mark_start for Region 2043, TAMS: 0x00000000ffd80000, TopOfBitMap: 0x00000000ffe00000
[0.045s][debug][gc           ] SMC:initialize_top_at_mark_start for Region 2044, TAMS: 0x00000000ffe00000, TopOfBitMap: 0x00000000ffe80000
[0.045s][debug][gc           ] SMC:initialize_top_at_mark_start for Region 2045, TAMS: 0x00000000ffe80000, TopOfBitMap: 0x00000000fff00000
[0.045s][debug][gc           ] SMC:initialize_top_at_mark_start for Region 2046, TAMS: 0x00000000fff00000, TopOfBitMap: 0x00000000fff80000
[0.045s][debug][gc           ] SMC:initialize_top_at_mark_start for Region 2047, TAMS: 0x00000000fff80000, TopOfBitMap: 0x0000000100000000
[0.045s][debug][gc,free      ] Rebuilding FreeSet
[0.045s][debug][gc           ]   At end of prep_to_rebuild, mutator_leftmost: 0, mutator_rightmost: 2047, mutator_leftmost_empty: 0, mutator_rightmost_empty: 2047, mutator_regions: 2048, mutator_used: 0
[0.045s][debug][gc           ]   old_collector_leftmost: 2048, old_collector_rightmost: 0, old_collector_leftmost_empty: 2048, old_collector_rightmost_empty: 0, old_collector_regions: 0, old_collector_used: 0
[0.045s][debug][gc           ]   After find_regions_with_alloc_capacity(), Mutator range [0, 2047],  Old Collector range [2048, -1]
[0.045s][debug][gc           ]   Shifting region 2047 from mutator_free to collector_free
[0.045s][debug][gc           ]   Shifted Mutator range [0, 2046],  Collector range [2047, 2047]
[0.045s][debug][gc           ]   Shifting region 2046 from mutator_free to collector_free
[0.045s][debug][gc           ]   Shifted Mutator range [0, 2045],  Collector range [2046, 2047]
[0.045s][debug][gc           ]   Shifting region 2045 from mutator_free to collector_free
[0.045s][debug][gc           ]   Shifted Mutator range [0, 2044],  Collector range [2045, 2047]
[0.045s][debug][gc           ]   Shifting region 2044 from mutator_free to collector_free
[0.045s][debug][gc           ]   Shifted Mutator range [0, 2043],  Collector range [2044, 2047]
[0.045s][debug][gc           ]   Shifting region 2043 from mutator_free to collector_free
[0.045s][debug][gc           ]   Shifted Mutator range [0, 2042],  Collector range [2043, 2047]
[0.045s][debug][gc           ]   Shifting region 2042 from mutator_free to collector_free
[0.045s][debug][gc           ]   Shifted Mutator range [0, 2041],  Collector range [2042, 2047]
[0.045s][debug][gc           ]   Shifting region 2041 from mutator_free to collector_free
[0.045s][debug][gc           ]   Shifted Mutator range [0, 2040],  Collector range [2041, 2047]
[0.045s][debug][gc           ]   Shifting region 2040 from mutator_free to collector_free
[0.045s][debug][gc           ]   Shifted Mutator range [0, 2039],  Collector range [2040, 2047]
[0.045s][debug][gc           ]   Shifting region 2039 from mutator_free to collector_free
[0.045s][debug][gc           ]   Shifted Mutator range [0, 2038],  Collector range [2039, 2047]
[0.045s][debug][gc           ]   Shifting region 2038 from mutator_free to collector_free
[0.045s][debug][gc           ]   Shifted Mutator range [0, 2037],  Collector range [2038, 2047]
[0.045s][debug][gc           ]   Shifting region 2037 from mutator_free to collector_free
[0.045s][debug][gc           ]   Shifted Mutator range [0, 2036],  Collector range [2037, 2047]
[0.045s][debug][gc           ]   Shifting region 2036 from mutator_free to collector_free
[0.045s][debug][gc           ]   Shifted Mutator range [0, 2035],  Collector range [2036, 2047]
[0.045s][debug][gc           ]   Shifting region 2035 from mutator_free to collector_free
[0.045s][debug][gc           ]   Shifted Mutator range [0, 2034],  Collector range [2035, 2047]
[0.045s][debug][gc           ]   Shifting region 2034 from mutator_free to collector_free
[0.045s][debug][gc           ]   Shifted Mutator range [0, 2033],  Collector range [2034, 2047]
[0.045s][debug][gc           ]   Shifting region 2033 from mutator_free to collector_free
[0.045s][debug][gc           ]   Shifted Mutator range [0, 2032],  Collector range [2033, 2047]
[0.045s][debug][gc           ]   Shifting region 2032 from mutator_free to collector_free
[0.045s][debug][gc           ]   Shifted Mutator range [0, 2031],  Collector range [2032, 2047]
[0.045s][debug][gc           ]   Shifting region 2031 from mutator_free to collector_free
[0.045s][debug][gc           ]   Shifted Mutator range [0, 2030],  Collector range [2031, 2047]
[0.045s][debug][gc           ]   Shifting region 2030 from mutator_free to collector_free
[0.045s][debug][gc           ]   Shifted Mutator range [0, 2029],  Collector range [2030, 2047]
[0.045s][debug][gc           ]   Shifting region 2029 from mutator_free to collector_free
[0.045s][debug][gc           ]   Shifted Mutator range [0, 2028],  Collector range [2029, 2047]
[0.045s][debug][gc           ]   Shifting region 2028 from mutator_free to collector_free
[0.045s][debug][gc           ]   Shifted Mutator range [0, 2027],  Collector range [2028, 2047]
[0.045s][debug][gc           ]   Shifting region 2027 from mutator_free to collector_free
[0.045s][debug][gc           ]   Shifted Mutator range [0, 2026],  Collector range [2027, 2047]
[0.045s][debug][gc           ]   Shifting region 2026 from mutator_free to collector_free
[0.045s][debug][gc           ]   Shifted Mutator range [0, 2025],  Collector range [2026, 2047]
[0.045s][debug][gc           ]   Shifting region 2025 from mutator_free to collector_free
[0.045s][debug][gc           ]   Shifted Mutator range [0, 2024],  Collector range [2025, 2047]
[0.045s][debug][gc           ]   Shifting region 2024 from mutator_free to collector_free
[0.045s][debug][gc           ]   Shifted Mutator range [0, 2023],  Collector range [2024, 2047]
[0.045s][debug][gc           ]   Shifting region 2023 from mutator_free to collector_free
[0.045s][debug][gc           ]   Shifted Mutator range [0, 2022],  Collector range [2023, 2047]
[0.045s][debug][gc           ]   Shifting region 2022 from mutator_free to collector_free
[0.045s][debug][gc           ]   Shifted Mutator range [0, 2021],  Collector range [2022, 2047]
[0.045s][debug][gc           ]   Shifting region 2021 from mutator_free to collector_free
[0.045s][debug][gc           ]   Shifted Mutator range [0, 2020],  Collector range [2021, 2047]
[0.045s][debug][gc           ]   Shifting region 2020 from mutator_free to collector_free
[0.045s][debug][gc           ]   Shifted Mutator range [0, 2019],  Collector range [2020, 2047]
[0.045s][debug][gc           ]   Shifting region 2019 from mutator_free to collector_free
[0.045s][debug][gc           ]   Shifted Mutator range [0, 2018],  Collector range [2019, 2047]
[0.045s][debug][gc           ]   Shifting region 2018 from mutator_free to collector_free
[0.045s][debug][gc           ]   Shifted Mutator range [0, 2017],  Collector range [2018, 2047]
[0.045s][debug][gc           ]   Shifting region 2017 from mutator_free to collector_free
[0.045s][debug][gc           ]   Shifted Mutator range [0, 2016],  Collector range [2017, 2047]
[0.045s][debug][gc           ]   Shifting region 2016 from mutator_free to collector_free
[0.045s][debug][gc           ]   Shifted Mutator range [0, 2015],  Collector range [2016, 2047]
[0.045s][debug][gc           ]   Shifting region 2015 from mutator_free to collector_free
[0.045s][debug][gc           ]   Shifted Mutator range [0, 2014],  Collector range [2015, 2047]
[0.045s][debug][gc           ]   Shifting region 2014 from mutator_free to collector_free
[0.045s][debug][gc           ]   Shifted Mutator range [0, 2013],  Collector range [2014, 2047]
[0.045s][debug][gc           ]   Shifting region 2013 from mutator_free to collector_free
[0.045s][debug][gc           ]   Shifted Mutator range [0, 2012],  Collector range [2013, 2047]
[0.045s][debug][gc           ]   Shifting region 2012 from mutator_free to collector_free
[0.045s][debug][gc           ]   Shifted Mutator range [0, 2011],  Collector range [2012, 2047]
[0.045s][debug][gc           ]   Shifting region 2011 from mutator_free to collector_free
[0.045s][debug][gc           ]   Shifted Mutator range [0, 2010],  Collector range [2011, 2047]
[0.045s][debug][gc           ]   Shifting region 2010 from mutator_free to collector_free
[0.045s][debug][gc           ]   Shifted Mutator range [0, 2009],  Collector range [2010, 2047]
[0.045s][debug][gc           ]   Shifting region 2009 from mutator_free to collector_free
[0.045s][debug][gc           ]   Shifted Mutator range [0, 2008],  Collector range [2009, 2047]
[0.045s][debug][gc           ]   Shifting region 2008 from mutator_free to collector_free
[0.045s][debug][gc           ]   Shifted Mutator range [0, 2007],  Collector range [2008, 2047]
[0.045s][debug][gc           ]   Shifting region 2007 from mutator_free to collector_free
[0.045s][debug][gc           ]   Shifted Mutator range [0, 2006],  Collector range [2007, 2047]
[0.045s][debug][gc           ]   Shifting region 2006 from mutator_free to collector_free
[0.045s][debug][gc           ]   Shifted Mutator range [0, 2005],  Collector range [2006, 2047]
[0.045s][debug][gc           ]   Shifting region 2005 from mutator_free to collector_free
[0.045s][debug][gc           ]   Shifted Mutator range [0, 2004],  Collector range [2005, 2047]
[0.046s][debug][gc           ]   Shifting region 2004 from mutator_free to collector_free
[0.046s][debug][gc           ]   Shifted Mutator range [0, 2003],  Collector range [2004, 2047]
[0.046s][debug][gc           ]   Shifting region 2003 from mutator_free to collector_free
[0.046s][debug][gc           ]   Shifted Mutator range [0, 2002],  Collector range [2003, 2047]
[0.046s][debug][gc           ]   Shifting region 2002 from mutator_free to collector_free
[0.046s][debug][gc           ]   Shifted Mutator range [0, 2001],  Collector range [2002, 2047]
[0.046s][debug][gc           ]   Shifting region 2001 from mutator_free to collector_free
[0.046s][debug][gc           ]   Shifted Mutator range [0, 2000],  Collector range [2001, 2047]
[0.046s][debug][gc           ]   Shifting region 2000 from mutator_free to collector_free
[0.046s][debug][gc           ]   Shifted Mutator range [0, 1999],  Collector range [2000, 2047]
[0.046s][debug][gc           ]   Shifting region 1999 from mutator_free to collector_free
[0.046s][debug][gc           ]   Shifted Mutator range [0, 1998],  Collector range [1999, 2047]
[0.046s][debug][gc           ]   Shifting region 1998 from mutator_free to collector_free
[0.046s][debug][gc           ]   Shifted Mutator range [0, 1997],  Collector range [1998, 2047]
[0.046s][debug][gc           ]   Shifting region 1997 from mutator_free to collector_free
[0.046s][debug][gc           ]   Shifted Mutator range [0, 1996],  Collector range [1997, 2047]
[0.046s][debug][gc           ]   Shifting region 1996 from mutator_free to collector_free
[0.046s][debug][gc           ]   Shifted Mutator range [0, 1995],  Collector range [1996, 2047]
[0.046s][debug][gc           ]   Shifting region 1995 from mutator_free to collector_free
[0.046s][debug][gc           ]   Shifted Mutator range [0, 1994],  Collector range [1995, 2047]
[0.046s][debug][gc           ]   Shifting region 1994 from mutator_free to collector_free
[0.046s][debug][gc           ]   Shifted Mutator range [0, 1993],  Collector range [1994, 2047]
[0.046s][debug][gc           ]   Shifting region 1993 from mutator_free to collector_free
[0.046s][debug][gc           ]   Shifted Mutator range [0, 1992],  Collector range [1993, 2047]
[0.046s][debug][gc           ]   Shifting region 1992 from mutator_free to collector_free
[0.046s][debug][gc           ]   Shifted Mutator range [0, 1991],  Collector range [1992, 2047]
[0.046s][debug][gc           ]   Shifting region 1991 from mutator_free to collector_free
[0.046s][debug][gc           ]   Shifted Mutator range [0, 1990],  Collector range [1991, 2047]
[0.046s][debug][gc           ]   Shifting region 1990 from mutator_free to collector_free
[0.046s][debug][gc           ]   Shifted Mutator range [0, 1989],  Collector range [1990, 2047]
[0.046s][debug][gc           ]   Shifting region 1989 from mutator_free to collector_free
[0.046s][debug][gc           ]   Shifted Mutator range [0, 1988],  Collector range [1989, 2047]
[0.046s][debug][gc           ]   Shifting region 1988 from mutator_free to collector_free
[0.046s][debug][gc           ]   Shifted Mutator range [0, 1987],  Collector range [1988, 2047]
[0.046s][debug][gc           ]   Shifting region 1987 from mutator_free to collector_free
[0.046s][debug][gc           ]   Shifted Mutator range [0, 1986],  Collector range [1987, 2047]
[0.046s][debug][gc           ]   Shifting region 1986 from mutator_free to collector_free
[0.046s][debug][gc           ]   Shifted Mutator range [0, 1985],  Collector range [1986, 2047]
[0.046s][debug][gc           ]   Shifting region 1985 from mutator_free to collector_free
[0.046s][debug][gc           ]   Shifted Mutator range [0, 1984],  Collector range [1985, 2047]
[0.046s][debug][gc           ]   Shifting region 1984 from mutator_free to collector_free
[0.046s][debug][gc           ]   Shifted Mutator range [0, 1983],  Collector range [1984, 2047]
[0.046s][debug][gc           ]   Shifting region 1983 from mutator_free to collector_free
[0.046s][debug][gc           ]   Shifted Mutator range [0, 1982],  Collector range [1983, 2047]
[0.046s][debug][gc           ]   Shifting region 1982 from mutator_free to collector_free
[0.046s][debug][gc           ]   Shifted Mutator range [0, 1981],  Collector range [1982, 2047]
[0.046s][debug][gc           ]   Shifting region 1981 from mutator_free to collector_free
[0.046s][debug][gc           ]   Shifted Mutator range [0, 1980],  Collector range [1981, 2047]
[0.046s][debug][gc           ]   Shifting region 1980 from mutator_free to collector_free
[0.046s][debug][gc           ]   Shifted Mutator range [0, 1979],  Collector range [1980, 2047]
[0.046s][debug][gc           ]   Shifting region 1979 from mutator_free to collector_free
[0.046s][debug][gc           ]   Shifted Mutator range [0, 1978],  Collector range [1979, 2047]
[0.046s][debug][gc           ]   Shifting region 1978 from mutator_free to collector_free
[0.046s][debug][gc           ]   Shifted Mutator range [0, 1977],  Collector range [1978, 2047]
[0.046s][debug][gc           ]   Shifting region 1977 from mutator_free to collector_free
[0.046s][debug][gc           ]   Shifted Mutator range [0, 1976],  Collector range [1977, 2047]
[0.046s][debug][gc           ]   Shifting region 1976 from mutator_free to collector_free
[0.046s][debug][gc           ]   Shifted Mutator range [0, 1975],  Collector range [1976, 2047]
[0.046s][debug][gc           ]   Shifting region 1975 from mutator_free to collector_free
[0.046s][debug][gc           ]   Shifted Mutator range [0, 1974],  Collector range [1975, 2047]
[0.046s][debug][gc           ]   Shifting region 1974 from mutator_free to collector_free
[0.046s][debug][gc           ]   Shifted Mutator range [0, 1973],  Collector range [1974, 2047]
[0.046s][debug][gc           ]   Shifting region 1973 from mutator_free to collector_free
[0.046s][debug][gc           ]   Shifted Mutator range [0, 1972],  Collector range [1973, 2047]
[0.046s][debug][gc           ]   Shifting region 1972 from mutator_free to collector_free
[0.046s][debug][gc           ]   Shifted Mutator range [0, 1971],  Collector range [1972, 2047]
[0.046s][debug][gc           ]   Shifting region 1971 from mutator_free to collector_free
[0.046s][debug][gc           ]   Shifted Mutator range [0, 1970],  Collector range [1971, 2047]
[0.046s][debug][gc           ]   Shifting region 1970 from mutator_free to collector_free
[0.046s][debug][gc           ]   Shifted Mutator range [0, 1969],  Collector range [1970, 2047]
[0.046s][debug][gc           ]   Shifting region 1969 from mutator_free to collector_free
[0.046s][debug][gc           ]   Shifted Mutator range [0, 1968],  Collector range [1969, 2047]
[0.046s][debug][gc           ]   Shifting region 1968 from mutator_free to collector_free
[0.046s][debug][gc           ]   Shifted Mutator range [0, 1967],  Collector range [1968, 2047]
[0.046s][debug][gc           ]   Shifting region 1967 from mutator_free to collector_free
[0.046s][debug][gc           ]   Shifted Mutator range [0, 1966],  Collector range [1967, 2047]
[0.046s][debug][gc           ]   Shifting region 1966 from mutator_free to collector_free
[0.046s][debug][gc           ]   Shifted Mutator range [0, 1965],  Collector range [1966, 2047]
[0.046s][debug][gc           ]   Shifting region 1965 from mutator_free to collector_free
[0.046s][debug][gc           ]   Shifted Mutator range [0, 1964],  Collector range [1965, 2047]
[0.046s][debug][gc           ]   Shifting region 1964 from mutator_free to collector_free
[0.046s][debug][gc           ]   Shifted Mutator range [0, 1963],  Collector range [1964, 2047]
[0.046s][debug][gc           ]   Shifting region 1963 from mutator_free to collector_free
[0.046s][debug][gc           ]   Shifted Mutator range [0, 1962],  Collector range [1963, 2047]
[0.046s][debug][gc           ]   Shifting region 1962 from mutator_free to collector_free
[0.046s][debug][gc           ]   Shifted Mutator range [0, 1961],  Collector range [1962, 2047]
[0.046s][debug][gc           ]   Shifting region 1961 from mutator_free to collector_free
[0.046s][debug][gc           ]   Shifted Mutator range [0, 1960],  Collector range [1961, 2047]
[0.046s][debug][gc           ]   Shifting region 1960 from mutator_free to collector_free
[0.046s][debug][gc           ]   Shifted Mutator range [0, 1959],  Collector range [1960, 2047]
[0.046s][debug][gc           ]   Shifting region 1959 from mutator_free to collector_free
[0.046s][debug][gc           ]   Shifted Mutator range [0, 1958],  Collector range [1959, 2047]
[0.046s][debug][gc           ]   Shifting region 1958 from mutator_free to collector_free
[0.046s][debug][gc           ]   Shifted Mutator range [0, 1957],  Collector range [1958, 2047]
[0.046s][debug][gc           ]   Shifting region 1957 from mutator_free to collector_free
[0.046s][debug][gc           ]   Shifted Mutator range [0, 1956],  Collector range [1957, 2047]
[0.046s][debug][gc           ]   Shifting region 1956 from mutator_free to collector_free
[0.046s][debug][gc           ]   Shifted Mutator range [0, 1955],  Collector range [1956, 2047]
[0.046s][debug][gc           ]   Shifting region 1955 from mutator_free to collector_free
[0.046s][debug][gc           ]   Shifted Mutator range [0, 1954],  Collector range [1955, 2047]
[0.046s][debug][gc           ]   Shifting region 1954 from mutator_free to collector_free
[0.046s][debug][gc           ]   Shifted Mutator range [0, 1953],  Collector range [1954, 2047]
[0.046s][debug][gc           ]   Shifting region 1953 from mutator_free to collector_free
[0.046s][debug][gc           ]   Shifted Mutator range [0, 1952],  Collector range [1953, 2047]
[0.046s][debug][gc           ]   Shifting region 1952 from mutator_free to collector_free
[0.046s][debug][gc           ]   Shifted Mutator range [0, 1951],  Collector range [1952, 2047]
[0.046s][debug][gc           ]   Shifting region 1951 from mutator_free to collector_free
[0.046s][debug][gc           ]   Shifted Mutator range [0, 1950],  Collector range [1951, 2047]
[0.046s][debug][gc           ]   Shifting region 1950 from mutator_free to collector_free
[0.046s][debug][gc           ]   Shifted Mutator range [0, 1949],  Collector range [1950, 2047]
[0.046s][debug][gc           ]   Shifting region 1949 from mutator_free to collector_free
[0.046s][debug][gc           ]   Shifted Mutator range [0, 1948],  Collector range [1949, 2047]
[0.046s][debug][gc           ]   Shifting region 1948 from mutator_free to collector_free
[0.046s][debug][gc           ]   Shifted Mutator range [0, 1947],  Collector range [1948, 2047]
[0.046s][debug][gc           ]   Shifting region 1947 from mutator_free to collector_free
[0.046s][debug][gc           ]   Shifted Mutator range [0, 1946],  Collector range [1947, 2047]
[0.046s][debug][gc           ]   Shifting region 1946 from mutator_free to collector_free
[0.046s][debug][gc           ]   Shifted Mutator range [0, 1945],  Collector range [1946, 2047]
[0.046s][debug][gc           ]   Shifting region 1945 from mutator_free to collector_free
[0.046s][debug][gc           ]   Shifted Mutator range [0, 1944],  Collector range [1945, 2047]
[0.046s][info ][gc,free      ] Free: 972M, Max: 512K regular, 972M humongous, Frag: 0% external, 0% internal; Used: 0B, Mutator Free: 1945 Collector Reserve: 52736K, Max: 512K; Used: 0B Old Collector Reserve: 0B, Max: 0B; Used: 0B
[0.046s][info ][gc,ergo      ] Pacer for Idle. Initial: 20971K, Alloc Tax Rate: 1.0x
[0.046s][info ][gc,init      ] Version: 24-internal-adhoc.dcsl.Shenandoah (release)
[0.046s][info ][gc,init      ] CPUs: 32 total, 32 available
[0.046s][info ][gc,init      ] Memory: 123G
[0.046s][info ][gc,init      ] Large Page Support: Disabled
[0.046s][info ][gc,init      ] NUMA Support: Disabled
[0.046s][info ][gc,init      ] Compressed Oops: Enabled (32-bit)
[0.046s][info ][gc,init      ] Heap Min Capacity: 1536K
[0.046s][info ][gc,init      ] Heap Initial Capacity: 1G
[0.046s][info ][gc,init      ] Heap Max Capacity: 1G
[0.046s][info ][gc,init      ] Pre-touch: Disabled
[0.046s][info ][gc,init      ] Heap Region Count: 2048
[0.046s][info ][gc,init      ] Heap Region Size: 512K
[0.046s][info ][gc,init      ] TLAB Size Max: 512K
[0.046s][info ][gc,init      ] Young Generation Soft Size: 1G
[0.046s][info ][gc,init      ] Young Generation Max: 1G
[0.046s][info ][gc,init      ] Old Generation Soft Size: 0B
[0.046s][info ][gc,init      ] Old Generation Max: 0B
[0.046s][info ][gc,init      ] Parallel Workers: 16
[0.046s][info ][gc,init      ] Concurrent Workers: 8
[0.046s][info ][gc,init      ] Mode: Generational
[0.046s][info ][gc,init      ] Heuristics: Adaptive
[0.046s][info ][gc,init      ] Young Heuristics: Adaptive
[0.046s][info ][gc,init      ] Old Heuristics: Old
[0.052s][info ][gc,metaspace ] CDS archive(s) mapped at: [0x00007fa9be000000-0x00007fa9bedcc000-0x00007fa9bedcc000), size 14467072, SharedBaseAddress: 0x00007fa9be000000, ArchiveRelocationMode: 1.
[0.052s][info ][gc,metaspace ] Compressed class space mapped at: 0x00007fa9bf000000-0x00007fa9ff000000, reserved size: 1073741824
[0.052s][info ][gc,metaspace ] Narrow klass base: 0x00007fa9be000000, Narrow klass shift: 0
[0.052s][info ][gc,metaspace ] Encoding Range: [0x00007fa9be000000 - 0x00007faabe000000), (4294967296 bytes)
[0.052s][info ][gc,metaspace ] Klass Range:    [0x00007fa9be000000 - 0x00007fa9ff000000), (1090519040 bytes)
[0.053s][trace][gc,tlab      ] ThreadLocalAllocBuffer::compute_size(4) returns 65536
[0.053s][debug][gc           ] Using new region (1944) for TLAB (0x00007faab76e38e0).
[0.053s][debug][gc           ] Setting affiliation of Region 1944 from FREE to YOUNG, top: 0x00000000fcc00000, TAMS: 0x00000000fcc00000, watermark: 0x00000000fcc00000, top_bitmap: 0x00000000fcc00000
[0.053s][debug][gc           ] Using new region (1944) for TLAB (0x00007faab76e38e0).
[0.053s][trace][gc,tlab      ] TLAB: fill thread: 0x00007faab001e7d0 [id: 19798] desired_size: 512KB slow allocs: 0  refill waste: 8192B alloc: 0.02571       13KB refills: 1 waste  0.0% gc: 0B slow: 0B
[0.055s][trace][gc,metaspace,freelist] allowed expansion words: 2305843009213693951 (left_until_max: 2305843009213693951, left_until_GC: 2305843009213693951.
[0.055s][trace][gc,metaspace,freelist] allowed expansion words: 2305843009213685759 (left_until_max: 2305843009213685759, left_until_GC: 2305843009213685759.
[0.059s][trace][gc,tlab              ] ThreadLocalAllocBuffer::compute_size(15) returns 65536
[0.059s][debug][gc                   ] Using new region (1943) for TLAB (0x00007faa54b0e1e0).
[0.059s][debug][gc                   ] Setting affiliation of Region 1943 from FREE to YOUNG, top: 0x00000000fcb80000, TAMS: 0x00000000fcb80000, watermark: 0x00000000fcb80000, top_bitmap: 0x00000000fcb80000
[0.059s][debug][gc                   ] Using new region (1943) for TLAB (0x00007faa54b0e1e0).
[0.059s][trace][gc,tlab              ] TLAB: fill thread: 0x00007faab01ae0b0 [id: 19835] desired_size: 512KB slow allocs: 0  refill waste: 8192B alloc: 0.02571       26KB refills: 1 waste  0.0% gc: 0B slow: 0B
[0.059s][debug][gc                   ] should_start_gc (YOUNG)? available: 1018691584, soft_max_capacity: 1073741824, allocated: 1048576
[0.059s][debug][gc                   ] YOUNG: average GC time: 0.00 ms, allocation rate: 0 B/s
[0.061s][debug][gc                   ] should_start_gc (YOUNG)? available: 1018691584, soft_max_capacity: 1073741824, allocated: 1048576
[0.061s][debug][gc                   ] YOUNG: average GC time: 0.00 ms, allocation rate: 0 B/s
[0.061s][debug][gc,nmethod           ] Register NMethod: java.lang.Object.<init> [0x00007faa985d6008] (c1)
[0.061s][debug][gc,nmethod           ] Register NMethod: java.lang.Byte.toUnsignedInt [0x00007faa985d6308] (c1)
[0.061s][debug][gc,nmethod           ] Register NMethod: jdk.internal.util.ArraysSupport.unsignedHashCode [0x00007faa985d6608] (c1)
[0.061s][debug][gc,nmethod           ] Register NMethod: java.lang.String.hashCode [0x00007faa985d6988] (c1)
[0.062s][debug][gc,nmethod           ] Register NMethod: java.lang.Math.floorMod [0x00007faa985d7008] (c1)
[0.062s][debug][gc                   ] should_start_gc (YOUNG)? available: 1018691584, soft_max_capacity: 1073741824, allocated: 1048576
[0.062s][debug][gc                   ] YOUNG: average GC time: 0.00 ms, allocation rate: 0 B/s
[0.062s][debug][gc,nmethod           ] Register NMethod: java.util.ImmutableCollections$SetN.probe [0x00007faa985d7308] (c1)
[0.062s][debug][gc,nmethod           ] Register NMethod: java.lang.StringLatin1.equals [0x00007faa985d7b08] (c1)
[0.062s][debug][gc,nmethod           ] Register NMethod: java.lang.String.isLatin1 [0x00007faa985d7f08] (c1)
[0.062s][trace][gc,tlab              ] ThreadLocalAllocBuffer::compute_size(3) returns 65536
[0.062s][debug][gc                   ] Using new region (1942) for TLAB (0x00007faa54507570).
[0.062s][debug][gc                   ] Setting affiliation of Region 1942 from FREE to YOUNG, top: 0x00000000fcb00000, TAMS: 0x00000000fcb00000, watermark: 0x00000000fcb00000, top_bitmap: 0x00000000fcb00000
[0.062s][debug][gc                   ] Using new region (1942) for TLAB (0x00007faa54507570).
[0.062s][trace][gc,tlab              ] TLAB: fill thread: 0x00007faab01b7d90 [id: 19841] desired_size: 512KB slow allocs: 0  refill waste: 8192B alloc: 0.02571       39KB refills: 1 waste  0.0% gc: 0B slow: 0B
[0.062s][debug][gc,nmethod           ] Register NMethod: jdk.internal.util.ArraysSupport.vectorizedHashCode [0x00007faa985d8208] (c1)
[0.063s][debug][gc,nmethod           ] Register NMethod: jdk.internal.util.ArraysSupport.hashCodeOfUnsigned [0x00007faa985d9608] (c1)
[0.063s][debug][gc                   ] should_start_gc (YOUNG)? available: 1018167296, soft_max_capacity: 1073741824, allocated: 1572864
[0.063s][debug][gc                   ] YOUNG: average GC time: 0.00 ms, allocation rate: 0 B/s
[0.063s][debug][gc,nmethod           ] Register NMethod: java.lang.String.equals [0x00007faa985d9a08] (c1)
[0.063s][debug][gc,nmethod           ] Register NMethod: java.util.Objects.equals [0x00007faa985da008] (c1)
[0.063s][debug][gc,nmethod           ] Register NMethod: java.lang.module.ModuleDescriptor.modsHashCode [0x00007faa985da388] (c1)
[0.063s][debug][gc,nmethod           ] Register NMethod: java.util.Set.of [0x00007faa985dab88] (c1)
[0.063s][debug][gc,nmethod           ] Register NMethod: java.lang.module.ModuleDescriptor$Exports.<init> [0x00007faa985dae88] (c1)
[0.063s][debug][gc,nmethod           ] Register NMethod: java.util.ImmutableCollections$SetN.iterator [0x00007faa985db208] (c1)
[0.063s][debug][gc,nmethod           ] Register NMethod: java.util.ImmutableCollections$SetN$SetNIterator.<init> [0x00007faa985db508] (c1)
[0.063s][debug][gc,nmethod           ] Register NMethod: java.util.ImmutableCollections$SetN$SetNIterator.hasNext [0x00007faa985db888] (c1)
[0.063s][debug][gc,nmethod           ] Register NMethod: java.lang.module.ModuleDescriptor$Exports.hashCode [0x00007faa985dbb88] (c1)
[0.063s][debug][gc,nmethod           ] Register NMethod: java.util.Objects.requireNonNull [0x00007faa985dc108] (c1)
[0.063s][debug][gc,nmethod           ] Register NMethod: java.util.AbstractCollection.<init> [0x00007faa985dc488] (c1)
[0.063s][debug][gc,nmethod           ] Register NMethod: java.util.ImmutableCollections$AbstractImmutableCollection.<init> [0x00007faa985dc788] (c1)
[0.063s][debug][gc,nmethod           ] Register NMethod: java.util.ImmutableCollections$AbstractImmutableSet.<init> [0x00007faa985dca88] (c1)
[0.064s][debug][gc,nmethod           ] Register NMethod: java.lang.System.arraycopy [0x00007faaa01bd008] ()
[0.064s][debug][gc                   ] should_start_gc (YOUNG)? available: 1018167296, soft_max_capacity: 1073741824, allocated: 1572864
[0.064s][debug][gc                   ] YOUNG: average GC time: 0.00 ms, allocation rate: 0 B/s
[0.064s][debug][gc,nmethod           ] Register NMethod: java.util.Set.of [0x00007faa985dce08] (c1)
[0.064s][debug][gc,nmethod           ] Register NMethod: java.lang.String.coder [0x00007faa985dd908] (c1)
[0.064s][debug][gc,nmethod           ] Register NMethod: java.lang.String.length [0x00007faa985ddc08] (c1)
[0.064s][debug][gc,nmethod           ] Register NMethod: java.lang.module.ModuleReference.descriptor [0x00007faaa01bd308] (c1)
[0.064s][debug][gc,nmethod           ] Register NMethod: java.lang.module.ModuleDescriptor.name [0x00007faaa01bd608] (c1)
[0.064s][debug][gc,nmethod           ] Register NMethod: jdk.internal.misc.Unsafe.getReferenceVolatile [0x00007faaa01bd908] ()
[0.064s][trace][gc,metaspace,freelist] allowed expansion words: 2736128 (left_until_max: 2305843009213677567, left_until_GC: 2736128.
[0.065s][debug][gc,nmethod           ] Register NMethod: java.lang.String.charAt [0x00007faa985de008] (c1)
[0.065s][debug][gc,nmethod           ] Register NMethod: java.lang.StringLatin1.charAt [0x00007faa985de688] (c1)
[0.065s][debug][gc                   ] should_start_gc (YOUNG)? available: 1018167296, soft_max_capacity: 1073741824, allocated: 1572864
[0.065s][debug][gc                   ] YOUNG: average GC time: 0.00 ms, allocation rate: 0 B/s
[0.065s][debug][gc,nmethod           ] Register NMethod: java.lang.String.checkIndex [0x00007faa985de988] (c1)
[0.065s][debug][gc,nmethod           ] Register NMethod: jdk.internal.util.Preconditions.checkIndex [0x00007faa985dec88] (c1)
[0.065s][debug][gc,nmethod           ] Register NMethod: jdk.internal.misc.Unsafe.compareAndSetLong [0x00007faaa01bdf88] ()
[0.065s][debug][gc,nmethod           ] Register NMethod: jdk.internal.misc.Unsafe.compareAndSetReference [0x00007faaa01be288] ()
[0.065s][debug][gc,nmethod           ] Register NMethod: java.util.concurrent.ConcurrentHashMap.tabAt [0x00007faa985def88] (c1)
[0.065s][debug][gc,nmethod           ] Register NMethod: java.util.ImmutableCollections$SetN$SetNIterator.next [0x00007faa985df488] (c1)
[0.066s][debug][gc,nmethod           ] Register NMethod: jdk.internal.misc.Unsafe.getReferenceAcquire [0x00007faa985dfa08] (c1)
[0.066s][debug][gc,nmethod           ] Register NMethod: java.util.concurrent.ConcurrentHashMap.spread [0x00007faa985dfd08] (c1)
[0.066s][debug][gc,nmethod           ] Register NMethod: java.util.KeyValueHolder.getKey [0x00007faaa01be588] (c1)
[0.066s][debug][gc,nmethod           ] Register NMethod: jdk.internal.util.ArraysSupport.unsignedHashCode [0x00007faaa01be888] (c2)
[0.066s][debug][gc,nmethod           ] Register NMethod: java.util.KeyValueHolder.getValue [0x00007faaa01beb88] (c1)
[0.066s][debug][gc,nmethod           ] Register NMethod: java.lang.Object.hashCode [0x00007faaa01bee88] ()
[0.066s][debug][gc                   ] should_start_gc (YOUNG)? available: 1018167296, soft_max_capacity: 1073741824, allocated: 1572864
[0.066s][debug][gc                   ] YOUNG: average GC time: 0.00 ms, allocation rate: 0 B/s
[0.066s][debug][gc,nmethod           ] Register NMethod: java.lang.Byte.toUnsignedInt [0x00007faaa01bf188] (c2)
[0.066s][debug][gc,nmethod           ] Register NMethod: java.util.ImmutableCollections$MapN.probe [0x00007faa985e0008] (c1)
[0.066s][debug][gc,nmethod           ] Register NMethod: java.lang.Object.<init> [0x00007faaa01bf488] (c2)
[0.066s][debug][gc,nmethod           ] Register NMethod: java.util.ImmutableCollections$MapN.get [0x00007faa985e0808] (c1)
[0.067s][debug][gc,nmethod           ] Register NMethod: java.util.KeyValueHolder.<init> [0x00007faa985e0e08] (c1)
[0.067s][debug][gc,nmethod           ] Register NMethod: jdk.internal.module.ModuleReferenceImpl.hashCode [0x00007faa985e1488] (c1)
[0.067s][debug][gc,nmethod           ] Register NMethod: java.util.concurrent.ConcurrentHashMap$Node.<init> [0x00007faa985e1c08] (c1)
[0.067s][debug][gc                   ] should_start_gc (YOUNG)? available: 1018167296, soft_max_capacity: 1073741824, allocated: 1572864
[0.067s][debug][gc                   ] YOUNG: average GC time: 0.00 ms, allocation rate: 0 B/s
[0.067s][trace][gc,tlab              ] ThreadLocalAllocBuffer::compute_size(14) returns 65536
[0.067s][debug][gc                   ] Using new region (1941) for TLAB (0x00007faa542044f0).
[0.067s][debug][gc                   ] Setting affiliation of Region 1941 from FREE to YOUNG, top: 0x00000000fca80000, TAMS: 0x00000000fca80000, watermark: 0x00000000fca80000, top_bitmap: 0x00000000fca80000
[0.067s][debug][gc                   ] Using new region (1941) for TLAB (0x00007faa542044f0).
[0.067s][trace][gc,tlab              ] TLAB: fill thread: 0x00007fa9940620b0 [id: 19842] desired_size: 512KB slow allocs: 0  refill waste: 8192B alloc: 0.02571       53KB refills: 1 waste  0.0% gc: 0B slow: 0B
[0.067s][debug][gc,nmethod           ] Register NMethod: java.util.concurrent.ConcurrentHashMap.putVal [0x00007faa985e1f88] (c1)
[0.067s][debug][gc,nmethod           ] Register NMethod: java.util.concurrent.ConcurrentHashMap.putIfAbsent [0x00007faa985e3f88] (c1)
[0.068s][debug][gc,nmethod           ] Register NMethod: java.util.HashMap.hash [0x00007faa985e4288] (c1)
[0.068s][debug][gc,nmethod           ] Register NMethod: java.util.concurrent.ConcurrentHashMap.addCount [0x00007faa985e4608] (c1)
[0.068s][debug][gc,nmethod           ] Register NMethod: java.lang.Module.addExportsToAll0 [0x00007faaa01bf788] ()
[0.068s][debug][gc,nmethod           ] Register NMethod: java.util.concurrent.ConcurrentHashMap.casTabAt [0x00007faa985e5308] (c1)
[0.068s][debug][gc,nmethod           ] Register NMethod: java.lang.Module.addExports0 [0x00007faaa01bfa88] ()
[0.068s][debug][gc,nmethod           ] Register NMethod: java.util.HashMap.newNode [0x00007faa985e5608] (c1)
[0.068s][debug][gc                   ] should_start_gc (YOUNG)? available: 1017643008, soft_max_capacity: 1073741824, allocated: 2097152
[0.068s][debug][gc                   ] YOUNG: average GC time: 0.00 ms, allocation rate: 0 B/s
[0.068s][debug][gc,nmethod           ] Register NMethod: java.util.HashMap$Node.<init> [0x00007faa985e5a88] (c1)
[0.068s][debug][gc,nmethod           ] Register NMethod: java.util.HashMap.afterNodeInsertion [0x00007faa985e5e88] (c1)
[0.068s][debug][gc,nmethod           ] Register NMethod: java.util.HashMap.getNode [0x00007faa985e6188] (c1)
[0.068s][debug][gc,nmethod           ] Register NMethod: java.util.HashMap.put [0x00007faa985e7008] (c1)
[0.068s][debug][gc,nmethod           ] Register NMethod: java.lang.Module.addReads0 [0x00007faaa01bfd88] ()
[0.068s][debug][gc,nmethod           ] Register NMethod: java.util.HashMap.get [0x00007faa985e7508] (c1)
[0.068s][debug][gc,nmethod           ] Register NMethod: java.lang.module.ModuleDescriptor$Exports.source [0x00007faaa01c0088] (c1)
[0.068s][debug][gc,nmethod           ] Register NMethod: java.util.HashMap.putVal [0x00007faa985e7888] (c1)
[0.068s][debug][gc,nmethod           ] Register NMethod: java.util.ImmutableCollections$Set12$1.hasNext [0x00007faa985e8d08] (c1)
[0.068s][trace][gc,tlab              ] ThreadLocalAllocBuffer::compute_size(10) returns 65536
[0.068s][debug][gc                   ] Using new region (1940) for TLAB (0x00007faab76e30f0).
[0.068s][debug][gc                   ] Setting affiliation of Region 1940 from FREE to YOUNG, top: 0x00000000fca00000, TAMS: 0x00000000fca00000, watermark: 0x00000000fca00000, top_bitmap: 0x00000000fca00000
[0.068s][debug][gc                   ] Using new region (1940) for TLAB (0x00007faab76e30f0).
[0.068s][trace][gc,tlab              ] TLAB: fill thread: 0x00007faab001e7d0 [id: 19798] desired_size: 512KB slow allocs: 0  refill waste: 8192B alloc: 0.02571       66KB refills: 2 waste  0.1% gc: 0B slow: 576B
[0.068s][debug][gc,nmethod           ] Register NMethod: java.lang.module.ResolvedModule.reference [0x00007faaa01c0388] (c1)
[0.068s][debug][gc,nmethod           ] Register NMethod: java.lang.module.ResolvedModule.name [0x00007faa985e9008] (c1)
[0.069s][debug][gc,nmethod           ] Register NMethod: java.lang.AbstractStringBuilder.length [0x00007faaa01c0688] (c1)
[0.069s][debug][gc,nmethod           ] Register NMethod: java.lang.String.getBytes [0x00007faa985e9408] (c1)
[0.069s][debug][gc,nmethod           ] Register NMethod: java.util.HashSet.add [0x00007faa985e9988] (c1)
[0.069s][debug][gc,nmethod           ] Register NMethod: java.util.ImmutableCollections$Set12$1.<init> [0x00007faa985e9d08] (c1)
[0.069s][debug][gc,nmethod           ] Register NMethod: java.util.ImmutableCollections$Set12.iterator [0x00007faa985ea108] (c1)
[0.069s][debug][gc,nmethod           ] Register NMethod: java.lang.module.ResolvedModule.configuration [0x00007faaa01c0988] (c1)
[0.069s][debug][gc,nmethod           ] Register NMethod: java.util.HashMap.<init> [0x00007faa985ea588] (c1)
[0.069s][debug][gc,nmethod           ] Register NMethod: java.util.ImmutableCollections$Set12.isEmpty [0x00007faaa01c0c88] (c1)
[0.069s][debug][gc,nmethod           ] Register NMethod: java.lang.module.ModuleDescriptor$Exports.targets [0x00007faaa01c0f88] (c1)
[0.069s][debug][gc,nmethod           ] Register NMethod: java.lang.module.ModuleDescriptor.isAutomatic [0x00007faaa01c1288] (c1)
[0.069s][debug][gc,nmethod           ] Register NMethod: jdk.internal.vm.Continuation.enterSpecial [0x00007faaa01c1588] ()
[0.069s][debug][gc,nmethod           ] Register NMethod: jdk.internal.vm.Continuation.doYield [0x00007faaa01c1908] ()
[0.069s][debug][gc                   ] should_start_gc (YOUNG)? available: 1017118720, soft_max_capacity: 1073741824, allocated: 2621440
[0.069s][debug][gc                   ] YOUNG: average GC time: 0.00 ms, allocation rate: 0 B/s
[0.069s][debug][gc,nmethod           ] Register NMethod: java.util.HashMap.resize [0x00007faa985ea888] (c1)
[0.070s][debug][gc,nmethod           ] Register NMethod: jdk.internal.misc.Unsafe.getLong [0x00007faaa01c1c08] ()
[0.070s][debug][gc                   ] should_start_gc (YOUNG)? available: 1017118720, soft_max_capacity: 1073741824, allocated: 2621440
[0.070s][debug][gc                   ] YOUNG: average GC time: 0.00 ms, allocation rate: 0 B/s
[0.070s][debug][gc,nmethod           ] Register NMethod: java.lang.StringLatin1.indexOfChar [0x00007faa985ebf08] (c1)
[0.070s][debug][gc,nmethod           ] Register NMethod: java.lang.Math.min [0x00007faa985ec288] (c1)
[0.071s][trace][gc,tlab              ] ThreadLocalAllocBuffer::compute_size(25) returns 65536
[0.071s][debug][gc                   ] Using new region (1939) for TLAB (0x00007fa9ffc2ed50).
[0.071s][debug][gc                   ] Setting affiliation of Region 1939 from FREE to YOUNG, top: 0x00000000fc980000, TAMS: 0x00000000fc980000, watermark: 0x00000000fc980000, top_bitmap: 0x00000000fc980000
[0.071s][debug][gc                   ] Using new region (1939) for TLAB (0x00007fa9ffc2ed50).
[0.071s][trace][gc,tlab              ] TLAB: fill thread: 0x00007faab020bff0 [id: 19845] desired_size: 512KB slow allocs: 0  refill waste: 8192B alloc: 0.02571       79KB refills: 1 waste  0.0% gc: 0B slow: 0B
[0.071s][debug][gc                   ] should_start_gc (YOUNG)? available: 1016594432, soft_max_capacity: 1073741824, allocated: 3145728
[0.071s][debug][gc                   ] YOUNG: average GC time: 0.00 ms, allocation rate: 0 B/s
[0.071s][trace][gc,metaspace,freelist] allowed expansion words: 2727936 (left_until_max: 2305843009213669375, left_until_GC: 2727936.
[0.072s][debug][gc                   ] should_start_gc (YOUNG)? available: 1016594432, soft_max_capacity: 1073741824, allocated: 3145728
[0.072s][debug][gc                   ] YOUNG: average GC time: 0.00 ms, allocation rate: 0 B/s
[0.073s][debug][gc,nmethod           ] Register NMethod: jdk.internal.misc.Unsafe.getByte [0x00007faaa01c1f08] ()
[0.073s][debug][gc,nmethod           ] Register NMethod: jdk.internal.misc.Unsafe.toUnsignedInt [0x00007faa985ec588] (c1)
[0.073s][debug][gc,nmethod           ] Register NMethod: jdk.internal.misc.Unsafe.pickPos [0x00007faa985ec888] (c1)
[0.073s][debug][gc,nmethod           ] Register NMethod: jdk.internal.misc.Unsafe.getShort [0x00007faaa01c2208] ()
[0.073s][debug][gc,nmethod           ] Register NMethod: java.util.zip.ZipUtils.get16 [0x00007faa985ecb88] (c1)
[0.073s][debug][gc,nmethod           ] Register NMethod: jdk.internal.misc.Unsafe.getShortUnaligned [0x00007faa985ed008] (c1)
[0.073s][debug][gc,nmethod           ] Register NMethod: jdk.internal.misc.Unsafe.getShortUnaligned [0x00007faa985ed388] (c1)
[0.073s][debug][gc,nmethod           ] Register NMethod: java.lang.Short.toUnsignedInt [0x00007faa985ed888] (c1)
[0.073s][debug][gc,nmethod           ] Register NMethod: jdk.internal.misc.Unsafe.convEndian [0x00007faa985edb88] (c1)
[0.073s][debug][gc,nmethod           ] Register NMethod: jdk.internal.misc.Unsafe.getInt [0x00007faaa01c2508] ()
[0.073s][debug][gc,nmethod           ] Register NMethod: java.util.zip.ZipUtils.get32 [0x00007faa985ede88] (c1)
[0.073s][debug][gc,nmethod           ] Register NMethod: jdk.internal.misc.Unsafe.getIntUnaligned [0x00007faa985ee308] (c1)
[0.073s][debug][gc,nmethod           ] Register NMethod: jdk.internal.misc.Unsafe.getIntUnaligned [0x00007faa985ee708] (c1)
[0.073s][debug][gc,nmethod           ] Register NMethod: java.lang.Integer.toUnsignedLong [0x00007faa985eed08] (c1)
[0.073s][debug][gc,nmethod           ] Register NMethod: jdk.internal.misc.Unsafe.convEndian [0x00007faa985ef008] (c1)
[0.073s][debug][gc,nmethod           ] Register NMethod: java.util.zip.ZipCoder$UTF8ZipCoder.isUTF8 [0x00007faaa01c2808] (c1)
[0.073s][debug][gc,nmethod           ] Register NMethod: java.lang.StringCoding.countPositives [0x00007faa985ef308] (c1)
[0.073s][debug][gc                   ] should_start_gc (YOUNG)? available: 1016594432, soft_max_capacity: 1073741824, allocated: 3145728
[0.073s][debug][gc                   ] YOUNG: average GC time: 0.00 ms, allocation rate: 0 B/s
[0.073s][debug][gc,nmethod           ] Register NMethod: java.util.zip.ZipUtils.CENCOM [0x00007faa985ef688] (c1)
[0.073s][debug][gc,nmethod           ] Register NMethod: java.util.zip.ZipUtils.CENEXT [0x00007faa985ef988] (c1)
[0.073s][debug][gc,nmethod           ] Register NMethod: java.util.zip.ZipUtils.CENSIG [0x00007faa985efc88] (c1)
[0.073s][debug][gc,nmethod           ] Register NMethod: java.util.zip.ZipUtils.CENHOW [0x00007faa985eff88] (c1)
[0.073s][debug][gc,nmethod           ] Register NMethod: java.util.zip.ZipUtils.CENFLG [0x00007faa985f0288] (c1)
[0.074s][debug][gc,nmethod           ] Register NMethod: java.util.zip.ZipUtils.CENNAM [0x00007faa985f0588] (c1)
[0.074s][debug][gc,nmethod           ] Register NMethod: java.util.zip.ZipUtils.CENLEN [0x00007faa985f0888] (c1)
[0.074s][debug][gc,nmethod           ] Register NMethod: java.util.zip.ZipUtils.CENOFF [0x00007faa985f0b88] (c1)
[0.074s][debug][gc,nmethod           ] Register NMethod: java.util.zip.ZipUtils.CENDSK [0x00007faa985f0e88] (c1)
[0.074s][debug][gc,nmethod           ] Register NMethod: java.util.zip.ZipFile$Source.zipCoderForPos [0x00007faa985f1188] (c1)
[0.074s][debug][gc,nmethod           ] Register NMethod: java.lang.System$2.countPositives [0x00007faa985f1788] (c1)
[0.074s][debug][gc,nmethod           ] Register NMethod: java.util.zip.ZipCoder$UTF8ZipCoder.checkedHash [0x00007faa985f1b88] (c1)
[0.074s][debug][gc,nmethod           ] Register NMethod: java.util.zip.ZipFile$Source.isMetaName [0x00007faa985f2188] (c1)
[0.074s][debug][gc,nmethod           ] Register NMethod: java.util.zip.ZipUtils.CENSIZ [0x00007faa985f2788] (c1)
[0.074s][debug][gc,nmethod           ] Register NMethod: java.util.zip.ZipFile$Source.nextEntryPos [0x00007faa985f2a88] (c1)
[0.074s][debug][gc,nmethod           ] Register NMethod: java.util.zip.ZipUtils.get16 [0x00007faaa01c2b08] (c2)
[0.074s][debug][gc                   ] should_start_gc (YOUNG)? available: 1016594432, soft_max_capacity: 1073741824, allocated: 3145728
[0.074s][debug][gc                   ] YOUNG: average GC time: 0.00 ms, allocation rate: 0 B/s
[0.074s][debug][gc,nmethod           ] Register NMethod: java.util.zip.ZipFile$Source.checkAndAddEntry [0x00007faa985f2f08] (c1)
[0.075s][debug][gc                   ] should_start_gc (YOUNG)? available: 1016594432, soft_max_capacity: 1073741824, allocated: 3145728
[0.075s][debug][gc                   ] YOUNG: average GC time: 0.00 ms, allocation rate: 0 B/s
[0.076s][debug][gc,nmethod           ] Register NMethod: java.lang.AbstractStringBuilder.ensureCapacityInternal [0x00007faa985f4e88] (c1)
[0.076s][debug][gc,nmethod           ] Register NMethod: java.lang.StringCoding.countPositives [0x00007faaa01c2e08] (c2)
[0.076s][debug][gc                   ] should_start_gc (YOUNG)? available: 1016594432, soft_max_capacity: 1073741824, allocated: 3145728
[0.076s][debug][gc                   ] YOUNG: average GC time: 0.00 ms, allocation rate: 0 B/s
[0.077s][debug][gc,nmethod           ] Register NMethod: jdk.internal.misc.Unsafe.getShortUnaligned [0x00007faaa01c3108] (c2)
[0.077s][debug][gc,nmethod           ] Register NMethod: java.util.zip.ZipUtils.get32 [0x00007faaa01c3408] (c2)
[0.077s][debug][gc,nmethod           ] Register NMethod: jdk.internal.misc.Unsafe.getIntUnaligned [0x00007faaa01c3708] (c2)
[0.078s][debug][gc                   ] should_start_gc (YOUNG)? available: 1016594432, soft_max_capacity: 1073741824, allocated: 3145728
[0.078s][debug][gc                   ] YOUNG: average GC time: 0.00 ms, allocation rate: 0 B/s
[0.078s][trace][gc,metaspace,freelist] allowed expansion words: 2719744 (left_until_max: 2305843009213661183, left_until_GC: 2719744.
[0.078s][trace][gc,metaspace,freelist] allowed expansion words: 2711552 (left_until_max: 2305843009213652991, left_until_GC: 2711552.
[0.078s][debug][gc,nmethod           ] Register NMethod: java.lang.Math.max [0x00007faa985f5288] (c1)
[0.078s][debug][gc,nmethod           ] Register NMethod: jdk.internal.misc.Unsafe.getLongUnaligned [0x00007faa985f5588] (c1)
[0.078s][debug][gc,nmethod           ] Register NMethod: java.lang.StringLatin1.canEncode [0x00007faa985f5b08] (c1)
[0.079s][trace][gc,metaspace,freelist] allowed expansion words: 2703360 (left_until_max: 2305843009213644799, left_until_GC: 2703360.
[0.079s][debug][gc                   ] should_start_gc (YOUNG)? available: 1016594432, soft_max_capacity: 1073741824, allocated: 3145728
[0.079s][debug][gc                   ] YOUNG: average GC time: 0.00 ms, allocation rate: 0 B/s
[0.079s][debug][gc,nmethod           ] Register NMethod: java.lang.String.isEmpty [0x00007faa985f5e08] (c1)
[0.080s][debug][gc                   ] should_start_gc (YOUNG)? available: 1016594432, soft_max_capacity: 1073741824, allocated: 3145728
[0.080s][debug][gc                   ] YOUNG: average GC time: 0.00 ms, allocation rate: 0 B/s
[0.080s][trace][gc,metaspace,freelist] allowed expansion words: 2695168 (left_until_max: 2305843009213636607, left_until_GC: 2695168.
[0.081s][debug][gc                   ] should_start_gc (YOUNG)? available: 1016594432, soft_max_capacity: 1073741824, allocated: 3145728
[0.081s][debug][gc                   ] YOUNG: average GC time: 0.00 ms, allocation rate: 0 B/s
[0.081s][debug][gc,nmethod           ] Register NMethod: java.lang.Class.isPrimitive [0x00007faaa01c3a08] ()
[0.082s][debug][gc,nmethod           ] Register NMethod: java.lang.invoke.MethodHandle.linkToStatic [0x00007faaa01c3d08] ()
[0.082s][debug][gc                   ] should_start_gc (YOUNG)? available: 1016594432, soft_max_capacity: 1073741824, allocated: 3145728
[0.082s][debug][gc                   ] YOUNG: average GC time: 0.00 ms, allocation rate: 0 B/s
[0.082s][trace][gc,tlab              ] ThreadLocalAllocBuffer::compute_size(4) returns 65536
[0.082s][debug][gc                   ] Using new region (1938) for TLAB (0x00007faab76e3070).
[0.082s][debug][gc                   ] Setting affiliation of Region 1938 from FREE to YOUNG, top: 0x00000000fc900000, TAMS: 0x00000000fc900000, watermark: 0x00000000fc900000, top_bitmap: 0x00000000fc900000
[0.082s][debug][gc                   ] Using new region (1938) for TLAB (0x00007faab76e3070).
[0.082s][trace][gc,tlab              ] TLAB: fill thread: 0x00007faab001e7d0 [id: 19798] desired_size: 512KB slow allocs: 0  refill waste: 8192B alloc: 0.02571       92KB refills: 3 waste  0.1% gc: 0B slow: 1176B
[0.082s][debug][gc,nmethod           ] Register NMethod: java.lang.Enum.ordinal [0x00007faaa01c4008] (c1)
[0.083s][debug][gc,nmethod           ] Register NMethod: java.lang.invoke.MethodHandle.linkToStatic [0x00007faaa01c4308] ()
[0.083s][debug][gc,nmethod           ] Register NMethod: java.lang.invoke.MethodHandle.invokeBasic [0x00007faaa01c4608] ()
[0.083s][debug][gc                   ] should_start_gc (YOUNG)? available: 1016070144, soft_max_capacity: 1073741824, allocated: 3670016
[0.083s][debug][gc                   ] YOUNG: average GC time: 0.00 ms, allocation rate: 0 B/s
[0.084s][debug][gc,nmethod           ] Register NMethod: java.lang.Enum.<init> [0x00007faa985f6108] (c1)
[0.084s][debug][gc                   ] should_start_gc (YOUNG)? available: 1016070144, soft_max_capacity: 1073741824, allocated: 3670016
[0.084s][debug][gc                   ] YOUNG: average GC time: 0.00 ms, allocation rate: 0 B/s
[0.085s][debug][gc                   ] should_start_gc (YOUNG)? available: 1016070144, soft_max_capacity: 1073741824, allocated: 3670016
[0.085s][debug][gc                   ] YOUNG: average GC time: 0.00 ms, allocation rate: 0 B/s
[0.086s][debug][gc                   ] should_start_gc (YOUNG)? available: 1016070144, soft_max_capacity: 1073741824, allocated: 3670016
[0.086s][debug][gc                   ] YOUNG: average GC time: 0.00 ms, allocation rate: 0 B/s
[0.086s][debug][gc,nmethod           ] Register NMethod: java.lang.invoke.MethodHandle.linkToSpecial [0x00007faaa01c4a88] ()
[0.086s][debug][gc,nmethod           ] Register NMethod: java.lang.invoke.MethodHandle.invokeBasic [0x00007faaa01c4d88] ()
[0.087s][debug][gc,nmethod           ] Register NMethod: java.lang.invoke.MethodHandle.linkToStatic [0x00007faaa01c5208] ()
[0.087s][debug][gc,nmethod           ] Register NMethod: java.lang.invoke.MethodHandle.linkToStatic [0x00007faaa01c5508] ()
[0.087s][debug][gc,nmethod           ] Register NMethod: jdk.internal.util.StrongReferenceKey.get [0x00007faaa01c5808] (c1)
[0.087s][debug][gc,nmethod           ] Register NMethod: java.util.concurrent.ConcurrentHashMap.get [0x00007faa985f6408] (c1)
[0.087s][debug][gc,nmethod           ] Register NMethod: java.lang.Class.isArray [0x00007faaa01c5b08] ()
[0.087s][debug][gc,nmethod           ] Register NMethod: java.lang.String.startsWith [0x00007faa985f7208] (c1)
[0.087s][debug][gc                   ] should_start_gc (YOUNG)? available: 1016070144, soft_max_capacity: 1073741824, allocated: 3670016
[0.087s][debug][gc                   ] YOUNG: average GC time: 0.00 ms, allocation rate: 0 B/s
[0.087s][debug][gc,nmethod           ] Register NMethod: java.lang.Object.clone [0x00007faaa01c5e08] ()
[0.088s][trace][gc,metaspace,freelist] allowed expansion words: 2686976 (left_until_max: 2305843009213628415, left_until_GC: 2686976.
[0.088s][debug][gc,nmethod           ] Register NMethod: java.lang.AbstractStringBuilder.inflateIfNeededFor [0x00007faa985f7f08] (c1)
[0.088s][debug][gc,nmethod           ] Register NMethod: java.lang.AbstractStringBuilder.putStringAt [0x00007faa985f8308] (c1)
[0.088s][debug][gc,nmethod           ] Register NMethod: jdk.internal.classfile.impl.AbstractPoolEntry.index [0x00007faaa01c6488] (c1)
[0.088s][debug][gc                   ] should_start_gc (YOUNG)? available: 1016070144, soft_max_capacity: 1073741824, allocated: 3670016
[0.088s][debug][gc                   ] YOUNG: average GC time: 0.00 ms, allocation rate: 0 B/s
[0.088s][debug][gc,nmethod           ] Register NMethod: java.lang.invoke.MethodHandle.linkToSpecial [0x00007faaa01c6788] ()
[0.088s][debug][gc,nmethod           ] Register NMethod: java.lang.invoke.MethodType.returnType [0x00007faaa01c6a88] (c1)
[0.089s][debug][gc,nmethod           ] Register NMethod: java.lang.Number.<init> [0x00007faa985f8908] (c1)
[0.089s][debug][gc,nmethod           ] Register NMethod: java.lang.Byte.<init> [0x00007faa985f8c08] (c1)
[0.089s][debug][gc,nmethod           ] Register NMethod: java.lang.Short.<init> [0x00007faa985f8f08] (c1)
[0.089s][debug][gc,nmethod           ] Register NMethod: java.lang.Long.<init> [0x00007faa985f9208] (c1)
[0.089s][debug][gc,nmethod           ] Register NMethod: java.lang.StringLatin1.indexOf [0x00007faa985f9508] (c1)
[0.089s][debug][gc                   ] should_start_gc (YOUNG)? available: 1016070144, soft_max_capacity: 1073741824, allocated: 3670016
[0.089s][debug][gc                   ] YOUNG: average GC time: 0.00 ms, allocation rate: 0 B/s
For random generator using seed: [0.090s][debug][gc,nmethod           ] Register NMethod: sun.util.locale.LocaleUtils.isUpper [0x00007faa985f9a08] (c1)
[0.090s][debug][gc,nmethod           ] Register NMethod: java.lang.ref.ReferenceQueue.headIsNull [0x00007faa985f9d08] (c1)
[0.090s][debug][gc                   ] should_start_gc (YOUNG)? available: 1016070144, soft_max_capacity: 1073741824, allocated: 3670016
[0.090s][debug][gc                   ] YOUNG: average GC time: 0.00 ms, allocation rate: 0 B/s
[0.090s][debug][gc,nmethod           ] Register NMethod: java.util.HashMap.put [0x00007faa985fa008] (c1)
[0.090s][debug][gc,nmethod           ] Register NMethod: java.util.HashMap.putVal [0x00007faa985fa508] (c1)
[0.090s][debug][gc,nmethod           ] Register NMethod: java.util.Arrays.copyOfRange [0x00007faa985fbb88] (c1)
[0.091s][debug][gc,nmethod           ] Register NMethod: java.util.HashMap.get [0x00007faa985fcb08] (c1)
[0.091s][debug][gc,nmethod           ] Register NMethod: java.util.Objects.requireNonNull [0x00007faa985fce88] (c1)
[0.091s][debug][gc,nmethod           ] Register NMethod: jdk.internal.util.ReferencedKeyMap.removeStaleReferences [0x00007faa985fd208] (c1)
[0.091s][debug][gc,nmethod           ] Register NMethod: java.lang.invoke.MethodHandle.linkToStatic [0x00007faaa01c6d88] ()
[0.091s][debug][gc                   ] should_start_gc (YOUNG)? available: 1016070144, soft_max_capacity: 1073741824, allocated: 3670016
[0.091s][debug][gc                   ] YOUNG: average GC time: 0.00 ms, allocation rate: 0 B/s
[0.092s][debug][gc,nmethod           ] Register NMethod: java.lang.String.hashCode [0x00007faaa01c7088] (c2)
[0.092s][debug][gc,nmethod           ] Register NMethod: java.lang.StringBuilder.append [0x00007faa985fd788] (c1)
[0.092s][debug][gc,nmethod           ] Register NMethod: java.lang.String.indexOf [0x00007faa985fda88] (c1)
[0.092s][debug][gc,nmethod           ] Register NMethod: java.lang.AbstractStringBuilder.append [0x00007faa985fe388] (c1)
[0.092s][debug][gc,nmethod           ] Register NMethod: java.lang.ref.Reference.reachabilityFence [0x00007faa985fed08] (c1)
[0.092s][debug][gc                   ] should_start_gc (YOUNG)? available: 1016070144, soft_max_capacity: 1073741824, allocated: 3670016
[0.092s][debug][gc                   ] YOUNG: average GC time: 0.00 ms, allocation rate: 0 B/s
[0.092s][debug][gc,nmethod           ] Register NMethod: java.lang.String.<init> [0x00007faa985ff008] (c1)
[0.093s][debug][gc,nmethod           ] Register NMethod: java.lang.ref.NativeReferenceQueue.poll [0x00007faa985ff308] (c1)
[0.093s][debug][gc,nmethod           ] Register NMethod: java.lang.invoke.MethodHandle.linkToSpecial [0x00007faaa01c7588] ()
[0.093s][debug][gc,nmethod           ] Register NMethod: java.lang.invoke.MethodHandle.invokeBasic [0x00007faaa01c7888] ()
[0.093s][debug][gc,nmethod           ] Register NMethod: java.lang.invoke.MethodHandle.linkToSpecial [0x00007faaa01c7d08] ()
[0.093s][debug][gc,nmethod           ] Register NMethod: jdk.internal.util.StrongReferenceKey.<init> [0x00007faa985ffa08] (c1)
[0.093s][debug][gc,nmethod           ] Register NMethod: java.lang.invoke.MethodHandle.linkToStatic [0x00007faaa01c8008] ()
[0.093s][debug][gc,nmethod           ] Register NMethod: jdk.internal.util.ReferencedKeyMap.lookupKey [0x00007faa985ffd08] (c1)
[0.093s][debug][gc,nmethod           ] Register NMethod: jdk.internal.util.StrongReferenceKey.hashCode [0x00007faa98600108] (c1)
[0.093s][debug][gc,nmethod           ] Register NMethod: java.lang.invoke.MemberName.getDeclaringClass [0x00007faaa01c8308] (c1)
[0.093s][debug][gc,nmethod           ] Register NMethod: java.lang.System.allowSecurityManager [0x00007faa98600508] (c1)
[0.093s][debug][gc,nmethod           ] Register NMethod: java.lang.System.getSecurityManager [0x00007faa98600808] (c1)
[0.093s][debug][gc,nmethod           ] Register NMethod: java.lang.invoke.MethodHandle.linkToSpecial [0x00007faaa01c8608] ()
[0.093s][debug][gc,nmethod           ] Register NMethod: java.util.Objects.hashCode [0x00007faa98600b08] (c1)
[0.093s][debug][gc,nmethod           ] Register NMethod: java.lang.invoke.MethodHandle.invokeBasic [0x00007faaa01c8908] ()
[0.093s][debug][gc,nmethod           ] Register NMethod: java.lang.invoke.MethodType.hashCode [0x00007faa98600e88] (c1)
[0.093s][debug][gc,nmethod           ] Register NMethod: java.lang.invoke.MethodHandle.linkToSpecial [0x00007faaa01c8d88] ()
[0.093s][debug][gc                   ] should_start_gc (YOUNG)? available: 1016070144, soft_max_capacity: 1073741824, allocated: 3670016
[0.093s][debug][gc                   ] YOUNG: average GC time: 0.00 ms, allocation rate: 0 B/s
[0.094s][debug][gc,nmethod           ] Register NMethod: java.util.regex.Pattern.lambda$Single$0 [0x00007faa98601488] (c1)
[0.094s][debug][gc,nmethod           ] Register NMethod: java.util.regex.Pattern$$Lambda/0x80000003e.is [0x00007faa98601788] (c1)
[0.094s][trace][gc,metaspace,freelist] allowed expansion words: 2678784 (left_until_max: 2305843009213620223, left_until_GC: 2678784.
[0.094s][debug][gc,nmethod           ] Register NMethod: jdk.internal.util.Preconditions.checkFromToIndex [0x00007faa98601a88] (c1)
[0.094s][debug][gc,nmethod           ] Register NMethod: java.lang.String.checkBoundsBeginEnd [0x00007faa98601d88] (c1)
[0.094s][debug][gc,nmethod           ] Register NMethod: java.util.regex.Pattern$BmpCharPropertyGreedy.match [0x00007faa98602108] (c1)
[0.094s][trace][gc,tlab              ] ThreadLocalAllocBuffer::compute_size(3) returns 65536
[0.094s][debug][gc                   ] Using new region (1937) for TLAB (0x00007faa54103570).
[0.094s][debug][gc                   ] Setting affiliation of Region 1937 from FREE to YOUNG, top: 0x00000000fc880000, TAMS: 0x00000000fc880000, watermark: 0x00000000fc880000, top_bitmap: 0x00000000fc880000
[0.094s][debug][gc                   ] Using new region (1937) for TLAB (0x00007faa54103570).
[0.094s][trace][gc,tlab              ] TLAB: fill thread: 0x00007fa994084ad0 [id: 19843] desired_size: 512KB slow allocs: 0  refill waste: 8192B alloc: 0.02571      105KB refills: 1 waste  0.0% gc: 0B slow: 0B
[0.094s][debug][gc,nmethod           ] Register NMethod: java.lang.String.isLatin1 [0x00007faaa01c9088] (c2)
[0.094s][debug][gc,nmethod           ] Register NMethod: java.lang.StringLatin1.newString [0x00007faa98602988] (c1)
[0.094s][debug][gc,nmethod           ] Register NMethod: java.util.regex.Matcher.checkMatch [0x00007faa98602e08] (c1)
[0.094s][debug][gc,nmethod           ] Register NMethod: java.util.regex.Matcher.hasMatch [0x00007faa98603288] (c1)
[0.094s][debug][gc,nmethod           ] Register NMethod: java.lang.String.substring [0x00007faa98603588] (c1)
[0.094s][debug][gc,nmethod           ] Register NMethod: java.lang.String.toString [0x00007faa98603f08] (c1)
[0.094s][debug][gc,nmethod           ] Register NMethod: java.util.ArrayList.add [0x00007faa98604208] (c1)
[0.094s][debug][gc,nmethod           ] Register NMethod: java.util.ArrayList.add [0x00007faa98604708] (c1)
[0.094s][debug][gc,nmethod           ] Register NMethod: java.util.regex.Pattern$Start.match [0x00007faa98604d08] (c1)
[0.094s][debug][gc,nmethod           ] Register NMethod: java.util.regex.Matcher.start [0x00007faa98605308] (c1)
[0.094s][debug][gc,nmethod           ] Register NMethod: java.lang.String.subSequence [0x00007faa98605808] (c1)
[0.095s][debug][gc,nmethod           ] Register NMethod: java.util.regex.Matcher.end [0x00007faa98605b08] (c1)
[0.095s][debug][gc,nmethod           ] Register NMethod: java.util.regex.Matcher.find [0x00007faa98606008] (c1)
[0.095s][debug][gc                   ] should_start_gc (YOUNG)? available: 1015545856, soft_max_capacity: 1073741824, allocated: 4194304
[0.095s][debug][gc                   ] YOUNG: average GC time: 0.00 ms, allocation rate: 0 B/s
[0.095s][debug][gc,nmethod           ] Register NMethod: java.util.regex.Matcher.search [0x00007faa98606508] (c1)
[0.095s][debug][gc,nmethod           ] Register NMethod: java.util.regex.Pattern$LastNode.match [0x00007faa98606e08] (c1)
[0.095s][debug][gc,nmethod           ] Register NMethod: java.lang.String.charAt [0x00007faaa01c9388] (c2)
[0.095s][debug][gc,nmethod           ] Register NMethod: java.lang.AbstractStringBuilder.getValue [0x00007faaa01c9688] (c1)
[0.095s][debug][gc,nmethod           ] Register NMethod: java.util.ImmutableCollections$SetN.<init> [0x00007faa98607188] (c1)
[0.096s][debug][gc,nmethod           ] Register NMethod: java.lang.invoke.MemberName.anyFlagSet [0x00007faa98608488] (c1)
[0.096s][debug][gc,nmethod           ] Register NMethod: java.lang.invoke.MemberName.isInvocable [0x00007faa98608788] (c1)
[0.096s][debug][gc                   ] should_start_gc (YOUNG)? available: 1015545856, soft_max_capacity: 1073741824, allocated: 4194304
[0.096s][debug][gc                   ] YOUNG: average GC time: 0.00 ms, allocation rate: 0 B/s
[0.096s][debug][gc,nmethod           ] Register NMethod: java.lang.invoke.MethodType.ptypes [0x00007faaa01c9988] (c1)
[0.096s][debug][gc,nmethod           ] Register NMethod: java.lang.invoke.MethodTypeForm.canonicalize [0x00007faa98608a88] (c1)
[0.096s][debug][gc,nmethod           ] Register NMethod: java.lang.StringBuilder.length [0x00007faa98609488] (c1)
[0.096s][debug][gc,nmethod           ] Register NMethod: java.lang.invoke.MethodHandle.linkToStatic [0x00007faaa01c9c88] ()
[0.096s][trace][gc,tlab              ] ThreadLocalAllocBuffer::compute_size(6) returns 65536
[0.096s][debug][gc                   ] Using new region (1936) for TLAB (0x00007faab76e3a50).
[0.096s][debug][gc                   ] Setting affiliation of Region 1936 from FREE to YOUNG, top: 0x00000000fc800000, TAMS: 0x00000000fc800000, watermark: 0x00000000fc800000, top_bitmap: 0x00000000fc800000
[0.096s][debug][gc                   ] Using new region (1936) for TLAB (0x00007faab76e3a50).
[0.096s][trace][gc,tlab              ] TLAB: fill thread: 0x00007faab001e7d0 [id: 19798] desired_size: 512KB slow allocs: 0  refill waste: 8192B alloc: 0.02571      118KB refills: 4 waste  0.1% gc: 0B slow: 1752B
[0.097s][debug][gc,nmethod           ] Register NMethod: java.lang.StringLatin1.lastIndexOf [0x00007faa98609788] (c1)
[0.097s][debug][gc,nmethod           ] Register NMethod: jdk.internal.util.ReferencedKeyMap.getNoCheckStale [0x00007faa98609d08] (c1)
[0.097s][debug][gc,nmethod           ] Register NMethod: java.lang.invoke.MethodType.form [0x00007faaa01c9f88] (c1)
[0.097s][debug][gc,nmethod           ] Register NMethod: jdk.internal.util.ReferencedKeyMap.get [0x00007faa9860a408] (c1)
[0.097s][debug][gc                   ] should_start_gc (YOUNG)? available: 1015021568, soft_max_capacity: 1073741824, allocated: 4718592
[0.097s][debug][gc                   ] YOUNG: average GC time: 0.00 ms, allocation rate: 0 B/s
[0.097s][debug][gc,nmethod           ] Register NMethod: java.lang.Class.getClassLoader [0x00007faa9860b008] (c1)
[0.098s][debug][gc                   ] should_start_gc (YOUNG)? available: 1015021568, soft_max_capacity: 1073741824, allocated: 4718592
[0.098s][debug][gc                   ] YOUNG: average GC time: 0.00 ms, allocation rate: 0 B/s
[0.098s][debug][gc,nmethod           ] Register NMethod: java.lang.StringUTF16.getChar [0x00007faa9860b408] (c1)
[0.098s][debug][gc,nmethod           ] Register NMethod: java.util.regex.Pattern$BmpCharPropertyGreedy.match [0x00007faaa01ca288] (c2)
[0.099s][debug][gc,nmethod           ] Register NMethod: java.lang.StringUTF16.getChar [0x00007faaa01ca808] (c2)
-5698883077588024244[0.099s][debug][gc,nmethod           ] Register NMethod: java.lang.AbstractStringBuilder.isLatin1 [0x00007faa9860b708] (c1)

[0.099s][debug][gc                   ] should_start_gc (YOUNG)? available: 1015021568, soft_max_capacity: 1073741824, allocated: 4718592
To re-run test with same seed value please add "-D[0.099s][debug][gc                   ] YOUNG: average GC time: 0.00 ms, allocation rate: 0 B/s
jdk.test.lib.random.seed=[0.099s][debug][gc,nmethod           ] Register NMethod: java.util.regex.Pattern$$Lambda/0x80000003e.is [0x00007faaa01cab08] (c2)
[0.099s][debug][gc,nmethod           ] Register NMethod: jdk.internal.misc.Unsafe.compareAndSetInt [0x00007faaa01cae08] ()
-5698883077588024244" to command line.
[0.099s][debug][gc                   ] Setting affiliation of Region 0 from FREE to YOUNG, top: 0x00000000c0000000, TAMS: 0x00000000c0000000, watermark: 0x00000000c0000000, top_bitmap: 0x00000000c0000000
[0.099s][debug][gc                   ] Setting affiliation of Region 1 from FREE to YOUNG, top: 0x00000000c0080000, TAMS: 0x00000000c0080000, watermark: 0x00000000c0080000, top_bitmap: 0x00000000c0080000
[0.099s][debug][gc                   ] Setting affiliation of Region 2 from FREE to YOUNG, top: 0x00000000c0100000, TAMS: 0x00000000c0100000, watermark: 0x00000000c0100000, top_bitmap: 0x00000000c0100000
[0.099s][debug][gc,nmethod           ] Register NMethod: java.util.HashMap.afterNodeInsertion [0x00007faaa01cb108] (c2)
[0.099s][debug][gc,nmethod           ] Register NMethod: java.lang.String.charAt [0x00007faa9860ba08] (c1)
[0.100s][debug][gc                   ] Setting affiliation of Region 3 from FREE to YOUNG, top: 0x00000000c0180000, TAMS: 0x00000000c0180000, watermark: 0x00000000c0180000, top_bitmap: 0x00000000c0180000
[0.100s][debug][gc                   ] Setting affiliation of Region 4 from FREE to YOUNG, top: 0x00000000c0200000, TAMS: 0x00000000c0200000, watermark: 0x00000000c0200000, top_bitmap: 0x00000000c0200000
[0.100s][debug][gc                   ] Setting affiliation of Region 5 from FREE to YOUNG, top: 0x00000000c0280000, TAMS: 0x00000000c0280000, watermark: 0x00000000c0280000, top_bitmap: 0x00000000c0280000
[0.100s][debug][gc                   ] Setting affiliation of Region 6 from FREE to YOUNG, top: 0x00000000c0300000, TAMS: 0x00000000c0300000, watermark: 0x00000000c0300000, top_bitmap: 0x00000000c0300000
[0.100s][debug][gc                   ] Setting affiliation of Region 7 from FREE to YOUNG, top: 0x00000000c0380000, TAMS: 0x00000000c0380000, watermark: 0x00000000c0380000, top_bitmap: 0x00000000c0380000
[0.100s][debug][gc                   ] should_start_gc (YOUNG)? available: 1010827264, soft_max_capacity: 1073741824, allocated: 8912896
[0.100s][debug][gc                   ] YOUNG: average GC time: 0.00 ms, allocation rate: 0 B/s
[0.100s][debug][gc                   ] Setting affiliation of Region 8 from FREE to YOUNG, top: 0x00000000c0400000, TAMS: 0x00000000c0400000, watermark: 0x00000000c0400000, top_bitmap: 0x00000000c0400000
[0.100s][debug][gc                   ] Setting affiliation of Region 9 from FREE to YOUNG, top: 0x00000000c0480000, TAMS: 0x00000000c0480000, watermark: 0x00000000c0480000, top_bitmap: 0x00000000c0480000
[0.100s][debug][gc                   ] Setting affiliation of Region 10 from FREE to YOUNG, top: 0x00000000c0500000, TAMS: 0x00000000c0500000, watermark: 0x00000000c0500000, top_bitmap: 0x00000000c0500000
[0.101s][debug][gc                   ] Setting affiliation of Region 11 from FREE to YOUNG, top: 0x00000000c0580000, TAMS: 0x00000000c0580000, watermark: 0x00000000c0580000, top_bitmap: 0x00000000c0580000
[0.101s][debug][gc                   ] Setting affiliation of Region 12 from FREE to YOUNG, top: 0x00000000c0600000, TAMS: 0x00000000c0600000, watermark: 0x00000000c0600000, top_bitmap: 0x00000000c0600000
[0.101s][debug][gc                   ] Setting affiliation of Region 13 from FREE to YOUNG, top: 0x00000000c0680000, TAMS: 0x00000000c0680000, watermark: 0x00000000c0680000, top_bitmap: 0x00000000c0680000
[0.101s][debug][gc                   ] should_start_gc (YOUNG)? available: 1007681536, soft_max_capacity: 1073741824, allocated: 12058624
[0.101s][debug][gc                   ] YOUNG: average GC time: 0.00 ms, allocation rate: 0 B/s
[0.101s][debug][gc                   ] Setting affiliation of Region 14 from FREE to YOUNG, top: 0x00000000c0700000, TAMS: 0x00000000c0700000, watermark: 0x00000000c0700000, top_bitmap: 0x00000000c0700000
[0.101s][debug][gc                   ] Setting affiliation of Region 15 from FREE to YOUNG, top: 0x00000000c0780000, TAMS: 0x00000000c0780000, watermark: 0x00000000c0780000, top_bitmap: 0x00000000c0780000
[0.101s][debug][gc                   ] Setting affiliation of Region 16 from FREE to YOUNG, top: 0x00000000c0800000, TAMS: 0x00000000c0800000, watermark: 0x00000000c0800000, top_bitmap: 0x00000000c0800000
[0.102s][debug][gc                   ] Setting affiliation of Region 17 from FREE to YOUNG, top: 0x00000000c0880000, TAMS: 0x00000000c0880000, watermark: 0x00000000c0880000, top_bitmap: 0x00000000c0880000
[0.102s][debug][gc                   ] Setting affiliation of Region 18 from FREE to YOUNG, top: 0x00000000c0900000, TAMS: 0x00000000c0900000, watermark: 0x00000000c0900000, top_bitmap: 0x00000000c0900000
[0.102s][debug][gc                   ] Setting affiliation of Region 19 from FREE to YOUNG, top: 0x00000000c0980000, TAMS: 0x00000000c0980000, watermark: 0x00000000c0980000, top_bitmap: 0x00000000c0980000
[0.102s][debug][gc                   ] should_start_gc (YOUNG)? available: 1004535808, soft_max_capacity: 1073741824, allocated: 15204352
[0.102s][debug][gc                   ] YOUNG: average GC time: 0.00 ms, allocation rate: 0 B/s
[0.102s][debug][gc                   ] Using new region (1935) for Shared (0x00007faab76e5830).
[0.103s][debug][gc                   ] Setting affiliation of Region 1935 from FREE to YOUNG, top: 0x00000000fc780000, TAMS: 0x00000000fc780000, watermark: 0x00000000fc780000, top_bitmap: 0x00000000fc780000
[0.103s][debug][gc                   ] Using new region (1935) for Shared (0x00007faab76e5830).
[0.103s][debug][gc                   ] Using new region (1934) for Shared (0x00007faab76e5830).
[0.103s][debug][gc                   ] Setting affiliation of Region 1934 from FREE to YOUNG, top: 0x00000000fc700000, TAMS: 0x00000000fc700000, watermark: 0x00000000fc700000, top_bitmap: 0x00000000fc700000
[0.103s][debug][gc                   ] Using new region (1934) for Shared (0x00007faab76e5830).
[0.103s][debug][gc                   ] Setting affiliation of Region 20 from FREE to YOUNG, top: 0x00000000c0a00000, TAMS: 0x00000000c0a00000, watermark: 0x00000000c0a00000, top_bitmap: 0x00000000c0a00000
[0.103s][debug][gc                   ] Setting affiliation of Region 21 from FREE to YOUNG, top: 0x00000000c0a80000, TAMS: 0x00000000c0a80000, watermark: 0x00000000c0a80000, top_bitmap: 0x00000000c0a80000
[0.103s][debug][gc                   ] Setting affiliation of Region 22 from FREE to YOUNG, top: 0x00000000c0b00000, TAMS: 0x00000000c0b00000, watermark: 0x00000000c0b00000, top_bitmap: 0x00000000c0b00000
[0.103s][debug][gc                   ] should_start_gc (YOUNG)? available: 1002267704, soft_max_capacity: 1073741824, allocated: 17472456
[0.103s][debug][gc                   ] YOUNG: average GC time: 0.00 ms, allocation rate: 0 B/s
[0.103s][debug][gc                   ] Setting affiliation of Region 23 from FREE to YOUNG, top: 0x00000000c0b80000, TAMS: 0x00000000c0b80000, watermark: 0x00000000c0b80000, top_bitmap: 0x00000000c0b80000
[0.103s][debug][gc                   ] Setting affiliation of Region 24 from FREE to YOUNG, top: 0x00000000c0c00000, TAMS: 0x00000000c0c00000, watermark: 0x00000000c0c00000, top_bitmap: 0x00000000c0c00000
[0.103s][debug][gc                   ] Setting affiliation of Region 25 from FREE to YOUNG, top: 0x00000000c0c80000, TAMS: 0x00000000c0c80000, watermark: 0x00000000c0c80000, top_bitmap: 0x00000000c0c80000
[0.104s][debug][gc                   ] Setting affiliation of Region 26 from FREE to YOUNG, top: 0x00000000c0d00000, TAMS: 0x00000000c0d00000, watermark: 0x00000000c0d00000, top_bitmap: 0x00000000c0d00000
[0.104s][debug][gc                   ] Setting affiliation of Region 27 from FREE to YOUNG, top: 0x00000000c0d80000, TAMS: 0x00000000c0d80000, watermark: 0x00000000c0d80000, top_bitmap: 0x00000000c0d80000
[0.104s][debug][gc                   ] Setting affiliation of Region 28 from FREE to YOUNG, top: 0x00000000c0e00000, TAMS: 0x00000000c0e00000, watermark: 0x00000000c0e00000, top_bitmap: 0x00000000c0e00000
[0.104s][debug][gc                   ] Setting affiliation of Region 29 from FREE to YOUNG, top: 0x00000000c0e80000, TAMS: 0x00000000c0e80000, watermark: 0x00000000c0e80000, top_bitmap: 0x00000000c0e80000
[0.104s][debug][gc                   ] should_start_gc (YOUNG)? available: 998597688, soft_max_capacity: 1073741824, allocated: 21142472
[0.104s][debug][gc                   ] YOUNG: average GC time: 0.00 ms, allocation rate: 0 B/s
[0.104s][debug][gc                   ] Setting affiliation of Region 30 from FREE to YOUNG, top: 0x00000000c0f00000, TAMS: 0x00000000c0f00000, watermark: 0x00000000c0f00000, top_bitmap: 0x00000000c0f00000
[0.104s][debug][gc                   ] Setting affiliation of Region 31 from FREE to YOUNG, top: 0x00000000c0f80000, TAMS: 0x00000000c0f80000, watermark: 0x00000000c0f80000, top_bitmap: 0x00000000c0f80000
[0.105s][debug][gc                   ] Setting affiliation of Region 32 from FREE to YOUNG, top: 0x00000000c1000000, TAMS: 0x00000000c1000000, watermark: 0x00000000c1000000, top_bitmap: 0x00000000c1000000
[0.105s][debug][gc                   ] Setting affiliation of Region 33 from FREE to YOUNG, top: 0x00000000c1080000, TAMS: 0x00000000c1080000, watermark: 0x00000000c1080000, top_bitmap: 0x00000000c1080000
[0.105s][debug][gc                   ] Setting affiliation of Region 34 from FREE to YOUNG, top: 0x00000000c1100000, TAMS: 0x00000000c1100000, watermark: 0x00000000c1100000, top_bitmap: 0x00000000c1100000
[0.105s][debug][gc                   ] should_start_gc (YOUNG)? available: 995976248, soft_max_capacity: 1073741824, allocated: 23763912
[0.105s][debug][gc                   ] YOUNG: average GC time: 0.00 ms, allocation rate: 0 B/s
[0.105s][debug][gc                   ] Setting affiliation of Region 35 from FREE to YOUNG, top: 0x00000000c1180000, TAMS: 0x00000000c1180000, watermark: 0x00000000c1180000, top_bitmap: 0x00000000c1180000
[0.105s][debug][gc                   ] Setting affiliation of Region 36 from FREE to YOUNG, top: 0x00000000c1200000, TAMS: 0x00000000c1200000, watermark: 0x00000000c1200000, top_bitmap: 0x00000000c1200000
[0.105s][debug][gc                   ] Setting affiliation of Region 37 from FREE to YOUNG, top: 0x00000000c1280000, TAMS: 0x00000000c1280000, watermark: 0x00000000c1280000, top_bitmap: 0x00000000c1280000
[0.106s][debug][gc                   ] Setting affiliation of Region 38 from FREE to YOUNG, top: 0x00000000c1300000, TAMS: 0x00000000c1300000, watermark: 0x00000000c1300000, top_bitmap: 0x00000000c1300000
[0.106s][debug][gc                   ] Setting affiliation of Region 39 from FREE to YOUNG, top: 0x00000000c1380000, TAMS: 0x00000000c1380000, watermark: 0x00000000c1380000, top_bitmap: 0x00000000c1380000
[0.106s][debug][gc                   ] Setting affiliation of Region 40 from FREE to YOUNG, top: 0x00000000c1400000, TAMS: 0x00000000c1400000, watermark: 0x00000000c1400000, top_bitmap: 0x00000000c1400000
[0.106s][debug][gc                   ] Setting affiliation of Region 41 from FREE to YOUNG, top: 0x00000000c1480000, TAMS: 0x00000000c1480000, watermark: 0x00000000c1480000, top_bitmap: 0x00000000c1480000
[0.106s][debug][gc                   ] should_start_gc (YOUNG)? available: 992306232, soft_max_capacity: 1073741824, allocated: 27433928
[0.106s][debug][gc                   ] YOUNG: average GC time: 0.00 ms, allocation rate: 0 B/s
[0.106s][debug][gc                   ] Setting affiliation of Region 42 from FREE to YOUNG, top: 0x00000000c1500000, TAMS: 0x00000000c1500000, watermark: 0x00000000c1500000, top_bitmap: 0x00000000c1500000
[0.106s][debug][gc                   ] Setting affiliation of Region 43 from FREE to YOUNG, top: 0x00000000c1580000, TAMS: 0x00000000c1580000, watermark: 0x00000000c1580000, top_bitmap: 0x00000000c1580000
[0.106s][debug][gc                   ] Setting affiliation of Region 44 from FREE to YOUNG, top: 0x00000000c1600000, TAMS: 0x00000000c1600000, watermark: 0x00000000c1600000, top_bitmap: 0x00000000c1600000
[0.107s][debug][gc                   ] should_start_gc (YOUNG)? available: 990733368, soft_max_capacity: 1073741824, allocated: 29006792
[0.107s][debug][gc                   ] YOUNG: average GC time: 0.00 ms, allocation rate: 0 B/s
[0.108s][debug][gc                   ] should_start_gc (YOUNG)? available: 990733368, soft_max_capacity: 1073741824, allocated: 29006792
[0.108s][debug][gc                   ] YOUNG: average GC time: 0.00 ms, allocation rate: 0 B/s
[0.109s][debug][gc                   ] should_start_gc (YOUNG)? available: 990733368, soft_max_capacity: 1073741824, allocated: 29006792
[0.109s][debug][gc                   ] YOUNG: average GC time: 0.00 ms, allocation rate: 0 B/s
[0.110s][debug][gc                   ] Setting affiliation of Region 45 from FREE to YOUNG, top: 0x00000000c1680000, TAMS: 0x00000000c1680000, watermark: 0x00000000c1680000, top_bitmap: 0x00000000c1680000
[0.110s][debug][gc                   ] Setting affiliation of Region 46 from FREE to YOUNG, top: 0x00000000c1700000, TAMS: 0x00000000c1700000, watermark: 0x00000000c1700000, top_bitmap: 0x00000000c1700000
[0.110s][debug][gc                   ] Setting affiliation of Region 47 from FREE to YOUNG, top: 0x00000000c1780000, TAMS: 0x00000000c1780000, watermark: 0x00000000c1780000, top_bitmap: 0x00000000c1780000
[0.110s][debug][gc                   ] Setting affiliation of Region 48 from FREE to YOUNG, top: 0x00000000c1800000, TAMS: 0x00000000c1800000, watermark: 0x00000000c1800000, top_bitmap: 0x00000000c1800000
[0.111s][debug][gc                   ] should_start_gc (YOUNG)? available: 988636216, soft_max_capacity: 1073741824, allocated: 31103944
[0.111s][debug][gc                   ] YOUNG: average GC time: 0.00 ms, allocation rate: 0 B/s
[0.111s][debug][gc                   ] Setting affiliation of Region 49 from FREE to YOUNG, top: 0x00000000c1880000, TAMS: 0x00000000c1880000, watermark: 0x00000000c1880000, top_bitmap: 0x00000000c1880000
[0.111s][debug][gc                   ] Setting affiliation of Region 50 from FREE to YOUNG, top: 0x00000000c1900000, TAMS: 0x00000000c1900000, watermark: 0x00000000c1900000, top_bitmap: 0x00000000c1900000
[0.111s][debug][gc                   ] Setting affiliation of Region 51 from FREE to YOUNG, top: 0x00000000c1980000, TAMS: 0x00000000c1980000, watermark: 0x00000000c1980000, top_bitmap: 0x00000000c1980000
[0.111s][debug][gc                   ] Setting affiliation of Region 52 from FREE to YOUNG, top: 0x00000000c1a00000, TAMS: 0x00000000c1a00000, watermark: 0x00000000c1a00000, top_bitmap: 0x00000000c1a00000
[0.111s][debug][gc                   ] Setting affiliation of Region 53 from FREE to YOUNG, top: 0x00000000c1a80000, TAMS: 0x00000000c1a80000, watermark: 0x00000000c1a80000, top_bitmap: 0x00000000c1a80000
[0.112s][debug][gc                   ] Setting affiliation of Region 54 from FREE to YOUNG, top: 0x00000000c1b00000, TAMS: 0x00000000c1b00000, watermark: 0x00000000c1b00000, top_bitmap: 0x00000000c1b00000
[0.112s][debug][gc                   ] Setting affiliation of Region 55 from FREE to YOUNG, top: 0x00000000c1b80000, TAMS: 0x00000000c1b80000, watermark: 0x00000000c1b80000, top_bitmap: 0x00000000c1b80000
[0.112s][debug][gc                   ] should_start_gc (YOUNG)? available: 984966200, soft_max_capacity: 1073741824, allocated: 34773960
[0.112s][debug][gc                   ] YOUNG: average GC time: 0.00 ms, allocation rate: 0 B/s
[0.112s][debug][gc                   ] Setting affiliation of Region 56 from FREE to YOUNG, top: 0x00000000c1c00000, TAMS: 0x00000000c1c00000, watermark: 0x00000000c1c00000, top_bitmap: 0x00000000c1c00000
[0.112s][debug][gc                   ] Setting affiliation of Region 57 from FREE to YOUNG, top: 0x00000000c1c80000, TAMS: 0x00000000c1c80000, watermark: 0x00000000c1c80000, top_bitmap: 0x00000000c1c80000
[0.112s][debug][gc                   ] Setting affiliation of Region 58 from FREE to YOUNG, top: 0x00000000c1d00000, TAMS: 0x00000000c1d00000, watermark: 0x00000000c1d00000, top_bitmap: 0x00000000c1d00000
[0.112s][debug][gc                   ] Setting affiliation of Region 59 from FREE to YOUNG, top: 0x00000000c1d80000, TAMS: 0x00000000c1d80000, watermark: 0x00000000c1d80000, top_bitmap: 0x00000000c1d80000
[0.112s][debug][gc                   ] Setting affiliation of Region 60 from FREE to YOUNG, top: 0x00000000c1e00000, TAMS: 0x00000000c1e00000, watermark: 0x00000000c1e00000, top_bitmap: 0x00000000c1e00000
[0.113s][debug][gc                   ] Setting affiliation of Region 61 from FREE to YOUNG, top: 0x00000000c1e80000, TAMS: 0x00000000c1e80000, watermark: 0x00000000c1e80000, top_bitmap: 0x00000000c1e80000
[0.113s][debug][gc                   ] Setting affiliation of Region 62 from FREE to YOUNG, top: 0x00000000c1f00000, TAMS: 0x00000000c1f00000, watermark: 0x00000000c1f00000, top_bitmap: 0x00000000c1f00000
[0.113s][debug][gc                   ] Setting affiliation of Region 63 from FREE to YOUNG, top: 0x00000000c1f80000, TAMS: 0x00000000c1f80000, watermark: 0x00000000c1f80000, top_bitmap: 0x00000000c1f80000
[0.113s][debug][gc                   ] should_start_gc (YOUNG)? available: 982344760, soft_max_capacity: 1073741824, allocated: 37395400
[0.113s][debug][gc                   ] YOUNG: average GC time: 0.00 ms, allocation rate: 0 B/s
[0.113s][debug][gc                   ] Setting affiliation of Region 64 from FREE to YOUNG, top: 0x00000000c2000000, TAMS: 0x00000000c2000000, watermark: 0x00000000c2000000, top_bitmap: 0x00000000c2000000
[0.113s][debug][gc                   ] Setting affiliation of Region 65 from FREE to YOUNG, top: 0x00000000c2080000, TAMS: 0x00000000c2080000, watermark: 0x00000000c2080000, top_bitmap: 0x00000000c2080000
[0.113s][debug][gc                   ] Setting affiliation of Region 66 from FREE to YOUNG, top: 0x00000000c2100000, TAMS: 0x00000000c2100000, watermark: 0x00000000c2100000, top_bitmap: 0x00000000c2100000
[0.113s][debug][gc                   ] Setting affiliation of Region 67 from FREE to YOUNG, top: 0x00000000c2180000, TAMS: 0x00000000c2180000, watermark: 0x00000000c2180000, top_bitmap: 0x00000000c2180000
[0.113s][debug][gc                   ] Setting affiliation of Region 68 from FREE to YOUNG, top: 0x00000000c2200000, TAMS: 0x00000000c2200000, watermark: 0x00000000c2200000, top_bitmap: 0x00000000c2200000
[0.114s][debug][gc                   ] should_start_gc (YOUNG)? available: 978150456, soft_max_capacity: 1073741824, allocated: 41589704
[0.114s][debug][gc                   ] YOUNG: average GC time: 0.00 ms, allocation rate: 0 B/s
[0.114s][debug][gc                   ] Setting affiliation of Region 69 from FREE to YOUNG, top: 0x00000000c2280000, TAMS: 0x00000000c2280000, watermark: 0x00000000c2280000, top_bitmap: 0x00000000c2280000
[0.114s][debug][gc                   ] Setting affiliation of Region 70 from FREE to YOUNG, top: 0x00000000c2300000, TAMS: 0x00000000c2300000, watermark: 0x00000000c2300000, top_bitmap: 0x00000000c2300000
[0.114s][debug][gc                   ] Using new region (1933) for Shared (0x00007faab76e5830).
[0.114s][debug][gc                   ] Setting affiliation of Region 1933 from FREE to YOUNG, top: 0x00000000fc680000, TAMS: 0x00000000fc680000, watermark: 0x00000000fc680000, top_bitmap: 0x00000000fc680000
[0.114s][debug][gc                   ] Using new region (1933) for Shared (0x00007faab76e5830).
[0.114s][debug][gc                   ] Setting affiliation of Region 71 from FREE to YOUNG, top: 0x00000000c2380000, TAMS: 0x00000000c2380000, watermark: 0x00000000c2380000, top_bitmap: 0x00000000c2380000
[0.114s][debug][gc                   ] Setting affiliation of Region 72 from FREE to YOUNG, top: 0x00000000c2400000, TAMS: 0x00000000c2400000, watermark: 0x00000000c2400000, top_bitmap: 0x00000000c2400000
[0.114s][debug][gc                   ] Setting affiliation of Region 73 from FREE to YOUNG, top: 0x00000000c2480000, TAMS: 0x00000000c2480000, watermark: 0x00000000c2480000, top_bitmap: 0x00000000c2480000
[0.115s][debug][gc                   ] should_start_gc (YOUNG)? available: 975142872, soft_max_capacity: 1073741824, allocated: 44597288
[0.115s][debug][gc                   ] YOUNG: average GC time: 0.00 ms, allocation rate: 0 B/s
[0.115s][debug][gc                   ] Setting affiliation of Region 74 from FREE to YOUNG, top: 0x00000000c2500000, TAMS: 0x00000000c2500000, watermark: 0x00000000c2500000, top_bitmap: 0x00000000c2500000
[0.115s][debug][gc                   ] Setting affiliation of Region 75 from FREE to YOUNG, top: 0x00000000c2580000, TAMS: 0x00000000c2580000, watermark: 0x00000000c2580000, top_bitmap: 0x00000000c2580000
[0.115s][debug][gc                   ] Setting affiliation of Region 76 from FREE to YOUNG, top: 0x00000000c2600000, TAMS: 0x00000000c2600000, watermark: 0x00000000c2600000, top_bitmap: 0x00000000c2600000
[0.115s][debug][gc                   ] Using new region (1932) for Shared (0x00007faab76e5830).
[0.115s][debug][gc                   ] Setting affiliation of Region 1932 from FREE to YOUNG, top: 0x00000000fc600000, TAMS: 0x00000000fc600000, watermark: 0x00000000fc600000, top_bitmap: 0x00000000fc600000
[0.115s][debug][gc                   ] Using new region (1932) for Shared (0x00007faab76e5830).
[0.115s][debug][gc                   ] Setting affiliation of Region 77 from FREE to YOUNG, top: 0x00000000c2680000, TAMS: 0x00000000c2680000, watermark: 0x00000000c2680000, top_bitmap: 0x00000000c2680000
[0.115s][debug][gc                   ] Setting affiliation of Region 78 from FREE to YOUNG, top: 0x00000000c2700000, TAMS: 0x00000000c2700000, watermark: 0x00000000c2700000, top_bitmap: 0x00000000c2700000
[0.115s][debug][gc                   ] Setting affiliation of Region 79 from FREE to YOUNG, top: 0x00000000c2780000, TAMS: 0x00000000c2780000, watermark: 0x00000000c2780000, top_bitmap: 0x00000000c2780000
[0.116s][debug][gc                   ] should_start_gc (YOUNG)? available: 971672816, soft_max_capacity: 1073741824, allocated: 48067344
[0.116s][debug][gc                   ] YOUNG: average GC time: 0.00 ms, allocation rate: 0 B/s
[0.116s][debug][gc                   ] Setting affiliation of Region 80 from FREE to YOUNG, top: 0x00000000c2800000, TAMS: 0x00000000c2800000, watermark: 0x00000000c2800000, top_bitmap: 0x00000000c2800000
[0.116s][debug][gc                   ] Setting affiliation of Region 81 from FREE to YOUNG, top: 0x00000000c2880000, TAMS: 0x00000000c2880000, watermark: 0x00000000c2880000, top_bitmap: 0x00000000c2880000
[0.116s][debug][gc                   ] Setting affiliation of Region 82 from FREE to YOUNG, top: 0x00000000c2900000, TAMS: 0x00000000c2900000, watermark: 0x00000000c2900000, top_bitmap: 0x00000000c2900000
[0.117s][debug][gc                   ] should_start_gc (YOUNG)? available: 969924296, soft_max_capacity: 1073741824, allocated: 49815864
[0.117s][debug][gc                   ] YOUNG: average GC time: 0.00 ms, allocation rate: 0 B/s
[0.118s][debug][gc                   ] should_start_gc (YOUNG)? available: 969924296, soft_max_capacity: 1073741824, allocated: 49815864
[0.118s][debug][gc                   ] YOUNG: average GC time: 0.00 ms, allocation rate: 0 B/s
[0.119s][debug][gc                   ] should_start_gc (YOUNG)? available: 969924296, soft_max_capacity: 1073741824, allocated: 49815864
[0.119s][debug][gc                   ] YOUNG: average GC time: 0.00 ms, allocation rate: 0 B/s
[0.120s][debug][gc                   ] should_start_gc (YOUNG)? available: 969924296, soft_max_capacity: 1073741824, allocated: 49815864
[0.120s][debug][gc                   ] YOUNG: average GC time: 0.00 ms, allocation rate: 0 B/s
[0.121s][debug][gc                   ] Setting affiliation of Region 83 from FREE to YOUNG, top: 0x00000000c2980000, TAMS: 0x00000000c2980000, watermark: 0x00000000c2980000, top_bitmap: 0x00000000c2980000
[0.121s][debug][gc                   ] Setting affiliation of Region 84 from FREE to YOUNG, top: 0x00000000c2a00000, TAMS: 0x00000000c2a00000, watermark: 0x00000000c2a00000, top_bitmap: 0x00000000c2a00000
[0.121s][debug][gc                   ] Setting affiliation of Region 85 from FREE to YOUNG, top: 0x00000000c2a80000, TAMS: 0x00000000c2a80000, watermark: 0x00000000c2a80000, top_bitmap: 0x00000000c2a80000
[0.121s][debug][gc                   ] Setting affiliation of Region 86 from FREE to YOUNG, top: 0x00000000c2b00000, TAMS: 0x00000000c2b00000, watermark: 0x00000000c2b00000, top_bitmap: 0x00000000c2b00000
[0.121s][debug][gc                   ] Setting affiliation of Region 87 from FREE to YOUNG, top: 0x00000000c2b80000, TAMS: 0x00000000c2b80000, watermark: 0x00000000c2b80000, top_bitmap: 0x00000000c2b80000
[0.121s][debug][gc                   ] should_start_gc (YOUNG)? available: 967302856, soft_max_capacity: 1073741824, allocated: 52437304
[0.121s][debug][gc                   ] YOUNG: average GC time: 0.00 ms, allocation rate: 0 B/s
[0.121s][debug][gc                   ] Using new region (1931) for Shared (0x00007faab76e5830).
[0.121s][debug][gc                   ] Setting affiliation of Region 1931 from FREE to YOUNG, top: 0x00000000fc580000, TAMS: 0x00000000fc580000, watermark: 0x00000000fc580000, top_bitmap: 0x00000000fc580000
[0.121s][debug][gc                   ] Using new region (1931) for Shared (0x00007faab76e5830).
[0.122s][debug][gc                   ] Setting affiliation of Region 88 from FREE to YOUNG, top: 0x00000000c2c00000, TAMS: 0x00000000c2c00000, watermark: 0x00000000c2c00000, top_bitmap: 0x00000000c2c00000
[0.122s][debug][gc                   ] Setting affiliation of Region 89 from FREE to YOUNG, top: 0x00000000c2c80000, TAMS: 0x00000000c2c80000, watermark: 0x00000000c2c80000, top_bitmap: 0x00000000c2c80000
[0.122s][debug][gc                   ] Setting affiliation of Region 90 from FREE to YOUNG, top: 0x00000000c2d00000, TAMS: 0x00000000c2d00000, watermark: 0x00000000c2d00000, top_bitmap: 0x00000000c2d00000
[0.122s][debug][gc                   ] Using new region (1930) for Shared (0x00007faab76e5830).
[0.122s][debug][gc                   ] Setting affiliation of Region 1930 from FREE to YOUNG, top: 0x00000000fc500000, TAMS: 0x00000000fc500000, watermark: 0x00000000fc500000, top_bitmap: 0x00000000fc500000
[0.122s][debug][gc                   ] Using new region (1930) for Shared (0x00007faab76e5830).
[0.122s][debug][gc                   ] Using new region (1929) for Shared (0x00007faab76e5830).
[0.122s][debug][gc                   ] Setting affiliation of Region 1929 from FREE to YOUNG, top: 0x00000000fc480000, TAMS: 0x00000000fc480000, watermark: 0x00000000fc480000, top_bitmap: 0x00000000fc480000
[0.122s][debug][gc                   ] Using new region (1929) for Shared (0x00007faab76e5830).
[0.122s][debug][gc                   ] should_start_gc (YOUNG)? available: 964543712, soft_max_capacity: 1073741824, allocated: 55115664
[0.122s][debug][gc                   ] YOUNG: average GC time: 0.00 ms, allocation rate: 0 B/s
[0.122s][debug][gc                   ] Setting affiliation of Region 91 from FREE to YOUNG, top: 0x00000000c2d80000, TAMS: 0x00000000c2d80000, watermark: 0x00000000c2d80000, top_bitmap: 0x00000000c2d80000
[0.122s][debug][gc                   ] Setting affiliation of Region 92 from FREE to YOUNG, top: 0x00000000c2e00000, TAMS: 0x00000000c2e00000, watermark: 0x00000000c2e00000, top_bitmap: 0x00000000c2e00000
[0.122s][debug][gc                   ] Setting affiliation of Region 93 from FREE to YOUNG, top: 0x00000000c2e80000, TAMS: 0x00000000c2e80000, watermark: 0x00000000c2e80000, top_bitmap: 0x00000000c2e80000
[0.123s][debug][gc                   ] Setting affiliation of Region 94 from FREE to YOUNG, top: 0x00000000c2f00000, TAMS: 0x00000000c2f00000, watermark: 0x00000000c2f00000, top_bitmap: 0x00000000c2f00000
[0.123s][debug][gc                   ] Setting affiliation of Region 95 from FREE to YOUNG, top: 0x00000000c2f80000, TAMS: 0x00000000c2f80000, watermark: 0x00000000c2f80000, top_bitmap: 0x00000000c2f80000
[0.123s][debug][gc                   ] Setting affiliation of Region 96 from FREE to YOUNG, top: 0x00000000c3000000, TAMS: 0x00000000c3000000, watermark: 0x00000000c3000000, top_bitmap: 0x00000000c3000000
[0.123s][debug][gc                   ] should_start_gc (YOUNG)? available: 961397984, soft_max_capacity: 1073741824, allocated: 58261392
[0.123s][debug][gc                   ] YOUNG: average GC time: 0.00 ms, allocation rate: 0 B/s
[0.123s][debug][gc                   ] Setting affiliation of Region 97 from FREE to YOUNG, top: 0x00000000c3080000, TAMS: 0x00000000c3080000, watermark: 0x00000000c3080000, top_bitmap: 0x00000000c3080000
[0.123s][debug][gc                   ] Setting affiliation of Region 98 from FREE to YOUNG, top: 0x00000000c3100000, TAMS: 0x00000000c3100000, watermark: 0x00000000c3100000, top_bitmap: 0x00000000c3100000
[0.123s][debug][gc                   ] Setting affiliation of Region 99 from FREE to YOUNG, top: 0x00000000c3180000, TAMS: 0x00000000c3180000, watermark: 0x00000000c3180000, top_bitmap: 0x00000000c3180000
[0.124s][debug][gc                   ] Setting affiliation of Region 100 from FREE to YOUNG, top: 0x00000000c3200000, TAMS: 0x00000000c3200000, watermark: 0x00000000c3200000, top_bitmap: 0x00000000c3200000
[0.124s][debug][gc                   ] Setting affiliation of Region 101 from FREE to YOUNG, top: 0x00000000c3280000, TAMS: 0x00000000c3280000, watermark: 0x00000000c3280000, top_bitmap: 0x00000000c3280000
[0.124s][debug][gc                   ] Setting affiliation of Region 102 from FREE to YOUNG, top: 0x00000000c3300000, TAMS: 0x00000000c3300000, watermark: 0x00000000c3300000, top_bitmap: 0x00000000c3300000
[0.124s][debug][gc                   ] should_start_gc (YOUNG)? available: 958252256, soft_max_capacity: 1073741824, allocated: 61407120
[0.124s][debug][gc                   ] YOUNG: average GC time: 0.00 ms, allocation rate: 0 B/s
[0.124s][debug][gc                   ] Setting affiliation of Region 103 from FREE to YOUNG, top: 0x00000000c3380000, TAMS: 0x00000000c3380000, watermark: 0x00000000c3380000, top_bitmap: 0x00000000c3380000
[0.124s][debug][gc                   ] Setting affiliation of Region 104 from FREE to YOUNG, top: 0x00000000c3400000, TAMS: 0x00000000c3400000, watermark: 0x00000000c3400000, top_bitmap: 0x00000000c3400000
[0.124s][debug][gc                   ] Setting affiliation of Region 105 from FREE to YOUNG, top: 0x00000000c3480000, TAMS: 0x00000000c3480000, watermark: 0x00000000c3480000, top_bitmap: 0x00000000c3480000
[0.125s][debug][gc                   ] Setting affiliation of Region 106 from FREE to YOUNG, top: 0x00000000c3500000, TAMS: 0x00000000c3500000, watermark: 0x00000000c3500000, top_bitmap: 0x00000000c3500000
[0.125s][debug][gc                   ] Setting affiliation of Region 107 from FREE to YOUNG, top: 0x00000000c3580000, TAMS: 0x00000000c3580000, watermark: 0x00000000c3580000, top_bitmap: 0x00000000c3580000
[0.125s][debug][gc                   ] Using new region (1928) for Shared (0x00007faab76e5830).
[0.125s][debug][gc                   ] Setting affiliation of Region 1928 from FREE to YOUNG, top: 0x00000000fc400000, TAMS: 0x00000000fc400000, watermark: 0x00000000fc400000, top_bitmap: 0x00000000fc400000
[0.125s][debug][gc                   ] Using new region (1928) for Shared (0x00007faab76e5830).
[0.125s][debug][gc                   ] should_start_gc (YOUNG)? available: 955340416, soft_max_capacity: 1073741824, allocated: 64318960
[0.125s][debug][gc                   ] YOUNG: average GC time: 0.00 ms, allocation rate: 0 B/s
[0.125s][debug][gc                   ] Setting affiliation of Region 108 from FREE to YOUNG, top: 0x00000000c3600000, TAMS: 0x00000000c3600000, watermark: 0x00000000c3600000, top_bitmap: 0x00000000c3600000
[0.125s][debug][gc                   ] Setting affiliation of Region 109 from FREE to YOUNG, top: 0x00000000c3680000, TAMS: 0x00000000c3680000, watermark: 0x00000000c3680000, top_bitmap: 0x00000000c3680000
[0.125s][debug][gc                   ] Setting affiliation of Region 110 from FREE to YOUNG, top: 0x00000000c3700000, TAMS: 0x00000000c3700000, watermark: 0x00000000c3700000, top_bitmap: 0x00000000c3700000
[0.126s][debug][gc                   ] Setting affiliation of Region 111 from FREE to YOUNG, top: 0x00000000c3780000, TAMS: 0x00000000c3780000, watermark: 0x00000000c3780000, top_bitmap: 0x00000000c3780000
[0.126s][debug][gc                   ] Setting affiliation of Region 112 from FREE to YOUNG, top: 0x00000000c3800000, TAMS: 0x00000000c3800000, watermark: 0x00000000c3800000, top_bitmap: 0x00000000c3800000
[0.126s][debug][gc                   ] Setting affiliation of Region 113 from FREE to YOUNG, top: 0x00000000c3880000, TAMS: 0x00000000c3880000, watermark: 0x00000000c3880000, top_bitmap: 0x00000000c3880000
[0.126s][debug][gc                   ] should_start_gc (YOUNG)? available: 952194688, soft_max_capacity: 1073741824, allocated: 67464688
[0.126s][debug][gc                   ] YOUNG: average GC time: 0.00 ms, allocation rate: 0 B/s
[0.127s][debug][gc                   ] Setting affiliation of Region 114 from FREE to YOUNG, top: 0x00000000c3900000, TAMS: 0x00000000c3900000, watermark: 0x00000000c3900000, top_bitmap: 0x00000000c3900000
[0.127s][debug][gc                   ] Setting affiliation of Region 115 from FREE to YOUNG, top: 0x00000000c3980000, TAMS: 0x00000000c3980000, watermark: 0x00000000c3980000, top_bitmap: 0x00000000c3980000
[0.127s][debug][gc                   ] Setting affiliation of Region 116 from FREE to YOUNG, top: 0x00000000c3a00000, TAMS: 0x00000000c3a00000, watermark: 0x00000000c3a00000, top_bitmap: 0x00000000c3a00000
[0.127s][debug][gc                   ] Setting affiliation of Region 117 from FREE to YOUNG, top: 0x00000000c3a80000, TAMS: 0x00000000c3a80000, watermark: 0x00000000c3a80000, top_bitmap: 0x00000000c3a80000
[0.127s][debug][gc                   ] Setting affiliation of Region 118 from FREE to YOUNG, top: 0x00000000c3b00000, TAMS: 0x00000000c3b00000, watermark: 0x00000000c3b00000, top_bitmap: 0x00000000c3b00000
[0.127s][debug][gc                   ] Setting affiliation of Region 119 from FREE to YOUNG, top: 0x00000000c3b80000, TAMS: 0x00000000c3b80000, watermark: 0x00000000c3b80000, top_bitmap: 0x00000000c3b80000
[0.128s][debug][gc                   ] should_start_gc (YOUNG)? available: 949048960, soft_max_capacity: 1073741824, allocated: 70610416
[0.128s][debug][gc                   ] YOUNG: average GC time: 0.00 ms, allocation rate: 0 B/s
[0.128s][debug][gc                   ] Setting affiliation of Region 120 from FREE to YOUNG, top: 0x00000000c3c00000, TAMS: 0x00000000c3c00000, watermark: 0x00000000c3c00000, top_bitmap: 0x00000000c3c00000
[0.128s][debug][gc                   ] Setting affiliation of Region 121 from FREE to YOUNG, top: 0x00000000c3c80000, TAMS: 0x00000000c3c80000, watermark: 0x00000000c3c80000, top_bitmap: 0x00000000c3c80000
[0.129s][debug][gc                   ] should_start_gc (YOUNG)? available: 948000384, soft_max_capacity: 1073741824, allocated: 71658992
[0.129s][debug][gc                   ] YOUNG: average GC time: 0.00 ms, allocation rate: 0 B/s
[0.130s][debug][gc                   ] should_start_gc (YOUNG)? available: 948000384, soft_max_capacity: 1073741824, allocated: 71658992
[0.130s][debug][gc                   ] YOUNG: average GC time: 0.00 ms, allocation rate: 0 B/s
[0.130s][debug][gc                   ] Setting affiliation of Region 122 from FREE to YOUNG, top: 0x00000000c3d00000, TAMS: 0x00000000c3d00000, watermark: 0x00000000c3d00000, top_bitmap: 0x00000000c3d00000
[0.130s][debug][gc                   ] Setting affiliation of Region 123 from FREE to YOUNG, top: 0x00000000c3d80000, TAMS: 0x00000000c3d80000, watermark: 0x00000000c3d80000, top_bitmap: 0x00000000c3d80000
[0.130s][debug][gc                   ] Setting affiliation of Region 124 from FREE to YOUNG, top: 0x00000000c3e00000, TAMS: 0x00000000c3e00000, watermark: 0x00000000c3e00000, top_bitmap: 0x00000000c3e00000
[0.130s][debug][gc                   ] Setting affiliation of Region 125 from FREE to YOUNG, top: 0x00000000c3e80000, TAMS: 0x00000000c3e80000, watermark: 0x00000000c3e80000, top_bitmap: 0x00000000c3e80000
[0.130s][debug][gc                   ] Setting affiliation of Region 126 from FREE to YOUNG, top: 0x00000000c3f00000, TAMS: 0x00000000c3f00000, watermark: 0x00000000c3f00000, top_bitmap: 0x00000000c3f00000
[0.130s][debug][gc                   ] Setting affiliation of Region 127 from FREE to YOUNG, top: 0x00000000c3f80000, TAMS: 0x00000000c3f80000, watermark: 0x00000000c3f80000, top_bitmap: 0x00000000c3f80000
[0.131s][debug][gc                   ] should_start_gc (YOUNG)? available: 944854656, soft_max_capacity: 1073741824, allocated: 74804720
[0.131s][debug][gc                   ] YOUNG: average GC time: 0.00 ms, allocation rate: 0 B/s
[0.131s][debug][gc                   ] Setting affiliation of Region 128 from FREE to YOUNG, top: 0x00000000c4000000, TAMS: 0x00000000c4000000, watermark: 0x00000000c4000000, top_bitmap: 0x00000000c4000000
[0.131s][debug][gc                   ] Setting affiliation of Region 129 from FREE to YOUNG, top: 0x00000000c4080000, TAMS: 0x00000000c4080000, watermark: 0x00000000c4080000, top_bitmap: 0x00000000c4080000
[0.131s][debug][gc                   ] Setting affiliation of Region 130 from FREE to YOUNG, top: 0x00000000c4100000, TAMS: 0x00000000c4100000, watermark: 0x00000000c4100000, top_bitmap: 0x00000000c4100000
[0.131s][debug][gc                   ] Setting affiliation of Region 131 from FREE to YOUNG, top: 0x00000000c4180000, TAMS: 0x00000000c4180000, watermark: 0x00000000c4180000, top_bitmap: 0x00000000c4180000
[0.131s][debug][gc                   ] Setting affiliation of Region 132 from FREE to YOUNG, top: 0x00000000c4200000, TAMS: 0x00000000c4200000, watermark: 0x00000000c4200000, top_bitmap: 0x00000000c4200000
[0.131s][debug][gc                   ] Setting affiliation of Region 133 from FREE to YOUNG, top: 0x00000000c4280000, TAMS: 0x00000000c4280000, watermark: 0x00000000c4280000, top_bitmap: 0x00000000c4280000
[0.132s][debug][gc                   ] should_start_gc (YOUNG)? available: 941708928, soft_max_capacity: 1073741824, allocated: 77950448
[0.132s][debug][gc                   ] YOUNG: average GC time: 0.00 ms, allocation rate: 0 B/s
[0.132s][debug][gc                   ] Setting affiliation of Region 134 from FREE to YOUNG, top: 0x00000000c4300000, TAMS: 0x00000000c4300000, watermark: 0x00000000c4300000, top_bitmap: 0x00000000c4300000
[0.132s][debug][gc                   ] Setting affiliation of Region 135 from FREE to YOUNG, top: 0x00000000c4380000, TAMS: 0x00000000c4380000, watermark: 0x00000000c4380000, top_bitmap: 0x00000000c4380000
[0.132s][debug][gc                   ] Setting affiliation of Region 136 from FREE to YOUNG, top: 0x00000000c4400000, TAMS: 0x00000000c4400000, watermark: 0x00000000c4400000, top_bitmap: 0x00000000c4400000
[0.132s][debug][gc                   ] Setting affiliation of Region 137 from FREE to YOUNG, top: 0x00000000c4480000, TAMS: 0x00000000c4480000, watermark: 0x00000000c4480000, top_bitmap: 0x00000000c4480000
[0.132s][debug][gc                   ] Setting affiliation of Region 138 from FREE to YOUNG, top: 0x00000000c4500000, TAMS: 0x00000000c4500000, watermark: 0x00000000c4500000, top_bitmap: 0x00000000c4500000
[0.132s][debug][gc                   ] Setting affiliation of Region 139 from FREE to YOUNG, top: 0x00000000c4580000, TAMS: 0x00000000c4580000, watermark: 0x00000000c4580000, top_bitmap: 0x00000000c4580000
[0.133s][debug][gc                   ] should_start_gc (YOUNG)? available: 938563200, soft_max_capacity: 1073741824, allocated: 81096176
[0.133s][debug][gc                   ] YOUNG: average GC time: 0.00 ms, allocation rate: 0 B/s
[0.133s][debug][gc                   ] Setting affiliation of Region 140 from FREE to YOUNG, top: 0x00000000c4600000, TAMS: 0x00000000c4600000, watermark: 0x00000000c4600000, top_bitmap: 0x00000000c4600000
[0.133s][debug][gc                   ] Setting affiliation of Region 141 from FREE to YOUNG, top: 0x00000000c4680000, TAMS: 0x00000000c4680000, watermark: 0x00000000c4680000, top_bitmap: 0x00000000c4680000
[0.133s][debug][gc                   ] Setting affiliation of Region 142 from FREE to YOUNG, top: 0x00000000c4700000, TAMS: 0x00000000c4700000, watermark: 0x00000000c4700000, top_bitmap: 0x00000000c4700000
[0.133s][debug][gc                   ] Setting affiliation of Region 143 from FREE to YOUNG, top: 0x00000000c4780000, TAMS: 0x00000000c4780000, watermark: 0x00000000c4780000, top_bitmap: 0x00000000c4780000
[0.133s][debug][gc                   ] Setting affiliation of Region 144 from FREE to YOUNG, top: 0x00000000c4800000, TAMS: 0x00000000c4800000, watermark: 0x00000000c4800000, top_bitmap: 0x00000000c4800000
[0.134s][debug][gc                   ] Setting affiliation of Region 145 from FREE to YOUNG, top: 0x00000000c4880000, TAMS: 0x00000000c4880000, watermark: 0x00000000c4880000, top_bitmap: 0x00000000c4880000
[0.134s][debug][gc                   ] Setting affiliation of Region 146 from FREE to YOUNG, top: 0x00000000c4900000, TAMS: 0x00000000c4900000, watermark: 0x00000000c4900000, top_bitmap: 0x00000000c4900000
[0.134s][debug][gc                   ] should_start_gc (YOUNG)? available: 934893184, soft_max_capacity: 1073741824, allocated: 84766192
[0.134s][debug][gc                   ] YOUNG: average GC time: 0.00 ms, allocation rate: 0 B/s
[0.134s][debug][gc                   ] Setting affiliation of Region 147 from FREE to YOUNG, top: 0x00000000c4980000, TAMS: 0x00000000c4980000, watermark: 0x00000000c4980000, top_bitmap: 0x00000000c4980000
[0.134s][debug][gc                   ] Setting affiliation of Region 148 from FREE to YOUNG, top: 0x00000000c4a00000, TAMS: 0x00000000c4a00000, watermark: 0x00000000c4a00000, top_bitmap: 0x00000000c4a00000
[0.134s][debug][gc                   ] Setting affiliation of Region 149 from FREE to YOUNG, top: 0x00000000c4a80000, TAMS: 0x00000000c4a80000, watermark: 0x00000000c4a80000, top_bitmap: 0x00000000c4a80000
[0.134s][debug][gc                   ] Setting affiliation of Region 150 from FREE to YOUNG, top: 0x00000000c4b00000, TAMS: 0x00000000c4b00000, watermark: 0x00000000c4b00000, top_bitmap: 0x00000000c4b00000
[0.134s][debug][gc                   ] Setting affiliation of Region 151 from FREE to YOUNG, top: 0x00000000c4b80000, TAMS: 0x00000000c4b80000, watermark: 0x00000000c4b80000, top_bitmap: 0x00000000c4b80000
[0.134s][debug][gc                   ] Setting affiliation of Region 152 from FREE to YOUNG, top: 0x00000000c4c00000, TAMS: 0x00000000c4c00000, watermark: 0x00000000c4c00000, top_bitmap: 0x00000000c4c00000
[0.135s][debug][gc                   ] Setting affiliation of Region 153 from FREE to YOUNG, top: 0x00000000c4c80000, TAMS: 0x00000000c4c80000, watermark: 0x00000000c4c80000, top_bitmap: 0x00000000c4c80000
[0.135s][debug][gc                   ] Setting affiliation of Region 154 from FREE to YOUNG, top: 0x00000000c4d00000, TAMS: 0x00000000c4d00000, watermark: 0x00000000c4d00000, top_bitmap: 0x00000000c4d00000
[0.135s][debug][gc                   ] Setting affiliation of Region 155 from FREE to YOUNG, top: 0x00000000c4d80000, TAMS: 0x00000000c4d80000, watermark: 0x00000000c4d80000, top_bitmap: 0x00000000c4d80000
[0.135s][debug][gc                   ] should_start_gc (YOUNG)? available: 930174592, soft_max_capacity: 1073741824, allocated: 89484784
[0.135s][debug][gc                   ] YOUNG: average GC time: 0.00 ms, allocation rate: 0 B/s
[0.135s][debug][gc                   ] Setting affiliation of Region 156 from FREE to YOUNG, top: 0x00000000c4e00000, TAMS: 0x00000000c4e00000, watermark: 0x00000000c4e00000, top_bitmap: 0x00000000c4e00000
[0.135s][debug][gc                   ] Setting affiliation of Region 157 from FREE to YOUNG, top: 0x00000000c4e80000, TAMS: 0x00000000c4e80000, watermark: 0x00000000c4e80000, top_bitmap: 0x00000000c4e80000
[0.136s][debug][gc                   ] Setting affiliation of Region 158 from FREE to YOUNG, top: 0x00000000c4f00000, TAMS: 0x00000000c4f00000, watermark: 0x00000000c4f00000, top_bitmap: 0x00000000c4f00000
[0.136s][debug][gc                   ] Setting affiliation of Region 159 from FREE to YOUNG, top: 0x00000000c4f80000, TAMS: 0x00000000c4f80000, watermark: 0x00000000c4f80000, top_bitmap: 0x00000000c4f80000
[0.136s][debug][gc                   ] Setting affiliation of Region 160 from FREE to YOUNG, top: 0x00000000c5000000, TAMS: 0x00000000c5000000, watermark: 0x00000000c5000000, top_bitmap: 0x00000000c5000000
[0.136s][debug][gc                   ] should_start_gc (YOUNG)? available: 927553152, soft_max_capacity: 1073741824, allocated: 92106224
[0.136s][debug][gc                   ] YOUNG: average GC time: 0.00 ms, allocation rate: 0 B/s
[0.136s][debug][gc                   ] Setting affiliation of Region 161 from FREE to YOUNG, top: 0x00000000c5080000, TAMS: 0x00000000c5080000, watermark: 0x00000000c5080000, top_bitmap: 0x00000000c5080000
[0.136s][debug][gc                   ] Setting affiliation of Region 162 from FREE to YOUNG, top: 0x00000000c5100000, TAMS: 0x00000000c5100000, watermark: 0x00000000c5100000, top_bitmap: 0x00000000c5100000
[0.137s][debug][gc                   ] should_start_gc (YOUNG)? available: 926504576, soft_max_capacity: 1073741824, allocated: 93154800
[0.137s][debug][gc                   ] YOUNG: average GC time: 0.00 ms, allocation rate: 0 B/s
[0.138s][debug][gc                   ] should_start_gc (YOUNG)? available: 926504576, soft_max_capacity: 1073741824, allocated: 93154800
[0.138s][debug][gc                   ] YOUNG: average GC time: 0.00 ms, allocation rate: 0 B/s
[0.139s][debug][gc                   ] should_start_gc (YOUNG)? available: 926504576, soft_max_capacity: 1073741824, allocated: 93154800
[0.139s][debug][gc                   ] YOUNG: average GC time: 0.00 ms, allocation rate: 0 B/s
[0.140s][debug][gc                   ] should_start_gc (YOUNG)? available: 926504576, soft_max_capacity: 1073741824, allocated: 93154800
[0.140s][debug][gc                   ] YOUNG: average GC time: 0.00 ms, allocation rate: 887 M/s
[0.141s][debug][gc                   ] Setting affiliation of Region 163 from FREE to YOUNG, top: 0x00000000c5180000, TAMS: 0x00000000c5180000, watermark: 0x00000000c5180000, top_bitmap: 0x00000000c5180000
[0.141s][debug][gc                   ] Setting affiliation of Region 164 from FREE to YOUNG, top: 0x00000000c5200000, TAMS: 0x00000000c5200000, watermark: 0x00000000c5200000, top_bitmap: 0x00000000c5200000
[0.141s][debug][gc                   ] Setting affiliation of Region 165 from FREE to YOUNG, top: 0x00000000c5280000, TAMS: 0x00000000c5280000, watermark: 0x00000000c5280000, top_bitmap: 0x00000000c5280000
[0.141s][debug][gc                   ] Setting affiliation of Region 166 from FREE to YOUNG, top: 0x00000000c5300000, TAMS: 0x00000000c5300000, watermark: 0x00000000c5300000, top_bitmap: 0x00000000c5300000
[0.141s][debug][gc                   ] should_start_gc (YOUNG)? available: 924407424, soft_max_capacity: 1073741824, allocated: 95251952
[0.141s][debug][gc                   ] YOUNG: average GC time: 0.00 ms, allocation rate: 887 M/s
[0.142s][debug][gc                   ] Setting affiliation of Region 167 from FREE to YOUNG, top: 0x00000000c5380000, TAMS: 0x00000000c5380000, watermark: 0x00000000c5380000, top_bitmap: 0x00000000c5380000
[0.142s][debug][gc                   ] Setting affiliation of Region 168 from FREE to YOUNG, top: 0x00000000c5400000, TAMS: 0x00000000c5400000, watermark: 0x00000000c5400000, top_bitmap: 0x00000000c5400000
[0.142s][debug][gc                   ] Setting affiliation of Region 169 from FREE to YOUNG, top: 0x00000000c5480000, TAMS: 0x00000000c5480000, watermark: 0x00000000c5480000, top_bitmap: 0x00000000c5480000
[0.142s][debug][gc                   ] Using new region (1927) for Shared (0x00007faab76e5830).
[0.142s][debug][gc                   ] Setting affiliation of Region 1927 from FREE to YOUNG, top: 0x00000000fc380000, TAMS: 0x00000000fc380000, watermark: 0x00000000fc380000, top_bitmap: 0x00000000fc380000
[0.142s][debug][gc                   ] Using new region (1927) for Shared (0x00007faab76e5830).
[0.142s][debug][gc                   ] Setting affiliation of Region 170 from FREE to YOUNG, top: 0x00000000c5500000, TAMS: 0x00000000c5500000, watermark: 0x00000000c5500000, top_bitmap: 0x00000000c5500000
[0.142s][debug][gc                   ] Setting affiliation of Region 171 from FREE to YOUNG, top: 0x00000000c5580000, TAMS: 0x00000000c5580000, watermark: 0x00000000c5580000, top_bitmap: 0x00000000c5580000
[0.142s][debug][gc                   ] Setting affiliation of Region 172 from FREE to YOUNG, top: 0x00000000c5600000, TAMS: 0x00000000c5600000, watermark: 0x00000000c5600000, top_bitmap: 0x00000000c5600000
[0.142s][debug][gc                   ] should_start_gc (YOUNG)? available: 920723696, soft_max_capacity: 1073741824, allocated: 98935680
[0.142s][debug][gc                   ] YOUNG: average GC time: 0.00 ms, allocation rate: 887 M/s
[0.143s][debug][gc                   ] Using new region (1926) for Shared (0x00007faab76e5830).
[0.143s][debug][gc                   ] Setting affiliation of Region 1926 from FREE to YOUNG, top: 0x00000000fc300000, TAMS: 0x00000000fc300000, watermark: 0x00000000fc300000, top_bitmap: 0x00000000fc300000
[0.143s][debug][gc                   ] Using new region (1926) for Shared (0x00007faab76e5830).
[0.143s][debug][gc                   ] Setting affiliation of Region 173 from FREE to YOUNG, top: 0x00000000c5680000, TAMS: 0x00000000c5680000, watermark: 0x00000000c5680000, top_bitmap: 0x00000000c5680000
[0.143s][debug][gc                   ] Setting affiliation of Region 174 from FREE to YOUNG, top: 0x00000000c5700000, TAMS: 0x00000000c5700000, watermark: 0x00000000c5700000, top_bitmap: 0x00000000c5700000
[0.143s][debug][gc                   ] Setting affiliation of Region 175 from FREE to YOUNG, top: 0x00000000c5780000, TAMS: 0x00000000c5780000, watermark: 0x00000000c5780000, top_bitmap: 0x00000000c5780000
[0.143s][debug][gc                   ] Setting affiliation of Region 176 from FREE to YOUNG, top: 0x00000000c5800000, TAMS: 0x00000000c5800000, watermark: 0x00000000c5800000, top_bitmap: 0x00000000c5800000
[0.143s][debug][gc                   ] Using new region (1925) for Shared (0x00007faab76e5830).
[0.143s][debug][gc                   ] Setting affiliation of Region 1925 from FREE to YOUNG, top: 0x00000000fc280000, TAMS: 0x00000000fc280000, watermark: 0x00000000fc280000, top_bitmap: 0x00000000fc280000
[0.143s][debug][gc                   ] Using new region (1925) for Shared (0x00007faab76e5830).
[0.143s][debug][gc                   ] should_start_gc (YOUNG)? available: 917973056, soft_max_capacity: 1073741824, allocated: 101686320
[0.143s][debug][gc                   ] YOUNG: average GC time: 0.00 ms, allocation rate: 887 M/s
[0.144s][debug][gc                   ] Setting affiliation of Region 177 from FREE to YOUNG, top: 0x00000000c5880000, TAMS: 0x00000000c5880000, watermark: 0x00000000c5880000, top_bitmap: 0x00000000c5880000
[0.144s][debug][gc                   ] Setting affiliation of Region 178 from FREE to YOUNG, top: 0x00000000c5900000, TAMS: 0x00000000c5900000, watermark: 0x00000000c5900000, top_bitmap: 0x00000000c5900000
[0.144s][debug][gc                   ] Setting affiliation of Region 179 from FREE to YOUNG, top: 0x00000000c5980000, TAMS: 0x00000000c5980000, watermark: 0x00000000c5980000, top_bitmap: 0x00000000c5980000
[0.144s][debug][gc                   ] Setting affiliation of Region 180 from FREE to YOUNG, top: 0x00000000c5a00000, TAMS: 0x00000000c5a00000, watermark: 0x00000000c5a00000, top_bitmap: 0x00000000c5a00000
[0.144s][debug][gc                   ] Setting affiliation of Region 181 from FREE to YOUNG, top: 0x00000000c5a80000, TAMS: 0x00000000c5a80000, watermark: 0x00000000c5a80000, top_bitmap: 0x00000000c5a80000
[0.144s][debug][gc                   ] Setting affiliation of Region 182 from FREE to YOUNG, top: 0x00000000c5b00000, TAMS: 0x00000000c5b00000, watermark: 0x00000000c5b00000, top_bitmap: 0x00000000c5b00000
[0.144s][debug][gc                   ] Setting affiliation of Region 183 from FREE to YOUNG, top: 0x00000000c5b80000, TAMS: 0x00000000c5b80000, watermark: 0x00000000c5b80000, top_bitmap: 0x00000000c5b80000
[0.144s][debug][gc                   ] Setting affiliation of Region 184 from FREE to YOUNG, top: 0x00000000c5c00000, TAMS: 0x00000000c5c00000, watermark: 0x00000000c5c00000, top_bitmap: 0x00000000c5c00000
[0.145s][debug][gc                   ] should_start_gc (YOUNG)? available: 913778752, soft_max_capacity: 1073741824, allocated: 105880624
[0.145s][debug][gc                   ] YOUNG: average GC time: 0.00 ms, allocation rate: 887 M/s
[0.145s][debug][gc                   ] Using new region (1924) for Shared (0x00007faab76e5830).
[0.145s][debug][gc                   ] Setting affiliation of Region 1924 from FREE to YOUNG, top: 0x00000000fc200000, TAMS: 0x00000000fc200000, watermark: 0x00000000fc200000, top_bitmap: 0x00000000fc200000
[0.145s][debug][gc                   ] Using new region (1924) for Shared (0x00007faab76e5830).
[0.145s][debug][gc                   ] Setting affiliation of Region 185 from FREE to YOUNG, top: 0x00000000c5c80000, TAMS: 0x00000000c5c80000, watermark: 0x00000000c5c80000, top_bitmap: 0x00000000c5c80000
[0.145s][debug][gc                   ] Setting affiliation of Region 186 from FREE to YOUNG, top: 0x00000000c5d00000, TAMS: 0x00000000c5d00000, watermark: 0x00000000c5d00000, top_bitmap: 0x00000000c5d00000
[0.145s][debug][gc                   ] Setting affiliation of Region 187 from FREE to YOUNG, top: 0x00000000c5d80000, TAMS: 0x00000000c5d80000, watermark: 0x00000000c5d80000, top_bitmap: 0x00000000c5d80000
[0.145s][debug][gc                   ] Setting affiliation of Region 188 from FREE to YOUNG, top: 0x00000000c5e00000, TAMS: 0x00000000c5e00000, watermark: 0x00000000c5e00000, top_bitmap: 0x00000000c5e00000
[0.145s][debug][gc                   ] Setting affiliation of Region 189 from FREE to YOUNG, top: 0x00000000c5e80000, TAMS: 0x00000000c5e80000, watermark: 0x00000000c5e80000, top_bitmap: 0x00000000c5e80000
[0.146s][debug][gc                   ] should_start_gc (YOUNG)? available: 910766792, soft_max_capacity: 1073741824, allocated: 108892584
[0.146s][debug][gc                   ] YOUNG: average GC time: 0.00 ms, allocation rate: 887 M/s
[0.146s][debug][gc                   ] Setting affiliation of Region 190 from FREE to YOUNG, top: 0x00000000c5f00000, TAMS: 0x00000000c5f00000, watermark: 0x00000000c5f00000, top_bitmap: 0x00000000c5f00000
[0.146s][debug][gc                   ] Setting affiliation of Region 191 from FREE to YOUNG, top: 0x00000000c5f80000, TAMS: 0x00000000c5f80000, watermark: 0x00000000c5f80000, top_bitmap: 0x00000000c5f80000
[0.146s][debug][gc                   ] Setting affiliation of Region 192 from FREE to YOUNG, top: 0x00000000c6000000, TAMS: 0x00000000c6000000, watermark: 0x00000000c6000000, top_bitmap: 0x00000000c6000000
[0.146s][debug][gc                   ] Setting affiliation of Region 193 from FREE to YOUNG, top: 0x00000000c6080000, TAMS: 0x00000000c6080000, watermark: 0x00000000c6080000, top_bitmap: 0x00000000c6080000
[0.146s][debug][gc                   ] Setting affiliation of Region 194 from FREE to YOUNG, top: 0x00000000c6100000, TAMS: 0x00000000c6100000, watermark: 0x00000000c6100000, top_bitmap: 0x00000000c6100000
[0.147s][debug][gc                   ] should_start_gc (YOUNG)? available: 908145352, soft_max_capacity: 1073741824, allocated: 111514024
[0.147s][debug][gc                   ] YOUNG: average GC time: 0.00 ms, allocation rate: 887 M/s
[0.147s][debug][gc                   ] Setting affiliation of Region 195 from FREE to YOUNG, top: 0x00000000c6180000, TAMS: 0x00000000c6180000, watermark: 0x00000000c6180000, top_bitmap: 0x00000000c6180000
[0.147s][debug][gc                   ] Setting affiliation of Region 196 from FREE to YOUNG, top: 0x00000000c6200000, TAMS: 0x00000000c6200000, watermark: 0x00000000c6200000, top_bitmap: 0x00000000c6200000
[0.147s][debug][gc                   ] Setting affiliation of Region 197 from FREE to YOUNG, top: 0x00000000c6280000, TAMS: 0x00000000c6280000, watermark: 0x00000000c6280000, top_bitmap: 0x00000000c6280000
[0.147s][debug][gc                   ] Using new region (1923) for Shared (0x00007faab76e5830).
[0.147s][debug][gc                   ] Setting affiliation of Region 1923 from FREE to YOUNG, top: 0x00000000fc180000, TAMS: 0x00000000fc180000, watermark: 0x00000000fc180000, top_bitmap: 0x00000000fc180000
[0.147s][debug][gc                   ] Using new region (1923) for Shared (0x00007faab76e5830).
[0.147s][debug][gc                   ] Setting affiliation of Region 198 from FREE to YOUNG, top: 0x00000000c6300000, TAMS: 0x00000000c6300000, watermark: 0x00000000c6300000, top_bitmap: 0x00000000c6300000
[0.147s][debug][gc                   ] Setting affiliation of Region 199 from FREE to YOUNG, top: 0x00000000c6380000, TAMS: 0x00000000c6380000, watermark: 0x00000000c6380000, top_bitmap: 0x00000000c6380000
[0.148s][debug][gc                   ] should_start_gc (YOUNG)? available: 905003992, soft_max_capacity: 1073741824, allocated: 114655384
[0.148s][debug][gc                   ] YOUNG: average GC time: 0.00 ms, allocation rate: 887 M/s
[0.149s][debug][gc                   ] should_start_gc (YOUNG)? available: 905003992, soft_max_capacity: 1073741824, allocated: 114655384
[0.149s][debug][gc                   ] YOUNG: average GC time: 0.00 ms, allocation rate: 887 M/s
[0.150s][debug][gc                   ] should_start_gc (YOUNG)? available: 905003992, soft_max_capacity: 1073741824, allocated: 114655384
[0.150s][debug][gc                   ] YOUNG: average GC time: 0.00 ms, allocation rate: 887 M/s
[0.151s][debug][gc                   ] Using new region (1922) for Shared (0x00007faab76e5830).
[0.151s][debug][gc                   ] Setting affiliation of Region 1922 from FREE to YOUNG, top: 0x00000000fc100000, TAMS: 0x00000000fc100000, watermark: 0x00000000fc100000, top_bitmap: 0x00000000fc100000
[0.151s][debug][gc                   ] Using new region (1922) for Shared (0x00007faab76e5830).
[0.151s][debug][gc                   ] should_start_gc (YOUNG)? available: 904592080, soft_max_capacity: 1073741824, allocated: 115067296
[0.151s][debug][gc                   ] YOUNG: average GC time: 0.00 ms, allocation rate: 887 M/s
[0.151s][debug][gc                   ] Setting affiliation of Region 200 from FREE to YOUNG, top: 0x00000000c6400000, TAMS: 0x00000000c6400000, watermark: 0x00000000c6400000, top_bitmap: 0x00000000c6400000
[0.151s][debug][gc                   ] Setting affiliation of Region 201 from FREE to YOUNG, top: 0x00000000c6480000, TAMS: 0x00000000c6480000, watermark: 0x00000000c6480000, top_bitmap: 0x00000000c6480000
[0.151s][debug][gc                   ] Setting affiliation of Region 202 from FREE to YOUNG, top: 0x00000000c6500000, TAMS: 0x00000000c6500000, watermark: 0x00000000c6500000, top_bitmap: 0x00000000c6500000
[0.151s][debug][gc                   ] Setting affiliation of Region 203 from FREE to YOUNG, top: 0x00000000c6580000, TAMS: 0x00000000c6580000, watermark: 0x00000000c6580000, top_bitmap: 0x00000000c6580000
[0.151s][debug][gc                   ] Setting affiliation of Region 204 from FREE to YOUNG, top: 0x00000000c6600000, TAMS: 0x00000000c6600000, watermark: 0x00000000c6600000, top_bitmap: 0x00000000c6600000
[0.152s][debug][gc                   ] Setting affiliation of Region 205 from FREE to YOUNG, top: 0x00000000c6680000, TAMS: 0x00000000c6680000, watermark: 0x00000000c6680000, top_bitmap: 0x00000000c6680000
[0.152s][debug][gc                   ] Setting affiliation of Region 206 from FREE to YOUNG, top: 0x00000000c6700000, TAMS: 0x00000000c6700000, watermark: 0x00000000c6700000, top_bitmap: 0x00000000c6700000
[0.152s][debug][gc                   ] Setting affiliation of Region 207 from FREE to YOUNG, top: 0x00000000c6780000, TAMS: 0x00000000c6780000, watermark: 0x00000000c6780000, top_bitmap: 0x00000000c6780000
[0.152s][debug][gc                   ] should_start_gc (YOUNG)? available: 899901992, soft_max_capacity: 1073741824, allocated: 119669392
[0.152s][debug][gc                   ] YOUNG: average GC time: 0.00 ms, allocation rate: 887 M/s
[0.152s][debug][gc                   ] Setting affiliation of Region 208 from FREE to YOUNG, top: 0x00000000c6800000, TAMS: 0x00000000c6800000, watermark: 0x00000000c6800000, top_bitmap: 0x00000000c6800000
[0.152s][debug][gc                   ] Setting affiliation of Region 209 from FREE to YOUNG, top: 0x00000000c6880000, TAMS: 0x00000000c6880000, watermark: 0x00000000c6880000, top_bitmap: 0x00000000c6880000
[0.152s][debug][gc                   ] Setting affiliation of Region 210 from FREE to YOUNG, top: 0x00000000c6900000, TAMS: 0x00000000c6900000, watermark: 0x00000000c6900000, top_bitmap: 0x00000000c6900000
[0.153s][debug][gc                   ] Setting affiliation of Region 211 from FREE to YOUNG, top: 0x00000000c6980000, TAMS: 0x00000000c6980000, watermark: 0x00000000c6980000, top_bitmap: 0x00000000c6980000
[0.153s][debug][gc                   ] Setting affiliation of Region 212 from FREE to YOUNG, top: 0x00000000c6a00000, TAMS: 0x00000000c6a00000, watermark: 0x00000000c6a00000, top_bitmap: 0x00000000c6a00000
[0.153s][debug][gc                   ] should_start_gc (YOUNG)? available: 897280552, soft_max_capacity: 1073741824, allocated: 122290832
[0.153s][debug][gc                   ] YOUNG: average GC time: 0.00 ms, allocation rate: 887 M/s
[0.153s][debug][gc                   ] Setting affiliation of Region 213 from FREE to YOUNG, top: 0x00000000c6a80000, TAMS: 0x00000000c6a80000, watermark: 0x00000000c6a80000, top_bitmap: 0x00000000c6a80000
[0.153s][debug][gc                   ] Setting affiliation of Region 214 from FREE to YOUNG, top: 0x00000000c6b00000, TAMS: 0x00000000c6b00000, watermark: 0x00000000c6b00000, top_bitmap: 0x00000000c6b00000
[0.154s][debug][gc                   ] Setting affiliation of Region 215 from FREE to YOUNG, top: 0x00000000c6b80000, TAMS: 0x00000000c6b80000, watermark: 0x00000000c6b80000, top_bitmap: 0x00000000c6b80000
[0.154s][debug][gc                   ] Setting affiliation of Region 216 from FREE to YOUNG, top: 0x00000000c6c00000, TAMS: 0x00000000c6c00000, watermark: 0x00000000c6c00000, top_bitmap: 0x00000000c6c00000
[0.154s][debug][gc                   ] Setting affiliation of Region 217 from FREE to YOUNG, top: 0x00000000c6c80000, TAMS: 0x00000000c6c80000, watermark: 0x00000000c6c80000, top_bitmap: 0x00000000c6c80000
[0.154s][debug][gc                   ] Setting affiliation of Region 218 from FREE to YOUNG, top: 0x00000000c6d00000, TAMS: 0x00000000c6d00000, watermark: 0x00000000c6d00000, top_bitmap: 0x00000000c6d00000
[0.154s][debug][gc                   ] Setting affiliation of Region 219 from FREE to YOUNG, top: 0x00000000c6d80000, TAMS: 0x00000000c6d80000, watermark: 0x00000000c6d80000, top_bitmap: 0x00000000c6d80000
[0.154s][debug][gc                   ] should_start_gc (YOUNG)? available: 893610536, soft_max_capacity: 1073741824, allocated: 125960848
[0.154s][debug][gc                   ] YOUNG: average GC time: 0.00 ms, allocation rate: 887 M/s
[0.154s][debug][gc                   ] Setting affiliation of Region 220 from FREE to YOUNG, top: 0x00000000c6e00000, TAMS: 0x00000000c6e00000, watermark: 0x00000000c6e00000, top_bitmap: 0x00000000c6e00000
[0.154s][debug][gc                   ] Setting affiliation of Region 221 from FREE to YOUNG, top: 0x00000000c6e80000, TAMS: 0x00000000c6e80000, watermark: 0x00000000c6e80000, top_bitmap: 0x00000000c6e80000
[0.155s][debug][gc                   ] Using new region (1921) for Shared (0x00007faab76e5830).
[0.155s][debug][gc                   ] Setting affiliation of Region 1921 from FREE to YOUNG, top: 0x00000000fc080000, TAMS: 0x00000000fc080000, watermark: 0x00000000fc080000, top_bitmap: 0x00000000fc080000
[0.155s][debug][gc                   ] Using new region (1921) for Shared (0x00007faab76e5830).
[0.155s][debug][gc                   ] Using new region (1920) for Shared (0x00007faab76e5830).
[0.155s][debug][gc                   ] Setting affiliation of Region 1920 from FREE to YOUNG, top: 0x00000000fc000000, TAMS: 0x00000000fc000000, watermark: 0x00000000fc000000, top_bitmap: 0x00000000fc000000
[0.155s][debug][gc                   ] Using new region (1920) for Shared (0x00007faab76e5830).
[0.155s][debug][gc                   ] Setting affiliation of Region 222 from FREE to YOUNG, top: 0x00000000c6f00000, TAMS: 0x00000000c6f00000, watermark: 0x00000000c6f00000, top_bitmap: 0x00000000c6f00000
[0.155s][debug][gc                   ] Setting affiliation of Region 223 from FREE to YOUNG, top: 0x00000000c6f80000, TAMS: 0x00000000c6f80000, watermark: 0x00000000c6f80000, top_bitmap: 0x00000000c6f80000
[0.155s][debug][gc                   ] Setting affiliation of Region 224 from FREE to YOUNG, top: 0x00000000c7000000, TAMS: 0x00000000c7000000, watermark: 0x00000000c7000000, top_bitmap: 0x00000000c7000000
[0.155s][debug][gc                   ] should_start_gc (YOUNG)? available: 889998040, soft_max_capacity: 1073741824, allocated: 129516928
[0.155s][debug][gc                   ] YOUNG: average GC time: 0.00 ms, allocation rate: 887 M/s
[0.156s][debug][gc                   ] Using new region (1919) for Shared (0x00007faab76e5830).
[0.156s][debug][gc                   ] Setting affiliation of Region 1919 from FREE to YOUNG, top: 0x00000000fbf80000, TAMS: 0x00000000fbf80000, watermark: 0x00000000fbf80000, top_bitmap: 0x00000000fbf80000
[0.156s][debug][gc                   ] Using new region (1919) for Shared (0x00007faab76e5830).
[0.156s][debug][gc                   ] Setting affiliation of Region 225 from FREE to YOUNG, top: 0x00000000c7080000, TAMS: 0x00000000c7080000, watermark: 0x00000000c7080000, top_bitmap: 0x00000000c7080000
[0.156s][debug][gc                   ] Setting affiliation of Region 226 from FREE to YOUNG, top: 0x00000000c7100000, TAMS: 0x00000000c7100000, watermark: 0x00000000c7100000, top_bitmap: 0x00000000c7100000
[0.156s][debug][gc                   ] Using new region (1918) for Shared (0x00007faab76e5830).
[0.156s][debug][gc                   ] Setting affiliation of Region 1918 from FREE to YOUNG, top: 0x00000000fbf00000, TAMS: 0x00000000fbf00000, watermark: 0x00000000fbf00000, top_bitmap: 0x00000000fbf00000
[0.156s][debug][gc                   ] Using new region (1918) for Shared (0x00007faab76e5830).
[0.156s][debug][gc                   ] should_start_gc (YOUNG)? available: 887964168, soft_max_capacity: 1073741824, allocated: 131466448
[0.156s][debug][gc                   ] YOUNG: average GC time: 0.00 ms, allocation rate: 887 M/s
[0.156s][debug][gc                   ] Using new region (1917) for Shared (0x00007faab76e5830).
[0.156s][debug][gc                   ] Setting affiliation of Region 1917 from FREE to YOUNG, top: 0x00000000fbe80000, TAMS: 0x00000000fbe80000, watermark: 0x00000000fbe80000, top_bitmap: 0x00000000fbe80000
[0.156s][debug][gc                   ] Using new region (1917) for Shared (0x00007faab76e5830).
[0.156s][debug][gc                   ] Setting affiliation of Region 227 from FREE to YOUNG, top: 0x00000000c7180000, TAMS: 0x00000000c7180000, watermark: 0x00000000c7180000, top_bitmap: 0x00000000c7180000
[0.156s][debug][gc                   ] Setting affiliation of Region 228 from FREE to YOUNG, top: 0x00000000c7200000, TAMS: 0x00000000c7200000, watermark: 0x00000000c7200000, top_bitmap: 0x00000000c7200000
[0.157s][debug][gc                   ] Using new region (1916) for Shared (0x00007faab76e5830).
[0.157s][debug][gc                   ] Setting affiliation of Region 1916 from FREE to YOUNG, top: 0x00000000fbe00000, TAMS: 0x00000000fbe00000, watermark: 0x00000000fbe00000, top_bitmap: 0x00000000fbe00000
[0.157s][debug][gc                   ] Using new region (1916) for Shared (0x00007faab76e5830).
[0.157s][debug][gc                   ] Setting affiliation of Region 229 from FREE to YOUNG, top: 0x00000000c7280000, TAMS: 0x00000000c7280000, watermark: 0x00000000c7280000, top_bitmap: 0x00000000c7280000
[0.157s][debug][gc                   ] Setting affiliation of Region 230 from FREE to YOUNG, top: 0x00000000c7300000, TAMS: 0x00000000c7300000, watermark: 0x00000000c7300000, top_bitmap: 0x00000000c7300000
[0.157s][debug][gc                   ] Setting affiliation of Region 231 from FREE to YOUNG, top: 0x00000000c7380000, TAMS: 0x00000000c7380000, watermark: 0x00000000c7380000, top_bitmap: 0x00000000c7380000
[0.157s][debug][gc                   ] Setting affiliation of Region 232 from FREE to YOUNG, top: 0x00000000c7400000, TAMS: 0x00000000c7400000, watermark: 0x00000000c7400000, top_bitmap: 0x00000000c7400000
[0.157s][debug][gc                   ] should_start_gc (YOUNG)? available: 883786776, soft_max_capacity: 1073741824, allocated: 135581536
[0.157s][debug][gc                   ] YOUNG: average GC time: 0.00 ms, allocation rate: 887 M/s
[0.158s][debug][gc                   ] should_start_gc (YOUNG)? available: 883748368, soft_max_capacity: 1073741824, allocated: 135619944
[0.158s][debug][gc                   ] YOUNG: average GC time: 0.00 ms, allocation rate: 887 M/s
[0.159s][debug][gc                   ] should_start_gc (YOUNG)? available: 883748368, soft_max_capacity: 1073741824, allocated: 135619944
[0.159s][debug][gc                   ] YOUNG: average GC time: 0.00 ms, allocation rate: 887 M/s
[0.160s][debug][gc                   ] should_start_gc (YOUNG)? available: 883748368, soft_max_capacity: 1073741824, allocated: 135619944
[0.160s][debug][gc                   ] YOUNG: average GC time: 0.00 ms, allocation rate: 887 M/s
[0.161s][debug][gc                   ] Setting affiliation of Region 233 from FREE to YOUNG, top: 0x00000000c7480000, TAMS: 0x00000000c7480000, watermark: 0x00000000c7480000, top_bitmap: 0x00000000c7480000
[0.161s][debug][gc                   ] Setting affiliation of Region 234 from FREE to YOUNG, top: 0x00000000c7500000, TAMS: 0x00000000c7500000, watermark: 0x00000000c7500000, top_bitmap: 0x00000000c7500000
[0.161s][debug][gc                   ] Setting affiliation of Region 235 from FREE to YOUNG, top: 0x00000000c7580000, TAMS: 0x00000000c7580000, watermark: 0x00000000c7580000, top_bitmap: 0x00000000c7580000
[0.161s][debug][gc                   ] Setting affiliation of Region 236 from FREE to YOUNG, top: 0x00000000c7600000, TAMS: 0x00000000c7600000, watermark: 0x00000000c7600000, top_bitmap: 0x00000000c7600000
[0.161s][debug][gc                   ] Setting affiliation of Region 237 from FREE to YOUNG, top: 0x00000000c7680000, TAMS: 0x00000000c7680000, watermark: 0x00000000c7680000, top_bitmap: 0x00000000c7680000
[0.162s][debug][gc                   ] should_start_gc (YOUNG)? available: 881126928, soft_max_capacity: 1073741824, allocated: 138241384
[0.162s][debug][gc                   ] YOUNG: average GC time: 0.00 ms, allocation rate: 887 M/s
[0.162s][debug][gc                   ] Using new region (1915) for Shared (0x00007faab76e5830).
[0.162s][debug][gc                   ] Setting affiliation of Region 1915 from FREE to YOUNG, top: 0x00000000fbd80000, TAMS: 0x00000000fbd80000, watermark: 0x00000000fbd80000, top_bitmap: 0x00000000fbd80000
[0.162s][debug][gc                   ] Using new region (1915) for Shared (0x00007faab76e5830).
[0.162s][debug][gc                   ] Using new region (1914) for Shared (0x00007faab76e5830).
[0.162s][debug][gc                   ] Setting affiliation of Region 1914 from FREE to YOUNG, top: 0x00000000fbd00000, TAMS: 0x00000000fbd00000, watermark: 0x00000000fbd00000, top_bitmap: 0x00000000fbd00000
[0.162s][debug][gc                   ] Using new region (1914) for Shared (0x00007faab76e5830).
[0.162s][debug][gc,nmethod           ] Register NMethod: java.util.concurrent.atomic.AtomicLong.get [0x00007faaa01cb408] (c1)
[0.162s][debug][gc                   ] Setting affiliation of Region 238 from FREE to YOUNG, top: 0x00000000c7700000, TAMS: 0x00000000c7700000, watermark: 0x00000000c7700000, top_bitmap: 0x00000000c7700000
[0.162s][debug][gc                   ] Setting affiliation of Region 239 from FREE to YOUNG, top: 0x00000000c7780000, TAMS: 0x00000000c7780000, watermark: 0x00000000c7780000, top_bitmap: 0x00000000c7780000
[0.162s][debug][gc                   ] Setting affiliation of Region 240 from FREE to YOUNG, top: 0x00000000c7800000, TAMS: 0x00000000c7800000, watermark: 0x00000000c7800000, top_bitmap: 0x00000000c7800000
[0.162s][debug][gc                   ] Setting affiliation of Region 241 from FREE to YOUNG, top: 0x00000000c7880000, TAMS: 0x00000000c7880000, watermark: 0x00000000c7880000, top_bitmap: 0x00000000c7880000
[0.162s][debug][gc                   ] Setting affiliation of Region 242 from FREE to YOUNG, top: 0x00000000c7900000, TAMS: 0x00000000c7900000, watermark: 0x00000000c7900000, top_bitmap: 0x00000000c7900000
[0.163s][debug][gc                   ] should_start_gc (YOUNG)? available: 877887120, soft_max_capacity: 1073741824, allocated: 141443072
[0.163s][debug][gc                   ] YOUNG: average GC time: 0.00 ms, allocation rate: 887 M/s
[0.163s][debug][gc                   ] Setting affiliation of Region 243 from FREE to YOUNG, top: 0x00000000c7980000, TAMS: 0x00000000c7980000, watermark: 0x00000000c7980000, top_bitmap: 0x00000000c7980000
[0.163s][debug][gc                   ] Setting affiliation of Region 244 from FREE to YOUNG, top: 0x00000000c7a00000, TAMS: 0x00000000c7a00000, watermark: 0x00000000c7a00000, top_bitmap: 0x00000000c7a00000
[0.163s][debug][gc                   ] Setting affiliation of Region 245 from FREE to YOUNG, top: 0x00000000c7a80000, TAMS: 0x00000000c7a80000, watermark: 0x00000000c7a80000, top_bitmap: 0x00000000c7a80000
[0.163s][debug][gc                   ] Setting affiliation of Region 246 from FREE to YOUNG, top: 0x00000000c7b00000, TAMS: 0x00000000c7b00000, watermark: 0x00000000c7b00000, top_bitmap: 0x00000000c7b00000
[0.163s][debug][gc                   ] Setting affiliation of Region 247 from FREE to YOUNG, top: 0x00000000c7b80000, TAMS: 0x00000000c7b80000, watermark: 0x00000000c7b80000, top_bitmap: 0x00000000c7b80000
[0.163s][debug][gc                   ] Setting affiliation of Region 248 from FREE to YOUNG, top: 0x00000000c7c00000, TAMS: 0x00000000c7c00000, watermark: 0x00000000c7c00000, top_bitmap: 0x00000000c7c00000
[0.163s][debug][gc                   ] Setting affiliation of Region 249 from FREE to YOUNG, top: 0x00000000c7c80000, TAMS: 0x00000000c7c80000, watermark: 0x00000000c7c80000, top_bitmap: 0x00000000c7c80000
[0.164s][debug][gc                   ] should_start_gc (YOUNG)? available: 874217104, soft_max_capacity: 1073741824, allocated: 145113088
[0.164s][debug][gc                   ] YOUNG: average GC time: 0.00 ms, allocation rate: 887 M/s
[0.164s][debug][gc                   ] Setting affiliation of Region 250 from FREE to YOUNG, top: 0x00000000c7d00000, TAMS: 0x00000000c7d00000, watermark: 0x00000000c7d00000, top_bitmap: 0x00000000c7d00000
[0.164s][debug][gc                   ] Setting affiliation of Region 251 from FREE to YOUNG, top: 0x00000000c7d80000, TAMS: 0x00000000c7d80000, watermark: 0x00000000c7d80000, top_bitmap: 0x00000000c7d80000
[0.164s][debug][gc                   ] Using new region (1913) for Shared (0x00007faab76e5830).
[0.164s][debug][gc                   ] Setting affiliation of Region 1913 from FREE to YOUNG, top: 0x00000000fbc80000, TAMS: 0x00000000fbc80000, watermark: 0x00000000fbc80000, top_bitmap: 0x00000000fbc80000
[0.164s][debug][gc                   ] Using new region (1913) for Shared (0x00007faab76e5830).
[0.164s][debug][gc                   ] Setting affiliation of Region 252 from FREE to YOUNG, top: 0x00000000c7e00000, TAMS: 0x00000000c7e00000, watermark: 0x00000000c7e00000, top_bitmap: 0x00000000c7e00000
[0.164s][debug][gc                   ] Setting affiliation of Region 253 from FREE to YOUNG, top: 0x00000000c7e80000, TAMS: 0x00000000c7e80000, watermark: 0x00000000c7e80000, top_bitmap: 0x00000000c7e80000
[0.165s][debug][gc                   ] Using new region (1912) for Shared (0x00007faab76e5830).
[0.165s][debug][gc                   ] Setting affiliation of Region 1912 from FREE to YOUNG, top: 0x00000000fbc00000, TAMS: 0x00000000fbc00000, watermark: 0x00000000fbc00000, top_bitmap: 0x00000000fbc00000
[0.165s][debug][gc                   ] Using new region (1912) for Shared (0x00007faab76e5830).
[0.165s][debug][gc                   ] should_start_gc (YOUNG)? available: 871012840, soft_max_capacity: 1073741824, allocated: 148232208
[0.165s][debug][gc                   ] YOUNG: average GC time: 0.00 ms, allocation rate: 887 M/s
[0.165s][debug][gc                   ] Setting affiliation of Region 254 from FREE to YOUNG, top: 0x00000000c7f00000, TAMS: 0x00000000c7f00000, watermark: 0x00000000c7f00000, top_bitmap: 0x00000000c7f00000
[0.165s][debug][gc                   ] Setting affiliation of Region 255 from FREE to YOUNG, top: 0x00000000c7f80000, TAMS: 0x00000000c7f80000, watermark: 0x00000000c7f80000, top_bitmap: 0x00000000c7f80000
[0.165s][debug][gc                   ] Setting affiliation of Region 256 from FREE to YOUNG, top: 0x00000000c8000000, TAMS: 0x00000000c8000000, watermark: 0x00000000c8000000, top_bitmap: 0x00000000c8000000
[0.165s][debug][gc                   ] Setting affiliation of Region 257 from FREE to YOUNG, top: 0x00000000c8080000, TAMS: 0x00000000c8080000, watermark: 0x00000000c8080000, top_bitmap: 0x00000000c8080000
[0.166s][debug][gc                   ] Setting affiliation of Region 258 from FREE to YOUNG, top: 0x00000000c8100000, TAMS: 0x00000000c8100000, watermark: 0x00000000c8100000, top_bitmap: 0x00000000c8100000
[0.166s][debug][gc                   ] Setting affiliation of Region 259 from FREE to YOUNG, top: 0x00000000c8180000, TAMS: 0x00000000c8180000, watermark: 0x00000000c8180000, top_bitmap: 0x00000000c8180000
[0.166s][debug][gc                   ] should_start_gc (YOUNG)? available: 867454816, soft_max_capacity: 1073741824, allocated: 151790232
[0.166s][debug][gc                   ] YOUNG: average GC time: 0.00 ms, allocation rate: 887 M/s
[0.166s][debug][gc                   ] Using new region (1911) for Shared (0x00007faab76e5830).
[0.166s][debug][gc                   ] Setting affiliation of Region 1911 from FREE to YOUNG, top: 0x00000000fbb80000, TAMS: 0x00000000fbb80000, watermark: 0x00000000fbb80000, top_bitmap: 0x00000000fbb80000
[0.166s][debug][gc                   ] Using new region (1911) for Shared (0x00007faab76e5830).
[0.166s][debug][gc                   ] Setting affiliation of Region 260 from FREE to YOUNG, top: 0x00000000c8200000, TAMS: 0x00000000c8200000, watermark: 0x00000000c8200000, top_bitmap: 0x00000000c8200000
[0.166s][debug][gc                   ] Setting affiliation of Region 261 from FREE to YOUNG, top: 0x00000000c8280000, TAMS: 0x00000000c8280000, watermark: 0x00000000c8280000, top_bitmap: 0x00000000c8280000
[0.166s][debug][gc                   ] Setting affiliation of Region 262 from FREE to YOUNG, top: 0x00000000c8300000, TAMS: 0x00000000c8300000, watermark: 0x00000000c8300000, top_bitmap: 0x00000000c8300000
[0.166s][debug][gc                   ] Setting affiliation of Region 263 from FREE to YOUNG, top: 0x00000000c8380000, TAMS: 0x00000000c8380000, watermark: 0x00000000c8380000, top_bitmap: 0x00000000c8380000
[0.166s][debug][gc                   ] Setting affiliation of Region 264 from FREE to YOUNG, top: 0x00000000c8400000, TAMS: 0x00000000c8400000, watermark: 0x00000000c8400000, top_bitmap: 0x00000000c8400000
[0.167s][debug][gc                   ] Setting affiliation of Region 265 from FREE to YOUNG, top: 0x00000000c8480000, TAMS: 0x00000000c8480000, watermark: 0x00000000c8480000, top_bitmap: 0x00000000c8480000
[0.167s][debug][gc                   ] Setting affiliation of Region 266 from FREE to YOUNG, top: 0x00000000c8500000, TAMS: 0x00000000c8500000, watermark: 0x00000000c8500000, top_bitmap: 0x00000000c8500000
[0.167s][debug][gc                   ] should_start_gc (YOUNG)? available: 863270632, soft_max_capacity: 1073741824, allocated: 155873248
[0.167s][debug][gc                   ] YOUNG: average GC time: 0.00 ms, allocation rate: 887 M/s
[0.167s][debug][gc                   ] Using new region (1910) for Shared (0x00007faab76e5830).
[0.167s][debug][gc                   ] Setting affiliation of Region 1910 from FREE to YOUNG, top: 0x00000000fbb00000, TAMS: 0x00000000fbb00000, watermark: 0x00000000fbb00000, top_bitmap: 0x00000000fbb00000
[0.167s][debug][gc                   ] Using new region (1910) for Shared (0x00007faab76e5830).
[0.168s][debug][gc                   ] should_start_gc (YOUNG)? available: 862813176, soft_max_capacity: 1073741824, allocated: 156330704
[0.168s][debug][gc                   ] YOUNG: average GC time: 0.00 ms, allocation rate: 887 M/s
[0.169s][debug][gc                   ] should_start_gc (YOUNG)? available: 862813176, soft_max_capacity: 1073741824, allocated: 156330704
[0.169s][debug][gc                   ] YOUNG: average GC time: 0.00 ms, allocation rate: 887 M/s
[0.170s][debug][gc                   ] should_start_gc (YOUNG)? available: 862813176, soft_max_capacity: 1073741824, allocated: 156330704
[0.170s][debug][gc                   ] YOUNG: average GC time: 0.00 ms, allocation rate: 887 M/s
[0.170s][debug][gc                   ] Setting affiliation of Region 267 from FREE to YOUNG, top: 0x00000000c8580000, TAMS: 0x00000000c8580000, watermark: 0x00000000c8580000, top_bitmap: 0x00000000c8580000
[0.170s][debug][gc                   ] Setting affiliation of Region 268 from FREE to YOUNG, top: 0x00000000c8600000, TAMS: 0x00000000c8600000, watermark: 0x00000000c8600000, top_bitmap: 0x00000000c8600000
[0.171s][debug][gc                   ] Setting affiliation of Region 269 from FREE to YOUNG, top: 0x00000000c8680000, TAMS: 0x00000000c8680000, watermark: 0x00000000c8680000, top_bitmap: 0x00000000c8680000
[0.171s][debug][gc                   ] Setting affiliation of Region 270 from FREE to YOUNG, top: 0x00000000c8700000, TAMS: 0x00000000c8700000, watermark: 0x00000000c8700000, top_bitmap: 0x00000000c8700000
[0.171s][debug][gc                   ] Setting affiliation of Region 271 from FREE to YOUNG, top: 0x00000000c8780000, TAMS: 0x00000000c8780000, watermark: 0x00000000c8780000, top_bitmap: 0x00000000c8780000
[0.171s][debug][gc                   ] should_start_gc (YOUNG)? available: 860191736, soft_max_capacity: 1073741824, allocated: 158952144
[0.171s][debug][gc                   ] YOUNG: average GC time: 0.00 ms, allocation rate: 887 M/s
[0.171s][debug][gc                   ] Using new region (1909) for Shared (0x00007faab76e5830).
[0.171s][debug][gc                   ] Setting affiliation of Region 1909 from FREE to YOUNG, top: 0x00000000fba80000, TAMS: 0x00000000fba80000, watermark: 0x00000000fba80000, top_bitmap: 0x00000000fba80000
[0.171s][debug][gc                   ] Using new region (1909) for Shared (0x00007faab76e5830).
[0.172s][debug][gc                   ] Setting affiliation of Region 272 from FREE to YOUNG, top: 0x00000000c8800000, TAMS: 0x00000000c8800000, watermark: 0x00000000c8800000, top_bitmap: 0x00000000c8800000
[0.172s][debug][gc                   ] Setting affiliation of Region 273 from FREE to YOUNG, top: 0x00000000c8880000, TAMS: 0x00000000c8880000, watermark: 0x00000000c8880000, top_bitmap: 0x00000000c8880000
[0.172s][debug][gc                   ] Setting affiliation of Region 274 from FREE to YOUNG, top: 0x00000000c8900000, TAMS: 0x00000000c8900000, watermark: 0x00000000c8900000, top_bitmap: 0x00000000c8900000
[0.172s][debug][gc                   ] should_start_gc (YOUNG)? available: 857469560, soft_max_capacity: 1073741824, allocated: 161516000
[0.172s][debug][gc                   ] YOUNG: average GC time: 0.00 ms, allocation rate: 887 M/s
[0.172s][debug][gc                   ] Setting affiliation of Region 275 from FREE to YOUNG, top: 0x00000000c8980000, TAMS: 0x00000000c8980000, watermark: 0x00000000c8980000, top_bitmap: 0x00000000c8980000
[0.172s][debug][gc                   ] Setting affiliation of Region 276 from FREE to YOUNG, top: 0x00000000c8a00000, TAMS: 0x00000000c8a00000, watermark: 0x00000000c8a00000, top_bitmap: 0x00000000c8a00000
[0.172s][debug][gc                   ] Setting affiliation of Region 277 from FREE to YOUNG, top: 0x00000000c8a80000, TAMS: 0x00000000c8a80000, watermark: 0x00000000c8a80000, top_bitmap: 0x00000000c8a80000
[0.172s][debug][gc                   ] Setting affiliation of Region 278 from FREE to YOUNG, top: 0x00000000c8b00000, TAMS: 0x00000000c8b00000, watermark: 0x00000000c8b00000, top_bitmap: 0x00000000c8b00000
[0.172s][debug][gc                   ] Setting affiliation of Region 279 from FREE to YOUNG, top: 0x00000000c8b80000, TAMS: 0x00000000c8b80000, watermark: 0x00000000c8b80000, top_bitmap: 0x00000000c8b80000
[0.173s][debug][gc                   ] Setting affiliation of Region 280 from FREE to YOUNG, top: 0x00000000c8c00000, TAMS: 0x00000000c8c00000, watermark: 0x00000000c8c00000, top_bitmap: 0x00000000c8c00000
[0.173s][debug][gc                   ] Setting affiliation of Region 281 from FREE to YOUNG, top: 0x00000000c8c80000, TAMS: 0x00000000c8c80000, watermark: 0x00000000c8c80000, top_bitmap: 0x00000000c8c80000
[0.173s][debug][gc                   ] Using new region (1908) for Shared (0x00007faab76e5830).
[0.173s][debug][gc                   ] Setting affiliation of Region 1908 from FREE to YOUNG, top: 0x00000000fba00000, TAMS: 0x00000000fba00000, watermark: 0x00000000fba00000, top_bitmap: 0x00000000fba00000
[0.173s][debug][gc                   ] Using new region (1908) for Shared (0x00007faab76e5830).
[0.173s][debug][gc                   ] should_start_gc (YOUNG)? available: 853398872, soft_max_capacity: 1073741824, allocated: 165464368
[0.173s][debug][gc                   ] YOUNG: average GC time: 0.00 ms, allocation rate: 887 M/s
[0.173s][debug][gc                   ] Setting affiliation of Region 282 from FREE to YOUNG, top: 0x00000000c8d00000, TAMS: 0x00000000c8d00000, watermark: 0x00000000c8d00000, top_bitmap: 0x00000000c8d00000
[0.173s][debug][gc                   ] Setting affiliation of Region 283 from FREE to YOUNG, top: 0x00000000c8d80000, TAMS: 0x00000000c8d80000, watermark: 0x00000000c8d80000, top_bitmap: 0x00000000c8d80000
[0.173s][debug][gc                   ] Setting affiliation of Region 284 from FREE to YOUNG, top: 0x00000000c8e00000, TAMS: 0x00000000c8e00000, watermark: 0x00000000c8e00000, top_bitmap: 0x00000000c8e00000
[0.174s][debug][gc                   ] Setting affiliation of Region 285 from FREE to YOUNG, top: 0x00000000c8e80000, TAMS: 0x00000000c8e80000, watermark: 0x00000000c8e80000, top_bitmap: 0x00000000c8e80000
[0.174s][debug][gc                   ] Setting affiliation of Region 286 from FREE to YOUNG, top: 0x00000000c8f00000, TAMS: 0x00000000c8f00000, watermark: 0x00000000c8f00000, top_bitmap: 0x00000000c8f00000
[0.174s][debug][gc                   ] Setting affiliation of Region 287 from FREE to YOUNG, top: 0x00000000c8f80000, TAMS: 0x00000000c8f80000, watermark: 0x00000000c8f80000, top_bitmap: 0x00000000c8f80000
[0.174s][debug][gc                   ] Setting affiliation of Region 288 from FREE to YOUNG, top: 0x00000000c9000000, TAMS: 0x00000000c9000000, watermark: 0x00000000c9000000, top_bitmap: 0x00000000c9000000
[0.174s][debug][gc                   ] Setting affiliation of Region 289 from FREE to YOUNG, top: 0x00000000c9080000, TAMS: 0x00000000c9080000, watermark: 0x00000000c9080000, top_bitmap: 0x00000000c9080000
[0.174s][debug][gc                   ] should_start_gc (YOUNG)? available: 849125776, soft_max_capacity: 1073741824, allocated: 169737464
[0.174s][debug][gc                   ] YOUNG: average GC time: 0.00 ms, allocation rate: 887 M/s
[0.174s][debug][gc                   ] Setting affiliation of Region 290 from FREE to YOUNG, top: 0x00000000c9100000, TAMS: 0x00000000c9100000, watermark: 0x00000000c9100000, top_bitmap: 0x00000000c9100000
[0.174s][debug][gc                   ] Setting affiliation of Region 291 from FREE to YOUNG, top: 0x00000000c9180000, TAMS: 0x00000000c9180000, watermark: 0x00000000c9180000, top_bitmap: 0x00000000c9180000
[0.174s][debug][gc                   ] Setting affiliation of Region 292 from FREE to YOUNG, top: 0x00000000c9200000, TAMS: 0x00000000c9200000, watermark: 0x00000000c9200000, top_bitmap: 0x00000000c9200000
[0.175s][debug][gc                   ] Setting affiliation of Region 293 from FREE to YOUNG, top: 0x00000000c9280000, TAMS: 0x00000000c9280000, watermark: 0x00000000c9280000, top_bitmap: 0x00000000c9280000
[0.175s][debug][gc                   ] Setting affiliation of Region 294 from FREE to YOUNG, top: 0x00000000c9300000, TAMS: 0x00000000c9300000, watermark: 0x00000000c9300000, top_bitmap: 0x00000000c9300000
[0.175s][debug][gc                   ] should_start_gc (YOUNG)? available: 846330648, soft_max_capacity: 1073741824, allocated: 172510904
[0.175s][debug][gc                   ] YOUNG: average GC time: 0.00 ms, allocation rate: 887 M/s
[0.175s][debug][gc                   ] Using new region (1907) for Shared (0x00007faab76e5830).
[0.175s][debug][gc                   ] Setting affiliation of Region 1907 from FREE to YOUNG, top: 0x00000000fb980000, TAMS: 0x00000000fb980000, watermark: 0x00000000fb980000, top_bitmap: 0x00000000fb980000
[0.175s][debug][gc                   ] Using new region (1907) for Shared (0x00007faab76e5830).
[0.176s][debug][gc                   ] Using new region (1906) for Shared (0x00007faab76e5830).
[0.176s][debug][gc                   ] Setting affiliation of Region 1906 from FREE to YOUNG, top: 0x00000000fb900000, TAMS: 0x00000000fb900000, watermark: 0x00000000fb900000, top_bitmap: 0x00000000fb900000
[0.176s][debug][gc                   ] Using new region (1906) for Shared (0x00007faab76e5830).
[0.176s][debug][gc                   ] Setting affiliation of Region 295 from FREE to YOUNG, top: 0x00000000c9380000, TAMS: 0x00000000c9380000, watermark: 0x00000000c9380000, top_bitmap: 0x00000000c9380000
[0.176s][debug][gc                   ] Setting affiliation of Region 296 from FREE to YOUNG, top: 0x00000000c9400000, TAMS: 0x00000000c9400000, watermark: 0x00000000c9400000, top_bitmap: 0x00000000c9400000
[0.176s][debug][gc                   ] Setting affiliation of Region 297 from FREE to YOUNG, top: 0x00000000c9480000, TAMS: 0x00000000c9480000, watermark: 0x00000000c9480000, top_bitmap: 0x00000000c9480000
[0.176s][debug][gc                   ] Setting affiliation of Region 298 from FREE to YOUNG, top: 0x00000000c9500000, TAMS: 0x00000000c9500000, watermark: 0x00000000c9500000, top_bitmap: 0x00000000c9500000
[0.176s][debug][gc                   ] Setting affiliation of Region 299 from FREE to YOUNG, top: 0x00000000c9580000, TAMS: 0x00000000c9580000, watermark: 0x00000000c9580000, top_bitmap: 0x00000000c9580000
[0.176s][debug][gc                   ] should_start_gc (YOUNG)? available: 843000536, soft_max_capacity: 1073741824, allocated: 175741584
[0.176s][debug][gc                   ] YOUNG: average GC time: 0.00 ms, allocation rate: 887 M/s
[0.176s][debug][gc                   ] Setting affiliation of Region 300 from FREE to YOUNG, top: 0x00000000c9600000, TAMS: 0x00000000c9600000, watermark: 0x00000000c9600000, top_bitmap: 0x00000000c9600000
[0.176s][debug][gc                   ] Setting affiliation of Region 301 from FREE to YOUNG, top: 0x00000000c9680000, TAMS: 0x00000000c9680000, watermark: 0x00000000c9680000, top_bitmap: 0x00000000c9680000
[0.176s][debug][gc                   ] Setting affiliation of Region 302 from FREE to YOUNG, top: 0x00000000c9700000, TAMS: 0x00000000c9700000, watermark: 0x00000000c9700000, top_bitmap: 0x00000000c9700000
[0.177s][debug][gc                   ] should_start_gc (YOUNG)? available: 841427672, soft_max_capacity: 1073741824, allocated: 177314448
[0.177s][debug][gc                   ] YOUNG: average GC time: 0.00 ms, allocation rate: 887 M/s
[0.179s][debug][gc                   ] should_start_gc (YOUNG)? available: 841427672, soft_max_capacity: 1073741824, allocated: 177314448
[0.179s][debug][gc                   ] YOUNG: average GC time: 0.00 ms, allocation rate: 887 M/s
[0.180s][debug][gc                   ] should_start_gc (YOUNG)? available: 841427672, soft_max_capacity: 1073741824, allocated: 177314448
[0.180s][debug][gc                   ] YOUNG: average GC time: 0.00 ms, allocation rate: 887 M/s
[0.180s][debug][gc                   ] Setting affiliation of Region 303 from FREE to YOUNG, top: 0x00000000c9780000, TAMS: 0x00000000c9780000, watermark: 0x00000000c9780000, top_bitmap: 0x00000000c9780000
[0.180s][debug][gc                   ] Setting affiliation of Region 304 from FREE to YOUNG, top: 0x00000000c9800000, TAMS: 0x00000000c9800000, watermark: 0x00000000c9800000, top_bitmap: 0x00000000c9800000
[0.180s][debug][gc                   ] Setting affiliation of Region 305 from FREE to YOUNG, top: 0x00000000c9880000, TAMS: 0x00000000c9880000, watermark: 0x00000000c9880000, top_bitmap: 0x00000000c9880000
[0.181s][debug][gc                   ] should_start_gc (YOUNG)? available: 839854808, soft_max_capacity: 1073741824, allocated: 178887312
[0.181s][debug][gc                   ] YOUNG: average GC time: 0.00 ms, allocation rate: 887 M/s
[0.181s][debug][gc                   ] Setting affiliation of Region 306 from FREE to YOUNG, top: 0x00000000c9900000, TAMS: 0x00000000c9900000, watermark: 0x00000000c9900000, top_bitmap: 0x00000000c9900000
[0.181s][debug][gc                   ] Setting affiliation of Region 307 from FREE to YOUNG, top: 0x00000000c9980000, TAMS: 0x00000000c9980000, watermark: 0x00000000c9980000, top_bitmap: 0x00000000c9980000
[0.181s][debug][gc                   ] Setting affiliation of Region 308 from FREE to YOUNG, top: 0x00000000c9a00000, TAMS: 0x00000000c9a00000, watermark: 0x00000000c9a00000, top_bitmap: 0x00000000c9a00000
[0.181s][debug][gc                   ] Using new region (1905) for Shared (0x00007faab76e5830).
[0.181s][debug][gc                   ] Setting affiliation of Region 1905 from FREE to YOUNG, top: 0x00000000fb880000, TAMS: 0x00000000fb880000, watermark: 0x00000000fb880000, top_bitmap: 0x00000000fb880000
[0.181s][debug][gc                   ] Using new region (1905) for Shared (0x00007faab76e5830).
[0.181s][debug][gc                   ] Using new region (1904) for Shared (0x00007faab76e5830).
[0.181s][debug][gc                   ] Setting affiliation of Region 1904 from FREE to YOUNG, top: 0x00000000fb800000, TAMS: 0x00000000fb800000, watermark: 0x00000000fb800000, top_bitmap: 0x00000000fb800000
[0.181s][debug][gc                   ] Using new region (1904) for Shared (0x00007faab76e5830).
[0.181s][debug][gc                   ] Setting affiliation of Region 309 from FREE to YOUNG, top: 0x00000000c9a80000, TAMS: 0x00000000c9a80000, watermark: 0x00000000c9a80000, top_bitmap: 0x00000000c9a80000
[0.181s][debug][gc                   ] Setting affiliation of Region 310 from FREE to YOUNG, top: 0x00000000c9b00000, TAMS: 0x00000000c9b00000, watermark: 0x00000000c9b00000, top_bitmap: 0x00000000c9b00000
[0.181s][debug][gc                   ] Setting affiliation of Region 311 from FREE to YOUNG, top: 0x00000000c9b80000, TAMS: 0x00000000c9b80000, watermark: 0x00000000c9b80000, top_bitmap: 0x00000000c9b80000
[0.182s][debug][gc                   ] should_start_gc (YOUNG)? available: 835867920, soft_max_capacity: 1073741824, allocated: 182874200
[0.182s][debug][gc                   ] YOUNG: average GC time: 0.00 ms, allocation rate: 887 M/s
[0.182s][debug][gc                   ] Using new region (1903) for Shared (0x00007faab76e5830).
[0.182s][debug][gc                   ] Setting affiliation of Region 1903 from FREE to YOUNG, top: 0x00000000fb780000, TAMS: 0x00000000fb780000, watermark: 0x00000000fb780000, top_bitmap: 0x00000000fb780000
[0.182s][debug][gc                   ] Using new region (1903) for Shared (0x00007faab76e5830).
[0.182s][debug][gc                   ] Setting affiliation of Region 312 from FREE to YOUNG, top: 0x00000000c9c00000, TAMS: 0x00000000c9c00000, watermark: 0x00000000c9c00000, top_bitmap: 0x00000000c9c00000
[0.182s][debug][gc                   ] Setting affiliation of Region 313 from FREE to YOUNG, top: 0x00000000c9c80000, TAMS: 0x00000000c9c80000, watermark: 0x00000000c9c80000, top_bitmap: 0x00000000c9c80000
[0.182s][debug][gc                   ] Setting affiliation of Region 314 from FREE to YOUNG, top: 0x00000000c9d00000, TAMS: 0x00000000c9d00000, watermark: 0x00000000c9d00000, top_bitmap: 0x00000000c9d00000
[0.183s][debug][gc                   ] Setting affiliation of Region 315 from FREE to YOUNG, top: 0x00000000c9d80000, TAMS: 0x00000000c9d80000, watermark: 0x00000000c9d80000, top_bitmap: 0x00000000c9d80000
[0.183s][debug][gc                   ] Setting affiliation of Region 316 from FREE to YOUNG, top: 0x00000000c9e00000, TAMS: 0x00000000c9e00000, watermark: 0x00000000c9e00000, top_bitmap: 0x00000000c9e00000
[0.183s][debug][gc                   ] should_start_gc (YOUNG)? available: 832752568, soft_max_capacity: 1073741824, allocated: 185989552
[0.183s][debug][gc                   ] YOUNG: average GC time: 0.00 ms, allocation rate: 887 M/s
[0.183s][debug][gc                   ] Setting affiliation of Region 317 from FREE to YOUNG, top: 0x00000000c9e80000, TAMS: 0x00000000c9e80000, watermark: 0x00000000c9e80000, top_bitmap: 0x00000000c9e80000
[0.183s][debug][gc                   ] Setting affiliation of Region 318 from FREE to YOUNG, top: 0x00000000c9f00000, TAMS: 0x00000000c9f00000, watermark: 0x00000000c9f00000, top_bitmap: 0x00000000c9f00000
[0.183s][debug][gc                   ] Setting affiliation of Region 319 from FREE to YOUNG, top: 0x00000000c9f80000, TAMS: 0x00000000c9f80000, watermark: 0x00000000c9f80000, top_bitmap: 0x00000000c9f80000
[0.183s][debug][gc                   ] Using new region (1902) for Shared (0x00007faab76e5830).
[0.183s][debug][gc                   ] Setting affiliation of Region 1902 from FREE to YOUNG, top: 0x00000000fb700000, TAMS: 0x00000000fb700000, watermark: 0x00000000fb700000, top_bitmap: 0x00000000fb700000
[0.183s][debug][gc                   ] Using new region (1902) for Shared (0x00007faab76e5830).
[0.184s][debug][gc                   ] Setting affiliation of Region 320 from FREE to YOUNG, top: 0x00000000ca000000, TAMS: 0x00000000ca000000, watermark: 0x00000000ca000000, top_bitmap: 0x00000000ca000000
[0.184s][debug][gc                   ] Setting affiliation of Region 321 from FREE to YOUNG, top: 0x00000000ca080000, TAMS: 0x00000000ca080000, watermark: 0x00000000ca080000, top_bitmap: 0x00000000ca080000
[0.184s][debug][gc                   ] should_start_gc (YOUNG)? available: 829606840, soft_max_capacity: 1073741824, allocated: 189133632
[0.184s][debug][gc                   ] YOUNG: average GC time: 0.00 ms, allocation rate: 887 M/s
[0.184s][debug][gc                   ] Setting affiliation of Region 322 from FREE to YOUNG, top: 0x00000000ca100000, TAMS: 0x00000000ca100000, watermark: 0x00000000ca100000, top_bitmap: 0x00000000ca100000
[0.184s][debug][gc                   ] Setting affiliation of Region 323 from FREE to YOUNG, top: 0x00000000ca180000, TAMS: 0x00000000ca180000, watermark: 0x00000000ca180000, top_bitmap: 0x00000000ca180000
[0.184s][debug][gc                   ] Using new region (1901) for Shared (0x00007faab76e5830).
[0.184s][debug][gc                   ] Setting affiliation of Region 1901 from FREE to YOUNG, top: 0x00000000fb680000, TAMS: 0x00000000fb680000, watermark: 0x00000000fb680000, top_bitmap: 0x00000000fb680000
[0.184s][debug][gc                   ] Using new region (1901) for Shared (0x00007faab76e5830).
[0.184s][debug][gc                   ] Setting affiliation of Region 324 from FREE to YOUNG, top: 0x00000000ca200000, TAMS: 0x00000000ca200000, watermark: 0x00000000ca200000, top_bitmap: 0x00000000ca200000
[0.184s][debug][gc                   ] Setting affiliation of Region 325 from FREE to YOUNG, top: 0x00000000ca280000, TAMS: 0x00000000ca280000, watermark: 0x00000000ca280000, top_bitmap: 0x00000000ca280000
[0.184s][debug][gc                   ] Setting affiliation of Region 326 from FREE to YOUNG, top: 0x00000000ca300000, TAMS: 0x00000000ca300000, watermark: 0x00000000ca300000, top_bitmap: 0x00000000ca300000
[0.185s][debug][gc                   ] should_start_gc (YOUNG)? available: 826541952, soft_max_capacity: 1073741824, allocated: 192198520
[0.185s][debug][gc                   ] YOUNG: average GC time: 0.00 ms, allocation rate: 887 M/s
[0.185s][debug][gc                   ] Setting affiliation of Region 327 from FREE to YOUNG, top: 0x00000000ca380000, TAMS: 0x00000000ca380000, watermark: 0x00000000ca380000, top_bitmap: 0x00000000ca380000
[0.185s][debug][gc                   ] Setting affiliation of Region 328 from FREE to YOUNG, top: 0x00000000ca400000, TAMS: 0x00000000ca400000, watermark: 0x00000000ca400000, top_bitmap: 0x00000000ca400000
[0.185s][debug][gc                   ] Using new region (1900) for Shared (0x00007faab76e5830).
[0.185s][debug][gc                   ] Setting affiliation of Region 1900 from FREE to YOUNG, top: 0x00000000fb600000, TAMS: 0x00000000fb600000, watermark: 0x00000000fb600000, top_bitmap: 0x00000000fb600000
[0.185s][debug][gc                   ] Using new region (1900) for Shared (0x00007faab76e5830).
[0.185s][debug][gc                   ] Setting affiliation of Region 329 from FREE to YOUNG, top: 0x00000000ca480000, TAMS: 0x00000000ca480000, watermark: 0x00000000ca480000, top_bitmap: 0x00000000ca480000
[0.185s][debug][gc                   ] Setting affiliation of Region 330 from FREE to YOUNG, top: 0x00000000ca500000, TAMS: 0x00000000ca500000, watermark: 0x00000000ca500000, top_bitmap: 0x00000000ca500000
[0.186s][trace][gc,tlab              ] ThreadLocalAllocBuffer::compute_size(167459) returns failure
[0.186s][debug][gc                   ] Setting affiliation of Region 331 from FREE to YOUNG, top: 0x00000000ca580000, TAMS: 0x00000000ca580000, watermark: 0x00000000ca580000, top_bitmap: 0x00000000ca580000
[0.186s][debug][gc                   ] Setting affiliation of Region 332 from FREE to YOUNG, top: 0x00000000ca600000, TAMS: 0x00000000ca600000, watermark: 0x00000000ca600000, top_bitmap: 0x00000000ca600000
[0.186s][debug][gc                   ] Setting affiliation of Region 333 from FREE to YOUNG, top: 0x00000000ca680000, TAMS: 0x00000000ca680000, watermark: 0x00000000ca680000, top_bitmap: 0x00000000ca680000
[0.186s][debug][gc                   ] should_start_gc (YOUNG)? available: 822121928, soft_max_capacity: 1073741824, allocated: 196422576
[0.186s][debug][gc                   ] YOUNG: average GC time: 0.00 ms, allocation rate: 887 M/s
[0.186s][trace][gc,tlab              ] ThreadLocalAllocBuffer::compute_size(182457) returns failure
[0.186s][debug][gc                   ] Setting affiliation of Region 334 from FREE to YOUNG, top: 0x00000000ca700000, TAMS: 0x00000000ca700000, watermark: 0x00000000ca700000, top_bitmap: 0x00000000ca700000
[0.186s][debug][gc                   ] Setting affiliation of Region 335 from FREE to YOUNG, top: 0x00000000ca780000, TAMS: 0x00000000ca780000, watermark: 0x00000000ca780000, top_bitmap: 0x00000000ca780000
[0.186s][debug][gc                   ] Setting affiliation of Region 336 from FREE to YOUNG, top: 0x00000000ca800000, TAMS: 0x00000000ca800000, watermark: 0x00000000ca800000, top_bitmap: 0x00000000ca800000
[0.187s][trace][gc,tlab              ] ThreadLocalAllocBuffer::compute_size(157630) returns failure
[0.187s][debug][gc                   ] should_start_gc (YOUNG)? available: 820549064, soft_max_capacity: 1073741824, allocated: 197995440
[0.187s][debug][gc                   ] YOUNG: average GC time: 0.00 ms, allocation rate: 887 M/s
[0.188s][debug][gc                   ] should_start_gc (YOUNG)? available: 820549064, soft_max_capacity: 1073741824, allocated: 197995440
[0.188s][debug][gc                   ] YOUNG: average GC time: 0.00 ms, allocation rate: 887 M/s
[0.189s][debug][gc                   ] should_start_gc (YOUNG)? available: 820549064, soft_max_capacity: 1073741824, allocated: 197995440
[0.189s][debug][gc                   ] YOUNG: average GC time: 0.00 ms, allocation rate: 887 M/s
[0.190s][debug][gc                   ] should_start_gc (YOUNG)? available: 820549064, soft_max_capacity: 1073741824, allocated: 197995440
[0.190s][debug][gc                   ] YOUNG: average GC time: 0.00 ms, allocation rate: 887 M/s
[0.191s][debug][gc                   ] Setting affiliation of Region 337 from FREE to YOUNG, top: 0x00000000ca880000, TAMS: 0x00000000ca880000, watermark: 0x00000000ca880000, top_bitmap: 0x00000000ca880000
[0.191s][debug][gc                   ] Setting affiliation of Region 338 from FREE to YOUNG, top: 0x00000000ca900000, TAMS: 0x00000000ca900000, watermark: 0x00000000ca900000, top_bitmap: 0x00000000ca900000
[0.191s][debug][gc                   ] Setting affiliation of Region 339 from FREE to YOUNG, top: 0x00000000ca980000, TAMS: 0x00000000ca980000, watermark: 0x00000000ca980000, top_bitmap: 0x00000000ca980000
[0.191s][debug][gc                   ] should_start_gc (YOUNG)? available: 818976200, soft_max_capacity: 1073741824, allocated: 199568304
[0.191s][debug][gc                   ] YOUNG: average GC time: 0.00 ms, allocation rate: 887 M/s
[0.192s][trace][gc,tlab              ] ThreadLocalAllocBuffer::compute_size(21171) returns 65536
[0.192s][trace][gc,tlab              ] TLAB: fill thread: 0x00007faab001e7d0 [id: 19798] desired_size: 512KB slow allocs: 192  refill waste: 14336B alloc: 0.02571     5045KB refills: 5 waste  0.7% gc: 0B slow: 15400B
[0.192s][debug][gc                   ] Setting affiliation of Region 340 from FREE to YOUNG, top: 0x00000000caa00000, TAMS: 0x00000000caa00000, watermark: 0x00000000caa00000, top_bitmap: 0x00000000caa00000
[0.192s][debug][gc                   ] Setting affiliation of Region 341 from FREE to YOUNG, top: 0x00000000caa80000, TAMS: 0x00000000caa80000, watermark: 0x00000000caa80000, top_bitmap: 0x00000000caa80000
[0.192s][debug][gc                   ] Setting affiliation of Region 342 from FREE to YOUNG, top: 0x00000000cab00000, TAMS: 0x00000000cab00000, watermark: 0x00000000cab00000, top_bitmap: 0x00000000cab00000
[0.192s][debug][gc                   ] Setting affiliation of Region 343 from FREE to YOUNG, top: 0x00000000cab80000, TAMS: 0x00000000cab80000, watermark: 0x00000000cab80000, top_bitmap: 0x00000000cab80000
[0.192s][debug][gc                   ] Setting affiliation of Region 344 from FREE to YOUNG, top: 0x00000000cac00000, TAMS: 0x00000000cac00000, watermark: 0x00000000cac00000, top_bitmap: 0x00000000cac00000
[0.192s][debug][gc                   ] should_start_gc (YOUNG)? available: 816170536, soft_max_capacity: 1073741824, allocated: 202373968
[0.192s][debug][gc                   ] YOUNG: average GC time: 0.00 ms, allocation rate: 887 M/s
[0.193s][debug][gc                   ] Setting affiliation of Region 345 from FREE to YOUNG, top: 0x00000000cac80000, TAMS: 0x00000000cac80000, watermark: 0x00000000cac80000, top_bitmap: 0x00000000cac80000
[0.193s][debug][gc                   ] Setting affiliation of Region 346 from FREE to YOUNG, top: 0x00000000cad00000, TAMS: 0x00000000cad00000, watermark: 0x00000000cad00000, top_bitmap: 0x00000000cad00000
[0.193s][debug][gc                   ] Setting affiliation of Region 347 from FREE to YOUNG, top: 0x00000000cad80000, TAMS: 0x00000000cad80000, watermark: 0x00000000cad80000, top_bitmap: 0x00000000cad80000
[0.193s][debug][gc                   ] Setting affiliation of Region 348 from FREE to YOUNG, top: 0x00000000cae00000, TAMS: 0x00000000cae00000, watermark: 0x00000000cae00000, top_bitmap: 0x00000000cae00000
[0.193s][debug][gc                   ] Setting affiliation of Region 349 from FREE to YOUNG, top: 0x00000000cae80000, TAMS: 0x00000000cae80000, watermark: 0x00000000cae80000, top_bitmap: 0x00000000cae80000
[0.193s][debug][gc                   ] Setting affiliation of Region 350 from FREE to YOUNG, top: 0x00000000caf00000, TAMS: 0x00000000caf00000, watermark: 0x00000000caf00000, top_bitmap: 0x00000000caf00000
[0.193s][debug][gc                   ] Setting affiliation of Region 351 from FREE to YOUNG, top: 0x00000000caf80000, TAMS: 0x00000000caf80000, watermark: 0x00000000caf80000, top_bitmap: 0x00000000caf80000
[0.193s][debug][gc                   ] should_start_gc (YOUNG)? available: 812500520, soft_max_capacity: 1073741824, allocated: 206043984
[0.193s][debug][gc                   ] YOUNG: average GC time: 0.00 ms, allocation rate: 887 M/s
[0.194s][debug][gc                   ] Using new region (1899) for Shared (0x00007faab76e5830).
[0.194s][debug][gc                   ] Setting affiliation of Region 1899 from FREE to YOUNG, top: 0x00000000fb580000, TAMS: 0x00000000fb580000, watermark: 0x00000000fb580000, top_bitmap: 0x00000000fb580000
[0.194s][debug][gc                   ] Using new region (1899) for Shared (0x00007faab76e5830).
[0.194s][debug][gc                   ] Setting affiliation of Region 352 from FREE to YOUNG, top: 0x00000000cb000000, TAMS: 0x00000000cb000000, watermark: 0x00000000cb000000, top_bitmap: 0x00000000cb000000
[0.194s][debug][gc                   ] Setting affiliation of Region 353 from FREE to YOUNG, top: 0x00000000cb080000, TAMS: 0x00000000cb080000, watermark: 0x00000000cb080000, top_bitmap: 0x00000000cb080000
[0.194s][debug][gc                   ] Setting affiliation of Region 354 from FREE to YOUNG, top: 0x00000000cb100000, TAMS: 0x00000000cb100000, watermark: 0x00000000cb100000, top_bitmap: 0x00000000cb100000
[0.194s][debug][gc                   ] Setting affiliation of Region 355 from FREE to YOUNG, top: 0x00000000cb180000, TAMS: 0x00000000cb180000, watermark: 0x00000000cb180000, top_bitmap: 0x00000000cb180000
[0.194s][debug][gc                   ] should_start_gc (YOUNG)? available: 809943032, soft_max_capacity: 1073741824, allocated: 208601472
[0.194s][debug][gc                   ] YOUNG: average GC time: 0.00 ms, allocation rate: 887 M/s
[0.195s][debug][gc                   ] Setting affiliation of Region 356 from FREE to YOUNG, top: 0x00000000cb200000, TAMS: 0x00000000cb200000, watermark: 0x00000000cb200000, top_bitmap: 0x00000000cb200000
[0.195s][debug][gc                   ] Setting affiliation of Region 357 from FREE to YOUNG, top: 0x00000000cb280000, TAMS: 0x00000000cb280000, watermark: 0x00000000cb280000, top_bitmap: 0x00000000cb280000
[0.195s][debug][gc                   ] Setting affiliation of Region 358 from FREE to YOUNG, top: 0x00000000cb300000, TAMS: 0x00000000cb300000, watermark: 0x00000000cb300000, top_bitmap: 0x00000000cb300000
[0.195s][debug][gc                   ] Setting affiliation of Region 359 from FREE to YOUNG, top: 0x00000000cb380000, TAMS: 0x00000000cb380000, watermark: 0x00000000cb380000, top_bitmap: 0x00000000cb380000
[0.195s][debug][gc                   ] Setting affiliation of Region 360 from FREE to YOUNG, top: 0x00000000cb400000, TAMS: 0x00000000cb400000, watermark: 0x00000000cb400000, top_bitmap: 0x00000000cb400000
[0.195s][debug][gc                   ] Setting affiliation of Region 361 from FREE to YOUNG, top: 0x00000000cb480000, TAMS: 0x00000000cb480000, watermark: 0x00000000cb480000, top_bitmap: 0x00000000cb480000
[0.195s][debug][gc                   ] Setting affiliation of Region 362 from FREE to YOUNG, top: 0x00000000cb500000, TAMS: 0x00000000cb500000, watermark: 0x00000000cb500000, top_bitmap: 0x00000000cb500000
[0.195s][debug][gc                   ] Setting affiliation of Region 363 from FREE to YOUNG, top: 0x00000000cb580000, TAMS: 0x00000000cb580000, watermark: 0x00000000cb580000, top_bitmap: 0x00000000cb580000
[0.195s][debug][gc                   ] Setting affiliation of Region 364 from FREE to YOUNG, top: 0x00000000cb600000, TAMS: 0x00000000cb600000, watermark: 0x00000000cb600000, top_bitmap: 0x00000000cb600000
[0.195s][debug][gc                   ] Setting affiliation of Region 365 from FREE to YOUNG, top: 0x00000000cb680000, TAMS: 0x00000000cb680000, watermark: 0x00000000cb680000, top_bitmap: 0x00000000cb680000
[0.196s][debug][gc                   ] should_start_gc (YOUNG)? available: 804700152, soft_max_capacity: 1073741824, allocated: 213844352
[0.196s][debug][gc                   ] YOUNG: average GC time: 0.00 ms, allocation rate: 887 M/s
[0.196s][debug][gc                   ] Setting affiliation of Region 366 from FREE to YOUNG, top: 0x00000000cb700000, TAMS: 0x00000000cb700000, watermark: 0x00000000cb700000, top_bitmap: 0x00000000cb700000
[0.196s][debug][gc                   ] Setting affiliation of Region 367 from FREE to YOUNG, top: 0x00000000cb780000, TAMS: 0x00000000cb780000, watermark: 0x00000000cb780000, top_bitmap: 0x00000000cb780000
[0.196s][debug][gc                   ] Setting affiliation of Region 368 from FREE to YOUNG, top: 0x00000000cb800000, TAMS: 0x00000000cb800000, watermark: 0x00000000cb800000, top_bitmap: 0x00000000cb800000
[0.196s][debug][gc                   ] Setting affiliation of Region 369 from FREE to YOUNG, top: 0x00000000cb880000, TAMS: 0x00000000cb880000, watermark: 0x00000000cb880000, top_bitmap: 0x00000000cb880000
[0.197s][debug][gc                   ] should_start_gc (YOUNG)? available: 802603000, soft_max_capacity: 1073741824, allocated: 215941504
[0.197s][debug][gc                   ] YOUNG: average GC time: 0.00 ms, allocation rate: 887 M/s
[0.197s][debug][gc                   ] Setting affiliation of Region 370 from FREE to YOUNG, top: 0x00000000cb900000, TAMS: 0x00000000cb900000, watermark: 0x00000000cb900000, top_bitmap: 0x00000000cb900000
[0.197s][debug][gc                   ] Setting affiliation of Region 371 from FREE to YOUNG, top: 0x00000000cb980000, TAMS: 0x00000000cb980000, watermark: 0x00000000cb980000, top_bitmap: 0x00000000cb980000
[0.197s][debug][gc                   ] Setting affiliation of Region 372 from FREE to YOUNG, top: 0x00000000cba00000, TAMS: 0x00000000cba00000, watermark: 0x00000000cba00000, top_bitmap: 0x00000000cba00000
[0.197s][debug][gc                   ] Setting affiliation of Region 373 from FREE to YOUNG, top: 0x00000000cba80000, TAMS: 0x00000000cba80000, watermark: 0x00000000cba80000, top_bitmap: 0x00000000cba80000
[0.197s][debug][gc                   ] Setting affiliation of Region 374 from FREE to YOUNG, top: 0x00000000cbb00000, TAMS: 0x00000000cbb00000, watermark: 0x00000000cbb00000, top_bitmap: 0x00000000cbb00000
[0.197s][debug][gc                   ] Setting affiliation of Region 375 from FREE to YOUNG, top: 0x00000000cbb80000, TAMS: 0x00000000cbb80000, watermark: 0x00000000cbb80000, top_bitmap: 0x00000000cbb80000
[0.198s][debug][gc                   ] Using new region (1898) for Shared (0x00007faab76e5830).
[0.198s][debug][gc                   ] Setting affiliation of Region 1898 from FREE to YOUNG, top: 0x00000000fb500000, TAMS: 0x00000000fb500000, watermark: 0x00000000fb500000, top_bitmap: 0x00000000fb500000
[0.198s][debug][gc                   ] Using new region (1898) for Shared (0x00007faab76e5830).
[0.198s][debug][gc                   ] should_start_gc (YOUNG)? available: 799029824, soft_max_capacity: 1073741824, allocated: 219450728
[0.198s][debug][gc                   ] YOUNG: average GC time: 0.00 ms, allocation rate: 887 M/s
[0.199s][debug][gc                   ] should_start_gc (YOUNG)? available: 799029824, soft_max_capacity: 1073741824, allocated: 219450728
[0.199s][debug][gc                   ] YOUNG: average GC time: 0.00 ms, allocation rate: 887 M/s
[0.200s][debug][gc                   ] should_start_gc (YOUNG)? available: 799029824, soft_max_capacity: 1073741824, allocated: 219450728
[0.200s][debug][gc                   ] YOUNG: average GC time: 0.00 ms, allocation rate: 887 M/s
[0.201s][debug][gc                   ] should_start_gc (YOUNG)? available: 799029824, soft_max_capacity: 1073741824, allocated: 219450728
[0.201s][debug][gc                   ] YOUNG: average GC time: 0.00 ms, allocation rate: 887 M/s
[0.201s][debug][gc                   ] Using new region (1897) for Shared (0x00007faab76e5830).
[0.201s][debug][gc                   ] Setting affiliation of Region 1897 from FREE to YOUNG, top: 0x00000000fb480000, TAMS: 0x00000000fb480000, watermark: 0x00000000fb480000, top_bitmap: 0x00000000fb480000
[0.201s][debug][gc                   ] Using new region (1897) for Shared (0x00007faab76e5830).
[0.201s][debug][gc                   ] Using new region (1896) for Shared (0x00007faab76e5830).
[0.201s][debug][gc                   ] Setting affiliation of Region 1896 from FREE to YOUNG, top: 0x00000000fb400000, TAMS: 0x00000000fb400000, watermark: 0x00000000fb400000, top_bitmap: 0x00000000fb400000
[0.201s][debug][gc                   ] Using new region (1896) for Shared (0x00007faab76e5830).
[0.201s][debug][gc                   ] Setting affiliation of Region 376 from FREE to YOUNG, top: 0x00000000cbc00000, TAMS: 0x00000000cbc00000, watermark: 0x00000000cbc00000, top_bitmap: 0x00000000cbc00000
[0.201s][debug][gc                   ] Setting affiliation of Region 377 from FREE to YOUNG, top: 0x00000000cbc80000, TAMS: 0x00000000cbc80000, watermark: 0x00000000cbc80000, top_bitmap: 0x00000000cbc80000
[0.202s][debug][gc                   ] Setting affiliation of Region 378 from FREE to YOUNG, top: 0x00000000cbd00000, TAMS: 0x00000000cbd00000, watermark: 0x00000000cbd00000, top_bitmap: 0x00000000cbd00000
[0.202s][debug][gc                   ] Setting affiliation of Region 379 from FREE to YOUNG, top: 0x00000000cbd80000, TAMS: 0x00000000cbd80000, watermark: 0x00000000cbd80000, top_bitmap: 0x00000000cbd80000
[0.202s][debug][gc                   ] should_start_gc (YOUNG)? available: 795757984, soft_max_capacity: 1073741824, allocated: 222722568
[0.202s][debug][gc                   ] YOUNG: average GC time: 0.00 ms, allocation rate: 887 M/s
[0.202s][debug][gc                   ] Setting affiliation of Region 380 from FREE to YOUNG, top: 0x00000000cbe00000, TAMS: 0x00000000cbe00000, watermark: 0x00000000cbe00000, top_bitmap: 0x00000000cbe00000
[0.202s][debug][gc                   ] Setting affiliation of Region 381 from FREE to YOUNG, top: 0x00000000cbe80000, TAMS: 0x00000000cbe80000, watermark: 0x00000000cbe80000, top_bitmap: 0x00000000cbe80000
[0.202s][debug][gc                   ] Setting affiliation of Region 382 from FREE to YOUNG, top: 0x00000000cbf00000, TAMS: 0x00000000cbf00000, watermark: 0x00000000cbf00000, top_bitmap: 0x00000000cbf00000
[0.202s][debug][gc                   ] Setting affiliation of Region 383 from FREE to YOUNG, top: 0x00000000cbf80000, TAMS: 0x00000000cbf80000, watermark: 0x00000000cbf80000, top_bitmap: 0x00000000cbf80000
[0.203s][debug][gc                   ] Setting affiliation of Region 384 from FREE to YOUNG, top: 0x00000000cc000000, TAMS: 0x00000000cc000000, watermark: 0x00000000cc000000, top_bitmap: 0x00000000cc000000
[0.203s][debug][gc                   ] Setting affiliation of Region 385 from FREE to YOUNG, top: 0x00000000cc080000, TAMS: 0x00000000cc080000, watermark: 0x00000000cc080000, top_bitmap: 0x00000000cc080000
[0.203s][debug][gc                   ] Setting affiliation of Region 386 from FREE to YOUNG, top: 0x00000000cc100000, TAMS: 0x00000000cc100000, watermark: 0x00000000cc100000, top_bitmap: 0x00000000cc100000
[0.203s][debug][gc                   ] should_start_gc (YOUNG)? available: 792087968, soft_max_capacity: 1073741824, allocated: 226392584
[0.203s][debug][gc                   ] YOUNG: average GC time: 0.00 ms, allocation rate: 887 M/s
[0.203s][debug][gc                   ] Setting affiliation of Region 387 from FREE to YOUNG, top: 0x00000000cc180000, TAMS: 0x00000000cc180000, watermark: 0x00000000cc180000, top_bitmap: 0x00000000cc180000
[0.203s][debug][gc                   ] Setting affiliation of Region 388 from FREE to YOUNG, top: 0x00000000cc200000, TAMS: 0x00000000cc200000, watermark: 0x00000000cc200000, top_bitmap: 0x00000000cc200000
[0.203s][debug][gc                   ] Setting affiliation of Region 389 from FREE to YOUNG, top: 0x00000000cc280000, TAMS: 0x00000000cc280000, watermark: 0x00000000cc280000, top_bitmap: 0x00000000cc280000
[0.204s][debug][gc                   ] Setting affiliation of Region 390 from FREE to YOUNG, top: 0x00000000cc300000, TAMS: 0x00000000cc300000, watermark: 0x00000000cc300000, top_bitmap: 0x00000000cc300000
[0.204s][debug][gc                   ] Setting affiliation of Region 391 from FREE to YOUNG, top: 0x00000000cc380000, TAMS: 0x00000000cc380000, watermark: 0x00000000cc380000, top_bitmap: 0x00000000cc380000
[0.204s][debug][gc                   ] should_start_gc (YOUNG)? available: 789466528, soft_max_capacity: 1073741824, allocated: 229014024
[0.204s][debug][gc                   ] YOUNG: average GC time: 0.00 ms, allocation rate: 887 M/s
[0.204s][debug][gc                   ] Setting affiliation of Region 392 from FREE to YOUNG, top: 0x00000000cc400000, TAMS: 0x00000000cc400000, watermark: 0x00000000cc400000, top_bitmap: 0x00000000cc400000
[0.204s][debug][gc                   ] Setting affiliation of Region 393 from FREE to YOUNG, top: 0x00000000cc480000, TAMS: 0x00000000cc480000, watermark: 0x00000000cc480000, top_bitmap: 0x00000000cc480000
[0.204s][debug][gc                   ] Setting affiliation of Region 394 from FREE to YOUNG, top: 0x00000000cc500000, TAMS: 0x00000000cc500000, watermark: 0x00000000cc500000, top_bitmap: 0x00000000cc500000
[0.204s][debug][gc                   ] Setting affiliation of Region 395 from FREE to YOUNG, top: 0x00000000cc580000, TAMS: 0x00000000cc580000, watermark: 0x00000000cc580000, top_bitmap: 0x00000000cc580000
[0.204s][debug][gc                   ] Setting affiliation of Region 396 from FREE to YOUNG, top: 0x00000000cc600000, TAMS: 0x00000000cc600000, watermark: 0x00000000cc600000, top_bitmap: 0x00000000cc600000
[0.204s][debug][gc                   ] Setting affiliation of Region 397 from FREE to YOUNG, top: 0x00000000cc680000, TAMS: 0x00000000cc680000, watermark: 0x00000000cc680000, top_bitmap: 0x00000000cc680000
[0.205s][debug][gc                   ] Setting affiliation of Region 398 from FREE to YOUNG, top: 0x00000000cc700000, TAMS: 0x00000000cc700000, watermark: 0x00000000cc700000, top_bitmap: 0x00000000cc700000
[0.205s][debug][gc                   ] Setting affiliation of Region 399 from FREE to YOUNG, top: 0x00000000cc780000, TAMS: 0x00000000cc780000, watermark: 0x00000000cc780000, top_bitmap: 0x00000000cc780000
[0.205s][debug][gc                   ] Setting affiliation of Region 400 from FREE to YOUNG, top: 0x00000000cc800000, TAMS: 0x00000000cc800000, watermark: 0x00000000cc800000, top_bitmap: 0x00000000cc800000
[0.205s][debug][gc                   ] should_start_gc (YOUNG)? available: 784747936, soft_max_capacity: 1073741824, allocated: 233732616
[0.205s][debug][gc                   ] YOUNG: average GC time: 0.00 ms, allocation rate: 887 M/s
[0.206s][debug][gc                   ] Using new region (1895) for Shared (0x00007faab76e5830).
[0.206s][debug][gc                   ] Setting affiliation of Region 1895 from FREE to YOUNG, top: 0x00000000fb380000, TAMS: 0x00000000fb380000, watermark: 0x00000000fb380000, top_bitmap: 0x00000000fb380000
[0.206s][debug][gc                   ] Using new region (1895) for Shared (0x00007faab76e5830).
[0.206s][debug][gc                   ] Using new region (1894) for Shared (0x00007faab76e5830).
[0.206s][debug][gc                   ] Setting affiliation of Region 1894 from FREE to YOUNG, top: 0x00000000fb300000, TAMS: 0x00000000fb300000, watermark: 0x00000000fb300000, top_bitmap: 0x00000000fb300000
[0.206s][debug][gc                   ] Using new region (1894) for Shared (0x00007faab76e5830).
[0.206s][debug][gc                   ] Using new region (1893) for Shared (0x00007faab76e5830).
[0.206s][debug][gc                   ] Setting affiliation of Region 1893 from FREE to YOUNG, top: 0x00000000fb280000, TAMS: 0x00000000fb280000, watermark: 0x00000000fb280000, top_bitmap: 0x00000000fb280000
[0.206s][debug][gc                   ] Using new region (1893) for Shared (0x00007faab76e5830).
[0.206s][debug][gc                   ] should_start_gc (YOUNG)? available: 783101272, soft_max_capacity: 1073741824, allocated: 235291552
[0.206s][debug][gc                   ] YOUNG: average GC time: 0.00 ms, allocation rate: 887 M/s
[0.206s][debug][gc                   ] Setting affiliation of Region 401 from FREE to YOUNG, top: 0x00000000cc880000, TAMS: 0x00000000cc880000, watermark: 0x00000000cc880000, top_bitmap: 0x00000000cc880000
[0.206s][debug][gc                   ] Setting affiliation of Region 402 from FREE to YOUNG, top: 0x00000000cc900000, TAMS: 0x00000000cc900000, watermark: 0x00000000cc900000, top_bitmap: 0x00000000cc900000
[0.206s][debug][gc                   ] Setting affiliation of Region 403 from FREE to YOUNG, top: 0x00000000cc980000, TAMS: 0x00000000cc980000, watermark: 0x00000000cc980000, top_bitmap: 0x00000000cc980000
[0.207s][debug][gc                   ] Setting affiliation of Region 404 from FREE to YOUNG, top: 0x00000000cca00000, TAMS: 0x00000000cca00000, watermark: 0x00000000cca00000, top_bitmap: 0x00000000cca00000
[0.207s][debug][gc                   ] Setting affiliation of Region 405 from FREE to YOUNG, top: 0x00000000cca80000, TAMS: 0x00000000cca80000, watermark: 0x00000000cca80000, top_bitmap: 0x00000000cca80000
[0.207s][debug][gc                   ] Setting affiliation of Region 406 from FREE to YOUNG, top: 0x00000000ccb00000, TAMS: 0x00000000ccb00000, watermark: 0x00000000ccb00000, top_bitmap: 0x00000000ccb00000
[0.207s][debug][gc                   ] Setting affiliation of Region 407 from FREE to YOUNG, top: 0x00000000ccb80000, TAMS: 0x00000000ccb80000, watermark: 0x00000000ccb80000, top_bitmap: 0x00000000ccb80000
[0.207s][debug][gc                   ] Setting affiliation of Region 408 from FREE to YOUNG, top: 0x00000000ccc00000, TAMS: 0x00000000ccc00000, watermark: 0x00000000ccc00000, top_bitmap: 0x00000000ccc00000
[0.207s][debug][gc                   ] should_start_gc (YOUNG)? available: 778906968, soft_max_capacity: 1073741824, allocated: 239485856
[0.207s][debug][gc                   ] YOUNG: average GC time: 0.00 ms, allocation rate: 887 M/s
[0.207s][debug][gc                   ] Using new region (1892) for Shared (0x00007faab76e5830).
[0.207s][debug][gc                   ] Setting affiliation of Region 1892 from FREE to YOUNG, top: 0x00000000fb200000, TAMS: 0x00000000fb200000, watermark: 0x00000000fb200000, top_bitmap: 0x00000000fb200000
[0.207s][debug][gc                   ] Using new region (1892) for Shared (0x00007faab76e5830).
[0.208s][debug][gc                   ] should_start_gc (YOUNG)? available: 778263232, soft_max_capacity: 1073741824, allocated: 240073944
[0.208s][debug][gc                   ] YOUNG: average GC time: 0.00 ms, allocation rate: 887 M/s
[0.209s][debug][gc                   ] should_start_gc (YOUNG)? available: 778263232, soft_max_capacity: 1073741824, allocated: 240073944
[0.209s][debug][gc                   ] YOUNG: average GC time: 0.00 ms, allocation rate: 887 M/s
[0.210s][debug][gc                   ] should_start_gc (YOUNG)? available: 778263232, soft_max_capacity: 1073741824, allocated: 240073944
[0.210s][debug][gc                   ] YOUNG: average GC time: 0.00 ms, allocation rate: 887 M/s
[0.211s][debug][gc                   ] Setting affiliation of Region 409 from FREE to YOUNG, top: 0x00000000ccc80000, TAMS: 0x00000000ccc80000, watermark: 0x00000000ccc80000, top_bitmap: 0x00000000ccc80000
[0.211s][debug][gc                   ] Setting affiliation of Region 410 from FREE to YOUNG, top: 0x00000000ccd00000, TAMS: 0x00000000ccd00000, watermark: 0x00000000ccd00000, top_bitmap: 0x00000000ccd00000
[0.211s][debug][gc                   ] Setting affiliation of Region 411 from FREE to YOUNG, top: 0x00000000ccd80000, TAMS: 0x00000000ccd80000, watermark: 0x00000000ccd80000, top_bitmap: 0x00000000ccd80000
[0.211s][debug][gc                   ] Setting affiliation of Region 412 from FREE to YOUNG, top: 0x00000000cce00000, TAMS: 0x00000000cce00000, watermark: 0x00000000cce00000, top_bitmap: 0x00000000cce00000
[0.211s][debug][gc                   ] Setting affiliation of Region 413 from FREE to YOUNG, top: 0x00000000cce80000, TAMS: 0x00000000cce80000, watermark: 0x00000000cce80000, top_bitmap: 0x00000000cce80000
[0.211s][debug][gc                   ] Setting affiliation of Region 414 from FREE to YOUNG, top: 0x00000000ccf00000, TAMS: 0x00000000ccf00000, watermark: 0x00000000ccf00000, top_bitmap: 0x00000000ccf00000
[0.211s][debug][gc                   ] should_start_gc (YOUNG)? available: 775117504, soft_max_capacity: 1073741824, allocated: 243219672
[0.211s][debug][gc                   ] YOUNG: average GC time: 0.00 ms, allocation rate: 887 M/s
[0.212s][debug][gc                   ] Setting affiliation of Region 415 from FREE to YOUNG, top: 0x00000000ccf80000, TAMS: 0x00000000ccf80000, watermark: 0x00000000ccf80000, top_bitmap: 0x00000000ccf80000
[0.212s][debug][gc                   ] Setting affiliation of Region 416 from FREE to YOUNG, top: 0x00000000cd000000, TAMS: 0x00000000cd000000, watermark: 0x00000000cd000000, top_bitmap: 0x00000000cd000000
[0.212s][debug][gc                   ] Using new region (1891) for Shared (0x00007faab76e5830).
[0.212s][debug][gc                   ] Setting affiliation of Region 1891 from FREE to YOUNG, top: 0x00000000fb180000, TAMS: 0x00000000fb180000, watermark: 0x00000000fb180000, top_bitmap: 0x00000000fb180000
[0.212s][debug][gc                   ] Using new region (1891) for Shared (0x00007faab76e5830).
[0.212s][debug][gc                   ] Setting affiliation of Region 417 from FREE to YOUNG, top: 0x00000000cd080000, TAMS: 0x00000000cd080000, watermark: 0x00000000cd080000, top_bitmap: 0x00000000cd080000
[0.212s][debug][gc                   ] Setting affiliation of Region 418 from FREE to YOUNG, top: 0x00000000cd100000, TAMS: 0x00000000cd100000, watermark: 0x00000000cd100000, top_bitmap: 0x00000000cd100000
[0.212s][debug][gc                   ] Setting affiliation of Region 419 from FREE to YOUNG, top: 0x00000000cd180000, TAMS: 0x00000000cd180000, watermark: 0x00000000cd180000, top_bitmap: 0x00000000cd180000
[0.212s][debug][gc                   ] Setting affiliation of Region 420 from FREE to YOUNG, top: 0x00000000cd200000, TAMS: 0x00000000cd200000, watermark: 0x00000000cd200000, top_bitmap: 0x00000000cd200000
[0.212s][debug][gc                   ] Setting affiliation of Region 421 from FREE to YOUNG, top: 0x00000000cd280000, TAMS: 0x00000000cd280000, watermark: 0x00000000cd280000, top_bitmap: 0x00000000cd280000
[0.213s][debug][gc                   ] should_start_gc (YOUNG)? available: 770980272, soft_max_capacity: 1073741824, allocated: 247277240
[0.213s][debug][gc                   ] YOUNG: average GC time: 0.00 ms, allocation rate: 887 M/s
[0.213s][debug][gc                   ] Using new region (1890) for Shared (0x00007faab76e5830).
[0.213s][debug][gc                   ] Setting affiliation of Region 1890 from FREE to YOUNG, top: 0x00000000fb100000, TAMS: 0x00000000fb100000, watermark: 0x00000000fb100000, top_bitmap: 0x00000000fb100000
[0.213s][debug][gc                   ] Using new region (1890) for Shared (0x00007faab76e5830).
[0.213s][debug][gc                   ] Setting affiliation of Region 422 from FREE to YOUNG, top: 0x00000000cd300000, TAMS: 0x00000000cd300000, watermark: 0x00000000cd300000, top_bitmap: 0x00000000cd300000
[0.213s][debug][gc                   ] Setting affiliation of Region 423 from FREE to YOUNG, top: 0x00000000cd380000, TAMS: 0x00000000cd380000, watermark: 0x00000000cd380000, top_bitmap: 0x00000000cd380000
[0.213s][debug][gc                   ] Setting affiliation of Region 424 from FREE to YOUNG, top: 0x00000000cd400000, TAMS: 0x00000000cd400000, watermark: 0x00000000cd400000, top_bitmap: 0x00000000cd400000
[0.213s][debug][gc                   ] Setting affiliation of Region 425 from FREE to YOUNG, top: 0x00000000cd480000, TAMS: 0x00000000cd480000, watermark: 0x00000000cd480000, top_bitmap: 0x00000000cd480000
[0.214s][debug][gc                   ] Setting affiliation of Region 426 from FREE to YOUNG, top: 0x00000000cd500000, TAMS: 0x00000000cd500000, watermark: 0x00000000cd500000, top_bitmap: 0x00000000cd500000
[0.214s][debug][gc                   ] Setting affiliation of Region 427 from FREE to YOUNG, top: 0x00000000cd580000, TAMS: 0x00000000cd580000, watermark: 0x00000000cd580000, top_bitmap: 0x00000000cd580000
[0.214s][debug][gc                   ] Setting affiliation of Region 428 from FREE to YOUNG, top: 0x00000000cd600000, TAMS: 0x00000000cd600000, watermark: 0x00000000cd600000, top_bitmap: 0x00000000cd600000
[0.214s][debug][gc                   ] should_start_gc (YOUNG)? available: 767095880, soft_max_capacity: 1073741824, allocated: 251161632
[0.214s][debug][gc                   ] YOUNG: average GC time: 0.00 ms, allocation rate: 887 M/s
[0.214s][debug][gc                   ] Setting affiliation of Region 429 from FREE to YOUNG, top: 0x00000000cd680000, TAMS: 0x00000000cd680000, watermark: 0x00000000cd680000, top_bitmap: 0x00000000cd680000
[0.214s][debug][gc                   ] Setting affiliation of Region 430 from FREE to YOUNG, top: 0x00000000cd700000, TAMS: 0x00000000cd700000, watermark: 0x00000000cd700000, top_bitmap: 0x00000000cd700000
[0.214s][debug][gc                   ] Setting affiliation of Region 431 from FREE to YOUNG, top: 0x00000000cd780000, TAMS: 0x00000000cd780000, watermark: 0x00000000cd780000, top_bitmap: 0x00000000cd780000
[0.214s][debug][gc                   ] Setting affiliation of Region 432 from FREE to YOUNG, top: 0x00000000cd800000, TAMS: 0x00000000cd800000, watermark: 0x00000000cd800000, top_bitmap: 0x00000000cd800000
[0.215s][debug][gc,nmethod           ] Register NMethod: java.util.concurrent.atomic.AtomicLong.compareAndSet [0x00007faa9860c208] (c1)
[0.215s][debug][gc,nmethod           ] Register NMethod: java.util.Random.next [0x00007faa9860c508] (c1)
[0.215s][debug][gc                   ] should_start_gc (YOUNG)? available: 764860872, soft_max_capacity: 1073741824, allocated: 253396640
[0.215s][debug][gc                   ] YOUNG: average GC time: 0.00 ms, allocation rate: 887 M/s
[0.215s][debug][gc                   ] Setting affiliation of Region 433 from FREE to YOUNG, top: 0x00000000cd880000, TAMS: 0x00000000cd880000, watermark: 0x00000000cd880000, top_bitmap: 0x00000000cd880000
[0.215s][debug][gc                   ] Setting affiliation of Region 434 from FREE to YOUNG, top: 0x00000000cd900000, TAMS: 0x00000000cd900000, watermark: 0x00000000cd900000, top_bitmap: 0x00000000cd900000
[0.215s][debug][gc,nmethod           ] Register NMethod: java.util.Random.nextInt [0x00007faa9860ca08] (c1)
[0.215s][debug][gc                   ] Using new region (1889) for Shared (0x00007faab76e5830).
[0.215s][debug][gc                   ] Setting affiliation of Region 1889 from FREE to YOUNG, top: 0x00000000fb080000, TAMS: 0x00000000fb080000, watermark: 0x00000000fb080000, top_bitmap: 0x00000000fb080000
[0.215s][debug][gc                   ] Using new region (1889) for Shared (0x00007faab76e5830).
[0.215s][debug][gc                   ] Setting affiliation of Region 435 from FREE to YOUNG, top: 0x00000000cd980000, TAMS: 0x00000000cd980000, watermark: 0x00000000cd980000, top_bitmap: 0x00000000cd980000
[0.215s][debug][gc                   ] Setting affiliation of Region 436 from FREE to YOUNG, top: 0x00000000cda00000, TAMS: 0x00000000cda00000, watermark: 0x00000000cda00000, top_bitmap: 0x00000000cda00000
[0.215s][debug][gc                   ] Setting affiliation of Region 437 from FREE to YOUNG, top: 0x00000000cda80000, TAMS: 0x00000000cda80000, watermark: 0x00000000cda80000, top_bitmap: 0x00000000cda80000
[0.215s][debug][gc                   ] Setting affiliation of Region 438 from FREE to YOUNG, top: 0x00000000cdb00000, TAMS: 0x00000000cdb00000, watermark: 0x00000000cdb00000, top_bitmap: 0x00000000cdb00000
[0.215s][debug][gc                   ] Setting affiliation of Region 439 from FREE to YOUNG, top: 0x00000000cdb80000, TAMS: 0x00000000cdb80000, watermark: 0x00000000cdb80000, top_bitmap: 0x00000000cdb80000
[0.216s][debug][gc                   ] should_start_gc (YOUNG)? available: 760842560, soft_max_capacity: 1073741824, allocated: 257414952
[0.216s][debug][gc                   ] YOUNG: average GC time: 0.00 ms, allocation rate: 887 M/s
[0.216s][debug][gc                   ] Using new region (1888) for Shared (0x00007faab76e5830).
[0.216s][debug][gc                   ] Setting affiliation of Region 1888 from FREE to YOUNG, top: 0x00000000fb000000, TAMS: 0x00000000fb000000, watermark: 0x00000000fb000000, top_bitmap: 0x00000000fb000000
[0.216s][debug][gc                   ] Using new region (1888) for Shared (0x00007faab76e5830).
[0.216s][debug][gc                   ] Using new region (1887) for Shared (0x00007faab76e5830).
[0.216s][debug][gc                   ] Setting affiliation of Region 1887 from FREE to YOUNG, top: 0x00000000faf80000, TAMS: 0x00000000faf80000, watermark: 0x00000000faf80000, top_bitmap: 0x00000000faf80000
[0.216s][debug][gc                   ] Using new region (1887) for Shared (0x00007faab76e5830).
[0.216s][debug][gc                   ] Using new region (1886) for Shared (0x00007faab76e5830).
[0.216s][debug][gc                   ] Setting affiliation of Region 1886 from FREE to YOUNG, top: 0x00000000faf00000, TAMS: 0x00000000faf00000, watermark: 0x00000000faf00000, top_bitmap: 0x00000000faf00000
[0.216s][debug][gc                   ] Using new region (1886) for Shared (0x00007faab76e5830).
[0.217s][debug][gc                   ] Setting affiliation of Region 440 from FREE to YOUNG, top: 0x00000000cdc00000, TAMS: 0x00000000cdc00000, watermark: 0x00000000cdc00000, top_bitmap: 0x00000000cdc00000
[0.217s][debug][gc                   ] Setting affiliation of Region 441 from FREE to YOUNG, top: 0x00000000cdc80000, TAMS: 0x00000000cdc80000, watermark: 0x00000000cdc80000, top_bitmap: 0x00000000cdc80000
[0.217s][debug][gc                   ] Setting affiliation of Region 442 from FREE to YOUNG, top: 0x00000000cdd00000, TAMS: 0x00000000cdd00000, watermark: 0x00000000cdd00000, top_bitmap: 0x00000000cdd00000
[0.217s][debug][gc                   ] should_start_gc (YOUNG)? available: 757274592, soft_max_capacity: 1073741824, allocated: 260952720
[0.217s][debug][gc                   ] YOUNG: average GC time: 0.00 ms, allocation rate: 887 M/s
[0.218s][debug][gc                   ] should_start_gc (YOUNG)? available: 757274592, soft_max_capacity: 1073741824, allocated: 260952720
[0.218s][debug][gc                   ] YOUNG: average GC time: 0.00 ms, allocation rate: 887 M/s
[0.219s][debug][gc                   ] should_start_gc (YOUNG)? available: 757274592, soft_max_capacity: 1073741824, allocated: 260952720
[0.219s][debug][gc                   ] YOUNG: average GC time: 0.00 ms, allocation rate: 887 M/s
[0.220s][debug][gc                   ] should_start_gc (YOUNG)? available: 757274592, soft_max_capacity: 1073741824, allocated: 260952720
[0.220s][debug][gc                   ] YOUNG: average GC time: 0.00 ms, allocation rate: 887 M/s
[0.220s][debug][gc                   ] Setting affiliation of Region 443 from FREE to YOUNG, top: 0x00000000cdd80000, TAMS: 0x00000000cdd80000, watermark: 0x00000000cdd80000, top_bitmap: 0x00000000cdd80000
[0.220s][debug][gc                   ] Setting affiliation of Region 444 from FREE to YOUNG, top: 0x00000000cde00000, TAMS: 0x00000000cde00000, watermark: 0x00000000cde00000, top_bitmap: 0x00000000cde00000
[0.221s][debug][gc                   ] Setting affiliation of Region 445 from FREE to YOUNG, top: 0x00000000cde80000, TAMS: 0x00000000cde80000, watermark: 0x00000000cde80000, top_bitmap: 0x00000000cde80000
[0.221s][debug][gc                   ] Setting affiliation of Region 446 from FREE to YOUNG, top: 0x00000000cdf00000, TAMS: 0x00000000cdf00000, watermark: 0x00000000cdf00000, top_bitmap: 0x00000000cdf00000
[0.221s][debug][gc                   ] Setting affiliation of Region 447 from FREE to YOUNG, top: 0x00000000cdf80000, TAMS: 0x00000000cdf80000, watermark: 0x00000000cdf80000, top_bitmap: 0x00000000cdf80000
[0.221s][debug][gc                   ] Setting affiliation of Region 448 from FREE to YOUNG, top: 0x00000000ce000000, TAMS: 0x00000000ce000000, watermark: 0x00000000ce000000, top_bitmap: 0x00000000ce000000
[0.221s][debug][gc                   ] should_start_gc (YOUNG)? available: 754128864, soft_max_capacity: 1073741824, allocated: 264098448
[0.221s][debug][gc                   ] YOUNG: average GC time: 0.00 ms, allocation rate: 887 M/s
[0.221s][debug][gc                   ] Setting affiliation of Region 449 from FREE to YOUNG, top: 0x00000000ce080000, TAMS: 0x00000000ce080000, watermark: 0x00000000ce080000, top_bitmap: 0x00000000ce080000
[0.221s][debug][gc                   ] Setting affiliation of Region 450 from FREE to YOUNG, top: 0x00000000ce100000, TAMS: 0x00000000ce100000, watermark: 0x00000000ce100000, top_bitmap: 0x00000000ce100000
[0.221s][debug][gc                   ] Setting affiliation of Region 451 from FREE to YOUNG, top: 0x00000000ce180000, TAMS: 0x00000000ce180000, watermark: 0x00000000ce180000, top_bitmap: 0x00000000ce180000
[0.222s][debug][gc                   ] Setting affiliation of Region 452 from FREE to YOUNG, top: 0x00000000ce200000, TAMS: 0x00000000ce200000, watermark: 0x00000000ce200000, top_bitmap: 0x00000000ce200000
[0.222s][debug][gc                   ] Setting affiliation of Region 453 from FREE to YOUNG, top: 0x00000000ce280000, TAMS: 0x00000000ce280000, watermark: 0x00000000ce280000, top_bitmap: 0x00000000ce280000
[0.222s][debug][gc                   ] Setting affiliation of Region 454 from FREE to YOUNG, top: 0x00000000ce300000, TAMS: 0x00000000ce300000, watermark: 0x00000000ce300000, top_bitmap: 0x00000000ce300000
[0.222s][debug][gc                   ] Setting affiliation of Region 455 from FREE to YOUNG, top: 0x00000000ce380000, TAMS: 0x00000000ce380000, watermark: 0x00000000ce380000, top_bitmap: 0x00000000ce380000
[0.222s][debug][gc                   ] should_start_gc (YOUNG)? available: 750249456, soft_max_capacity: 1073741824, allocated: 267890264
[0.222s][info ][gc                   ] Trigger (YOUNG): Learning 1 of 5. Free (715M) is below initial threshold (716M)
[0.222s][info ][gc                   ] Transition from: idle to: normal
[0.222s][info ][gc                   ] Heuristics request for young collection accepted
[0.222s][info ][gc,free              ] Free: 715M, Max: 512K regular, 715M humongous, Frag: 0% external, 0% internal; Used: 4614K, Mutator Free: 1440 Collector Reserve: 52736K, Max: 512K; Used: 0B Old Collector Reserve: 0B, Max: 0B; Used: 0B
[0.222s][info ][gc,ergo              ] GC(0) Start GC cycle (YOUNG)
[0.222s][info ][gc,start             ] GC(0) Concurrent reset (YOUNG)
[0.222s][trace][gc,task              ] GC(0) Shenandoah GC Threads: using 8 out of 16 workers
[0.222s][info ][gc,task              ] GC(0) Using 8 of 16 workers for Concurrent reset (YOUNG)
[0.222s][info ][gc,ergo              ] GC(0) Pacer for Reset. Non-Taxable: 1024M
[0.222s][debug][gc                   ] GC(0) SMC:clear_bitmap for YOUNG Region 0, top_bitmap: 0x00000000c0000000
[0.222s][debug][gc                   ] GC(0) SMC:clear_bitmap for YOUNG Region 4, top_bitmap: 0x00000000c0200000
[0.222s][debug][gc                   ] GC(0) SMC:clear_bitmap for YOUNG Region 9, top_bitmap: 0x00000000c0480000
[0.222s][debug][gc                   ] GC(0) SMC:clear_bitmap for YOUNG Region 10, top_bitmap: 0x00000000c0500000
[0.222s][debug][gc                   ] GC(0) SMC:clear_bitmap for YOUNG Region 11, top_bitmap: 0x00000000c0580000
[0.222s][debug][gc                   ] GC(0) SMC:clear_bitmap for YOUNG Region 3, top_bitmap: 0x00000000c0180000
[0.222s][debug][gc                   ] GC(0) SMC:clear_bitmap for YOUNG Region 13, top_bitmap: 0x00000000c0680000
[0.222s][debug][gc                   ] GC(0) SMC:clear_bitmap for YOUNG Region 14, top_bitmap: 0x00000000c0700000
[0.222s][debug][gc                   ] GC(0) SMC:clear_bitmap for YOUNG Region 6, top_bitmap: 0x00000000c0300000
[0.222s][debug][gc                   ] GC(0) SMC:clear_bitmap for YOUNG Region 15, top_bitmap: 0x00000000c0780000
[0.222s][debug][gc                   ] GC(0) SMC:clear_bitmap for YOUNG Region 16, top_bitmap: 0x00000000c0800000
[0.222s][debug][gc                   ] GC(0) SMC:clear_bitmap for YOUNG Region 17, top_bitmap: 0x00000000c0880000
[0.222s][debug][gc                   ] GC(0) SMC:clear_bitmap for YOUNG Region 7, top_bitmap: 0x00000000c0380000
[0.222s][debug][gc                   ] GC(0) SMC:clear_bitmap for YOUNG Region 8, top_bitmap: 0x00000000c0400000
[0.222s][debug][gc                   ] GC(0) SMC:clear_bitmap for YOUNG Region 12, top_bitmap: 0x00000000c0600000
[0.222s][debug][gc                   ] GC(0) SMC:clear_bitmap for YOUNG Region 1, top_bitmap: 0x00000000c0080000
[0.222s][debug][gc                   ] GC(0) SMC:clear_bitmap for YOUNG Region 23, top_bitmap: 0x00000000c0b80000
[0.222s][debug][gc                   ] GC(0) SMC:clear_bitmap for YOUNG Region 24, top_bitmap: 0x00000000c0c00000
[0.222s][debug][gc                   ] GC(0) SMC:clear_bitmap for YOUNG Region 25, top_bitmap: 0x00000000c0c80000
[0.222s][debug][gc                   ] GC(0) SMC:clear_bitmap for YOUNG Region 26, top_bitmap: 0x00000000c0d00000
[0.222s][debug][gc                   ] GC(0) SMC:clear_bitmap for YOUNG Region 27, top_bitmap: 0x00000000c0d80000
[0.222s][debug][gc                   ] GC(0) SMC:clear_bitmap for YOUNG Region 28, top_bitmap: 0x00000000c0e00000
[0.222s][debug][gc                   ] GC(0) SMC:clear_bitmap for YOUNG Region 29, top_bitmap: 0x00000000c0e80000
[0.222s][debug][gc                   ] GC(0) SMC:clear_bitmap for YOUNG Region 5, top_bitmap: 0x00000000c0280000
[0.222s][debug][gc                   ] GC(0) SMC:clear_bitmap for YOUNG Region 31, top_bitmap: 0x00000000c0f80000
[0.222s][debug][gc                   ] GC(0) SMC:clear_bitmap for YOUNG Region 32, top_bitmap: 0x00000000c1000000
[0.222s][debug][gc                   ] GC(0) SMC:clear_bitmap for YOUNG Region 33, top_bitmap: 0x00000000c1080000
[0.222s][debug][gc                   ] GC(0) SMC:clear_bitmap for YOUNG Region 34, top_bitmap: 0x00000000c1100000
[0.222s][debug][gc                   ] GC(0) SMC:clear_bitmap for YOUNG Region 35, top_bitmap: 0x00000000c1180000
[0.222s][debug][gc                   ] GC(0) SMC:clear_bitmap for YOUNG Region 36, top_bitmap: 0x00000000c1200000
[0.222s][debug][gc                   ] GC(0) SMC:clear_bitmap for YOUNG Region 37, top_bitmap: 0x00000000c1280000
[0.222s][debug][gc                   ] GC(0) SMC:clear_bitmap for YOUNG Region 38, top_bitmap: 0x00000000c1300000
[0.222s][debug][gc                   ] GC(0) SMC:clear_bitmap for YOUNG Region 20, top_bitmap: 0x00000000c0a00000
[0.222s][debug][gc                   ] GC(0) SMC:clear_bitmap for YOUNG Region 40, top_bitmap: 0x00000000c1400000
[0.222s][debug][gc                   ] GC(0) SMC:clear_bitmap for YOUNG Region 41, top_bitmap: 0x00000000c1480000
[0.222s][debug][gc                   ] GC(0) SMC:clear_bitmap for YOUNG Region 42, top_bitmap: 0x00000000c1500000
[0.222s][debug][gc                   ] GC(0) SMC:clear_bitmap for YOUNG Region 21, top_bitmap: 0x00000000c0a80000
[0.222s][debug][gc                   ] GC(0) SMC:clear_bitmap for YOUNG Region 44, top_bitmap: 0x00000000c1600000
[0.222s][debug][gc                   ] GC(0) SMC:clear_bitmap for YOUNG Region 45, top_bitmap: 0x00000000c1680000
[0.222s][debug][gc                   ] GC(0) SMC:clear_bitmap for YOUNG Region 46, top_bitmap: 0x00000000c1700000
[0.222s][debug][gc                   ] GC(0) SMC:clear_bitmap for YOUNG Region 47, top_bitmap: 0x00000000c1780000
[0.222s][debug][gc                   ] GC(0) SMC:clear_bitmap for YOUNG Region 48, top_bitmap: 0x00000000c1800000
[0.222s][debug][gc                   ] GC(0) SMC:clear_bitmap for YOUNG Region 49, top_bitmap: 0x00000000c1880000
[0.222s][debug][gc                   ] GC(0) SMC:clear_bitmap for YOUNG Region 50, top_bitmap: 0x00000000c1900000
[0.222s][debug][gc                   ] GC(0) SMC:clear_bitmap for YOUNG Region 51, top_bitmap: 0x00000000c1980000
[0.222s][debug][gc                   ] GC(0) SMC:clear_bitmap for YOUNG Region 52, top_bitmap: 0x00000000c1a00000
[0.222s][debug][gc                   ] GC(0) SMC:clear_bitmap for YOUNG Region 53, top_bitmap: 0x00000000c1a80000
[0.222s][debug][gc                   ] GC(0) SMC:clear_bitmap for YOUNG Region 54, top_bitmap: 0x00000000c1b00000
[0.222s][debug][gc                   ] GC(0) SMC:clear_bitmap for YOUNG Region 19, top_bitmap: 0x00000000c0980000
[0.222s][debug][gc                   ] GC(0) SMC:clear_bitmap for YOUNG Region 56, top_bitmap: 0x00000000c1c00000
[0.222s][debug][gc                   ] GC(0) SMC:clear_bitmap for YOUNG Region 57, top_bitmap: 0x00000000c1c80000
[0.222s][debug][gc                   ] GC(0) SMC:clear_bitmap for YOUNG Region 58, top_bitmap: 0x00000000c1d00000
[0.222s][debug][gc                   ] GC(0) SMC:clear_bitmap for YOUNG Region 59, top_bitmap: 0x00000000c1d80000
[0.222s][debug][gc                   ] GC(0) SMC:clear_bitmap for YOUNG Region 60, top_bitmap: 0x00000000c1e00000
[0.222s][debug][gc                   ] GC(0) SMC:clear_bitmap for YOUNG Region 61, top_bitmap: 0x00000000c1e80000
[0.222s][debug][gc                   ] GC(0) SMC:clear_bitmap for YOUNG Region 62, top_bitmap: 0x00000000c1f00000
[0.222s][debug][gc                   ] GC(0) SMC:clear_bitmap for YOUNG Region 63, top_bitmap: 0x00000000c1f80000
[0.222s][debug][gc                   ] GC(0) SMC:clear_bitmap for YOUNG Region 64, top_bitmap: 0x00000000c2000000
[0.222s][debug][gc                   ] GC(0) SMC:clear_bitmap for YOUNG Region 65, top_bitmap: 0x00000000c2080000
[0.222s][debug][gc                   ] GC(0) SMC:clear_bitmap for YOUNG Region 39, top_bitmap: 0x00000000c1380000
[0.222s][debug][gc                   ] GC(0) SMC:clear_bitmap for YOUNG Region 67, top_bitmap: 0x00000000c2180000
[0.222s][debug][gc                   ] GC(0) SMC:clear_bitmap for YOUNG Region 68, top_bitmap: 0x00000000c2200000
[0.222s][debug][gc                   ] GC(0) SMC:clear_bitmap for YOUNG Region 69, top_bitmap: 0x00000000c2280000
[0.222s][debug][gc                   ] GC(0) SMC:clear_bitmap for YOUNG Region 43, top_bitmap: 0x00000000c1580000
[0.222s][debug][gc                   ] GC(0) SMC:clear_bitmap for YOUNG Region 71, top_bitmap: 0x00000000c2380000
[0.222s][debug][gc                   ] GC(0) SMC:clear_bitmap for YOUNG Region 72, top_bitmap: 0x00000000c2400000
[0.222s][debug][gc                   ] GC(0) SMC:clear_bitmap for YOUNG Region 73, top_bitmap: 0x00000000c2480000
[0.222s][debug][gc                   ] GC(0) SMC:clear_bitmap for YOUNG Region 74, top_bitmap: 0x00000000c2500000
[0.222s][debug][gc                   ] GC(0) SMC:clear_bitmap for YOUNG Region 75, top_bitmap: 0x00000000c2580000
[0.222s][debug][gc                   ] GC(0) SMC:clear_bitmap for YOUNG Region 76, top_bitmap: 0x00000000c2600000
[0.222s][debug][gc                   ] GC(0) SMC:clear_bitmap for YOUNG Region 77, top_bitmap: 0x00000000c2680000
[0.222s][debug][gc                   ] GC(0) SMC:clear_bitmap for YOUNG Region 18, top_bitmap: 0x00000000c0900000
[0.222s][debug][gc                   ] GC(0) SMC:clear_bitmap for YOUNG Region 78, top_bitmap: 0x00000000c2700000
[0.222s][debug][gc                   ] GC(0) SMC:clear_bitmap for YOUNG Region 79, top_bitmap: 0x00000000c2780000
[0.222s][debug][gc                   ] GC(0) SMC:clear_bitmap for YOUNG Region 30, top_bitmap: 0x00000000c0f00000
[0.222s][debug][gc                   ] GC(0) SMC:clear_bitmap for YOUNG Region 2, top_bitmap: 0x00000000c0100000
[0.223s][debug][gc                   ] GC(0) SMC:clear_bitmap for YOUNG Region 83, top_bitmap: 0x00000000c2980000
[0.223s][debug][gc                   ] GC(0) SMC:clear_bitmap for YOUNG Region 84, top_bitmap: 0x00000000c2a00000
[0.223s][debug][gc                   ] GC(0) SMC:clear_bitmap for YOUNG Region 85, top_bitmap: 0x00000000c2a80000
[0.222s][debug][gc                   ] GC(0) SMC:clear_bitmap for YOUNG Region 70, top_bitmap: 0x00000000c2300000
[0.223s][debug][gc                   ] GC(0) SMC:clear_bitmap for YOUNG Region 86, top_bitmap: 0x00000000c2b00000
[0.223s][debug][gc                   ] GC(0) SMC:clear_bitmap for YOUNG Region 87, top_bitmap: 0x00000000c2b80000
[0.223s][debug][gc                   ] GC(0) SMC:clear_bitmap for YOUNG Region 88, top_bitmap: 0x00000000c2c00000
[0.223s][debug][gc                   ] GC(0) SMC:clear_bitmap for YOUNG Region 89, top_bitmap: 0x00000000c2c80000
[0.222s][debug][gc                   ] GC(0) SMC:clear_bitmap for YOUNG Region 22, top_bitmap: 0x00000000c0b00000
[0.223s][debug][gc                   ] GC(0) SMC:clear_bitmap for YOUNG Region 91, top_bitmap: 0x00000000c2d80000
[0.223s][debug][gc                   ] GC(0) SMC:clear_bitmap for YOUNG Region 92, top_bitmap: 0x00000000c2e00000
[0.223s][debug][gc                   ] GC(0) SMC:clear_bitmap for YOUNG Region 93, top_bitmap: 0x00000000c2e80000
[0.223s][debug][gc                   ] GC(0) SMC:clear_bitmap for YOUNG Region 94, top_bitmap: 0x00000000c2f00000
[0.223s][debug][gc                   ] GC(0) SMC:clear_bitmap for YOUNG Region 95, top_bitmap: 0x00000000c2f80000
[0.223s][debug][gc                   ] GC(0) SMC:clear_bitmap for YOUNG Region 96, top_bitmap: 0x00000000c3000000
[0.222s][debug][gc                   ] Setting affiliation of Region 456 from FREE to YOUNG, top: 0x00000000ce400000, TAMS: 0x00000000ce400000, watermark: 0x00000000ce400000, top_bitmap: 0x00000000ce400000
[0.222s][debug][gc                   ] GC(0) SMC:clear_bitmap for YOUNG Region 80, top_bitmap: 0x00000000c2800000
[0.223s][debug][gc                   ] Setting affiliation of Region 457 from FREE to YOUNG, top: 0x00000000ce480000, TAMS: 0x00000000ce480000, watermark: 0x00000000ce480000, top_bitmap: 0x00000000ce480000
[0.223s][debug][gc                   ] GC(0) SMC:clear_bitmap for YOUNG Region 99, top_bitmap: 0x00000000c3180000
[0.222s][debug][gc                   ] GC(0) SMC:clear_bitmap for YOUNG Region 81, top_bitmap: 0x00000000c2880000
[0.222s][debug][gc                   ] GC(0) SMC:clear_bitmap for YOUNG Region 66, top_bitmap: 0x00000000c2100000
[0.223s][debug][gc                   ] GC(0) SMC:clear_bitmap for YOUNG Region 102, top_bitmap: 0x00000000c3300000
[0.223s][debug][gc                   ] GC(0) SMC:clear_bitmap for YOUNG Region 103, top_bitmap: 0x00000000c3380000
[0.223s][debug][gc                   ] GC(0) SMC:clear_bitmap for YOUNG Region 98, top_bitmap: 0x00000000c3100000
[0.223s][debug][gc                   ] GC(0) SMC:clear_bitmap for YOUNG Region 105, top_bitmap: 0x00000000c3480000
[0.222s][debug][gc                   ] GC(0) SMC:clear_bitmap for YOUNG Region 55, top_bitmap: 0x00000000c1b80000
[0.223s][debug][gc                   ] GC(0) SMC:clear_bitmap for YOUNG Region 106, top_bitmap: 0x00000000c3500000
[0.223s][debug][gc                   ] GC(0) SMC:clear_bitmap for YOUNG Region 107, top_bitmap: 0x00000000c3580000
[0.223s][debug][gc                   ] GC(0) SMC:clear_bitmap for YOUNG Region 100, top_bitmap: 0x00000000c3200000
[0.223s][debug][gc                   ] GC(0) SMC:clear_bitmap for YOUNG Region 97, top_bitmap: 0x00000000c3080000
[0.223s][debug][gc                   ] GC(0) SMC:clear_bitmap for YOUNG Region 101, top_bitmap: 0x00000000c3280000
[0.223s][debug][gc                   ] GC(0) SMC:clear_bitmap for YOUNG Region 111, top_bitmap: 0x00000000c3780000
[0.222s][debug][gc                   ] GC(0) SMC:clear_bitmap for YOUNG Region 82, top_bitmap: 0x00000000c2900000
[0.223s][debug][gc                   ] GC(0) SMC:clear_bitmap for YOUNG Region 113, top_bitmap: 0x00000000c3880000
[0.223s][debug][gc                   ] GC(0) SMC:clear_bitmap for YOUNG Region 108, top_bitmap: 0x00000000c3600000
[0.223s][debug][gc                   ] GC(0) SMC:clear_bitmap for YOUNG Region 116, top_bitmap: 0x00000000c3a00000
[0.223s][debug][gc                   ] GC(0) SMC:clear_bitmap for YOUNG Region 117, top_bitmap: 0x00000000c3a80000
[0.223s][debug][gc                   ] GC(0) SMC:clear_bitmap for YOUNG Region 110, top_bitmap: 0x00000000c3700000
[0.223s][debug][gc                   ] GC(0) SMC:clear_bitmap for YOUNG Region 119, top_bitmap: 0x00000000c3b80000
[0.223s][debug][gc                   ] GC(0) SMC:clear_bitmap for YOUNG Region 120, top_bitmap: 0x00000000c3c00000
[0.223s][debug][gc                   ] GC(0) SMC:clear_bitmap for YOUNG Region 104, top_bitmap: 0x00000000c3400000
[0.223s][debug][gc                   ] GC(0) SMC:clear_bitmap for YOUNG Region 114, top_bitmap: 0x00000000c3900000
[0.223s][debug][gc                   ] GC(0) SMC:clear_bitmap for YOUNG Region 115, top_bitmap: 0x00000000c3980000
[0.223s][debug][gc                   ] GC(0) SMC:clear_bitmap for YOUNG Region 123, top_bitmap: 0x00000000c3d80000
[0.223s][debug][gc                   ] GC(0) SMC:clear_bitmap for YOUNG Region 124, top_bitmap: 0x00000000c3e00000
[0.223s][debug][gc                   ] GC(0) SMC:clear_bitmap for YOUNG Region 125, top_bitmap: 0x00000000c3e80000
[0.223s][debug][gc                   ] Setting affiliation of Region 458 from FREE to YOUNG, top: 0x00000000ce500000, TAMS: 0x00000000ce500000, watermark: 0x00000000ce500000, top_bitmap: 0x00000000ce500000
[0.223s][debug][gc                   ] GC(0) SMC:clear_bitmap for YOUNG Region 112, top_bitmap: 0x00000000c3800000
[0.223s][debug][gc                   ] GC(0) SMC:clear_bitmap for YOUNG Region 128, top_bitmap: 0x00000000c4000000
[0.223s][debug][gc                   ] GC(0) SMC:clear_bitmap for YOUNG Region 129, top_bitmap: 0x00000000c4080000
[0.223s][debug][gc                   ] GC(0) SMC:clear_bitmap for YOUNG Region 118, top_bitmap: 0x00000000c3b00000
[0.223s][debug][gc                   ] GC(0) SMC:clear_bitmap for YOUNG Region 90, top_bitmap: 0x00000000c2d00000
[0.223s][debug][gc                   ] GC(0) SMC:clear_bitmap for YOUNG Region 131, top_bitmap: 0x00000000c4180000
[0.223s][debug][gc                   ] GC(0) SMC:clear_bitmap for YOUNG Region 132, top_bitmap: 0x00000000c4200000
[0.223s][debug][gc                   ] GC(0) SMC:clear_bitmap for YOUNG Region 121, top_bitmap: 0x00000000c3c80000
[0.223s][debug][gc                   ] GC(0) SMC:clear_bitmap for YOUNG Region 122, top_bitmap: 0x00000000c3d00000
[0.223s][debug][gc                   ] GC(0) SMC:clear_bitmap for YOUNG Region 135, top_bitmap: 0x00000000c4380000
[0.223s][debug][gc                   ] GC(0) SMC:clear_bitmap for YOUNG Region 136, top_bitmap: 0x00000000c4400000
[0.223s][debug][gc                   ] GC(0) SMC:clear_bitmap for YOUNG Region 127, top_bitmap: 0x00000000c3f80000
[0.223s][debug][gc                   ] GC(0) SMC:clear_bitmap for YOUNG Region 138, top_bitmap: 0x00000000c4500000
[0.223s][debug][gc                   ] GC(0) SMC:clear_bitmap for YOUNG Region 109, top_bitmap: 0x00000000c3680000
[0.223s][debug][gc                   ] GC(0) SMC:clear_bitmap for YOUNG Region 140, top_bitmap: 0x00000000c4600000
[0.223s][debug][gc                   ] GC(0) SMC:clear_bitmap for YOUNG Region 141, top_bitmap: 0x00000000c4680000
[0.223s][debug][gc                   ] GC(0) SMC:clear_bitmap for YOUNG Region 142, top_bitmap: 0x00000000c4700000
[0.223s][debug][gc                   ] GC(0) SMC:clear_bitmap for YOUNG Region 126, top_bitmap: 0x00000000c3f00000
[0.223s][debug][gc                   ] GC(0) SMC:clear_bitmap for YOUNG Region 139, top_bitmap: 0x00000000c4580000
[0.223s][debug][gc                   ] GC(0) SMC:clear_bitmap for YOUNG Region 133, top_bitmap: 0x00000000c4280000
[0.223s][debug][gc                   ] GC(0) SMC:clear_bitmap for YOUNG Region 130, top_bitmap: 0x00000000c4100000
[0.223s][debug][gc                   ] GC(0) SMC:clear_bitmap for YOUNG Region 148, top_bitmap: 0x00000000c4a00000
[0.223s][debug][gc                   ] GC(0) SMC:clear_bitmap for YOUNG Region 149, top_bitmap: 0x00000000c4a80000
[0.223s][debug][gc                   ] GC(0) SMC:clear_bitmap for YOUNG Region 150, top_bitmap: 0x00000000c4b00000
[0.223s][debug][gc                   ] GC(0) SMC:clear_bitmap for YOUNG Region 151, top_bitmap: 0x00000000c4b80000
[0.223s][debug][gc                   ] GC(0) SMC:clear_bitmap for YOUNG Region 152, top_bitmap: 0x00000000c4c00000
[0.223s][debug][gc                   ] GC(0) SMC:clear_bitmap for YOUNG Region 153, top_bitmap: 0x00000000c4c80000
[0.223s][debug][gc                   ] GC(0) SMC:clear_bitmap for YOUNG Region 145, top_bitmap: 0x00000000c4880000
[0.223s][debug][gc                   ] GC(0) SMC:clear_bitmap for YOUNG Region 155, top_bitmap: 0x00000000c4d80000
[0.223s][debug][gc                   ] GC(0) SMC:clear_bitmap for YOUNG Region 147, top_bitmap: 0x00000000c4980000
[0.223s][debug][gc                   ] GC(0) SMC:clear_bitmap for YOUNG Region 157, top_bitmap: 0x00000000c4e80000
[0.223s][debug][gc                   ] GC(0) SMC:clear_bitmap for YOUNG Region 158, top_bitmap: 0x00000000c4f00000
[0.223s][debug][gc                   ] GC(0) SMC:clear_bitmap for YOUNG Region 159, top_bitmap: 0x00000000c4f80000
[0.223s][debug][gc                   ] GC(0) SMC:clear_bitmap for YOUNG Region 160, top_bitmap: 0x00000000c5000000
[0.223s][debug][gc                   ] GC(0) SMC:clear_bitmap for YOUNG Region 161, top_bitmap: 0x00000000c5080000
[0.223s][debug][gc                   ] GC(0) SMC:clear_bitmap for YOUNG Region 162, top_bitmap: 0x00000000c5100000
[0.223s][debug][gc                   ] GC(0) SMC:clear_bitmap for YOUNG Region 163, top_bitmap: 0x00000000c5180000
[0.223s][debug][gc                   ] GC(0) SMC:clear_bitmap for YOUNG Region 164, top_bitmap: 0x00000000c5200000
[0.223s][debug][gc                   ] GC(0) SMC:clear_bitmap for YOUNG Region 165, top_bitmap: 0x00000000c5280000
[0.223s][debug][gc                   ] GC(0) SMC:clear_bitmap for YOUNG Region 166, top_bitmap: 0x00000000c5300000
[0.223s][debug][gc                   ] GC(0) SMC:clear_bitmap for YOUNG Region 167, top_bitmap: 0x00000000c5380000
[0.223s][debug][gc                   ] GC(0) SMC:clear_bitmap for YOUNG Region 168, top_bitmap: 0x00000000c5400000
[0.223s][debug][gc                   ] GC(0) SMC:clear_bitmap for YOUNG Region 169, top_bitmap: 0x00000000c5480000
[0.223s][debug][gc                   ] GC(0) SMC:clear_bitmap for YOUNG Region 170, top_bitmap: 0x00000000c5500000
[0.223s][debug][gc                   ] GC(0) SMC:clear_bitmap for YOUNG Region 171, top_bitmap: 0x00000000c5580000
[0.223s][debug][gc                   ] GC(0) SMC:clear_bitmap for YOUNG Region 172, top_bitmap: 0x00000000c5600000
[0.223s][debug][gc                   ] GC(0) SMC:clear_bitmap for YOUNG Region 173, top_bitmap: 0x00000000c5680000
[0.223s][debug][gc                   ] GC(0) SMC:clear_bitmap for YOUNG Region 174, top_bitmap: 0x00000000c5700000
[0.223s][debug][gc                   ] GC(0) SMC:clear_bitmap for YOUNG Region 175, top_bitmap: 0x00000000c5780000
[0.223s][debug][gc                   ] GC(0) SMC:clear_bitmap for YOUNG Region 176, top_bitmap: 0x00000000c5800000
[0.223s][debug][gc                   ] GC(0) SMC:clear_bitmap for YOUNG Region 177, top_bitmap: 0x00000000c5880000
[0.223s][debug][gc                   ] GC(0) SMC:clear_bitmap for YOUNG Region 156, top_bitmap: 0x00000000c4e00000
[0.223s][debug][gc                   ] GC(0) SMC:clear_bitmap for YOUNG Region 178, top_bitmap: 0x00000000c5900000
[0.223s][debug][gc                   ] GC(0) SMC:clear_bitmap for YOUNG Region 179, top_bitmap: 0x00000000c5980000
[0.223s][debug][gc                   ] GC(0) SMC:clear_bitmap for YOUNG Region 180, top_bitmap: 0x00000000c5a00000
[0.223s][debug][gc                   ] GC(0) SMC:clear_bitmap for YOUNG Region 181, top_bitmap: 0x00000000c5a80000
[0.223s][debug][gc                   ] GC(0) SMC:clear_bitmap for YOUNG Region 137, top_bitmap: 0x00000000c4480000
[0.223s][debug][gc                   ] GC(0) SMC:clear_bitmap for YOUNG Region 154, top_bitmap: 0x00000000c4d00000
[0.223s][debug][gc                   ] GC(0) SMC:clear_bitmap for YOUNG Region 185, top_bitmap: 0x00000000c5c80000
[0.223s][debug][gc                   ] GC(0) SMC:clear_bitmap for YOUNG Region 186, top_bitmap: 0x00000000c5d00000
[0.223s][debug][gc                   ] GC(0) SMC:clear_bitmap for YOUNG Region 134, top_bitmap: 0x00000000c4300000
[0.223s][debug][gc                   ] GC(0) SMC:clear_bitmap for YOUNG Region 188, top_bitmap: 0x00000000c5e00000
[0.223s][debug][gc                   ] GC(0) SMC:clear_bitmap for YOUNG Region 143, top_bitmap: 0x00000000c4780000
[0.223s][debug][gc                   ] GC(0) SMC:clear_bitmap for YOUNG Region 182, top_bitmap: 0x00000000c5b00000
[0.223s][debug][gc                   ] GC(0) SMC:clear_bitmap for YOUNG Region 191, top_bitmap: 0x00000000c5f80000
[0.223s][debug][gc                   ] GC(0) SMC:clear_bitmap for YOUNG Region 192, top_bitmap: 0x00000000c6000000
[0.223s][debug][gc                   ] GC(0) SMC:clear_bitmap for YOUNG Region 193, top_bitmap: 0x00000000c6080000
[0.223s][debug][gc                   ] GC(0) SMC:clear_bitmap for YOUNG Region 184, top_bitmap: 0x00000000c5c00000
[0.223s][debug][gc                   ] GC(0) SMC:clear_bitmap for YOUNG Region 194, top_bitmap: 0x00000000c6100000
[0.223s][debug][gc                   ] GC(0) SMC:clear_bitmap for YOUNG Region 195, top_bitmap: 0x00000000c6180000
[0.223s][debug][gc                   ] GC(0) SMC:clear_bitmap for YOUNG Region 146, top_bitmap: 0x00000000c4900000
[0.223s][debug][gc                   ] GC(0) SMC:clear_bitmap for YOUNG Region 198, top_bitmap: 0x00000000c6300000
[0.223s][debug][gc                   ] GC(0) SMC:clear_bitmap for YOUNG Region 199, top_bitmap: 0x00000000c6380000
[0.223s][debug][gc                   ] GC(0) SMC:clear_bitmap for YOUNG Region 200, top_bitmap: 0x00000000c6400000
[0.223s][debug][gc                   ] GC(0) SMC:clear_bitmap for YOUNG Region 201, top_bitmap: 0x00000000c6480000
[0.223s][debug][gc                   ] GC(0) SMC:clear_bitmap for YOUNG Region 183, top_bitmap: 0x00000000c5b80000
[0.223s][debug][gc                   ] GC(0) SMC:clear_bitmap for YOUNG Region 203, top_bitmap: 0x00000000c6580000
[0.223s][debug][gc                   ] GC(0) SMC:clear_bitmap for YOUNG Region 204, top_bitmap: 0x00000000c6600000
[0.223s][debug][gc                   ] GC(0) SMC:clear_bitmap for YOUNG Region 205, top_bitmap: 0x00000000c6680000
[0.223s][debug][gc                   ] GC(0) SMC:clear_bitmap for YOUNG Region 206, top_bitmap: 0x00000000c6700000
[0.223s][debug][gc                   ] GC(0) SMC:clear_bitmap for YOUNG Region 207, top_bitmap: 0x00000000c6780000
[0.223s][debug][gc                   ] GC(0) SMC:clear_bitmap for YOUNG Region 208, top_bitmap: 0x00000000c6800000
[0.223s][debug][gc                   ] GC(0) SMC:clear_bitmap for YOUNG Region 209, top_bitmap: 0x00000000c6880000
[0.223s][debug][gc                   ] GC(0) SMC:clear_bitmap for YOUNG Region 210, top_bitmap: 0x00000000c6900000
[0.223s][debug][gc                   ] GC(0) SMC:clear_bitmap for YOUNG Region 211, top_bitmap: 0x00000000c6980000
[0.223s][debug][gc                   ] GC(0) SMC:clear_bitmap for YOUNG Region 212, top_bitmap: 0x00000000c6a00000
[0.223s][debug][gc                   ] GC(0) SMC:clear_bitmap for YOUNG Region 213, top_bitmap: 0x00000000c6a80000
[0.223s][debug][gc                   ] GC(0) SMC:clear_bitmap for YOUNG Region 214, top_bitmap: 0x00000000c6b00000
[0.223s][debug][gc                   ] GC(0) SMC:clear_bitmap for YOUNG Region 187, top_bitmap: 0x00000000c5d80000
[0.223s][debug][gc                   ] GC(0) SMC:clear_bitmap for YOUNG Region 216, top_bitmap: 0x00000000c6c00000
[0.223s][debug][gc                   ] GC(0) SMC:clear_bitmap for YOUNG Region 217, top_bitmap: 0x00000000c6c80000
[0.223s][debug][gc                   ] GC(0) SMC:clear_bitmap for YOUNG Region 218, top_bitmap: 0x00000000c6d00000
[0.223s][debug][gc                   ] GC(0) SMC:clear_bitmap for YOUNG Region 219, top_bitmap: 0x00000000c6d80000
[0.223s][debug][gc                   ] GC(0) SMC:clear_bitmap for YOUNG Region 197, top_bitmap: 0x00000000c6280000
[0.223s][debug][gc                   ] GC(0) SMC:clear_bitmap for YOUNG Region 220, top_bitmap: 0x00000000c6e00000
[0.223s][debug][gc                   ] GC(0) SMC:clear_bitmap for YOUNG Region 221, top_bitmap: 0x00000000c6e80000
[0.223s][debug][gc                   ] GC(0) SMC:clear_bitmap for YOUNG Region 222, top_bitmap: 0x00000000c6f00000
[0.223s][debug][gc                   ] GC(0) SMC:clear_bitmap for YOUNG Region 189, top_bitmap: 0x00000000c5e80000
[0.223s][debug][gc                   ] GC(0) SMC:clear_bitmap for YOUNG Region 190, top_bitmap: 0x00000000c5f00000
[0.223s][debug][gc                   ] GC(0) SMC:clear_bitmap for YOUNG Region 225, top_bitmap: 0x00000000c7080000
[0.223s][debug][gc                   ] GC(0) SMC:clear_bitmap for YOUNG Region 226, top_bitmap: 0x00000000c7100000
[0.223s][debug][gc                   ] GC(0) SMC:clear_bitmap for YOUNG Region 144, top_bitmap: 0x00000000c4800000
[0.223s][debug][gc                   ] GC(0) SMC:clear_bitmap for YOUNG Region 229, top_bitmap: 0x00000000c7280000
[0.223s][debug][gc                   ] GC(0) SMC:clear_bitmap for YOUNG Region 215, top_bitmap: 0x00000000c6b80000
[0.223s][debug][gc                   ] GC(0) SMC:clear_bitmap for YOUNG Region 223, top_bitmap: 0x00000000c6f80000
[0.223s][debug][gc                   ] GC(0) SMC:clear_bitmap for YOUNG Region 231, top_bitmap: 0x00000000c7380000
[0.223s][debug][gc                   ] GC(0) SMC:clear_bitmap for YOUNG Region 232, top_bitmap: 0x00000000c7400000
[0.223s][debug][gc                   ] GC(0) SMC:clear_bitmap for YOUNG Region 224, top_bitmap: 0x00000000c7000000
[0.223s][debug][gc                   ] GC(0) SMC:clear_bitmap for YOUNG Region 235, top_bitmap: 0x00000000c7580000
[0.223s][debug][gc                   ] GC(0) SMC:clear_bitmap for YOUNG Region 196, top_bitmap: 0x00000000c6200000
[0.223s][debug][gc                   ] GC(0) SMC:clear_bitmap for YOUNG Region 237, top_bitmap: 0x00000000c7680000
[0.223s][debug][gc                   ] GC(0) SMC:clear_bitmap for YOUNG Region 238, top_bitmap: 0x00000000c7700000
[0.223s][debug][gc                   ] GC(0) SMC:clear_bitmap for YOUNG Region 239, top_bitmap: 0x00000000c7780000
[0.223s][debug][gc                   ] GC(0) SMC:clear_bitmap for YOUNG Region 240, top_bitmap: 0x00000000c7800000
[0.223s][debug][gc                   ] GC(0) SMC:clear_bitmap for YOUNG Region 241, top_bitmap: 0x00000000c7880000
[0.223s][debug][gc                   ] GC(0) SMC:clear_bitmap for YOUNG Region 242, top_bitmap: 0x00000000c7900000
[0.223s][debug][gc                   ] GC(0) SMC:clear_bitmap for YOUNG Region 243, top_bitmap: 0x00000000c7980000
[0.223s][debug][gc                   ] GC(0) SMC:clear_bitmap for YOUNG Region 244, top_bitmap: 0x00000000c7a00000
[0.223s][debug][gc                   ] GC(0) SMC:clear_bitmap for YOUNG Region 230, top_bitmap: 0x00000000c7300000
[0.223s][debug][gc                   ] GC(0) SMC:clear_bitmap for YOUNG Region 245, top_bitmap: 0x00000000c7a80000
[0.223s][debug][gc                   ] GC(0) SMC:clear_bitmap for YOUNG Region 246, top_bitmap: 0x00000000c7b00000
[0.223s][debug][gc                   ] GC(0) SMC:clear_bitmap for YOUNG Region 233, top_bitmap: 0x00000000c7480000
[0.223s][debug][gc                   ] GC(0) SMC:clear_bitmap for YOUNG Region 249, top_bitmap: 0x00000000c7c80000
[0.223s][debug][gc                   ] GC(0) SMC:clear_bitmap for YOUNG Region 250, top_bitmap: 0x00000000c7d00000
[0.223s][debug][gc                   ] GC(0) SMC:clear_bitmap for YOUNG Region 236, top_bitmap: 0x00000000c7600000
[0.223s][debug][gc                   ] GC(0) SMC:clear_bitmap for YOUNG Region 251, top_bitmap: 0x00000000c7d80000
[0.223s][debug][gc                   ] GC(0) SMC:clear_bitmap for YOUNG Region 252, top_bitmap: 0x00000000c7e00000
[0.223s][debug][gc                   ] GC(0) SMC:clear_bitmap for YOUNG Region 253, top_bitmap: 0x00000000c7e80000
[0.223s][debug][gc                   ] GC(0) SMC:clear_bitmap for YOUNG Region 202, top_bitmap: 0x00000000c6500000
[0.223s][debug][gc                   ] GC(0) SMC:clear_bitmap for YOUNG Region 255, top_bitmap: 0x00000000c7f80000
[0.223s][debug][gc                   ] GC(0) SMC:clear_bitmap for YOUNG Region 248, top_bitmap: 0x00000000c7c00000
[0.223s][debug][gc                   ] GC(0) SMC:clear_bitmap for YOUNG Region 234, top_bitmap: 0x00000000c7500000
[0.223s][debug][gc                   ] GC(0) SMC:clear_bitmap for YOUNG Region 258, top_bitmap: 0x00000000c8100000
[0.223s][debug][gc                   ] GC(0) SMC:clear_bitmap for YOUNG Region 259, top_bitmap: 0x00000000c8180000
[0.223s][debug][gc                   ] GC(0) SMC:clear_bitmap for YOUNG Region 227, top_bitmap: 0x00000000c7180000
[0.223s][debug][gc                   ] GC(0) SMC:clear_bitmap for YOUNG Region 261, top_bitmap: 0x00000000c8280000
[0.223s][debug][gc                   ] GC(0) SMC:clear_bitmap for YOUNG Region 254, top_bitmap: 0x00000000c7f00000
[0.223s][debug][gc                   ] GC(0) SMC:clear_bitmap for YOUNG Region 263, top_bitmap: 0x00000000c8380000
[0.223s][debug][gc                   ] GC(0) SMC:clear_bitmap for YOUNG Region 256, top_bitmap: 0x00000000c8000000
[0.223s][debug][gc                   ] GC(0) SMC:clear_bitmap for YOUNG Region 265, top_bitmap: 0x00000000c8480000
[0.223s][debug][gc                   ] GC(0) SMC:clear_bitmap for YOUNG Region 266, top_bitmap: 0x00000000c8500000
[0.223s][debug][gc                   ] GC(0) SMC:clear_bitmap for YOUNG Region 262, top_bitmap: 0x00000000c8300000
[0.223s][debug][gc                   ] GC(0) SMC:clear_bitmap for YOUNG Region 228, top_bitmap: 0x00000000c7200000
[0.223s][debug][gc                   ] GC(0) SMC:clear_bitmap for YOUNG Region 270, top_bitmap: 0x00000000c8700000
[0.223s][debug][gc                   ] Setting affiliation of Region 459 from FREE to YOUNG, top: 0x00000000ce580000, TAMS: 0x00000000ce580000, watermark: 0x00000000ce580000, top_bitmap: 0x00000000ce580000
[0.223s][debug][gc                   ] GC(0) SMC:clear_bitmap for YOUNG Region 271, top_bitmap: 0x00000000c8780000
[0.223s][debug][gc                   ] GC(0) SMC:clear_bitmap for YOUNG Region 272, top_bitmap: 0x00000000c8800000
[0.223s][debug][gc                   ] GC(0) SMC:clear_bitmap for YOUNG Region 273, top_bitmap: 0x00000000c8880000
[0.223s][debug][gc                   ] GC(0) SMC:clear_bitmap for YOUNG Region 260, top_bitmap: 0x00000000c8200000
[0.223s][debug][gc                   ] GC(0) SMC:clear_bitmap for YOUNG Region 275, top_bitmap: 0x00000000c8980000
[0.223s][debug][gc                   ] GC(0) SMC:clear_bitmap for YOUNG Region 268, top_bitmap: 0x00000000c8600000
[0.223s][debug][gc                   ] GC(0) SMC:clear_bitmap for YOUNG Region 269, top_bitmap: 0x00000000c8680000
[0.223s][debug][gc                   ] GC(0) SMC:clear_bitmap for YOUNG Region 278, top_bitmap: 0x00000000c8b00000
[0.223s][debug][gc                   ] GC(0) SMC:clear_bitmap for YOUNG Region 264, top_bitmap: 0x00000000c8400000
[0.223s][debug][gc                   ] GC(0) SMC:clear_bitmap for YOUNG Region 280, top_bitmap: 0x00000000c8c00000
[0.223s][debug][gc                   ] GC(0) SMC:clear_bitmap for YOUNG Region 257, top_bitmap: 0x00000000c8080000
[0.223s][debug][gc                   ] GC(0) SMC:clear_bitmap for YOUNG Region 247, top_bitmap: 0x00000000c7b80000
[0.223s][debug][gc                   ] GC(0) SMC:clear_bitmap for YOUNG Region 282, top_bitmap: 0x00000000c8d00000
[0.223s][debug][gc                   ] GC(0) SMC:clear_bitmap for YOUNG Region 267, top_bitmap: 0x00000000c8580000
[0.223s][debug][gc                   ] GC(0) SMC:clear_bitmap for YOUNG Region 274, top_bitmap: 0x00000000c8900000
[0.223s][debug][gc                   ] GC(0) SMC:clear_bitmap for YOUNG Region 285, top_bitmap: 0x00000000c8e80000
[0.223s][debug][gc                   ] GC(0) SMC:clear_bitmap for YOUNG Region 286, top_bitmap: 0x00000000c8f00000
[0.223s][debug][gc                   ] GC(0) SMC:clear_bitmap for YOUNG Region 279, top_bitmap: 0x00000000c8b80000
[0.223s][debug][gc                   ] Setting affiliation of Region 460 from FREE to YOUNG, top: 0x00000000ce600000, TAMS: 0x00000000ce600000, watermark: 0x00000000ce600000, top_bitmap: 0x00000000ce600000
[0.223s][debug][gc                   ] Setting affiliation of Region 461 from FREE to YOUNG, top: 0x00000000ce680000, TAMS: 0x00000000ce680000, watermark: 0x00000000ce680000, top_bitmap: 0x00000000ce680000
[0.223s][debug][gc                   ] GC(0) SMC:clear_bitmap for YOUNG Region 284, top_bitmap: 0x00000000c8e00000
[0.223s][debug][gc                   ] GC(0) SMC:clear_bitmap for YOUNG Region 290, top_bitmap: 0x00000000c9100000
[0.223s][debug][gc                   ] GC(0) SMC:clear_bitmap for YOUNG Region 291, top_bitmap: 0x00000000c9180000
[0.223s][debug][gc                   ] GC(0) SMC:clear_bitmap for YOUNG Region 292, top_bitmap: 0x00000000c9200000
[0.223s][debug][gc                   ] GC(0) SMC:clear_bitmap for YOUNG Region 293, top_bitmap: 0x00000000c9280000
[0.223s][debug][gc                   ] GC(0) SMC:clear_bitmap for YOUNG Region 294, top_bitmap: 0x00000000c9300000
[0.223s][debug][gc                   ] GC(0) SMC:clear_bitmap for YOUNG Region 295, top_bitmap: 0x00000000c9380000
[0.223s][debug][gc                   ] GC(0) SMC:clear_bitmap for YOUNG Region 287, top_bitmap: 0x00000000c8f80000
[0.223s][debug][gc                   ] GC(0) SMC:clear_bitmap for YOUNG Region 297, top_bitmap: 0x00000000c9480000
[0.223s][debug][gc                   ] GC(0) SMC:clear_bitmap for YOUNG Region 298, top_bitmap: 0x00000000c9500000
[0.223s][debug][gc                   ] GC(0) SMC:clear_bitmap for YOUNG Region 299, top_bitmap: 0x00000000c9580000
[0.223s][debug][gc                   ] GC(0) SMC:clear_bitmap for YOUNG Region 300, top_bitmap: 0x00000000c9600000
[0.223s][debug][gc                   ] GC(0) SMC:clear_bitmap for YOUNG Region 301, top_bitmap: 0x00000000c9680000
[0.223s][debug][gc                   ] GC(0) SMC:clear_bitmap for YOUNG Region 302, top_bitmap: 0x00000000c9700000
[0.223s][debug][gc                   ] GC(0) SMC:clear_bitmap for YOUNG Region 303, top_bitmap: 0x00000000c9780000
[0.223s][debug][gc                   ] GC(0) SMC:clear_bitmap for YOUNG Region 304, top_bitmap: 0x00000000c9800000
[0.223s][debug][gc                   ] GC(0) SMC:clear_bitmap for YOUNG Region 305, top_bitmap: 0x00000000c9880000
[0.223s][debug][gc                   ] GC(0) SMC:clear_bitmap for YOUNG Region 306, top_bitmap: 0x00000000c9900000
[0.223s][debug][gc                   ] GC(0) SMC:clear_bitmap for YOUNG Region 307, top_bitmap: 0x00000000c9980000
[0.223s][debug][gc                   ] GC(0) SMC:clear_bitmap for YOUNG Region 308, top_bitmap: 0x00000000c9a00000
[0.223s][debug][gc                   ] GC(0) SMC:clear_bitmap for YOUNG Region 309, top_bitmap: 0x00000000c9a80000
[0.223s][debug][gc                   ] GC(0) SMC:clear_bitmap for YOUNG Region 310, top_bitmap: 0x00000000c9b00000
[0.223s][debug][gc                   ] GC(0) SMC:clear_bitmap for YOUNG Region 311, top_bitmap: 0x00000000c9b80000
[0.223s][debug][gc                   ] GC(0) SMC:clear_bitmap for YOUNG Region 312, top_bitmap: 0x00000000c9c00000
[0.223s][debug][gc                   ] GC(0) SMC:clear_bitmap for YOUNG Region 313, top_bitmap: 0x00000000c9c80000
[0.223s][debug][gc                   ] GC(0) SMC:clear_bitmap for YOUNG Region 314, top_bitmap: 0x00000000c9d00000
[0.223s][debug][gc                   ] GC(0) SMC:clear_bitmap for YOUNG Region 283, top_bitmap: 0x00000000c8d80000
[0.223s][debug][gc                   ] GC(0) SMC:clear_bitmap for YOUNG Region 316, top_bitmap: 0x00000000c9e00000
[0.223s][debug][gc                   ] GC(0) SMC:clear_bitmap for YOUNG Region 317, top_bitmap: 0x00000000c9e80000
[0.223s][debug][gc                   ] GC(0) SMC:clear_bitmap for YOUNG Region 318, top_bitmap: 0x00000000c9f00000
[0.223s][debug][gc                   ] GC(0) SMC:clear_bitmap for YOUNG Region 319, top_bitmap: 0x00000000c9f80000
[0.223s][debug][gc                   ] GC(0) SMC:clear_bitmap for YOUNG Region 277, top_bitmap: 0x00000000c8a80000
[0.223s][debug][gc                   ] GC(0) SMC:clear_bitmap for YOUNG Region 320, top_bitmap: 0x00000000ca000000
[0.223s][debug][gc                   ] GC(0) SMC:clear_bitmap for YOUNG Region 321, top_bitmap: 0x00000000ca080000
[0.223s][debug][gc                   ] GC(0) SMC:clear_bitmap for YOUNG Region 276, top_bitmap: 0x00000000c8a00000
[0.223s][debug][gc                   ] GC(0) SMC:clear_bitmap for YOUNG Region 324, top_bitmap: 0x00000000ca200000
[0.223s][debug][gc                   ] GC(0) SMC:clear_bitmap for YOUNG Region 325, top_bitmap: 0x00000000ca280000
[0.223s][debug][gc                   ] GC(0) SMC:clear_bitmap for YOUNG Region 326, top_bitmap: 0x00000000ca300000
[0.223s][debug][gc                   ] GC(0) SMC:clear_bitmap for YOUNG Region 327, top_bitmap: 0x00000000ca380000
[0.223s][debug][gc                   ] GC(0) SMC:clear_bitmap for YOUNG Region 328, top_bitmap: 0x00000000ca400000
[0.223s][debug][gc                   ] GC(0) SMC:clear_bitmap for YOUNG Region 329, top_bitmap: 0x00000000ca480000
[0.223s][debug][gc                   ] GC(0) SMC:clear_bitmap for YOUNG Region 330, top_bitmap: 0x00000000ca500000
[0.223s][debug][gc                   ] GC(0) SMC:clear_bitmap for YOUNG Region 331, top_bitmap: 0x00000000ca580000
[0.223s][debug][gc                   ] GC(0) SMC:clear_bitmap for YOUNG Region 332, top_bitmap: 0x00000000ca600000
[0.223s][debug][gc                   ] GC(0) SMC:clear_bitmap for YOUNG Region 333, top_bitmap: 0x00000000ca680000
[0.223s][debug][gc                   ] GC(0) SMC:clear_bitmap for YOUNG Region 334, top_bitmap: 0x00000000ca700000
[0.223s][debug][gc                   ] GC(0) SMC:clear_bitmap for YOUNG Region 335, top_bitmap: 0x00000000ca780000
[0.223s][debug][gc                   ] GC(0) SMC:clear_bitmap for YOUNG Region 336, top_bitmap: 0x00000000ca800000
[0.223s][debug][gc                   ] GC(0) SMC:clear_bitmap for YOUNG Region 337, top_bitmap: 0x00000000ca880000
[0.223s][debug][gc                   ] GC(0) SMC:clear_bitmap for YOUNG Region 338, top_bitmap: 0x00000000ca900000
[0.223s][debug][gc                   ] GC(0) SMC:clear_bitmap for YOUNG Region 339, top_bitmap: 0x00000000ca980000
[0.223s][debug][gc                   ] GC(0) SMC:clear_bitmap for YOUNG Region 340, top_bitmap: 0x00000000caa00000
[0.223s][debug][gc                   ] GC(0) SMC:clear_bitmap for YOUNG Region 341, top_bitmap: 0x00000000caa80000
[0.223s][debug][gc                   ] GC(0) SMC:clear_bitmap for YOUNG Region 342, top_bitmap: 0x00000000cab00000
[0.223s][debug][gc                   ] GC(0) SMC:clear_bitmap for YOUNG Region 343, top_bitmap: 0x00000000cab80000
[0.223s][debug][gc                   ] GC(0) SMC:clear_bitmap for YOUNG Region 344, top_bitmap: 0x00000000cac00000
[0.223s][debug][gc                   ] GC(0) SMC:clear_bitmap for YOUNG Region 345, top_bitmap: 0x00000000cac80000
[0.223s][debug][gc                   ] GC(0) SMC:clear_bitmap for YOUNG Region 346, top_bitmap: 0x00000000cad00000
[0.223s][debug][gc                   ] GC(0) SMC:clear_bitmap for YOUNG Region 347, top_bitmap: 0x00000000cad80000
[0.223s][debug][gc                   ] GC(0) SMC:clear_bitmap for YOUNG Region 348, top_bitmap: 0x00000000cae00000
[0.223s][debug][gc                   ] GC(0) SMC:clear_bitmap for YOUNG Region 349, top_bitmap: 0x00000000cae80000
[0.223s][debug][gc                   ] GC(0) SMC:clear_bitmap for YOUNG Region 350, top_bitmap: 0x00000000caf00000
[0.223s][debug][gc                   ] GC(0) SMC:clear_bitmap for YOUNG Region 351, top_bitmap: 0x00000000caf80000
[0.223s][debug][gc                   ] GC(0) SMC:clear_bitmap for YOUNG Region 352, top_bitmap: 0x00000000cb000000
[0.223s][debug][gc                   ] GC(0) SMC:clear_bitmap for YOUNG Region 353, top_bitmap: 0x00000000cb080000
[0.223s][debug][gc                   ] GC(0) SMC:clear_bitmap for YOUNG Region 354, top_bitmap: 0x00000000cb100000
[0.223s][debug][gc                   ] GC(0) SMC:clear_bitmap for YOUNG Region 355, top_bitmap: 0x00000000cb180000
[0.223s][debug][gc                   ] GC(0) SMC:clear_bitmap for YOUNG Region 356, top_bitmap: 0x00000000cb200000
[0.223s][debug][gc                   ] GC(0) SMC:clear_bitmap for YOUNG Region 357, top_bitmap: 0x00000000cb280000
[0.223s][debug][gc                   ] GC(0) SMC:clear_bitmap for YOUNG Region 358, top_bitmap: 0x00000000cb300000
[0.223s][debug][gc                   ] GC(0) SMC:clear_bitmap for YOUNG Region 359, top_bitmap: 0x00000000cb380000
[0.223s][debug][gc                   ] GC(0) SMC:clear_bitmap for YOUNG Region 360, top_bitmap: 0x00000000cb400000
[0.223s][debug][gc                   ] GC(0) SMC:clear_bitmap for YOUNG Region 361, top_bitmap: 0x00000000cb480000
[0.223s][debug][gc                   ] GC(0) SMC:clear_bitmap for YOUNG Region 362, top_bitmap: 0x00000000cb500000
[0.223s][debug][gc                   ] GC(0) SMC:clear_bitmap for YOUNG Region 363, top_bitmap: 0x00000000cb580000
[0.223s][debug][gc                   ] GC(0) SMC:clear_bitmap for YOUNG Region 364, top_bitmap: 0x00000000cb600000
[0.223s][debug][gc                   ] GC(0) SMC:clear_bitmap for YOUNG Region 365, top_bitmap: 0x00000000cb680000
[0.223s][debug][gc                   ] GC(0) SMC:clear_bitmap for YOUNG Region 366, top_bitmap: 0x00000000cb700000
[0.223s][debug][gc                   ] GC(0) SMC:clear_bitmap for YOUNG Region 367, top_bitmap: 0x00000000cb780000
[0.223s][debug][gc                   ] GC(0) SMC:clear_bitmap for YOUNG Region 368, top_bitmap: 0x00000000cb800000
[0.223s][debug][gc                   ] GC(0) SMC:clear_bitmap for YOUNG Region 369, top_bitmap: 0x00000000cb880000
[0.223s][debug][gc                   ] GC(0) SMC:clear_bitmap for YOUNG Region 370, top_bitmap: 0x00000000cb900000
[0.223s][debug][gc                   ] GC(0) SMC:clear_bitmap for YOUNG Region 371, top_bitmap: 0x00000000cb980000
[0.223s][debug][gc                   ] GC(0) SMC:clear_bitmap for YOUNG Region 372, top_bitmap: 0x00000000cba00000
[0.223s][debug][gc                   ] GC(0) SMC:clear_bitmap for YOUNG Region 322, top_bitmap: 0x00000000ca100000
[0.223s][debug][gc                   ] GC(0) SMC:clear_bitmap for YOUNG Region 374, top_bitmap: 0x00000000cbb00000
[0.223s][debug][gc                   ] GC(0) SMC:clear_bitmap for YOUNG Region 375, top_bitmap: 0x00000000cbb80000
[0.223s][debug][gc                   ] GC(0) SMC:clear_bitmap for YOUNG Region 376, top_bitmap: 0x00000000cbc00000
[0.223s][debug][gc                   ] GC(0) SMC:clear_bitmap for YOUNG Region 377, top_bitmap: 0x00000000cbc80000
[0.223s][debug][gc                   ] GC(0) SMC:clear_bitmap for YOUNG Region 296, top_bitmap: 0x00000000c9400000
[0.223s][debug][gc                   ] GC(0) SMC:clear_bitmap for YOUNG Region 323, top_bitmap: 0x00000000ca180000
[0.223s][debug][gc                   ] GC(0) SMC:clear_bitmap for YOUNG Region 380, top_bitmap: 0x00000000cbe00000
[0.223s][debug][gc                   ] GC(0) SMC:clear_bitmap for YOUNG Region 289, top_bitmap: 0x00000000c9080000
[0.223s][debug][gc                   ] GC(0) SMC:clear_bitmap for YOUNG Region 382, top_bitmap: 0x00000000cbf00000
[0.223s][debug][gc                   ] GC(0) SMC:clear_bitmap for YOUNG Region 383, top_bitmap: 0x00000000cbf80000
[0.223s][debug][gc                   ] GC(0) SMC:clear_bitmap for YOUNG Region 315, top_bitmap: 0x00000000c9d80000
[0.223s][debug][gc                   ] GC(0) SMC:clear_bitmap for YOUNG Region 384, top_bitmap: 0x00000000cc000000
[0.223s][debug][gc                   ] GC(0) SMC:clear_bitmap for YOUNG Region 385, top_bitmap: 0x00000000cc080000
[0.223s][debug][gc                   ] GC(0) SMC:clear_bitmap for YOUNG Region 378, top_bitmap: 0x00000000cbd00000
[0.223s][debug][gc                   ] GC(0) SMC:clear_bitmap for YOUNG Region 379, top_bitmap: 0x00000000cbd80000
[0.223s][debug][gc                   ] GC(0) SMC:clear_bitmap for YOUNG Region 288, top_bitmap: 0x00000000c9000000
[0.223s][debug][gc                   ] GC(0) SMC:clear_bitmap for YOUNG Region 389, top_bitmap: 0x00000000cc280000
[0.223s][debug][gc                   ] GC(0) SMC:clear_bitmap for YOUNG Region 281, top_bitmap: 0x00000000c8c80000
[0.223s][debug][gc                   ] GC(0) SMC:clear_bitmap for YOUNG Region 392, top_bitmap: 0x00000000cc400000
[0.223s][debug][gc                   ] GC(0) SMC:clear_bitmap for YOUNG Region 393, top_bitmap: 0x00000000cc480000
[0.223s][debug][gc                   ] GC(0) SMC:clear_bitmap for YOUNG Region 387, top_bitmap: 0x00000000cc180000
[0.223s][debug][gc                   ] GC(0) SMC:clear_bitmap for YOUNG Region 388, top_bitmap: 0x00000000cc200000
[0.223s][debug][gc                   ] GC(0) SMC:clear_bitmap for YOUNG Region 395, top_bitmap: 0x00000000cc580000
[0.223s][debug][gc                   ] GC(0) SMC:clear_bitmap for YOUNG Region 381, top_bitmap: 0x00000000cbe80000
[0.223s][debug][gc                   ] GC(0) SMC:clear_bitmap for YOUNG Region 390, top_bitmap: 0x00000000cc300000
[0.223s][debug][gc                   ] GC(0) SMC:clear_bitmap for YOUNG Region 398, top_bitmap: 0x00000000cc700000
[0.223s][debug][gc                   ] GC(0) SMC:clear_bitmap for YOUNG Region 399, top_bitmap: 0x00000000cc780000
[0.223s][debug][gc                   ] GC(0) SMC:clear_bitmap for YOUNG Region 386, top_bitmap: 0x00000000cc100000
[0.223s][debug][gc                   ] GC(0) SMC:clear_bitmap for YOUNG Region 396, top_bitmap: 0x00000000cc600000
[0.223s][debug][gc                   ] GC(0) SMC:clear_bitmap for YOUNG Region 402, top_bitmap: 0x00000000cc900000
[0.223s][debug][gc                   ] GC(0) SMC:clear_bitmap for YOUNG Region 403, top_bitmap: 0x00000000cc980000
[0.223s][debug][gc                   ] GC(0) SMC:clear_bitmap for YOUNG Region 397, top_bitmap: 0x00000000cc680000
[0.223s][debug][gc                   ] GC(0) SMC:clear_bitmap for YOUNG Region 373, top_bitmap: 0x00000000cba80000
[0.223s][debug][gc                   ] GC(0) SMC:clear_bitmap for YOUNG Region 400, top_bitmap: 0x00000000cc800000
[0.223s][debug][gc                   ] GC(0) SMC:clear_bitmap for YOUNG Region 407, top_bitmap: 0x00000000ccb80000
[0.223s][debug][gc                   ] GC(0) SMC:clear_bitmap for YOUNG Region 408, top_bitmap: 0x00000000ccc00000
[0.223s][debug][gc                   ] GC(0) SMC:clear_bitmap for YOUNG Region 409, top_bitmap: 0x00000000ccc80000
[0.223s][debug][gc                   ] GC(0) SMC:clear_bitmap for YOUNG Region 410, top_bitmap: 0x00000000ccd00000
[0.223s][debug][gc                   ] GC(0) SMC:clear_bitmap for YOUNG Region 405, top_bitmap: 0x00000000cca80000
[0.223s][debug][gc                   ] GC(0) SMC:clear_bitmap for YOUNG Region 406, top_bitmap: 0x00000000ccb00000
[0.223s][debug][gc                   ] GC(0) SMC:clear_bitmap for YOUNG Region 401, top_bitmap: 0x00000000cc880000
[0.223s][debug][gc                   ] GC(0) SMC:clear_bitmap for YOUNG Region 391, top_bitmap: 0x00000000cc380000
[0.223s][debug][gc                   ] GC(0) SMC:clear_bitmap for YOUNG Region 415, top_bitmap: 0x00000000ccf80000
[0.223s][debug][gc                   ] GC(0) SMC:clear_bitmap for YOUNG Region 394, top_bitmap: 0x00000000cc500000
[0.223s][debug][gc                   ] GC(0) SMC:clear_bitmap for YOUNG Region 418, top_bitmap: 0x00000000cd100000
[0.223s][debug][gc                   ] GC(0) SMC:clear_bitmap for YOUNG Region 411, top_bitmap: 0x00000000ccd80000
[0.223s][debug][gc                   ] GC(0) SMC:clear_bitmap for YOUNG Region 412, top_bitmap: 0x00000000cce00000
[0.223s][debug][gc                   ] GC(0) SMC:clear_bitmap for YOUNG Region 420, top_bitmap: 0x00000000cd200000
[0.223s][debug][gc                   ] GC(0) SMC:clear_bitmap for YOUNG Region 421, top_bitmap: 0x00000000cd280000
[0.223s][debug][gc                   ] GC(0) SMC:clear_bitmap for YOUNG Region 422, top_bitmap: 0x00000000cd300000
[0.223s][debug][gc                   ] GC(0) SMC:clear_bitmap for YOUNG Region 414, top_bitmap: 0x00000000ccf00000
[0.223s][debug][gc                   ] GC(0) SMC:clear_bitmap for YOUNG Region 417, top_bitmap: 0x00000000cd080000
[0.224s][debug][gc                   ] GC(0) SMC:clear_bitmap for YOUNG Region 425, top_bitmap: 0x00000000cd480000
[0.224s][debug][gc                   ] GC(0) SMC:clear_bitmap for YOUNG Region 426, top_bitmap: 0x00000000cd500000
[0.223s][debug][gc                   ] GC(0) SMC:clear_bitmap for YOUNG Region 413, top_bitmap: 0x00000000cce80000
[0.223s][debug][gc                   ] GC(0) SMC:clear_bitmap for YOUNG Region 423, top_bitmap: 0x00000000cd380000
[0.223s][debug][gc                   ] GC(0) SMC:clear_bitmap for YOUNG Region 416, top_bitmap: 0x00000000cd000000
[0.223s][debug][gc                   ] GC(0) SMC:clear_bitmap for YOUNG Region 424, top_bitmap: 0x00000000cd400000
[0.224s][debug][gc                   ] GC(0) SMC:clear_bitmap for YOUNG Region 431, top_bitmap: 0x00000000cd780000
[0.224s][debug][gc                   ] GC(0) SMC:clear_bitmap for YOUNG Region 432, top_bitmap: 0x00000000cd800000
[0.224s][debug][gc                   ] GC(0) SMC:clear_bitmap for YOUNG Region 427, top_bitmap: 0x00000000cd580000
[0.223s][debug][gc                   ] GC(0) SMC:clear_bitmap for YOUNG Region 419, top_bitmap: 0x00000000cd180000
[0.224s][debug][gc                   ] GC(0) SMC:clear_bitmap for YOUNG Region 435, top_bitmap: 0x00000000cd980000
[0.224s][debug][gc                   ] GC(0) SMC:clear_bitmap for YOUNG Region 436, top_bitmap: 0x00000000cda00000
[0.224s][debug][gc                   ] GC(0) SMC:clear_bitmap for YOUNG Region 430, top_bitmap: 0x00000000cd700000
[0.224s][debug][gc                   ] GC(0) SMC:clear_bitmap for YOUNG Region 439, top_bitmap: 0x00000000cdb80000
[0.224s][debug][gc                   ] GC(0) SMC:clear_bitmap for YOUNG Region 433, top_bitmap: 0x00000000cd880000
[0.224s][debug][gc                   ] GC(0) SMC:clear_bitmap for YOUNG Region 428, top_bitmap: 0x00000000cd600000
[0.224s][debug][gc                   ] GC(0) SMC:clear_bitmap for YOUNG Region 434, top_bitmap: 0x00000000cd900000
[0.224s][debug][gc                   ] GC(0) SMC:clear_bitmap for YOUNG Region 442, top_bitmap: 0x00000000cdd00000
[0.224s][debug][gc                   ] GC(0) SMC:clear_bitmap for YOUNG Region 443, top_bitmap: 0x00000000cdd80000
[0.224s][debug][gc                   ] GC(0) SMC:clear_bitmap for YOUNG Region 437, top_bitmap: 0x00000000cda80000
[0.224s][debug][gc                   ] GC(0) SMC:clear_bitmap for YOUNG Region 429, top_bitmap: 0x00000000cd680000
[0.224s][debug][gc                   ] GC(0) SMC:clear_bitmap for YOUNG Region 446, top_bitmap: 0x00000000cdf00000
[0.224s][debug][gc                   ] GC(0) SMC:clear_bitmap for YOUNG Region 447, top_bitmap: 0x00000000cdf80000
[0.224s][debug][gc                   ] GC(0) SMC:clear_bitmap for YOUNG Region 448, top_bitmap: 0x00000000ce000000
[0.224s][debug][gc                   ] GC(0) SMC:clear_bitmap for YOUNG Region 440, top_bitmap: 0x00000000cdc00000
[0.224s][debug][gc                   ] GC(0) SMC:clear_bitmap for YOUNG Region 451, top_bitmap: 0x00000000ce180000
[0.224s][debug][gc                   ] GC(0) SMC:clear_bitmap for YOUNG Region 452, top_bitmap: 0x00000000ce200000
[0.224s][debug][gc                   ] GC(0) SMC:clear_bitmap for YOUNG Region 445, top_bitmap: 0x00000000cde80000
[0.224s][debug][gc                   ] GC(0) SMC:clear_bitmap for YOUNG Region 453, top_bitmap: 0x00000000ce280000
[0.224s][debug][gc                   ] GC(0) SMC:clear_bitmap for YOUNG Region 454, top_bitmap: 0x00000000ce300000
[0.224s][debug][gc                   ] GC(0) SMC:clear_bitmap for YOUNG Region 455, top_bitmap: 0x00000000ce380000
[0.224s][debug][gc                   ] GC(0) SMC:clear_bitmap for YOUNG Region 457, top_bitmap: 0x00000000ce480000
[0.224s][debug][gc                   ] GC(0) SMC:clear_bitmap for YOUNG Region 458, top_bitmap: 0x00000000ce500000
[0.224s][debug][gc                   ] GC(0) SMC:clear_bitmap for YOUNG Region 438, top_bitmap: 0x00000000cdb00000
[0.224s][debug][gc                   ] GC(0) SMC:clear_bitmap for YOUNG Region 450, top_bitmap: 0x00000000ce100000
[0.224s][debug][gc                   ] GC(0) SMC:clear_bitmap for YOUNG Region 441, top_bitmap: 0x00000000cdc80000
[0.224s][debug][gc                   ] GC(0) SMC:clear_bitmap for YOUNG Region 444, top_bitmap: 0x00000000cde00000
[0.224s][debug][gc                   ] GC(0) SMC:clear_bitmap for YOUNG Region 456, top_bitmap: 0x00000000ce400000
[0.224s][debug][gc                   ] GC(0) SMC:clear_bitmap for FREE Region 463, top_bitmap: 0x00000000ce780000
[0.224s][debug][gc                   ] GC(0) SMC:clear_bitmap for FREE Region 464, top_bitmap: 0x00000000ce800000
[0.224s][debug][gc                   ] GC(0) SMC:clear_bitmap for YOUNG Region 449, top_bitmap: 0x00000000ce080000
[0.224s][debug][gc                   ] GC(0) SMC:clear_bitmap for YOUNG Region 459, top_bitmap: 0x00000000ce580000
[0.224s][debug][gc                   ] GC(0) SMC:clear_bitmap for YOUNG Region 460, top_bitmap: 0x00000000ce600000
[0.224s][debug][gc                   ] GC(0) SMC:clear_bitmap for FREE Region 468, top_bitmap: 0x00000000cea00000
[0.224s][debug][gc                   ] GC(0) SMC:clear_bitmap for FREE Region 469, top_bitmap: 0x00000000cea80000
[0.224s][debug][gc                   ] GC(0) SMC:clear_bitmap for FREE Region 462, top_bitmap: 0x00000000ce700000
[0.224s][debug][gc                   ] GC(0) SMC:clear_bitmap for FREE Region 471, top_bitmap: 0x00000000ceb80000
[0.224s][debug][gc                   ] GC(0) SMC:clear_bitmap for FREE Region 465, top_bitmap: 0x00000000ce880000
[0.224s][debug][gc                   ] GC(0) SMC:clear_bitmap for FREE Region 474, top_bitmap: 0x00000000ced00000
[0.224s][debug][gc                   ] GC(0) SMC:clear_bitmap for FREE Region 475, top_bitmap: 0x00000000ced80000
[0.224s][debug][gc                   ] GC(0) SMC:clear_bitmap for FREE Region 476, top_bitmap: 0x00000000cee00000
[0.224s][debug][gc                   ] GC(0) SMC:clear_bitmap for FREE Region 470, top_bitmap: 0x00000000ceb00000
[0.223s][debug][gc                   ] GC(0) SMC:clear_bitmap for YOUNG Region 404, top_bitmap: 0x00000000cca00000
[0.224s][debug][gc                   ] GC(0) SMC:clear_bitmap for FREE Region 478, top_bitmap: 0x00000000cef00000
[0.224s][debug][gc                   ] GC(0) SMC:clear_bitmap for FREE Region 479, top_bitmap: 0x00000000cef80000
[0.224s][debug][gc                   ] GC(0) SMC:clear_bitmap for FREE Region 472, top_bitmap: 0x00000000cec00000
[0.224s][debug][gc                   ] GC(0) SMC:clear_bitmap for FREE Region 473, top_bitmap: 0x00000000cec80000
[0.224s][debug][gc                   ] GC(0) SMC:clear_bitmap for FREE Region 482, top_bitmap: 0x00000000cf100000
[0.224s][debug][gc                   ] GC(0) SMC:clear_bitmap for FREE Region 483, top_bitmap: 0x00000000cf180000
[0.224s][debug][gc                   ] GC(0) SMC:clear_bitmap for FREE Region 467, top_bitmap: 0x00000000ce980000
[0.224s][debug][gc                   ] GC(0) SMC:clear_bitmap for YOUNG Region 461, top_bitmap: 0x00000000ce680000
[0.224s][debug][gc                   ] GC(0) SMC:clear_bitmap for FREE Region 480, top_bitmap: 0x00000000cf000000
[0.224s][debug][gc                   ] GC(0) SMC:clear_bitmap for FREE Region 488, top_bitmap: 0x00000000cf400000
[0.224s][debug][gc                   ] GC(0) SMC:clear_bitmap for FREE Region 489, top_bitmap: 0x00000000cf480000
[0.224s][debug][gc                   ] GC(0) SMC:clear_bitmap for FREE Region 484, top_bitmap: 0x00000000cf200000
[0.224s][debug][gc                   ] GC(0) SMC:clear_bitmap for FREE Region 491, top_bitmap: 0x00000000cf580000
[0.224s][debug][gc                   ] GC(0) SMC:clear_bitmap for FREE Region 492, top_bitmap: 0x00000000cf600000
[0.224s][debug][gc                   ] GC(0) SMC:clear_bitmap for FREE Region 486, top_bitmap: 0x00000000cf300000
[0.224s][debug][gc                   ] GC(0) SMC:clear_bitmap for FREE Region 494, top_bitmap: 0x00000000cf700000
[0.224s][debug][gc                   ] GC(0) SMC:clear_bitmap for FREE Region 495, top_bitmap: 0x00000000cf780000
[0.224s][debug][gc                   ] GC(0) SMC:clear_bitmap for FREE Region 496, top_bitmap: 0x00000000cf800000
[0.224s][debug][gc                   ] GC(0) SMC:clear_bitmap for FREE Region 497, top_bitmap: 0x00000000cf880000
[0.224s][debug][gc                   ] GC(0) SMC:clear_bitmap for FREE Region 477, top_bitmap: 0x00000000cee80000
[0.224s][debug][gc                   ] GC(0) SMC:clear_bitmap for FREE Region 490, top_bitmap: 0x00000000cf500000
[0.224s][debug][gc                   ] GC(0) SMC:clear_bitmap for FREE Region 500, top_bitmap: 0x00000000cfa00000
[0.224s][debug][gc                   ] GC(0) SMC:clear_bitmap for FREE Region 501, top_bitmap: 0x00000000cfa80000
[0.224s][debug][gc                   ] GC(0) SMC:clear_bitmap for FREE Region 502, top_bitmap: 0x00000000cfb00000
[0.224s][debug][gc                   ] GC(0) SMC:clear_bitmap for FREE Region 503, top_bitmap: 0x00000000cfb80000
[0.224s][debug][gc                   ] GC(0) SMC:clear_bitmap for FREE Region 504, top_bitmap: 0x00000000cfc00000
[0.224s][debug][gc                   ] GC(0) SMC:clear_bitmap for FREE Region 481, top_bitmap: 0x00000000cf080000
[0.224s][debug][gc                   ] GC(0) SMC:clear_bitmap for FREE Region 506, top_bitmap: 0x00000000cfd00000
[0.224s][debug][gc                   ] Setting affiliation of Region 462 from FREE to YOUNG, top: 0x00000000ce700000, TAMS: 0x00000000ce700000, watermark: 0x00000000ce700000, top_bitmap: 0x00000000ce700000
[0.224s][debug][gc                   ] GC(0) SMC:clear_bitmap for FREE Region 466, top_bitmap: 0x00000000ce900000
[0.224s][debug][gc                   ] Setting affiliation of Region 463 from FREE to YOUNG, top: 0x00000000ce780000, TAMS: 0x00000000ce780000, watermark: 0x00000000ce780000, top_bitmap: 0x00000000ce780000
[0.224s][debug][gc                   ] GC(0) SMC:clear_bitmap for FREE Region 499, top_bitmap: 0x00000000cf980000
[0.224s][debug][gc                   ] GC(0) SMC:clear_bitmap for FREE Region 485, top_bitmap: 0x00000000cf280000
[0.224s][debug][gc                   ] GC(0) SMC:clear_bitmap for FREE Region 493, top_bitmap: 0x00000000cf680000
[0.224s][debug][gc                   ] GC(0) SMC:clear_bitmap for FREE Region 511, top_bitmap: 0x00000000cff80000
[0.224s][debug][gc                   ] GC(0) SMC:clear_bitmap for FREE Region 505, top_bitmap: 0x00000000cfc80000
[0.224s][debug][gc                   ] GC(0) SMC:clear_bitmap for FREE Region 513, top_bitmap: 0x00000000d0080000
[0.224s][debug][gc                   ] GC(0) SMC:clear_bitmap for FREE Region 514, top_bitmap: 0x00000000d0100000
[0.224s][debug][gc                   ] GC(0) SMC:clear_bitmap for FREE Region 507, top_bitmap: 0x00000000cfd80000
[0.224s][debug][gc                   ] GC(0) SMC:clear_bitmap for FREE Region 515, top_bitmap: 0x00000000d0180000
[0.224s][debug][gc                   ] GC(0) SMC:clear_bitmap for FREE Region 516, top_bitmap: 0x00000000d0200000
[0.224s][debug][gc                   ] GC(0) SMC:clear_bitmap for FREE Region 509, top_bitmap: 0x00000000cfe80000
[0.224s][debug][gc                   ] GC(0) SMC:clear_bitmap for FREE Region 498, top_bitmap: 0x00000000cf900000
[0.224s][debug][gc                   ] GC(0) SMC:clear_bitmap for FREE Region 519, top_bitmap: 0x00000000d0380000
[0.224s][debug][gc                   ] GC(0) SMC:clear_bitmap for FREE Region 520, top_bitmap: 0x00000000d0400000
[0.224s][debug][gc                   ] GC(0) SMC:clear_bitmap for FREE Region 508, top_bitmap: 0x00000000cfe00000
[0.224s][debug][gc                   ] GC(0) SMC:clear_bitmap for FREE Region 517, top_bitmap: 0x00000000d0280000
[0.224s][debug][gc                   ] GC(0) SMC:clear_bitmap for FREE Region 524, top_bitmap: 0x00000000d0600000
[0.224s][debug][gc                   ] GC(0) SMC:clear_bitmap for FREE Region 525, top_bitmap: 0x00000000d0680000
[0.224s][debug][gc                   ] GC(0) SMC:clear_bitmap for FREE Region 526, top_bitmap: 0x00000000d0700000
[0.224s][debug][gc                   ] Setting affiliation of Region 464 from FREE to YOUNG, top: 0x00000000ce800000, TAMS: 0x00000000ce800000, watermark: 0x00000000ce800000, top_bitmap: 0x00000000ce800000
[0.224s][debug][gc                   ] GC(0) SMC:clear_bitmap for FREE Region 510, top_bitmap: 0x00000000cff00000
[0.224s][debug][gc                   ] GC(0) SMC:clear_bitmap for FREE Region 528, top_bitmap: 0x00000000d0800000
[0.224s][debug][gc                   ] GC(0) SMC:clear_bitmap for FREE Region 529, top_bitmap: 0x00000000d0880000
[0.224s][debug][gc                   ] GC(0) SMC:clear_bitmap for FREE Region 530, top_bitmap: 0x00000000d0900000
[0.224s][debug][gc                   ] GC(0) SMC:clear_bitmap for FREE Region 531, top_bitmap: 0x00000000d0980000
[0.224s][debug][gc                   ] GC(0) SMC:clear_bitmap for FREE Region 532, top_bitmap: 0x00000000d0a00000
[0.224s][debug][gc                   ] GC(0) SMC:clear_bitmap for FREE Region 533, top_bitmap: 0x00000000d0a80000
[0.224s][debug][gc                   ] GC(0) SMC:clear_bitmap for FREE Region 534, top_bitmap: 0x00000000d0b00000
[0.224s][debug][gc                   ] GC(0) SMC:clear_bitmap for FREE Region 535, top_bitmap: 0x00000000d0b80000
[0.224s][debug][gc                   ] GC(0) SMC:clear_bitmap for FREE Region 487, top_bitmap: 0x00000000cf380000
[0.224s][debug][gc                   ] GC(0) SMC:clear_bitmap for FREE Region 536, top_bitmap: 0x00000000d0c00000
[0.224s][debug][gc                   ] GC(0) SMC:clear_bitmap for FREE Region 537, top_bitmap: 0x00000000d0c80000
[0.224s][debug][gc                   ] GC(0) SMC:clear_bitmap for FREE Region 538, top_bitmap: 0x00000000d0d00000
[0.224s][debug][gc                   ] GC(0) SMC:clear_bitmap for FREE Region 522, top_bitmap: 0x00000000d0500000
[0.224s][debug][gc                   ] GC(0) SMC:clear_bitmap for FREE Region 540, top_bitmap: 0x00000000d0e00000
[0.224s][debug][gc                   ] GC(0) SMC:clear_bitmap for FREE Region 541, top_bitmap: 0x00000000d0e80000
[0.224s][debug][gc                   ] GC(0) SMC:clear_bitmap for FREE Region 523, top_bitmap: 0x00000000d0580000
[0.224s][debug][gc                   ] GC(0) SMC:clear_bitmap for FREE Region 521, top_bitmap: 0x00000000d0480000
[0.224s][debug][gc                   ] GC(0) SMC:clear_bitmap for FREE Region 545, top_bitmap: 0x00000000d1080000
[0.224s][debug][gc                   ] GC(0) SMC:clear_bitmap for FREE Region 512, top_bitmap: 0x00000000d0000000
[0.224s][debug][gc                   ] GC(0) SMC:clear_bitmap for FREE Region 547, top_bitmap: 0x00000000d1180000
[0.224s][debug][gc                   ] GC(0) SMC:clear_bitmap for FREE Region 548, top_bitmap: 0x00000000d1200000
[0.224s][debug][gc                   ] GC(0) SMC:clear_bitmap for FREE Region 527, top_bitmap: 0x00000000d0780000
[0.224s][debug][gc                   ] GC(0) SMC:clear_bitmap for FREE Region 550, top_bitmap: 0x00000000d1300000
[0.224s][debug][gc                   ] GC(0) SMC:clear_bitmap for FREE Region 551, top_bitmap: 0x00000000d1380000
[0.224s][debug][gc                   ] GC(0) SMC:clear_bitmap for FREE Region 552, top_bitmap: 0x00000000d1400000
[0.224s][debug][gc                   ] GC(0) SMC:clear_bitmap for FREE Region 553, top_bitmap: 0x00000000d1480000
[0.224s][debug][gc                   ] GC(0) SMC:clear_bitmap for FREE Region 554, top_bitmap: 0x00000000d1500000
[0.224s][debug][gc                   ] GC(0) SMC:clear_bitmap for FREE Region 555, top_bitmap: 0x00000000d1580000
[0.224s][debug][gc                   ] GC(0) SMC:clear_bitmap for FREE Region 556, top_bitmap: 0x00000000d1600000
[0.224s][debug][gc                   ] GC(0) SMC:clear_bitmap for FREE Region 557, top_bitmap: 0x00000000d1680000
[0.224s][debug][gc                   ] GC(0) SMC:clear_bitmap for FREE Region 539, top_bitmap: 0x00000000d0d80000
[0.224s][debug][gc                   ] GC(0) SMC:clear_bitmap for FREE Region 546, top_bitmap: 0x00000000d1100000
[0.224s][debug][gc                   ] GC(0) SMC:clear_bitmap for FREE Region 542, top_bitmap: 0x00000000d0f00000
[0.224s][debug][gc                   ] GC(0) SMC:clear_bitmap for FREE Region 561, top_bitmap: 0x00000000d1880000
[0.224s][debug][gc                   ] GC(0) SMC:clear_bitmap for FREE Region 543, top_bitmap: 0x00000000d0f80000
[0.224s][debug][gc                   ] GC(0) SMC:clear_bitmap for FREE Region 563, top_bitmap: 0x00000000d1980000
[0.224s][debug][gc                   ] GC(0) SMC:clear_bitmap for FREE Region 564, top_bitmap: 0x00000000d1a00000
[0.224s][debug][gc                   ] GC(0) SMC:clear_bitmap for FREE Region 518, top_bitmap: 0x00000000d0300000
[0.224s][debug][gc                   ] GC(0) SMC:clear_bitmap for FREE Region 544, top_bitmap: 0x00000000d1000000
[0.224s][debug][gc                   ] GC(0) SMC:clear_bitmap for FREE Region 567, top_bitmap: 0x00000000d1b80000
[0.224s][debug][gc                   ] GC(0) SMC:clear_bitmap for FREE Region 568, top_bitmap: 0x00000000d1c00000
[0.224s][debug][gc                   ] GC(0) SMC:clear_bitmap for FREE Region 560, top_bitmap: 0x00000000d1800000
[0.224s][debug][gc                   ] GC(0) SMC:clear_bitmap for FREE Region 569, top_bitmap: 0x00000000d1c80000
[0.224s][debug][gc                   ] GC(0) SMC:clear_bitmap for FREE Region 570, top_bitmap: 0x00000000d1d00000
[0.224s][debug][gc                   ] GC(0) SMC:clear_bitmap for FREE Region 562, top_bitmap: 0x00000000d1900000
[0.224s][debug][gc                   ] GC(0) SMC:clear_bitmap for FREE Region 573, top_bitmap: 0x00000000d1e80000
[0.224s][debug][gc                   ] GC(0) SMC:clear_bitmap for FREE Region 574, top_bitmap: 0x00000000d1f00000
[0.224s][debug][gc                   ] GC(0) SMC:clear_bitmap for FREE Region 566, top_bitmap: 0x00000000d1b00000
[0.224s][debug][gc                   ] GC(0) SMC:clear_bitmap for FREE Region 558, top_bitmap: 0x00000000d1700000
[0.224s][debug][gc                   ] GC(0) SMC:clear_bitmap for FREE Region 576, top_bitmap: 0x00000000d2000000
[0.224s][debug][gc                   ] GC(0) SMC:clear_bitmap for FREE Region 577, top_bitmap: 0x00000000d2080000
[0.224s][debug][gc                   ] GC(0) SMC:clear_bitmap for FREE Region 559, top_bitmap: 0x00000000d1780000
[0.224s][debug][gc                   ] GC(0) SMC:clear_bitmap for FREE Region 571, top_bitmap: 0x00000000d1d80000
[0.224s][debug][gc                   ] GC(0) SMC:clear_bitmap for FREE Region 549, top_bitmap: 0x00000000d1280000
[0.224s][debug][gc                   ] GC(0) SMC:clear_bitmap for FREE Region 565, top_bitmap: 0x00000000d1a80000
[0.224s][debug][gc                   ] GC(0) SMC:clear_bitmap for FREE Region 575, top_bitmap: 0x00000000d1f80000
[0.224s][debug][gc                   ] GC(0) SMC:clear_bitmap for FREE Region 578, top_bitmap: 0x00000000d2100000
[0.224s][debug][gc                   ] GC(0) SMC:clear_bitmap for FREE Region 585, top_bitmap: 0x00000000d2480000
[0.224s][debug][gc                   ] GC(0) SMC:clear_bitmap for FREE Region 579, top_bitmap: 0x00000000d2180000
[0.224s][debug][gc                   ] GC(0) SMC:clear_bitmap for FREE Region 572, top_bitmap: 0x00000000d1e00000
[0.224s][debug][gc                   ] GC(0) SMC:clear_bitmap for FREE Region 588, top_bitmap: 0x00000000d2600000
[0.224s][debug][gc                   ] GC(0) SMC:clear_bitmap for FREE Region 580, top_bitmap: 0x00000000d2200000
[0.224s][debug][gc                   ] GC(0) SMC:clear_bitmap for FREE Region 590, top_bitmap: 0x00000000d2700000
[0.224s][debug][gc                   ] GC(0) SMC:clear_bitmap for FREE Region 591, top_bitmap: 0x00000000d2780000
[0.224s][debug][gc                   ] GC(0) SMC:clear_bitmap for FREE Region 592, top_bitmap: 0x00000000d2800000
[0.224s][debug][gc                   ] GC(0) SMC:clear_bitmap for FREE Region 593, top_bitmap: 0x00000000d2880000
[0.224s][debug][gc                   ] GC(0) SMC:clear_bitmap for FREE Region 594, top_bitmap: 0x00000000d2900000
[0.224s][debug][gc                   ] GC(0) SMC:clear_bitmap for FREE Region 595, top_bitmap: 0x00000000d2980000
[0.224s][debug][gc                   ] GC(0) SMC:clear_bitmap for FREE Region 596, top_bitmap: 0x00000000d2a00000
[0.224s][debug][gc                   ] GC(0) SMC:clear_bitmap for FREE Region 597, top_bitmap: 0x00000000d2a80000
[0.224s][debug][gc                   ] GC(0) SMC:clear_bitmap for FREE Region 583, top_bitmap: 0x00000000d2380000
[0.224s][debug][gc                   ] GC(0) SMC:clear_bitmap for FREE Region 599, top_bitmap: 0x00000000d2b80000
[0.224s][debug][gc                   ] GC(0) SMC:clear_bitmap for FREE Region 600, top_bitmap: 0x00000000d2c00000
[0.224s][debug][gc                   ] GC(0) SMC:clear_bitmap for FREE Region 601, top_bitmap: 0x00000000d2c80000
[0.224s][debug][gc                   ] GC(0) SMC:clear_bitmap for FREE Region 602, top_bitmap: 0x00000000d2d00000
[0.224s][debug][gc                   ] GC(0) SMC:clear_bitmap for FREE Region 603, top_bitmap: 0x00000000d2d80000
[0.224s][debug][gc                   ] GC(0) SMC:clear_bitmap for FREE Region 604, top_bitmap: 0x00000000d2e00000
[0.224s][debug][gc                   ] GC(0) SMC:clear_bitmap for FREE Region 605, top_bitmap: 0x00000000d2e80000
[0.224s][debug][gc                   ] GC(0) SMC:clear_bitmap for FREE Region 606, top_bitmap: 0x00000000d2f00000
[0.224s][debug][gc                   ] GC(0) SMC:clear_bitmap for FREE Region 584, top_bitmap: 0x00000000d2400000
[0.224s][debug][gc                   ] GC(0) SMC:clear_bitmap for FREE Region 607, top_bitmap: 0x00000000d2f80000
[0.224s][debug][gc                   ] GC(0) SMC:clear_bitmap for FREE Region 608, top_bitmap: 0x00000000d3000000
[0.224s][debug][gc                   ] GC(0) SMC:clear_bitmap for FREE Region 586, top_bitmap: 0x00000000d2500000
[0.224s][debug][gc                   ] GC(0) SMC:clear_bitmap for FREE Region 587, top_bitmap: 0x00000000d2580000
[0.224s][debug][gc                   ] GC(0) SMC:clear_bitmap for FREE Region 581, top_bitmap: 0x00000000d2280000
[0.224s][debug][gc                   ] GC(0) SMC:clear_bitmap for FREE Region 613, top_bitmap: 0x00000000d3280000
[0.224s][debug][gc                   ] GC(0) SMC:clear_bitmap for FREE Region 598, top_bitmap: 0x00000000d2b00000
[0.224s][debug][gc                   ] GC(0) SMC:clear_bitmap for FREE Region 615, top_bitmap: 0x00000000d3380000
[0.224s][debug][gc                   ] GC(0) SMC:clear_bitmap for FREE Region 616, top_bitmap: 0x00000000d3400000
[0.224s][debug][gc                   ] GC(0) SMC:clear_bitmap for FREE Region 610, top_bitmap: 0x00000000d3100000
[0.224s][debug][gc                   ] GC(0) SMC:clear_bitmap for FREE Region 611, top_bitmap: 0x00000000d3180000
[0.224s][debug][gc                   ] GC(0) SMC:clear_bitmap for FREE Region 618, top_bitmap: 0x00000000d3500000
[0.224s][debug][gc                   ] GC(0) SMC:clear_bitmap for FREE Region 619, top_bitmap: 0x00000000d3580000
[0.224s][debug][gc                   ] GC(0) SMC:clear_bitmap for FREE Region 589, top_bitmap: 0x00000000d2680000
[0.224s][debug][gc                   ] GC(0) SMC:clear_bitmap for FREE Region 622, top_bitmap: 0x00000000d3700000
[0.224s][debug][gc                   ] GC(0) SMC:clear_bitmap for FREE Region 614, top_bitmap: 0x00000000d3300000
[0.224s][debug][gc                   ] GC(0) SMC:clear_bitmap for FREE Region 612, top_bitmap: 0x00000000d3200000
[0.224s][debug][gc                   ] GC(0) SMC:clear_bitmap for FREE Region 624, top_bitmap: 0x00000000d3800000
[0.224s][debug][gc                   ] GC(0) SMC:clear_bitmap for FREE Region 625, top_bitmap: 0x00000000d3880000
[0.224s][debug][gc                   ] GC(0) SMC:clear_bitmap for FREE Region 617, top_bitmap: 0x00000000d3480000
[0.224s][debug][gc                   ] GC(0) SMC:clear_bitmap for FREE Region 627, top_bitmap: 0x00000000d3980000
[0.224s][debug][gc                   ] GC(0) SMC:clear_bitmap for FREE Region 628, top_bitmap: 0x00000000d3a00000
[0.224s][debug][gc                   ] GC(0) SMC:clear_bitmap for FREE Region 621, top_bitmap: 0x00000000d3680000
[0.224s][debug][gc                   ] GC(0) SMC:clear_bitmap for FREE Region 582, top_bitmap: 0x00000000d2300000
[0.224s][debug][gc                   ] GC(0) SMC:clear_bitmap for FREE Region 631, top_bitmap: 0x00000000d3b80000
[0.224s][debug][gc                   ] GC(0) SMC:clear_bitmap for FREE Region 632, top_bitmap: 0x00000000d3c00000
[0.224s][debug][gc                   ] GC(0) SMC:clear_bitmap for FREE Region 633, top_bitmap: 0x00000000d3c80000
[0.224s][debug][gc                   ] GC(0) SMC:clear_bitmap for FREE Region 626, top_bitmap: 0x00000000d3900000
[0.224s][debug][gc                   ] GC(0) SMC:clear_bitmap for FREE Region 620, top_bitmap: 0x00000000d3600000
[0.224s][debug][gc                   ] GC(0) SMC:clear_bitmap for FREE Region 636, top_bitmap: 0x00000000d3e00000
[0.224s][debug][gc                   ] GC(0) SMC:clear_bitmap for FREE Region 623, top_bitmap: 0x00000000d3780000
[0.224s][debug][gc                   ] GC(0) SMC:clear_bitmap for FREE Region 639, top_bitmap: 0x00000000d3f80000
[0.224s][debug][gc                   ] GC(0) SMC:clear_bitmap for FREE Region 634, top_bitmap: 0x00000000d3d00000
[0.224s][debug][gc                   ] GC(0) SMC:clear_bitmap for FREE Region 609, top_bitmap: 0x00000000d3080000
[0.224s][debug][gc                   ] GC(0) SMC:clear_bitmap for FREE Region 641, top_bitmap: 0x00000000d4080000
[0.224s][debug][gc                   ] GC(0) SMC:clear_bitmap for FREE Region 642, top_bitmap: 0x00000000d4100000
[0.224s][debug][gc                   ] GC(0) SMC:clear_bitmap for FREE Region 643, top_bitmap: 0x00000000d4180000
[0.224s][debug][gc                   ] GC(0) SMC:clear_bitmap for FREE Region 635, top_bitmap: 0x00000000d3d80000
[0.224s][debug][gc                   ] GC(0) SMC:clear_bitmap for FREE Region 645, top_bitmap: 0x00000000d4280000
[0.224s][debug][gc                   ] GC(0) SMC:clear_bitmap for FREE Region 646, top_bitmap: 0x00000000d4300000
[0.224s][debug][gc                   ] GC(0) SMC:clear_bitmap for FREE Region 629, top_bitmap: 0x00000000d3a80000
[0.224s][debug][gc                   ] GC(0) SMC:clear_bitmap for FREE Region 630, top_bitmap: 0x00000000d3b00000
[0.224s][debug][gc                   ] GC(0) SMC:clear_bitmap for FREE Region 638, top_bitmap: 0x00000000d3f00000
[0.224s][debug][gc                   ] GC(0) SMC:clear_bitmap for FREE Region 651, top_bitmap: 0x00000000d4580000
[0.224s][debug][gc                   ] GC(0) SMC:clear_bitmap for FREE Region 637, top_bitmap: 0x00000000d3e80000
[0.224s][debug][gc                   ] GC(0) SMC:clear_bitmap for FREE Region 652, top_bitmap: 0x00000000d4600000
[0.224s][debug][gc                   ] GC(0) SMC:clear_bitmap for FREE Region 653, top_bitmap: 0x00000000d4680000
[0.224s][debug][gc                   ] GC(0) SMC:clear_bitmap for FREE Region 654, top_bitmap: 0x00000000d4700000
[0.224s][debug][gc                   ] GC(0) SMC:clear_bitmap for FREE Region 648, top_bitmap: 0x00000000d4400000
[0.224s][debug][gc                   ] GC(0) SMC:clear_bitmap for FREE Region 649, top_bitmap: 0x00000000d4480000
[0.224s][debug][gc                   ] GC(0) SMC:clear_bitmap for FREE Region 657, top_bitmap: 0x00000000d4880000
[0.224s][debug][gc                   ] GC(0) SMC:clear_bitmap for FREE Region 658, top_bitmap: 0x00000000d4900000
[0.224s][debug][gc                   ] GC(0) SMC:clear_bitmap for FREE Region 650, top_bitmap: 0x00000000d4500000
[0.224s][debug][gc                   ] GC(0) SMC:clear_bitmap for FREE Region 644, top_bitmap: 0x00000000d4200000
[0.224s][debug][gc                   ] GC(0) SMC:clear_bitmap for FREE Region 661, top_bitmap: 0x00000000d4a80000
[0.224s][debug][gc                   ] GC(0) SMC:clear_bitmap for FREE Region 662, top_bitmap: 0x00000000d4b00000
[0.224s][debug][gc                   ] GC(0) SMC:clear_bitmap for FREE Region 647, top_bitmap: 0x00000000d4380000
[0.224s][debug][gc                   ] GC(0) SMC:clear_bitmap for FREE Region 640, top_bitmap: 0x00000000d4000000
[0.224s][debug][gc                   ] GC(0) SMC:clear_bitmap for FREE Region 666, top_bitmap: 0x00000000d4d00000
[0.224s][debug][gc                   ] GC(0) SMC:clear_bitmap for FREE Region 667, top_bitmap: 0x00000000d4d80000
[0.224s][debug][gc                   ] GC(0) SMC:clear_bitmap for FREE Region 655, top_bitmap: 0x00000000d4780000
[0.224s][debug][gc                   ] GC(0) SMC:clear_bitmap for FREE Region 669, top_bitmap: 0x00000000d4e80000
[0.224s][debug][gc                   ] GC(0) SMC:clear_bitmap for FREE Region 663, top_bitmap: 0x00000000d4b80000
[0.224s][debug][gc                   ] GC(0) SMC:clear_bitmap for FREE Region 664, top_bitmap: 0x00000000d4c00000
[0.224s][debug][gc                   ] GC(0) SMC:clear_bitmap for FREE Region 671, top_bitmap: 0x00000000d4f80000
[0.224s][debug][gc                   ] GC(0) SMC:clear_bitmap for FREE Region 665, top_bitmap: 0x00000000d4c80000
[0.224s][debug][gc                   ] GC(0) SMC:clear_bitmap for FREE Region 659, top_bitmap: 0x00000000d4980000
[0.224s][debug][gc                   ] GC(0) SMC:clear_bitmap for FREE Region 674, top_bitmap: 0x00000000d5100000
[0.224s][debug][gc                   ] GC(0) SMC:clear_bitmap for FREE Region 675, top_bitmap: 0x00000000d5180000
[0.224s][debug][gc                   ] GC(0) SMC:clear_bitmap for FREE Region 660, top_bitmap: 0x00000000d4a00000
[0.224s][debug][gc                   ] Setting affiliation of Region 465 from FREE to YOUNG, top: 0x00000000ce880000, TAMS: 0x00000000ce880000, watermark: 0x00000000ce880000, top_bitmap: 0x00000000ce880000
[0.224s][debug][gc                   ] GC(0) SMC:clear_bitmap for FREE Region 670, top_bitmap: 0x00000000d4f00000
[0.224s][debug][gc                   ] Setting affiliation of Region 466 from FREE to YOUNG, top: 0x00000000ce900000, TAMS: 0x00000000ce900000, watermark: 0x00000000ce900000, top_bitmap: 0x00000000ce900000
[0.224s][debug][gc                   ] GC(0) SMC:clear_bitmap for FREE Region 673, top_bitmap: 0x00000000d5080000
[0.224s][debug][gc                   ] GC(0) SMC:clear_bitmap for FREE Region 676, top_bitmap: 0x00000000d5200000
[0.224s][debug][gc                   ] GC(0) SMC:clear_bitmap for FREE Region 681, top_bitmap: 0x00000000d5480000
[0.224s][debug][gc                   ] GC(0) SMC:clear_bitmap for FREE Region 677, top_bitmap: 0x00000000d5280000
[0.224s][debug][gc                   ] GC(0) SMC:clear_bitmap for FREE Region 668, top_bitmap: 0x00000000d4e00000
[0.224s][debug][gc                   ] GC(0) SMC:clear_bitmap for FREE Region 684, top_bitmap: 0x00000000d5600000
[0.224s][debug][gc                   ] GC(0) SMC:clear_bitmap for FREE Region 685, top_bitmap: 0x00000000d5680000
[0.224s][debug][gc                   ] GC(0) SMC:clear_bitmap for FREE Region 672, top_bitmap: 0x00000000d5000000
[0.224s][debug][gc                   ] GC(0) SMC:clear_bitmap for FREE Region 687, top_bitmap: 0x00000000d5780000
[0.224s][debug][gc                   ] GC(0) SMC:clear_bitmap for FREE Region 656, top_bitmap: 0x00000000d4800000
[0.224s][debug][gc                   ] GC(0) SMC:clear_bitmap for FREE Region 689, top_bitmap: 0x00000000d5880000
[0.224s][debug][gc                   ] GC(0) SMC:clear_bitmap for FREE Region 690, top_bitmap: 0x00000000d5900000
[0.224s][debug][gc                   ] GC(0) SMC:clear_bitmap for FREE Region 691, top_bitmap: 0x00000000d5980000
[0.224s][debug][gc                   ] GC(0) SMC:clear_bitmap for FREE Region 683, top_bitmap: 0x00000000d5580000
[0.224s][debug][gc                   ] GC(0) SMC:clear_bitmap for FREE Region 693, top_bitmap: 0x00000000d5a80000
[0.224s][debug][gc                   ] GC(0) SMC:clear_bitmap for FREE Region 686, top_bitmap: 0x00000000d5700000
[0.224s][debug][gc                   ] GC(0) SMC:clear_bitmap for FREE Region 695, top_bitmap: 0x00000000d5b80000
[0.224s][debug][gc                   ] GC(0) SMC:clear_bitmap for FREE Region 696, top_bitmap: 0x00000000d5c00000
[0.224s][debug][gc                   ] GC(0) SMC:clear_bitmap for FREE Region 688, top_bitmap: 0x00000000d5800000
[0.224s][debug][gc                   ] GC(0) SMC:clear_bitmap for FREE Region 680, top_bitmap: 0x00000000d5400000
[0.224s][debug][gc                   ] GC(0) SMC:clear_bitmap for FREE Region 692, top_bitmap: 0x00000000d5a00000
[0.224s][debug][gc                   ] GC(0) SMC:clear_bitmap for FREE Region 700, top_bitmap: 0x00000000d5e00000
[0.224s][debug][gc                   ] GC(0) SMC:clear_bitmap for FREE Region 701, top_bitmap: 0x00000000d5e80000
[0.224s][debug][gc                   ] GC(0) SMC:clear_bitmap for FREE Region 702, top_bitmap: 0x00000000d5f00000
[0.224s][debug][gc                   ] GC(0) SMC:clear_bitmap for FREE Region 703, top_bitmap: 0x00000000d5f80000
[0.224s][debug][gc                   ] GC(0) SMC:clear_bitmap for FREE Region 704, top_bitmap: 0x00000000d6000000
[0.224s][debug][gc                   ] GC(0) SMC:clear_bitmap for FREE Region 705, top_bitmap: 0x00000000d6080000
[0.224s][debug][gc                   ] GC(0) SMC:clear_bitmap for FREE Region 706, top_bitmap: 0x00000000d6100000
[0.224s][debug][gc                   ] GC(0) SMC:clear_bitmap for FREE Region 698, top_bitmap: 0x00000000d5d00000
[0.224s][debug][gc                   ] GC(0) SMC:clear_bitmap for FREE Region 708, top_bitmap: 0x00000000d6200000
[0.224s][debug][gc                   ] GC(0) SMC:clear_bitmap for FREE Region 709, top_bitmap: 0x00000000d6280000
[0.224s][debug][gc                   ] GC(0) SMC:clear_bitmap for FREE Region 710, top_bitmap: 0x00000000d6300000
[0.224s][debug][gc                   ] GC(0) SMC:clear_bitmap for FREE Region 711, top_bitmap: 0x00000000d6380000
[0.224s][debug][gc                   ] GC(0) SMC:clear_bitmap for FREE Region 682, top_bitmap: 0x00000000d5500000
[0.224s][debug][gc                   ] GC(0) SMC:clear_bitmap for FREE Region 712, top_bitmap: 0x00000000d6400000
[0.224s][debug][gc                   ] GC(0) SMC:clear_bitmap for FREE Region 713, top_bitmap: 0x00000000d6480000
[0.224s][debug][gc                   ] GC(0) SMC:clear_bitmap for FREE Region 699, top_bitmap: 0x00000000d5d80000
[0.224s][debug][gc                   ] GC(0) SMC:clear_bitmap for FREE Region 716, top_bitmap: 0x00000000d6600000
[0.224s][debug][gc                   ] GC(0) SMC:clear_bitmap for FREE Region 717, top_bitmap: 0x00000000d6680000
[0.224s][debug][gc                   ] GC(0) SMC:clear_bitmap for FREE Region 679, top_bitmap: 0x00000000d5380000
[0.224s][debug][gc                   ] GC(0) SMC:clear_bitmap for FREE Region 697, top_bitmap: 0x00000000d5c80000
[0.224s][debug][gc                   ] GC(0) SMC:clear_bitmap for FREE Region 707, top_bitmap: 0x00000000d6180000
[0.224s][debug][gc                   ] GC(0) SMC:clear_bitmap for FREE Region 721, top_bitmap: 0x00000000d6880000
[0.224s][debug][gc                   ] GC(0) SMC:clear_bitmap for FREE Region 715, top_bitmap: 0x00000000d6580000
[0.224s][debug][gc                   ] GC(0) SMC:clear_bitmap for FREE Region 723, top_bitmap: 0x00000000d6980000
[0.224s][debug][gc                   ] GC(0) SMC:clear_bitmap for FREE Region 724, top_bitmap: 0x00000000d6a00000
[0.224s][debug][gc                   ] GC(0) SMC:clear_bitmap for FREE Region 694, top_bitmap: 0x00000000d5b00000
[0.224s][debug][gc                   ] GC(0) SMC:clear_bitmap for FREE Region 718, top_bitmap: 0x00000000d6700000
[0.225s][debug][gc                   ] GC(0) SMC:clear_bitmap for FREE Region 727, top_bitmap: 0x00000000d6b80000
[0.225s][debug][gc                   ] GC(0) SMC:clear_bitmap for FREE Region 728, top_bitmap: 0x00000000d6c00000
[0.224s][debug][gc                   ] GC(0) SMC:clear_bitmap for FREE Region 720, top_bitmap: 0x00000000d6800000
[0.225s][debug][gc                   ] GC(0) SMC:clear_bitmap for FREE Region 730, top_bitmap: 0x00000000d6d00000
[0.224s][debug][gc                   ] GC(0) SMC:clear_bitmap for FREE Region 722, top_bitmap: 0x00000000d6900000
[0.225s][debug][gc                   ] GC(0) SMC:clear_bitmap for FREE Region 731, top_bitmap: 0x00000000d6d80000
[0.225s][debug][gc                   ] GC(0) SMC:clear_bitmap for FREE Region 732, top_bitmap: 0x00000000d6e00000
[0.224s][debug][gc                   ] GC(0) SMC:clear_bitmap for FREE Region 678, top_bitmap: 0x00000000d5300000
[0.225s][debug][gc                   ] GC(0) SMC:clear_bitmap for FREE Region 735, top_bitmap: 0x00000000d6f80000
[0.225s][debug][gc                   ] GC(0) SMC:clear_bitmap for FREE Region 726, top_bitmap: 0x00000000d6b00000
[0.225s][debug][gc                   ] GC(0) SMC:clear_bitmap for FREE Region 736, top_bitmap: 0x00000000d7000000
[0.224s][debug][gc                   ] GC(0) SMC:clear_bitmap for FREE Region 719, top_bitmap: 0x00000000d6780000
[0.225s][debug][gc                   ] GC(0) SMC:clear_bitmap for FREE Region 738, top_bitmap: 0x00000000d7100000
[0.224s][debug][gc                   ] GC(0) SMC:clear_bitmap for FREE Region 714, top_bitmap: 0x00000000d6500000
[0.225s][debug][gc                   ] GC(0) SMC:clear_bitmap for FREE Region 734, top_bitmap: 0x00000000d6f00000
[0.224s][debug][gc                   ] GC(0) SMC:clear_bitmap for FREE Region 725, top_bitmap: 0x00000000d6a80000
[0.225s][debug][gc                   ] GC(0) SMC:clear_bitmap for FREE Region 742, top_bitmap: 0x00000000d7300000
[0.225s][debug][gc                   ] GC(0) SMC:clear_bitmap for FREE Region 743, top_bitmap: 0x00000000d7380000
[0.225s][debug][gc                   ] GC(0) SMC:clear_bitmap for FREE Region 729, top_bitmap: 0x00000000d6c80000
[0.225s][debug][gc                   ] GC(0) SMC:clear_bitmap for FREE Region 733, top_bitmap: 0x00000000d6e80000
[0.225s][debug][gc                   ] GC(0) SMC:clear_bitmap for FREE Region 747, top_bitmap: 0x00000000d7580000
[0.225s][debug][gc                   ] GC(0) SMC:clear_bitmap for FREE Region 748, top_bitmap: 0x00000000d7600000
[0.225s][debug][gc                   ] GC(0) SMC:clear_bitmap for FREE Region 749, top_bitmap: 0x00000000d7680000
[0.225s][debug][gc                   ] GC(0) SMC:clear_bitmap for FREE Region 745, top_bitmap: 0x00000000d7480000
[0.225s][debug][gc                   ] GC(0) SMC:clear_bitmap for FREE Region 751, top_bitmap: 0x00000000d7780000
[0.225s][debug][gc                   ] GC(0) SMC:clear_bitmap for FREE Region 752, top_bitmap: 0x00000000d7800000
[0.225s][debug][gc                   ] GC(0) SMC:clear_bitmap for FREE Region 753, top_bitmap: 0x00000000d7880000
[0.225s][debug][gc                   ] GC(0) SMC:clear_bitmap for FREE Region 754, top_bitmap: 0x00000000d7900000
[0.225s][debug][gc                   ] GC(0) SMC:clear_bitmap for FREE Region 755, top_bitmap: 0x00000000d7980000
[0.225s][debug][gc                   ] GC(0) SMC:clear_bitmap for FREE Region 756, top_bitmap: 0x00000000d7a00000
[0.225s][debug][gc                   ] GC(0) SMC:clear_bitmap for FREE Region 757, top_bitmap: 0x00000000d7a80000
[0.225s][debug][gc                   ] GC(0) SMC:clear_bitmap for FREE Region 758, top_bitmap: 0x00000000d7b00000
[0.225s][debug][gc                   ] GC(0) SMC:clear_bitmap for FREE Region 759, top_bitmap: 0x00000000d7b80000
[0.225s][debug][gc                   ] GC(0) SMC:clear_bitmap for FREE Region 760, top_bitmap: 0x00000000d7c00000
[0.225s][debug][gc                   ] GC(0) SMC:clear_bitmap for FREE Region 761, top_bitmap: 0x00000000d7c80000
[0.225s][debug][gc                   ] GC(0) SMC:clear_bitmap for FREE Region 762, top_bitmap: 0x00000000d7d00000
[0.225s][debug][gc                   ] GC(0) SMC:clear_bitmap for FREE Region 763, top_bitmap: 0x00000000d7d80000
[0.225s][debug][gc                   ] GC(0) SMC:clear_bitmap for FREE Region 764, top_bitmap: 0x00000000d7e00000
[0.225s][debug][gc                   ] GC(0) SMC:clear_bitmap for FREE Region 765, top_bitmap: 0x00000000d7e80000
[0.225s][debug][gc                   ] Using new region (1885) for Shared (0x00007faab76e5830).
[0.225s][debug][gc                   ] Setting affiliation of Region 1885 from FREE to YOUNG, top: 0x00000000fae80000, TAMS: 0x00000000fae80000, watermark: 0x00000000fae80000, top_bitmap: 0x00000000fae80000
[0.225s][debug][gc                   ] GC(0) SMC:clear_bitmap for FREE Region 741, top_bitmap: 0x00000000d7280000
[0.225s][debug][gc                   ] GC(0) SMC:clear_bitmap for FREE Region 737, top_bitmap: 0x00000000d7080000
[0.225s][debug][gc                   ] GC(0) SMC:clear_bitmap for FREE Region 767, top_bitmap: 0x00000000d7f80000
[0.225s][debug][gc                   ] GC(0) SMC:clear_bitmap for FREE Region 744, top_bitmap: 0x00000000d7400000
[0.225s][debug][gc                   ] GC(0) SMC:clear_bitmap for FREE Region 770, top_bitmap: 0x00000000d8100000
[0.225s][debug][gc                   ] GC(0) SMC:clear_bitmap for FREE Region 771, top_bitmap: 0x00000000d8180000
[0.225s][debug][gc                   ] GC(0) SMC:clear_bitmap for FREE Region 772, top_bitmap: 0x00000000d8200000
[0.225s][debug][gc                   ] GC(0) SMC:clear_bitmap for FREE Region 746, top_bitmap: 0x00000000d7500000
[0.225s][debug][gc                   ] GC(0) SMC:clear_bitmap for FREE Region 773, top_bitmap: 0x00000000d8280000
[0.225s][debug][gc                   ] GC(0) SMC:clear_bitmap for FREE Region 766, top_bitmap: 0x00000000d7f00000
[0.225s][debug][gc                   ] GC(0) SMC:clear_bitmap for FREE Region 775, top_bitmap: 0x00000000d8380000
[0.225s][debug][gc                   ] Using new region (1885) for Shared (0x00007faab76e5830).
[0.225s][debug][gc                   ] GC(0) SMC:clear_bitmap for FREE Region 769, top_bitmap: 0x00000000d8080000
[0.225s][debug][gc                   ] GC(0) SMC:clear_bitmap for FREE Region 739, top_bitmap: 0x00000000d7180000
[0.225s][debug][gc                   ] GC(0) SMC:clear_bitmap for FREE Region 740, top_bitmap: 0x00000000d7200000
[0.225s][debug][gc                   ] GC(0) SMC:clear_bitmap for FREE Region 779, top_bitmap: 0x00000000d8580000
[0.225s][debug][gc                   ] GC(0) SMC:clear_bitmap for FREE Region 780, top_bitmap: 0x00000000d8600000
[0.225s][debug][gc                   ] GC(0) SMC:clear_bitmap for FREE Region 781, top_bitmap: 0x00000000d8680000
[0.225s][debug][gc                   ] GC(0) SMC:clear_bitmap for FREE Region 776, top_bitmap: 0x00000000d8400000
[0.225s][debug][gc                   ] GC(0) SMC:clear_bitmap for FREE Region 783, top_bitmap: 0x00000000d8780000
[0.225s][debug][gc                   ] GC(0) SMC:clear_bitmap for FREE Region 784, top_bitmap: 0x00000000d8800000
[0.225s][debug][gc                   ] GC(0) SMC:clear_bitmap for FREE Region 777, top_bitmap: 0x00000000d8480000
[0.225s][debug][gc                   ] GC(0) SMC:clear_bitmap for FREE Region 786, top_bitmap: 0x00000000d8900000
[0.225s][debug][gc                   ] GC(0) SMC:clear_bitmap for FREE Region 774, top_bitmap: 0x00000000d8300000
[0.225s][debug][gc                   ] GC(0) SMC:clear_bitmap for FREE Region 782, top_bitmap: 0x00000000d8700000
[0.225s][debug][gc                   ] GC(0) SMC:clear_bitmap for FREE Region 768, top_bitmap: 0x00000000d8000000
[0.225s][debug][gc                   ] GC(0) SMC:clear_bitmap for FREE Region 790, top_bitmap: 0x00000000d8b00000
[0.225s][debug][gc                   ] GC(0) SMC:clear_bitmap for FREE Region 791, top_bitmap: 0x00000000d8b80000
[0.225s][debug][gc                   ] GC(0) SMC:clear_bitmap for FREE Region 778, top_bitmap: 0x00000000d8500000
[0.225s][debug][gc                   ] GC(0) SMC:clear_bitmap for FREE Region 787, top_bitmap: 0x00000000d8980000
[0.225s][debug][gc                   ] GC(0) SMC:clear_bitmap for FREE Region 788, top_bitmap: 0x00000000d8a00000
[0.225s][debug][gc                   ] GC(0) SMC:clear_bitmap for FREE Region 795, top_bitmap: 0x00000000d8d80000
[0.225s][debug][gc                   ] GC(0) SMC:clear_bitmap for FREE Region 796, top_bitmap: 0x00000000d8e00000
[0.225s][debug][gc                   ] GC(0) SMC:clear_bitmap for FREE Region 789, top_bitmap: 0x00000000d8a80000
[0.225s][debug][gc                   ] GC(0) SMC:clear_bitmap for FREE Region 798, top_bitmap: 0x00000000d8f00000
[0.225s][debug][gc                   ] GC(0) SMC:clear_bitmap for FREE Region 799, top_bitmap: 0x00000000d8f80000
[0.225s][debug][gc                   ] GC(0) SMC:clear_bitmap for FREE Region 801, top_bitmap: 0x00000000d9080000
[0.225s][debug][gc                   ] GC(0) SMC:clear_bitmap for FREE Region 793, top_bitmap: 0x00000000d8c80000
[0.225s][debug][gc                   ] GC(0) SMC:clear_bitmap for FREE Region 794, top_bitmap: 0x00000000d8d00000
[0.225s][debug][gc                   ] GC(0) SMC:clear_bitmap for FREE Region 803, top_bitmap: 0x00000000d9180000
[0.225s][debug][gc                   ] GC(0) SMC:clear_bitmap for FREE Region 750, top_bitmap: 0x00000000d7700000
[0.225s][debug][gc                   ] GC(0) SMC:clear_bitmap for FREE Region 805, top_bitmap: 0x00000000d9280000
[0.225s][debug][gc                   ] GC(0) SMC:clear_bitmap for FREE Region 806, top_bitmap: 0x00000000d9300000
[0.225s][debug][gc                   ] GC(0) SMC:clear_bitmap for FREE Region 792, top_bitmap: 0x00000000d8c00000
[0.225s][debug][gc                   ] GC(0) SMC:clear_bitmap for FREE Region 800, top_bitmap: 0x00000000d9000000
[0.225s][debug][gc                   ] GC(0) SMC:clear_bitmap for FREE Region 785, top_bitmap: 0x00000000d8880000
[0.225s][debug][gc                   ] GC(0) SMC:clear_bitmap for FREE Region 802, top_bitmap: 0x00000000d9100000
[0.225s][debug][gc                   ] GC(0) SMC:clear_bitmap for FREE Region 797, top_bitmap: 0x00000000d8e80000
[0.225s][debug][gc                   ] GC(0) SMC:clear_bitmap for FREE Region 807, top_bitmap: 0x00000000d9380000
[0.225s][debug][gc                   ] Setting affiliation of Region 467 from FREE to YOUNG, top: 0x00000000ce980000, TAMS: 0x00000000ce980000, watermark: 0x00000000ce980000, top_bitmap: 0x00000000ce980000
[0.225s][debug][gc                   ] GC(0) SMC:clear_bitmap for FREE Region 814, top_bitmap: 0x00000000d9700000
[0.225s][debug][gc                   ] GC(0) SMC:clear_bitmap for FREE Region 808, top_bitmap: 0x00000000d9400000
[0.225s][debug][gc                   ] GC(0) SMC:clear_bitmap for FREE Region 809, top_bitmap: 0x00000000d9480000
[0.225s][debug][gc                   ] GC(0) SMC:clear_bitmap for FREE Region 810, top_bitmap: 0x00000000d9500000
[0.225s][debug][gc                   ] GC(0) SMC:clear_bitmap for FREE Region 817, top_bitmap: 0x00000000d9880000
[0.225s][debug][gc                   ] GC(0) SMC:clear_bitmap for FREE Region 818, top_bitmap: 0x00000000d9900000
[0.225s][debug][gc                   ] GC(0) SMC:clear_bitmap for FREE Region 819, top_bitmap: 0x00000000d9980000
[0.225s][debug][gc                   ] GC(0) SMC:clear_bitmap for FREE Region 812, top_bitmap: 0x00000000d9600000
[0.225s][debug][gc                   ] GC(0) SMC:clear_bitmap for FREE Region 821, top_bitmap: 0x00000000d9a80000
[0.225s][debug][gc                   ] GC(0) SMC:clear_bitmap for FREE Region 822, top_bitmap: 0x00000000d9b00000
[0.225s][debug][gc                   ] GC(0) SMC:clear_bitmap for FREE Region 813, top_bitmap: 0x00000000d9680000
[0.225s][debug][gc                   ] Setting affiliation of Region 468 from FREE to YOUNG, top: 0x00000000cea00000, TAMS: 0x00000000cea00000, watermark: 0x00000000cea00000, top_bitmap: 0x00000000cea00000
[0.225s][debug][gc                   ] GC(0) SMC:clear_bitmap for FREE Region 825, top_bitmap: 0x00000000d9c80000
[0.225s][debug][gc                   ] GC(0) SMC:clear_bitmap for FREE Region 811, top_bitmap: 0x00000000d9580000
[0.225s][debug][gc                   ] GC(0) SMC:clear_bitmap for FREE Region 826, top_bitmap: 0x00000000d9d00000
[0.225s][debug][gc                   ] GC(0) SMC:clear_bitmap for FREE Region 804, top_bitmap: 0x00000000d9200000
[0.225s][debug][gc                   ] GC(0) SMC:clear_bitmap for FREE Region 823, top_bitmap: 0x00000000d9b80000
[0.225s][debug][gc                   ] GC(0) SMC:clear_bitmap for FREE Region 829, top_bitmap: 0x00000000d9e80000
[0.225s][debug][gc                   ] GC(0) SMC:clear_bitmap for FREE Region 830, top_bitmap: 0x00000000d9f00000
[0.225s][debug][gc                   ] GC(0) SMC:clear_bitmap for FREE Region 816, top_bitmap: 0x00000000d9800000
[0.225s][debug][gc                   ] GC(0) SMC:clear_bitmap for FREE Region 820, top_bitmap: 0x00000000d9a00000
[0.225s][debug][gc                   ] GC(0) SMC:clear_bitmap for FREE Region 827, top_bitmap: 0x00000000d9d80000
[0.225s][debug][gc                   ] GC(0) SMC:clear_bitmap for FREE Region 815, top_bitmap: 0x00000000d9780000
[0.225s][debug][gc                   ] GC(0) SMC:clear_bitmap for FREE Region 835, top_bitmap: 0x00000000da180000
[0.225s][debug][gc                   ] GC(0) SMC:clear_bitmap for FREE Region 836, top_bitmap: 0x00000000da200000
[0.225s][debug][gc                   ] GC(0) SMC:clear_bitmap for FREE Region 837, top_bitmap: 0x00000000da280000
[0.225s][debug][gc                   ] GC(0) SMC:clear_bitmap for FREE Region 831, top_bitmap: 0x00000000d9f80000
[0.225s][debug][gc                   ] GC(0) SMC:clear_bitmap for FREE Region 824, top_bitmap: 0x00000000d9c00000
[0.225s][debug][gc                   ] GC(0) SMC:clear_bitmap for FREE Region 840, top_bitmap: 0x00000000da400000
[0.225s][debug][gc                   ] GC(0) SMC:clear_bitmap for FREE Region 833, top_bitmap: 0x00000000da080000
[0.225s][debug][gc                   ] GC(0) SMC:clear_bitmap for FREE Region 828, top_bitmap: 0x00000000d9e00000
[0.225s][debug][gc                   ] GC(0) SMC:clear_bitmap for FREE Region 839, top_bitmap: 0x00000000da380000
[0.225s][debug][gc                   ] GC(0) SMC:clear_bitmap for FREE Region 845, top_bitmap: 0x00000000da680000
[0.225s][debug][gc                   ] GC(0) SMC:clear_bitmap for FREE Region 846, top_bitmap: 0x00000000da700000
[0.225s][debug][gc                   ] GC(0) SMC:clear_bitmap for FREE Region 847, top_bitmap: 0x00000000da780000
[0.225s][debug][gc                   ] GC(0) SMC:clear_bitmap for FREE Region 848, top_bitmap: 0x00000000da800000
[0.225s][debug][gc                   ] GC(0) SMC:clear_bitmap for FREE Region 849, top_bitmap: 0x00000000da880000
[0.225s][debug][gc                   ] GC(0) SMC:clear_bitmap for FREE Region 850, top_bitmap: 0x00000000da900000
[0.225s][debug][gc                   ] GC(0) SMC:clear_bitmap for FREE Region 843, top_bitmap: 0x00000000da580000
[0.225s][debug][gc                   ] GC(0) SMC:clear_bitmap for FREE Region 852, top_bitmap: 0x00000000daa00000
[0.225s][debug][gc                   ] GC(0) SMC:clear_bitmap for FREE Region 844, top_bitmap: 0x00000000da600000
[0.225s][debug][gc                   ] GC(0) SMC:clear_bitmap for FREE Region 832, top_bitmap: 0x00000000da000000
[0.225s][debug][gc                   ] GC(0) SMC:clear_bitmap for FREE Region 855, top_bitmap: 0x00000000dab80000
[0.225s][debug][gc                   ] GC(0) SMC:clear_bitmap for FREE Region 856, top_bitmap: 0x00000000dac00000
[0.225s][debug][gc                   ] GC(0) SMC:clear_bitmap for FREE Region 842, top_bitmap: 0x00000000da500000
[0.225s][debug][gc                   ] GC(0) SMC:clear_bitmap for FREE Region 834, top_bitmap: 0x00000000da100000
[0.225s][debug][gc                   ] GC(0) SMC:clear_bitmap for FREE Region 858, top_bitmap: 0x00000000dad00000
[0.225s][debug][gc                   ] GC(0) SMC:clear_bitmap for FREE Region 851, top_bitmap: 0x00000000da980000
[0.225s][debug][gc                   ] GC(0) SMC:clear_bitmap for FREE Region 838, top_bitmap: 0x00000000da300000
[0.225s][debug][gc                   ] GC(0) SMC:clear_bitmap for FREE Region 854, top_bitmap: 0x00000000dab00000
[0.225s][debug][gc                   ] GC(0) SMC:clear_bitmap for FREE Region 863, top_bitmap: 0x00000000daf80000
[0.225s][debug][gc                   ] GC(0) SMC:clear_bitmap for FREE Region 864, top_bitmap: 0x00000000db000000
[0.225s][debug][gc                   ] GC(0) SMC:clear_bitmap for FREE Region 865, top_bitmap: 0x00000000db080000
[0.225s][debug][gc                   ] GC(0) SMC:clear_bitmap for FREE Region 859, top_bitmap: 0x00000000dad80000
[0.225s][debug][gc                   ] GC(0) SMC:clear_bitmap for FREE Region 860, top_bitmap: 0x00000000dae00000
[0.225s][debug][gc                   ] GC(0) SMC:clear_bitmap for FREE Region 867, top_bitmap: 0x00000000db180000
[0.225s][debug][gc                   ] GC(0) SMC:clear_bitmap for FREE Region 868, top_bitmap: 0x00000000db200000
[0.225s][debug][gc                   ] GC(0) SMC:clear_bitmap for FREE Region 869, top_bitmap: 0x00000000db280000
[0.225s][debug][gc                   ] GC(0) SMC:clear_bitmap for FREE Region 870, top_bitmap: 0x00000000db300000
[0.225s][debug][gc                   ] GC(0) SMC:clear_bitmap for FREE Region 853, top_bitmap: 0x00000000daa80000
[0.225s][debug][gc                   ] GC(0) SMC:clear_bitmap for FREE Region 862, top_bitmap: 0x00000000daf00000
[0.225s][debug][gc                   ] GC(0) SMC:clear_bitmap for FREE Region 841, top_bitmap: 0x00000000da480000
[0.225s][debug][gc                   ] GC(0) SMC:clear_bitmap for FREE Region 874, top_bitmap: 0x00000000db500000
[0.225s][debug][gc                   ] GC(0) SMC:clear_bitmap for FREE Region 875, top_bitmap: 0x00000000db580000
[0.225s][debug][gc                   ] GC(0) SMC:clear_bitmap for FREE Region 876, top_bitmap: 0x00000000db600000
[0.225s][debug][gc                   ] GC(0) SMC:clear_bitmap for FREE Region 877, top_bitmap: 0x00000000db680000
[0.225s][debug][gc                   ] GC(0) SMC:clear_bitmap for FREE Region 878, top_bitmap: 0x00000000db700000
[0.225s][debug][gc                   ] GC(0) SMC:clear_bitmap for FREE Region 873, top_bitmap: 0x00000000db480000
[0.225s][debug][gc                   ] GC(0) SMC:clear_bitmap for FREE Region 857, top_bitmap: 0x00000000dac80000
[0.225s][debug][gc                   ] GC(0) SMC:clear_bitmap for FREE Region 881, top_bitmap: 0x00000000db880000
[0.225s][debug][gc                   ] GC(0) SMC:clear_bitmap for FREE Region 861, top_bitmap: 0x00000000dae80000
[0.225s][debug][gc                   ] GC(0) SMC:clear_bitmap for FREE Region 871, top_bitmap: 0x00000000db380000
[0.225s][debug][gc                   ] GC(0) SMC:clear_bitmap for FREE Region 884, top_bitmap: 0x00000000dba00000
[0.225s][debug][gc                   ] GC(0) SMC:clear_bitmap for FREE Region 885, top_bitmap: 0x00000000dba80000
[0.225s][debug][gc                   ] GC(0) SMC:clear_bitmap for FREE Region 886, top_bitmap: 0x00000000dbb00000
[0.225s][debug][gc                   ] GC(0) SMC:clear_bitmap for FREE Region 880, top_bitmap: 0x00000000db800000
[0.225s][debug][gc                   ] GC(0) SMC:clear_bitmap for FREE Region 889, top_bitmap: 0x00000000dbc80000
[0.225s][debug][gc                   ] GC(0) SMC:clear_bitmap for FREE Region 882, top_bitmap: 0x00000000db900000
[0.225s][debug][gc                   ] GC(0) SMC:clear_bitmap for FREE Region 890, top_bitmap: 0x00000000dbd00000
[0.225s][debug][gc                   ] GC(0) SMC:clear_bitmap for FREE Region 891, top_bitmap: 0x00000000dbd80000
[0.225s][debug][gc                   ] GC(0) SMC:clear_bitmap for FREE Region 892, top_bitmap: 0x00000000dbe00000
[0.225s][debug][gc                   ] GC(0) SMC:clear_bitmap for FREE Region 887, top_bitmap: 0x00000000dbb80000
[0.225s][debug][gc                   ] GC(0) SMC:clear_bitmap for FREE Region 894, top_bitmap: 0x00000000dbf00000
[0.225s][debug][gc                   ] GC(0) SMC:clear_bitmap for FREE Region 895, top_bitmap: 0x00000000dbf80000
[0.225s][debug][gc                   ] GC(0) SMC:clear_bitmap for FREE Region 866, top_bitmap: 0x00000000db100000
[0.225s][debug][gc                   ] GC(0) SMC:clear_bitmap for FREE Region 883, top_bitmap: 0x00000000db980000
[0.225s][debug][gc                   ] GC(0) SMC:clear_bitmap for FREE Region 899, top_bitmap: 0x00000000dc180000
[0.225s][debug][gc                   ] GC(0) SMC:clear_bitmap for FREE Region 900, top_bitmap: 0x00000000dc200000
[0.225s][debug][gc                   ] GC(0) SMC:clear_bitmap for FREE Region 901, top_bitmap: 0x00000000dc280000
[0.225s][debug][gc                   ] GC(0) SMC:clear_bitmap for FREE Region 872, top_bitmap: 0x00000000db400000
[0.225s][debug][gc                   ] GC(0) SMC:clear_bitmap for FREE Region 896, top_bitmap: 0x00000000dc000000
[0.225s][debug][gc                   ] GC(0) SMC:clear_bitmap for FREE Region 903, top_bitmap: 0x00000000dc380000
[0.225s][debug][gc                   ] GC(0) SMC:clear_bitmap for FREE Region 904, top_bitmap: 0x00000000dc400000
[0.225s][debug][gc                   ] GC(0) SMC:clear_bitmap for FREE Region 906, top_bitmap: 0x00000000dc500000
[0.225s][debug][gc                   ] GC(0) SMC:clear_bitmap for FREE Region 898, top_bitmap: 0x00000000dc100000
[0.225s][debug][gc                   ] GC(0) SMC:clear_bitmap for FREE Region 908, top_bitmap: 0x00000000dc600000
[0.225s][debug][gc                   ] GC(0) SMC:clear_bitmap for FREE Region 909, top_bitmap: 0x00000000dc680000
[0.225s][debug][gc                   ] GC(0) SMC:clear_bitmap for FREE Region 910, top_bitmap: 0x00000000dc700000
[0.225s][debug][gc                   ] GC(0) SMC:clear_bitmap for FREE Region 911, top_bitmap: 0x00000000dc780000
[0.225s][debug][gc                   ] GC(0) SMC:clear_bitmap for FREE Region 905, top_bitmap: 0x00000000dc480000
[0.225s][debug][gc                   ] GC(0) SMC:clear_bitmap for FREE Region 888, top_bitmap: 0x00000000dbc00000
[0.225s][debug][gc                   ] GC(0) SMC:clear_bitmap for FREE Region 914, top_bitmap: 0x00000000dc900000
[0.225s][debug][gc                   ] GC(0) SMC:clear_bitmap for FREE Region 897, top_bitmap: 0x00000000dc080000
[0.225s][debug][gc                   ] GC(0) SMC:clear_bitmap for FREE Region 907, top_bitmap: 0x00000000dc580000
[0.225s][debug][gc                   ] GC(0) SMC:clear_bitmap for FREE Region 917, top_bitmap: 0x00000000dca80000
[0.225s][debug][gc                   ] GC(0) SMC:clear_bitmap for FREE Region 918, top_bitmap: 0x00000000dcb00000
[0.225s][debug][gc                   ] GC(0) SMC:clear_bitmap for FREE Region 879, top_bitmap: 0x00000000db780000
[0.225s][debug][gc                   ] GC(0) SMC:clear_bitmap for FREE Region 902, top_bitmap: 0x00000000dc300000
[0.225s][debug][gc                   ] GC(0) SMC:clear_bitmap for FREE Region 921, top_bitmap: 0x00000000dcc80000
[0.225s][debug][gc                   ] GC(0) SMC:clear_bitmap for FREE Region 922, top_bitmap: 0x00000000dcd00000
[0.225s][debug][gc                   ] GC(0) SMC:clear_bitmap for FREE Region 915, top_bitmap: 0x00000000dc980000
[0.225s][debug][gc                   ] GC(0) SMC:clear_bitmap for FREE Region 924, top_bitmap: 0x00000000dce00000
[0.225s][debug][gc                   ] GC(0) SMC:clear_bitmap for FREE Region 925, top_bitmap: 0x00000000dce80000
[0.225s][debug][gc                   ] GC(0) SMC:clear_bitmap for FREE Region 893, top_bitmap: 0x00000000dbe80000
[0.225s][debug][gc                   ] GC(0) SMC:clear_bitmap for FREE Region 926, top_bitmap: 0x00000000dcf00000
[0.225s][debug][gc                   ] GC(0) SMC:clear_bitmap for FREE Region 919, top_bitmap: 0x00000000dcb80000
[0.225s][debug][gc                   ] GC(0) SMC:clear_bitmap for FREE Region 912, top_bitmap: 0x00000000dc800000
[0.225s][debug][gc                   ] GC(0) SMC:clear_bitmap for FREE Region 929, top_bitmap: 0x00000000dd080000
[0.225s][debug][gc                   ] GC(0) SMC:clear_bitmap for FREE Region 930, top_bitmap: 0x00000000dd100000
[0.225s][debug][gc                   ] GC(0) SMC:clear_bitmap for FREE Region 931, top_bitmap: 0x00000000dd180000
[0.225s][debug][gc                   ] GC(0) SMC:clear_bitmap for FREE Region 916, top_bitmap: 0x00000000dca00000
[0.225s][debug][gc                   ] GC(0) SMC:clear_bitmap for FREE Region 928, top_bitmap: 0x00000000dd000000
[0.225s][debug][gc                   ] Setting affiliation of Region 469 from FREE to YOUNG, top: 0x00000000cea80000, TAMS: 0x00000000cea80000, watermark: 0x00000000cea80000, top_bitmap: 0x00000000cea80000
[0.225s][debug][gc                   ] GC(0) SMC:clear_bitmap for FREE Region 935, top_bitmap: 0x00000000dd380000
[0.225s][debug][gc                   ] GC(0) SMC:clear_bitmap for FREE Region 920, top_bitmap: 0x00000000dcc00000
[0.225s][debug][gc                   ] GC(0) SMC:clear_bitmap for FREE Region 932, top_bitmap: 0x00000000dd200000
[0.225s][debug][gc                   ] GC(0) SMC:clear_bitmap for FREE Region 938, top_bitmap: 0x00000000dd500000
[0.225s][debug][gc                   ] GC(0) SMC:clear_bitmap for FREE Region 939, top_bitmap: 0x00000000dd580000
[0.225s][debug][gc                   ] GC(0) SMC:clear_bitmap for FREE Region 933, top_bitmap: 0x00000000dd280000
[0.225s][debug][gc                   ] GC(0) SMC:clear_bitmap for FREE Region 927, top_bitmap: 0x00000000dcf80000
[0.225s][debug][gc                   ] GC(0) SMC:clear_bitmap for FREE Region 942, top_bitmap: 0x00000000dd700000
[0.225s][debug][gc                   ] GC(0) SMC:clear_bitmap for FREE Region 943, top_bitmap: 0x00000000dd780000
[0.225s][debug][gc                   ] GC(0) SMC:clear_bitmap for FREE Region 934, top_bitmap: 0x00000000dd300000
[0.225s][debug][gc                   ] GC(0) SMC:clear_bitmap for FREE Region 944, top_bitmap: 0x00000000dd800000
[0.225s][debug][gc                   ] GC(0) SMC:clear_bitmap for FREE Region 945, top_bitmap: 0x00000000dd880000
[0.225s][debug][gc                   ] GC(0) SMC:clear_bitmap for FREE Region 947, top_bitmap: 0x00000000dd980000
[0.225s][debug][gc                   ] GC(0) SMC:clear_bitmap for FREE Region 948, top_bitmap: 0x00000000dda00000
[0.225s][debug][gc                   ] GC(0) SMC:clear_bitmap for FREE Region 937, top_bitmap: 0x00000000dd480000
[0.225s][debug][gc                   ] GC(0) SMC:clear_bitmap for FREE Region 923, top_bitmap: 0x00000000dcd80000
[0.225s][debug][gc                   ] GC(0) SMC:clear_bitmap for FREE Region 951, top_bitmap: 0x00000000ddb80000
[0.225s][debug][gc                   ] GC(0) SMC:clear_bitmap for FREE Region 952, top_bitmap: 0x00000000ddc00000
[0.225s][debug][gc                   ] GC(0) SMC:clear_bitmap for FREE Region 953, top_bitmap: 0x00000000ddc80000
[0.225s][debug][gc                   ] GC(0) SMC:clear_bitmap for FREE Region 936, top_bitmap: 0x00000000dd400000
[0.225s][debug][gc                   ] GC(0) SMC:clear_bitmap for FREE Region 955, top_bitmap: 0x00000000ddd80000
[0.225s][debug][gc                   ] GC(0) SMC:clear_bitmap for FREE Region 913, top_bitmap: 0x00000000dc880000
[0.225s][debug][gc                   ] GC(0) SMC:clear_bitmap for FREE Region 957, top_bitmap: 0x00000000dde80000
[0.225s][debug][gc                   ] GC(0) SMC:clear_bitmap for FREE Region 958, top_bitmap: 0x00000000ddf00000
[0.225s][debug][gc                   ] GC(0) SMC:clear_bitmap for FREE Region 959, top_bitmap: 0x00000000ddf80000
[0.225s][debug][gc                   ] GC(0) SMC:clear_bitmap for FREE Region 949, top_bitmap: 0x00000000dda80000
[0.225s][debug][gc                   ] GC(0) SMC:clear_bitmap for FREE Region 960, top_bitmap: 0x00000000de000000
[0.225s][debug][gc                   ] GC(0) SMC:clear_bitmap for FREE Region 961, top_bitmap: 0x00000000de080000
[0.225s][debug][gc                   ] GC(0) SMC:clear_bitmap for FREE Region 950, top_bitmap: 0x00000000ddb00000
[0.225s][debug][gc                   ] GC(0) SMC:clear_bitmap for FREE Region 940, top_bitmap: 0x00000000dd600000
[0.225s][debug][gc                   ] GC(0) SMC:clear_bitmap for FREE Region 964, top_bitmap: 0x00000000de200000
[0.225s][debug][gc                   ] GC(0) SMC:clear_bitmap for FREE Region 965, top_bitmap: 0x00000000de280000
[0.225s][debug][gc                   ] GC(0) SMC:clear_bitmap for FREE Region 954, top_bitmap: 0x00000000ddd00000
[0.225s][debug][gc                   ] GC(0) SMC:clear_bitmap for FREE Region 946, top_bitmap: 0x00000000dd900000
[0.225s][debug][gc                   ] GC(0) SMC:clear_bitmap for FREE Region 968, top_bitmap: 0x00000000de400000
[0.225s][debug][gc                   ] GC(0) SMC:clear_bitmap for FREE Region 969, top_bitmap: 0x00000000de480000
[0.225s][debug][gc                   ] GC(0) SMC:clear_bitmap for FREE Region 971, top_bitmap: 0x00000000de580000
[0.225s][debug][gc                   ] GC(0) SMC:clear_bitmap for FREE Region 962, top_bitmap: 0x00000000de100000
[0.225s][debug][gc                   ] GC(0) SMC:clear_bitmap for FREE Region 972, top_bitmap: 0x00000000de600000
[0.225s][debug][gc                   ] GC(0) SMC:clear_bitmap for FREE Region 973, top_bitmap: 0x00000000de680000
[0.225s][debug][gc                   ] GC(0) SMC:clear_bitmap for FREE Region 956, top_bitmap: 0x00000000dde00000
[0.225s][debug][gc                   ] GC(0) SMC:clear_bitmap for FREE Region 967, top_bitmap: 0x00000000de380000
[0.225s][debug][gc                   ] GC(0) SMC:clear_bitmap for FREE Region 963, top_bitmap: 0x00000000de180000
[0.225s][debug][gc                   ] GC(0) SMC:clear_bitmap for FREE Region 978, top_bitmap: 0x00000000de900000
[0.225s][debug][gc                   ] GC(0) SMC:clear_bitmap for FREE Region 979, top_bitmap: 0x00000000de980000
[0.225s][debug][gc                   ] GC(0) SMC:clear_bitmap for FREE Region 980, top_bitmap: 0x00000000dea00000
[0.225s][debug][gc                   ] GC(0) SMC:clear_bitmap for FREE Region 981, top_bitmap: 0x00000000dea80000
[0.225s][debug][gc                   ] GC(0) SMC:clear_bitmap for FREE Region 941, top_bitmap: 0x00000000dd680000
[0.225s][debug][gc                   ] GC(0) SMC:clear_bitmap for FREE Region 982, top_bitmap: 0x00000000deb00000
[0.225s][debug][gc                   ] GC(0) SMC:clear_bitmap for FREE Region 983, top_bitmap: 0x00000000deb80000
[0.225s][debug][gc                   ] GC(0) SMC:clear_bitmap for FREE Region 974, top_bitmap: 0x00000000de700000
[0.225s][debug][gc                   ] GC(0) SMC:clear_bitmap for FREE Region 966, top_bitmap: 0x00000000de300000
[0.225s][debug][gc                   ] GC(0) SMC:clear_bitmap for FREE Region 975, top_bitmap: 0x00000000de780000
[0.225s][debug][gc                   ] GC(0) SMC:clear_bitmap for FREE Region 976, top_bitmap: 0x00000000de800000
[0.225s][debug][gc                   ] GC(0) SMC:clear_bitmap for FREE Region 970, top_bitmap: 0x00000000de500000
[0.225s][debug][gc                   ] GC(0) SMC:clear_bitmap for FREE Region 989, top_bitmap: 0x00000000dee80000
[0.225s][debug][gc                   ] GC(0) SMC:clear_bitmap for FREE Region 984, top_bitmap: 0x00000000dec00000
[0.225s][debug][gc                   ] GC(0) SMC:clear_bitmap for FREE Region 985, top_bitmap: 0x00000000dec80000
[0.225s][debug][gc                   ] GC(0) SMC:clear_bitmap for FREE Region 992, top_bitmap: 0x00000000df000000
[0.225s][debug][gc                   ] GC(0) SMC:clear_bitmap for FREE Region 993, top_bitmap: 0x00000000df080000
[0.225s][debug][gc                   ] GC(0) SMC:clear_bitmap for FREE Region 995, top_bitmap: 0x00000000df180000
[0.225s][debug][gc                   ] GC(0) SMC:clear_bitmap for FREE Region 987, top_bitmap: 0x00000000ded80000
[0.225s][debug][gc                   ] GC(0) SMC:clear_bitmap for FREE Region 994, top_bitmap: 0x00000000df100000
[0.225s][debug][gc                   ] GC(0) SMC:clear_bitmap for FREE Region 997, top_bitmap: 0x00000000df280000
[0.225s][debug][gc                   ] GC(0) SMC:clear_bitmap for FREE Region 999, top_bitmap: 0x00000000df380000
[0.225s][debug][gc                   ] GC(0) SMC:clear_bitmap for FREE Region 1000, top_bitmap: 0x00000000df400000
[0.225s][debug][gc                   ] GC(0) SMC:clear_bitmap for FREE Region 1001, top_bitmap: 0x00000000df480000
[0.225s][debug][gc                   ] GC(0) SMC:clear_bitmap for FREE Region 1002, top_bitmap: 0x00000000df500000
[0.225s][debug][gc                   ] GC(0) SMC:clear_bitmap for FREE Region 1003, top_bitmap: 0x00000000df580000
[0.225s][debug][gc                   ] GC(0) SMC:clear_bitmap for FREE Region 1004, top_bitmap: 0x00000000df600000
[0.225s][debug][gc                   ] GC(0) SMC:clear_bitmap for FREE Region 1005, top_bitmap: 0x00000000df680000
[0.225s][debug][gc                   ] GC(0) SMC:clear_bitmap for FREE Region 986, top_bitmap: 0x00000000ded00000
[0.225s][debug][gc                   ] GC(0) SMC:clear_bitmap for FREE Region 1007, top_bitmap: 0x00000000df780000
[0.225s][debug][gc                   ] GC(0) SMC:clear_bitmap for FREE Region 1008, top_bitmap: 0x00000000df800000
[0.225s][debug][gc                   ] GC(0) SMC:clear_bitmap for FREE Region 996, top_bitmap: 0x00000000df200000
[0.225s][debug][gc                   ] GC(0) SMC:clear_bitmap for FREE Region 1009, top_bitmap: 0x00000000df880000
[0.225s][debug][gc                   ] GC(0) SMC:clear_bitmap for FREE Region 1010, top_bitmap: 0x00000000df900000
[0.225s][debug][gc                   ] GC(0) SMC:clear_bitmap for FREE Region 988, top_bitmap: 0x00000000dee00000
[0.225s][debug][gc                   ] GC(0) SMC:clear_bitmap for FREE Region 977, top_bitmap: 0x00000000de880000
[0.225s][debug][gc                   ] GC(0) SMC:clear_bitmap for FREE Region 990, top_bitmap: 0x00000000def00000
[0.225s][debug][gc                   ] GC(0) SMC:clear_bitmap for FREE Region 991, top_bitmap: 0x00000000def80000
[0.225s][debug][gc                   ] GC(0) SMC:clear_bitmap for FREE Region 1015, top_bitmap: 0x00000000dfb80000
[0.225s][debug][gc                   ] GC(0) SMC:clear_bitmap for FREE Region 1016, top_bitmap: 0x00000000dfc00000
[0.225s][debug][gc                   ] GC(0) SMC:clear_bitmap for FREE Region 1006, top_bitmap: 0x00000000df700000
[0.225s][debug][gc                   ] GC(0) SMC:clear_bitmap for FREE Region 1018, top_bitmap: 0x00000000dfd00000
[0.225s][debug][gc                   ] GC(0) SMC:clear_bitmap for FREE Region 1011, top_bitmap: 0x00000000df980000
[0.225s][debug][gc                   ] GC(0) SMC:clear_bitmap for FREE Region 1021, top_bitmap: 0x00000000dfe80000
[0.225s][debug][gc                   ] GC(0) SMC:clear_bitmap for FREE Region 1013, top_bitmap: 0x00000000dfa80000
[0.225s][debug][gc                   ] GC(0) SMC:clear_bitmap for FREE Region 1014, top_bitmap: 0x00000000dfb00000
[0.225s][debug][gc                   ] GC(0) SMC:clear_bitmap for FREE Region 1024, top_bitmap: 0x00000000e0000000
[0.225s][debug][gc                   ] GC(0) SMC:clear_bitmap for FREE Region 1025, top_bitmap: 0x00000000e0080000
[0.225s][debug][gc                   ] GC(0) SMC:clear_bitmap for FREE Region 1026, top_bitmap: 0x00000000e0100000
[0.225s][debug][gc                   ] Setting affiliation of Region 470 from FREE to YOUNG, top: 0x00000000ceb00000, TAMS: 0x00000000ceb00000, watermark: 0x00000000ceb00000, top_bitmap: 0x00000000ceb00000
[0.225s][debug][gc                   ] Setting affiliation of Region 471 from FREE to YOUNG, top: 0x00000000ceb80000, TAMS: 0x00000000ceb80000, watermark: 0x00000000ceb80000, top_bitmap: 0x00000000ceb80000
[0.225s][debug][gc                   ] GC(0) SMC:clear_bitmap for FREE Region 998, top_bitmap: 0x00000000df300000
[0.225s][debug][gc                   ] GC(0) SMC:clear_bitmap for FREE Region 1028, top_bitmap: 0x00000000e0200000
[0.225s][debug][gc                   ] GC(0) SMC:clear_bitmap for FREE Region 1029, top_bitmap: 0x00000000e0280000
[0.225s][debug][gc                   ] GC(0) SMC:clear_bitmap for FREE Region 1030, top_bitmap: 0x00000000e0300000
[0.225s][debug][gc                   ] GC(0) SMC:clear_bitmap for FREE Region 1031, top_bitmap: 0x00000000e0380000
[0.225s][debug][gc                   ] GC(0) SMC:clear_bitmap for FREE Region 1032, top_bitmap: 0x00000000e0400000
[0.225s][debug][gc                   ] GC(0) SMC:clear_bitmap for FREE Region 1033, top_bitmap: 0x00000000e0480000
[0.225s][debug][gc                   ] GC(0) SMC:clear_bitmap for FREE Region 1034, top_bitmap: 0x00000000e0500000
[0.225s][debug][gc                   ] GC(0) SMC:clear_bitmap for FREE Region 1035, top_bitmap: 0x00000000e0580000
[0.225s][debug][gc                   ] GC(0) SMC:clear_bitmap for FREE Region 1036, top_bitmap: 0x00000000e0600000
[0.225s][debug][gc                   ] GC(0) SMC:clear_bitmap for FREE Region 1037, top_bitmap: 0x00000000e0680000
[0.225s][debug][gc                   ] GC(0) SMC:clear_bitmap for FREE Region 1038, top_bitmap: 0x00000000e0700000
[0.225s][debug][gc                   ] GC(0) SMC:clear_bitmap for FREE Region 1039, top_bitmap: 0x00000000e0780000
[0.225s][debug][gc                   ] GC(0) SMC:clear_bitmap for FREE Region 1040, top_bitmap: 0x00000000e0800000
[0.225s][debug][gc                   ] GC(0) SMC:clear_bitmap for FREE Region 1041, top_bitmap: 0x00000000e0880000
[0.225s][debug][gc                   ] GC(0) SMC:clear_bitmap for FREE Region 1042, top_bitmap: 0x00000000e0900000
[0.225s][debug][gc                   ] GC(0) SMC:clear_bitmap for FREE Region 1043, top_bitmap: 0x00000000e0980000
[0.225s][debug][gc                   ] GC(0) SMC:clear_bitmap for FREE Region 1044, top_bitmap: 0x00000000e0a00000
[0.225s][debug][gc                   ] GC(0) SMC:clear_bitmap for FREE Region 1045, top_bitmap: 0x00000000e0a80000
[0.226s][debug][gc                   ] GC(0) SMC:clear_bitmap for FREE Region 1046, top_bitmap: 0x00000000e0b00000
[0.226s][debug][gc                   ] GC(0) SMC:clear_bitmap for FREE Region 1047, top_bitmap: 0x00000000e0b80000
[0.225s][debug][gc                   ] GC(0) SMC:clear_bitmap for FREE Region 1017, top_bitmap: 0x00000000dfc80000
[0.226s][debug][gc                   ] GC(0) SMC:clear_bitmap for FREE Region 1049, top_bitmap: 0x00000000e0c80000
[0.226s][debug][gc                   ] GC(0) SMC:clear_bitmap for FREE Region 1050, top_bitmap: 0x00000000e0d00000
[0.226s][debug][gc                   ] GC(0) SMC:clear_bitmap for FREE Region 1051, top_bitmap: 0x00000000e0d80000
[0.226s][debug][gc                   ] GC(0) SMC:clear_bitmap for FREE Region 1052, top_bitmap: 0x00000000e0e00000
[0.226s][debug][gc                   ] GC(0) SMC:clear_bitmap for FREE Region 1053, top_bitmap: 0x00000000e0e80000
[0.226s][debug][gc                   ] GC(0) SMC:clear_bitmap for FREE Region 1054, top_bitmap: 0x00000000e0f00000
[0.226s][debug][gc                   ] GC(0) SMC:clear_bitmap for FREE Region 1055, top_bitmap: 0x00000000e0f80000
[0.225s][debug][gc                   ] GC(0) SMC:clear_bitmap for FREE Region 1019, top_bitmap: 0x00000000dfd80000
[0.225s][debug][gc                   ] GC(0) SMC:clear_bitmap for FREE Region 1012, top_bitmap: 0x00000000dfa00000
[0.226s][debug][gc                   ] GC(0) SMC:clear_bitmap for FREE Region 1058, top_bitmap: 0x00000000e1100000
[0.225s][debug][gc                   ] GC(0) SMC:clear_bitmap for FREE Region 1022, top_bitmap: 0x00000000dff00000
[0.226s][debug][gc                   ] GC(0) SMC:clear_bitmap for FREE Region 1060, top_bitmap: 0x00000000e1200000
[0.226s][debug][gc                   ] GC(0) SMC:clear_bitmap for FREE Region 1061, top_bitmap: 0x00000000e1280000
[0.226s][debug][gc                   ] GC(0) SMC:clear_bitmap for FREE Region 1048, top_bitmap: 0x00000000e0c00000
[0.226s][debug][gc                   ] GC(0) SMC:clear_bitmap for FREE Region 1063, top_bitmap: 0x00000000e1380000
[0.226s][debug][gc                   ] GC(0) SMC:clear_bitmap for FREE Region 1064, top_bitmap: 0x00000000e1400000
[0.226s][debug][gc                   ] GC(0) SMC:clear_bitmap for FREE Region 1056, top_bitmap: 0x00000000e1000000
[0.226s][debug][gc                   ] GC(0) SMC:clear_bitmap for FREE Region 1057, top_bitmap: 0x00000000e1080000
[0.226s][debug][gc                   ] GC(0) SMC:clear_bitmap for FREE Region 1067, top_bitmap: 0x00000000e1580000
[0.226s][debug][gc                   ] GC(0) SMC:clear_bitmap for FREE Region 1068, top_bitmap: 0x00000000e1600000
[0.226s][debug][gc                   ] GC(0) SMC:clear_bitmap for FREE Region 1059, top_bitmap: 0x00000000e1180000
[0.226s][debug][gc                   ] GC(0) SMC:clear_bitmap for FREE Region 1069, top_bitmap: 0x00000000e1680000
[0.226s][debug][gc                   ] GC(0) SMC:clear_bitmap for FREE Region 1070, top_bitmap: 0x00000000e1700000
[0.226s][debug][gc                   ] GC(0) SMC:clear_bitmap for FREE Region 1071, top_bitmap: 0x00000000e1780000
[0.226s][debug][gc                   ] GC(0) SMC:clear_bitmap for FREE Region 1062, top_bitmap: 0x00000000e1300000
[0.226s][debug][gc                   ] GC(0) SMC:clear_bitmap for FREE Region 1073, top_bitmap: 0x00000000e1880000
[0.226s][debug][gc                   ] GC(0) SMC:clear_bitmap for FREE Region 1066, top_bitmap: 0x00000000e1500000
[0.226s][debug][gc                   ] GC(0) SMC:clear_bitmap for FREE Region 1076, top_bitmap: 0x00000000e1a00000
[0.226s][debug][gc                   ] GC(0) SMC:clear_bitmap for FREE Region 1072, top_bitmap: 0x00000000e1800000
[0.226s][debug][gc                   ] GC(0) SMC:clear_bitmap for FREE Region 1078, top_bitmap: 0x00000000e1b00000
[0.226s][debug][gc                   ] GC(0) SMC:clear_bitmap for FREE Region 1079, top_bitmap: 0x00000000e1b80000
[0.226s][debug][gc                   ] GC(0) SMC:clear_bitmap for FREE Region 1080, top_bitmap: 0x00000000e1c00000
[0.226s][debug][gc                   ] GC(0) SMC:clear_bitmap for FREE Region 1081, top_bitmap: 0x00000000e1c80000
[0.226s][debug][gc                   ] GC(0) SMC:clear_bitmap for FREE Region 1082, top_bitmap: 0x00000000e1d00000
[0.226s][debug][gc                   ] GC(0) SMC:clear_bitmap for FREE Region 1083, top_bitmap: 0x00000000e1d80000
[0.226s][debug][gc                   ] GC(0) SMC:clear_bitmap for FREE Region 1084, top_bitmap: 0x00000000e1e00000
[0.226s][debug][gc                   ] GC(0) SMC:clear_bitmap for FREE Region 1085, top_bitmap: 0x00000000e1e80000
[0.225s][debug][gc                   ] GC(0) SMC:clear_bitmap for FREE Region 1027, top_bitmap: 0x00000000e0180000
[0.226s][debug][gc                   ] GC(0) SMC:clear_bitmap for FREE Region 1086, top_bitmap: 0x00000000e1f00000
[0.226s][debug][gc                   ] GC(0) SMC:clear_bitmap for FREE Region 1087, top_bitmap: 0x00000000e1f80000
[0.226s][debug][gc                   ] GC(0) SMC:clear_bitmap for FREE Region 1089, top_bitmap: 0x00000000e2080000
[0.226s][debug][gc                   ] GC(0) SMC:clear_bitmap for FREE Region 1075, top_bitmap: 0x00000000e1980000
[0.226s][debug][gc                   ] GC(0) SMC:clear_bitmap for FREE Region 1091, top_bitmap: 0x00000000e2180000
[0.226s][debug][gc                   ] GC(0) SMC:clear_bitmap for FREE Region 1092, top_bitmap: 0x00000000e2200000
[0.226s][debug][gc                   ] GC(0) SMC:clear_bitmap for FREE Region 1093, top_bitmap: 0x00000000e2280000
[0.226s][debug][gc                   ] GC(0) SMC:clear_bitmap for FREE Region 1094, top_bitmap: 0x00000000e2300000
[0.226s][debug][gc                   ] GC(0) SMC:clear_bitmap for FREE Region 1095, top_bitmap: 0x00000000e2380000
[0.226s][debug][gc                   ] GC(0) SMC:clear_bitmap for FREE Region 1096, top_bitmap: 0x00000000e2400000
[0.226s][debug][gc                   ] GC(0) SMC:clear_bitmap for FREE Region 1097, top_bitmap: 0x00000000e2480000
[0.226s][debug][gc                   ] GC(0) SMC:clear_bitmap for FREE Region 1098, top_bitmap: 0x00000000e2500000
[0.226s][debug][gc                   ] GC(0) SMC:clear_bitmap for FREE Region 1099, top_bitmap: 0x00000000e2580000
[0.226s][debug][gc                   ] GC(0) SMC:clear_bitmap for FREE Region 1100, top_bitmap: 0x00000000e2600000
[0.226s][debug][gc                   ] GC(0) SMC:clear_bitmap for FREE Region 1101, top_bitmap: 0x00000000e2680000
[0.225s][debug][gc                   ] GC(0) SMC:clear_bitmap for FREE Region 1023, top_bitmap: 0x00000000dff80000
[0.226s][debug][gc                   ] GC(0) SMC:clear_bitmap for FREE Region 1103, top_bitmap: 0x00000000e2780000
[0.226s][debug][gc                   ] GC(0) SMC:clear_bitmap for FREE Region 1104, top_bitmap: 0x00000000e2800000
[0.226s][debug][gc                   ] GC(0) SMC:clear_bitmap for FREE Region 1105, top_bitmap: 0x00000000e2880000
[0.226s][debug][gc                   ] GC(0) SMC:clear_bitmap for FREE Region 1106, top_bitmap: 0x00000000e2900000
[0.226s][debug][gc                   ] GC(0) SMC:clear_bitmap for FREE Region 1107, top_bitmap: 0x00000000e2980000
[0.226s][debug][gc                   ] GC(0) SMC:clear_bitmap for FREE Region 1108, top_bitmap: 0x00000000e2a00000
[0.226s][debug][gc                   ] GC(0) SMC:clear_bitmap for FREE Region 1109, top_bitmap: 0x00000000e2a80000
[0.226s][debug][gc                   ] GC(0) SMC:clear_bitmap for FREE Region 1110, top_bitmap: 0x00000000e2b00000
[0.226s][debug][gc                   ] GC(0) SMC:clear_bitmap for FREE Region 1111, top_bitmap: 0x00000000e2b80000
[0.226s][debug][gc                   ] GC(0) SMC:clear_bitmap for FREE Region 1112, top_bitmap: 0x00000000e2c00000
[0.226s][debug][gc                   ] GC(0) SMC:clear_bitmap for FREE Region 1113, top_bitmap: 0x00000000e2c80000
[0.226s][debug][gc                   ] GC(0) SMC:clear_bitmap for FREE Region 1114, top_bitmap: 0x00000000e2d00000
[0.226s][debug][gc                   ] GC(0) SMC:clear_bitmap for FREE Region 1115, top_bitmap: 0x00000000e2d80000
[0.226s][debug][gc                   ] GC(0) SMC:clear_bitmap for FREE Region 1116, top_bitmap: 0x00000000e2e00000
[0.226s][debug][gc                   ] GC(0) SMC:clear_bitmap for FREE Region 1117, top_bitmap: 0x00000000e2e80000
[0.226s][debug][gc                   ] GC(0) SMC:clear_bitmap for FREE Region 1118, top_bitmap: 0x00000000e2f00000
[0.226s][debug][gc                   ] GC(0) SMC:clear_bitmap for FREE Region 1119, top_bitmap: 0x00000000e2f80000
[0.226s][debug][gc                   ] GC(0) SMC:clear_bitmap for FREE Region 1120, top_bitmap: 0x00000000e3000000
[0.226s][debug][gc                   ] GC(0) SMC:clear_bitmap for FREE Region 1121, top_bitmap: 0x00000000e3080000
[0.226s][debug][gc                   ] GC(0) SMC:clear_bitmap for FREE Region 1065, top_bitmap: 0x00000000e1480000
[0.226s][debug][gc                   ] GC(0) SMC:clear_bitmap for FREE Region 1123, top_bitmap: 0x00000000e3180000
[0.226s][debug][gc                   ] GC(0) SMC:clear_bitmap for FREE Region 1124, top_bitmap: 0x00000000e3200000
[0.226s][debug][gc                   ] GC(0) SMC:clear_bitmap for FREE Region 1125, top_bitmap: 0x00000000e3280000
[0.226s][debug][gc                   ] GC(0) SMC:clear_bitmap for FREE Region 1126, top_bitmap: 0x00000000e3300000
[0.226s][debug][gc                   ] GC(0) SMC:clear_bitmap for FREE Region 1127, top_bitmap: 0x00000000e3380000
[0.226s][debug][gc                   ] GC(0) SMC:clear_bitmap for FREE Region 1128, top_bitmap: 0x00000000e3400000
[0.226s][debug][gc                   ] GC(0) SMC:clear_bitmap for FREE Region 1129, top_bitmap: 0x00000000e3480000
[0.226s][debug][gc                   ] GC(0) SMC:clear_bitmap for FREE Region 1130, top_bitmap: 0x00000000e3500000
[0.226s][debug][gc                   ] GC(0) SMC:clear_bitmap for FREE Region 1131, top_bitmap: 0x00000000e3580000
[0.226s][debug][gc                   ] GC(0) SMC:clear_bitmap for FREE Region 1132, top_bitmap: 0x00000000e3600000
[0.226s][debug][gc                   ] GC(0) SMC:clear_bitmap for FREE Region 1133, top_bitmap: 0x00000000e3680000
[0.226s][debug][gc                   ] GC(0) SMC:clear_bitmap for FREE Region 1134, top_bitmap: 0x00000000e3700000
[0.226s][debug][gc                   ] GC(0) SMC:clear_bitmap for FREE Region 1135, top_bitmap: 0x00000000e3780000
[0.226s][debug][gc                   ] GC(0) SMC:clear_bitmap for FREE Region 1136, top_bitmap: 0x00000000e3800000
[0.226s][debug][gc                   ] GC(0) SMC:clear_bitmap for FREE Region 1088, top_bitmap: 0x00000000e2000000
[0.226s][debug][gc                   ] GC(0) SMC:clear_bitmap for FREE Region 1138, top_bitmap: 0x00000000e3900000
[0.226s][debug][gc                   ] GC(0) SMC:clear_bitmap for FREE Region 1139, top_bitmap: 0x00000000e3980000
[0.226s][debug][gc                   ] GC(0) SMC:clear_bitmap for FREE Region 1140, top_bitmap: 0x00000000e3a00000
[0.226s][debug][gc                   ] GC(0) SMC:clear_bitmap for FREE Region 1141, top_bitmap: 0x00000000e3a80000
[0.226s][debug][gc                   ] GC(0) SMC:clear_bitmap for FREE Region 1090, top_bitmap: 0x00000000e2100000
[0.226s][debug][gc                   ] GC(0) SMC:clear_bitmap for FREE Region 1077, top_bitmap: 0x00000000e1a80000
[0.226s][debug][gc                   ] GC(0) SMC:clear_bitmap for FREE Region 1144, top_bitmap: 0x00000000e3c00000
[0.225s][debug][gc                   ] GC(0) SMC:clear_bitmap for FREE Region 1020, top_bitmap: 0x00000000dfe00000
[0.226s][debug][gc                   ] GC(0) SMC:clear_bitmap for FREE Region 1102, top_bitmap: 0x00000000e2700000
[0.226s][debug][gc                   ] GC(0) SMC:clear_bitmap for FREE Region 1074, top_bitmap: 0x00000000e1900000
[0.226s][debug][gc                   ] GC(0) SMC:clear_bitmap for FREE Region 1148, top_bitmap: 0x00000000e3e00000
[0.226s][debug][gc                   ] GC(0) SMC:clear_bitmap for FREE Region 1137, top_bitmap: 0x00000000e3880000
[0.226s][debug][gc                   ] GC(0) SMC:clear_bitmap for FREE Region 1142, top_bitmap: 0x00000000e3b00000
[0.226s][debug][gc                   ] GC(0) SMC:clear_bitmap for FREE Region 1151, top_bitmap: 0x00000000e3f80000
[0.226s][debug][gc                   ] GC(0) SMC:clear_bitmap for FREE Region 1152, top_bitmap: 0x00000000e4000000
[0.226s][debug][gc                   ] GC(0) SMC:clear_bitmap for FREE Region 1153, top_bitmap: 0x00000000e4080000
[0.226s][debug][gc                   ] GC(0) SMC:clear_bitmap for FREE Region 1145, top_bitmap: 0x00000000e3c80000
[0.226s][debug][gc                   ] GC(0) SMC:clear_bitmap for FREE Region 1154, top_bitmap: 0x00000000e4100000
[0.226s][debug][gc                   ] GC(0) SMC:clear_bitmap for FREE Region 1155, top_bitmap: 0x00000000e4180000
[0.226s][debug][gc                   ] GC(0) SMC:clear_bitmap for FREE Region 1146, top_bitmap: 0x00000000e3d00000
[0.226s][debug][gc                   ] GC(0) SMC:clear_bitmap for FREE Region 1149, top_bitmap: 0x00000000e3e80000
[0.226s][debug][gc                   ] GC(0) SMC:clear_bitmap for FREE Region 1159, top_bitmap: 0x00000000e4380000
[0.226s][debug][gc                   ] GC(0) SMC:clear_bitmap for FREE Region 1160, top_bitmap: 0x00000000e4400000
[0.226s][debug][gc                   ] GC(0) SMC:clear_bitmap for FREE Region 1143, top_bitmap: 0x00000000e3b80000
[0.226s][debug][gc                   ] GC(0) SMC:clear_bitmap for FREE Region 1162, top_bitmap: 0x00000000e4500000
[0.226s][debug][gc                   ] GC(0) SMC:clear_bitmap for FREE Region 1156, top_bitmap: 0x00000000e4200000
[0.226s][debug][gc                   ] GC(0) SMC:clear_bitmap for FREE Region 1163, top_bitmap: 0x00000000e4580000
[0.226s][debug][gc                   ] GC(0) SMC:clear_bitmap for FREE Region 1164, top_bitmap: 0x00000000e4600000
[0.226s][debug][gc                   ] GC(0) SMC:clear_bitmap for FREE Region 1157, top_bitmap: 0x00000000e4280000
[0.226s][debug][gc                   ] GC(0) SMC:clear_bitmap for FREE Region 1166, top_bitmap: 0x00000000e4700000
[0.226s][debug][gc                   ] GC(0) SMC:clear_bitmap for FREE Region 1167, top_bitmap: 0x00000000e4780000
[0.226s][debug][gc                   ] GC(0) SMC:clear_bitmap for FREE Region 1168, top_bitmap: 0x00000000e4800000
[0.226s][debug][gc                   ] GC(0) SMC:clear_bitmap for FREE Region 1169, top_bitmap: 0x00000000e4880000
[0.226s][debug][gc                   ] GC(0) SMC:clear_bitmap for FREE Region 1165, top_bitmap: 0x00000000e4680000
[0.226s][debug][gc                   ] GC(0) SMC:clear_bitmap for FREE Region 1171, top_bitmap: 0x00000000e4980000
[0.226s][debug][gc                   ] GC(0) SMC:clear_bitmap for FREE Region 1172, top_bitmap: 0x00000000e4a00000
[0.226s][debug][gc                   ] GC(0) SMC:clear_bitmap for FREE Region 1173, top_bitmap: 0x00000000e4a80000
[0.226s][debug][gc                   ] GC(0) SMC:clear_bitmap for FREE Region 1174, top_bitmap: 0x00000000e4b00000
[0.226s][debug][gc                   ] GC(0) SMC:clear_bitmap for FREE Region 1175, top_bitmap: 0x00000000e4b80000
[0.226s][debug][gc                   ] GC(0) SMC:clear_bitmap for FREE Region 1176, top_bitmap: 0x00000000e4c00000
[0.226s][debug][gc                   ] GC(0) SMC:clear_bitmap for FREE Region 1150, top_bitmap: 0x00000000e3f00000
[0.226s][debug][gc                   ] GC(0) SMC:clear_bitmap for FREE Region 1122, top_bitmap: 0x00000000e3100000
[0.226s][debug][gc                   ] GC(0) SMC:clear_bitmap for FREE Region 1147, top_bitmap: 0x00000000e3d80000
[0.226s][debug][gc                   ] GC(0) SMC:clear_bitmap for FREE Region 1181, top_bitmap: 0x00000000e4e80000
[0.226s][debug][gc                   ] GC(0) SMC:clear_bitmap for FREE Region 1182, top_bitmap: 0x00000000e4f00000
[0.226s][debug][gc                   ] GC(0) SMC:clear_bitmap for FREE Region 1177, top_bitmap: 0x00000000e4c80000
[0.226s][debug][gc                   ] GC(0) SMC:clear_bitmap for FREE Region 1184, top_bitmap: 0x00000000e5000000
[0.226s][debug][gc                   ] GC(0) SMC:clear_bitmap for FREE Region 1161, top_bitmap: 0x00000000e4480000
[0.226s][debug][gc                   ] GC(0) SMC:clear_bitmap for FREE Region 1178, top_bitmap: 0x00000000e4d00000
[0.226s][debug][gc                   ] GC(0) SMC:clear_bitmap for FREE Region 1187, top_bitmap: 0x00000000e5180000
[0.226s][debug][gc                   ] GC(0) SMC:clear_bitmap for FREE Region 1188, top_bitmap: 0x00000000e5200000
[0.226s][debug][gc                   ] GC(0) SMC:clear_bitmap for FREE Region 1180, top_bitmap: 0x00000000e4e00000
[0.226s][debug][gc                   ] GC(0) SMC:clear_bitmap for FREE Region 1190, top_bitmap: 0x00000000e5300000
[0.226s][debug][gc                   ] GC(0) SMC:clear_bitmap for FREE Region 1183, top_bitmap: 0x00000000e4f80000
[0.226s][debug][gc                   ] GC(0) SMC:clear_bitmap for FREE Region 1192, top_bitmap: 0x00000000e5400000
[0.226s][debug][gc                   ] GC(0) SMC:clear_bitmap for FREE Region 1170, top_bitmap: 0x00000000e4900000
[0.226s][debug][gc                   ] GC(0) SMC:clear_bitmap for FREE Region 1185, top_bitmap: 0x00000000e5080000
[0.226s][debug][gc                   ] GC(0) SMC:clear_bitmap for FREE Region 1186, top_bitmap: 0x00000000e5100000
[0.226s][debug][gc                   ] GC(0) SMC:clear_bitmap for FREE Region 1196, top_bitmap: 0x00000000e5600000
[0.226s][debug][gc                   ] GC(0) SMC:clear_bitmap for FREE Region 1197, top_bitmap: 0x00000000e5680000
[0.226s][debug][gc                   ] GC(0) SMC:clear_bitmap for FREE Region 1189, top_bitmap: 0x00000000e5280000
[0.226s][debug][gc                   ] GC(0) SMC:clear_bitmap for FREE Region 1198, top_bitmap: 0x00000000e5700000
[0.226s][debug][gc                   ] GC(0) SMC:clear_bitmap for FREE Region 1199, top_bitmap: 0x00000000e5780000
[0.226s][debug][gc                   ] GC(0) SMC:clear_bitmap for FREE Region 1158, top_bitmap: 0x00000000e4300000
[0.226s][debug][gc                   ] GC(0) SMC:clear_bitmap for FREE Region 1193, top_bitmap: 0x00000000e5480000
[0.226s][debug][gc                   ] GC(0) SMC:clear_bitmap for FREE Region 1195, top_bitmap: 0x00000000e5580000
[0.226s][debug][gc                   ] GC(0) SMC:clear_bitmap for FREE Region 1204, top_bitmap: 0x00000000e5a00000
[0.226s][debug][gc                   ] GC(0) SMC:clear_bitmap for FREE Region 1205, top_bitmap: 0x00000000e5a80000
[0.226s][debug][gc                   ] GC(0) SMC:clear_bitmap for FREE Region 1201, top_bitmap: 0x00000000e5880000
[0.226s][debug][gc                   ] GC(0) SMC:clear_bitmap for FREE Region 1206, top_bitmap: 0x00000000e5b00000
[0.226s][debug][gc                   ] GC(0) SMC:clear_bitmap for FREE Region 1207, top_bitmap: 0x00000000e5b80000
[0.226s][debug][gc                   ] GC(0) SMC:clear_bitmap for FREE Region 1191, top_bitmap: 0x00000000e5380000
[0.226s][debug][gc                   ] Using new region (1884) for Shared (0x00007faab76e5830).
[0.226s][debug][gc                   ] Setting affiliation of Region 1884 from FREE to YOUNG, top: 0x00000000fae00000, TAMS: 0x00000000fae00000, watermark: 0x00000000fae00000, top_bitmap: 0x00000000fae00000
[0.226s][debug][gc                   ] GC(0) SMC:clear_bitmap for FREE Region 1203, top_bitmap: 0x00000000e5980000
[0.226s][debug][gc                   ] GC(0) SMC:clear_bitmap for FREE Region 1211, top_bitmap: 0x00000000e5d80000
[0.226s][debug][gc                   ] GC(0) SMC:clear_bitmap for FREE Region 1212, top_bitmap: 0x00000000e5e00000
[0.226s][debug][gc                   ] GC(0) SMC:clear_bitmap for FREE Region 1200, top_bitmap: 0x00000000e5800000
[0.226s][debug][gc                   ] GC(0) SMC:clear_bitmap for FREE Region 1214, top_bitmap: 0x00000000e5f00000
[0.226s][debug][gc                   ] GC(0) SMC:clear_bitmap for FREE Region 1215, top_bitmap: 0x00000000e5f80000
[0.226s][debug][gc                   ] GC(0) SMC:clear_bitmap for FREE Region 1209, top_bitmap: 0x00000000e5c80000
[0.226s][debug][gc                   ] GC(0) SMC:clear_bitmap for FREE Region 1217, top_bitmap: 0x00000000e6080000
[0.226s][debug][gc                   ] GC(0) SMC:clear_bitmap for FREE Region 1218, top_bitmap: 0x00000000e6100000
[0.226s][debug][gc                   ] GC(0) SMC:clear_bitmap for FREE Region 1219, top_bitmap: 0x00000000e6180000
[0.226s][debug][gc                   ] GC(0) SMC:clear_bitmap for FREE Region 1220, top_bitmap: 0x00000000e6200000
[0.226s][debug][gc                   ] GC(0) SMC:clear_bitmap for FREE Region 1221, top_bitmap: 0x00000000e6280000
[0.226s][debug][gc                   ] GC(0) SMC:clear_bitmap for FREE Region 1222, top_bitmap: 0x00000000e6300000
[0.226s][debug][gc                   ] GC(0) SMC:clear_bitmap for FREE Region 1223, top_bitmap: 0x00000000e6380000
[0.226s][debug][gc                   ] GC(0) SMC:clear_bitmap for FREE Region 1224, top_bitmap: 0x00000000e6400000
[0.226s][debug][gc                   ] GC(0) SMC:clear_bitmap for FREE Region 1225, top_bitmap: 0x00000000e6480000
[0.226s][debug][gc                   ] GC(0) SMC:clear_bitmap for FREE Region 1226, top_bitmap: 0x00000000e6500000
[0.226s][debug][gc                   ] GC(0) SMC:clear_bitmap for FREE Region 1227, top_bitmap: 0x00000000e6580000
[0.226s][debug][gc                   ] GC(0) SMC:clear_bitmap for FREE Region 1228, top_bitmap: 0x00000000e6600000
[0.226s][debug][gc                   ] GC(0) SMC:clear_bitmap for FREE Region 1229, top_bitmap: 0x00000000e6680000
[0.226s][debug][gc                   ] GC(0) SMC:clear_bitmap for FREE Region 1194, top_bitmap: 0x00000000e5500000
[0.226s][debug][gc                   ] GC(0) SMC:clear_bitmap for FREE Region 1230, top_bitmap: 0x00000000e6700000
[0.226s][debug][gc                   ] GC(0) SMC:clear_bitmap for FREE Region 1231, top_bitmap: 0x00000000e6780000
[0.226s][debug][gc                   ] GC(0) SMC:clear_bitmap for FREE Region 1233, top_bitmap: 0x00000000e6880000
[0.226s][debug][gc                   ] Using new region (1884) for Shared (0x00007faab76e5830).
[0.226s][debug][gc                   ] GC(0) SMC:clear_bitmap for FREE Region 1213, top_bitmap: 0x00000000e5e80000
[0.226s][debug][gc                   ] GC(0) SMC:clear_bitmap for FREE Region 1235, top_bitmap: 0x00000000e6980000
[0.226s][debug][gc                   ] GC(0) SMC:clear_bitmap for FREE Region 1236, top_bitmap: 0x00000000e6a00000
[0.226s][debug][gc                   ] GC(0) SMC:clear_bitmap for FREE Region 1237, top_bitmap: 0x00000000e6a80000
[0.226s][debug][gc                   ] GC(0) SMC:clear_bitmap for FREE Region 1238, top_bitmap: 0x00000000e6b00000
[0.226s][debug][gc                   ] GC(0) SMC:clear_bitmap for FREE Region 1202, top_bitmap: 0x00000000e5900000
[0.226s][debug][gc                   ] GC(0) SMC:clear_bitmap for FREE Region 1239, top_bitmap: 0x00000000e6b80000
[0.226s][debug][gc                   ] GC(0) SMC:clear_bitmap for FREE Region 1240, top_bitmap: 0x00000000e6c00000
[0.226s][debug][gc                   ] GC(0) SMC:clear_bitmap for FREE Region 1241, top_bitmap: 0x00000000e6c80000
[0.226s][debug][gc                   ] GC(0) SMC:clear_bitmap for FREE Region 1179, top_bitmap: 0x00000000e4d80000
[0.226s][debug][gc                   ] GC(0) SMC:clear_bitmap for FREE Region 1234, top_bitmap: 0x00000000e6900000
[0.226s][debug][gc                   ] GC(0) SMC:clear_bitmap for FREE Region 1244, top_bitmap: 0x00000000e6e00000
[0.226s][debug][gc                   ] GC(0) SMC:clear_bitmap for FREE Region 1245, top_bitmap: 0x00000000e6e80000
[0.226s][debug][gc                   ] GC(0) SMC:clear_bitmap for FREE Region 1247, top_bitmap: 0x00000000e6f80000
[0.226s][debug][gc                   ] GC(0) SMC:clear_bitmap for FREE Region 1248, top_bitmap: 0x00000000e7000000
[0.226s][debug][gc                   ] GC(0) SMC:clear_bitmap for FREE Region 1243, top_bitmap: 0x00000000e6d80000
[0.226s][debug][gc                   ] GC(0) SMC:clear_bitmap for FREE Region 1250, top_bitmap: 0x00000000e7100000
[0.226s][debug][gc                   ] GC(0) SMC:clear_bitmap for FREE Region 1251, top_bitmap: 0x00000000e7180000
[0.226s][debug][gc                   ] GC(0) SMC:clear_bitmap for FREE Region 1252, top_bitmap: 0x00000000e7200000
[0.226s][debug][gc                   ] GC(0) SMC:clear_bitmap for FREE Region 1253, top_bitmap: 0x00000000e7280000
[0.226s][debug][gc                   ] GC(0) SMC:clear_bitmap for FREE Region 1254, top_bitmap: 0x00000000e7300000
[0.226s][debug][gc                   ] GC(0) SMC:clear_bitmap for FREE Region 1255, top_bitmap: 0x00000000e7380000
[0.226s][debug][gc                   ] GC(0) SMC:clear_bitmap for FREE Region 1256, top_bitmap: 0x00000000e7400000
[0.226s][debug][gc                   ] GC(0) SMC:clear_bitmap for FREE Region 1246, top_bitmap: 0x00000000e6f00000
[0.226s][debug][gc                   ] GC(0) SMC:clear_bitmap for FREE Region 1258, top_bitmap: 0x00000000e7500000
[0.226s][debug][gc                   ] GC(0) SMC:clear_bitmap for FREE Region 1259, top_bitmap: 0x00000000e7580000
[0.226s][debug][gc                   ] GC(0) SMC:clear_bitmap for FREE Region 1260, top_bitmap: 0x00000000e7600000
[0.226s][debug][gc                   ] GC(0) SMC:clear_bitmap for FREE Region 1261, top_bitmap: 0x00000000e7680000
[0.226s][debug][gc                   ] GC(0) SMC:clear_bitmap for FREE Region 1210, top_bitmap: 0x00000000e5d00000
[0.226s][debug][gc                   ] GC(0) SMC:clear_bitmap for FREE Region 1262, top_bitmap: 0x00000000e7700000
[0.226s][debug][gc                   ] GC(0) SMC:clear_bitmap for FREE Region 1263, top_bitmap: 0x00000000e7780000
[0.226s][debug][gc                   ] GC(0) SMC:clear_bitmap for FREE Region 1232, top_bitmap: 0x00000000e6800000
[0.226s][debug][gc                   ] GC(0) SMC:clear_bitmap for FREE Region 1265, top_bitmap: 0x00000000e7880000
[0.226s][debug][gc                   ] GC(0) SMC:clear_bitmap for FREE Region 1249, top_bitmap: 0x00000000e7080000
[0.226s][debug][gc                   ] GC(0) SMC:clear_bitmap for FREE Region 1216, top_bitmap: 0x00000000e6000000
[0.226s][debug][gc                   ] GC(0) SMC:clear_bitmap for FREE Region 1268, top_bitmap: 0x00000000e7a00000
[0.226s][debug][gc                   ] GC(0) SMC:clear_bitmap for FREE Region 1269, top_bitmap: 0x00000000e7a80000
[0.226s][debug][gc                   ] GC(0) SMC:clear_bitmap for FREE Region 1264, top_bitmap: 0x00000000e7800000
[0.226s][debug][gc                   ] GC(0) SMC:clear_bitmap for FREE Region 1271, top_bitmap: 0x00000000e7b80000
[0.226s][debug][gc                   ] GC(0) SMC:clear_bitmap for FREE Region 1272, top_bitmap: 0x00000000e7c00000
[0.226s][debug][gc                   ] GC(0) SMC:clear_bitmap for FREE Region 1266, top_bitmap: 0x00000000e7900000
[0.226s][debug][gc                   ] GC(0) SMC:clear_bitmap for FREE Region 1274, top_bitmap: 0x00000000e7d00000
[0.226s][debug][gc                   ] GC(0) SMC:clear_bitmap for FREE Region 1257, top_bitmap: 0x00000000e7480000
[0.226s][debug][gc                   ] GC(0) SMC:clear_bitmap for FREE Region 1270, top_bitmap: 0x00000000e7b00000
[0.226s][debug][gc                   ] GC(0) SMC:clear_bitmap for FREE Region 1242, top_bitmap: 0x00000000e6d00000
[0.226s][debug][gc                   ] GC(0) SMC:clear_bitmap for FREE Region 1278, top_bitmap: 0x00000000e7f00000
[0.226s][debug][gc                   ] GC(0) SMC:clear_bitmap for FREE Region 1279, top_bitmap: 0x00000000e7f80000
[0.226s][debug][gc                   ] GC(0) SMC:clear_bitmap for FREE Region 1280, top_bitmap: 0x00000000e8000000
[0.226s][debug][gc                   ] GC(0) SMC:clear_bitmap for FREE Region 1281, top_bitmap: 0x00000000e8080000
[0.226s][debug][gc                   ] GC(0) SMC:clear_bitmap for FREE Region 1275, top_bitmap: 0x00000000e7d80000
[0.226s][debug][gc                   ] GC(0) SMC:clear_bitmap for FREE Region 1276, top_bitmap: 0x00000000e7e00000
[0.226s][debug][gc                   ] GC(0) SMC:clear_bitmap for FREE Region 1284, top_bitmap: 0x00000000e8200000
[0.226s][debug][gc                   ] GC(0) SMC:clear_bitmap for FREE Region 1285, top_bitmap: 0x00000000e8280000
[0.226s][debug][gc                   ] GC(0) SMC:clear_bitmap for FREE Region 1277, top_bitmap: 0x00000000e7e80000
[0.226s][debug][gc                   ] GC(0) SMC:clear_bitmap for FREE Region 1288, top_bitmap: 0x00000000e8400000
[0.226s][debug][gc                   ] GC(0) SMC:clear_bitmap for FREE Region 1289, top_bitmap: 0x00000000e8480000
[0.226s][debug][gc                   ] GC(0) SMC:clear_bitmap for FREE Region 1290, top_bitmap: 0x00000000e8500000
[0.226s][debug][gc                   ] GC(0) SMC:clear_bitmap for FREE Region 1291, top_bitmap: 0x00000000e8580000
[0.226s][debug][gc                   ] GC(0) SMC:clear_bitmap for FREE Region 1208, top_bitmap: 0x00000000e5c00000
[0.226s][debug][gc                   ] GC(0) SMC:clear_bitmap for FREE Region 1292, top_bitmap: 0x00000000e8600000
[0.226s][debug][gc                   ] GC(0) SMC:clear_bitmap for FREE Region 1293, top_bitmap: 0x00000000e8680000
[0.226s][debug][gc                   ] GC(0) SMC:clear_bitmap for FREE Region 1294, top_bitmap: 0x00000000e8700000
[0.226s][debug][gc                   ] GC(0) SMC:clear_bitmap for FREE Region 1273, top_bitmap: 0x00000000e7c80000
[0.226s][debug][gc                   ] GC(0) SMC:clear_bitmap for FREE Region 1297, top_bitmap: 0x00000000e8880000
[0.226s][debug][gc                   ] GC(0) SMC:clear_bitmap for FREE Region 1298, top_bitmap: 0x00000000e8900000
[0.226s][debug][gc                   ] GC(0) SMC:clear_bitmap for FREE Region 1267, top_bitmap: 0x00000000e7980000
[0.226s][debug][gc                   ] GC(0) SMC:clear_bitmap for FREE Region 1282, top_bitmap: 0x00000000e8100000
[0.226s][debug][gc                   ] GC(0) SMC:clear_bitmap for FREE Region 1301, top_bitmap: 0x00000000e8a80000
[0.226s][debug][gc                   ] GC(0) SMC:clear_bitmap for FREE Region 1283, top_bitmap: 0x00000000e8180000
[0.226s][debug][gc                   ] GC(0) SMC:clear_bitmap for FREE Region 1303, top_bitmap: 0x00000000e8b80000
[0.226s][debug][gc                   ] GC(0) SMC:clear_bitmap for FREE Region 1295, top_bitmap: 0x00000000e8780000
[0.226s][debug][gc                   ] GC(0) SMC:clear_bitmap for FREE Region 1286, top_bitmap: 0x00000000e8300000
[0.226s][debug][gc                   ] GC(0) SMC:clear_bitmap for FREE Region 1306, top_bitmap: 0x00000000e8d00000
[0.226s][debug][gc                   ] GC(0) SMC:clear_bitmap for FREE Region 1307, top_bitmap: 0x00000000e8d80000
[0.226s][debug][gc                   ] Setting affiliation of Region 472 from FREE to YOUNG, top: 0x00000000cec00000, TAMS: 0x00000000cec00000, watermark: 0x00000000cec00000, top_bitmap: 0x00000000cec00000
[0.226s][debug][gc                   ] Setting affiliation of Region 473 from FREE to YOUNG, top: 0x00000000cec80000, TAMS: 0x00000000cec80000, watermark: 0x00000000cec80000, top_bitmap: 0x00000000cec80000
[0.226s][debug][gc                   ] Setting affiliation of Region 474 from FREE to YOUNG, top: 0x00000000ced00000, TAMS: 0x00000000ced00000, watermark: 0x00000000ced00000, top_bitmap: 0x00000000ced00000
[0.226s][debug][gc                   ] GC(0) SMC:clear_bitmap for FREE Region 1287, top_bitmap: 0x00000000e8380000
[0.226s][debug][gc                   ] GC(0) SMC:clear_bitmap for FREE Region 1309, top_bitmap: 0x00000000e8e80000
[0.226s][debug][gc                   ] GC(0) SMC:clear_bitmap for FREE Region 1310, top_bitmap: 0x00000000e8f00000
[0.226s][debug][gc                   ] GC(0) SMC:clear_bitmap for FREE Region 1311, top_bitmap: 0x00000000e8f80000
[0.226s][debug][gc                   ] GC(0) SMC:clear_bitmap for FREE Region 1312, top_bitmap: 0x00000000e9000000
[0.226s][debug][gc                   ] GC(0) SMC:clear_bitmap for FREE Region 1313, top_bitmap: 0x00000000e9080000
[0.226s][debug][gc                   ] GC(0) SMC:clear_bitmap for FREE Region 1314, top_bitmap: 0x00000000e9100000
[0.226s][debug][gc                   ] GC(0) SMC:clear_bitmap for FREE Region 1315, top_bitmap: 0x00000000e9180000
[0.226s][debug][gc                   ] GC(0) SMC:clear_bitmap for FREE Region 1316, top_bitmap: 0x00000000e9200000
[0.226s][debug][gc                   ] GC(0) SMC:clear_bitmap for FREE Region 1317, top_bitmap: 0x00000000e9280000
[0.226s][debug][gc                   ] GC(0) SMC:clear_bitmap for FREE Region 1318, top_bitmap: 0x00000000e9300000
[0.226s][debug][gc                   ] GC(0) SMC:clear_bitmap for FREE Region 1302, top_bitmap: 0x00000000e8b00000
[0.226s][debug][gc                   ] GC(0) SMC:clear_bitmap for FREE Region 1319, top_bitmap: 0x00000000e9380000
[0.226s][debug][gc                   ] GC(0) SMC:clear_bitmap for FREE Region 1320, top_bitmap: 0x00000000e9400000
[0.226s][debug][gc                   ] GC(0) SMC:clear_bitmap for FREE Region 1304, top_bitmap: 0x00000000e8c00000
[0.226s][debug][gc                   ] GC(0) SMC:clear_bitmap for FREE Region 1308, top_bitmap: 0x00000000e8e00000
[0.226s][debug][gc                   ] GC(0) SMC:clear_bitmap for FREE Region 1296, top_bitmap: 0x00000000e8800000
[0.226s][debug][gc                   ] GC(0) SMC:clear_bitmap for FREE Region 1325, top_bitmap: 0x00000000e9680000
[0.226s][debug][gc                   ] GC(0) SMC:clear_bitmap for FREE Region 1300, top_bitmap: 0x00000000e8a00000
[0.226s][debug][gc                   ] GC(0) SMC:clear_bitmap for FREE Region 1321, top_bitmap: 0x00000000e9480000
[0.226s][debug][gc                   ] GC(0) SMC:clear_bitmap for FREE Region 1328, top_bitmap: 0x00000000e9800000
[0.226s][debug][gc                   ] GC(0) SMC:clear_bitmap for FREE Region 1305, top_bitmap: 0x00000000e8c80000
[0.226s][debug][gc                   ] GC(0) SMC:clear_bitmap for FREE Region 1322, top_bitmap: 0x00000000e9500000
[0.226s][debug][gc                   ] GC(0) SMC:clear_bitmap for FREE Region 1330, top_bitmap: 0x00000000e9900000
[0.226s][debug][gc                   ] GC(0) SMC:clear_bitmap for FREE Region 1331, top_bitmap: 0x00000000e9980000
[0.226s][debug][gc                   ] GC(0) SMC:clear_bitmap for FREE Region 1332, top_bitmap: 0x00000000e9a00000
[0.226s][debug][gc                   ] GC(0) SMC:clear_bitmap for FREE Region 1299, top_bitmap: 0x00000000e8980000
[0.226s][debug][gc                   ] GC(0) SMC:clear_bitmap for FREE Region 1334, top_bitmap: 0x00000000e9b00000
[0.226s][debug][gc                   ] GC(0) SMC:clear_bitmap for FREE Region 1335, top_bitmap: 0x00000000e9b80000
[0.226s][debug][gc                   ] GC(0) SMC:clear_bitmap for FREE Region 1336, top_bitmap: 0x00000000e9c00000
[0.226s][debug][gc                   ] GC(0) SMC:clear_bitmap for FREE Region 1337, top_bitmap: 0x00000000e9c80000
[0.226s][debug][gc                   ] GC(0) SMC:clear_bitmap for FREE Region 1338, top_bitmap: 0x00000000e9d00000
[0.226s][debug][gc                   ] GC(0) SMC:clear_bitmap for FREE Region 1327, top_bitmap: 0x00000000e9780000
[0.226s][debug][gc                   ] GC(0) SMC:clear_bitmap for FREE Region 1340, top_bitmap: 0x00000000e9e00000
[0.226s][debug][gc                   ] GC(0) SMC:clear_bitmap for FREE Region 1341, top_bitmap: 0x00000000e9e80000
[0.226s][debug][gc                   ] GC(0) SMC:clear_bitmap for FREE Region 1324, top_bitmap: 0x00000000e9600000
[0.226s][debug][gc                   ] GC(0) SMC:clear_bitmap for FREE Region 1329, top_bitmap: 0x00000000e9880000
[0.226s][debug][gc                   ] GC(0) SMC:clear_bitmap for FREE Region 1326, top_bitmap: 0x00000000e9700000
[0.226s][debug][gc                   ] GC(0) SMC:clear_bitmap for FREE Region 1342, top_bitmap: 0x00000000e9f00000
[0.226s][debug][gc                   ] GC(0) SMC:clear_bitmap for FREE Region 1347, top_bitmap: 0x00000000ea180000
[0.226s][debug][gc                   ] GC(0) SMC:clear_bitmap for FREE Region 1348, top_bitmap: 0x00000000ea200000
[0.226s][debug][gc                   ] GC(0) SMC:clear_bitmap for FREE Region 1349, top_bitmap: 0x00000000ea280000
[0.226s][debug][gc                   ] GC(0) SMC:clear_bitmap for FREE Region 1350, top_bitmap: 0x00000000ea300000
[0.226s][debug][gc                   ] GC(0) SMC:clear_bitmap for FREE Region 1344, top_bitmap: 0x00000000ea000000
[0.226s][debug][gc                   ] GC(0) SMC:clear_bitmap for FREE Region 1333, top_bitmap: 0x00000000e9a80000
[0.226s][debug][gc                   ] GC(0) SMC:clear_bitmap for FREE Region 1352, top_bitmap: 0x00000000ea400000
[0.226s][debug][gc                   ] GC(0) SMC:clear_bitmap for FREE Region 1353, top_bitmap: 0x00000000ea480000
[0.226s][debug][gc                   ] GC(0) SMC:clear_bitmap for FREE Region 1339, top_bitmap: 0x00000000e9d80000
[0.226s][debug][gc                   ] GC(0) SMC:clear_bitmap for FREE Region 1355, top_bitmap: 0x00000000ea580000
[0.226s][debug][gc                   ] GC(0) SMC:clear_bitmap for FREE Region 1345, top_bitmap: 0x00000000ea080000
[0.226s][debug][gc                   ] GC(0) SMC:clear_bitmap for FREE Region 1346, top_bitmap: 0x00000000ea100000
[0.226s][debug][gc                   ] GC(0) SMC:clear_bitmap for FREE Region 1343, top_bitmap: 0x00000000e9f80000
[0.226s][debug][gc                   ] GC(0) SMC:clear_bitmap for FREE Region 1360, top_bitmap: 0x00000000ea800000
[0.226s][debug][gc                   ] GC(0) SMC:clear_bitmap for FREE Region 1361, top_bitmap: 0x00000000ea880000
[0.226s][debug][gc                   ] GC(0) SMC:clear_bitmap for FREE Region 1362, top_bitmap: 0x00000000ea900000
[0.226s][debug][gc                   ] GC(0) SMC:clear_bitmap for FREE Region 1363, top_bitmap: 0x00000000ea980000
[0.226s][debug][gc                   ] GC(0) SMC:clear_bitmap for FREE Region 1364, top_bitmap: 0x00000000eaa00000
[0.226s][debug][gc                   ] GC(0) SMC:clear_bitmap for FREE Region 1365, top_bitmap: 0x00000000eaa80000
[0.226s][debug][gc                   ] GC(0) SMC:clear_bitmap for FREE Region 1366, top_bitmap: 0x00000000eab00000
[0.226s][debug][gc                   ] GC(0) SMC:clear_bitmap for FREE Region 1367, top_bitmap: 0x00000000eab80000
[0.226s][debug][gc                   ] GC(0) SMC:clear_bitmap for FREE Region 1368, top_bitmap: 0x00000000eac00000
[0.226s][debug][gc                   ] GC(0) SMC:clear_bitmap for FREE Region 1369, top_bitmap: 0x00000000eac80000
[0.226s][debug][gc                   ] GC(0) SMC:clear_bitmap for FREE Region 1370, top_bitmap: 0x00000000ead00000
[0.226s][debug][gc                   ] GC(0) SMC:clear_bitmap for FREE Region 1371, top_bitmap: 0x00000000ead80000
[0.226s][debug][gc                   ] GC(0) SMC:clear_bitmap for FREE Region 1372, top_bitmap: 0x00000000eae00000
[0.226s][debug][gc                   ] GC(0) SMC:clear_bitmap for FREE Region 1373, top_bitmap: 0x00000000eae80000
[0.226s][debug][gc                   ] GC(0) SMC:clear_bitmap for FREE Region 1374, top_bitmap: 0x00000000eaf00000
[0.226s][debug][gc                   ] GC(0) SMC:clear_bitmap for FREE Region 1375, top_bitmap: 0x00000000eaf80000
[0.226s][debug][gc                   ] GC(0) SMC:clear_bitmap for FREE Region 1358, top_bitmap: 0x00000000ea700000
[0.226s][debug][gc                   ] GC(0) SMC:clear_bitmap for FREE Region 1377, top_bitmap: 0x00000000eb080000
[0.226s][debug][gc                   ] GC(0) SMC:clear_bitmap for FREE Region 1378, top_bitmap: 0x00000000eb100000
[0.226s][debug][gc                   ] GC(0) SMC:clear_bitmap for FREE Region 1379, top_bitmap: 0x00000000eb180000
[0.226s][debug][gc                   ] GC(0) SMC:clear_bitmap for FREE Region 1380, top_bitmap: 0x00000000eb200000
[0.226s][debug][gc                   ] GC(0) SMC:clear_bitmap for FREE Region 1381, top_bitmap: 0x00000000eb280000
[0.226s][debug][gc                   ] GC(0) SMC:clear_bitmap for FREE Region 1382, top_bitmap: 0x00000000eb300000
[0.226s][debug][gc                   ] GC(0) SMC:clear_bitmap for FREE Region 1383, top_bitmap: 0x00000000eb380000
[0.226s][debug][gc                   ] GC(0) SMC:clear_bitmap for FREE Region 1384, top_bitmap: 0x00000000eb400000
[0.226s][debug][gc                   ] GC(0) SMC:clear_bitmap for FREE Region 1385, top_bitmap: 0x00000000eb480000
[0.226s][debug][gc                   ] GC(0) SMC:clear_bitmap for FREE Region 1386, top_bitmap: 0x00000000eb500000
[0.226s][debug][gc                   ] GC(0) SMC:clear_bitmap for FREE Region 1387, top_bitmap: 0x00000000eb580000
[0.226s][debug][gc                   ] GC(0) SMC:clear_bitmap for FREE Region 1323, top_bitmap: 0x00000000e9580000
[0.226s][debug][gc                   ] GC(0) SMC:clear_bitmap for FREE Region 1354, top_bitmap: 0x00000000ea500000
[0.226s][debug][gc                   ] GC(0) SMC:clear_bitmap for FREE Region 1390, top_bitmap: 0x00000000eb700000
[0.226s][debug][gc                   ] GC(0) SMC:clear_bitmap for FREE Region 1391, top_bitmap: 0x00000000eb780000
[0.226s][debug][gc                   ] GC(0) SMC:clear_bitmap for FREE Region 1392, top_bitmap: 0x00000000eb800000
[0.226s][debug][gc                   ] GC(0) SMC:clear_bitmap for FREE Region 1393, top_bitmap: 0x00000000eb880000
[0.226s][debug][gc                   ] GC(0) SMC:clear_bitmap for FREE Region 1394, top_bitmap: 0x00000000eb900000
[0.226s][debug][gc                   ] GC(0) SMC:clear_bitmap for FREE Region 1395, top_bitmap: 0x00000000eb980000
[0.226s][debug][gc                   ] GC(0) SMC:clear_bitmap for FREE Region 1396, top_bitmap: 0x00000000eba00000
[0.226s][debug][gc                   ] GC(0) SMC:clear_bitmap for FREE Region 1397, top_bitmap: 0x00000000eba80000
[0.226s][debug][gc                   ] GC(0) SMC:clear_bitmap for FREE Region 1398, top_bitmap: 0x00000000ebb00000
[0.226s][debug][gc                   ] GC(0) SMC:clear_bitmap for FREE Region 1359, top_bitmap: 0x00000000ea780000
[0.227s][debug][gc                   ] GC(0) SMC:clear_bitmap for FREE Region 1400, top_bitmap: 0x00000000ebc00000
[0.227s][debug][gc                   ] GC(0) SMC:clear_bitmap for FREE Region 1401, top_bitmap: 0x00000000ebc80000
[0.227s][debug][gc                   ] GC(0) SMC:clear_bitmap for FREE Region 1402, top_bitmap: 0x00000000ebd00000
[0.227s][debug][gc                   ] GC(0) SMC:clear_bitmap for FREE Region 1403, top_bitmap: 0x00000000ebd80000
[0.227s][debug][gc                   ] GC(0) SMC:clear_bitmap for FREE Region 1404, top_bitmap: 0x00000000ebe00000
[0.227s][debug][gc                   ] GC(0) SMC:clear_bitmap for FREE Region 1405, top_bitmap: 0x00000000ebe80000
[0.227s][debug][gc                   ] GC(0) SMC:clear_bitmap for FREE Region 1406, top_bitmap: 0x00000000ebf00000
[0.226s][debug][gc                   ] GC(0) SMC:clear_bitmap for FREE Region 1388, top_bitmap: 0x00000000eb600000
[0.227s][debug][gc                   ] GC(0) SMC:clear_bitmap for FREE Region 1408, top_bitmap: 0x00000000ec000000
[0.227s][debug][gc                   ] GC(0) SMC:clear_bitmap for FREE Region 1409, top_bitmap: 0x00000000ec080000
[0.227s][debug][gc                   ] GC(0) SMC:clear_bitmap for FREE Region 1410, top_bitmap: 0x00000000ec100000
[0.227s][debug][gc                   ] GC(0) SMC:clear_bitmap for FREE Region 1411, top_bitmap: 0x00000000ec180000
[0.226s][debug][gc                   ] GC(0) SMC:clear_bitmap for FREE Region 1389, top_bitmap: 0x00000000eb680000
[0.227s][debug][gc                   ] GC(0) SMC:clear_bitmap for FREE Region 1413, top_bitmap: 0x00000000ec280000
[0.227s][debug][gc                   ] GC(0) SMC:clear_bitmap for FREE Region 1414, top_bitmap: 0x00000000ec300000
[0.226s][debug][gc                   ] GC(0) SMC:clear_bitmap for FREE Region 1356, top_bitmap: 0x00000000ea600000
[0.227s][debug][gc                   ] GC(0) SMC:clear_bitmap for FREE Region 1416, top_bitmap: 0x00000000ec400000
[0.227s][debug][gc                   ] GC(0) SMC:clear_bitmap for FREE Region 1417, top_bitmap: 0x00000000ec480000
[0.226s][debug][gc                   ] GC(0) SMC:clear_bitmap for FREE Region 1399, top_bitmap: 0x00000000ebb80000
[0.227s][debug][gc                   ] GC(0) SMC:clear_bitmap for FREE Region 1418, top_bitmap: 0x00000000ec500000
[0.227s][debug][gc                   ] GC(0) SMC:clear_bitmap for FREE Region 1419, top_bitmap: 0x00000000ec580000
[0.227s][debug][gc                   ] GC(0) SMC:clear_bitmap for FREE Region 1420, top_bitmap: 0x00000000ec600000
[0.227s][debug][gc                   ] GC(0) SMC:clear_bitmap for FREE Region 1421, top_bitmap: 0x00000000ec680000
[0.227s][debug][gc                   ] GC(0) SMC:clear_bitmap for FREE Region 1422, top_bitmap: 0x00000000ec700000
[0.227s][debug][gc                   ] GC(0) SMC:clear_bitmap for FREE Region 1415, top_bitmap: 0x00000000ec380000
[0.227s][debug][gc                   ] GC(0) SMC:clear_bitmap for FREE Region 1424, top_bitmap: 0x00000000ec800000
[0.226s][debug][gc                   ] GC(0) SMC:clear_bitmap for FREE Region 1376, top_bitmap: 0x00000000eb000000
[0.227s][debug][gc                   ] GC(0) SMC:clear_bitmap for FREE Region 1427, top_bitmap: 0x00000000ec980000
[0.227s][debug][gc                   ] GC(0) SMC:clear_bitmap for FREE Region 1407, top_bitmap: 0x00000000ebf80000
[0.227s][debug][gc                   ] GC(0) SMC:clear_bitmap for FREE Region 1429, top_bitmap: 0x00000000eca80000
[0.227s][debug][gc                   ] GC(0) SMC:clear_bitmap for FREE Region 1430, top_bitmap: 0x00000000ecb00000
[0.227s][debug][gc                   ] GC(0) SMC:clear_bitmap for FREE Region 1431, top_bitmap: 0x00000000ecb80000
[0.227s][debug][gc                   ] GC(0) SMC:clear_bitmap for FREE Region 1432, top_bitmap: 0x00000000ecc00000
[0.227s][debug][gc                   ] GC(0) SMC:clear_bitmap for FREE Region 1433, top_bitmap: 0x00000000ecc80000
[0.227s][debug][gc                   ] GC(0) SMC:clear_bitmap for FREE Region 1434, top_bitmap: 0x00000000ecd00000
[0.227s][debug][gc                   ] GC(0) SMC:clear_bitmap for FREE Region 1435, top_bitmap: 0x00000000ecd80000
[0.227s][debug][gc                   ] GC(0) SMC:clear_bitmap for FREE Region 1436, top_bitmap: 0x00000000ece00000
[0.227s][debug][gc                   ] GC(0) SMC:clear_bitmap for FREE Region 1423, top_bitmap: 0x00000000ec780000
[0.227s][debug][gc                   ] GC(0) SMC:clear_bitmap for FREE Region 1438, top_bitmap: 0x00000000ecf00000
[0.227s][debug][gc                   ] GC(0) SMC:clear_bitmap for FREE Region 1439, top_bitmap: 0x00000000ecf80000
[0.227s][debug][gc                   ] GC(0) SMC:clear_bitmap for FREE Region 1440, top_bitmap: 0x00000000ed000000
[0.227s][debug][gc                   ] GC(0) SMC:clear_bitmap for FREE Region 1441, top_bitmap: 0x00000000ed080000
[0.227s][debug][gc                   ] GC(0) SMC:clear_bitmap for FREE Region 1442, top_bitmap: 0x00000000ed100000
[0.227s][debug][gc                   ] GC(0) SMC:clear_bitmap for FREE Region 1426, top_bitmap: 0x00000000ec900000
[0.227s][debug][gc                   ] GC(0) SMC:clear_bitmap for FREE Region 1444, top_bitmap: 0x00000000ed200000
[0.227s][debug][gc                   ] GC(0) SMC:clear_bitmap for FREE Region 1445, top_bitmap: 0x00000000ed280000
[0.226s][debug][gc                   ] GC(0) SMC:clear_bitmap for FREE Region 1351, top_bitmap: 0x00000000ea380000
[0.227s][debug][gc                   ] GC(0) SMC:clear_bitmap for FREE Region 1447, top_bitmap: 0x00000000ed380000
[0.227s][debug][gc                   ] GC(0) SMC:clear_bitmap for FREE Region 1448, top_bitmap: 0x00000000ed400000
[0.227s][debug][gc                   ] GC(0) SMC:clear_bitmap for FREE Region 1449, top_bitmap: 0x00000000ed480000
[0.227s][debug][gc                   ] GC(0) SMC:clear_bitmap for FREE Region 1450, top_bitmap: 0x00000000ed500000
[0.227s][debug][gc                   ] GC(0) SMC:clear_bitmap for FREE Region 1451, top_bitmap: 0x00000000ed580000
[0.227s][debug][gc                   ] GC(0) SMC:clear_bitmap for FREE Region 1452, top_bitmap: 0x00000000ed600000
[0.227s][debug][gc                   ] GC(0) SMC:clear_bitmap for FREE Region 1453, top_bitmap: 0x00000000ed680000
[0.227s][debug][gc                   ] GC(0) SMC:clear_bitmap for FREE Region 1454, top_bitmap: 0x00000000ed700000
[0.227s][debug][gc                   ] GC(0) SMC:clear_bitmap for FREE Region 1455, top_bitmap: 0x00000000ed780000
[0.227s][debug][gc                   ] GC(0) SMC:clear_bitmap for FREE Region 1456, top_bitmap: 0x00000000ed800000
[0.227s][debug][gc                   ] GC(0) SMC:clear_bitmap for FREE Region 1457, top_bitmap: 0x00000000ed880000
[0.227s][debug][gc                   ] GC(0) SMC:clear_bitmap for FREE Region 1458, top_bitmap: 0x00000000ed900000
[0.227s][debug][gc                   ] GC(0) SMC:clear_bitmap for FREE Region 1459, top_bitmap: 0x00000000ed980000
[0.227s][debug][gc                   ] GC(0) SMC:clear_bitmap for FREE Region 1460, top_bitmap: 0x00000000eda00000
[0.227s][debug][gc                   ] GC(0) SMC:clear_bitmap for FREE Region 1461, top_bitmap: 0x00000000eda80000
[0.227s][debug][gc                   ] GC(0) SMC:clear_bitmap for FREE Region 1462, top_bitmap: 0x00000000edb00000
[0.227s][debug][gc                   ] GC(0) SMC:clear_bitmap for FREE Region 1463, top_bitmap: 0x00000000edb80000
[0.227s][debug][gc                   ] GC(0) SMC:clear_bitmap for FREE Region 1464, top_bitmap: 0x00000000edc00000
[0.227s][debug][gc                   ] GC(0) SMC:clear_bitmap for FREE Region 1465, top_bitmap: 0x00000000edc80000
[0.227s][debug][gc                   ] GC(0) SMC:clear_bitmap for FREE Region 1466, top_bitmap: 0x00000000edd00000
[0.227s][debug][gc                   ] GC(0) SMC:clear_bitmap for FREE Region 1467, top_bitmap: 0x00000000edd80000
[0.227s][debug][gc                   ] GC(0) SMC:clear_bitmap for FREE Region 1468, top_bitmap: 0x00000000ede00000
[0.227s][debug][gc                   ] GC(0) SMC:clear_bitmap for FREE Region 1469, top_bitmap: 0x00000000ede80000
[0.227s][debug][gc                   ] GC(0) SMC:clear_bitmap for FREE Region 1470, top_bitmap: 0x00000000edf00000
[0.227s][debug][gc                   ] GC(0) SMC:clear_bitmap for FREE Region 1471, top_bitmap: 0x00000000edf80000
[0.227s][debug][gc                   ] GC(0) SMC:clear_bitmap for FREE Region 1472, top_bitmap: 0x00000000ee000000
[0.227s][debug][gc                   ] GC(0) SMC:clear_bitmap for FREE Region 1473, top_bitmap: 0x00000000ee080000
[0.227s][debug][gc                   ] GC(0) SMC:clear_bitmap for FREE Region 1474, top_bitmap: 0x00000000ee100000
[0.227s][debug][gc                   ] GC(0) SMC:clear_bitmap for FREE Region 1475, top_bitmap: 0x00000000ee180000
[0.227s][debug][gc                   ] GC(0) SMC:clear_bitmap for FREE Region 1476, top_bitmap: 0x00000000ee200000
[0.227s][debug][gc                   ] GC(0) SMC:clear_bitmap for FREE Region 1477, top_bitmap: 0x00000000ee280000
[0.227s][debug][gc                   ] GC(0) SMC:clear_bitmap for FREE Region 1478, top_bitmap: 0x00000000ee300000
[0.227s][debug][gc                   ] GC(0) SMC:clear_bitmap for FREE Region 1479, top_bitmap: 0x00000000ee380000
[0.227s][debug][gc                   ] GC(0) SMC:clear_bitmap for FREE Region 1480, top_bitmap: 0x00000000ee400000
[0.227s][debug][gc                   ] GC(0) SMC:clear_bitmap for FREE Region 1481, top_bitmap: 0x00000000ee480000
[0.227s][debug][gc                   ] GC(0) SMC:clear_bitmap for FREE Region 1482, top_bitmap: 0x00000000ee500000
[0.227s][debug][gc                   ] GC(0) SMC:clear_bitmap for FREE Region 1483, top_bitmap: 0x00000000ee580000
[0.227s][debug][gc                   ] GC(0) SMC:clear_bitmap for FREE Region 1484, top_bitmap: 0x00000000ee600000
[0.227s][debug][gc                   ] GC(0) SMC:clear_bitmap for FREE Region 1485, top_bitmap: 0x00000000ee680000
[0.227s][debug][gc                   ] GC(0) SMC:clear_bitmap for FREE Region 1486, top_bitmap: 0x00000000ee700000
[0.227s][debug][gc                   ] GC(0) SMC:clear_bitmap for FREE Region 1487, top_bitmap: 0x00000000ee780000
[0.227s][debug][gc                   ] GC(0) SMC:clear_bitmap for FREE Region 1488, top_bitmap: 0x00000000ee800000
[0.227s][debug][gc                   ] GC(0) SMC:clear_bitmap for FREE Region 1489, top_bitmap: 0x00000000ee880000
[0.227s][debug][gc                   ] GC(0) SMC:clear_bitmap for FREE Region 1490, top_bitmap: 0x00000000ee900000
[0.227s][debug][gc                   ] GC(0) SMC:clear_bitmap for FREE Region 1491, top_bitmap: 0x00000000ee980000
[0.227s][debug][gc                   ] GC(0) SMC:clear_bitmap for FREE Region 1492, top_bitmap: 0x00000000eea00000
[0.227s][debug][gc                   ] GC(0) SMC:clear_bitmap for FREE Region 1493, top_bitmap: 0x00000000eea80000
[0.227s][debug][gc                   ] GC(0) SMC:clear_bitmap for FREE Region 1494, top_bitmap: 0x00000000eeb00000
[0.227s][debug][gc                   ] GC(0) SMC:clear_bitmap for FREE Region 1495, top_bitmap: 0x00000000eeb80000
[0.227s][debug][gc                   ] GC(0) SMC:clear_bitmap for FREE Region 1496, top_bitmap: 0x00000000eec00000
[0.227s][debug][gc                   ] GC(0) SMC:clear_bitmap for FREE Region 1497, top_bitmap: 0x00000000eec80000
[0.227s][debug][gc                   ] GC(0) SMC:clear_bitmap for FREE Region 1498, top_bitmap: 0x00000000eed00000
[0.227s][debug][gc                   ] GC(0) SMC:clear_bitmap for FREE Region 1499, top_bitmap: 0x00000000eed80000
[0.227s][debug][gc                   ] GC(0) SMC:clear_bitmap for FREE Region 1500, top_bitmap: 0x00000000eee00000
[0.227s][debug][gc                   ] GC(0) SMC:clear_bitmap for FREE Region 1501, top_bitmap: 0x00000000eee80000
[0.227s][debug][gc                   ] GC(0) SMC:clear_bitmap for FREE Region 1502, top_bitmap: 0x00000000eef00000
[0.227s][debug][gc                   ] GC(0) SMC:clear_bitmap for FREE Region 1503, top_bitmap: 0x00000000eef80000
[0.227s][debug][gc                   ] GC(0) SMC:clear_bitmap for FREE Region 1504, top_bitmap: 0x00000000ef000000
[0.227s][debug][gc                   ] GC(0) SMC:clear_bitmap for FREE Region 1505, top_bitmap: 0x00000000ef080000
[0.227s][debug][gc                   ] GC(0) SMC:clear_bitmap for FREE Region 1506, top_bitmap: 0x00000000ef100000
[0.227s][debug][gc                   ] GC(0) SMC:clear_bitmap for FREE Region 1507, top_bitmap: 0x00000000ef180000
[0.227s][debug][gc                   ] GC(0) SMC:clear_bitmap for FREE Region 1508, top_bitmap: 0x00000000ef200000
[0.227s][debug][gc                   ] GC(0) SMC:clear_bitmap for FREE Region 1509, top_bitmap: 0x00000000ef280000
[0.227s][debug][gc                   ] GC(0) SMC:clear_bitmap for FREE Region 1510, top_bitmap: 0x00000000ef300000
[0.227s][debug][gc                   ] GC(0) SMC:clear_bitmap for FREE Region 1425, top_bitmap: 0x00000000ec880000
[0.227s][debug][gc                   ] GC(0) SMC:clear_bitmap for FREE Region 1512, top_bitmap: 0x00000000ef400000
[0.227s][debug][gc                   ] GC(0) SMC:clear_bitmap for FREE Region 1513, top_bitmap: 0x00000000ef480000
[0.227s][debug][gc                   ] GC(0) SMC:clear_bitmap for FREE Region 1446, top_bitmap: 0x00000000ed300000
[0.227s][debug][gc                   ] GC(0) SMC:clear_bitmap for FREE Region 1515, top_bitmap: 0x00000000ef580000
[0.227s][debug][gc                   ] GC(0) SMC:clear_bitmap for FREE Region 1516, top_bitmap: 0x00000000ef600000
[0.227s][debug][gc                   ] GC(0) SMC:clear_bitmap for FREE Region 1428, top_bitmap: 0x00000000eca00000
[0.227s][debug][gc                   ] GC(0) SMC:clear_bitmap for FREE Region 1517, top_bitmap: 0x00000000ef680000
[0.227s][debug][gc                   ] GC(0) SMC:clear_bitmap for FREE Region 1518, top_bitmap: 0x00000000ef700000
[0.227s][debug][gc                   ] GC(0) SMC:clear_bitmap for FREE Region 1412, top_bitmap: 0x00000000ec200000
[0.227s][debug][gc                   ] GC(0) SMC:clear_bitmap for FREE Region 1437, top_bitmap: 0x00000000ece80000
[0.227s][debug][gc                   ] GC(0) SMC:clear_bitmap for FREE Region 1443, top_bitmap: 0x00000000ed180000
[0.227s][debug][gc                   ] GC(0) SMC:clear_bitmap for FREE Region 1523, top_bitmap: 0x00000000ef980000
[0.227s][debug][gc                   ] GC(0) SMC:clear_bitmap for FREE Region 1514, top_bitmap: 0x00000000ef500000
[0.227s][debug][gc                   ] GC(0) SMC:clear_bitmap for FREE Region 1525, top_bitmap: 0x00000000efa80000
[0.227s][debug][gc                   ] GC(0) SMC:clear_bitmap for FREE Region 1526, top_bitmap: 0x00000000efb00000
[0.227s][debug][gc                   ] GC(0) SMC:clear_bitmap for FREE Region 1527, top_bitmap: 0x00000000efb80000
[0.227s][debug][gc                   ] GC(0) SMC:clear_bitmap for FREE Region 1528, top_bitmap: 0x00000000efc00000
[0.227s][debug][gc                   ] GC(0) SMC:clear_bitmap for FREE Region 1529, top_bitmap: 0x00000000efc80000
[0.227s][debug][gc                   ] GC(0) SMC:clear_bitmap for FREE Region 1530, top_bitmap: 0x00000000efd00000
[0.227s][debug][gc                   ] GC(0) SMC:clear_bitmap for FREE Region 1531, top_bitmap: 0x00000000efd80000
[0.227s][debug][gc                   ] GC(0) SMC:clear_bitmap for FREE Region 1532, top_bitmap: 0x00000000efe00000
[0.227s][debug][gc                   ] GC(0) SMC:clear_bitmap for FREE Region 1533, top_bitmap: 0x00000000efe80000
[0.227s][debug][gc                   ] GC(0) SMC:clear_bitmap for FREE Region 1534, top_bitmap: 0x00000000eff00000
[0.227s][debug][gc                   ] GC(0) SMC:clear_bitmap for FREE Region 1535, top_bitmap: 0x00000000eff80000
[0.227s][debug][gc                   ] GC(0) SMC:clear_bitmap for FREE Region 1511, top_bitmap: 0x00000000ef380000
[0.227s][debug][gc                   ] GC(0) SMC:clear_bitmap for FREE Region 1537, top_bitmap: 0x00000000f0080000
[0.227s][debug][gc                   ] GC(0) SMC:clear_bitmap for FREE Region 1538, top_bitmap: 0x00000000f0100000
[0.227s][debug][gc                   ] GC(0) SMC:clear_bitmap for FREE Region 1539, top_bitmap: 0x00000000f0180000
[0.227s][debug][gc                   ] GC(0) SMC:clear_bitmap for FREE Region 1540, top_bitmap: 0x00000000f0200000
[0.227s][debug][gc                   ] GC(0) SMC:clear_bitmap for FREE Region 1541, top_bitmap: 0x00000000f0280000
[0.227s][debug][gc                   ] GC(0) SMC:clear_bitmap for FREE Region 1542, top_bitmap: 0x00000000f0300000
[0.227s][debug][gc                   ] GC(0) SMC:clear_bitmap for FREE Region 1543, top_bitmap: 0x00000000f0380000
[0.227s][debug][gc                   ] GC(0) SMC:clear_bitmap for FREE Region 1544, top_bitmap: 0x00000000f0400000
[0.227s][debug][gc                   ] GC(0) SMC:clear_bitmap for FREE Region 1545, top_bitmap: 0x00000000f0480000
[0.227s][debug][gc                   ] GC(0) SMC:clear_bitmap for FREE Region 1546, top_bitmap: 0x00000000f0500000
[0.227s][debug][gc                   ] GC(0) SMC:clear_bitmap for FREE Region 1547, top_bitmap: 0x00000000f0580000
[0.227s][debug][gc                   ] GC(0) SMC:clear_bitmap for FREE Region 1548, top_bitmap: 0x00000000f0600000
[0.227s][debug][gc                   ] GC(0) SMC:clear_bitmap for FREE Region 1549, top_bitmap: 0x00000000f0680000
[0.227s][debug][gc                   ] GC(0) SMC:clear_bitmap for FREE Region 1550, top_bitmap: 0x00000000f0700000
[0.227s][debug][gc                   ] GC(0) SMC:clear_bitmap for FREE Region 1551, top_bitmap: 0x00000000f0780000
[0.227s][debug][gc                   ] GC(0) SMC:clear_bitmap for FREE Region 1552, top_bitmap: 0x00000000f0800000
[0.227s][debug][gc                   ] GC(0) SMC:clear_bitmap for FREE Region 1553, top_bitmap: 0x00000000f0880000
[0.227s][debug][gc                   ] GC(0) SMC:clear_bitmap for FREE Region 1554, top_bitmap: 0x00000000f0900000
[0.227s][debug][gc                   ] GC(0) SMC:clear_bitmap for FREE Region 1555, top_bitmap: 0x00000000f0980000
[0.227s][debug][gc                   ] GC(0) SMC:clear_bitmap for FREE Region 1556, top_bitmap: 0x00000000f0a00000
[0.227s][debug][gc                   ] GC(0) SMC:clear_bitmap for FREE Region 1557, top_bitmap: 0x00000000f0a80000
[0.227s][debug][gc                   ] GC(0) SMC:clear_bitmap for FREE Region 1519, top_bitmap: 0x00000000ef780000
[0.227s][debug][gc                   ] GC(0) SMC:clear_bitmap for FREE Region 1559, top_bitmap: 0x00000000f0b80000
[0.227s][debug][gc                   ] GC(0) SMC:clear_bitmap for FREE Region 1560, top_bitmap: 0x00000000f0c00000
[0.227s][debug][gc                   ] GC(0) SMC:clear_bitmap for FREE Region 1561, top_bitmap: 0x00000000f0c80000
[0.227s][debug][gc                   ] GC(0) SMC:clear_bitmap for FREE Region 1562, top_bitmap: 0x00000000f0d00000
[0.227s][debug][gc                   ] GC(0) SMC:clear_bitmap for FREE Region 1520, top_bitmap: 0x00000000ef800000
[0.227s][debug][gc                   ] GC(0) SMC:clear_bitmap for FREE Region 1563, top_bitmap: 0x00000000f0d80000
[0.227s][debug][gc                   ] GC(0) SMC:clear_bitmap for FREE Region 1564, top_bitmap: 0x00000000f0e00000
[0.227s][debug][gc                   ] GC(0) SMC:clear_bitmap for FREE Region 1536, top_bitmap: 0x00000000f0000000
[0.227s][debug][gc                   ] GC(0) SMC:clear_bitmap for FREE Region 1521, top_bitmap: 0x00000000ef880000
[0.227s][debug][gc                   ] GC(0) SMC:clear_bitmap for FREE Region 1522, top_bitmap: 0x00000000ef900000
[0.226s][debug][gc                   ] GC(0) SMC:clear_bitmap for FREE Region 1357, top_bitmap: 0x00000000ea680000
[0.227s][debug][gc                   ] GC(0) SMC:clear_bitmap for FREE Region 1570, top_bitmap: 0x00000000f1100000
[0.227s][debug][gc                   ] GC(0) SMC:clear_bitmap for FREE Region 1571, top_bitmap: 0x00000000f1180000
[0.227s][debug][gc                   ] GC(0) SMC:clear_bitmap for FREE Region 1572, top_bitmap: 0x00000000f1200000
[0.227s][debug][gc                   ] GC(0) SMC:clear_bitmap for FREE Region 1565, top_bitmap: 0x00000000f0e80000
[0.227s][debug][gc                   ] GC(0) SMC:clear_bitmap for FREE Region 1573, top_bitmap: 0x00000000f1280000
[0.227s][debug][gc                   ] GC(0) SMC:clear_bitmap for FREE Region 1567, top_bitmap: 0x00000000f0f80000
[0.227s][debug][gc                   ] GC(0) SMC:clear_bitmap for FREE Region 1576, top_bitmap: 0x00000000f1400000
[0.227s][debug][gc                   ] GC(0) SMC:clear_bitmap for FREE Region 1577, top_bitmap: 0x00000000f1480000
[0.227s][debug][gc                   ] GC(0) SMC:clear_bitmap for FREE Region 1578, top_bitmap: 0x00000000f1500000
[0.227s][debug][gc                   ] GC(0) SMC:clear_bitmap for FREE Region 1569, top_bitmap: 0x00000000f1080000
[0.227s][debug][gc                   ] GC(0) SMC:clear_bitmap for FREE Region 1579, top_bitmap: 0x00000000f1580000
[0.227s][debug][gc                   ] GC(0) SMC:clear_bitmap for FREE Region 1580, top_bitmap: 0x00000000f1600000
[0.227s][debug][gc                   ] GC(0) SMC:clear_bitmap for FREE Region 1574, top_bitmap: 0x00000000f1300000
[0.227s][debug][gc                   ] GC(0) SMC:clear_bitmap for FREE Region 1566, top_bitmap: 0x00000000f0f00000
[0.227s][debug][gc                   ] GC(0) SMC:clear_bitmap for FREE Region 1584, top_bitmap: 0x00000000f1800000
[0.227s][debug][gc                   ] GC(0) SMC:clear_bitmap for FREE Region 1585, top_bitmap: 0x00000000f1880000
[0.227s][debug][gc                   ] GC(0) SMC:clear_bitmap for FREE Region 1524, top_bitmap: 0x00000000efa00000
[0.227s][debug][gc                   ] GC(0) SMC:clear_bitmap for FREE Region 1586, top_bitmap: 0x00000000f1900000
[0.227s][debug][gc                   ] GC(0) SMC:clear_bitmap for FREE Region 1587, top_bitmap: 0x00000000f1980000
[0.227s][debug][gc                   ] GC(0) SMC:clear_bitmap for FREE Region 1558, top_bitmap: 0x00000000f0b00000
[0.227s][debug][gc                   ] GC(0) SMC:clear_bitmap for FREE Region 1589, top_bitmap: 0x00000000f1a80000
[0.227s][debug][gc                   ] GC(0) SMC:clear_bitmap for FREE Region 1581, top_bitmap: 0x00000000f1680000
[0.227s][debug][gc                   ] GC(0) SMC:clear_bitmap for FREE Region 1582, top_bitmap: 0x00000000f1700000
[0.227s][debug][gc                   ] GC(0) SMC:clear_bitmap for FREE Region 1592, top_bitmap: 0x00000000f1c00000
[0.227s][debug][gc                   ] Setting affiliation of Region 475 from FREE to YOUNG, top: 0x00000000ced80000, TAMS: 0x00000000ced80000, watermark: 0x00000000ced80000, top_bitmap: 0x00000000ced80000
[0.227s][debug][gc                   ] Setting affiliation of Region 476 from FREE to YOUNG, top: 0x00000000cee00000, TAMS: 0x00000000cee00000, watermark: 0x00000000cee00000, top_bitmap: 0x00000000cee00000
[0.227s][debug][gc                   ] GC(0) SMC:clear_bitmap for FREE Region 1590, top_bitmap: 0x00000000f1b00000
[0.227s][debug][gc                   ] GC(0) SMC:clear_bitmap for FREE Region 1595, top_bitmap: 0x00000000f1d80000
[0.227s][debug][gc                   ] GC(0) SMC:clear_bitmap for FREE Region 1596, top_bitmap: 0x00000000f1e00000
[0.227s][debug][gc                   ] GC(0) SMC:clear_bitmap for FREE Region 1597, top_bitmap: 0x00000000f1e80000
[0.227s][debug][gc                   ] GC(0) SMC:clear_bitmap for FREE Region 1598, top_bitmap: 0x00000000f1f00000
[0.227s][debug][gc                   ] GC(0) SMC:clear_bitmap for FREE Region 1575, top_bitmap: 0x00000000f1380000
[0.227s][debug][gc                   ] GC(0) SMC:clear_bitmap for FREE Region 1600, top_bitmap: 0x00000000f2000000
[0.227s][debug][gc                   ] GC(0) SMC:clear_bitmap for FREE Region 1601, top_bitmap: 0x00000000f2080000
[0.227s][debug][gc                   ] GC(0) SMC:clear_bitmap for FREE Region 1602, top_bitmap: 0x00000000f2100000
[0.227s][debug][gc                   ] GC(0) SMC:clear_bitmap for FREE Region 1591, top_bitmap: 0x00000000f1b80000
[0.227s][debug][gc                   ] GC(0) SMC:clear_bitmap for FREE Region 1604, top_bitmap: 0x00000000f2200000
[0.227s][debug][gc                   ] GC(0) SMC:clear_bitmap for FREE Region 1605, top_bitmap: 0x00000000f2280000
[0.227s][debug][gc                   ] GC(0) SMC:clear_bitmap for FREE Region 1606, top_bitmap: 0x00000000f2300000
[0.227s][debug][gc                   ] GC(0) SMC:clear_bitmap for FREE Region 1607, top_bitmap: 0x00000000f2380000
[0.227s][debug][gc                   ] GC(0) SMC:clear_bitmap for FREE Region 1608, top_bitmap: 0x00000000f2400000
[0.227s][debug][gc                   ] GC(0) SMC:clear_bitmap for FREE Region 1609, top_bitmap: 0x00000000f2480000
[0.227s][debug][gc                   ] GC(0) SMC:clear_bitmap for FREE Region 1610, top_bitmap: 0x00000000f2500000
[0.227s][debug][gc                   ] GC(0) SMC:clear_bitmap for FREE Region 1611, top_bitmap: 0x00000000f2580000
[0.227s][debug][gc                   ] GC(0) SMC:clear_bitmap for FREE Region 1612, top_bitmap: 0x00000000f2600000
[0.227s][debug][gc                   ] GC(0) SMC:clear_bitmap for FREE Region 1613, top_bitmap: 0x00000000f2680000
[0.227s][debug][gc                   ] GC(0) SMC:clear_bitmap for FREE Region 1614, top_bitmap: 0x00000000f2700000
[0.227s][debug][gc                   ] GC(0) SMC:clear_bitmap for FREE Region 1615, top_bitmap: 0x00000000f2780000
[0.227s][debug][gc                   ] GC(0) SMC:clear_bitmap for FREE Region 1616, top_bitmap: 0x00000000f2800000
[0.227s][debug][gc                   ] GC(0) SMC:clear_bitmap for FREE Region 1617, top_bitmap: 0x00000000f2880000
[0.227s][debug][gc                   ] GC(0) SMC:clear_bitmap for FREE Region 1618, top_bitmap: 0x00000000f2900000
[0.227s][debug][gc                   ] GC(0) SMC:clear_bitmap for FREE Region 1619, top_bitmap: 0x00000000f2980000
[0.227s][debug][gc                   ] GC(0) SMC:clear_bitmap for FREE Region 1620, top_bitmap: 0x00000000f2a00000
[0.227s][debug][gc                   ] GC(0) SMC:clear_bitmap for FREE Region 1588, top_bitmap: 0x00000000f1a00000
[0.227s][debug][gc                   ] GC(0) SMC:clear_bitmap for FREE Region 1621, top_bitmap: 0x00000000f2a80000
[0.227s][debug][gc                   ] GC(0) SMC:clear_bitmap for FREE Region 1622, top_bitmap: 0x00000000f2b00000
[0.227s][debug][gc                   ] GC(0) SMC:clear_bitmap for FREE Region 1623, top_bitmap: 0x00000000f2b80000
[0.227s][debug][gc                   ] GC(0) SMC:clear_bitmap for FREE Region 1599, top_bitmap: 0x00000000f1f80000
[0.227s][debug][gc                   ] GC(0) SMC:clear_bitmap for FREE Region 1625, top_bitmap: 0x00000000f2c80000
[0.227s][debug][gc                   ] GC(0) SMC:clear_bitmap for FREE Region 1603, top_bitmap: 0x00000000f2180000
[0.227s][debug][gc                   ] GC(0) SMC:clear_bitmap for FREE Region 1593, top_bitmap: 0x00000000f1c80000
[0.227s][debug][gc                   ] GC(0) SMC:clear_bitmap for FREE Region 1628, top_bitmap: 0x00000000f2e00000
[0.227s][debug][gc                   ] GC(0) SMC:clear_bitmap for FREE Region 1624, top_bitmap: 0x00000000f2c00000
[0.227s][debug][gc                   ] GC(0) SMC:clear_bitmap for FREE Region 1568, top_bitmap: 0x00000000f1000000
[0.227s][debug][gc                   ] GC(0) SMC:clear_bitmap for FREE Region 1626, top_bitmap: 0x00000000f2d00000
[0.227s][debug][gc                   ] GC(0) SMC:clear_bitmap for FREE Region 1632, top_bitmap: 0x00000000f3000000
[0.227s][debug][gc                   ] GC(0) SMC:clear_bitmap for FREE Region 1633, top_bitmap: 0x00000000f3080000
[0.227s][debug][gc                   ] GC(0) SMC:clear_bitmap for FREE Region 1583, top_bitmap: 0x00000000f1780000
[0.227s][debug][gc                   ] GC(0) SMC:clear_bitmap for FREE Region 1630, top_bitmap: 0x00000000f2f00000
[0.227s][debug][gc                   ] GC(0) SMC:clear_bitmap for FREE Region 1631, top_bitmap: 0x00000000f2f80000
[0.227s][debug][gc                   ] GC(0) SMC:clear_bitmap for FREE Region 1638, top_bitmap: 0x00000000f3300000
[0.227s][debug][gc                   ] GC(0) SMC:clear_bitmap for FREE Region 1639, top_bitmap: 0x00000000f3380000
[0.227s][debug][gc                   ] GC(0) SMC:clear_bitmap for FREE Region 1640, top_bitmap: 0x00000000f3400000
[0.227s][debug][gc                   ] GC(0) SMC:clear_bitmap for FREE Region 1641, top_bitmap: 0x00000000f3480000
[0.227s][debug][gc                   ] GC(0) SMC:clear_bitmap for FREE Region 1594, top_bitmap: 0x00000000f1d00000
[0.227s][debug][gc                   ] GC(0) SMC:clear_bitmap for FREE Region 1629, top_bitmap: 0x00000000f2e80000
[0.227s][debug][gc                   ] GC(0) SMC:clear_bitmap for FREE Region 1636, top_bitmap: 0x00000000f3200000
[0.227s][debug][gc                   ] GC(0) SMC:clear_bitmap for FREE Region 1637, top_bitmap: 0x00000000f3280000
[0.227s][debug][gc                   ] GC(0) SMC:clear_bitmap for FREE Region 1646, top_bitmap: 0x00000000f3700000
[0.227s][debug][gc                   ] GC(0) SMC:clear_bitmap for FREE Region 1634, top_bitmap: 0x00000000f3100000
[0.227s][debug][gc                   ] GC(0) SMC:clear_bitmap for FREE Region 1627, top_bitmap: 0x00000000f2d80000
[0.227s][debug][gc                   ] GC(0) SMC:clear_bitmap for FREE Region 1649, top_bitmap: 0x00000000f3880000
[0.227s][debug][gc                   ] GC(0) SMC:clear_bitmap for FREE Region 1650, top_bitmap: 0x00000000f3900000
[0.227s][debug][gc                   ] GC(0) SMC:clear_bitmap for FREE Region 1642, top_bitmap: 0x00000000f3500000
[0.227s][debug][gc                   ] GC(0) SMC:clear_bitmap for FREE Region 1643, top_bitmap: 0x00000000f3580000
[0.227s][debug][gc                   ] GC(0) SMC:clear_bitmap for FREE Region 1653, top_bitmap: 0x00000000f3a80000
[0.227s][debug][gc                   ] GC(0) SMC:clear_bitmap for FREE Region 1654, top_bitmap: 0x00000000f3b00000
[0.227s][debug][gc                   ] GC(0) SMC:clear_bitmap for FREE Region 1644, top_bitmap: 0x00000000f3600000
[0.227s][debug][gc                   ] GC(0) SMC:clear_bitmap for FREE Region 1647, top_bitmap: 0x00000000f3780000
[0.227s][debug][gc                   ] GC(0) SMC:clear_bitmap for FREE Region 1657, top_bitmap: 0x00000000f3c80000
[0.227s][debug][gc                   ] GC(0) SMC:clear_bitmap for FREE Region 1635, top_bitmap: 0x00000000f3180000
[0.227s][debug][gc                   ] GC(0) SMC:clear_bitmap for FREE Region 1659, top_bitmap: 0x00000000f3d80000
[0.227s][debug][gc                   ] GC(0) SMC:clear_bitmap for FREE Region 1660, top_bitmap: 0x00000000f3e00000
[0.227s][debug][gc                   ] GC(0) SMC:clear_bitmap for FREE Region 1661, top_bitmap: 0x00000000f3e80000
[0.227s][debug][gc                   ] GC(0) SMC:clear_bitmap for FREE Region 1652, top_bitmap: 0x00000000f3a00000
[0.227s][debug][gc                   ] GC(0) SMC:clear_bitmap for FREE Region 1663, top_bitmap: 0x00000000f3f80000
[0.227s][debug][gc                   ] GC(0) SMC:clear_bitmap for FREE Region 1664, top_bitmap: 0x00000000f4000000
[0.227s][debug][gc                   ] GC(0) SMC:clear_bitmap for FREE Region 1665, top_bitmap: 0x00000000f4080000
[0.227s][debug][gc                   ] GC(0) SMC:clear_bitmap for FREE Region 1666, top_bitmap: 0x00000000f4100000
[0.227s][debug][gc                   ] GC(0) SMC:clear_bitmap for FREE Region 1667, top_bitmap: 0x00000000f4180000
[0.227s][debug][gc                   ] GC(0) SMC:clear_bitmap for FREE Region 1668, top_bitmap: 0x00000000f4200000
[0.227s][debug][gc                   ] GC(0) SMC:clear_bitmap for FREE Region 1669, top_bitmap: 0x00000000f4280000
[0.227s][debug][gc                   ] GC(0) SMC:clear_bitmap for FREE Region 1656, top_bitmap: 0x00000000f3c00000
[0.227s][debug][gc                   ] GC(0) SMC:clear_bitmap for FREE Region 1671, top_bitmap: 0x00000000f4380000
[0.227s][debug][gc                   ] GC(0) SMC:clear_bitmap for FREE Region 1672, top_bitmap: 0x00000000f4400000
[0.227s][debug][gc                   ] GC(0) SMC:clear_bitmap for FREE Region 1673, top_bitmap: 0x00000000f4480000
[0.227s][debug][gc                   ] GC(0) SMC:clear_bitmap for FREE Region 1674, top_bitmap: 0x00000000f4500000
[0.227s][debug][gc                   ] GC(0) SMC:clear_bitmap for FREE Region 1648, top_bitmap: 0x00000000f3800000
[0.227s][debug][gc                   ] GC(0) SMC:clear_bitmap for FREE Region 1676, top_bitmap: 0x00000000f4600000
[0.227s][debug][gc                   ] GC(0) SMC:clear_bitmap for FREE Region 1677, top_bitmap: 0x00000000f4680000
[0.227s][debug][gc                   ] GC(0) SMC:clear_bitmap for FREE Region 1678, top_bitmap: 0x00000000f4700000
[0.227s][debug][gc                   ] GC(0) SMC:clear_bitmap for FREE Region 1651, top_bitmap: 0x00000000f3980000
[0.227s][debug][gc                   ] GC(0) SMC:clear_bitmap for FREE Region 1662, top_bitmap: 0x00000000f3f00000
[0.227s][debug][gc                   ] GC(0) SMC:clear_bitmap for FREE Region 1680, top_bitmap: 0x00000000f4800000
[0.227s][debug][gc                   ] GC(0) SMC:clear_bitmap for FREE Region 1645, top_bitmap: 0x00000000f3680000
[0.227s][debug][gc                   ] GC(0) SMC:clear_bitmap for FREE Region 1683, top_bitmap: 0x00000000f4980000
[0.227s][debug][gc                   ] GC(0) SMC:clear_bitmap for FREE Region 1684, top_bitmap: 0x00000000f4a00000
[0.227s][debug][gc                   ] GC(0) SMC:clear_bitmap for FREE Region 1685, top_bitmap: 0x00000000f4a80000
[0.227s][debug][gc                   ] Setting affiliation of Region 477 from FREE to YOUNG, top: 0x00000000cee80000, TAMS: 0x00000000cee80000, watermark: 0x00000000cee80000, top_bitmap: 0x00000000cee80000
[0.227s][debug][gc                   ] Setting affiliation of Region 478 from FREE to YOUNG, top: 0x00000000cef00000, TAMS: 0x00000000cef00000, watermark: 0x00000000cef00000, top_bitmap: 0x00000000cef00000
[0.227s][debug][gc                   ] GC(0) SMC:clear_bitmap for FREE Region 1679, top_bitmap: 0x00000000f4780000
[0.227s][debug][gc                   ] GC(0) SMC:clear_bitmap for FREE Region 1687, top_bitmap: 0x00000000f4b80000
[0.227s][debug][gc                   ] GC(0) SMC:clear_bitmap for FREE Region 1688, top_bitmap: 0x00000000f4c00000
[0.227s][debug][gc                   ] GC(0) SMC:clear_bitmap for FREE Region 1689, top_bitmap: 0x00000000f4c80000
[0.227s][debug][gc                   ] GC(0) SMC:clear_bitmap for FREE Region 1690, top_bitmap: 0x00000000f4d00000
[0.227s][debug][gc                   ] GC(0) SMC:clear_bitmap for FREE Region 1691, top_bitmap: 0x00000000f4d80000
[0.227s][debug][gc                   ] GC(0) SMC:clear_bitmap for FREE Region 1692, top_bitmap: 0x00000000f4e00000
[0.227s][debug][gc                   ] GC(0) SMC:clear_bitmap for FREE Region 1693, top_bitmap: 0x00000000f4e80000
[0.227s][debug][gc                   ] GC(0) SMC:clear_bitmap for FREE Region 1694, top_bitmap: 0x00000000f4f00000
[0.227s][debug][gc                   ] GC(0) SMC:clear_bitmap for FREE Region 1695, top_bitmap: 0x00000000f4f80000
[0.227s][debug][gc                   ] GC(0) SMC:clear_bitmap for FREE Region 1696, top_bitmap: 0x00000000f5000000
[0.227s][debug][gc                   ] GC(0) SMC:clear_bitmap for FREE Region 1697, top_bitmap: 0x00000000f5080000
[0.227s][debug][gc                   ] GC(0) SMC:clear_bitmap for FREE Region 1682, top_bitmap: 0x00000000f4900000
[0.227s][debug][gc                   ] GC(0) SMC:clear_bitmap for FREE Region 1699, top_bitmap: 0x00000000f5180000
[0.227s][debug][gc                   ] GC(0) SMC:clear_bitmap for FREE Region 1700, top_bitmap: 0x00000000f5200000
[0.227s][debug][gc                   ] GC(0) SMC:clear_bitmap for FREE Region 1701, top_bitmap: 0x00000000f5280000
[0.227s][debug][gc                   ] GC(0) SMC:clear_bitmap for FREE Region 1702, top_bitmap: 0x00000000f5300000
[0.227s][debug][gc                   ] GC(0) SMC:clear_bitmap for FREE Region 1655, top_bitmap: 0x00000000f3b80000
[0.227s][debug][gc                   ] GC(0) SMC:clear_bitmap for FREE Region 1704, top_bitmap: 0x00000000f5400000
[0.227s][debug][gc                   ] GC(0) SMC:clear_bitmap for FREE Region 1705, top_bitmap: 0x00000000f5480000
[0.227s][debug][gc                   ] GC(0) SMC:clear_bitmap for FREE Region 1706, top_bitmap: 0x00000000f5500000
[0.227s][debug][gc                   ] GC(0) SMC:clear_bitmap for FREE Region 1707, top_bitmap: 0x00000000f5580000
[0.227s][debug][gc                   ] GC(0) SMC:clear_bitmap for FREE Region 1675, top_bitmap: 0x00000000f4580000
[0.227s][debug][gc                   ] GC(0) SMC:clear_bitmap for FREE Region 1708, top_bitmap: 0x00000000f5600000
[0.227s][debug][gc                   ] GC(0) SMC:clear_bitmap for FREE Region 1709, top_bitmap: 0x00000000f5680000
[0.227s][debug][gc                   ] GC(0) SMC:clear_bitmap for FREE Region 1658, top_bitmap: 0x00000000f3d00000
[0.227s][debug][gc                   ] GC(0) SMC:clear_bitmap for FREE Region 1681, top_bitmap: 0x00000000f4880000
[0.227s][debug][gc                   ] GC(0) SMC:clear_bitmap for FREE Region 1670, top_bitmap: 0x00000000f4300000
[0.227s][debug][gc                   ] GC(0) SMC:clear_bitmap for FREE Region 1714, top_bitmap: 0x00000000f5900000
[0.227s][debug][gc                   ] GC(0) SMC:clear_bitmap for FREE Region 1715, top_bitmap: 0x00000000f5980000
[0.227s][debug][gc                   ] GC(0) SMC:clear_bitmap for FREE Region 1698, top_bitmap: 0x00000000f5100000
[0.227s][debug][gc                   ] GC(0) SMC:clear_bitmap for FREE Region 1703, top_bitmap: 0x00000000f5380000
[0.227s][debug][gc                   ] GC(0) SMC:clear_bitmap for FREE Region 1686, top_bitmap: 0x00000000f4b00000
[0.227s][debug][gc                   ] GC(0) SMC:clear_bitmap for FREE Region 1719, top_bitmap: 0x00000000f5b80000
[0.227s][debug][gc                   ] GC(0) SMC:clear_bitmap for FREE Region 1712, top_bitmap: 0x00000000f5800000
[0.227s][debug][gc                   ] GC(0) SMC:clear_bitmap for FREE Region 1721, top_bitmap: 0x00000000f5c80000
[0.227s][debug][gc                   ] GC(0) SMC:clear_bitmap for FREE Region 1722, top_bitmap: 0x00000000f5d00000
[0.227s][debug][gc                   ] GC(0) SMC:clear_bitmap for FREE Region 1723, top_bitmap: 0x00000000f5d80000
[0.227s][debug][gc                   ] GC(0) SMC:clear_bitmap for FREE Region 1724, top_bitmap: 0x00000000f5e00000
[0.227s][debug][gc                   ] GC(0) SMC:clear_bitmap for FREE Region 1725, top_bitmap: 0x00000000f5e80000
[0.227s][debug][gc                   ] GC(0) SMC:clear_bitmap for FREE Region 1710, top_bitmap: 0x00000000f5700000
[0.227s][debug][gc                   ] GC(0) SMC:clear_bitmap for FREE Region 1726, top_bitmap: 0x00000000f5f00000
[0.227s][debug][gc                   ] GC(0) SMC:clear_bitmap for FREE Region 1727, top_bitmap: 0x00000000f5f80000
[0.227s][debug][gc                   ] GC(0) SMC:clear_bitmap for FREE Region 1711, top_bitmap: 0x00000000f5780000
[0.227s][debug][gc                   ] GC(0) SMC:clear_bitmap for FREE Region 1720, top_bitmap: 0x00000000f5c00000
[0.227s][debug][gc                   ] GC(0) SMC:clear_bitmap for FREE Region 1713, top_bitmap: 0x00000000f5880000
[0.227s][debug][gc                   ] GC(0) SMC:clear_bitmap for FREE Region 1716, top_bitmap: 0x00000000f5a00000
[0.227s][debug][gc                   ] GC(0) SMC:clear_bitmap for FREE Region 1733, top_bitmap: 0x00000000f6280000
[0.227s][debug][gc                   ] GC(0) SMC:clear_bitmap for FREE Region 1718, top_bitmap: 0x00000000f5b00000
[0.227s][debug][gc                   ] GC(0) SMC:clear_bitmap for FREE Region 1728, top_bitmap: 0x00000000f6000000
[0.227s][debug][gc                   ] GC(0) SMC:clear_bitmap for FREE Region 1735, top_bitmap: 0x00000000f6380000
[0.227s][debug][gc                   ] GC(0) SMC:clear_bitmap for FREE Region 1737, top_bitmap: 0x00000000f6480000
[0.227s][debug][gc                   ] GC(0) SMC:clear_bitmap for FREE Region 1730, top_bitmap: 0x00000000f6100000
[0.227s][debug][gc                   ] GC(0) SMC:clear_bitmap for FREE Region 1731, top_bitmap: 0x00000000f6180000
[0.227s][debug][gc                   ] GC(0) SMC:clear_bitmap for FREE Region 1740, top_bitmap: 0x00000000f6600000
[0.227s][debug][gc                   ] GC(0) SMC:clear_bitmap for FREE Region 1717, top_bitmap: 0x00000000f5a80000
[0.227s][debug][gc                   ] GC(0) SMC:clear_bitmap for FREE Region 1741, top_bitmap: 0x00000000f6680000
[0.227s][debug][gc                   ] GC(0) SMC:clear_bitmap for FREE Region 1742, top_bitmap: 0x00000000f6700000
[0.227s][debug][gc                   ] GC(0) SMC:clear_bitmap for FREE Region 1729, top_bitmap: 0x00000000f6080000
[0.227s][debug][gc                   ] GC(0) SMC:clear_bitmap for FREE Region 1745, top_bitmap: 0x00000000f6880000
[0.227s][debug][gc                   ] GC(0) SMC:clear_bitmap for FREE Region 1732, top_bitmap: 0x00000000f6200000
[0.227s][debug][gc                   ] GC(0) SMC:clear_bitmap for FREE Region 1747, top_bitmap: 0x00000000f6980000
[0.227s][debug][gc                   ] GC(0) SMC:clear_bitmap for FREE Region 1748, top_bitmap: 0x00000000f6a00000
[0.227s][debug][gc                   ] GC(0) SMC:clear_bitmap for FREE Region 1739, top_bitmap: 0x00000000f6580000
[0.227s][debug][gc                   ] GC(0) SMC:clear_bitmap for FREE Region 1734, top_bitmap: 0x00000000f6300000
[0.227s][debug][gc                   ] GC(0) SMC:clear_bitmap for FREE Region 1751, top_bitmap: 0x00000000f6b80000
[0.227s][debug][gc                   ] GC(0) SMC:clear_bitmap for FREE Region 1752, top_bitmap: 0x00000000f6c00000
[0.227s][debug][gc                   ] GC(0) SMC:clear_bitmap for FREE Region 1753, top_bitmap: 0x00000000f6c80000
[0.227s][debug][gc                   ] GC(0) SMC:clear_bitmap for FREE Region 1738, top_bitmap: 0x00000000f6500000
[0.227s][debug][gc                   ] GC(0) SMC:clear_bitmap for FREE Region 1746, top_bitmap: 0x00000000f6900000
[0.227s][debug][gc                   ] GC(0) SMC:clear_bitmap for FREE Region 1749, top_bitmap: 0x00000000f6a80000
[0.227s][debug][gc                   ] GC(0) SMC:clear_bitmap for FREE Region 1757, top_bitmap: 0x00000000f6e80000
[0.227s][debug][gc                   ] GC(0) SMC:clear_bitmap for FREE Region 1743, top_bitmap: 0x00000000f6780000
[0.227s][trace][gc,tlab              ] ThreadLocalAllocBuffer::compute_size(163002) returns failure
[0.227s][debug][gc                   ] GC(0) SMC:clear_bitmap for FREE Region 1759, top_bitmap: 0x00000000f6f80000
[0.227s][debug][gc                   ] Setting affiliation of Region 479 from FREE to YOUNG, top: 0x00000000cef80000, TAMS: 0x00000000cef80000, watermark: 0x00000000cef80000, top_bitmap: 0x00000000cef80000
[0.227s][debug][gc                   ] GC(0) SMC:clear_bitmap for FREE Region 1754, top_bitmap: 0x00000000f6d00000
[0.227s][debug][gc                   ] GC(0) SMC:clear_bitmap for FREE Region 1761, top_bitmap: 0x00000000f7080000
[0.227s][debug][gc                   ] GC(0) SMC:clear_bitmap for FREE Region 1762, top_bitmap: 0x00000000f7100000
[0.227s][debug][gc                   ] GC(0) SMC:clear_bitmap for FREE Region 1758, top_bitmap: 0x00000000f6f00000
[0.227s][debug][gc                   ] GC(0) SMC:clear_bitmap for FREE Region 1764, top_bitmap: 0x00000000f7200000
[0.227s][debug][gc                   ] GC(0) SMC:clear_bitmap for FREE Region 1765, top_bitmap: 0x00000000f7280000
[0.227s][debug][gc                   ] GC(0) SMC:clear_bitmap for FREE Region 1760, top_bitmap: 0x00000000f7000000
[0.228s][debug][gc                   ] GC(0) SMC:clear_bitmap for FREE Region 1767, top_bitmap: 0x00000000f7380000
[0.228s][debug][gc                   ] GC(0) SMC:clear_bitmap for FREE Region 1768, top_bitmap: 0x00000000f7400000
[0.228s][debug][gc                   ] GC(0) SMC:clear_bitmap for FREE Region 1769, top_bitmap: 0x00000000f7480000
[0.227s][debug][gc                   ] GC(0) SMC:clear_bitmap for FREE Region 1744, top_bitmap: 0x00000000f6800000
[0.228s][debug][gc                   ] GC(0) SMC:clear_bitmap for FREE Region 1770, top_bitmap: 0x00000000f7500000
[0.228s][debug][gc                   ] GC(0) SMC:clear_bitmap for FREE Region 1771, top_bitmap: 0x00000000f7580000
[0.228s][debug][gc                   ] GC(0) SMC:clear_bitmap for FREE Region 1772, top_bitmap: 0x00000000f7600000
[0.227s][debug][gc                   ] Setting affiliation of Region 480 from FREE to YOUNG, top: 0x00000000cf000000, TAMS: 0x00000000cf000000, watermark: 0x00000000cf000000, top_bitmap: 0x00000000cf000000
[0.228s][debug][gc                   ] Setting affiliation of Region 481 from FREE to YOUNG, top: 0x00000000cf080000, TAMS: 0x00000000cf080000, watermark: 0x00000000cf080000, top_bitmap: 0x00000000cf080000
[0.227s][debug][gc                   ] GC(0) SMC:clear_bitmap for FREE Region 1756, top_bitmap: 0x00000000f6e00000
[0.227s][debug][gc                   ] GC(0) SMC:clear_bitmap for FREE Region 1763, top_bitmap: 0x00000000f7180000
[0.228s][debug][gc                   ] GC(0) SMC:clear_bitmap for FREE Region 1776, top_bitmap: 0x00000000f7800000
[0.228s][debug][gc                   ] GC(0) SMC:clear_bitmap for FREE Region 1777, top_bitmap: 0x00000000f7880000
[0.227s][debug][gc                   ] GC(0) SMC:clear_bitmap for FREE Region 1766, top_bitmap: 0x00000000f7300000
[0.228s][debug][gc                   ] GC(0) SMC:clear_bitmap for FREE Region 1779, top_bitmap: 0x00000000f7980000
[0.228s][debug][gc                   ] GC(0) SMC:clear_bitmap for FREE Region 1780, top_bitmap: 0x00000000f7a00000
[0.228s][debug][gc                   ] GC(0) SMC:clear_bitmap for FREE Region 1781, top_bitmap: 0x00000000f7a80000
[0.227s][debug][gc                   ] GC(0) SMC:clear_bitmap for FREE Region 1736, top_bitmap: 0x00000000f6400000
[0.228s][debug][gc                   ] GC(0) SMC:clear_bitmap for FREE Region 1783, top_bitmap: 0x00000000f7b80000
[0.228s][debug][gc                   ] GC(0) SMC:clear_bitmap for FREE Region 1784, top_bitmap: 0x00000000f7c00000
[0.228s][debug][gc                   ] GC(0) SMC:clear_bitmap for FREE Region 1785, top_bitmap: 0x00000000f7c80000
[0.228s][debug][gc                   ] GC(0) SMC:clear_bitmap for FREE Region 1775, top_bitmap: 0x00000000f7780000
[0.228s][debug][gc                   ] GC(0) SMC:clear_bitmap for FREE Region 1786, top_bitmap: 0x00000000f7d00000
[0.228s][debug][gc                   ] GC(0) SMC:clear_bitmap for FREE Region 1787, top_bitmap: 0x00000000f7d80000
[0.227s][debug][gc                   ] GC(0) SMC:clear_bitmap for FREE Region 1750, top_bitmap: 0x00000000f6b00000
[0.228s][debug][gc                   ] GC(0) SMC:clear_bitmap for FREE Region 1778, top_bitmap: 0x00000000f7900000
[0.228s][debug][gc                   ] GC(0) SMC:clear_bitmap for FREE Region 1782, top_bitmap: 0x00000000f7b00000
[0.228s][debug][gc                   ] GC(0) SMC:clear_bitmap for FREE Region 1792, top_bitmap: 0x00000000f8000000
[0.228s][debug][gc                   ] GC(0) SMC:clear_bitmap for FREE Region 1793, top_bitmap: 0x00000000f8080000
[0.228s][debug][gc                   ] GC(0) SMC:clear_bitmap for FREE Region 1794, top_bitmap: 0x00000000f8100000
[0.228s][debug][gc                   ] GC(0) SMC:clear_bitmap for FREE Region 1795, top_bitmap: 0x00000000f8180000
[0.228s][debug][gc                   ] GC(0) SMC:clear_bitmap for FREE Region 1788, top_bitmap: 0x00000000f7e00000
[0.228s][debug][gc                   ] GC(0) SMC:clear_bitmap for FREE Region 1797, top_bitmap: 0x00000000f8280000
[0.228s][debug][gc                   ] GC(0) SMC:clear_bitmap for FREE Region 1773, top_bitmap: 0x00000000f7680000
[0.228s][debug][gc                   ] GC(0) SMC:clear_bitmap for FREE Region 1790, top_bitmap: 0x00000000f7f00000
[0.228s][debug][gc                   ] GC(0) SMC:clear_bitmap for FREE Region 1791, top_bitmap: 0x00000000f7f80000
[0.228s][debug][gc                   ] GC(0) SMC:clear_bitmap for FREE Region 1800, top_bitmap: 0x00000000f8400000
[0.228s][debug][gc                   ] GC(0) SMC:clear_bitmap for FREE Region 1801, top_bitmap: 0x00000000f8480000
[0.228s][debug][gc                   ] GC(0) SMC:clear_bitmap for FREE Region 1802, top_bitmap: 0x00000000f8500000
[0.227s][debug][gc                   ] GC(0) SMC:clear_bitmap for FREE Region 1755, top_bitmap: 0x00000000f6d80000
[0.228s][debug][gc                   ] GC(0) SMC:clear_bitmap for FREE Region 1804, top_bitmap: 0x00000000f8600000
[0.228s][debug][gc                   ] GC(0) SMC:clear_bitmap for FREE Region 1805, top_bitmap: 0x00000000f8680000
[0.228s][debug][gc                   ] GC(0) SMC:clear_bitmap for FREE Region 1789, top_bitmap: 0x00000000f7e80000
[0.228s][debug][gc                   ] GC(0) SMC:clear_bitmap for FREE Region 1799, top_bitmap: 0x00000000f8380000
[0.228s][debug][gc                   ] GC(0) SMC:clear_bitmap for FREE Region 1809, top_bitmap: 0x00000000f8880000
[0.228s][debug][gc                   ] GC(0) SMC:clear_bitmap for FREE Region 1803, top_bitmap: 0x00000000f8580000
[0.228s][debug][gc                   ] GC(0) SMC:clear_bitmap for FREE Region 1806, top_bitmap: 0x00000000f8700000
[0.228s][debug][gc                   ] GC(0) SMC:clear_bitmap for FREE Region 1796, top_bitmap: 0x00000000f8200000
[0.228s][debug][gc                   ] GC(0) SMC:clear_bitmap for FREE Region 1813, top_bitmap: 0x00000000f8a80000
[0.228s][debug][gc                   ] GC(0) SMC:clear_bitmap for FREE Region 1814, top_bitmap: 0x00000000f8b00000
[0.228s][debug][gc                   ] GC(0) SMC:clear_bitmap for FREE Region 1815, top_bitmap: 0x00000000f8b80000
[0.228s][debug][gc                   ] GC(0) SMC:clear_bitmap for FREE Region 1798, top_bitmap: 0x00000000f8300000
[0.228s][debug][gc                   ] GC(0) SMC:clear_bitmap for FREE Region 1817, top_bitmap: 0x00000000f8c80000
[0.228s][debug][gc                   ] GC(0) SMC:clear_bitmap for FREE Region 1818, top_bitmap: 0x00000000f8d00000
[0.228s][debug][gc                   ] GC(0) SMC:clear_bitmap for FREE Region 1774, top_bitmap: 0x00000000f7700000
[0.228s][debug][gc                   ] GC(0) SMC:clear_bitmap for FREE Region 1820, top_bitmap: 0x00000000f8e00000
[0.228s][debug][gc                   ] GC(0) SMC:clear_bitmap for FREE Region 1821, top_bitmap: 0x00000000f8e80000
[0.228s][debug][gc                   ] GC(0) SMC:clear_bitmap for FREE Region 1822, top_bitmap: 0x00000000f8f00000
[0.228s][debug][gc                   ] GC(0) SMC:clear_bitmap for FREE Region 1812, top_bitmap: 0x00000000f8a00000
[0.228s][debug][gc                   ] GC(0) SMC:clear_bitmap for FREE Region 1807, top_bitmap: 0x00000000f8780000
[0.228s][debug][gc                   ] GC(0) SMC:clear_bitmap for FREE Region 1825, top_bitmap: 0x00000000f9080000
[0.228s][debug][gc                   ] GC(0) SMC:clear_bitmap for FREE Region 1816, top_bitmap: 0x00000000f8c00000
[0.228s][debug][gc                   ] GC(0) SMC:clear_bitmap for FREE Region 1827, top_bitmap: 0x00000000f9180000
[0.228s][debug][gc                   ] GC(0) SMC:clear_bitmap for FREE Region 1810, top_bitmap: 0x00000000f8900000
[0.228s][debug][gc                   ] GC(0) SMC:clear_bitmap for FREE Region 1828, top_bitmap: 0x00000000f9200000
[0.228s][debug][gc                   ] GC(0) SMC:clear_bitmap for FREE Region 1819, top_bitmap: 0x00000000f8d80000
[0.228s][debug][gc                   ] GC(0) SMC:clear_bitmap for FREE Region 1811, top_bitmap: 0x00000000f8980000
[0.228s][debug][gc                   ] GC(0) SMC:clear_bitmap for FREE Region 1823, top_bitmap: 0x00000000f8f80000
[0.228s][debug][gc                   ] GC(0) SMC:clear_bitmap for FREE Region 1808, top_bitmap: 0x00000000f8800000
[0.228s][debug][gc                   ] GC(0) SMC:clear_bitmap for FREE Region 1834, top_bitmap: 0x00000000f9500000
[0.228s][debug][gc                   ] GC(0) SMC:clear_bitmap for FREE Region 1829, top_bitmap: 0x00000000f9280000
[0.228s][debug][gc                   ] GC(0) SMC:clear_bitmap for FREE Region 1836, top_bitmap: 0x00000000f9600000
[0.228s][debug][gc                   ] GC(0) SMC:clear_bitmap for FREE Region 1837, top_bitmap: 0x00000000f9680000
[0.228s][debug][gc                   ] GC(0) SMC:clear_bitmap for FREE Region 1831, top_bitmap: 0x00000000f9380000
[0.228s][debug][gc                   ] GC(0) SMC:clear_bitmap for FREE Region 1824, top_bitmap: 0x00000000f9000000
[0.228s][debug][gc                   ] GC(0) SMC:clear_bitmap for FREE Region 1840, top_bitmap: 0x00000000f9800000
[0.228s][debug][gc                   ] GC(0) SMC:clear_bitmap for FREE Region 1832, top_bitmap: 0x00000000f9400000
[0.228s][debug][gc                   ] GC(0) SMC:clear_bitmap for FREE Region 1841, top_bitmap: 0x00000000f9880000
[0.228s][debug][gc                   ] GC(0) SMC:clear_bitmap for FREE Region 1842, top_bitmap: 0x00000000f9900000
[0.228s][debug][gc                   ] GC(0) SMC:clear_bitmap for FREE Region 1826, top_bitmap: 0x00000000f9100000
[0.228s][debug][gc                   ] GC(0) SMC:clear_bitmap for FREE Region 1844, top_bitmap: 0x00000000f9a00000
[0.228s][debug][gc                   ] GC(0) SMC:clear_bitmap for FREE Region 1845, top_bitmap: 0x00000000f9a80000
[0.228s][debug][gc                   ] GC(0) SMC:clear_bitmap for FREE Region 1839, top_bitmap: 0x00000000f9780000
[0.228s][debug][gc                   ] GC(0) SMC:clear_bitmap for FREE Region 1833, top_bitmap: 0x00000000f9480000
[0.228s][debug][gc                   ] GC(0) SMC:clear_bitmap for FREE Region 1830, top_bitmap: 0x00000000f9300000
[0.228s][debug][gc                   ] GC(0) SMC:clear_bitmap for FREE Region 1835, top_bitmap: 0x00000000f9580000
[0.228s][debug][gc                   ] GC(0) SMC:clear_bitmap for FREE Region 1850, top_bitmap: 0x00000000f9d00000
[0.228s][debug][gc                   ] GC(0) SMC:clear_bitmap for FREE Region 1851, top_bitmap: 0x00000000f9d80000
[0.228s][debug][gc                   ] GC(0) SMC:clear_bitmap for FREE Region 1838, top_bitmap: 0x00000000f9700000
[0.228s][debug][gc                   ] GC(0) SMC:clear_bitmap for FREE Region 1853, top_bitmap: 0x00000000f9e80000
[0.228s][debug][gc                   ] GC(0) SMC:clear_bitmap for FREE Region 1846, top_bitmap: 0x00000000f9b00000
[0.228s][debug][gc                   ] GC(0) SMC:clear_bitmap for FREE Region 1848, top_bitmap: 0x00000000f9c00000
[0.228s][debug][gc                   ] GC(0) SMC:clear_bitmap for FREE Region 1856, top_bitmap: 0x00000000fa000000
[0.228s][debug][gc                   ] GC(0) SMC:clear_bitmap for FREE Region 1852, top_bitmap: 0x00000000f9e00000
[0.228s][debug][gc                   ] GC(0) SMC:clear_bitmap for FREE Region 1854, top_bitmap: 0x00000000f9f00000
[0.228s][debug][gc                   ] GC(0) SMC:clear_bitmap for FREE Region 1860, top_bitmap: 0x00000000fa200000
[0.228s][debug][gc                   ] GC(0) SMC:clear_bitmap for FREE Region 1861, top_bitmap: 0x00000000fa280000
[0.228s][debug][gc                   ] GC(0) SMC:clear_bitmap for FREE Region 1843, top_bitmap: 0x00000000f9980000
[0.228s][debug][gc                   ] GC(0) SMC:clear_bitmap for FREE Region 1862, top_bitmap: 0x00000000fa300000
[0.228s][debug][gc                   ] GC(0) SMC:clear_bitmap for FREE Region 1863, top_bitmap: 0x00000000fa380000
[0.228s][debug][gc                   ] GC(0) SMC:clear_bitmap for FREE Region 1847, top_bitmap: 0x00000000f9b80000
[0.228s][debug][gc                   ] GC(0) SMC:clear_bitmap for FREE Region 1857, top_bitmap: 0x00000000fa080000
[0.228s][debug][gc                   ] GC(0) SMC:clear_bitmap for FREE Region 1866, top_bitmap: 0x00000000fa500000
[0.228s][debug][gc                   ] GC(0) SMC:clear_bitmap for FREE Region 1858, top_bitmap: 0x00000000fa100000
[0.228s][debug][gc                   ] GC(0) SMC:clear_bitmap for FREE Region 1849, top_bitmap: 0x00000000f9c80000
[0.228s][debug][gc                   ] GC(0) SMC:clear_bitmap for FREE Region 1869, top_bitmap: 0x00000000fa680000
[0.228s][debug][gc                   ] GC(0) SMC:clear_bitmap for FREE Region 1870, top_bitmap: 0x00000000fa700000
[0.228s][debug][gc                   ] GC(0) SMC:clear_bitmap for FREE Region 1872, top_bitmap: 0x00000000fa800000
[0.228s][debug][gc                   ] GC(0) SMC:clear_bitmap for FREE Region 1873, top_bitmap: 0x00000000fa880000
[0.228s][debug][gc                   ] GC(0) SMC:clear_bitmap for FREE Region 1874, top_bitmap: 0x00000000fa900000
[0.228s][debug][gc                   ] GC(0) SMC:clear_bitmap for FREE Region 1859, top_bitmap: 0x00000000fa180000
[0.228s][debug][gc                   ] GC(0) SMC:clear_bitmap for FREE Region 1876, top_bitmap: 0x00000000faa00000
[0.228s][debug][gc                   ] GC(0) SMC:clear_bitmap for FREE Region 1877, top_bitmap: 0x00000000faa80000
[0.228s][debug][gc                   ] GC(0) SMC:clear_bitmap for FREE Region 1855, top_bitmap: 0x00000000f9f80000
[0.228s][debug][gc                   ] GC(0) SMC:clear_bitmap for FREE Region 1879, top_bitmap: 0x00000000fab80000
[0.228s][debug][gc                   ] GC(0) SMC:clear_bitmap for FREE Region 1864, top_bitmap: 0x00000000fa400000
[0.228s][debug][gc                   ] GC(0) SMC:clear_bitmap for FREE Region 1881, top_bitmap: 0x00000000fac80000
[0.228s][debug][gc                   ] GC(0) SMC:clear_bitmap for FREE Region 1882, top_bitmap: 0x00000000fad00000
[0.228s][debug][gc                   ] GC(0) SMC:clear_bitmap for FREE Region 1883, top_bitmap: 0x00000000fad80000
[0.228s][debug][gc                   ] GC(0) SMC:clear_bitmap for YOUNG Region 1884, top_bitmap: 0x00000000fae00000
[0.228s][debug][gc                   ] GC(0) SMC:clear_bitmap for YOUNG Region 1885, top_bitmap: 0x00000000fae80000
[0.228s][debug][gc                   ] GC(0) SMC:clear_bitmap for YOUNG Region 1886, top_bitmap: 0x00000000faf00000
[0.228s][debug][gc                   ] GC(0) SMC:clear_bitmap for YOUNG Region 1887, top_bitmap: 0x00000000faf80000
[0.228s][debug][gc                   ] GC(0) SMC:clear_bitmap for YOUNG Region 1888, top_bitmap: 0x00000000fb000000
[0.228s][debug][gc                   ] GC(0) SMC:clear_bitmap for YOUNG Region 1889, top_bitmap: 0x00000000fb080000
[0.228s][debug][gc                   ] GC(0) SMC:clear_bitmap for YOUNG Region 1890, top_bitmap: 0x00000000fb100000
[0.228s][debug][gc                   ] GC(0) SMC:clear_bitmap for YOUNG Region 1891, top_bitmap: 0x00000000fb180000
[0.228s][debug][gc                   ] GC(0) SMC:clear_bitmap for YOUNG Region 1892, top_bitmap: 0x00000000fb200000
[0.228s][debug][gc                   ] GC(0) SMC:clear_bitmap for YOUNG Region 1893, top_bitmap: 0x00000000fb280000
[0.228s][debug][gc                   ] GC(0) SMC:clear_bitmap for YOUNG Region 1894, top_bitmap: 0x00000000fb300000
[0.228s][debug][gc                   ] GC(0) SMC:clear_bitmap for YOUNG Region 1895, top_bitmap: 0x00000000fb380000
[0.228s][debug][gc                   ] GC(0) SMC:clear_bitmap for YOUNG Region 1896, top_bitmap: 0x00000000fb400000
[0.228s][debug][gc                   ] GC(0) SMC:clear_bitmap for YOUNG Region 1897, top_bitmap: 0x00000000fb480000
[0.228s][debug][gc                   ] GC(0) SMC:clear_bitmap for YOUNG Region 1898, top_bitmap: 0x00000000fb500000
[0.228s][debug][gc                   ] GC(0) SMC:clear_bitmap for YOUNG Region 1899, top_bitmap: 0x00000000fb580000
[0.228s][debug][gc                   ] GC(0) SMC:clear_bitmap for YOUNG Region 1900, top_bitmap: 0x00000000fb600000
[0.228s][debug][gc                   ] GC(0) SMC:clear_bitmap for YOUNG Region 1901, top_bitmap: 0x00000000fb680000
[0.228s][debug][gc                   ] GC(0) SMC:clear_bitmap for YOUNG Region 1902, top_bitmap: 0x00000000fb700000
[0.228s][debug][gc                   ] GC(0) SMC:clear_bitmap for YOUNG Region 1903, top_bitmap: 0x00000000fb780000
[0.228s][debug][gc                   ] GC(0) SMC:clear_bitmap for YOUNG Region 1904, top_bitmap: 0x00000000fb800000
[0.228s][debug][gc                   ] GC(0) SMC:clear_bitmap for YOUNG Region 1905, top_bitmap: 0x00000000fb880000
[0.228s][debug][gc                   ] GC(0) SMC:clear_bitmap for YOUNG Region 1906, top_bitmap: 0x00000000fb900000
[0.228s][debug][gc                   ] GC(0) SMC:clear_bitmap for YOUNG Region 1907, top_bitmap: 0x00000000fb980000
[0.228s][debug][gc                   ] GC(0) SMC:clear_bitmap for YOUNG Region 1908, top_bitmap: 0x00000000fba00000
[0.228s][debug][gc                   ] GC(0) SMC:clear_bitmap for YOUNG Region 1909, top_bitmap: 0x00000000fba80000
[0.228s][debug][gc                   ] GC(0) SMC:clear_bitmap for YOUNG Region 1910, top_bitmap: 0x00000000fbb00000
[0.228s][debug][gc                   ] GC(0) SMC:clear_bitmap for YOUNG Region 1911, top_bitmap: 0x00000000fbb80000
[0.228s][debug][gc                   ] GC(0) SMC:clear_bitmap for FREE Region 1865, top_bitmap: 0x00000000fa480000
[0.228s][debug][gc                   ] GC(0) SMC:clear_bitmap for YOUNG Region 1913, top_bitmap: 0x00000000fbc80000
[0.228s][debug][gc                   ] GC(0) SMC:clear_bitmap for YOUNG Region 1914, top_bitmap: 0x00000000fbd00000
[0.228s][debug][gc                   ] GC(0) SMC:clear_bitmap for YOUNG Region 1915, top_bitmap: 0x00000000fbd80000
[0.228s][debug][gc                   ] GC(0) SMC:clear_bitmap for YOUNG Region 1916, top_bitmap: 0x00000000fbe00000
[0.228s][debug][gc                   ] GC(0) SMC:clear_bitmap for FREE Region 1867, top_bitmap: 0x00000000fa580000
[0.228s][debug][gc                   ] GC(0) SMC:clear_bitmap for YOUNG Region 1918, top_bitmap: 0x00000000fbf00000
[0.228s][debug][gc                   ] GC(0) SMC:clear_bitmap for YOUNG Region 1919, top_bitmap: 0x00000000fbf80000
[0.228s][debug][gc                   ] GC(0) SMC:clear_bitmap for YOUNG Region 1920, top_bitmap: 0x00000000fc000000
[0.228s][debug][gc                   ] GC(0) SMC:clear_bitmap for FREE Region 1875, top_bitmap: 0x00000000fa980000
[0.228s][debug][gc                   ] GC(0) SMC:clear_bitmap for YOUNG Region 1922, top_bitmap: 0x00000000fc100000
[0.228s][debug][gc                   ] GC(0) SMC:clear_bitmap for YOUNG Region 1923, top_bitmap: 0x00000000fc180000
[0.228s][debug][gc                   ] GC(0) SMC:clear_bitmap for YOUNG Region 1924, top_bitmap: 0x00000000fc200000
[0.228s][debug][gc                   ] GC(0) SMC:clear_bitmap for YOUNG Region 1925, top_bitmap: 0x00000000fc280000
[0.228s][debug][gc                   ] GC(0) SMC:clear_bitmap for YOUNG Region 1926, top_bitmap: 0x00000000fc300000
[0.228s][debug][gc                   ] GC(0) SMC:clear_bitmap for YOUNG Region 1927, top_bitmap: 0x00000000fc380000
[0.228s][debug][gc                   ] GC(0) SMC:clear_bitmap for YOUNG Region 1928, top_bitmap: 0x00000000fc400000
[0.228s][debug][gc                   ] GC(0) SMC:clear_bitmap for YOUNG Region 1929, top_bitmap: 0x00000000fc480000
[0.228s][debug][gc                   ] GC(0) SMC:clear_bitmap for YOUNG Region 1930, top_bitmap: 0x00000000fc500000
[0.228s][debug][gc                   ] GC(0) SMC:clear_bitmap for YOUNG Region 1931, top_bitmap: 0x00000000fc580000
[0.228s][debug][gc                   ] GC(0) SMC:clear_bitmap for YOUNG Region 1932, top_bitmap: 0x00000000fc600000
[0.228s][debug][gc                   ] GC(0) SMC:clear_bitmap for YOUNG Region 1933, top_bitmap: 0x00000000fc680000
[0.228s][debug][gc                   ] GC(0) SMC:clear_bitmap for FREE Region 1878, top_bitmap: 0x00000000fab00000
[0.228s][debug][gc                   ] GC(0) SMC:clear_bitmap for YOUNG Region 1935, top_bitmap: 0x00000000fc780000
[0.228s][debug][gc                   ] GC(0) SMC:clear_bitmap for YOUNG Region 1936, top_bitmap: 0x00000000fc800000
[0.228s][debug][gc                   ] GC(0) SMC:clear_bitmap for YOUNG Region 1937, top_bitmap: 0x00000000fc880000
[0.228s][debug][gc                   ] GC(0) SMC:clear_bitmap for YOUNG Region 1938, top_bitmap: 0x00000000fc900000
[0.228s][debug][gc                   ] GC(0) SMC:clear_bitmap for YOUNG Region 1939, top_bitmap: 0x00000000fc980000
[0.228s][debug][gc                   ] GC(0) SMC:clear_bitmap for YOUNG Region 1921, top_bitmap: 0x00000000fc080000
[0.228s][debug][gc                   ] GC(0) SMC:clear_bitmap for YOUNG Region 1940, top_bitmap: 0x00000000fca00000
[0.228s][debug][gc                   ] GC(0) SMC:clear_bitmap for YOUNG Region 1941, top_bitmap: 0x00000000fca80000
[0.228s][debug][gc                   ] GC(0) SMC:clear_bitmap for FREE Region 1868, top_bitmap: 0x00000000fa600000
[0.228s][debug][gc                   ] GC(0) SMC:clear_bitmap for YOUNG Region 1943, top_bitmap: 0x00000000fcb80000
[0.228s][debug][gc                   ] GC(0) SMC:clear_bitmap for YOUNG Region 1944, top_bitmap: 0x00000000fcc00000
[0.228s][debug][gc                   ] GC(0) SMC:clear_bitmap for FREE Region 1945, top_bitmap: 0x00000000fcc80000
[0.228s][debug][gc                   ] GC(0) SMC:clear_bitmap for FREE Region 1946, top_bitmap: 0x00000000fcd00000
[0.228s][debug][gc                   ] GC(0) SMC:clear_bitmap for YOUNG Region 1917, top_bitmap: 0x00000000fbe80000
[0.228s][debug][gc                   ] GC(0) SMC:clear_bitmap for YOUNG Region 1942, top_bitmap: 0x00000000fcb00000
[0.228s][debug][gc                   ] GC(0) SMC:clear_bitmap for FREE Region 1950, top_bitmap: 0x00000000fcf00000
[0.228s][debug][gc                   ] GC(0) SMC:clear_bitmap for FREE Region 1951, top_bitmap: 0x00000000fcf80000
[0.228s][debug][gc                   ] GC(0) SMC:clear_bitmap for FREE Region 1952, top_bitmap: 0x00000000fd000000
[0.228s][debug][gc                   ] GC(0) SMC:clear_bitmap for FREE Region 1953, top_bitmap: 0x00000000fd080000
[0.228s][debug][gc                   ] GC(0) SMC:clear_bitmap for FREE Region 1954, top_bitmap: 0x00000000fd100000
[0.228s][debug][gc                   ] GC(0) SMC:clear_bitmap for FREE Region 1955, top_bitmap: 0x00000000fd180000
[0.228s][debug][gc                   ] GC(0) SMC:clear_bitmap for FREE Region 1871, top_bitmap: 0x00000000fa780000
[0.228s][debug][gc                   ] GC(0) SMC:clear_bitmap for FREE Region 1957, top_bitmap: 0x00000000fd280000
[0.228s][debug][gc                   ] GC(0) SMC:clear_bitmap for FREE Region 1958, top_bitmap: 0x00000000fd300000
[0.228s][debug][gc                   ] GC(0) SMC:clear_bitmap for FREE Region 1959, top_bitmap: 0x00000000fd380000
[0.228s][debug][gc                   ] GC(0) SMC:clear_bitmap for FREE Region 1960, top_bitmap: 0x00000000fd400000
[0.228s][debug][gc                   ] GC(0) SMC:clear_bitmap for FREE Region 1961, top_bitmap: 0x00000000fd480000
[0.228s][debug][gc                   ] GC(0) SMC:clear_bitmap for FREE Region 1962, top_bitmap: 0x00000000fd500000
[0.228s][debug][gc                   ] GC(0) SMC:clear_bitmap for FREE Region 1963, top_bitmap: 0x00000000fd580000
[0.228s][debug][gc                   ] GC(0) SMC:clear_bitmap for FREE Region 1880, top_bitmap: 0x00000000fac00000
[0.228s][debug][gc                   ] GC(0) SMC:clear_bitmap for YOUNG Region 1912, top_bitmap: 0x00000000fbc00000
[0.228s][debug][gc                   ] GC(0) SMC:clear_bitmap for FREE Region 1966, top_bitmap: 0x00000000fd700000
[0.228s][trace][gc,tlab              ] ThreadLocalAllocBuffer::compute_size(188900) returns failure
[0.228s][debug][gc                   ] Setting affiliation of Region 482 from FREE to YOUNG, top: 0x00000000cf100000, TAMS: 0x00000000cf100000, watermark: 0x00000000cf100000, top_bitmap: 0x00000000cf100000
[0.228s][debug][gc                   ] Setting affiliation of Region 483 from FREE to YOUNG, top: 0x00000000cf180000, TAMS: 0x00000000cf180000, watermark: 0x00000000cf180000, top_bitmap: 0x00000000cf180000
[0.228s][debug][gc                   ] Setting affiliation of Region 484 from FREE to YOUNG, top: 0x00000000cf200000, TAMS: 0x00000000cf200000, watermark: 0x00000000cf200000, top_bitmap: 0x00000000cf200000
[0.228s][debug][gc                   ] GC(0) SMC:clear_bitmap for FREE Region 1956, top_bitmap: 0x00000000fd200000
[0.228s][debug][gc                   ] GC(0) SMC:clear_bitmap for FREE Region 1968, top_bitmap: 0x00000000fd800000
[0.228s][debug][gc                   ] GC(0) SMC:clear_bitmap for FREE Region 1969, top_bitmap: 0x00000000fd880000
[0.228s][debug][gc                   ] GC(0) SMC:clear_bitmap for FREE Region 1970, top_bitmap: 0x00000000fd900000
[0.228s][debug][gc                   ] GC(0) SMC:clear_bitmap for FREE Region 1971, top_bitmap: 0x00000000fd980000
[0.228s][debug][gc                   ] GC(0) SMC:clear_bitmap for FREE Region 1972, top_bitmap: 0x00000000fda00000
[0.228s][debug][gc                   ] GC(0) SMC:clear_bitmap for FREE Region 1947, top_bitmap: 0x00000000fcd80000
[0.228s][debug][gc                   ] GC(0) SMC:clear_bitmap for FREE Region 1974, top_bitmap: 0x00000000fdb00000
[0.228s][debug][gc                   ] GC(0) SMC:clear_bitmap for FREE Region 1975, top_bitmap: 0x00000000fdb80000
[0.228s][debug][gc                   ] GC(0) SMC:clear_bitmap for FREE Region 1976, top_bitmap: 0x00000000fdc00000
[0.228s][debug][gc                   ] GC(0) SMC:clear_bitmap for FREE Region 1977, top_bitmap: 0x00000000fdc80000
[0.228s][debug][gc                   ] GC(0) SMC:clear_bitmap for FREE Region 1978, top_bitmap: 0x00000000fdd00000
[0.228s][debug][gc                   ] GC(0) SMC:clear_bitmap for FREE Region 1979, top_bitmap: 0x00000000fdd80000
[0.228s][debug][gc                   ] GC(0) SMC:clear_bitmap for FREE Region 1980, top_bitmap: 0x00000000fde00000
[0.228s][debug][gc                   ] GC(0) SMC:clear_bitmap for FREE Region 1981, top_bitmap: 0x00000000fde80000
[0.228s][debug][gc                   ] GC(0) SMC:clear_bitmap for FREE Region 1965, top_bitmap: 0x00000000fd680000
[0.228s][debug][gc                   ] GC(0) SMC:clear_bitmap for FREE Region 1983, top_bitmap: 0x00000000fdf80000
[0.228s][debug][gc                   ] GC(0) SMC:clear_bitmap for FREE Region 1967, top_bitmap: 0x00000000fd780000
[0.228s][debug][gc                   ] GC(0) SMC:clear_bitmap for FREE Region 1985, top_bitmap: 0x00000000fe080000
[0.228s][debug][gc                   ] GC(0) SMC:clear_bitmap for FREE Region 1986, top_bitmap: 0x00000000fe100000
[0.228s][debug][gc                   ] GC(0) SMC:clear_bitmap for FREE Region 1987, top_bitmap: 0x00000000fe180000
[0.228s][debug][gc                   ] GC(0) SMC:clear_bitmap for FREE Region 1988, top_bitmap: 0x00000000fe200000
[0.228s][debug][gc                   ] GC(0) SMC:clear_bitmap for FREE Region 1989, top_bitmap: 0x00000000fe280000
[0.228s][debug][gc                   ] GC(0) SMC:clear_bitmap for FREE Region 1990, top_bitmap: 0x00000000fe300000
[0.228s][debug][gc                   ] GC(0) SMC:clear_bitmap for FREE Region 1991, top_bitmap: 0x00000000fe380000
[0.228s][debug][gc                   ] GC(0) SMC:clear_bitmap for FREE Region 1949, top_bitmap: 0x00000000fce80000
[0.228s][debug][gc                   ] GC(0) SMC:clear_bitmap for FREE Region 1993, top_bitmap: 0x00000000fe480000
[0.228s][debug][gc                   ] GC(0) SMC:clear_bitmap for FREE Region 1994, top_bitmap: 0x00000000fe500000
[0.228s][debug][gc                   ] GC(0) SMC:clear_bitmap for FREE Region 1995, top_bitmap: 0x00000000fe580000
[0.228s][debug][gc                   ] GC(0) SMC:clear_bitmap for FREE Region 1996, top_bitmap: 0x00000000fe600000
[0.228s][debug][gc                   ] GC(0) SMC:clear_bitmap for YOUNG Region 1934, top_bitmap: 0x00000000fc700000
[0.228s][debug][gc                   ] GC(0) SMC:clear_bitmap for FREE Region 1998, top_bitmap: 0x00000000fe700000
[0.228s][debug][gc                   ] GC(0) SMC:clear_bitmap for FREE Region 1999, top_bitmap: 0x00000000fe780000
[0.228s][debug][gc                   ] GC(0) SMC:clear_bitmap for FREE Region 2000, top_bitmap: 0x00000000fe800000
[0.228s][debug][gc                   ] GC(0) SMC:clear_bitmap for FREE Region 2001, top_bitmap: 0x00000000fe880000
[0.228s][debug][gc                   ] GC(0) SMC:clear_bitmap for FREE Region 1973, top_bitmap: 0x00000000fda80000
[0.228s][debug][gc                   ] GC(0) SMC:clear_bitmap for FREE Region 2002, top_bitmap: 0x00000000fe900000
[0.228s][debug][gc                   ] GC(0) SMC:clear_bitmap for FREE Region 2003, top_bitmap: 0x00000000fe980000
[0.228s][debug][gc                   ] GC(0) SMC:clear_bitmap for FREE Region 1964, top_bitmap: 0x00000000fd600000
[0.228s][debug][gc                   ] GC(0) SMC:clear_bitmap for FREE Region 2006, top_bitmap: 0x00000000feb00000
[0.228s][debug][gc                   ] GC(0) SMC:clear_bitmap for FREE Region 2007, top_bitmap: 0x00000000feb80000
[0.228s][debug][gc                   ] GC(0) SMC:clear_bitmap for FREE Region 2008, top_bitmap: 0x00000000fec00000
[0.228s][debug][gc                   ] GC(0) SMC:clear_bitmap for FREE Region 1948, top_bitmap: 0x00000000fce00000
[0.228s][debug][gc                   ] GC(0) SMC:clear_bitmap for FREE Region 2010, top_bitmap: 0x00000000fed00000
[0.228s][debug][gc                   ] GC(0) SMC:clear_bitmap for FREE Region 2011, top_bitmap: 0x00000000fed80000
[0.228s][debug][gc                   ] GC(0) SMC:clear_bitmap for FREE Region 2012, top_bitmap: 0x00000000fee00000
[0.228s][debug][gc                   ] GC(0) SMC:clear_bitmap for FREE Region 2013, top_bitmap: 0x00000000fee80000
[0.228s][debug][gc                   ] GC(0) SMC:clear_bitmap for FREE Region 2014, top_bitmap: 0x00000000fef00000
[0.228s][debug][gc                   ] GC(0) SMC:clear_bitmap for FREE Region 2015, top_bitmap: 0x00000000fef80000
[0.228s][debug][gc                   ] GC(0) SMC:clear_bitmap for FREE Region 2016, top_bitmap: 0x00000000ff000000
[0.228s][debug][gc                   ] GC(0) SMC:clear_bitmap for FREE Region 2017, top_bitmap: 0x00000000ff080000
[0.228s][debug][gc                   ] GC(0) SMC:clear_bitmap for FREE Region 2018, top_bitmap: 0x00000000ff100000
[0.228s][debug][gc                   ] GC(0) SMC:clear_bitmap for FREE Region 2019, top_bitmap: 0x00000000ff180000
[0.228s][debug][gc                   ] GC(0) SMC:clear_bitmap for FREE Region 2020, top_bitmap: 0x00000000ff200000
[0.228s][debug][gc                   ] GC(0) SMC:clear_bitmap for FREE Region 2021, top_bitmap: 0x00000000ff280000
[0.228s][debug][gc                   ] GC(0) SMC:clear_bitmap for FREE Region 2022, top_bitmap: 0x00000000ff300000
[0.228s][debug][gc                   ] GC(0) SMC:clear_bitmap for FREE Region 2023, top_bitmap: 0x00000000ff380000
[0.228s][debug][gc                   ] GC(0) SMC:clear_bitmap for FREE Region 2024, top_bitmap: 0x00000000ff400000
[0.228s][debug][gc                   ] GC(0) SMC:clear_bitmap for FREE Region 2025, top_bitmap: 0x00000000ff480000
[0.228s][debug][gc                   ] GC(0) SMC:clear_bitmap for FREE Region 2026, top_bitmap: 0x00000000ff500000
[0.228s][debug][gc                   ] GC(0) SMC:clear_bitmap for FREE Region 2027, top_bitmap: 0x00000000ff580000
[0.228s][debug][gc                   ] GC(0) SMC:clear_bitmap for FREE Region 2028, top_bitmap: 0x00000000ff600000
[0.228s][debug][gc                   ] GC(0) SMC:clear_bitmap for FREE Region 2029, top_bitmap: 0x00000000ff680000
[0.228s][debug][gc                   ] GC(0) SMC:clear_bitmap for FREE Region 2030, top_bitmap: 0x00000000ff700000
[0.228s][debug][gc                   ] GC(0) SMC:clear_bitmap for FREE Region 2031, top_bitmap: 0x00000000ff780000
[0.228s][debug][gc                   ] GC(0) SMC:clear_bitmap for FREE Region 2032, top_bitmap: 0x00000000ff800000
[0.228s][debug][gc                   ] GC(0) SMC:clear_bitmap for FREE Region 2033, top_bitmap: 0x00000000ff880000
[0.228s][debug][gc                   ] GC(0) SMC:clear_bitmap for FREE Region 2034, top_bitmap: 0x00000000ff900000
[0.228s][debug][gc                   ] GC(0) SMC:clear_bitmap for FREE Region 2035, top_bitmap: 0x00000000ff980000
[0.228s][debug][gc                   ] GC(0) SMC:clear_bitmap for FREE Region 2036, top_bitmap: 0x00000000ffa00000
[0.228s][debug][gc                   ] GC(0) SMC:clear_bitmap for FREE Region 2037, top_bitmap: 0x00000000ffa80000
[0.228s][debug][gc                   ] GC(0) SMC:clear_bitmap for FREE Region 2038, top_bitmap: 0x00000000ffb00000
[0.228s][debug][gc                   ] GC(0) SMC:clear_bitmap for FREE Region 2039, top_bitmap: 0x00000000ffb80000
[0.228s][debug][gc                   ] GC(0) SMC:clear_bitmap for FREE Region 1992, top_bitmap: 0x00000000fe400000
[0.228s][debug][gc                   ] GC(0) SMC:clear_bitmap for FREE Region 2041, top_bitmap: 0x00000000ffc80000
[0.228s][debug][gc                   ] GC(0) SMC:clear_bitmap for FREE Region 2042, top_bitmap: 0x00000000ffd00000
[0.228s][debug][gc                   ] GC(0) SMC:clear_bitmap for FREE Region 2043, top_bitmap: 0x00000000ffd80000
[0.228s][debug][gc                   ] GC(0) SMC:clear_bitmap for FREE Region 2044, top_bitmap: 0x00000000ffe00000
[0.228s][debug][gc                   ] GC(0) SMC:clear_bitmap for FREE Region 2045, top_bitmap: 0x00000000ffe80000
[0.228s][debug][gc                   ] GC(0) SMC:clear_bitmap for FREE Region 2046, top_bitmap: 0x00000000fff00000
[0.228s][debug][gc                   ] GC(0) SMC:clear_bitmap for FREE Region 2047, top_bitmap: 0x00000000fff80000
[0.228s][debug][gc                   ] GC(0) SMC:clear_bitmap for FREE Region 2004, top_bitmap: 0x00000000fea00000
[0.228s][debug][gc                   ] GC(0) SMC:clear_bitmap for FREE Region 1982, top_bitmap: 0x00000000fdf00000
[0.228s][debug][gc                   ] GC(0) SMC:clear_bitmap for FREE Region 2005, top_bitmap: 0x00000000fea80000
[0.228s][debug][gc                   ] GC(0) SMC:clear_bitmap for FREE Region 1984, top_bitmap: 0x00000000fe000000
[0.228s][debug][gc                   ] GC(0) SMC:clear_bitmap for FREE Region 2009, top_bitmap: 0x00000000fec80000
[0.228s][debug][gc                   ] GC(0) SMC:clear_bitmap for FREE Region 2040, top_bitmap: 0x00000000ffc00000
[0.228s][debug][gc                   ] GC(0) SMC:clear_bitmap for FREE Region 1997, top_bitmap: 0x00000000fe680000
[0.228s][debug][gc                   ] GC(0) Capturing TAMS for YOUNG Region 0, was: 0x00000000c0000000, now: 0x00000000c0080000
[0.228s][debug][gc                   ] GC(0) Capturing TAMS for YOUNG Region 1, was: 0x00000000c0080000, now: 0x00000000c0100000
[0.228s][debug][gc                   ] GC(0) Capturing TAMS for YOUNG Region 2, was: 0x00000000c0100000, now: 0x00000000c017faa0
[0.228s][debug][gc                   ] GC(0) Capturing TAMS for YOUNG Region 3, was: 0x00000000c0180000, now: 0x00000000c0200000
[0.228s][debug][gc                   ] GC(0) Capturing TAMS for YOUNG Region 4, was: 0x00000000c0200000, now: 0x00000000c02071d0
[0.228s][debug][gc                   ] GC(0) Capturing TAMS for YOUNG Region 5, was: 0x00000000c0280000, now: 0x00000000c0300000
[0.228s][debug][gc                   ] GC(0) Capturing TAMS for YOUNG Region 6, was: 0x00000000c0300000, now: 0x00000000c0380000
[0.228s][debug][gc                   ] GC(0) Capturing TAMS for YOUNG Region 7, was: 0x00000000c0380000, now: 0x00000000c03ce870
[0.228s][debug][gc                   ] GC(0) Capturing TAMS for YOUNG Region 8, was: 0x00000000c0400000, now: 0x00000000c0480000
[0.228s][debug][gc                   ] GC(0) Capturing TAMS for YOUNG Region 9, was: 0x00000000c0480000, now: 0x00000000c0500000
[0.228s][debug][gc                   ] GC(0) Capturing TAMS for YOUNG Region 10, was: 0x00000000c0500000, now: 0x00000000c053c390
[0.228s][debug][gc                   ] GC(0) Capturing TAMS for YOUNG Region 11, was: 0x00000000c0580000, now: 0x00000000c0600000
[0.228s][debug][gc                   ] GC(0) Capturing TAMS for YOUNG Region 12, was: 0x00000000c0600000, now: 0x00000000c0680000
[0.228s][debug][gc                   ] GC(0) Capturing TAMS for YOUNG Region 13, was: 0x00000000c0680000, now: 0x00000000c06c7530
[0.228s][debug][gc                   ] GC(0) Capturing TAMS for YOUNG Region 14, was: 0x00000000c0700000, now: 0x00000000c0780000
[0.228s][debug][gc                   ] GC(0) Capturing TAMS for YOUNG Region 15, was: 0x00000000c0780000, now: 0x00000000c0800000
[0.228s][debug][gc                   ] GC(0) Capturing TAMS for YOUNG Region 16, was: 0x00000000c0800000, now: 0x00000000c085e9c0
[0.228s][debug][gc                   ] GC(0) Capturing TAMS for YOUNG Region 17, was: 0x00000000c0880000, now: 0x00000000c0900000
[0.228s][debug][gc                   ] GC(0) Capturing TAMS for YOUNG Region 18, was: 0x00000000c0900000, now: 0x00000000c0980000
[0.228s][debug][gc                   ] GC(0) Capturing TAMS for YOUNG Region 19, was: 0x00000000c0980000, now: 0x00000000c09f3318
[0.228s][debug][gc                   ] GC(0) Capturing TAMS for YOUNG Region 20, was: 0x00000000c0a00000, now: 0x00000000c0a80000
[0.228s][debug][gc                   ] GC(0) Capturing TAMS for YOUNG Region 21, was: 0x00000000c0a80000, now: 0x00000000c0b00000
[0.228s][debug][gc                   ] GC(0) Capturing TAMS for YOUNG Region 22, was: 0x00000000c0b00000, now: 0x00000000c0b5abf0
[0.228s][debug][gc                   ] GC(0) Capturing TAMS for YOUNG Region 23, was: 0x00000000c0b80000, now: 0x00000000c0c00000
[0.228s][debug][gc                   ] GC(0) Capturing TAMS for YOUNG Region 24, was: 0x00000000c0c00000, now: 0x00000000c0c80000
[0.228s][debug][gc                   ] GC(0) Capturing TAMS for YOUNG Region 25, was: 0x00000000c0c80000, now: 0x00000000c0cb0e10
[0.228s][debug][gc                   ] GC(0) Capturing TAMS for YOUNG Region 26, was: 0x00000000c0d00000, now: 0x00000000c0d80000
[0.228s][debug][gc                   ] GC(0) Capturing TAMS for YOUNG Region 27, was: 0x00000000c0d80000, now: 0x00000000c0daf8d8
[0.228s][debug][gc                   ] GC(0) Capturing TAMS for YOUNG Region 28, was: 0x00000000c0e00000, now: 0x00000000c0e80000
[0.228s][debug][gc                   ] GC(0) Capturing TAMS for YOUNG Region 29, was: 0x00000000c0e80000, now: 0x00000000c0ee66f8
[0.228s][debug][gc                   ] GC(0) Capturing TAMS for YOUNG Region 30, was: 0x00000000c0f00000, now: 0x00000000c0f80000
[0.228s][debug][gc                   ] GC(0) Capturing TAMS for YOUNG Region 31, was: 0x00000000c0f80000, now: 0x00000000c0fffd80
[0.228s][debug][gc                   ] GC(0) Capturing TAMS for YOUNG Region 32, was: 0x00000000c1000000, now: 0x00000000c1080000
[0.228s][debug][gc                   ] GC(0) Capturing TAMS for YOUNG Region 33, was: 0x00000000c1080000, now: 0x00000000c1100000
[0.228s][debug][gc                   ] GC(0) Capturing TAMS for YOUNG Region 34, was: 0x00000000c1100000, now: 0x00000000c114cbc0
[0.228s][debug][gc                   ] GC(0) Capturing TAMS for YOUNG Region 35, was: 0x00000000c1180000, now: 0x00000000c1200000
[0.228s][debug][gc                   ] GC(0) Capturing TAMS for YOUNG Region 36, was: 0x00000000c1200000, now: 0x00000000c1280000
[0.228s][debug][gc                   ] GC(0) Capturing TAMS for YOUNG Region 37, was: 0x00000000c1280000, now: 0x00000000c12b7050
[0.228s][debug][gc                   ] GC(0) Capturing TAMS for YOUNG Region 38, was: 0x00000000c1300000, now: 0x00000000c1380000
[0.228s][debug][gc                   ] GC(0) Capturing TAMS for YOUNG Region 39, was: 0x00000000c1380000, now: 0x00000000c1382a50
[0.228s][debug][gc                   ] GC(0) Capturing TAMS for YOUNG Region 40, was: 0x00000000c1400000, now: 0x00000000c1480000
[0.228s][debug][gc                   ] GC(0) Capturing TAMS for YOUNG Region 41, was: 0x00000000c1480000, now: 0x00000000c14b0488
[0.228s][debug][gc                   ] GC(0) Capturing TAMS for YOUNG Region 42, was: 0x00000000c1500000, now: 0x00000000c1580000
[0.228s][debug][gc                   ] GC(0) Capturing TAMS for YOUNG Region 43, was: 0x00000000c1580000, now: 0x00000000c1600000
[0.228s][debug][gc                   ] GC(0) Capturing TAMS for YOUNG Region 44, was: 0x00000000c1600000, now: 0x00000000c160b120
[0.228s][debug][gc                   ] GC(0) Capturing TAMS for YOUNG Region 45, was: 0x00000000c1680000, now: 0x00000000c1700000
[0.228s][debug][gc                   ] GC(0) Capturing TAMS for YOUNG Region 46, was: 0x00000000c1700000, now: 0x00000000c173ca28
[0.228s][debug][gc                   ] GC(0) Capturing TAMS for YOUNG Region 47, was: 0x00000000c1780000, now: 0x00000000c1800000
[0.228s][debug][gc                   ] GC(0) Capturing TAMS for YOUNG Region 48, was: 0x00000000c1800000, now: 0x00000000c1833aa8
[0.228s][debug][gc                   ] GC(0) Capturing TAMS for YOUNG Region 49, was: 0x00000000c1880000, now: 0x00000000c1900000
[0.228s][debug][gc                   ] GC(0) Capturing TAMS for YOUNG Region 50, was: 0x00000000c1900000, now: 0x00000000c1980000
[0.228s][debug][gc                   ] GC(0) Capturing TAMS for YOUNG Region 51, was: 0x00000000c1980000, now: 0x00000000c19ea208
[0.228s][debug][gc                   ] GC(0) Capturing TAMS for YOUNG Region 52, was: 0x00000000c1a00000, now: 0x00000000c1a80000
[0.228s][debug][gc                   ] GC(0) Capturing TAMS for YOUNG Region 53, was: 0x00000000c1a80000, now: 0x00000000c1afb888
[0.228s][debug][gc                   ] GC(0) Capturing TAMS for YOUNG Region 54, was: 0x00000000c1b00000, now: 0x00000000c1b80000
[0.228s][debug][gc                   ] GC(0) Capturing TAMS for YOUNG Region 55, was: 0x00000000c1b80000, now: 0x00000000c1bb11a0
[0.228s][debug][gc                   ] GC(0) Capturing TAMS for YOUNG Region 56, was: 0x00000000c1c00000, now: 0x00000000c1c80000
[0.228s][debug][gc                   ] GC(0) Capturing TAMS for YOUNG Region 57, was: 0x00000000c1c80000, now: 0x00000000c1d00000
[0.228s][debug][gc                   ] GC(0) Capturing TAMS for YOUNG Region 58, was: 0x00000000c1d00000, now: 0x00000000c1d79de0
[0.228s][debug][gc                   ] GC(0) Capturing TAMS for YOUNG Region 59, was: 0x00000000c1d80000, now: 0x00000000c1e00000
[0.228s][debug][gc                   ] GC(0) Capturing TAMS for YOUNG Region 60, was: 0x00000000c1e00000, now: 0x00000000c1e057f0
[0.228s][debug][gc                   ] GC(0) Capturing TAMS for YOUNG Region 61, was: 0x00000000c1e80000, now: 0x00000000c1f00000
[0.228s][debug][gc                   ] GC(0) Capturing TAMS for YOUNG Region 62, was: 0x00000000c1f00000, now: 0x00000000c1f80000
[0.228s][debug][gc                   ] GC(0) Capturing TAMS for YOUNG Region 63, was: 0x00000000c1f80000, now: 0x00000000c1f97f78
[0.228s][debug][gc                   ] GC(0) Capturing TAMS for YOUNG Region 64, was: 0x00000000c2000000, now: 0x00000000c2080000
[0.228s][debug][gc                   ] GC(0) Capturing TAMS for YOUNG Region 65, was: 0x00000000c2080000, now: 0x00000000c2100000
[0.228s][debug][gc                   ] GC(0) Capturing TAMS for YOUNG Region 66, was: 0x00000000c2100000, now: 0x00000000c210bcd8
[0.228s][debug][gc                   ] GC(0) Capturing TAMS for YOUNG Region 67, was: 0x00000000c2180000, now: 0x00000000c2200000
[0.228s][debug][gc                   ] GC(0) Capturing TAMS for YOUNG Region 68, was: 0x00000000c2200000, now: 0x00000000c22707e8
[0.228s][debug][gc                   ] GC(0) Capturing TAMS for YOUNG Region 69, was: 0x00000000c2280000, now: 0x00000000c2300000
[0.228s][debug][gc                   ] GC(0) Capturing TAMS for YOUNG Region 70, was: 0x00000000c2300000, now: 0x00000000c2321530
[0.228s][debug][gc                   ] GC(0) Capturing TAMS for YOUNG Region 71, was: 0x00000000c2380000, now: 0x00000000c2400000
[0.228s][debug][gc                   ] GC(0) Capturing TAMS for YOUNG Region 72, was: 0x00000000c2400000, now: 0x00000000c2480000
[0.228s][debug][gc                   ] GC(0) Capturing TAMS for YOUNG Region 73, was: 0x00000000c2480000, now: 0x00000000c24ae518
[0.228s][debug][gc                   ] GC(0) Capturing TAMS for YOUNG Region 74, was: 0x00000000c2500000, now: 0x00000000c2580000
[0.228s][debug][gc                   ] GC(0) Capturing TAMS for YOUNG Region 75, was: 0x00000000c2580000, now: 0x00000000c2600000
[0.228s][debug][gc                   ] GC(0) Capturing TAMS for YOUNG Region 76, was: 0x00000000c2600000, now: 0x00000000c2629438
[0.228s][debug][gc                   ] GC(0) Capturing TAMS for YOUNG Region 77, was: 0x00000000c2680000, now: 0x00000000c2700000
[0.228s][debug][gc                   ] GC(0) Capturing TAMS for YOUNG Region 78, was: 0x00000000c2700000, now: 0x00000000c2780000
[0.228s][debug][gc                   ] GC(0) Capturing TAMS for YOUNG Region 79, was: 0x00000000c2780000, now: 0x00000000c27a8728
[0.228s][debug][gc                   ] GC(0) Capturing TAMS for YOUNG Region 80, was: 0x00000000c2800000, now: 0x00000000c2880000
[0.228s][debug][gc                   ] GC(0) Capturing TAMS for YOUNG Region 81, was: 0x00000000c2880000, now: 0x00000000c2900000
[0.228s][debug][gc                   ] GC(0) Capturing TAMS for YOUNG Region 82, was: 0x00000000c2900000, now: 0x00000000c2977c58
[0.228s][debug][gc                   ] GC(0) Capturing TAMS for YOUNG Region 83, was: 0x00000000c2980000, now: 0x00000000c2a00000
[0.228s][debug][gc                   ] GC(0) Capturing TAMS for YOUNG Region 84, was: 0x00000000c2a00000, now: 0x00000000c2a80000
[0.228s][debug][gc                   ] GC(0) Capturing TAMS for YOUNG Region 85, was: 0x00000000c2a80000, now: 0x00000000c2a910c8
[0.228s][debug][gc                   ] GC(0) Capturing TAMS for YOUNG Region 86, was: 0x00000000c2b00000, now: 0x00000000c2b80000
[0.228s][debug][gc                   ] GC(0) Capturing TAMS for YOUNG Region 87, was: 0x00000000c2b80000, now: 0x00000000c2ba4010
[0.228s][debug][gc                   ] GC(0) Capturing TAMS for YOUNG Region 88, was: 0x00000000c2c00000, now: 0x00000000c2c80000
[0.228s][debug][gc                   ] GC(0) Capturing TAMS for YOUNG Region 89, was: 0x00000000c2c80000, now: 0x00000000c2d00000
[0.228s][debug][gc                   ] GC(0) Capturing TAMS for YOUNG Region 90, was: 0x00000000c2d00000, now: 0x00000000c2d519c8
[0.228s][debug][gc                   ] GC(0) Capturing TAMS for YOUNG Region 91, was: 0x00000000c2d80000, now: 0x00000000c2e00000
[0.228s][debug][gc                   ] GC(0) Capturing TAMS for YOUNG Region 92, was: 0x00000000c2e00000, now: 0x00000000c2e80000
[0.228s][debug][gc                   ] GC(0) Capturing TAMS for YOUNG Region 93, was: 0x00000000c2e80000, now: 0x00000000c2ec0478
[0.228s][debug][gc                   ] GC(0) Capturing TAMS for YOUNG Region 94, was: 0x00000000c2f00000, now: 0x00000000c2f80000
[0.228s][debug][gc                   ] GC(0) Capturing TAMS for YOUNG Region 95, was: 0x00000000c2f80000, now: 0x00000000c3000000
[0.228s][debug][gc                   ] GC(0) Capturing TAMS for YOUNG Region 96, was: 0x00000000c3000000, now: 0x00000000c3044da0
[0.228s][debug][gc                   ] GC(0) Capturing TAMS for YOUNG Region 97, was: 0x00000000c3080000, now: 0x00000000c3100000
[0.228s][debug][gc                   ] GC(0) Capturing TAMS for YOUNG Region 98, was: 0x00000000c3100000, now: 0x00000000c3180000
[0.228s][debug][gc                   ] GC(0) Capturing TAMS for YOUNG Region 99, was: 0x00000000c3180000, now: 0x00000000c31d2f70
[0.228s][debug][gc                   ] GC(0) Capturing TAMS for YOUNG Region 100, was: 0x00000000c3200000, now: 0x00000000c3280000
[0.229s][debug][gc                   ] GC(0) Capturing TAMS for YOUNG Region 101, was: 0x00000000c3280000, now: 0x00000000c3300000
[0.229s][debug][gc                   ] GC(0) Capturing TAMS for YOUNG Region 102, was: 0x00000000c3300000, now: 0x00000000c334aef8
[0.229s][debug][gc                   ] GC(0) Capturing TAMS for YOUNG Region 103, was: 0x00000000c3380000, now: 0x00000000c3400000
[0.229s][debug][gc                   ] GC(0) Capturing TAMS for YOUNG Region 104, was: 0x00000000c3400000, now: 0x00000000c3480000
[0.229s][debug][gc                   ] GC(0) Capturing TAMS for YOUNG Region 105, was: 0x00000000c3480000, now: 0x00000000c34b88a0
[0.229s][debug][gc                   ] GC(0) Capturing TAMS for YOUNG Region 106, was: 0x00000000c3500000, now: 0x00000000c3580000
[0.229s][debug][gc                   ] GC(0) Capturing TAMS for YOUNG Region 107, was: 0x00000000c3580000, now: 0x00000000c35ed660
[0.229s][debug][gc                   ] GC(0) Capturing TAMS for YOUNG Region 108, was: 0x00000000c3600000, now: 0x00000000c3680000
[0.229s][debug][gc                   ] GC(0) Capturing TAMS for YOUNG Region 109, was: 0x00000000c3680000, now: 0x00000000c3700000
[0.229s][debug][gc                   ] GC(0) Capturing TAMS for YOUNG Region 110, was: 0x00000000c3700000, now: 0x00000000c375a730
[0.229s][debug][gc                   ] GC(0) Capturing TAMS for YOUNG Region 111, was: 0x00000000c3780000, now: 0x00000000c3800000
[0.229s][debug][gc                   ] GC(0) Capturing TAMS for YOUNG Region 112, was: 0x00000000c3800000, now: 0x00000000c3880000
[0.229s][debug][gc                   ] GC(0) Capturing TAMS for YOUNG Region 113, was: 0x00000000c3880000, now: 0x00000000c38cb2d8
[0.229s][debug][gc                   ] GC(0) Capturing TAMS for YOUNG Region 114, was: 0x00000000c3900000, now: 0x00000000c3980000
[0.229s][debug][gc                   ] GC(0) Capturing TAMS for YOUNG Region 115, was: 0x00000000c3980000, now: 0x00000000c3a00000
[0.229s][debug][gc                   ] GC(0) Capturing TAMS for YOUNG Region 116, was: 0x00000000c3a00000, now: 0x00000000c3a77b18
[0.229s][debug][gc                   ] GC(0) Capturing TAMS for YOUNG Region 117, was: 0x00000000c3a80000, now: 0x00000000c3b00000
[0.229s][debug][gc                   ] GC(0) Capturing TAMS for YOUNG Region 118, was: 0x00000000c3b00000, now: 0x00000000c3b80000
[0.229s][debug][gc                   ] GC(0) Capturing TAMS for YOUNG Region 119, was: 0x00000000c3b80000, now: 0x00000000c3b8a410
[0.229s][debug][gc                   ] GC(0) Capturing TAMS for YOUNG Region 120, was: 0x00000000c3c00000, now: 0x00000000c3c80000
[0.229s][debug][gc                   ] GC(0) Capturing TAMS for YOUNG Region 121, was: 0x00000000c3c80000, now: 0x00000000c3c8bdb0
[0.229s][debug][gc                   ] GC(0) Capturing TAMS for YOUNG Region 122, was: 0x00000000c3d00000, now: 0x00000000c3d80000
[0.229s][debug][gc                   ] GC(0) Capturing TAMS for YOUNG Region 123, was: 0x00000000c3d80000, now: 0x00000000c3e00000
[0.229s][debug][gc                   ] GC(0) Capturing TAMS for YOUNG Region 124, was: 0x00000000c3e00000, now: 0x00000000c3e7fd50
[0.229s][debug][gc                   ] GC(0) Capturing TAMS for YOUNG Region 125, was: 0x00000000c3e80000, now: 0x00000000c3f00000
[0.229s][debug][gc                   ] GC(0) Capturing TAMS for YOUNG Region 126, was: 0x00000000c3f00000, now: 0x00000000c3f80000
[0.229s][debug][gc                   ] GC(0) Capturing TAMS for YOUNG Region 127, was: 0x00000000c3f80000, now: 0x00000000c3f94a38
[0.229s][debug][gc                   ] GC(0) Capturing TAMS for YOUNG Region 128, was: 0x00000000c4000000, now: 0x00000000c4080000
[0.229s][debug][gc                   ] GC(0) Capturing TAMS for YOUNG Region 129, was: 0x00000000c4080000, now: 0x00000000c4100000
[0.229s][debug][gc                   ] GC(0) Capturing TAMS for YOUNG Region 130, was: 0x00000000c4100000, now: 0x00000000c4137db8
[0.229s][debug][gc                   ] GC(0) Capturing TAMS for YOUNG Region 131, was: 0x00000000c4180000, now: 0x00000000c4200000
[0.229s][debug][gc                   ] GC(0) Capturing TAMS for YOUNG Region 132, was: 0x00000000c4200000, now: 0x00000000c4280000
[0.229s][debug][gc                   ] GC(0) Capturing TAMS for YOUNG Region 133, was: 0x00000000c4280000, now: 0x00000000c428eac0
[0.229s][debug][gc                   ] GC(0) Capturing TAMS for YOUNG Region 134, was: 0x00000000c4300000, now: 0x00000000c4380000
[0.229s][debug][gc                   ] GC(0) Capturing TAMS for YOUNG Region 135, was: 0x00000000c4380000, now: 0x00000000c4400000
[0.229s][debug][gc                   ] GC(0) Capturing TAMS for YOUNG Region 136, was: 0x00000000c4400000, now: 0x00000000c447d6d0
[0.229s][debug][gc                   ] GC(0) Capturing TAMS for YOUNG Region 137, was: 0x00000000c4480000, now: 0x00000000c4500000
[0.229s][debug][gc                   ] GC(0) Capturing TAMS for YOUNG Region 138, was: 0x00000000c4500000, now: 0x00000000c4580000
[0.229s][debug][gc                   ] GC(0) Capturing TAMS for YOUNG Region 139, was: 0x00000000c4580000, now: 0x00000000c45b3d28
[0.229s][debug][gc                   ] GC(0) Capturing TAMS for YOUNG Region 140, was: 0x00000000c4600000, now: 0x00000000c4680000
[0.229s][debug][gc                   ] GC(0) Capturing TAMS for YOUNG Region 141, was: 0x00000000c4680000, now: 0x00000000c46b3490
[0.229s][debug][gc                   ] GC(0) Capturing TAMS for YOUNG Region 142, was: 0x00000000c4700000, now: 0x00000000c4780000
[0.229s][debug][gc                   ] GC(0) Capturing TAMS for YOUNG Region 143, was: 0x00000000c4780000, now: 0x00000000c4800000
[0.229s][debug][gc                   ] GC(0) Capturing TAMS for YOUNG Region 144, was: 0x00000000c4800000, now: 0x00000000c48387e0
[0.229s][debug][gc                   ] GC(0) Capturing TAMS for YOUNG Region 145, was: 0x00000000c4880000, now: 0x00000000c4900000
[0.229s][debug][gc                   ] GC(0) Capturing TAMS for YOUNG Region 146, was: 0x00000000c4900000, now: 0x00000000c491bf00
[0.229s][debug][gc                   ] GC(0) Capturing TAMS for YOUNG Region 147, was: 0x00000000c4980000, now: 0x00000000c4a00000
[0.229s][debug][gc                   ] GC(0) Capturing TAMS for YOUNG Region 148, was: 0x00000000c4a00000, now: 0x00000000c4a80000
[0.229s][debug][gc                   ] GC(0) Capturing TAMS for YOUNG Region 149, was: 0x00000000c4a80000, now: 0x00000000c4ad3208
[0.229s][debug][gc                   ] GC(0) Capturing TAMS for YOUNG Region 150, was: 0x00000000c4b00000, now: 0x00000000c4b80000
[0.229s][debug][gc                   ] GC(0) Capturing TAMS for YOUNG Region 151, was: 0x00000000c4b80000, now: 0x00000000c4c00000
[0.229s][debug][gc                   ] GC(0) Capturing TAMS for YOUNG Region 152, was: 0x00000000c4c00000, now: 0x00000000c4c02088
[0.229s][debug][gc                   ] GC(0) Capturing TAMS for YOUNG Region 153, was: 0x00000000c4c80000, now: 0x00000000c4d00000
[0.229s][debug][gc                   ] GC(0) Capturing TAMS for YOUNG Region 154, was: 0x00000000c4d00000, now: 0x00000000c4d80000
[0.229s][debug][gc                   ] GC(0) Capturing TAMS for YOUNG Region 155, was: 0x00000000c4d80000, now: 0x00000000c4df59e8
[0.229s][debug][gc                   ] GC(0) Capturing TAMS for YOUNG Region 156, was: 0x00000000c4e00000, now: 0x00000000c4e80000
[0.229s][debug][gc                   ] GC(0) Capturing TAMS for YOUNG Region 157, was: 0x00000000c4e80000, now: 0x00000000c4eba038
[0.229s][debug][gc                   ] GC(0) Capturing TAMS for YOUNG Region 158, was: 0x00000000c4f00000, now: 0x00000000c4f80000
[0.229s][debug][gc                   ] GC(0) Capturing TAMS for YOUNG Region 159, was: 0x00000000c4f80000, now: 0x00000000c5000000
[0.229s][debug][gc                   ] GC(0) Capturing TAMS for YOUNG Region 160, was: 0x00000000c5000000, now: 0x00000000c5056e78
[0.229s][debug][gc                   ] GC(0) Capturing TAMS for YOUNG Region 161, was: 0x00000000c5080000, now: 0x00000000c5100000
[0.229s][debug][gc                   ] GC(0) Capturing TAMS for YOUNG Region 162, was: 0x00000000c5100000, now: 0x00000000c512b7a0
[0.229s][debug][gc                   ] GC(0) Capturing TAMS for YOUNG Region 163, was: 0x00000000c5180000, now: 0x00000000c5200000
[0.229s][debug][gc                   ] GC(0) Capturing TAMS for YOUNG Region 164, was: 0x00000000c5200000, now: 0x00000000c5265ff0
[0.229s][debug][gc                   ] GC(0) Capturing TAMS for YOUNG Region 165, was: 0x00000000c5280000, now: 0x00000000c5300000
[0.229s][debug][gc                   ] GC(0) Capturing TAMS for YOUNG Region 166, was: 0x00000000c5300000, now: 0x00000000c5355898
[0.229s][debug][gc                   ] GC(0) Capturing TAMS for YOUNG Region 167, was: 0x00000000c5380000, now: 0x00000000c5400000
[0.229s][debug][gc                   ] GC(0) Capturing TAMS for YOUNG Region 168, was: 0x00000000c5400000, now: 0x00000000c5480000
[0.229s][debug][gc                   ] GC(0) Capturing TAMS for YOUNG Region 169, was: 0x00000000c5480000, now: 0x00000000c54c7820
[0.229s][debug][gc                   ] GC(0) Capturing TAMS for YOUNG Region 170, was: 0x00000000c5500000, now: 0x00000000c5580000
[0.229s][debug][gc                   ] GC(0) Capturing TAMS for YOUNG Region 171, was: 0x00000000c5580000, now: 0x00000000c5600000
[0.229s][debug][gc                   ] GC(0) Capturing TAMS for YOUNG Region 172, was: 0x00000000c5600000, now: 0x00000000c5650708
[0.229s][debug][gc                   ] GC(0) Capturing TAMS for YOUNG Region 173, was: 0x00000000c5680000, now: 0x00000000c5700000
[0.229s][debug][gc                   ] GC(0) Capturing TAMS for YOUNG Region 174, was: 0x00000000c5700000, now: 0x00000000c5706af0
[0.229s][debug][gc                   ] GC(0) Capturing TAMS for YOUNG Region 175, was: 0x00000000c5780000, now: 0x00000000c5800000
[0.229s][debug][gc                   ] GC(0) Capturing TAMS for YOUNG Region 176, was: 0x00000000c5800000, now: 0x00000000c5861698
[0.229s][debug][gc                   ] GC(0) Capturing TAMS for YOUNG Region 177, was: 0x00000000c5880000, now: 0x00000000c5900000
[0.229s][debug][gc                   ] GC(0) Capturing TAMS for YOUNG Region 178, was: 0x00000000c5900000, now: 0x00000000c594dfc8
[0.229s][debug][gc                   ] GC(0) Capturing TAMS for YOUNG Region 179, was: 0x00000000c5980000, now: 0x00000000c5a00000
[0.229s][debug][gc                   ] GC(0) Capturing TAMS for YOUNG Region 180, was: 0x00000000c5a00000, now: 0x00000000c5a80000
[0.229s][debug][gc                   ] GC(0) Capturing TAMS for YOUNG Region 181, was: 0x00000000c5a80000, now: 0x00000000c5ac46d0
[0.229s][debug][gc                   ] GC(0) Capturing TAMS for YOUNG Region 182, was: 0x00000000c5b00000, now: 0x00000000c5b80000
[0.229s][debug][gc                   ] GC(0) Capturing TAMS for YOUNG Region 183, was: 0x00000000c5b80000, now: 0x00000000c5c00000
[0.229s][debug][gc                   ] GC(0) Capturing TAMS for YOUNG Region 184, was: 0x00000000c5c00000, now: 0x00000000c5c379c8
[0.229s][debug][gc                   ] GC(0) Capturing TAMS for YOUNG Region 185, was: 0x00000000c5c80000, now: 0x00000000c5d00000
[0.229s][debug][gc                   ] GC(0) Capturing TAMS for YOUNG Region 186, was: 0x00000000c5d00000, now: 0x00000000c5d50998
[0.229s][debug][gc                   ] GC(0) Capturing TAMS for YOUNG Region 187, was: 0x00000000c5d80000, now: 0x00000000c5e00000
[0.229s][debug][gc                   ] GC(0) Capturing TAMS for YOUNG Region 188, was: 0x00000000c5e00000, now: 0x00000000c5e80000
[0.229s][debug][gc                   ] GC(0) Capturing TAMS for YOUNG Region 189, was: 0x00000000c5e80000, now: 0x00000000c5ebbbb0
[0.229s][debug][gc                   ] GC(0) Capturing TAMS for YOUNG Region 190, was: 0x00000000c5f00000, now: 0x00000000c5f80000
[0.229s][debug][gc                   ] GC(0) Capturing TAMS for YOUNG Region 191, was: 0x00000000c5f80000, now: 0x00000000c5fde978
[0.229s][debug][gc                   ] GC(0) Capturing TAMS for YOUNG Region 192, was: 0x00000000c6000000, now: 0x00000000c6080000
[0.229s][debug][gc                   ] GC(0) Capturing TAMS for YOUNG Region 193, was: 0x00000000c6080000, now: 0x00000000c6100000
[0.229s][debug][gc                   ] GC(0) Capturing TAMS for YOUNG Region 194, was: 0x00000000c6100000, now: 0x00000000c6134e50
[0.229s][debug][gc                   ] GC(0) Capturing TAMS for YOUNG Region 195, was: 0x00000000c6180000, now: 0x00000000c6200000
[0.229s][debug][gc                   ] GC(0) Capturing TAMS for YOUNG Region 196, was: 0x00000000c6200000, now: 0x00000000c6280000
[0.229s][debug][gc                   ] GC(0) Capturing TAMS for YOUNG Region 197, was: 0x00000000c6280000, now: 0x00000000c62d6b58
[0.229s][trace][gc,tlab              ] ThreadLocalAllocBuffer::compute_size(168099) returns failure
[0.229s][debug][gc                   ] Setting affiliation of Region 485 from FREE to YOUNG, top: 0x00000000cf280000, TAMS: 0x00000000cf280000, watermark: 0x00000000cf280000, top_bitmap: 0x00000000cf280000
[0.229s][debug][gc                   ] Setting affiliation of Region 486 from FREE to YOUNG, top: 0x00000000cf300000, TAMS: 0x00000000cf300000, watermark: 0x00000000cf300000, top_bitmap: 0x00000000cf300000
[0.229s][debug][gc                   ] Setting affiliation of Region 487 from FREE to YOUNG, top: 0x00000000cf380000, TAMS: 0x00000000cf380000, watermark: 0x00000000cf380000, top_bitmap: 0x00000000cf380000
[0.229s][debug][gc                   ] GC(0) Capturing TAMS for YOUNG Region 198, was: 0x00000000c6300000, now: 0x00000000c6380000
[0.229s][debug][gc                   ] GC(0) Capturing TAMS for YOUNG Region 199, was: 0x00000000c6380000, now: 0x00000000c63dc300
[0.229s][debug][gc                   ] GC(0) Capturing TAMS for YOUNG Region 200, was: 0x00000000c6400000, now: 0x00000000c6480000
[0.229s][debug][gc                   ] GC(0) Capturing TAMS for YOUNG Region 201, was: 0x00000000c6480000, now: 0x00000000c64dafa8
[0.229s][debug][gc                   ] GC(0) Capturing TAMS for YOUNG Region 202, was: 0x00000000c6500000, now: 0x00000000c6580000
[0.229s][debug][gc                   ] GC(0) Capturing TAMS for YOUNG Region 203, was: 0x00000000c6580000, now: 0x00000000c6600000
[0.229s][debug][gc                   ] GC(0) Capturing TAMS for YOUNG Region 204, was: 0x00000000c6600000, now: 0x00000000c6613800
[0.229s][debug][gc                   ] GC(0) Capturing TAMS for YOUNG Region 205, was: 0x00000000c6680000, now: 0x00000000c6700000
[0.229s][debug][gc                   ] GC(0) Capturing TAMS for YOUNG Region 206, was: 0x00000000c6700000, now: 0x00000000c6780000
[0.229s][debug][gc                   ] GC(0) Capturing TAMS for YOUNG Region 207, was: 0x00000000c6780000, now: 0x00000000c67d6be0
[0.229s][debug][gc                   ] GC(0) Capturing TAMS for YOUNG Region 208, was: 0x00000000c6800000, now: 0x00000000c6880000
[0.229s][debug][gc                   ] GC(0) Capturing TAMS for YOUNG Region 209, was: 0x00000000c6880000, now: 0x00000000c6900000
[0.229s][debug][gc                   ] GC(0) Capturing TAMS for YOUNG Region 210, was: 0x00000000c6900000, now: 0x00000000c694d2b0
[0.229s][debug][gc                   ] GC(0) Capturing TAMS for YOUNG Region 211, was: 0x00000000c6980000, now: 0x00000000c6a00000
[0.229s][debug][gc                   ] GC(0) Capturing TAMS for YOUNG Region 212, was: 0x00000000c6a00000, now: 0x00000000c6a3f388
[0.229s][debug][gc                   ] GC(0) Capturing TAMS for YOUNG Region 213, was: 0x00000000c6a80000, now: 0x00000000c6b00000
[0.229s][debug][gc                   ] GC(0) Capturing TAMS for YOUNG Region 214, was: 0x00000000c6b00000, now: 0x00000000c6b1c640
[0.229s][debug][gc                   ] GC(0) Capturing TAMS for YOUNG Region 215, was: 0x00000000c6b80000, now: 0x00000000c6c00000
[0.229s][debug][gc                   ] GC(0) Capturing TAMS for YOUNG Region 216, was: 0x00000000c6c00000, now: 0x00000000c6c06e10
[0.229s][debug][gc                   ] GC(0) Capturing TAMS for YOUNG Region 217, was: 0x00000000c6c80000, now: 0x00000000c6d00000
[0.229s][debug][gc                   ] GC(0) Capturing TAMS for YOUNG Region 218, was: 0x00000000c6d00000, now: 0x00000000c6d80000
[0.229s][debug][gc                   ] GC(0) Capturing TAMS for YOUNG Region 219, was: 0x00000000c6d80000, now: 0x00000000c6ded8a8
[0.229s][debug][gc                   ] GC(0) Capturing TAMS for YOUNG Region 220, was: 0x00000000c6e00000, now: 0x00000000c6e80000
[0.229s][debug][gc                   ] GC(0) Capturing TAMS for YOUNG Region 221, was: 0x00000000c6e80000, now: 0x00000000c6eded98
[0.229s][debug][gc                   ] GC(0) Capturing TAMS for YOUNG Region 222, was: 0x00000000c6f00000, now: 0x00000000c6f80000
[0.229s][debug][gc                   ] GC(0) Capturing TAMS for YOUNG Region 223, was: 0x00000000c6f80000, now: 0x00000000c7000000
[0.229s][debug][gc                   ] GC(0) Capturing TAMS for YOUNG Region 224, was: 0x00000000c7000000, now: 0x00000000c7063c10
[0.229s][debug][gc                   ] GC(0) Capturing TAMS for YOUNG Region 225, was: 0x00000000c7080000, now: 0x00000000c7100000
[0.229s][debug][gc                   ] GC(0) Capturing TAMS for YOUNG Region 226, was: 0x00000000c7100000, now: 0x00000000c716e8c8
[0.229s][debug][gc                   ] GC(0) Capturing TAMS for YOUNG Region 227, was: 0x00000000c7180000, now: 0x00000000c7200000
[0.229s][debug][gc                   ] GC(0) Capturing TAMS for YOUNG Region 228, was: 0x00000000c7200000, now: 0x00000000c720b6d0
[0.229s][debug][gc                   ] GC(0) Capturing TAMS for YOUNG Region 229, was: 0x00000000c7280000, now: 0x00000000c7300000
[0.229s][debug][gc                   ] GC(0) Capturing TAMS for YOUNG Region 230, was: 0x00000000c7300000, now: 0x00000000c7335208
[0.229s][debug][gc                   ] GC(0) Capturing TAMS for YOUNG Region 231, was: 0x00000000c7380000, now: 0x00000000c7400000
[0.229s][debug][gc                   ] GC(0) Capturing TAMS for YOUNG Region 232, was: 0x00000000c7400000, now: 0x00000000c7464498
[0.229s][debug][gc                   ] GC(0) Capturing TAMS for YOUNG Region 233, was: 0x00000000c7480000, now: 0x00000000c7500000
[0.229s][debug][gc                   ] GC(0) Capturing TAMS for YOUNG Region 234, was: 0x00000000c7500000, now: 0x00000000c757cf00
[0.229s][debug][gc                   ] GC(0) Capturing TAMS for YOUNG Region 235, was: 0x00000000c7580000, now: 0x00000000c7600000
[0.229s][debug][gc                   ] GC(0) Capturing TAMS for YOUNG Region 236, was: 0x00000000c7600000, now: 0x00000000c7680000
[0.229s][debug][gc                   ] GC(0) Capturing TAMS for YOUNG Region 237, was: 0x00000000c7680000, now: 0x00000000c76dd3e0
[0.229s][debug][gc                   ] GC(0) Capturing TAMS for YOUNG Region 238, was: 0x00000000c7700000, now: 0x00000000c7780000
[0.229s][debug][gc                   ] GC(0) Capturing TAMS for YOUNG Region 239, was: 0x00000000c7780000, now: 0x00000000c7797800
[0.229s][debug][gc                   ] GC(0) Capturing TAMS for YOUNG Region 240, was: 0x00000000c7800000, now: 0x00000000c7880000
[0.229s][debug][gc                   ] GC(0) Capturing TAMS for YOUNG Region 241, was: 0x00000000c7880000, now: 0x00000000c7900000
[0.229s][debug][gc                   ] GC(0) Capturing TAMS for YOUNG Region 242, was: 0x00000000c7900000, now: 0x00000000c793a820
[0.229s][debug][gc                   ] GC(0) Capturing TAMS for YOUNG Region 243, was: 0x00000000c7980000, now: 0x00000000c7a00000
[0.229s][debug][gc                   ] GC(0) Capturing TAMS for YOUNG Region 244, was: 0x00000000c7a00000, now: 0x00000000c7a6f4b8
[0.229s][debug][gc                   ] GC(0) Capturing TAMS for YOUNG Region 245, was: 0x00000000c7a80000, now: 0x00000000c7b00000
[0.229s][debug][gc                   ] GC(0) Capturing TAMS for YOUNG Region 246, was: 0x00000000c7b00000, now: 0x00000000c7b237c8
[0.229s][debug][gc                   ] GC(0) Capturing TAMS for YOUNG Region 247, was: 0x00000000c7b80000, now: 0x00000000c7c00000
[0.229s][debug][gc                   ] GC(0) Capturing TAMS for YOUNG Region 248, was: 0x00000000c7c00000, now: 0x00000000c7c80000
[0.229s][debug][gc                   ] GC(0) Capturing TAMS for YOUNG Region 249, was: 0x00000000c7c80000, now: 0x00000000c7cd9f08
[0.229s][debug][gc                   ] GC(0) Capturing TAMS for YOUNG Region 250, was: 0x00000000c7d00000, now: 0x00000000c7d80000
[0.229s][debug][gc                   ] GC(0) Capturing TAMS for YOUNG Region 251, was: 0x00000000c7d80000, now: 0x00000000c7db0030
[0.229s][debug][gc                   ] GC(0) Capturing TAMS for YOUNG Region 252, was: 0x00000000c7e00000, now: 0x00000000c7e80000
[0.229s][debug][gc                   ] GC(0) Capturing TAMS for YOUNG Region 253, was: 0x00000000c7e80000, now: 0x00000000c7e9aa50
[0.229s][debug][gc                   ] GC(0) Capturing TAMS for YOUNG Region 254, was: 0x00000000c7f00000, now: 0x00000000c7f80000
[0.229s][debug][gc                   ] GC(0) Capturing TAMS for YOUNG Region 255, was: 0x00000000c7f80000, now: 0x00000000c7fe59c0
[0.229s][debug][gc                   ] GC(0) Capturing TAMS for YOUNG Region 256, was: 0x00000000c8000000, now: 0x00000000c8080000
[0.229s][debug][gc                   ] GC(0) Capturing TAMS for YOUNG Region 257, was: 0x00000000c8080000, now: 0x00000000c80b5a48
[0.229s][debug][gc                   ] GC(0) Capturing TAMS for YOUNG Region 258, was: 0x00000000c8100000, now: 0x00000000c8180000
[0.229s][debug][gc                   ] GC(0) Capturing TAMS for YOUNG Region 259, was: 0x00000000c8180000, now: 0x00000000c8185e08
[0.229s][debug][gc                   ] GC(0) Capturing TAMS for YOUNG Region 260, was: 0x00000000c8200000, now: 0x00000000c8280000
[0.229s][debug][gc                   ] GC(0) Capturing TAMS for YOUNG Region 261, was: 0x00000000c8280000, now: 0x00000000c828b568
[0.229s][debug][gc                   ] GC(0) Capturing TAMS for YOUNG Region 262, was: 0x00000000c8300000, now: 0x00000000c8380000
[0.229s][debug][gc                   ] GC(0) Capturing TAMS for YOUNG Region 263, was: 0x00000000c8380000, now: 0x00000000c8400000
[0.229s][debug][gc                   ] GC(0) Capturing TAMS for YOUNG Region 264, was: 0x00000000c8400000, now: 0x00000000c840e650
[0.229s][debug][gc                   ] GC(0) Capturing TAMS for YOUNG Region 265, was: 0x00000000c8480000, now: 0x00000000c8500000
[0.229s][debug][gc                   ] GC(0) Capturing TAMS for YOUNG Region 266, was: 0x00000000c8500000, now: 0x00000000c857fa78
[0.229s][debug][gc                   ] GC(0) Capturing TAMS for YOUNG Region 267, was: 0x00000000c8580000, now: 0x00000000c8600000
[0.229s][debug][gc                   ] GC(0) Capturing TAMS for YOUNG Region 268, was: 0x00000000c8600000, now: 0x00000000c867c5a8
[0.229s][debug][gc                   ] GC(0) Capturing TAMS for YOUNG Region 269, was: 0x00000000c8680000, now: 0x00000000c8700000
[0.229s][debug][gc                   ] GC(0) Capturing TAMS for YOUNG Region 270, was: 0x00000000c8700000, now: 0x00000000c8780000
[0.229s][debug][gc                   ] GC(0) Capturing TAMS for YOUNG Region 271, was: 0x00000000c8780000, now: 0x00000000c87d34d0
[0.229s][debug][gc                   ] GC(0) Capturing TAMS for YOUNG Region 272, was: 0x00000000c8800000, now: 0x00000000c8880000
[0.229s][debug][gc                   ] GC(0) Capturing TAMS for YOUNG Region 273, was: 0x00000000c8880000, now: 0x00000000c8900000
[0.229s][debug][gc                   ] GC(0) Capturing TAMS for YOUNG Region 274, was: 0x00000000c8900000, now: 0x00000000c8942768
[0.229s][debug][gc                   ] GC(0) Capturing TAMS for YOUNG Region 275, was: 0x00000000c8980000, now: 0x00000000c8a00000
[0.229s][debug][gc                   ] GC(0) Capturing TAMS for YOUNG Region 276, was: 0x00000000c8a00000, now: 0x00000000c8a2db18
[0.229s][debug][gc                   ] GC(0) Capturing TAMS for YOUNG Region 277, was: 0x00000000c8a80000, now: 0x00000000c8b00000
[0.229s][debug][gc                   ] GC(0) Capturing TAMS for YOUNG Region 278, was: 0x00000000c8b00000, now: 0x00000000c8b80000
[0.229s][debug][gc                   ] GC(0) Capturing TAMS for YOUNG Region 279, was: 0x00000000c8b80000, now: 0x00000000c8b8ead8
[0.229s][debug][gc                   ] GC(0) Capturing TAMS for YOUNG Region 280, was: 0x00000000c8c00000, now: 0x00000000c8c80000
[0.229s][debug][gc                   ] GC(0) Capturing TAMS for YOUNG Region 281, was: 0x00000000c8c80000, now: 0x00000000c8ce0320
[0.229s][debug][gc                   ] GC(0) Capturing TAMS for YOUNG Region 282, was: 0x00000000c8d00000, now: 0x00000000c8d80000
[0.229s][debug][gc                   ] GC(0) Capturing TAMS for YOUNG Region 283, was: 0x00000000c8d80000, now: 0x00000000c8e00000
[0.229s][debug][gc                   ] GC(0) Capturing TAMS for YOUNG Region 284, was: 0x00000000c8e00000, now: 0x00000000c8e1cc30
[0.229s][debug][gc                   ] GC(0) Capturing TAMS for YOUNG Region 285, was: 0x00000000c8e80000, now: 0x00000000c8f00000
[0.229s][debug][gc                   ] GC(0) Capturing TAMS for YOUNG Region 286, was: 0x00000000c8f00000, now: 0x00000000c8f1df40
[0.229s][debug][gc                   ] GC(0) Capturing TAMS for YOUNG Region 287, was: 0x00000000c8f80000, now: 0x00000000c9000000
[0.229s][debug][gc                   ] GC(0) Capturing TAMS for YOUNG Region 288, was: 0x00000000c9000000, now: 0x00000000c9080000
[0.229s][debug][gc                   ] GC(0) Capturing TAMS for YOUNG Region 289, was: 0x00000000c9080000, now: 0x00000000c90995e0
[0.229s][debug][gc                   ] GC(0) Capturing TAMS for YOUNG Region 290, was: 0x00000000c9100000, now: 0x00000000c9180000
[0.229s][debug][gc                   ] GC(0) Capturing TAMS for YOUNG Region 291, was: 0x00000000c9180000, now: 0x00000000c9200000
[0.229s][debug][gc                   ] GC(0) Capturing TAMS for YOUNG Region 292, was: 0x00000000c9200000, now: 0x00000000c926aa30
[0.229s][debug][gc                   ] GC(0) Capturing TAMS for YOUNG Region 293, was: 0x00000000c9280000, now: 0x00000000c9300000
[0.229s][debug][gc                   ] GC(0) Capturing TAMS for YOUNG Region 294, was: 0x00000000c9300000, now: 0x00000000c9368e40
[0.229s][debug][gc                   ] GC(0) Capturing TAMS for YOUNG Region 295, was: 0x00000000c9380000, now: 0x00000000c9400000
[0.229s][debug][gc                   ] GC(0) Capturing TAMS for YOUNG Region 296, was: 0x00000000c9400000, now: 0x00000000c9480000
[0.229s][debug][gc                   ] GC(0) Capturing TAMS for YOUNG Region 297, was: 0x00000000c9480000, now: 0x00000000c94db438
[0.229s][debug][gc                   ] GC(0) Capturing TAMS for YOUNG Region 298, was: 0x00000000c9500000, now: 0x00000000c9580000
[0.229s][debug][gc                   ] GC(0) Capturing TAMS for YOUNG Region 299, was: 0x00000000c9580000, now: 0x00000000c95b9128
[0.229s][debug][gc                   ] GC(0) Capturing TAMS for YOUNG Region 300, was: 0x00000000c9600000, now: 0x00000000c9680000
[0.229s][debug][gc                   ] GC(0) Capturing TAMS for YOUNG Region 301, was: 0x00000000c9680000, now: 0x00000000c9700000
[0.229s][debug][gc                   ] GC(0) Capturing TAMS for YOUNG Region 302, was: 0x00000000c9700000, now: 0x00000000c9777200
[0.229s][debug][gc                   ] GC(0) Capturing TAMS for YOUNG Region 303, was: 0x00000000c9780000, now: 0x00000000c9800000
[0.229s][debug][gc                   ] GC(0) Capturing TAMS for YOUNG Region 304, was: 0x00000000c9800000, now: 0x00000000c9880000
[0.229s][debug][gc                   ] GC(0) Capturing TAMS for YOUNG Region 305, was: 0x00000000c9880000, now: 0x00000000c988fc50
[0.229s][debug][gc                   ] GC(0) Capturing TAMS for YOUNG Region 306, was: 0x00000000c9900000, now: 0x00000000c9980000
[0.229s][debug][gc                   ] GC(0) Capturing TAMS for YOUNG Region 307, was: 0x00000000c9980000, now: 0x00000000c9a00000
[0.229s][debug][gc                   ] GC(0) Capturing TAMS for YOUNG Region 308, was: 0x00000000c9a00000, now: 0x00000000c9a13cd8
[0.229s][debug][gc                   ] GC(0) Capturing TAMS for YOUNG Region 309, was: 0x00000000c9a80000, now: 0x00000000c9b00000
[0.229s][debug][gc                   ] GC(0) Capturing TAMS for YOUNG Region 310, was: 0x00000000c9b00000, now: 0x00000000c9b80000
[0.229s][debug][gc                   ] GC(0) Capturing TAMS for YOUNG Region 311, was: 0x00000000c9b80000, now: 0x00000000c9be5ae0
[0.229s][debug][gc                   ] GC(0) Capturing TAMS for YOUNG Region 312, was: 0x00000000c9c00000, now: 0x00000000c9c80000
[0.229s][debug][gc                   ] GC(0) Capturing TAMS for YOUNG Region 313, was: 0x00000000c9c80000, now: 0x00000000c9d00000
[0.229s][debug][gc                   ] GC(0) Capturing TAMS for YOUNG Region 314, was: 0x00000000c9d00000, now: 0x00000000c9d76cc8
[0.229s][debug][gc                   ] GC(0) Capturing TAMS for YOUNG Region 315, was: 0x00000000c9d80000, now: 0x00000000c9e00000
[0.229s][debug][gc                   ] GC(0) Capturing TAMS for YOUNG Region 316, was: 0x00000000c9e00000, now: 0x00000000c9e2b4d8
[0.229s][debug][gc                   ] GC(0) Capturing TAMS for YOUNG Region 317, was: 0x00000000c9e80000, now: 0x00000000c9f00000
[0.229s][debug][gc                   ] GC(0) Capturing TAMS for YOUNG Region 318, was: 0x00000000c9f00000, now: 0x00000000c9f80000
[0.229s][debug][gc                   ] GC(0) Capturing TAMS for YOUNG Region 319, was: 0x00000000c9f80000, now: 0x00000000c9fcc770
[0.229s][debug][gc                   ] GC(0) Capturing TAMS for YOUNG Region 320, was: 0x00000000ca000000, now: 0x00000000ca080000
[0.229s][debug][gc                   ] GC(0) Capturing TAMS for YOUNG Region 321, was: 0x00000000ca080000, now: 0x00000000ca0d75c0
[0.229s][debug][gc                   ] GC(0) Capturing TAMS for YOUNG Region 322, was: 0x00000000ca100000, now: 0x00000000ca180000
[0.229s][debug][gc                   ] GC(0) Capturing TAMS for YOUNG Region 323, was: 0x00000000ca180000, now: 0x00000000ca1d6ee8
[0.229s][debug][gc                   ] GC(0) Capturing TAMS for YOUNG Region 324, was: 0x00000000ca200000, now: 0x00000000ca280000
[0.229s][debug][gc                   ] GC(0) Capturing TAMS for YOUNG Region 325, was: 0x00000000ca280000, now: 0x00000000ca300000
[0.229s][debug][gc                   ] GC(0) Capturing TAMS for YOUNG Region 326, was: 0x00000000ca300000, now: 0x00000000ca338368
[0.229s][debug][gc                   ] GC(0) Capturing TAMS for YOUNG Region 327, was: 0x00000000ca380000, now: 0x00000000ca400000
[0.229s][debug][gc                   ] GC(0) Capturing TAMS for YOUNG Region 328, was: 0x00000000ca400000, now: 0x00000000ca466258
[0.229s][debug][gc                   ] GC(0) Capturing TAMS for YOUNG Region 329, was: 0x00000000ca480000, now: 0x00000000ca500000
[0.229s][debug][gc                   ] GC(0) Capturing TAMS for YOUNG Region 330, was: 0x00000000ca500000, now: 0x00000000ca508c50
[0.229s][debug][gc                   ] GC(0) Capturing TAMS for YOUNG Region 331, was: 0x00000000ca580000, now: 0x00000000ca600000
[0.229s][debug][gc                   ] GC(0) Capturing TAMS for YOUNG Region 332, was: 0x00000000ca600000, now: 0x00000000ca680000
[0.229s][debug][gc                   ] GC(0) Capturing TAMS for YOUNG Region 333, was: 0x00000000ca680000, now: 0x00000000ca6c7118
[0.229s][debug][gc                   ] GC(0) Capturing TAMS for YOUNG Region 334, was: 0x00000000ca700000, now: 0x00000000ca780000
[0.229s][debug][gc                   ] GC(0) Capturing TAMS for YOUNG Region 335, was: 0x00000000ca780000, now: 0x00000000ca800000
[0.229s][debug][gc                   ] GC(0) Capturing TAMS for YOUNG Region 336, was: 0x00000000ca800000, now: 0x00000000ca8645c8
[0.229s][debug][gc                   ] GC(0) Capturing TAMS for YOUNG Region 337, was: 0x00000000ca880000, now: 0x00000000ca900000
[0.229s][debug][gc                   ] GC(0) Capturing TAMS for YOUNG Region 338, was: 0x00000000ca900000, now: 0x00000000ca980000
[0.229s][debug][gc                   ] GC(0) Capturing TAMS for YOUNG Region 339, was: 0x00000000ca980000, now: 0x00000000ca9b3df0
[0.229s][debug][gc                   ] GC(0) Capturing TAMS for YOUNG Region 340, was: 0x00000000caa00000, now: 0x00000000caa80000
[0.229s][debug][gc                   ] GC(0) Capturing TAMS for YOUNG Region 341, was: 0x00000000caa80000, now: 0x00000000cab00000
[0.229s][debug][gc                   ] GC(0) Capturing TAMS for YOUNG Region 342, was: 0x00000000cab00000, now: 0x00000000cab4c818
[0.229s][debug][gc                   ] GC(0) Capturing TAMS for YOUNG Region 343, was: 0x00000000cab80000, now: 0x00000000cac00000
[0.229s][debug][gc                   ] GC(0) Capturing TAMS for YOUNG Region 344, was: 0x00000000cac00000, now: 0x00000000cac41658
[0.229s][debug][gc                   ] GC(0) Capturing TAMS for YOUNG Region 345, was: 0x00000000cac80000, now: 0x00000000cad00000
[0.229s][debug][gc                   ] GC(0) Capturing TAMS for YOUNG Region 346, was: 0x00000000cad00000, now: 0x00000000cad47858
[0.229s][debug][gc                   ] GC(0) Capturing TAMS for YOUNG Region 347, was: 0x00000000cad80000, now: 0x00000000cae00000
[0.229s][debug][gc                   ] GC(0) Capturing TAMS for YOUNG Region 348, was: 0x00000000cae00000, now: 0x00000000cae80000
[0.229s][debug][gc                   ] GC(0) Capturing TAMS for YOUNG Region 349, was: 0x00000000cae80000, now: 0x00000000caed44a8
[0.229s][debug][gc                   ] GC(0) Capturing TAMS for YOUNG Region 350, was: 0x00000000caf00000, now: 0x00000000caf80000
[0.229s][debug][gc                   ] GC(0) Capturing TAMS for YOUNG Region 351, was: 0x00000000caf80000, now: 0x00000000cafea158
[0.229s][debug][gc                   ] GC(0) Capturing TAMS for YOUNG Region 352, was: 0x00000000cb000000, now: 0x00000000cb080000
[0.229s][debug][gc                   ] GC(0) Capturing TAMS for YOUNG Region 353, was: 0x00000000cb080000, now: 0x00000000cb0e4f28
[0.229s][debug][gc                   ] GC(0) Capturing TAMS for YOUNG Region 354, was: 0x00000000cb100000, now: 0x00000000cb180000
[0.229s][debug][gc                   ] GC(0) Capturing TAMS for YOUNG Region 355, was: 0x00000000cb180000, now: 0x00000000cb1cbb68
[0.229s][debug][gc                   ] GC(0) Capturing TAMS for YOUNG Region 356, was: 0x00000000cb200000, now: 0x00000000cb280000
[0.229s][debug][gc                   ] GC(0) Capturing TAMS for YOUNG Region 357, was: 0x00000000cb280000, now: 0x00000000cb282888
[0.229s][debug][gc                   ] GC(0) Capturing TAMS for YOUNG Region 358, was: 0x00000000cb300000, now: 0x00000000cb380000
[0.229s][debug][gc                   ] GC(0) Capturing TAMS for YOUNG Region 359, was: 0x00000000cb380000, now: 0x00000000cb400000
[0.229s][debug][gc                   ] GC(0) Capturing TAMS for YOUNG Region 360, was: 0x00000000cb400000, now: 0x00000000cb406330
[0.229s][debug][gc                   ] GC(0) Capturing TAMS for YOUNG Region 361, was: 0x00000000cb480000, now: 0x00000000cb500000
[0.229s][debug][gc                   ] GC(0) Capturing TAMS for YOUNG Region 362, was: 0x00000000cb500000, now: 0x00000000cb5061b0
[0.229s][debug][gc                   ] GC(0) Capturing TAMS for YOUNG Region 363, was: 0x00000000cb580000, now: 0x00000000cb600000
[0.229s][debug][gc                   ] GC(0) Capturing TAMS for YOUNG Region 364, was: 0x00000000cb600000, now: 0x00000000cb680000
[0.229s][debug][gc                   ] GC(0) Capturing TAMS for YOUNG Region 365, was: 0x00000000cb680000, now: 0x00000000cb6b2f70
[0.229s][debug][gc                   ] GC(0) Capturing TAMS for YOUNG Region 366, was: 0x00000000cb700000, now: 0x00000000cb780000
[0.229s][debug][gc                   ] GC(0) Capturing TAMS for YOUNG Region 367, was: 0x00000000cb780000, now: 0x00000000cb7d6348
[0.229s][debug][gc                   ] GC(0) Capturing TAMS for YOUNG Region 368, was: 0x00000000cb800000, now: 0x00000000cb880000
[0.229s][debug][gc                   ] GC(0) Capturing TAMS for YOUNG Region 369, was: 0x00000000cb880000, now: 0x00000000cb8ef340
[0.229s][debug][gc                   ] GC(0) Capturing TAMS for YOUNG Region 370, was: 0x00000000cb900000, now: 0x00000000cb980000
[0.229s][debug][gc                   ] GC(0) Capturing TAMS for YOUNG Region 371, was: 0x00000000cb980000, now: 0x00000000cba00000
[0.229s][debug][gc                   ] GC(0) Capturing TAMS for YOUNG Region 372, was: 0x00000000cba00000, now: 0x00000000cba44180
[0.229s][debug][gc                   ] GC(0) Capturing TAMS for YOUNG Region 373, was: 0x00000000cba80000, now: 0x00000000cbb00000
[0.229s][debug][gc                   ] GC(0) Capturing TAMS for YOUNG Region 374, was: 0x00000000cbb00000, now: 0x00000000cbb80000
[0.229s][debug][gc                   ] GC(0) Capturing TAMS for YOUNG Region 375, was: 0x00000000cbb80000, now: 0x00000000cbba2238
[0.229s][debug][gc                   ] GC(0) Capturing TAMS for YOUNG Region 376, was: 0x00000000cbc00000, now: 0x00000000cbc80000
[0.229s][debug][gc                   ] GC(0) Capturing TAMS for YOUNG Region 377, was: 0x00000000cbc80000, now: 0x00000000cbce50d8
[0.229s][debug][gc                   ] GC(0) Capturing TAMS for YOUNG Region 378, was: 0x00000000cbd00000, now: 0x00000000cbd80000
[0.229s][debug][gc                   ] GC(0) Capturing TAMS for YOUNG Region 379, was: 0x00000000cbd80000, now: 0x00000000cbdd6b28
[0.229s][debug][gc                   ] GC(0) Capturing TAMS for YOUNG Region 380, was: 0x00000000cbe00000, now: 0x00000000cbe80000
[0.229s][debug][gc                   ] GC(0) Capturing TAMS for YOUNG Region 381, was: 0x00000000cbe80000, now: 0x00000000cbee7010
[0.229s][debug][gc                   ] GC(0) Capturing TAMS for YOUNG Region 382, was: 0x00000000cbf00000, now: 0x00000000cbf80000
[0.229s][debug][gc                   ] GC(0) Capturing TAMS for YOUNG Region 383, was: 0x00000000cbf80000, now: 0x00000000cbfec040
[0.229s][debug][gc                   ] GC(0) Capturing TAMS for YOUNG Region 384, was: 0x00000000cc000000, now: 0x00000000cc080000
[0.229s][debug][gc                   ] GC(0) Capturing TAMS for YOUNG Region 385, was: 0x00000000cc080000, now: 0x00000000cc100000
[0.229s][debug][gc                   ] GC(0) Capturing TAMS for YOUNG Region 386, was: 0x00000000cc100000, now: 0x00000000cc10f268
[0.229s][debug][gc                   ] GC(0) Capturing TAMS for YOUNG Region 387, was: 0x00000000cc180000, now: 0x00000000cc200000
[0.229s][debug][gc                   ] GC(0) Capturing TAMS for YOUNG Region 388, was: 0x00000000cc200000, now: 0x00000000cc280000
[0.229s][debug][gc                   ] GC(0) Capturing TAMS for YOUNG Region 389, was: 0x00000000cc280000, now: 0x00000000cc2fa258
[0.229s][debug][gc                   ] GC(0) Capturing TAMS for YOUNG Region 390, was: 0x00000000cc300000, now: 0x00000000cc380000
[0.229s][debug][gc                   ] GC(0) Capturing TAMS for YOUNG Region 391, was: 0x00000000cc380000, now: 0x00000000cc394488
[0.229s][debug][gc                   ] GC(0) Capturing TAMS for YOUNG Region 392, was: 0x00000000cc400000, now: 0x00000000cc480000
[0.229s][debug][gc                   ] GC(0) Capturing TAMS for YOUNG Region 393, was: 0x00000000cc480000, now: 0x00000000cc500000
[0.229s][debug][gc                   ] GC(0) Capturing TAMS for YOUNG Region 394, was: 0x00000000cc500000, now: 0x00000000cc502860
[0.229s][debug][gc                   ] GC(0) Capturing TAMS for YOUNG Region 395, was: 0x00000000cc580000, now: 0x00000000cc600000
[0.229s][debug][gc                   ] GC(0) Capturing TAMS for YOUNG Region 396, was: 0x00000000cc600000, now: 0x00000000cc680000
[0.229s][debug][gc                   ] GC(0) Capturing TAMS for YOUNG Region 397, was: 0x00000000cc680000, now: 0x00000000cc6f0b10
[0.229s][debug][gc                   ] GC(0) Capturing TAMS for YOUNG Region 398, was: 0x00000000cc700000, now: 0x00000000cc780000
[0.229s][debug][gc                   ] GC(0) Capturing TAMS for YOUNG Region 399, was: 0x00000000cc780000, now: 0x00000000cc800000
[0.229s][debug][gc                   ] GC(0) Capturing TAMS for YOUNG Region 400, was: 0x00000000cc800000, now: 0x00000000cc84d3f0
[0.229s][debug][gc                   ] GC(0) Capturing TAMS for YOUNG Region 401, was: 0x00000000cc880000, now: 0x00000000cc900000
[0.229s][debug][gc                   ] GC(0) Capturing TAMS for YOUNG Region 402, was: 0x00000000cc900000, now: 0x00000000cc980000
[0.229s][debug][gc                   ] GC(0) Capturing TAMS for YOUNG Region 403, was: 0x00000000cc980000, now: 0x00000000cc9ab5e8
[0.229s][debug][gc                   ] GC(0) Capturing TAMS for YOUNG Region 404, was: 0x00000000cca00000, now: 0x00000000cca80000
[0.229s][debug][gc                   ] GC(0) Capturing TAMS for YOUNG Region 405, was: 0x00000000cca80000, now: 0x00000000ccac1570
[0.229s][debug][gc                   ] GC(0) Capturing TAMS for YOUNG Region 406, was: 0x00000000ccb00000, now: 0x00000000ccb80000
[0.229s][debug][gc                   ] GC(0) Capturing TAMS for YOUNG Region 407, was: 0x00000000ccb80000, now: 0x00000000ccc00000
[0.229s][debug][gc                   ] GC(0) Capturing TAMS for YOUNG Region 408, was: 0x00000000ccc00000, now: 0x00000000ccc1de20
[0.229s][debug][gc                   ] GC(0) Capturing TAMS for YOUNG Region 409, was: 0x00000000ccc80000, now: 0x00000000ccd00000
[0.229s][debug][gc                   ] GC(0) Capturing TAMS for YOUNG Region 410, was: 0x00000000ccd00000, now: 0x00000000ccd80000
[0.229s][debug][gc                   ] GC(0) Capturing TAMS for YOUNG Region 411, was: 0x00000000ccd80000, now: 0x00000000ccdbbe88
[0.229s][debug][gc                   ] GC(0) Capturing TAMS for YOUNG Region 412, was: 0x00000000cce00000, now: 0x00000000cce80000
[0.229s][debug][gc                   ] GC(0) Capturing TAMS for YOUNG Region 413, was: 0x00000000cce80000, now: 0x00000000ccf00000
[0.229s][debug][gc                   ] GC(0) Capturing TAMS for YOUNG Region 414, was: 0x00000000ccf00000, now: 0x00000000ccf1d288
[0.229s][debug][gc                   ] GC(0) Capturing TAMS for YOUNG Region 415, was: 0x00000000ccf80000, now: 0x00000000cd000000
[0.229s][debug][gc                   ] GC(0) Capturing TAMS for YOUNG Region 416, was: 0x00000000cd000000, now: 0x00000000cd026138
[0.229s][debug][gc                   ] GC(0) Capturing TAMS for YOUNG Region 417, was: 0x00000000cd080000, now: 0x00000000cd100000
[0.229s][debug][gc                   ] GC(0) Capturing TAMS for YOUNG Region 418, was: 0x00000000cd100000, now: 0x00000000cd1005a0
[0.229s][debug][gc                   ] GC(0) Capturing TAMS for YOUNG Region 419, was: 0x00000000cd180000, now: 0x00000000cd200000
[0.229s][debug][gc                   ] GC(0) Capturing TAMS for YOUNG Region 420, was: 0x00000000cd200000, now: 0x00000000cd280000
[0.229s][debug][gc                   ] GC(0) Capturing TAMS for YOUNG Region 421, was: 0x00000000cd280000, now: 0x00000000cd2e0f90
[0.229s][debug][gc                   ] GC(0) Capturing TAMS for YOUNG Region 422, was: 0x00000000cd300000, now: 0x00000000cd380000
[0.229s][debug][gc                   ] GC(0) Capturing TAMS for YOUNG Region 423, was: 0x00000000cd380000, now: 0x00000000cd3e4100
[0.229s][debug][gc                   ] GC(0) Capturing TAMS for YOUNG Region 424, was: 0x00000000cd400000, now: 0x00000000cd480000
[0.229s][debug][gc                   ] GC(0) Capturing TAMS for YOUNG Region 425, was: 0x00000000cd480000, now: 0x00000000cd48f798
[0.229s][debug][gc                   ] GC(0) Capturing TAMS for YOUNG Region 426, was: 0x00000000cd500000, now: 0x00000000cd580000
[0.229s][debug][gc                   ] GC(0) Capturing TAMS for YOUNG Region 427, was: 0x00000000cd580000, now: 0x00000000cd600000
[0.229s][debug][gc                   ] GC(0) Capturing TAMS for YOUNG Region 428, was: 0x00000000cd600000, now: 0x00000000cd62d4c0
[0.229s][debug][gc                   ] GC(0) Capturing TAMS for YOUNG Region 429, was: 0x00000000cd680000, now: 0x00000000cd700000
[0.229s][debug][gc                   ] GC(0) Capturing TAMS for YOUNG Region 430, was: 0x00000000cd700000, now: 0x00000000cd73eed8
[0.229s][debug][gc                   ] GC(0) Capturing TAMS for YOUNG Region 431, was: 0x00000000cd780000, now: 0x00000000cd800000
[0.229s][debug][gc                   ] GC(0) Capturing TAMS for YOUNG Region 432, was: 0x00000000cd800000, now: 0x00000000cd835988
[0.229s][debug][gc                   ] GC(0) Capturing TAMS for YOUNG Region 433, was: 0x00000000cd880000, now: 0x00000000cd900000
[0.229s][debug][gc                   ] GC(0) Capturing TAMS for YOUNG Region 434, was: 0x00000000cd900000, now: 0x00000000cd92faa8
[0.229s][debug][gc                   ] GC(0) Capturing TAMS for YOUNG Region 435, was: 0x00000000cd980000, now: 0x00000000cda00000
[0.229s][debug][gc                   ] GC(0) Capturing TAMS for YOUNG Region 436, was: 0x00000000cda00000, now: 0x00000000cda2d420
[0.229s][debug][gc                   ] GC(0) Capturing TAMS for YOUNG Region 437, was: 0x00000000cda80000, now: 0x00000000cdb00000
[0.229s][debug][gc                   ] GC(0) Capturing TAMS for YOUNG Region 438, was: 0x00000000cdb00000, now: 0x00000000cdb80000
[0.229s][debug][gc                   ] GC(0) Capturing TAMS for YOUNG Region 439, was: 0x00000000cdb80000, now: 0x00000000cdb9f0d0
[0.229s][debug][gc                   ] GC(0) Capturing TAMS for YOUNG Region 440, was: 0x00000000cdc00000, now: 0x00000000cdc80000
[0.229s][debug][gc                   ] GC(0) Capturing TAMS for YOUNG Region 441, was: 0x00000000cdc80000, now: 0x00000000cdd00000
[0.229s][debug][gc                   ] GC(0) Capturing TAMS for YOUNG Region 442, was: 0x00000000cdd00000, now: 0x00000000cdd728e8
[0.229s][debug][gc                   ] GC(0) Capturing TAMS for YOUNG Region 443, was: 0x00000000cdd80000, now: 0x00000000cde00000
[0.229s][debug][gc                   ] GC(0) Capturing TAMS for YOUNG Region 444, was: 0x00000000cde00000, now: 0x00000000cde7c068
[0.229s][debug][gc                   ] GC(0) Capturing TAMS for YOUNG Region 445, was: 0x00000000cde80000, now: 0x00000000cdf00000
[0.229s][debug][gc                   ] GC(0) Capturing TAMS for YOUNG Region 446, was: 0x00000000cdf00000, now: 0x00000000cdf21a50
[0.229s][debug][gc                   ] GC(0) Capturing TAMS for YOUNG Region 447, was: 0x00000000cdf80000, now: 0x00000000ce000000
[0.229s][debug][gc                   ] GC(0) Capturing TAMS for YOUNG Region 448, was: 0x00000000ce000000, now: 0x00000000ce078168
[0.229s][debug][gc                   ] GC(0) Capturing TAMS for YOUNG Region 449, was: 0x00000000ce080000, now: 0x00000000ce100000
[0.229s][debug][gc                   ] GC(0) Capturing TAMS for YOUNG Region 450, was: 0x00000000ce100000, now: 0x00000000ce180000
[0.229s][debug][gc                   ] GC(0) Capturing TAMS for YOUNG Region 451, was: 0x00000000ce180000, now: 0x00000000ce194290
[0.229s][debug][gc                   ] GC(0) Capturing TAMS for YOUNG Region 452, was: 0x00000000ce200000, now: 0x00000000ce280000
[0.229s][debug][gc                   ] GC(0) Capturing TAMS for YOUNG Region 453, was: 0x00000000ce280000, now: 0x00000000ce2a8320
[0.229s][debug][gc                   ] GC(0) Capturing TAMS for YOUNG Region 454, was: 0x00000000ce300000, now: 0x00000000ce380000
[0.229s][debug][gc                   ] GC(0) Capturing TAMS for YOUNG Region 455, was: 0x00000000ce380000, now: 0x00000000ce3db090
[0.229s][debug][gc                   ] GC(0) Capturing TAMS for YOUNG Region 456, was: 0x00000000ce400000, now: 0x00000000ce480000
[0.229s][debug][gc                   ] GC(0) Capturing TAMS for YOUNG Region 457, was: 0x00000000ce480000, now: 0x00000000ce500000
[0.229s][debug][gc                   ] GC(0) Capturing TAMS for YOUNG Region 458, was: 0x00000000ce500000, now: 0x00000000ce5174e8
[0.229s][debug][gc                   ] GC(0) Capturing TAMS for YOUNG Region 459, was: 0x00000000ce580000, now: 0x00000000ce600000
[0.229s][debug][gc                   ] GC(0) Capturing TAMS for YOUNG Region 460, was: 0x00000000ce600000, now: 0x00000000ce680000
[0.229s][debug][gc                   ] GC(0) Capturing TAMS for YOUNG Region 461, was: 0x00000000ce680000, now: 0x00000000ce6f78f0
[0.229s][debug][gc                   ] GC(0) Capturing TAMS for YOUNG Region 462, was: 0x00000000ce700000, now: 0x00000000ce780000
[0.229s][debug][gc                   ] GC(0) Capturing TAMS for YOUNG Region 463, was: 0x00000000ce780000, now: 0x00000000ce800000
[0.229s][debug][gc                   ] GC(0) Capturing TAMS for YOUNG Region 464, was: 0x00000000ce800000, now: 0x00000000ce832af8
[0.229s][debug][gc                   ] GC(0) Capturing TAMS for YOUNG Region 465, was: 0x00000000ce880000, now: 0x00000000ce900000
[0.229s][debug][gc                   ] GC(0) Capturing TAMS for YOUNG Region 466, was: 0x00000000ce900000, now: 0x00000000ce941ea8
[0.229s][debug][gc                   ] GC(0) Capturing TAMS for YOUNG Region 467, was: 0x00000000ce980000, now: 0x00000000cea00000
[0.229s][debug][gc                   ] GC(0) Capturing TAMS for YOUNG Region 468, was: 0x00000000cea00000, now: 0x00000000cea62640
[0.229s][debug][gc                   ] GC(0) Capturing TAMS for YOUNG Region 469, was: 0x00000000cea80000, now: 0x00000000ceb00000
[0.229s][debug][gc                   ] GC(0) Capturing TAMS for YOUNG Region 470, was: 0x00000000ceb00000, now: 0x00000000ceb80000
[0.229s][debug][gc                   ] GC(0) Capturing TAMS for YOUNG Region 471, was: 0x00000000ceb80000, now: 0x00000000cebbe468
[0.229s][debug][gc                   ] GC(0) Capturing TAMS for YOUNG Region 472, was: 0x00000000cec00000, now: 0x00000000cec80000
[0.229s][debug][gc                   ] GC(0) Capturing TAMS for YOUNG Region 473, was: 0x00000000cec80000, now: 0x00000000ced00000
[0.229s][debug][gc                   ] GC(0) Capturing TAMS for YOUNG Region 474, was: 0x00000000ced00000, now: 0x00000000ced79ce8
[0.229s][debug][gc                   ] GC(0) Capturing TAMS for YOUNG Region 475, was: 0x00000000ced80000, now: 0x00000000cee00000
[0.229s][debug][gc                   ] GC(0) Capturing TAMS for YOUNG Region 476, was: 0x00000000cee00000, now: 0x00000000cee174c8
[0.229s][debug][gc                   ] GC(0) Capturing TAMS for YOUNG Region 477, was: 0x00000000cee80000, now: 0x00000000cef00000
[0.229s][debug][gc                   ] GC(0) Capturing TAMS for YOUNG Region 478, was: 0x00000000cef00000, now: 0x00000000cef107d8
[0.229s][debug][gc                   ] GC(0) Capturing TAMS for YOUNG Region 479, was: 0x00000000cef80000, now: 0x00000000cf000000
[0.229s][debug][gc                   ] GC(0) Capturing TAMS for YOUNG Region 480, was: 0x00000000cf000000, now: 0x00000000cf080000
[0.229s][debug][gc                   ] GC(0) Capturing TAMS for YOUNG Region 481, was: 0x00000000cf080000, now: 0x00000000cf0be5d0
[0.229s][debug][gc                   ] GC(0) Capturing TAMS for YOUNG Region 482, was: 0x00000000cf100000, now: 0x00000000cf180000
[0.229s][debug][gc                   ] GC(0) Capturing TAMS for YOUNG Region 483, was: 0x00000000cf180000, now: 0x00000000cf200000
[0.229s][debug][gc                   ] GC(0) Capturing TAMS for YOUNG Region 484, was: 0x00000000cf200000, now: 0x00000000cf270f20
[0.229s][debug][gc                   ] GC(0) Capturing TAMS for YOUNG Region 485, was: 0x00000000cf280000, now: 0x00000000cf300000
[0.229s][debug][gc                   ] GC(0) Capturing TAMS for YOUNG Region 486, was: 0x00000000cf300000, now: 0x00000000cf380000
[0.229s][debug][gc                   ] GC(0) Capturing TAMS for YOUNG Region 487, was: 0x00000000cf380000, now: 0x00000000cf3c8518
[0.229s][debug][gc                   ] GC(0) Capturing TAMS for YOUNG Region 1884, was: 0x00000000fae00000, now: 0x00000000fae48418
[0.229s][debug][gc                   ] GC(0) Capturing TAMS for YOUNG Region 1885, was: 0x00000000fae80000, now: 0x00000000faec18d8
[0.229s][debug][gc                   ] GC(0) Capturing TAMS for YOUNG Region 1886, was: 0x00000000faf00000, now: 0x00000000faf7a550
[0.229s][debug][gc                   ] GC(0) Capturing TAMS for YOUNG Region 1887, was: 0x00000000faf80000, now: 0x00000000fafd35d0
[0.229s][debug][gc                   ] GC(0) Capturing TAMS for YOUNG Region 1888, was: 0x00000000fb000000, now: 0x00000000fb079c00
[0.229s][debug][gc                   ] GC(0) Capturing TAMS for YOUNG Region 1889, was: 0x00000000fb080000, now: 0x00000000fb0ffcd0
[0.229s][debug][gc                   ] GC(0) Capturing TAMS for YOUNG Region 1890, was: 0x00000000fb100000, now: 0x00000000fb17f7a8
[0.229s][debug][gc                   ] GC(0) Capturing TAMS for YOUNG Region 1891, was: 0x00000000fb180000, now: 0x00000000fb1de9e0
[0.229s][debug][gc                   ] GC(0) Capturing TAMS for YOUNG Region 1892, was: 0x00000000fb200000, now: 0x00000000fb26c8d0
[0.229s][debug][gc                   ] GC(0) Capturing TAMS for YOUNG Region 1893, was: 0x00000000fb280000, now: 0x00000000fb2fbf30
[0.229s][debug][gc                   ] GC(0) Capturing TAMS for YOUNG Region 1894, was: 0x00000000fb300000, now: 0x00000000fb371ff8
[0.229s][debug][gc                   ] GC(0) Capturing TAMS for YOUNG Region 1895, was: 0x00000000fb380000, now: 0x00000000fb3fb458
[0.229s][debug][gc                   ] GC(0) Capturing TAMS for YOUNG Region 1896, was: 0x00000000fb400000, now: 0x00000000fb47c258
[0.229s][debug][gc                   ] GC(0) Capturing TAMS for YOUNG Region 1897, was: 0x00000000fb480000, now: 0x00000000fb4e4b88
[0.229s][debug][gc                   ] GC(0) Capturing TAMS for YOUNG Region 1898, was: 0x00000000fb500000, now: 0x00000000fb57b1a8
[0.229s][debug][gc                   ] GC(0) Capturing TAMS for YOUNG Region 1899, was: 0x00000000fb580000, now: 0x00000000fb5f0630
[0.229s][debug][gc                   ] GC(0) Capturing TAMS for YOUNG Region 1900, was: 0x00000000fb600000, now: 0x00000000fb67f780
[0.229s][debug][gc                   ] GC(0) Capturing TAMS for YOUNG Region 1901, was: 0x00000000fb680000, now: 0x00000000fb6ec438
[0.229s][debug][gc                   ] GC(0) Capturing TAMS for YOUNG Region 1902, was: 0x00000000fb700000, now: 0x00000000fb77f990
[0.229s][debug][gc                   ] GC(0) Capturing TAMS for YOUNG Region 1903, was: 0x00000000fb780000, now: 0x00000000fb7f8958
[0.229s][debug][gc                   ] GC(0) Capturing TAMS for YOUNG Region 1904, was: 0x00000000fb800000, now: 0x00000000fb876310
[0.229s][debug][gc                   ] GC(0) Capturing TAMS for YOUNG Region 1905, was: 0x00000000fb880000, now: 0x00000000fb8f8d38
[0.229s][debug][gc                   ] GC(0) Capturing TAMS for YOUNG Region 1906, was: 0x00000000fb900000, now: 0x00000000fb97c7d8
[0.229s][debug][gc                   ] GC(0) Capturing TAMS for YOUNG Region 1907, was: 0x00000000fb980000, now: 0x00000000fb9f26a0
[0.229s][debug][gc                   ] GC(0) Capturing TAMS for YOUNG Region 1908, was: 0x00000000fba00000, now: 0x00000000fba7bdb8
[0.229s][debug][gc                   ] GC(0) Capturing TAMS for YOUNG Region 1909, was: 0x00000000fba80000, now: 0x00000000fbaeb508
[0.229s][debug][gc                   ] GC(0) Capturing TAMS for YOUNG Region 1910, was: 0x00000000fbb00000, now: 0x00000000fbb80000
[0.229s][debug][gc                   ] GC(0) Capturing TAMS for YOUNG Region 1911, was: 0x00000000fbb80000, now: 0x00000000fbbf6d28
[0.229s][debug][gc                   ] GC(0) Capturing TAMS for YOUNG Region 1912, was: 0x00000000fbc00000, now: 0x00000000fbc7c3c8
[0.229s][debug][gc                   ] GC(0) Capturing TAMS for YOUNG Region 1913, was: 0x00000000fbc80000, now: 0x00000000fbceec48
[0.229s][debug][gc                   ] GC(0) Capturing TAMS for YOUNG Region 1914, was: 0x00000000fbd00000, now: 0x00000000fbd721f8
[0.229s][debug][gc                   ] GC(0) Capturing TAMS for YOUNG Region 1915, was: 0x00000000fbd80000, now: 0x00000000fbdf0788
[0.229s][debug][gc                   ] GC(0) Capturing TAMS for YOUNG Region 1916, was: 0x00000000fbe00000, now: 0x00000000fbe71b20
[0.229s][debug][gc                   ] GC(0) Capturing TAMS for YOUNG Region 1917, was: 0x00000000fbe80000, now: 0x00000000fbef59a0
[0.229s][debug][gc                   ] GC(0) Capturing TAMS for YOUNG Region 1918, was: 0x00000000fbf00000, now: 0x00000000fbf71188
[0.229s][debug][gc                   ] GC(0) Capturing TAMS for YOUNG Region 1919, was: 0x00000000fbf80000, now: 0x00000000fbffab48
[0.229s][debug][gc                   ] GC(0) Capturing TAMS for YOUNG Region 1920, was: 0x00000000fc000000, now: 0x00000000fc076d48
[0.229s][debug][gc                   ] GC(0) Capturing TAMS for YOUNG Region 1921, was: 0x00000000fc080000, now: 0x00000000fc0f6b18
[0.229s][debug][gc                   ] GC(0) Capturing TAMS for YOUNG Region 1922, was: 0x00000000fc100000, now: 0x00000000fc17a8e0
[0.229s][debug][gc                   ] GC(0) Capturing TAMS for YOUNG Region 1923, was: 0x00000000fc180000, now: 0x00000000fc1feef0
[0.229s][debug][gc                   ] GC(0) Capturing TAMS for YOUNG Region 1924, was: 0x00000000fc200000, now: 0x00000000fc27c008
[0.229s][debug][gc                   ] GC(0) Capturing TAMS for YOUNG Region 1925, was: 0x00000000fc280000, now: 0x00000000fc2ff758
[0.229s][debug][gc                   ] GC(0) Capturing TAMS for YOUNG Region 1926, was: 0x00000000fc300000, now: 0x00000000fc36b368
[0.229s][debug][gc                   ] GC(0) Capturing TAMS for YOUNG Region 1927, was: 0x00000000fc380000, now: 0x00000000fc3eb680
[0.229s][debug][gc                   ] GC(0) Capturing TAMS for YOUNG Region 1928, was: 0x00000000fc400000, now: 0x00000000fc479a80
[0.229s][debug][gc                   ] GC(0) Capturing TAMS for YOUNG Region 1929, was: 0x00000000fc480000, now: 0x00000000fc4fb468
[0.229s][debug][gc                   ] GC(0) Capturing TAMS for YOUNG Region 1930, was: 0x00000000fc500000, now: 0x00000000fc57e568
[0.229s][debug][gc                   ] GC(0) Capturing TAMS for YOUNG Region 1931, was: 0x00000000fc580000, now: 0x00000000fc5f23a0
[0.229s][trace][gc,tlab              ] ThreadLocalAllocBuffer::compute_size(184108) returns failure
[0.229s][debug][gc                   ] Setting affiliation of Region 488 from FREE to YOUNG, top: 0x00000000cf400000, TAMS: 0x00000000cf400000, watermark: 0x00000000cf400000, top_bitmap: 0x00000000cf400000
[0.229s][debug][gc                   ] Setting affiliation of Region 489 from FREE to YOUNG, top: 0x00000000cf480000, TAMS: 0x00000000cf480000, watermark: 0x00000000cf480000, top_bitmap: 0x00000000cf480000
[0.229s][debug][gc                   ] Setting affiliation of Region 490 from FREE to YOUNG, top: 0x00000000cf500000, TAMS: 0x00000000cf500000, watermark: 0x00000000cf500000, top_bitmap: 0x00000000cf500000
[0.229s][debug][gc                   ] GC(0) Capturing TAMS for YOUNG Region 1932, was: 0x00000000fc600000, now: 0x00000000fc675098
[0.229s][debug][gc                   ] GC(0) Capturing TAMS for YOUNG Region 1933, was: 0x00000000fc680000, now: 0x00000000fc6f57b0
[0.229s][debug][gc                   ] GC(0) Capturing TAMS for YOUNG Region 1934, was: 0x00000000fc700000, now: 0x00000000fc76c470
[0.229s][debug][gc                   ] GC(0) Capturing TAMS for YOUNG Region 1935, was: 0x00000000fc780000, now: 0x00000000fc7fd850
[0.229s][debug][gc                   ] GC(0) Capturing TAMS for YOUNG Region 1936, was: 0x00000000fc800000, now: 0x00000000fc880000
[0.229s][debug][gc                   ] GC(0) Capturing TAMS for YOUNG Region 1937, was: 0x00000000fc880000, now: 0x00000000fc900000
[0.229s][debug][gc                   ] GC(0) Capturing TAMS for YOUNG Region 1938, was: 0x00000000fc900000, now: 0x00000000fc980000
[0.229s][debug][gc                   ] GC(0) Capturing TAMS for YOUNG Region 1939, was: 0x00000000fc980000, now: 0x00000000fca00000
[0.229s][debug][gc                   ] GC(0) Capturing TAMS for YOUNG Region 1940, was: 0x00000000fca00000, now: 0x00000000fca80000
[0.229s][debug][gc                   ] GC(0) Capturing TAMS for YOUNG Region 1941, was: 0x00000000fca80000, now: 0x00000000fcb00000
[0.229s][debug][gc                   ] GC(0) Capturing TAMS for YOUNG Region 1942, was: 0x00000000fcb00000, now: 0x00000000fcb80000
[0.229s][debug][gc                   ] GC(0) Capturing TAMS for YOUNG Region 1943, was: 0x00000000fcb80000, now: 0x00000000fcc00000
[0.229s][debug][gc                   ] GC(0) Capturing TAMS for YOUNG Region 1944, was: 0x00000000fcc00000, now: 0x00000000fcc80000
[0.229s][info ][gc                   ] GC(0) Concurrent reset (YOUNG) 6.972ms
Going to clean from 7faa97dd5000 to 7faa97fd4fff
[0.230s][trace][gc,tlab              ] ThreadLocalAllocBuffer::compute_size(86304) returns failure
[0.230s][debug][gc                   ] Setting affiliation of Region 491 from FREE to YOUNG, top: 0x00000000cf580000, TAMS: 0x00000000cf580000, watermark: 0x00000000cf580000, top_bitmap: 0x00000000cf580000
[0.230s][debug][gc                   ] Setting affiliation of Region 492 from FREE to YOUNG, top: 0x00000000cf600000, TAMS: 0x00000000cf600000, watermark: 0x00000000cf600000, top_bitmap: 0x00000000cf600000
[0.230s][trace][gc,tlab              ] ThreadLocalAllocBuffer::compute_size(152356) returns failure
[0.230s][debug][gc                   ] Setting affiliation of Region 493 from FREE to YOUNG, top: 0x00000000cf680000, TAMS: 0x00000000cf680000, watermark: 0x00000000cf680000, top_bitmap: 0x00000000cf680000
[0.230s][debug][gc                   ] Setting affiliation of Region 494 from FREE to YOUNG, top: 0x00000000cf700000, TAMS: 0x00000000cf700000, watermark: 0x00000000cf700000, top_bitmap: 0x00000000cf700000
[0.230s][debug][gc                   ] Setting affiliation of Region 495 from FREE to YOUNG, top: 0x00000000cf780000, TAMS: 0x00000000cf780000, watermark: 0x00000000cf780000, top_bitmap: 0x00000000cf780000
[0.230s][info ][gc,remset            ] GC(0) Cleaned read_table from 0x00007faa97dd5000 to 0x00007faa97fd4fff
[0.230s][debug][gc,heap              ] GC(0) Prologue: active_generation is nullptr, gc_generation is Young
[0.231s][info ][gc,start             ] GC(0) Pause Init Mark (YOUNG)
[0.231s][trace][gc,task              ] GC(0) Shenandoah GC Threads: using 16 out of 16 workers
[0.231s][info ][gc,task              ] GC(0) Using 16 of 16 workers for init marking
[0.231s][trace][gc,barrier           ] GC(0) ShenandoahCardTable::swap_bases:
[0.231s][trace][gc,barrier           ] GC(0)     &_byte_map[0]: 0x00007faa983d5000  &_byte_map[_last_valid_index]: 0x00007faa985d4fff
[0.231s][trace][gc,barrier           ] GC(0)     _byte_map: 0x00007faa983d5000
[0.231s][info ][gc,remset            ] GC(0) Swapping RemSet to: 0x00007faa97dd5000
[0.231s][trace][gc,task              ] GC(0) Shenandoah GC Threads: using 16 out of 16 workers
[0.231s][info ][gc,start             ] GC(0) Verify Before Mark, Level 4
[0.231s][debug][gc                   ] GC(0) ShenandoahCalculateRegionStatsClosure: adding 524288 for humongous Region 0, yielding: 524288
[0.231s][debug][gc                   ] GC(0) ShenandoahCalculateRegionStatsClosure: adding 524288 for humongous Region 1, yielding: 1048576
[0.231s][debug][gc                   ] GC(0) ShenandoahCalculateRegionStatsClosure: adding 522912 for humongous Region 2, yielding: 1571488
[0.231s][debug][gc                   ] GC(0) ShenandoahCalculateRegionStatsClosure: adding 524288 for humongous Region 3, yielding: 2095776
[0.231s][debug][gc                   ] GC(0) ShenandoahCalculateRegionStatsClosure: adding 29136 for humongous Region 4, yielding: 2124912
[0.231s][debug][gc                   ] GC(0) ShenandoahCalculateRegionStatsClosure: adding 524288 for humongous Region 5, yielding: 2649200
[0.231s][debug][gc                   ] GC(0) ShenandoahCalculateRegionStatsClosure: adding 524288 for humongous Region 6, yielding: 3173488
[0.231s][debug][gc                   ] GC(0) ShenandoahCalculateRegionStatsClosure: adding 321648 for humongous Region 7, yielding: 3495136
[0.231s][debug][gc                   ] GC(0) ShenandoahCalculateRegionStatsClosure: adding 524288 for humongous Region 8, yielding: 4019424
[0.231s][debug][gc                   ] GC(0) ShenandoahCalculateRegionStatsClosure: adding 524288 for humongous Region 9, yielding: 4543712
[0.231s][debug][gc                   ] GC(0) ShenandoahCalculateRegionStatsClosure: adding 246672 for humongous Region 10, yielding: 4790384
[0.231s][debug][gc                   ] GC(0) ShenandoahCalculateRegionStatsClosure: adding 524288 for humongous Region 11, yielding: 5314672
[0.231s][debug][gc                   ] GC(0) ShenandoahCalculateRegionStatsClosure: adding 524288 for humongous Region 12, yielding: 5838960
[0.231s][debug][gc                   ] GC(0) ShenandoahCalculateRegionStatsClosure: adding 292144 for humongous Region 13, yielding: 6131104
[0.231s][debug][gc                   ] GC(0) ShenandoahCalculateRegionStatsClosure: adding 524288 for humongous Region 14, yielding: 6655392
[0.231s][debug][gc                   ] GC(0) ShenandoahCalculateRegionStatsClosure: adding 524288 for humongous Region 15, yielding: 7179680
[0.231s][debug][gc                   ] GC(0) ShenandoahCalculateRegionStatsClosure: adding 387520 for humongous Region 16, yielding: 7567200
[0.231s][debug][gc                   ] GC(0) ShenandoahCalculateRegionStatsClosure: adding 524288 for humongous Region 17, yielding: 8091488
[0.231s][debug][gc                   ] GC(0) ShenandoahCalculateRegionStatsClosure: adding 524288 for humongous Region 18, yielding: 8615776
[0.231s][debug][gc                   ] GC(0) ShenandoahCalculateRegionStatsClosure: adding 471832 for humongous Region 19, yielding: 9087608
[0.231s][debug][gc                   ] GC(0) ShenandoahCalculateRegionStatsClosure: adding 524288 for humongous Region 20, yielding: 9611896
[0.231s][debug][gc                   ] GC(0) ShenandoahCalculateRegionStatsClosure: adding 524288 for humongous Region 21, yielding: 10136184
[0.231s][debug][gc                   ] GC(0) ShenandoahCalculateRegionStatsClosure: adding 371696 for humongous Region 22, yielding: 10507880
[0.231s][debug][gc                   ] GC(0) ShenandoahCalculateRegionStatsClosure: adding 524288 for humongous Region 23, yielding: 11032168
[0.231s][debug][gc                   ] GC(0) ShenandoahCalculateRegionStatsClosure: adding 524288 for humongous Region 24, yielding: 11556456
[0.231s][debug][gc                   ] GC(0) ShenandoahCalculateRegionStatsClosure: adding 200208 for humongous Region 25, yielding: 11756664
[0.231s][debug][gc                   ] GC(0) ShenandoahCalculateRegionStatsClosure: adding 524288 for humongous Region 26, yielding: 12280952
[0.231s][debug][gc                   ] GC(0) ShenandoahCalculateRegionStatsClosure: adding 194776 for humongous Region 27, yielding: 12475728
[0.231s][debug][gc                   ] GC(0) ShenandoahCalculateRegionStatsClosure: adding 524288 for humongous Region 28, yielding: 13000016
[0.231s][debug][gc                   ] GC(0) ShenandoahCalculateRegionStatsClosure: adding 419576 for humongous Region 29, yielding: 13419592
[0.231s][debug][gc                   ] GC(0) ShenandoahCalculateRegionStatsClosure: adding 524288 for humongous Region 30, yielding: 13943880
[0.231s][debug][gc                   ] GC(0) ShenandoahCalculateRegionStatsClosure: adding 523648 for humongous Region 31, yielding: 14467528
[0.231s][debug][gc                   ] GC(0) ShenandoahCalculateRegionStatsClosure: adding 524288 for humongous Region 32, yielding: 14991816
[0.231s][debug][gc                   ] GC(0) ShenandoahCalculateRegionStatsClosure: adding 524288 for humongous Region 33, yielding: 15516104
[0.231s][debug][gc                   ] GC(0) ShenandoahCalculateRegionStatsClosure: adding 314304 for humongous Region 34, yielding: 15830408
[0.231s][debug][gc                   ] GC(0) ShenandoahCalculateRegionStatsClosure: adding 524288 for humongous Region 35, yielding: 16354696
[0.231s][debug][gc                   ] GC(0) ShenandoahCalculateRegionStatsClosure: adding 524288 for humongous Region 36, yielding: 16878984
[0.231s][debug][gc                   ] GC(0) ShenandoahCalculateRegionStatsClosure: adding 225360 for humongous Region 37, yielding: 17104344
[0.231s][debug][gc                   ] GC(0) ShenandoahCalculateRegionStatsClosure: adding 524288 for humongous Region 38, yielding: 17628632
[0.231s][debug][gc                   ] GC(0) ShenandoahCalculateRegionStatsClosure: adding 10832 for humongous Region 39, yielding: 17639464
[0.231s][debug][gc                   ] GC(0) ShenandoahCalculateRegionStatsClosure: adding 524288 for humongous Region 40, yielding: 18163752
[0.231s][debug][gc                   ] GC(0) ShenandoahCalculateRegionStatsClosure: adding 197768 for humongous Region 41, yielding: 18361520
[0.231s][debug][gc                   ] GC(0) ShenandoahCalculateRegionStatsClosure: adding 524288 for humongous Region 42, yielding: 18885808
[0.231s][debug][gc                   ] GC(0) ShenandoahCalculateRegionStatsClosure: adding 524288 for humongous Region 43, yielding: 19410096
[0.231s][debug][gc                   ] GC(0) ShenandoahCalculateRegionStatsClosure: adding 45344 for humongous Region 44, yielding: 19455440
[0.231s][debug][gc                   ] GC(0) ShenandoahCalculateRegionStatsClosure: adding 524288 for humongous Region 45, yielding: 19979728
[0.231s][debug][gc                   ] GC(0) ShenandoahCalculateRegionStatsClosure: adding 248360 for humongous Region 46, yielding: 20228088
[0.231s][debug][gc                   ] GC(0) ShenandoahCalculateRegionStatsClosure: adding 524288 for humongous Region 47, yielding: 20752376
[0.231s][debug][gc                   ] GC(0) ShenandoahCalculateRegionStatsClosure: adding 211624 for humongous Region 48, yielding: 20964000
[0.231s][debug][gc                   ] GC(0) ShenandoahCalculateRegionStatsClosure: adding 524288 for humongous Region 49, yielding: 21488288
[0.231s][debug][gc                   ] GC(0) ShenandoahCalculateRegionStatsClosure: adding 524288 for humongous Region 50, yielding: 22012576
[0.231s][debug][gc                   ] GC(0) ShenandoahCalculateRegionStatsClosure: adding 434696 for humongous Region 51, yielding: 22447272
[0.231s][debug][gc                   ] GC(0) ShenandoahCalculateRegionStatsClosure: adding 524288 for humongous Region 52, yielding: 22971560
[0.231s][debug][gc                   ] GC(0) ShenandoahCalculateRegionStatsClosure: adding 505992 for humongous Region 53, yielding: 23477552
[0.231s][debug][gc                   ] GC(0) ShenandoahCalculateRegionStatsClosure: adding 524288 for humongous Region 54, yielding: 24001840
[0.231s][debug][gc                   ] GC(0) ShenandoahCalculateRegionStatsClosure: adding 201120 for humongous Region 55, yielding: 24202960
[0.231s][debug][gc                   ] GC(0) ShenandoahCalculateRegionStatsClosure: adding 524288 for humongous Region 56, yielding: 24727248
[0.231s][debug][gc                   ] GC(0) ShenandoahCalculateRegionStatsClosure: adding 524288 for humongous Region 57, yielding: 25251536
[0.231s][debug][gc                   ] GC(0) ShenandoahCalculateRegionStatsClosure: adding 499168 for humongous Region 58, yielding: 25750704
[0.231s][debug][gc                   ] GC(0) ShenandoahCalculateRegionStatsClosure: adding 524288 for humongous Region 59, yielding: 26274992
[0.231s][debug][gc                   ] GC(0) ShenandoahCalculateRegionStatsClosure: adding 22512 for humongous Region 60, yielding: 26297504
[0.231s][debug][gc                   ] GC(0) ShenandoahCalculateRegionStatsClosure: adding 524288 for humongous Region 61, yielding: 26821792
[0.231s][debug][gc                   ] GC(0) ShenandoahCalculateRegionStatsClosure: adding 524288 for humongous Region 62, yielding: 27346080
[0.231s][debug][gc                   ] GC(0) ShenandoahCalculateRegionStatsClosure: adding 98168 for humongous Region 63, yielding: 27444248
[0.231s][debug][gc                   ] GC(0) ShenandoahCalculateRegionStatsClosure: adding 524288 for humongous Region 64, yielding: 27968536
[0.231s][debug][gc                   ] GC(0) ShenandoahCalculateRegionStatsClosure: adding 524288 for humongous Region 65, yielding: 28492824
[0.231s][debug][gc                   ] GC(0) ShenandoahCalculateRegionStatsClosure: adding 48344 for humongous Region 66, yielding: 28541168
[0.231s][debug][gc                   ] GC(0) ShenandoahCalculateRegionStatsClosure: adding 524288 for humongous Region 67, yielding: 29065456
[0.231s][debug][gc                   ] GC(0) ShenandoahCalculateRegionStatsClosure: adding 460776 for humongous Region 68, yielding: 29526232
[0.231s][debug][gc                   ] GC(0) ShenandoahCalculateRegionStatsClosure: adding 524288 for humongous Region 69, yielding: 30050520
[0.231s][debug][gc                   ] GC(0) ShenandoahCalculateRegionStatsClosure: adding 136496 for humongous Region 70, yielding: 30187016
[0.231s][debug][gc                   ] GC(0) ShenandoahCalculateRegionStatsClosure: adding 524288 for humongous Region 71, yielding: 30711304
[0.231s][debug][gc                   ] GC(0) ShenandoahCalculateRegionStatsClosure: adding 524288 for humongous Region 72, yielding: 31235592
[0.231s][debug][gc                   ] GC(0) ShenandoahCalculateRegionStatsClosure: adding 189720 for humongous Region 73, yielding: 31425312
[0.231s][debug][gc                   ] GC(0) ShenandoahCalculateRegionStatsClosure: adding 524288 for humongous Region 74, yielding: 31949600
[0.231s][debug][gc                   ] GC(0) ShenandoahCalculateRegionStatsClosure: adding 524288 for humongous Region 75, yielding: 32473888
[0.231s][debug][gc                   ] GC(0) ShenandoahCalculateRegionStatsClosure: adding 169016 for humongous Region 76, yielding: 32642904
[0.231s][debug][gc                   ] GC(0) ShenandoahCalculateRegionStatsClosure: adding 524288 for humongous Region 77, yielding: 33167192
[0.231s][debug][gc                   ] GC(0) ShenandoahCalculateRegionStatsClosure: adding 524288 for humongous Region 78, yielding: 33691480
[0.231s][debug][gc                   ] GC(0) ShenandoahCalculateRegionStatsClosure: adding 165672 for humongous Region 79, yielding: 33857152
[0.231s][debug][gc                   ] GC(0) ShenandoahCalculateRegionStatsClosure: adding 524288 for humongous Region 80, yielding: 34381440
[0.231s][debug][gc                   ] GC(0) ShenandoahCalculateRegionStatsClosure: adding 524288 for humongous Region 81, yielding: 34905728
[0.231s][debug][gc                   ] GC(0) ShenandoahCalculateRegionStatsClosure: adding 490584 for humongous Region 82, yielding: 35396312
[0.231s][debug][gc                   ] GC(0) ShenandoahCalculateRegionStatsClosure: adding 524288 for humongous Region 83, yielding: 35920600
[0.231s][debug][gc                   ] GC(0) ShenandoahCalculateRegionStatsClosure: adding 524288 for humongous Region 84, yielding: 36444888
[0.231s][debug][gc                   ] GC(0) ShenandoahCalculateRegionStatsClosure: adding 69832 for humongous Region 85, yielding: 36514720
[0.231s][debug][gc                   ] GC(0) ShenandoahCalculateRegionStatsClosure: adding 524288 for humongous Region 86, yielding: 37039008
[0.231s][debug][gc                   ] GC(0) ShenandoahCalculateRegionStatsClosure: adding 147472 for humongous Region 87, yielding: 37186480
[0.231s][debug][gc                   ] GC(0) ShenandoahCalculateRegionStatsClosure: adding 524288 for humongous Region 88, yielding: 37710768
[0.231s][debug][gc                   ] GC(0) ShenandoahCalculateRegionStatsClosure: adding 524288 for humongous Region 89, yielding: 38235056
[0.231s][debug][gc                   ] GC(0) ShenandoahCalculateRegionStatsClosure: adding 334280 for humongous Region 90, yielding: 38569336
[0.231s][debug][gc                   ] GC(0) ShenandoahCalculateRegionStatsClosure: adding 524288 for humongous Region 91, yielding: 39093624
[0.231s][debug][gc                   ] GC(0) ShenandoahCalculateRegionStatsClosure: adding 524288 for humongous Region 92, yielding: 39617912
[0.231s][debug][gc                   ] GC(0) ShenandoahCalculateRegionStatsClosure: adding 263288 for humongous Region 93, yielding: 39881200
[0.231s][debug][gc                   ] GC(0) ShenandoahCalculateRegionStatsClosure: adding 524288 for humongous Region 94, yielding: 40405488
[0.231s][debug][gc                   ] GC(0) ShenandoahCalculateRegionStatsClosure: adding 524288 for humongous Region 95, yielding: 40929776
[0.231s][debug][gc                   ] GC(0) ShenandoahCalculateRegionStatsClosure: adding 282016 for humongous Region 96, yielding: 41211792
[0.231s][debug][gc                   ] GC(0) ShenandoahCalculateRegionStatsClosure: adding 524288 for humongous Region 97, yielding: 41736080
[0.231s][debug][gc                   ] GC(0) ShenandoahCalculateRegionStatsClosure: adding 524288 for humongous Region 98, yielding: 42260368
[0.231s][debug][gc                   ] GC(0) ShenandoahCalculateRegionStatsClosure: adding 339824 for humongous Region 99, yielding: 42600192
[0.231s][debug][gc                   ] GC(0) ShenandoahCalculateRegionStatsClosure: adding 524288 for humongous Region 100, yielding: 43124480
[0.231s][debug][gc                   ] GC(0) ShenandoahCalculateRegionStatsClosure: adding 524288 for humongous Region 101, yielding: 43648768
[0.231s][debug][gc                   ] GC(0) ShenandoahCalculateRegionStatsClosure: adding 306936 for humongous Region 102, yielding: 43955704
[0.231s][debug][gc                   ] GC(0) ShenandoahCalculateRegionStatsClosure: adding 524288 for humongous Region 103, yielding: 44479992
[0.231s][debug][gc                   ] GC(0) ShenandoahCalculateRegionStatsClosure: adding 524288 for humongous Region 104, yielding: 45004280
[0.231s][debug][gc                   ] GC(0) ShenandoahCalculateRegionStatsClosure: adding 231584 for humongous Region 105, yielding: 45235864
[0.231s][debug][gc                   ] GC(0) ShenandoahCalculateRegionStatsClosure: adding 524288 for humongous Region 106, yielding: 45760152
[0.231s][debug][gc                   ] GC(0) ShenandoahCalculateRegionStatsClosure: adding 448096 for humongous Region 107, yielding: 46208248
[0.231s][debug][gc                   ] GC(0) ShenandoahCalculateRegionStatsClosure: adding 524288 for humongous Region 108, yielding: 46732536
[0.231s][debug][gc                   ] GC(0) ShenandoahCalculateRegionStatsClosure: adding 524288 for humongous Region 109, yielding: 47256824
[0.231s][debug][gc                   ] GC(0) ShenandoahCalculateRegionStatsClosure: adding 370480 for humongous Region 110, yielding: 47627304
[0.231s][debug][gc                   ] GC(0) ShenandoahCalculateRegionStatsClosure: adding 524288 for humongous Region 111, yielding: 48151592
[0.231s][debug][gc                   ] GC(0) ShenandoahCalculateRegionStatsClosure: adding 524288 for humongous Region 112, yielding: 48675880
[0.231s][debug][gc                   ] GC(0) ShenandoahCalculateRegionStatsClosure: adding 307928 for humongous Region 113, yielding: 48983808
[0.231s][debug][gc                   ] GC(0) ShenandoahCalculateRegionStatsClosure: adding 524288 for humongous Region 114, yielding: 49508096
[0.231s][debug][gc                   ] GC(0) ShenandoahCalculateRegionStatsClosure: adding 524288 for humongous Region 115, yielding: 50032384
[0.231s][debug][gc                   ] GC(0) ShenandoahCalculateRegionStatsClosure: adding 490264 for humongous Region 116, yielding: 50522648
[0.231s][debug][gc                   ] GC(0) ShenandoahCalculateRegionStatsClosure: adding 524288 for humongous Region 117, yielding: 51046936
[0.231s][debug][gc                   ] GC(0) ShenandoahCalculateRegionStatsClosure: adding 524288 for humongous Region 118, yielding: 51571224
[0.231s][debug][gc                   ] GC(0) ShenandoahCalculateRegionStatsClosure: adding 42000 for humongous Region 119, yielding: 51613224
[0.231s][debug][gc                   ] GC(0) ShenandoahCalculateRegionStatsClosure: adding 524288 for humongous Region 120, yielding: 52137512
[0.231s][debug][gc                   ] GC(0) ShenandoahCalculateRegionStatsClosure: adding 48560 for humongous Region 121, yielding: 52186072
[0.231s][debug][gc                   ] GC(0) ShenandoahCalculateRegionStatsClosure: adding 524288 for humongous Region 122, yielding: 52710360
[0.231s][debug][gc                   ] GC(0) ShenandoahCalculateRegionStatsClosure: adding 524288 for humongous Region 123, yielding: 53234648
[0.231s][debug][gc                   ] GC(0) ShenandoahCalculateRegionStatsClosure: adding 523600 for humongous Region 124, yielding: 53758248
[0.231s][debug][gc                   ] GC(0) ShenandoahCalculateRegionStatsClosure: adding 524288 for humongous Region 125, yielding: 54282536
[0.231s][debug][gc                   ] GC(0) ShenandoahCalculateRegionStatsClosure: adding 524288 for humongous Region 126, yielding: 54806824
[0.231s][debug][gc                   ] GC(0) ShenandoahCalculateRegionStatsClosure: adding 84536 for humongous Region 127, yielding: 54891360
[0.231s][debug][gc                   ] GC(0) ShenandoahCalculateRegionStatsClosure: adding 524288 for humongous Region 128, yielding: 55415648
[0.231s][debug][gc                   ] GC(0) ShenandoahCalculateRegionStatsClosure: adding 524288 for humongous Region 129, yielding: 55939936
[0.231s][debug][gc                   ] GC(0) ShenandoahCalculateRegionStatsClosure: adding 228792 for humongous Region 130, yielding: 56168728
[0.231s][debug][gc                   ] GC(0) ShenandoahCalculateRegionStatsClosure: adding 524288 for humongous Region 131, yielding: 56693016
[0.231s][debug][gc                   ] GC(0) ShenandoahCalculateRegionStatsClosure: adding 524288 for humongous Region 132, yielding: 57217304
[0.231s][debug][gc                   ] GC(0) ShenandoahCalculateRegionStatsClosure: adding 60096 for humongous Region 133, yielding: 57277400
[0.231s][debug][gc                   ] GC(0) ShenandoahCalculateRegionStatsClosure: adding 524288 for humongous Region 134, yielding: 57801688
[0.231s][debug][gc                   ] GC(0) ShenandoahCalculateRegionStatsClosure: adding 524288 for humongous Region 135, yielding: 58325976
[0.231s][debug][gc                   ] GC(0) ShenandoahCalculateRegionStatsClosure: adding 513744 for humongous Region 136, yielding: 58839720
[0.231s][debug][gc                   ] GC(0) ShenandoahCalculateRegionStatsClosure: adding 524288 for humongous Region 137, yielding: 59364008
[0.231s][debug][gc                   ] GC(0) ShenandoahCalculateRegionStatsClosure: adding 524288 for humongous Region 138, yielding: 59888296
[0.231s][debug][gc                   ] GC(0) ShenandoahCalculateRegionStatsClosure: adding 212264 for humongous Region 139, yielding: 60100560
[0.231s][debug][gc                   ] GC(0) ShenandoahCalculateRegionStatsClosure: adding 524288 for humongous Region 140, yielding: 60624848
[0.231s][debug][gc                   ] GC(0) ShenandoahCalculateRegionStatsClosure: adding 210064 for humongous Region 141, yielding: 60834912
[0.231s][debug][gc                   ] GC(0) ShenandoahCalculateRegionStatsClosure: adding 524288 for humongous Region 142, yielding: 61359200
[0.231s][debug][gc                   ] GC(0) ShenandoahCalculateRegionStatsClosure: adding 524288 for humongous Region 143, yielding: 61883488
[0.231s][debug][gc                   ] GC(0) ShenandoahCalculateRegionStatsClosure: adding 231392 for humongous Region 144, yielding: 62114880
[0.231s][debug][gc                   ] GC(0) ShenandoahCalculateRegionStatsClosure: adding 524288 for humongous Region 145, yielding: 62639168
[0.231s][debug][gc                   ] GC(0) ShenandoahCalculateRegionStatsClosure: adding 114432 for humongous Region 146, yielding: 62753600
[0.231s][debug][gc                   ] GC(0) ShenandoahCalculateRegionStatsClosure: adding 524288 for humongous Region 147, yielding: 63277888
[0.231s][debug][gc                   ] GC(0) ShenandoahCalculateRegionStatsClosure: adding 524288 for humongous Region 148, yielding: 63802176
[0.231s][debug][gc                   ] GC(0) ShenandoahCalculateRegionStatsClosure: adding 340488 for humongous Region 149, yielding: 64142664
[0.231s][debug][gc                   ] GC(0) ShenandoahCalculateRegionStatsClosure: adding 524288 for humongous Region 150, yielding: 64666952
[0.231s][debug][gc                   ] GC(0) ShenandoahCalculateRegionStatsClosure: adding 524288 for humongous Region 151, yielding: 65191240
[0.231s][debug][gc                   ] GC(0) ShenandoahCalculateRegionStatsClosure: adding 8328 for humongous Region 152, yielding: 65199568
[0.231s][debug][gc                   ] GC(0) ShenandoahCalculateRegionStatsClosure: adding 524288 for humongous Region 153, yielding: 65723856
[0.231s][debug][gc                   ] GC(0) ShenandoahCalculateRegionStatsClosure: adding 524288 for humongous Region 154, yielding: 66248144
[0.231s][debug][gc                   ] GC(0) ShenandoahCalculateRegionStatsClosure: adding 481768 for humongous Region 155, yielding: 66729912
[0.231s][debug][gc                   ] GC(0) ShenandoahCalculateRegionStatsClosure: adding 524288 for humongous Region 156, yielding: 67254200
[0.231s][debug][gc                   ] GC(0) ShenandoahCalculateRegionStatsClosure: adding 237624 for humongous Region 157, yielding: 67491824
[0.231s][debug][gc                   ] GC(0) ShenandoahCalculateRegionStatsClosure: adding 524288 for humongous Region 158, yielding: 68016112
[0.231s][debug][gc                   ] GC(0) ShenandoahCalculateRegionStatsClosure: adding 524288 for humongous Region 159, yielding: 68540400
[0.231s][debug][gc                   ] GC(0) ShenandoahCalculateRegionStatsClosure: adding 355960 for humongous Region 160, yielding: 68896360
[0.231s][debug][gc                   ] GC(0) ShenandoahCalculateRegionStatsClosure: adding 524288 for humongous Region 161, yielding: 69420648
[0.231s][debug][gc                   ] GC(0) ShenandoahCalculateRegionStatsClosure: adding 178080 for humongous Region 162, yielding: 69598728
[0.231s][debug][gc                   ] GC(0) ShenandoahCalculateRegionStatsClosure: adding 524288 for humongous Region 163, yielding: 70123016
[0.231s][debug][gc                   ] GC(0) ShenandoahCalculateRegionStatsClosure: adding 417776 for humongous Region 164, yielding: 70540792
[0.231s][debug][gc                   ] GC(0) ShenandoahCalculateRegionStatsClosure: adding 524288 for humongous Region 165, yielding: 71065080
[0.231s][debug][gc                   ] GC(0) ShenandoahCalculateRegionStatsClosure: adding 350360 for humongous Region 166, yielding: 71415440
[0.231s][debug][gc                   ] GC(0) ShenandoahCalculateRegionStatsClosure: adding 524288 for humongous Region 167, yielding: 71939728
[0.231s][debug][gc                   ] GC(0) ShenandoahCalculateRegionStatsClosure: adding 524288 for humongous Region 168, yielding: 72464016
[0.231s][debug][gc                   ] GC(0) ShenandoahCalculateRegionStatsClosure: adding 292896 for humongous Region 169, yielding: 72756912
[0.231s][debug][gc                   ] GC(0) ShenandoahCalculateRegionStatsClosure: adding 524288 for humongous Region 170, yielding: 73281200
[0.231s][debug][gc                   ] GC(0) ShenandoahCalculateRegionStatsClosure: adding 524288 for humongous Region 171, yielding: 73805488
[0.231s][debug][gc                   ] GC(0) ShenandoahCalculateRegionStatsClosure: adding 329480 for humongous Region 172, yielding: 74134968
[0.231s][debug][gc                   ] GC(0) ShenandoahCalculateRegionStatsClosure: adding 524288 for humongous Region 173, yielding: 74659256
[0.231s][debug][gc                   ] GC(0) ShenandoahCalculateRegionStatsClosure: adding 27376 for humongous Region 174, yielding: 74686632
[0.231s][debug][gc                   ] GC(0) ShenandoahCalculateRegionStatsClosure: adding 524288 for humongous Region 175, yielding: 75210920
[0.231s][debug][gc                   ] GC(0) ShenandoahCalculateRegionStatsClosure: adding 399000 for humongous Region 176, yielding: 75609920
[0.231s][debug][gc                   ] GC(0) ShenandoahCalculateRegionStatsClosure: adding 524288 for humongous Region 177, yielding: 76134208
[0.231s][debug][gc                   ] GC(0) ShenandoahCalculateRegionStatsClosure: adding 319432 for humongous Region 178, yielding: 76453640
[0.231s][debug][gc                   ] GC(0) ShenandoahCalculateRegionStatsClosure: adding 524288 for humongous Region 179, yielding: 76977928
[0.231s][debug][gc                   ] GC(0) ShenandoahCalculateRegionStatsClosure: adding 524288 for humongous Region 180, yielding: 77502216
[0.231s][debug][gc                   ] GC(0) ShenandoahCalculateRegionStatsClosure: adding 280272 for humongous Region 181, yielding: 77782488
[0.231s][debug][gc                   ] GC(0) ShenandoahCalculateRegionStatsClosure: adding 524288 for humongous Region 182, yielding: 78306776
[0.231s][debug][gc                   ] GC(0) ShenandoahCalculateRegionStatsClosure: adding 524288 for humongous Region 183, yielding: 78831064
[0.231s][debug][gc                   ] GC(0) ShenandoahCalculateRegionStatsClosure: adding 227784 for humongous Region 184, yielding: 79058848
[0.231s][debug][gc                   ] GC(0) ShenandoahCalculateRegionStatsClosure: adding 524288 for humongous Region 185, yielding: 79583136
[0.231s][debug][gc                   ] GC(0) ShenandoahCalculateRegionStatsClosure: adding 330136 for humongous Region 186, yielding: 79913272
[0.231s][debug][gc                   ] GC(0) ShenandoahCalculateRegionStatsClosure: adding 524288 for humongous Region 187, yielding: 80437560
[0.231s][debug][gc                   ] GC(0) ShenandoahCalculateRegionStatsClosure: adding 524288 for humongous Region 188, yielding: 80961848
[0.231s][debug][gc                   ] GC(0) ShenandoahCalculateRegionStatsClosure: adding 244656 for humongous Region 189, yielding: 81206504
[0.231s][debug][gc                   ] GC(0) ShenandoahCalculateRegionStatsClosure: adding 524288 for humongous Region 190, yielding: 81730792
[0.231s][debug][gc                   ] GC(0) ShenandoahCalculateRegionStatsClosure: adding 387448 for humongous Region 191, yielding: 82118240
[0.231s][debug][gc                   ] GC(0) ShenandoahCalculateRegionStatsClosure: adding 524288 for humongous Region 192, yielding: 82642528
[0.231s][debug][gc                   ] GC(0) ShenandoahCalculateRegionStatsClosure: adding 524288 for humongous Region 193, yielding: 83166816
[0.231s][debug][gc                   ] GC(0) ShenandoahCalculateRegionStatsClosure: adding 216656 for humongous Region 194, yielding: 83383472
[0.231s][debug][gc                   ] GC(0) ShenandoahCalculateRegionStatsClosure: adding 524288 for humongous Region 195, yielding: 83907760
[0.231s][debug][gc                   ] GC(0) ShenandoahCalculateRegionStatsClosure: adding 524288 for humongous Region 196, yielding: 84432048
[0.231s][debug][gc                   ] GC(0) ShenandoahCalculateRegionStatsClosure: adding 355160 for humongous Region 197, yielding: 84787208
[0.231s][debug][gc                   ] GC(0) ShenandoahCalculateRegionStatsClosure: adding 524288 for humongous Region 198, yielding: 85311496
[0.231s][debug][gc                   ] GC(0) ShenandoahCalculateRegionStatsClosure: adding 377600 for humongous Region 199, yielding: 85689096
[0.231s][debug][gc                   ] GC(0) ShenandoahCalculateRegionStatsClosure: adding 524288 for humongous Region 200, yielding: 86213384
[0.231s][debug][gc                   ] GC(0) ShenandoahCalculateRegionStatsClosure: adding 372648 for humongous Region 201, yielding: 86586032
[0.231s][debug][gc                   ] GC(0) ShenandoahCalculateRegionStatsClosure: adding 524288 for humongous Region 202, yielding: 87110320
[0.231s][debug][gc                   ] GC(0) ShenandoahCalculateRegionStatsClosure: adding 524288 for humongous Region 203, yielding: 87634608
[0.231s][debug][gc                   ] GC(0) ShenandoahCalculateRegionStatsClosure: adding 79872 for humongous Region 204, yielding: 87714480
[0.231s][debug][gc                   ] GC(0) ShenandoahCalculateRegionStatsClosure: adding 524288 for humongous Region 205, yielding: 88238768
[0.231s][debug][gc                   ] GC(0) ShenandoahCalculateRegionStatsClosure: adding 524288 for humongous Region 206, yielding: 88763056
[0.231s][debug][gc                   ] GC(0) ShenandoahCalculateRegionStatsClosure: adding 355296 for humongous Region 207, yielding: 89118352
[0.231s][debug][gc                   ] GC(0) ShenandoahCalculateRegionStatsClosure: adding 524288 for humongous Region 208, yielding: 89642640
[0.231s][debug][gc                   ] GC(0) ShenandoahCalculateRegionStatsClosure: adding 524288 for humongous Region 209, yielding: 90166928
[0.231s][debug][gc                   ] GC(0) ShenandoahCalculateRegionStatsClosure: adding 316080 for humongous Region 210, yielding: 90483008
[0.231s][debug][gc                   ] GC(0) ShenandoahCalculateRegionStatsClosure: adding 524288 for humongous Region 211, yielding: 91007296
[0.231s][debug][gc                   ] GC(0) ShenandoahCalculateRegionStatsClosure: adding 258952 for humongous Region 212, yielding: 91266248
[0.231s][debug][gc                   ] GC(0) ShenandoahCalculateRegionStatsClosure: adding 524288 for humongous Region 213, yielding: 91790536
[0.231s][debug][gc                   ] GC(0) ShenandoahCalculateRegionStatsClosure: adding 116288 for humongous Region 214, yielding: 91906824
[0.231s][debug][gc                   ] GC(0) ShenandoahCalculateRegionStatsClosure: adding 524288 for humongous Region 215, yielding: 92431112
[0.231s][debug][gc                   ] GC(0) ShenandoahCalculateRegionStatsClosure: adding 28176 for humongous Region 216, yielding: 92459288
[0.231s][debug][gc                   ] GC(0) ShenandoahCalculateRegionStatsClosure: adding 524288 for humongous Region 217, yielding: 92983576
[0.231s][debug][gc                   ] GC(0) ShenandoahCalculateRegionStatsClosure: adding 524288 for humongous Region 218, yielding: 93507864
[0.231s][debug][gc                   ] GC(0) ShenandoahCalculateRegionStatsClosure: adding 448680 for humongous Region 219, yielding: 93956544
[0.231s][debug][gc                   ] GC(0) ShenandoahCalculateRegionStatsClosure: adding 524288 for humongous Region 220, yielding: 94480832
[0.231s][debug][gc                   ] GC(0) ShenandoahCalculateRegionStatsClosure: adding 388504 for humongous Region 221, yielding: 94869336
[0.231s][debug][gc                   ] GC(0) ShenandoahCalculateRegionStatsClosure: adding 524288 for humongous Region 222, yielding: 95393624
[0.231s][debug][gc                   ] GC(0) ShenandoahCalculateRegionStatsClosure: adding 524288 for humongous Region 223, yielding: 95917912
[0.231s][debug][gc                   ] GC(0) ShenandoahCalculateRegionStatsClosure: adding 408592 for humongous Region 224, yielding: 96326504
[0.231s][debug][gc                   ] GC(0) ShenandoahCalculateRegionStatsClosure: adding 524288 for humongous Region 225, yielding: 96850792
[0.231s][debug][gc                   ] GC(0) ShenandoahCalculateRegionStatsClosure: adding 452808 for humongous Region 226, yielding: 97303600
[0.231s][debug][gc                   ] GC(0) ShenandoahCalculateRegionStatsClosure: adding 524288 for humongous Region 227, yielding: 97827888
[0.231s][debug][gc                   ] GC(0) ShenandoahCalculateRegionStatsClosure: adding 46800 for humongous Region 228, yielding: 97874688
[0.231s][debug][gc                   ] GC(0) ShenandoahCalculateRegionStatsClosure: adding 524288 for humongous Region 229, yielding: 98398976
[0.231s][debug][gc                   ] GC(0) ShenandoahCalculateRegionStatsClosure: adding 217608 for humongous Region 230, yielding: 98616584
[0.231s][debug][gc                   ] GC(0) ShenandoahCalculateRegionStatsClosure: adding 524288 for humongous Region 231, yielding: 99140872
[0.231s][debug][gc                   ] GC(0) ShenandoahCalculateRegionStatsClosure: adding 410776 for humongous Region 232, yielding: 99551648
[0.231s][debug][gc                   ] GC(0) ShenandoahCalculateRegionStatsClosure: adding 524288 for humongous Region 233, yielding: 100075936
[0.231s][debug][gc                   ] GC(0) ShenandoahCalculateRegionStatsClosure: adding 511744 for humongous Region 234, yielding: 100587680
[0.231s][debug][gc                   ] GC(0) ShenandoahCalculateRegionStatsClosure: adding 524288 for humongous Region 235, yielding: 101111968
[0.231s][debug][gc                   ] GC(0) ShenandoahCalculateRegionStatsClosure: adding 524288 for humongous Region 236, yielding: 101636256
[0.231s][debug][gc                   ] GC(0) ShenandoahCalculateRegionStatsClosure: adding 381920 for humongous Region 237, yielding: 102018176
[0.231s][debug][gc                   ] GC(0) ShenandoahCalculateRegionStatsClosure: adding 524288 for humongous Region 238, yielding: 102542464
[0.231s][debug][gc                   ] GC(0) ShenandoahCalculateRegionStatsClosure: adding 96256 for humongous Region 239, yielding: 102638720
[0.231s][debug][gc                   ] GC(0) ShenandoahCalculateRegionStatsClosure: adding 524288 for humongous Region 240, yielding: 103163008
[0.231s][debug][gc                   ] GC(0) ShenandoahCalculateRegionStatsClosure: adding 524288 for humongous Region 241, yielding: 103687296
[0.231s][debug][gc                   ] GC(0) ShenandoahCalculateRegionStatsClosure: adding 239648 for humongous Region 242, yielding: 103926944
[0.231s][debug][gc                   ] GC(0) ShenandoahCalculateRegionStatsClosure: adding 524288 for humongous Region 243, yielding: 104451232
[0.231s][debug][gc                   ] GC(0) ShenandoahCalculateRegionStatsClosure: adding 455864 for humongous Region 244, yielding: 104907096
[0.231s][debug][gc                   ] GC(0) ShenandoahCalculateRegionStatsClosure: adding 524288 for humongous Region 245, yielding: 105431384
[0.231s][debug][gc                   ] GC(0) ShenandoahCalculateRegionStatsClosure: adding 145352 for humongous Region 246, yielding: 105576736
[0.231s][debug][gc                   ] GC(0) ShenandoahCalculateRegionStatsClosure: adding 524288 for humongous Region 247, yielding: 106101024
[0.231s][debug][gc                   ] GC(0) ShenandoahCalculateRegionStatsClosure: adding 524288 for humongous Region 248, yielding: 106625312
[0.231s][debug][gc                   ] GC(0) ShenandoahCalculateRegionStatsClosure: adding 368392 for humongous Region 249, yielding: 106993704
[0.231s][debug][gc                   ] GC(0) ShenandoahCalculateRegionStatsClosure: adding 524288 for humongous Region 250, yielding: 107517992
[0.231s][debug][gc                   ] GC(0) ShenandoahCalculateRegionStatsClosure: adding 196656 for humongous Region 251, yielding: 107714648
[0.231s][debug][gc                   ] GC(0) ShenandoahCalculateRegionStatsClosure: adding 524288 for humongous Region 252, yielding: 108238936
[0.231s][debug][gc                   ] GC(0) ShenandoahCalculateRegionStatsClosure: adding 109136 for humongous Region 253, yielding: 108348072
[0.231s][debug][gc                   ] GC(0) ShenandoahCalculateRegionStatsClosure: adding 524288 for humongous Region 254, yielding: 108872360
[0.231s][debug][gc                   ] GC(0) ShenandoahCalculateRegionStatsClosure: adding 416192 for humongous Region 255, yielding: 109288552
[0.231s][debug][gc                   ] GC(0) ShenandoahCalculateRegionStatsClosure: adding 524288 for humongous Region 256, yielding: 109812840
[0.231s][debug][gc                   ] GC(0) ShenandoahCalculateRegionStatsClosure: adding 219720 for humongous Region 257, yielding: 110032560
[0.231s][debug][gc                   ] GC(0) ShenandoahCalculateRegionStatsClosure: adding 524288 for humongous Region 258, yielding: 110556848
[0.231s][debug][gc                   ] GC(0) ShenandoahCalculateRegionStatsClosure: adding 24072 for humongous Region 259, yielding: 110580920
[0.231s][debug][gc                   ] GC(0) ShenandoahCalculateRegionStatsClosure: adding 524288 for humongous Region 260, yielding: 111105208
[0.231s][debug][gc                   ] GC(0) ShenandoahCalculateRegionStatsClosure: adding 46440 for humongous Region 261, yielding: 111151648
[0.231s][debug][gc                   ] GC(0) ShenandoahCalculateRegionStatsClosure: adding 524288 for humongous Region 262, yielding: 111675936
[0.231s][debug][gc                   ] GC(0) ShenandoahCalculateRegionStatsClosure: adding 524288 for humongous Region 263, yielding: 112200224
[0.231s][debug][gc                   ] GC(0) ShenandoahCalculateRegionStatsClosure: adding 58960 for humongous Region 264, yielding: 112259184
[0.231s][debug][gc                   ] GC(0) ShenandoahCalculateRegionStatsClosure: adding 524288 for humongous Region 265, yielding: 112783472
[0.231s][debug][gc                   ] GC(0) ShenandoahCalculateRegionStatsClosure: adding 522872 for humongous Region 266, yielding: 113306344
[0.231s][debug][gc                   ] GC(0) ShenandoahCalculateRegionStatsClosure: adding 524288 for humongous Region 267, yielding: 113830632
[0.231s][debug][gc                   ] GC(0) ShenandoahCalculateRegionStatsClosure: adding 509352 for humongous Region 268, yielding: 114339984
[0.231s][debug][gc                   ] GC(0) ShenandoahCalculateRegionStatsClosure: adding 524288 for humongous Region 269, yielding: 114864272
[0.231s][debug][gc                   ] GC(0) ShenandoahCalculateRegionStatsClosure: adding 524288 for humongous Region 270, yielding: 115388560
[0.231s][debug][gc                   ] GC(0) ShenandoahCalculateRegionStatsClosure: adding 341200 for humongous Region 271, yielding: 115729760
[0.231s][debug][gc                   ] GC(0) ShenandoahCalculateRegionStatsClosure: adding 524288 for humongous Region 272, yielding: 116254048
[0.231s][debug][gc                   ] GC(0) ShenandoahCalculateRegionStatsClosure: adding 524288 for humongous Region 273, yielding: 116778336
[0.231s][debug][gc                   ] GC(0) ShenandoahCalculateRegionStatsClosure: adding 272232 for humongous Region 274, yielding: 117050568
[0.231s][debug][gc                   ] GC(0) ShenandoahCalculateRegionStatsClosure: adding 524288 for humongous Region 275, yielding: 117574856
[0.231s][debug][gc                   ] GC(0) ShenandoahCalculateRegionStatsClosure: adding 187160 for humongous Region 276, yielding: 117762016
[0.231s][debug][gc                   ] GC(0) ShenandoahCalculateRegionStatsClosure: adding 524288 for humongous Region 277, yielding: 118286304
[0.231s][debug][gc                   ] GC(0) ShenandoahCalculateRegionStatsClosure: adding 524288 for humongous Region 278, yielding: 118810592
[0.231s][debug][gc                   ] GC(0) ShenandoahCalculateRegionStatsClosure: adding 60120 for humongous Region 279, yielding: 118870712
[0.231s][debug][gc                   ] GC(0) ShenandoahCalculateRegionStatsClosure: adding 524288 for humongous Region 280, yielding: 119395000
[0.231s][debug][gc                   ] GC(0) ShenandoahCalculateRegionStatsClosure: adding 394016 for humongous Region 281, yielding: 119789016
[0.231s][debug][gc                   ] GC(0) ShenandoahCalculateRegionStatsClosure: adding 524288 for humongous Region 282, yielding: 120313304
[0.231s][debug][gc                   ] GC(0) ShenandoahCalculateRegionStatsClosure: adding 524288 for humongous Region 283, yielding: 120837592
[0.231s][debug][gc                   ] GC(0) ShenandoahCalculateRegionStatsClosure: adding 117808 for humongous Region 284, yielding: 120955400
[0.231s][debug][gc                   ] GC(0) ShenandoahCalculateRegionStatsClosure: adding 524288 for humongous Region 285, yielding: 121479688
[0.231s][debug][gc                   ] GC(0) ShenandoahCalculateRegionStatsClosure: adding 122688 for humongous Region 286, yielding: 121602376
[0.231s][debug][gc                   ] GC(0) ShenandoahCalculateRegionStatsClosure: adding 524288 for humongous Region 287, yielding: 122126664
[0.231s][debug][gc                   ] GC(0) ShenandoahCalculateRegionStatsClosure: adding 524288 for humongous Region 288, yielding: 122650952
[0.231s][debug][gc                   ] GC(0) ShenandoahCalculateRegionStatsClosure: adding 103904 for humongous Region 289, yielding: 122754856
[0.231s][debug][gc                   ] GC(0) ShenandoahCalculateRegionStatsClosure: adding 524288 for humongous Region 290, yielding: 123279144
[0.231s][debug][gc                   ] GC(0) ShenandoahCalculateRegionStatsClosure: adding 524288 for humongous Region 291, yielding: 123803432
[0.231s][debug][gc                   ] GC(0) ShenandoahCalculateRegionStatsClosure: adding 436784 for humongous Region 292, yielding: 124240216
[0.231s][debug][gc                   ] GC(0) ShenandoahCalculateRegionStatsClosure: adding 524288 for humongous Region 293, yielding: 124764504
[0.231s][debug][gc                   ] GC(0) ShenandoahCalculateRegionStatsClosure: adding 429632 for humongous Region 294, yielding: 125194136
[0.231s][debug][gc                   ] GC(0) ShenandoahCalculateRegionStatsClosure: adding 524288 for humongous Region 295, yielding: 125718424
[0.231s][debug][gc                   ] GC(0) ShenandoahCalculateRegionStatsClosure: adding 524288 for humongous Region 296, yielding: 126242712
[0.231s][debug][gc                   ] GC(0) ShenandoahCalculateRegionStatsClosure: adding 373816 for humongous Region 297, yielding: 126616528
[0.231s][debug][gc                   ] GC(0) ShenandoahCalculateRegionStatsClosure: adding 524288 for humongous Region 298, yielding: 127140816
[0.231s][debug][gc                   ] GC(0) ShenandoahCalculateRegionStatsClosure: adding 233768 for humongous Region 299, yielding: 127374584
[0.231s][debug][gc                   ] GC(0) ShenandoahCalculateRegionStatsClosure: adding 524288 for humongous Region 300, yielding: 127898872
[0.231s][debug][gc                   ] GC(0) ShenandoahCalculateRegionStatsClosure: adding 524288 for humongous Region 301, yielding: 128423160
[0.231s][debug][gc                   ] GC(0) ShenandoahCalculateRegionStatsClosure: adding 487936 for humongous Region 302, yielding: 128911096
[0.231s][debug][gc                   ] GC(0) ShenandoahCalculateRegionStatsClosure: adding 524288 for humongous Region 303, yielding: 129435384
[0.231s][debug][gc                   ] GC(0) ShenandoahCalculateRegionStatsClosure: adding 524288 for humongous Region 304, yielding: 129959672
[0.231s][debug][gc                   ] GC(0) ShenandoahCalculateRegionStatsClosure: adding 64592 for humongous Region 305, yielding: 130024264
[0.231s][debug][gc                   ] GC(0) ShenandoahCalculateRegionStatsClosure: adding 524288 for humongous Region 306, yielding: 130548552
[0.231s][debug][gc                   ] GC(0) ShenandoahCalculateRegionStatsClosure: adding 524288 for humongous Region 307, yielding: 131072840
[0.231s][debug][gc                   ] GC(0) ShenandoahCalculateRegionStatsClosure: adding 81112 for humongous Region 308, yielding: 131153952
[0.231s][debug][gc                   ] GC(0) ShenandoahCalculateRegionStatsClosure: adding 524288 for humongous Region 309, yielding: 131678240
[0.231s][debug][gc                   ] GC(0) ShenandoahCalculateRegionStatsClosure: adding 524288 for humongous Region 310, yielding: 132202528
[0.231s][debug][gc                   ] GC(0) ShenandoahCalculateRegionStatsClosure: adding 416480 for humongous Region 311, yielding: 132619008
[0.231s][debug][gc                   ] GC(0) ShenandoahCalculateRegionStatsClosure: adding 524288 for humongous Region 312, yielding: 133143296
[0.231s][debug][gc                   ] GC(0) ShenandoahCalculateRegionStatsClosure: adding 524288 for humongous Region 313, yielding: 133667584
[0.231s][debug][gc                   ] GC(0) ShenandoahCalculateRegionStatsClosure: adding 486600 for humongous Region 314, yielding: 134154184
[0.231s][debug][gc                   ] GC(0) ShenandoahCalculateRegionStatsClosure: adding 524288 for humongous Region 315, yielding: 134678472
[0.231s][debug][gc                   ] GC(0) ShenandoahCalculateRegionStatsClosure: adding 177368 for humongous Region 316, yielding: 134855840
[0.231s][debug][gc                   ] GC(0) ShenandoahCalculateRegionStatsClosure: adding 524288 for humongous Region 317, yielding: 135380128
[0.231s][debug][gc                   ] GC(0) ShenandoahCalculateRegionStatsClosure: adding 524288 for humongous Region 318, yielding: 135904416
[0.231s][debug][gc                   ] GC(0) ShenandoahCalculateRegionStatsClosure: adding 313200 for humongous Region 319, yielding: 136217616
[0.231s][debug][gc                   ] GC(0) ShenandoahCalculateRegionStatsClosure: adding 524288 for humongous Region 320, yielding: 136741904
[0.231s][debug][gc                   ] GC(0) ShenandoahCalculateRegionStatsClosure: adding 357824 for humongous Region 321, yielding: 137099728
[0.231s][debug][gc                   ] GC(0) ShenandoahCalculateRegionStatsClosure: adding 524288 for humongous Region 322, yielding: 137624016
[0.231s][debug][gc                   ] GC(0) ShenandoahCalculateRegionStatsClosure: adding 356072 for humongous Region 323, yielding: 137980088
[0.231s][debug][gc                   ] GC(0) ShenandoahCalculateRegionStatsClosure: adding 524288 for humongous Region 324, yielding: 138504376
[0.231s][debug][gc                   ] GC(0) ShenandoahCalculateRegionStatsClosure: adding 524288 for humongous Region 325, yielding: 139028664
[0.231s][debug][gc                   ] GC(0) ShenandoahCalculateRegionStatsClosure: adding 230248 for humongous Region 326, yielding: 139258912
[0.231s][debug][gc                   ] GC(0) ShenandoahCalculateRegionStatsClosure: adding 524288 for humongous Region 327, yielding: 139783200
[0.231s][debug][gc                   ] GC(0) ShenandoahCalculateRegionStatsClosure: adding 418392 for humongous Region 328, yielding: 140201592
[0.231s][debug][gc                   ] GC(0) ShenandoahCalculateRegionStatsClosure: adding 524288 for humongous Region 329, yielding: 140725880
[0.231s][debug][gc                   ] GC(0) ShenandoahCalculateRegionStatsClosure: adding 35920 for humongous Region 330, yielding: 140761800
[0.231s][debug][gc                   ] GC(0) ShenandoahCalculateRegionStatsClosure: adding 524288 for humongous Region 331, yielding: 141286088
[0.231s][debug][gc                   ] GC(0) ShenandoahCalculateRegionStatsClosure: adding 524288 for humongous Region 332, yielding: 141810376
[0.231s][debug][gc                   ] GC(0) ShenandoahCalculateRegionStatsClosure: adding 291096 for humongous Region 333, yielding: 142101472
[0.231s][debug][gc                   ] GC(0) ShenandoahCalculateRegionStatsClosure: adding 524288 for humongous Region 334, yielding: 142625760
[0.231s][debug][gc                   ] GC(0) ShenandoahCalculateRegionStatsClosure: adding 524288 for humongous Region 335, yielding: 143150048
[0.231s][debug][gc                   ] GC(0) ShenandoahCalculateRegionStatsClosure: adding 411080 for humongous Region 336, yielding: 143561128
[0.231s][debug][gc                   ] GC(0) ShenandoahCalculateRegionStatsClosure: adding 524288 for humongous Region 337, yielding: 144085416
[0.231s][debug][gc                   ] GC(0) ShenandoahCalculateRegionStatsClosure: adding 524288 for humongous Region 338, yielding: 144609704
[0.231s][debug][gc                   ] GC(0) ShenandoahCalculateRegionStatsClosure: adding 212464 for humongous Region 339, yielding: 144822168
[0.231s][debug][gc                   ] GC(0) ShenandoahCalculateRegionStatsClosure: adding 524288 for humongous Region 340, yielding: 145346456
[0.231s][debug][gc                   ] GC(0) ShenandoahCalculateRegionStatsClosure: adding 524288 for humongous Region 341, yielding: 145870744
[0.231s][debug][gc                   ] GC(0) ShenandoahCalculateRegionStatsClosure: adding 313368 for humongous Region 342, yielding: 146184112
[0.231s][debug][gc                   ] GC(0) ShenandoahCalculateRegionStatsClosure: adding 524288 for humongous Region 343, yielding: 146708400
[0.231s][debug][gc                   ] GC(0) ShenandoahCalculateRegionStatsClosure: adding 267864 for humongous Region 344, yielding: 146976264
[0.231s][debug][gc                   ] GC(0) ShenandoahCalculateRegionStatsClosure: adding 524288 for humongous Region 345, yielding: 147500552
[0.231s][debug][gc                   ] GC(0) ShenandoahCalculateRegionStatsClosure: adding 292952 for humongous Region 346, yielding: 147793504
[0.231s][debug][gc                   ] GC(0) ShenandoahCalculateRegionStatsClosure: adding 524288 for humongous Region 347, yielding: 148317792
[0.231s][debug][gc                   ] GC(0) ShenandoahCalculateRegionStatsClosure: adding 524288 for humongous Region 348, yielding: 148842080
[0.231s][debug][gc                   ] GC(0) ShenandoahCalculateRegionStatsClosure: adding 345256 for humongous Region 349, yielding: 149187336
[0.231s][debug][gc                   ] GC(0) ShenandoahCalculateRegionStatsClosure: adding 524288 for humongous Region 350, yielding: 149711624
[0.231s][debug][gc                   ] GC(0) ShenandoahCalculateRegionStatsClosure: adding 434520 for humongous Region 351, yielding: 150146144
[0.231s][debug][gc                   ] GC(0) ShenandoahCalculateRegionStatsClosure: adding 524288 for humongous Region 352, yielding: 150670432
[0.231s][debug][gc                   ] GC(0) ShenandoahCalculateRegionStatsClosure: adding 413480 for humongous Region 353, yielding: 151083912
[0.231s][debug][gc                   ] GC(0) ShenandoahCalculateRegionStatsClosure: adding 524288 for humongous Region 354, yielding: 151608200
[0.231s][debug][gc                   ] GC(0) ShenandoahCalculateRegionStatsClosure: adding 310120 for humongous Region 355, yielding: 151918320
[0.231s][debug][gc                   ] GC(0) ShenandoahCalculateRegionStatsClosure: adding 524288 for humongous Region 356, yielding: 152442608
[0.231s][debug][gc                   ] GC(0) ShenandoahCalculateRegionStatsClosure: adding 10376 for humongous Region 357, yielding: 152452984
[0.231s][debug][gc                   ] GC(0) ShenandoahCalculateRegionStatsClosure: adding 524288 for humongous Region 358, yielding: 152977272
[0.231s][debug][gc                   ] GC(0) ShenandoahCalculateRegionStatsClosure: adding 524288 for humongous Region 359, yielding: 153501560
[0.231s][debug][gc                   ] GC(0) ShenandoahCalculateRegionStatsClosure: adding 25392 for humongous Region 360, yielding: 153526952
[0.231s][debug][gc                   ] GC(0) ShenandoahCalculateRegionStatsClosure: adding 524288 for humongous Region 361, yielding: 154051240
[0.231s][debug][gc                   ] GC(0) ShenandoahCalculateRegionStatsClosure: adding 25008 for humongous Region 362, yielding: 154076248
[0.231s][debug][gc                   ] GC(0) ShenandoahCalculateRegionStatsClosure: adding 524288 for humongous Region 363, yielding: 154600536
[0.231s][debug][gc                   ] GC(0) ShenandoahCalculateRegionStatsClosure: adding 524288 for humongous Region 364, yielding: 155124824
[0.231s][debug][gc                   ] GC(0) ShenandoahCalculateRegionStatsClosure: adding 208752 for humongous Region 365, yielding: 155333576
[0.231s][debug][gc                   ] GC(0) ShenandoahCalculateRegionStatsClosure: adding 524288 for humongous Region 366, yielding: 155857864
[0.231s][debug][gc                   ] GC(0) ShenandoahCalculateRegionStatsClosure: adding 353096 for humongous Region 367, yielding: 156210960
[0.231s][debug][gc                   ] GC(0) ShenandoahCalculateRegionStatsClosure: adding 524288 for humongous Region 368, yielding: 156735248
[0.231s][debug][gc                   ] GC(0) ShenandoahCalculateRegionStatsClosure: adding 455488 for humongous Region 369, yielding: 157190736
[0.231s][debug][gc                   ] GC(0) ShenandoahCalculateRegionStatsClosure: adding 524288 for humongous Region 370, yielding: 157715024
[0.231s][debug][gc                   ] GC(0) ShenandoahCalculateRegionStatsClosure: adding 524288 for humongous Region 371, yielding: 158239312
[0.231s][debug][gc                   ] GC(0) ShenandoahCalculateRegionStatsClosure: adding 278912 for humongous Region 372, yielding: 158518224
[0.231s][debug][gc                   ] GC(0) ShenandoahCalculateRegionStatsClosure: adding 524288 for humongous Region 373, yielding: 159042512
[0.231s][debug][gc                   ] GC(0) ShenandoahCalculateRegionStatsClosure: adding 524288 for humongous Region 374, yielding: 159566800
[0.231s][debug][gc                   ] GC(0) ShenandoahCalculateRegionStatsClosure: adding 139832 for humongous Region 375, yielding: 159706632
[0.231s][debug][gc                   ] GC(0) ShenandoahCalculateRegionStatsClosure: adding 524288 for humongous Region 376, yielding: 160230920
[0.231s][debug][gc                   ] GC(0) ShenandoahCalculateRegionStatsClosure: adding 413912 for humongous Region 377, yielding: 160644832
[0.231s][debug][gc                   ] GC(0) ShenandoahCalculateRegionStatsClosure: adding 524288 for humongous Region 378, yielding: 161169120
[0.231s][debug][gc                   ] GC(0) ShenandoahCalculateRegionStatsClosure: adding 355112 for humongous Region 379, yielding: 161524232
[0.231s][debug][gc                   ] GC(0) ShenandoahCalculateRegionStatsClosure: adding 524288 for humongous Region 380, yielding: 162048520
[0.231s][debug][gc                   ] GC(0) ShenandoahCalculateRegionStatsClosure: adding 421904 for humongous Region 381, yielding: 162470424
[0.231s][debug][gc                   ] GC(0) ShenandoahCalculateRegionStatsClosure: adding 524288 for humongous Region 382, yielding: 162994712
[0.231s][debug][gc                   ] GC(0) ShenandoahCalculateRegionStatsClosure: adding 442432 for humongous Region 383, yielding: 163437144
[0.231s][debug][gc                   ] GC(0) ShenandoahCalculateRegionStatsClosure: adding 524288 for humongous Region 384, yielding: 163961432
[0.231s][debug][gc                   ] GC(0) ShenandoahCalculateRegionStatsClosure: adding 524288 for humongous Region 385, yielding: 164485720
[0.231s][debug][gc                   ] GC(0) ShenandoahCalculateRegionStatsClosure: adding 62056 for humongous Region 386, yielding: 164547776
[0.231s][debug][gc                   ] GC(0) ShenandoahCalculateRegionStatsClosure: adding 524288 for humongous Region 387, yielding: 165072064
[0.231s][debug][gc                   ] GC(0) ShenandoahCalculateRegionStatsClosure: adding 524288 for humongous Region 388, yielding: 165596352
[0.231s][debug][gc                   ] GC(0) ShenandoahCalculateRegionStatsClosure: adding 500312 for humongous Region 389, yielding: 166096664
[0.231s][debug][gc                   ] GC(0) ShenandoahCalculateRegionStatsClosure: adding 524288 for humongous Region 390, yielding: 166620952
[0.231s][debug][gc                   ] GC(0) ShenandoahCalculateRegionStatsClosure: adding 83080 for humongous Region 391, yielding: 166704032
[0.231s][debug][gc                   ] GC(0) ShenandoahCalculateRegionStatsClosure: adding 524288 for humongous Region 392, yielding: 167228320
[0.231s][debug][gc                   ] GC(0) ShenandoahCalculateRegionStatsClosure: adding 524288 for humongous Region 393, yielding: 167752608
[0.231s][debug][gc                   ] GC(0) ShenandoahCalculateRegionStatsClosure: adding 10336 for humongous Region 394, yielding: 167762944
[0.231s][debug][gc                   ] GC(0) ShenandoahCalculateRegionStatsClosure: adding 524288 for humongous Region 395, yielding: 168287232
[0.231s][debug][gc                   ] GC(0) ShenandoahCalculateRegionStatsClosure: adding 524288 for humongous Region 396, yielding: 168811520
[0.231s][debug][gc                   ] GC(0) ShenandoahCalculateRegionStatsClosure: adding 461584 for humongous Region 397, yielding: 169273104
[0.231s][debug][gc                   ] GC(0) ShenandoahCalculateRegionStatsClosure: adding 524288 for humongous Region 398, yielding: 169797392
[0.231s][debug][gc                   ] GC(0) ShenandoahCalculateRegionStatsClosure: adding 524288 for humongous Region 399, yielding: 170321680
[0.231s][debug][gc                   ] GC(0) ShenandoahCalculateRegionStatsClosure: adding 316400 for humongous Region 400, yielding: 170638080
[0.231s][debug][gc                   ] GC(0) ShenandoahCalculateRegionStatsClosure: adding 524288 for humongous Region 401, yielding: 171162368
[0.231s][debug][gc                   ] GC(0) ShenandoahCalculateRegionStatsClosure: adding 524288 for humongous Region 402, yielding: 171686656
[0.231s][debug][gc                   ] GC(0) ShenandoahCalculateRegionStatsClosure: adding 177640 for humongous Region 403, yielding: 171864296
[0.231s][debug][gc                   ] GC(0) ShenandoahCalculateRegionStatsClosure: adding 524288 for humongous Region 404, yielding: 172388584
[0.231s][debug][gc                   ] GC(0) ShenandoahCalculateRegionStatsClosure: adding 267632 for humongous Region 405, yielding: 172656216
[0.231s][debug][gc                   ] GC(0) ShenandoahCalculateRegionStatsClosure: adding 524288 for humongous Region 406, yielding: 173180504
[0.231s][debug][gc                   ] GC(0) ShenandoahCalculateRegionStatsClosure: adding 524288 for humongous Region 407, yielding: 173704792
[0.231s][debug][gc                   ] GC(0) ShenandoahCalculateRegionStatsClosure: adding 122400 for humongous Region 408, yielding: 173827192
[0.231s][debug][gc                   ] GC(0) ShenandoahCalculateRegionStatsClosure: adding 524288 for humongous Region 409, yielding: 174351480
[0.231s][debug][gc                   ] GC(0) ShenandoahCalculateRegionStatsClosure: adding 524288 for humongous Region 410, yielding: 174875768
[0.231s][debug][gc                   ] GC(0) ShenandoahCalculateRegionStatsClosure: adding 245384 for humongous Region 411, yielding: 175121152
[0.231s][debug][gc                   ] GC(0) ShenandoahCalculateRegionStatsClosure: adding 524288 for humongous Region 412, yielding: 175645440
[0.231s][debug][gc                   ] GC(0) ShenandoahCalculateRegionStatsClosure: adding 524288 for humongous Region 413, yielding: 176169728
[0.231s][debug][gc                   ] GC(0) ShenandoahCalculateRegionStatsClosure: adding 119432 for humongous Region 414, yielding: 176289160
[0.231s][debug][gc                   ] GC(0) ShenandoahCalculateRegionStatsClosure: adding 524288 for humongous Region 415, yielding: 176813448
[0.231s][debug][gc                   ] GC(0) ShenandoahCalculateRegionStatsClosure: adding 155960 for humongous Region 416, yielding: 176969408
[0.231s][debug][gc                   ] GC(0) ShenandoahCalculateRegionStatsClosure: adding 524288 for humongous Region 417, yielding: 177493696
[0.231s][debug][gc                   ] GC(0) ShenandoahCalculateRegionStatsClosure: adding 1440 for humongous Region 418, yielding: 177495136
[0.231s][debug][gc                   ] GC(0) ShenandoahCalculateRegionStatsClosure: adding 524288 for humongous Region 419, yielding: 178019424
[0.231s][debug][gc                   ] GC(0) ShenandoahCalculateRegionStatsClosure: adding 524288 for humongous Region 420, yielding: 178543712
[0.231s][debug][gc                   ] GC(0) ShenandoahCalculateRegionStatsClosure: adding 397200 for humongous Region 421, yielding: 178940912
[0.231s][debug][gc                   ] GC(0) ShenandoahCalculateRegionStatsClosure: adding 524288 for humongous Region 422, yielding: 179465200
[0.231s][debug][gc                   ] GC(0) ShenandoahCalculateRegionStatsClosure: adding 409856 for humongous Region 423, yielding: 179875056
[0.231s][debug][gc                   ] GC(0) ShenandoahCalculateRegionStatsClosure: adding 524288 for humongous Region 424, yielding: 180399344
[0.231s][debug][gc                   ] GC(0) ShenandoahCalculateRegionStatsClosure: adding 63384 for humongous Region 425, yielding: 180462728
[0.231s][debug][gc                   ] GC(0) ShenandoahCalculateRegionStatsClosure: adding 524288 for humongous Region 426, yielding: 180987016
[0.231s][debug][gc                   ] GC(0) ShenandoahCalculateRegionStatsClosure: adding 524288 for humongous Region 427, yielding: 181511304
[0.231s][debug][gc                   ] GC(0) ShenandoahCalculateRegionStatsClosure: adding 185536 for humongous Region 428, yielding: 181696840
[0.231s][debug][gc                   ] GC(0) ShenandoahCalculateRegionStatsClosure: adding 524288 for humongous Region 429, yielding: 182221128
[0.231s][debug][gc                   ] GC(0) ShenandoahCalculateRegionStatsClosure: adding 257752 for humongous Region 430, yielding: 182478880
[0.231s][debug][gc                   ] GC(0) ShenandoahCalculateRegionStatsClosure: adding 524288 for humongous Region 431, yielding: 183003168
[0.231s][debug][gc                   ] GC(0) ShenandoahCalculateRegionStatsClosure: adding 219528 for humongous Region 432, yielding: 183222696
[0.231s][debug][gc                   ] GC(0) ShenandoahCalculateRegionStatsClosure: adding 524288 for humongous Region 433, yielding: 183746984
[0.231s][debug][gc                   ] GC(0) ShenandoahCalculateRegionStatsClosure: adding 195240 for humongous Region 434, yielding: 183942224
[0.231s][debug][gc                   ] GC(0) ShenandoahCalculateRegionStatsClosure: adding 524288 for humongous Region 435, yielding: 184466512
[0.231s][debug][gc                   ] GC(0) ShenandoahCalculateRegionStatsClosure: adding 185376 for humongous Region 436, yielding: 184651888
[0.231s][debug][gc                   ] GC(0) ShenandoahCalculateRegionStatsClosure: adding 524288 for humongous Region 437, yielding: 185176176
[0.231s][debug][gc                   ] GC(0) ShenandoahCalculateRegionStatsClosure: adding 524288 for humongous Region 438, yielding: 185700464
[0.231s][debug][gc                   ] GC(0) ShenandoahCalculateRegionStatsClosure: adding 127184 for humongous Region 439, yielding: 185827648
[0.231s][debug][gc                   ] GC(0) ShenandoahCalculateRegionStatsClosure: adding 524288 for humongous Region 440, yielding: 186351936
[0.231s][debug][gc                   ] GC(0) ShenandoahCalculateRegionStatsClosure: adding 524288 for humongous Region 441, yielding: 186876224
[0.231s][debug][gc                   ] GC(0) ShenandoahCalculateRegionStatsClosure: adding 469224 for humongous Region 442, yielding: 187345448
[0.231s][debug][gc                   ] GC(0) ShenandoahCalculateRegionStatsClosure: adding 524288 for humongous Region 443, yielding: 187869736
[0.231s][debug][gc                   ] GC(0) ShenandoahCalculateRegionStatsClosure: adding 508008 for humongous Region 444, yielding: 188377744
[0.231s][debug][gc                   ] GC(0) ShenandoahCalculateRegionStatsClosure: adding 524288 for humongous Region 445, yielding: 188902032
[0.231s][debug][gc                   ] GC(0) ShenandoahCalculateRegionStatsClosure: adding 137808 for humongous Region 446, yielding: 189039840
[0.231s][debug][gc                   ] GC(0) ShenandoahCalculateRegionStatsClosure: adding 524288 for humongous Region 447, yielding: 189564128
[0.231s][debug][gc                   ] GC(0) ShenandoahCalculateRegionStatsClosure: adding 491880 for humongous Region 448, yielding: 190056008
[0.231s][debug][gc                   ] GC(0) ShenandoahCalculateRegionStatsClosure: adding 524288 for humongous Region 449, yielding: 190580296
[0.231s][debug][gc                   ] GC(0) ShenandoahCalculateRegionStatsClosure: adding 524288 for humongous Region 450, yielding: 191104584
[0.231s][debug][gc                   ] GC(0) ShenandoahCalculateRegionStatsClosure: adding 82576 for humongous Region 451, yielding: 191187160
[0.231s][debug][gc                   ] GC(0) ShenandoahCalculateRegionStatsClosure: adding 524288 for humongous Region 452, yielding: 191711448
[0.231s][debug][gc                   ] GC(0) ShenandoahCalculateRegionStatsClosure: adding 164640 for humongous Region 453, yielding: 191876088
[0.231s][debug][gc                   ] GC(0) ShenandoahCalculateRegionStatsClosure: adding 524288 for humongous Region 454, yielding: 192400376
[0.231s][debug][gc                   ] GC(0) ShenandoahCalculateRegionStatsClosure: adding 372880 for humongous Region 455, yielding: 192773256
[0.231s][debug][gc                   ] GC(0) ShenandoahCalculateRegionStatsClosure: adding 524288 for humongous Region 456, yielding: 193297544
[0.231s][debug][gc                   ] GC(0) ShenandoahCalculateRegionStatsClosure: adding 524288 for humongous Region 457, yielding: 193821832
[0.231s][debug][gc                   ] GC(0) ShenandoahCalculateRegionStatsClosure: adding 95464 for humongous Region 458, yielding: 193917296
[0.231s][debug][gc                   ] GC(0) ShenandoahCalculateRegionStatsClosure: adding 524288 for humongous Region 459, yielding: 194441584
[0.231s][debug][gc                   ] GC(0) ShenandoahCalculateRegionStatsClosure: adding 524288 for humongous Region 460, yielding: 194965872
[0.231s][debug][gc                   ] GC(0) ShenandoahCalculateRegionStatsClosure: adding 489712 for humongous Region 461, yielding: 195455584
[0.231s][debug][gc                   ] GC(0) ShenandoahCalculateRegionStatsClosure: adding 524288 for humongous Region 462, yielding: 195979872
[0.231s][debug][gc                   ] GC(0) ShenandoahCalculateRegionStatsClosure: adding 524288 for humongous Region 463, yielding: 196504160
[0.231s][debug][gc                   ] GC(0) ShenandoahCalculateRegionStatsClosure: adding 207608 for humongous Region 464, yielding: 196711768
[0.231s][debug][gc                   ] GC(0) ShenandoahCalculateRegionStatsClosure: adding 524288 for humongous Region 465, yielding: 197236056
[0.231s][debug][gc                   ] GC(0) ShenandoahCalculateRegionStatsClosure: adding 269992 for humongous Region 466, yielding: 197506048
[0.231s][debug][gc                   ] GC(0) ShenandoahCalculateRegionStatsClosure: adding 524288 for humongous Region 467, yielding: 198030336
[0.231s][debug][gc                   ] GC(0) ShenandoahCalculateRegionStatsClosure: adding 403008 for humongous Region 468, yielding: 198433344
[0.231s][debug][gc                   ] GC(0) ShenandoahCalculateRegionStatsClosure: adding 524288 for humongous Region 469, yielding: 198957632
[0.231s][debug][gc                   ] GC(0) ShenandoahCalculateRegionStatsClosure: adding 524288 for humongous Region 470, yielding: 199481920
[0.231s][debug][gc                   ] GC(0) ShenandoahCalculateRegionStatsClosure: adding 255080 for humongous Region 471, yielding: 199737000
[0.231s][debug][gc                   ] GC(0) ShenandoahCalculateRegionStatsClosure: adding 524288 for humongous Region 472, yielding: 200261288
[0.231s][debug][gc                   ] GC(0) ShenandoahCalculateRegionStatsClosure: adding 524288 for humongous Region 473, yielding: 200785576
[0.231s][debug][gc                   ] GC(0) ShenandoahCalculateRegionStatsClosure: adding 498920 for humongous Region 474, yielding: 201284496
[0.231s][debug][gc                   ] GC(0) ShenandoahCalculateRegionStatsClosure: adding 524288 for humongous Region 475, yielding: 201808784
[0.231s][debug][gc                   ] GC(0) ShenandoahCalculateRegionStatsClosure: adding 95432 for humongous Region 476, yielding: 201904216
[0.231s][debug][gc                   ] GC(0) ShenandoahCalculateRegionStatsClosure: adding 524288 for humongous Region 477, yielding: 202428504
[0.231s][debug][gc                   ] GC(0) ShenandoahCalculateRegionStatsClosure: adding 67544 for humongous Region 478, yielding: 202496048
[0.231s][debug][gc                   ] GC(0) ShenandoahCalculateRegionStatsClosure: adding 524288 for humongous Region 479, yielding: 203020336
[0.231s][debug][gc                   ] GC(0) ShenandoahCalculateRegionStatsClosure: adding 524288 for humongous Region 480, yielding: 203544624
[0.231s][debug][gc                   ] GC(0) ShenandoahCalculateRegionStatsClosure: adding 255440 for humongous Region 481, yielding: 203800064
[0.231s][debug][gc                   ] GC(0) ShenandoahCalculateRegionStatsClosure: adding 524288 for humongous Region 482, yielding: 204324352
[0.231s][debug][gc                   ] GC(0) ShenandoahCalculateRegionStatsClosure: adding 524288 for humongous Region 483, yielding: 204848640
[0.231s][debug][gc                   ] GC(0) ShenandoahCalculateRegionStatsClosure: adding 462624 for humongous Region 484, yielding: 205311264
[0.231s][debug][gc                   ] GC(0) ShenandoahCalculateRegionStatsClosure: adding 524288 for humongous Region 485, yielding: 205835552
[0.231s][debug][gc                   ] GC(0) ShenandoahCalculateRegionStatsClosure: adding 524288 for humongous Region 486, yielding: 206359840
[0.231s][debug][gc                   ] GC(0) ShenandoahCalculateRegionStatsClosure: adding 296216 for humongous Region 487, yielding: 206656056
[0.231s][debug][gc                   ] GC(0) ShenandoahCalculateRegionStatsClosure: adding 524288 for humongous Region 488, yielding: 207180344
[0.231s][debug][gc                   ] GC(0) ShenandoahCalculateRegionStatsClosure: adding 524288 for humongous Region 489, yielding: 207704632
[0.231s][debug][gc                   ] GC(0) ShenandoahCalculateRegionStatsClosure: adding 424288 for humongous Region 490, yielding: 208128920
[0.231s][debug][gc                   ] GC(0) ShenandoahCalculateRegionStatsClosure: adding 524288 for humongous Region 491, yielding: 208653208
[0.231s][debug][gc                   ] GC(0) ShenandoahCalculateRegionStatsClosure: adding 166144 for humongous Region 492, yielding: 208819352
[0.231s][debug][gc                   ] GC(0) ShenandoahCalculateRegionStatsClosure: adding 524288 for humongous Region 493, yielding: 209343640
[0.231s][debug][gc                   ] GC(0) ShenandoahCalculateRegionStatsClosure: adding 524288 for humongous Region 494, yielding: 209867928
[0.231s][debug][gc                   ] GC(0) ShenandoahCalculateRegionStatsClosure: adding 170272 for humongous Region 495, yielding: 210038200
[0.231s][debug][gc                   ] GC(0) ShenandoahCalculateRegionStatsClosure: adding 0 for regular Region 496, yielding: 210038200
[0.231s][debug][gc                   ] GC(0) ShenandoahCalculateRegionStatsClosure: adding 0 for regular Region 497, yielding: 210038200
[0.231s][debug][gc                   ] GC(0) ShenandoahCalculateRegionStatsClosure: adding 0 for regular Region 498, yielding: 210038200
[0.231s][debug][gc                   ] GC(0) ShenandoahCalculateRegionStatsClosure: adding 0 for regular Region 499, yielding: 210038200
[0.231s][debug][gc                   ] GC(0) ShenandoahCalculateRegionStatsClosure: adding 0 for regular Region 500, yielding: 210038200
[0.231s][debug][gc                   ] GC(0) ShenandoahCalculateRegionStatsClosure: adding 0 for regular Region 501, yielding: 210038200
[0.231s][debug][gc                   ] GC(0) ShenandoahCalculateRegionStatsClosure: adding 0 for regular Region 502, yielding: 210038200
[0.231s][debug][gc                   ] GC(0) ShenandoahCalculateRegionStatsClosure: adding 0 for regular Region 503, yielding: 210038200
[0.231s][debug][gc                   ] GC(0) ShenandoahCalculateRegionStatsClosure: adding 0 for regular Region 504, yielding: 210038200
[0.231s][debug][gc                   ] GC(0) ShenandoahCalculateRegionStatsClosure: adding 0 for regular Region 505, yielding: 210038200
[0.231s][debug][gc                   ] GC(0) ShenandoahCalculateRegionStatsClosure: adding 0 for regular Region 506, yielding: 210038200
[0.231s][debug][gc                   ] GC(0) ShenandoahCalculateRegionStatsClosure: adding 0 for regular Region 507, yielding: 210038200
[0.231s][debug][gc                   ] GC(0) ShenandoahCalculateRegionStatsClosure: adding 0 for regular Region 508, yielding: 210038200
[0.231s][debug][gc                   ] GC(0) ShenandoahCalculateRegionStatsClosure: adding 0 for regular Region 509, yielding: 210038200
[0.231s][debug][gc                   ] GC(0) ShenandoahCalculateRegionStatsClosure: adding 0 for regular Region 510, yielding: 210038200
[0.231s][debug][gc                   ] GC(0) ShenandoahCalculateRegionStatsClosure: adding 0 for regular Region 511, yielding: 210038200
[0.231s][debug][gc                   ] GC(0) ShenandoahCalculateRegionStatsClosure: adding 0 for regular Region 512, yielding: 210038200
[0.231s][debug][gc                   ] GC(0) ShenandoahCalculateRegionStatsClosure: adding 0 for regular Region 513, yielding: 210038200
[0.231s][debug][gc                   ] GC(0) ShenandoahCalculateRegionStatsClosure: adding 0 for regular Region 514, yielding: 210038200
[0.231s][debug][gc                   ] GC(0) ShenandoahCalculateRegionStatsClosure: adding 0 for regular Region 515, yielding: 210038200
[0.231s][debug][gc                   ] GC(0) ShenandoahCalculateRegionStatsClosure: adding 0 for regular Region 516, yielding: 210038200
[0.231s][debug][gc                   ] GC(0) ShenandoahCalculateRegionStatsClosure: adding 0 for regular Region 517, yielding: 210038200
[0.231s][debug][gc                   ] GC(0) ShenandoahCalculateRegionStatsClosure: adding 0 for regular Region 518, yielding: 210038200
[0.231s][debug][gc                   ] GC(0) ShenandoahCalculateRegionStatsClosure: adding 0 for regular Region 519, yielding: 210038200
[0.231s][debug][gc                   ] GC(0) ShenandoahCalculateRegionStatsClosure: adding 0 for regular Region 520, yielding: 210038200
[0.231s][debug][gc                   ] GC(0) ShenandoahCalculateRegionStatsClosure: adding 0 for regular Region 521, yielding: 210038200
[0.231s][debug][gc                   ] GC(0) ShenandoahCalculateRegionStatsClosure: adding 0 for regular Region 522, yielding: 210038200
[0.231s][debug][gc                   ] GC(0) ShenandoahCalculateRegionStatsClosure: adding 0 for regular Region 523, yielding: 210038200
[0.231s][debug][gc                   ] GC(0) ShenandoahCalculateRegionStatsClosure: adding 0 for regular Region 524, yielding: 210038200
[0.231s][debug][gc                   ] GC(0) ShenandoahCalculateRegionStatsClosure: adding 0 for regular Region 525, yielding: 210038200
[0.231s][debug][gc                   ] GC(0) ShenandoahCalculateRegionStatsClosure: adding 0 for regular Region 526, yielding: 210038200
[0.231s][debug][gc                   ] GC(0) ShenandoahCalculateRegionStatsClosure: adding 0 for regular Region 527, yielding: 210038200
[0.231s][debug][gc                   ] GC(0) ShenandoahCalculateRegionStatsClosure: adding 0 for regular Region 528, yielding: 210038200
[0.231s][debug][gc                   ] GC(0) ShenandoahCalculateRegionStatsClosure: adding 0 for regular Region 529, yielding: 210038200
[0.231s][debug][gc                   ] GC(0) ShenandoahCalculateRegionStatsClosure: adding 0 for regular Region 530, yielding: 210038200
[0.231s][debug][gc                   ] GC(0) ShenandoahCalculateRegionStatsClosure: adding 0 for regular Region 531, yielding: 210038200
[0.231s][debug][gc                   ] GC(0) ShenandoahCalculateRegionStatsClosure: adding 0 for regular Region 532, yielding: 210038200
[0.231s][debug][gc                   ] GC(0) ShenandoahCalculateRegionStatsClosure: adding 0 for regular Region 533, yielding: 210038200
[0.231s][debug][gc                   ] GC(0) ShenandoahCalculateRegionStatsClosure: adding 0 for regular Region 534, yielding: 210038200
[0.231s][debug][gc                   ] GC(0) ShenandoahCalculateRegionStatsClosure: adding 0 for regular Region 535, yielding: 210038200
[0.231s][debug][gc                   ] GC(0) ShenandoahCalculateRegionStatsClosure: adding 0 for regular Region 536, yielding: 210038200
[0.231s][debug][gc                   ] GC(0) ShenandoahCalculateRegionStatsClosure: adding 0 for regular Region 537, yielding: 210038200
[0.231s][debug][gc                   ] GC(0) ShenandoahCalculateRegionStatsClosure: adding 0 for regular Region 538, yielding: 210038200
[0.231s][debug][gc                   ] GC(0) ShenandoahCalculateRegionStatsClosure: adding 0 for regular Region 539, yielding: 210038200
[0.231s][debug][gc                   ] GC(0) ShenandoahCalculateRegionStatsClosure: adding 0 for regular Region 540, yielding: 210038200
[0.231s][debug][gc                   ] GC(0) ShenandoahCalculateRegionStatsClosure: adding 0 for regular Region 541, yielding: 210038200
[0.231s][debug][gc                   ] GC(0) ShenandoahCalculateRegionStatsClosure: adding 0 for regular Region 542, yielding: 210038200
[0.231s][debug][gc                   ] GC(0) ShenandoahCalculateRegionStatsClosure: adding 0 for regular Region 543, yielding: 210038200
[0.231s][debug][gc                   ] GC(0) ShenandoahCalculateRegionStatsClosure: adding 0 for regular Region 544, yielding: 210038200
[0.231s][debug][gc                   ] GC(0) ShenandoahCalculateRegionStatsClosure: adding 0 for regular Region 545, yielding: 210038200
[0.231s][debug][gc                   ] GC(0) ShenandoahCalculateRegionStatsClosure: adding 0 for regular Region 546, yielding: 210038200
[0.231s][debug][gc                   ] GC(0) ShenandoahCalculateRegionStatsClosure: adding 0 for regular Region 547, yielding: 210038200
[0.231s][debug][gc                   ] GC(0) ShenandoahCalculateRegionStatsClosure: adding 0 for regular Region 548, yielding: 210038200
[0.231s][debug][gc                   ] GC(0) ShenandoahCalculateRegionStatsClosure: adding 0 for regular Region 549, yielding: 210038200
[0.231s][debug][gc                   ] GC(0) ShenandoahCalculateRegionStatsClosure: adding 0 for regular Region 550, yielding: 210038200
[0.231s][debug][gc                   ] GC(0) ShenandoahCalculateRegionStatsClosure: adding 0 for regular Region 551, yielding: 210038200
[0.231s][debug][gc                   ] GC(0) ShenandoahCalculateRegionStatsClosure: adding 0 for regular Region 552, yielding: 210038200
[0.231s][debug][gc                   ] GC(0) ShenandoahCalculateRegionStatsClosure: adding 0 for regular Region 553, yielding: 210038200
[0.231s][debug][gc                   ] GC(0) ShenandoahCalculateRegionStatsClosure: adding 0 for regular Region 554, yielding: 210038200
[0.231s][debug][gc                   ] GC(0) ShenandoahCalculateRegionStatsClosure: adding 0 for regular Region 555, yielding: 210038200
[0.231s][debug][gc                   ] GC(0) ShenandoahCalculateRegionStatsClosure: adding 0 for regular Region 556, yielding: 210038200
[0.231s][debug][gc                   ] GC(0) ShenandoahCalculateRegionStatsClosure: adding 0 for regular Region 557, yielding: 210038200
[0.231s][debug][gc                   ] GC(0) ShenandoahCalculateRegionStatsClosure: adding 0 for regular Region 558, yielding: 210038200
[0.231s][debug][gc                   ] GC(0) ShenandoahCalculateRegionStatsClosure: adding 0 for regular Region 559, yielding: 210038200
[0.231s][debug][gc                   ] GC(0) ShenandoahCalculateRegionStatsClosure: adding 0 for regular Region 560, yielding: 210038200
[0.231s][debug][gc                   ] GC(0) ShenandoahCalculateRegionStatsClosure: adding 0 for regular Region 561, yielding: 210038200
[0.231s][debug][gc                   ] GC(0) ShenandoahCalculateRegionStatsClosure: adding 0 for regular Region 562, yielding: 210038200
[0.231s][debug][gc                   ] GC(0) ShenandoahCalculateRegionStatsClosure: adding 0 for regular Region 563, yielding: 210038200
[0.231s][debug][gc                   ] GC(0) ShenandoahCalculateRegionStatsClosure: adding 0 for regular Region 564, yielding: 210038200
[0.231s][debug][gc                   ] GC(0) ShenandoahCalculateRegionStatsClosure: adding 0 for regular Region 565, yielding: 210038200
[0.231s][debug][gc                   ] GC(0) ShenandoahCalculateRegionStatsClosure: adding 0 for regular Region 566, yielding: 210038200
[0.231s][debug][gc                   ] GC(0) ShenandoahCalculateRegionStatsClosure: adding 0 for regular Region 567, yielding: 210038200
[0.231s][debug][gc                   ] GC(0) ShenandoahCalculateRegionStatsClosure: adding 0 for regular Region 568, yielding: 210038200
[0.231s][debug][gc                   ] GC(0) ShenandoahCalculateRegionStatsClosure: adding 0 for regular Region 569, yielding: 210038200
[0.231s][debug][gc                   ] GC(0) ShenandoahCalculateRegionStatsClosure: adding 0 for regular Region 570, yielding: 210038200
[0.231s][debug][gc                   ] GC(0) ShenandoahCalculateRegionStatsClosure: adding 0 for regular Region 571, yielding: 210038200
[0.231s][debug][gc                   ] GC(0) ShenandoahCalculateRegionStatsClosure: adding 0 for regular Region 572, yielding: 210038200
[0.231s][debug][gc                   ] GC(0) ShenandoahCalculateRegionStatsClosure: adding 0 for regular Region 573, yielding: 210038200
[0.231s][debug][gc                   ] GC(0) ShenandoahCalculateRegionStatsClosure: adding 0 for regular Region 574, yielding: 210038200
[0.231s][debug][gc                   ] GC(0) ShenandoahCalculateRegionStatsClosure: adding 0 for regular Region 575, yielding: 210038200
[0.231s][debug][gc                   ] GC(0) ShenandoahCalculateRegionStatsClosure: adding 0 for regular Region 576, yielding: 210038200
[0.231s][debug][gc                   ] GC(0) ShenandoahCalculateRegionStatsClosure: adding 0 for regular Region 577, yielding: 210038200
[0.231s][debug][gc                   ] GC(0) ShenandoahCalculateRegionStatsClosure: adding 0 for regular Region 578, yielding: 210038200
[0.231s][debug][gc                   ] GC(0) ShenandoahCalculateRegionStatsClosure: adding 0 for regular Region 579, yielding: 210038200
[0.231s][debug][gc                   ] GC(0) ShenandoahCalculateRegionStatsClosure: adding 0 for regular Region 580, yielding: 210038200
[0.231s][debug][gc                   ] GC(0) ShenandoahCalculateRegionStatsClosure: adding 0 for regular Region 581, yielding: 210038200
[0.231s][debug][gc                   ] GC(0) ShenandoahCalculateRegionStatsClosure: adding 0 for regular Region 582, yielding: 210038200
[0.231s][debug][gc                   ] GC(0) ShenandoahCalculateRegionStatsClosure: adding 0 for regular Region 583, yielding: 210038200
[0.231s][debug][gc                   ] GC(0) ShenandoahCalculateRegionStatsClosure: adding 0 for regular Region 584, yielding: 210038200
[0.231s][debug][gc                   ] GC(0) ShenandoahCalculateRegionStatsClosure: adding 0 for regular Region 585, yielding: 210038200
[0.231s][debug][gc                   ] GC(0) ShenandoahCalculateRegionStatsClosure: adding 0 for regular Region 586, yielding: 210038200
[0.231s][debug][gc                   ] GC(0) ShenandoahCalculateRegionStatsClosure: adding 0 for regular Region 587, yielding: 210038200
[0.231s][debug][gc                   ] GC(0) ShenandoahCalculateRegionStatsClosure: adding 0 for regular Region 588, yielding: 210038200
[0.231s][debug][gc                   ] GC(0) ShenandoahCalculateRegionStatsClosure: adding 0 for regular Region 589, yielding: 210038200
[0.231s][debug][gc                   ] GC(0) ShenandoahCalculateRegionStatsClosure: adding 0 for regular Region 590, yielding: 210038200
[0.231s][debug][gc                   ] GC(0) ShenandoahCalculateRegionStatsClosure: adding 0 for regular Region 591, yielding: 210038200
[0.231s][debug][gc                   ] GC(0) ShenandoahCalculateRegionStatsClosure: adding 0 for regular Region 592, yielding: 210038200
[0.231s][debug][gc                   ] GC(0) ShenandoahCalculateRegionStatsClosure: adding 0 for regular Region 593, yielding: 210038200
[0.231s][debug][gc                   ] GC(0) ShenandoahCalculateRegionStatsClosure: adding 0 for regular Region 594, yielding: 210038200
[0.231s][debug][gc                   ] GC(0) ShenandoahCalculateRegionStatsClosure: adding 0 for regular Region 595, yielding: 210038200
[0.231s][debug][gc                   ] GC(0) ShenandoahCalculateRegionStatsClosure: adding 0 for regular Region 596, yielding: 210038200
[0.231s][debug][gc                   ] GC(0) ShenandoahCalculateRegionStatsClosure: adding 0 for regular Region 597, yielding: 210038200
[0.231s][debug][gc                   ] GC(0) ShenandoahCalculateRegionStatsClosure: adding 0 for regular Region 598, yielding: 210038200
[0.231s][debug][gc                   ] GC(0) ShenandoahCalculateRegionStatsClosure: adding 0 for regular Region 599, yielding: 210038200
[0.231s][debug][gc                   ] GC(0) ShenandoahCalculateRegionStatsClosure: adding 0 for regular Region 600, yielding: 210038200
[0.231s][debug][gc                   ] GC(0) ShenandoahCalculateRegionStatsClosure: adding 0 for regular Region 601, yielding: 210038200
[0.231s][debug][gc                   ] GC(0) ShenandoahCalculateRegionStatsClosure: adding 0 for regular Region 602, yielding: 210038200
[0.231s][debug][gc                   ] GC(0) ShenandoahCalculateRegionStatsClosure: adding 0 for regular Region 603, yielding: 210038200
[0.231s][debug][gc                   ] GC(0) ShenandoahCalculateRegionStatsClosure: adding 0 for regular Region 604, yielding: 210038200
[0.231s][debug][gc                   ] GC(0) ShenandoahCalculateRegionStatsClosure: adding 0 for regular Region 605, yielding: 210038200
[0.231s][debug][gc                   ] GC(0) ShenandoahCalculateRegionStatsClosure: adding 0 for regular Region 606, yielding: 210038200
[0.231s][debug][gc                   ] GC(0) ShenandoahCalculateRegionStatsClosure: adding 0 for regular Region 607, yielding: 210038200
[0.231s][debug][gc                   ] GC(0) ShenandoahCalculateRegionStatsClosure: adding 0 for regular Region 608, yielding: 210038200
[0.231s][debug][gc                   ] GC(0) ShenandoahCalculateRegionStatsClosure: adding 0 for regular Region 609, yielding: 210038200
[0.231s][debug][gc                   ] GC(0) ShenandoahCalculateRegionStatsClosure: adding 0 for regular Region 610, yielding: 210038200
[0.231s][debug][gc                   ] GC(0) ShenandoahCalculateRegionStatsClosure: adding 0 for regular Region 611, yielding: 210038200
[0.231s][debug][gc                   ] GC(0) ShenandoahCalculateRegionStatsClosure: adding 0 for regular Region 612, yielding: 210038200
[0.231s][debug][gc                   ] GC(0) ShenandoahCalculateRegionStatsClosure: adding 0 for regular Region 613, yielding: 210038200
[0.231s][debug][gc                   ] GC(0) ShenandoahCalculateRegionStatsClosure: adding 0 for regular Region 614, yielding: 210038200
[0.231s][debug][gc                   ] GC(0) ShenandoahCalculateRegionStatsClosure: adding 0 for regular Region 615, yielding: 210038200
[0.231s][debug][gc                   ] GC(0) ShenandoahCalculateRegionStatsClosure: adding 0 for regular Region 616, yielding: 210038200
[0.231s][debug][gc                   ] GC(0) ShenandoahCalculateRegionStatsClosure: adding 0 for regular Region 617, yielding: 210038200
[0.231s][debug][gc                   ] GC(0) ShenandoahCalculateRegionStatsClosure: adding 0 for regular Region 618, yielding: 210038200
[0.231s][debug][gc                   ] GC(0) ShenandoahCalculateRegionStatsClosure: adding 0 for regular Region 619, yielding: 210038200
[0.231s][debug][gc                   ] GC(0) ShenandoahCalculateRegionStatsClosure: adding 0 for regular Region 620, yielding: 210038200
[0.231s][debug][gc                   ] GC(0) ShenandoahCalculateRegionStatsClosure: adding 0 for regular Region 621, yielding: 210038200
[0.231s][debug][gc                   ] GC(0) ShenandoahCalculateRegionStatsClosure: adding 0 for regular Region 622, yielding: 210038200
[0.231s][debug][gc                   ] GC(0) ShenandoahCalculateRegionStatsClosure: adding 0 for regular Region 623, yielding: 210038200
[0.231s][debug][gc                   ] GC(0) ShenandoahCalculateRegionStatsClosure: adding 0 for regular Region 624, yielding: 210038200
[0.231s][debug][gc                   ] GC(0) ShenandoahCalculateRegionStatsClosure: adding 0 for regular Region 625, yielding: 210038200
[0.231s][debug][gc                   ] GC(0) ShenandoahCalculateRegionStatsClosure: adding 0 for regular Region 626, yielding: 210038200
[0.231s][debug][gc                   ] GC(0) ShenandoahCalculateRegionStatsClosure: adding 0 for regular Region 627, yielding: 210038200
[0.231s][debug][gc                   ] GC(0) ShenandoahCalculateRegionStatsClosure: adding 0 for regular Region 628, yielding: 210038200
[0.231s][debug][gc                   ] GC(0) ShenandoahCalculateRegionStatsClosure: adding 0 for regular Region 629, yielding: 210038200
[0.231s][debug][gc                   ] GC(0) ShenandoahCalculateRegionStatsClosure: adding 0 for regular Region 630, yielding: 210038200
[0.231s][debug][gc                   ] GC(0) ShenandoahCalculateRegionStatsClosure: adding 0 for regular Region 631, yielding: 210038200
[0.231s][debug][gc                   ] GC(0) ShenandoahCalculateRegionStatsClosure: adding 0 for regular Region 632, yielding: 210038200
[0.231s][debug][gc                   ] GC(0) ShenandoahCalculateRegionStatsClosure: adding 0 for regular Region 633, yielding: 210038200
[0.231s][debug][gc                   ] GC(0) ShenandoahCalculateRegionStatsClosure: adding 0 for regular Region 634, yielding: 210038200
[0.231s][debug][gc                   ] GC(0) ShenandoahCalculateRegionStatsClosure: adding 0 for regular Region 635, yielding: 210038200
[0.231s][debug][gc                   ] GC(0) ShenandoahCalculateRegionStatsClosure: adding 0 for regular Region 636, yielding: 210038200
[0.231s][debug][gc                   ] GC(0) ShenandoahCalculateRegionStatsClosure: adding 0 for regular Region 637, yielding: 210038200
[0.231s][debug][gc                   ] GC(0) ShenandoahCalculateRegionStatsClosure: adding 0 for regular Region 638, yielding: 210038200
[0.231s][debug][gc                   ] GC(0) ShenandoahCalculateRegionStatsClosure: adding 0 for regular Region 639, yielding: 210038200
[0.231s][debug][gc                   ] GC(0) ShenandoahCalculateRegionStatsClosure: adding 0 for regular Region 640, yielding: 210038200
[0.231s][debug][gc                   ] GC(0) ShenandoahCalculateRegionStatsClosure: adding 0 for regular Region 641, yielding: 210038200
[0.231s][debug][gc                   ] GC(0) ShenandoahCalculateRegionStatsClosure: adding 0 for regular Region 642, yielding: 210038200
[0.231s][debug][gc                   ] GC(0) ShenandoahCalculateRegionStatsClosure: adding 0 for regular Region 643, yielding: 210038200
[0.231s][debug][gc                   ] GC(0) ShenandoahCalculateRegionStatsClosure: adding 0 for regular Region 644, yielding: 210038200
[0.231s][debug][gc                   ] GC(0) ShenandoahCalculateRegionStatsClosure: adding 0 for regular Region 645, yielding: 210038200
[0.231s][debug][gc                   ] GC(0) ShenandoahCalculateRegionStatsClosure: adding 0 for regular Region 646, yielding: 210038200
[0.231s][debug][gc                   ] GC(0) ShenandoahCalculateRegionStatsClosure: adding 0 for regular Region 647, yielding: 210038200
[0.231s][debug][gc                   ] GC(0) ShenandoahCalculateRegionStatsClosure: adding 0 for regular Region 648, yielding: 210038200
[0.231s][debug][gc                   ] GC(0) ShenandoahCalculateRegionStatsClosure: adding 0 for regular Region 649, yielding: 210038200
[0.231s][debug][gc                   ] GC(0) ShenandoahCalculateRegionStatsClosure: adding 0 for regular Region 650, yielding: 210038200
[0.231s][debug][gc                   ] GC(0) ShenandoahCalculateRegionStatsClosure: adding 0 for regular Region 651, yielding: 210038200
[0.231s][debug][gc                   ] GC(0) ShenandoahCalculateRegionStatsClosure: adding 0 for regular Region 652, yielding: 210038200
[0.231s][debug][gc                   ] GC(0) ShenandoahCalculateRegionStatsClosure: adding 0 for regular Region 653, yielding: 210038200
[0.231s][debug][gc                   ] GC(0) ShenandoahCalculateRegionStatsClosure: adding 0 for regular Region 654, yielding: 210038200
[0.231s][debug][gc                   ] GC(0) ShenandoahCalculateRegionStatsClosure: adding 0 for regular Region 655, yielding: 210038200
[0.231s][debug][gc                   ] GC(0) ShenandoahCalculateRegionStatsClosure: adding 0 for regular Region 656, yielding: 210038200
[0.231s][debug][gc                   ] GC(0) ShenandoahCalculateRegionStatsClosure: adding 0 for regular Region 657, yielding: 210038200
[0.231s][debug][gc                   ] GC(0) ShenandoahCalculateRegionStatsClosure: adding 0 for regular Region 658, yielding: 210038200
[0.231s][debug][gc                   ] GC(0) ShenandoahCalculateRegionStatsClosure: adding 0 for regular Region 659, yielding: 210038200
[0.231s][debug][gc                   ] GC(0) ShenandoahCalculateRegionStatsClosure: adding 0 for regular Region 660, yielding: 210038200
[0.231s][debug][gc                   ] GC(0) ShenandoahCalculateRegionStatsClosure: adding 0 for regular Region 661, yielding: 210038200
[0.231s][debug][gc                   ] GC(0) ShenandoahCalculateRegionStatsClosure: adding 0 for regular Region 662, yielding: 210038200
[0.231s][debug][gc                   ] GC(0) ShenandoahCalculateRegionStatsClosure: adding 0 for regular Region 663, yielding: 210038200
[0.231s][debug][gc                   ] GC(0) ShenandoahCalculateRegionStatsClosure: adding 0 for regular Region 664, yielding: 210038200
[0.231s][debug][gc                   ] GC(0) ShenandoahCalculateRegionStatsClosure: adding 0 for regular Region 665, yielding: 210038200
[0.231s][debug][gc                   ] GC(0) ShenandoahCalculateRegionStatsClosure: adding 0 for regular Region 666, yielding: 210038200
[0.231s][debug][gc                   ] GC(0) ShenandoahCalculateRegionStatsClosure: adding 0 for regular Region 667, yielding: 210038200
[0.231s][debug][gc                   ] GC(0) ShenandoahCalculateRegionStatsClosure: adding 0 for regular Region 668, yielding: 210038200
[0.231s][debug][gc                   ] GC(0) ShenandoahCalculateRegionStatsClosure: adding 0 for regular Region 669, yielding: 210038200
[0.231s][debug][gc                   ] GC(0) ShenandoahCalculateRegionStatsClosure: adding 0 for regular Region 670, yielding: 210038200
[0.231s][debug][gc                   ] GC(0) ShenandoahCalculateRegionStatsClosure: adding 0 for regular Region 671, yielding: 210038200
[0.231s][debug][gc                   ] GC(0) ShenandoahCalculateRegionStatsClosure: adding 0 for regular Region 672, yielding: 210038200
[0.231s][debug][gc                   ] GC(0) ShenandoahCalculateRegionStatsClosure: adding 0 for regular Region 673, yielding: 210038200
[0.231s][debug][gc                   ] GC(0) ShenandoahCalculateRegionStatsClosure: adding 0 for regular Region 674, yielding: 210038200
[0.231s][debug][gc                   ] GC(0) ShenandoahCalculateRegionStatsClosure: adding 0 for regular Region 675, yielding: 210038200
[0.231s][debug][gc                   ] GC(0) ShenandoahCalculateRegionStatsClosure: adding 0 for regular Region 676, yielding: 210038200
[0.231s][debug][gc                   ] GC(0) ShenandoahCalculateRegionStatsClosure: adding 0 for regular Region 677, yielding: 210038200
[0.231s][debug][gc                   ] GC(0) ShenandoahCalculateRegionStatsClosure: adding 0 for regular Region 678, yielding: 210038200
[0.231s][debug][gc                   ] GC(0) ShenandoahCalculateRegionStatsClosure: adding 0 for regular Region 679, yielding: 210038200
[0.231s][debug][gc                   ] GC(0) ShenandoahCalculateRegionStatsClosure: adding 0 for regular Region 680, yielding: 210038200
[0.231s][debug][gc                   ] GC(0) ShenandoahCalculateRegionStatsClosure: adding 0 for regular Region 681, yielding: 210038200
[0.231s][debug][gc                   ] GC(0) ShenandoahCalculateRegionStatsClosure: adding 0 for regular Region 682, yielding: 210038200
[0.231s][debug][gc                   ] GC(0) ShenandoahCalculateRegionStatsClosure: adding 0 for regular Region 683, yielding: 210038200
[0.231s][debug][gc                   ] GC(0) ShenandoahCalculateRegionStatsClosure: adding 0 for regular Region 684, yielding: 210038200
[0.231s][debug][gc                   ] GC(0) ShenandoahCalculateRegionStatsClosure: adding 0 for regular Region 685, yielding: 210038200
[0.231s][debug][gc                   ] GC(0) ShenandoahCalculateRegionStatsClosure: adding 0 for regular Region 686, yielding: 210038200
[0.231s][debug][gc                   ] GC(0) ShenandoahCalculateRegionStatsClosure: adding 0 for regular Region 687, yielding: 210038200
[0.231s][debug][gc                   ] GC(0) ShenandoahCalculateRegionStatsClosure: adding 0 for regular Region 688, yielding: 210038200
[0.231s][debug][gc                   ] GC(0) ShenandoahCalculateRegionStatsClosure: adding 0 for regular Region 689, yielding: 210038200
[0.231s][debug][gc                   ] GC(0) ShenandoahCalculateRegionStatsClosure: adding 0 for regular Region 690, yielding: 210038200
[0.231s][debug][gc                   ] GC(0) ShenandoahCalculateRegionStatsClosure: adding 0 for regular Region 691, yielding: 210038200
[0.231s][debug][gc                   ] GC(0) ShenandoahCalculateRegionStatsClosure: adding 0 for regular Region 692, yielding: 210038200
[0.231s][debug][gc                   ] GC(0) ShenandoahCalculateRegionStatsClosure: adding 0 for regular Region 693, yielding: 210038200
[0.231s][debug][gc                   ] GC(0) ShenandoahCalculateRegionStatsClosure: adding 0 for regular Region 694, yielding: 210038200
[0.231s][debug][gc                   ] GC(0) ShenandoahCalculateRegionStatsClosure: adding 0 for regular Region 695, yielding: 210038200
[0.231s][debug][gc                   ] GC(0) ShenandoahCalculateRegionStatsClosure: adding 0 for regular Region 696, yielding: 210038200
[0.231s][debug][gc                   ] GC(0) ShenandoahCalculateRegionStatsClosure: adding 0 for regular Region 697, yielding: 210038200
[0.231s][debug][gc                   ] GC(0) ShenandoahCalculateRegionStatsClosure: adding 0 for regular Region 698, yielding: 210038200
[0.231s][debug][gc                   ] GC(0) ShenandoahCalculateRegionStatsClosure: adding 0 for regular Region 699, yielding: 210038200
[0.231s][debug][gc                   ] GC(0) ShenandoahCalculateRegionStatsClosure: adding 0 for regular Region 700, yielding: 210038200
[0.231s][debug][gc                   ] GC(0) ShenandoahCalculateRegionStatsClosure: adding 0 for regular Region 701, yielding: 210038200
[0.231s][debug][gc                   ] GC(0) ShenandoahCalculateRegionStatsClosure: adding 0 for regular Region 702, yielding: 210038200
[0.231s][debug][gc                   ] GC(0) ShenandoahCalculateRegionStatsClosure: adding 0 for regular Region 703, yielding: 210038200
[0.231s][debug][gc                   ] GC(0) ShenandoahCalculateRegionStatsClosure: adding 0 for regular Region 704, yielding: 210038200
[0.231s][debug][gc                   ] GC(0) ShenandoahCalculateRegionStatsClosure: adding 0 for regular Region 705, yielding: 210038200
[0.231s][debug][gc                   ] GC(0) ShenandoahCalculateRegionStatsClosure: adding 0 for regular Region 706, yielding: 210038200
[0.231s][debug][gc                   ] GC(0) ShenandoahCalculateRegionStatsClosure: adding 0 for regular Region 707, yielding: 210038200
[0.231s][debug][gc                   ] GC(0) ShenandoahCalculateRegionStatsClosure: adding 0 for regular Region 708, yielding: 210038200
[0.231s][debug][gc                   ] GC(0) ShenandoahCalculateRegionStatsClosure: adding 0 for regular Region 709, yielding: 210038200
[0.231s][debug][gc                   ] GC(0) ShenandoahCalculateRegionStatsClosure: adding 0 for regular Region 710, yielding: 210038200
[0.231s][debug][gc                   ] GC(0) ShenandoahCalculateRegionStatsClosure: adding 0 for regular Region 711, yielding: 210038200
[0.231s][debug][gc                   ] GC(0) ShenandoahCalculateRegionStatsClosure: adding 0 for regular Region 712, yielding: 210038200
[0.231s][debug][gc                   ] GC(0) ShenandoahCalculateRegionStatsClosure: adding 0 for regular Region 713, yielding: 210038200
[0.231s][debug][gc                   ] GC(0) ShenandoahCalculateRegionStatsClosure: adding 0 for regular Region 714, yielding: 210038200
[0.231s][debug][gc                   ] GC(0) ShenandoahCalculateRegionStatsClosure: adding 0 for regular Region 715, yielding: 210038200
[0.231s][debug][gc                   ] GC(0) ShenandoahCalculateRegionStatsClosure: adding 0 for regular Region 716, yielding: 210038200
[0.232s][debug][gc                   ] GC(0) ShenandoahCalculateRegionStatsClosure: adding 0 for regular Region 717, yielding: 210038200
[0.232s][debug][gc                   ] GC(0) ShenandoahCalculateRegionStatsClosure: adding 0 for regular Region 718, yielding: 210038200
[0.232s][debug][gc                   ] GC(0) ShenandoahCalculateRegionStatsClosure: adding 0 for regular Region 719, yielding: 210038200
[0.232s][debug][gc                   ] GC(0) ShenandoahCalculateRegionStatsClosure: adding 0 for regular Region 720, yielding: 210038200
[0.232s][debug][gc                   ] GC(0) ShenandoahCalculateRegionStatsClosure: adding 0 for regular Region 721, yielding: 210038200
[0.232s][debug][gc                   ] GC(0) ShenandoahCalculateRegionStatsClosure: adding 0 for regular Region 722, yielding: 210038200
[0.232s][debug][gc                   ] GC(0) ShenandoahCalculateRegionStatsClosure: adding 0 for regular Region 723, yielding: 210038200
[0.232s][debug][gc                   ] GC(0) ShenandoahCalculateRegionStatsClosure: adding 0 for regular Region 724, yielding: 210038200
[0.232s][debug][gc                   ] GC(0) ShenandoahCalculateRegionStatsClosure: adding 0 for regular Region 725, yielding: 210038200
[0.232s][debug][gc                   ] GC(0) ShenandoahCalculateRegionStatsClosure: adding 0 for regular Region 726, yielding: 210038200
[0.232s][debug][gc                   ] GC(0) ShenandoahCalculateRegionStatsClosure: adding 0 for regular Region 727, yielding: 210038200
[0.232s][debug][gc                   ] GC(0) ShenandoahCalculateRegionStatsClosure: adding 0 for regular Region 728, yielding: 210038200
[0.232s][debug][gc                   ] GC(0) ShenandoahCalculateRegionStatsClosure: adding 0 for regular Region 729, yielding: 210038200
[0.232s][debug][gc                   ] GC(0) ShenandoahCalculateRegionStatsClosure: adding 0 for regular Region 730, yielding: 210038200
[0.232s][debug][gc                   ] GC(0) ShenandoahCalculateRegionStatsClosure: adding 0 for regular Region 731, yielding: 210038200
[0.232s][debug][gc                   ] GC(0) ShenandoahCalculateRegionStatsClosure: adding 0 for regular Region 732, yielding: 210038200
[0.232s][debug][gc                   ] GC(0) ShenandoahCalculateRegionStatsClosure: adding 0 for regular Region 733, yielding: 210038200
[0.232s][debug][gc                   ] GC(0) ShenandoahCalculateRegionStatsClosure: adding 0 for regular Region 734, yielding: 210038200
[0.232s][debug][gc                   ] GC(0) ShenandoahCalculateRegionStatsClosure: adding 0 for regular Region 735, yielding: 210038200
[0.232s][debug][gc                   ] GC(0) ShenandoahCalculateRegionStatsClosure: adding 0 for regular Region 736, yielding: 210038200
[0.232s][debug][gc                   ] GC(0) ShenandoahCalculateRegionStatsClosure: adding 0 for regular Region 737, yielding: 210038200
[0.232s][debug][gc                   ] GC(0) ShenandoahCalculateRegionStatsClosure: adding 0 for regular Region 738, yielding: 210038200
[0.232s][debug][gc                   ] GC(0) ShenandoahCalculateRegionStatsClosure: adding 0 for regular Region 739, yielding: 210038200
[0.232s][debug][gc                   ] GC(0) ShenandoahCalculateRegionStatsClosure: adding 0 for regular Region 740, yielding: 210038200
[0.232s][debug][gc                   ] GC(0) ShenandoahCalculateRegionStatsClosure: adding 0 for regular Region 741, yielding: 210038200
[0.232s][debug][gc                   ] GC(0) ShenandoahCalculateRegionStatsClosure: adding 0 for regular Region 742, yielding: 210038200
[0.232s][debug][gc                   ] GC(0) ShenandoahCalculateRegionStatsClosure: adding 0 for regular Region 743, yielding: 210038200
[0.232s][debug][gc                   ] GC(0) ShenandoahCalculateRegionStatsClosure: adding 0 for regular Region 744, yielding: 210038200
[0.232s][debug][gc                   ] GC(0) ShenandoahCalculateRegionStatsClosure: adding 0 for regular Region 745, yielding: 210038200
[0.232s][debug][gc                   ] GC(0) ShenandoahCalculateRegionStatsClosure: adding 0 for regular Region 746, yielding: 210038200
[0.232s][debug][gc                   ] GC(0) ShenandoahCalculateRegionStatsClosure: adding 0 for regular Region 747, yielding: 210038200
[0.232s][debug][gc                   ] GC(0) ShenandoahCalculateRegionStatsClosure: adding 0 for regular Region 748, yielding: 210038200
[0.232s][debug][gc                   ] GC(0) ShenandoahCalculateRegionStatsClosure: adding 0 for regular Region 749, yielding: 210038200
[0.232s][debug][gc                   ] GC(0) ShenandoahCalculateRegionStatsClosure: adding 0 for regular Region 750, yielding: 210038200
[0.232s][debug][gc                   ] GC(0) ShenandoahCalculateRegionStatsClosure: adding 0 for regular Region 751, yielding: 210038200
[0.232s][debug][gc                   ] GC(0) ShenandoahCalculateRegionStatsClosure: adding 0 for regular Region 752, yielding: 210038200
[0.232s][debug][gc                   ] GC(0) ShenandoahCalculateRegionStatsClosure: adding 0 for regular Region 753, yielding: 210038200
[0.232s][debug][gc                   ] GC(0) ShenandoahCalculateRegionStatsClosure: adding 0 for regular Region 754, yielding: 210038200
[0.232s][debug][gc                   ] GC(0) ShenandoahCalculateRegionStatsClosure: adding 0 for regular Region 755, yielding: 210038200
[0.232s][debug][gc                   ] GC(0) ShenandoahCalculateRegionStatsClosure: adding 0 for regular Region 756, yielding: 210038200
[0.232s][debug][gc                   ] GC(0) ShenandoahCalculateRegionStatsClosure: adding 0 for regular Region 757, yielding: 210038200
[0.232s][debug][gc                   ] GC(0) ShenandoahCalculateRegionStatsClosure: adding 0 for regular Region 758, yielding: 210038200
[0.232s][debug][gc                   ] GC(0) ShenandoahCalculateRegionStatsClosure: adding 0 for regular Region 759, yielding: 210038200
[0.232s][debug][gc                   ] GC(0) ShenandoahCalculateRegionStatsClosure: adding 0 for regular Region 760, yielding: 210038200
[0.232s][debug][gc                   ] GC(0) ShenandoahCalculateRegionStatsClosure: adding 0 for regular Region 761, yielding: 210038200
[0.232s][debug][gc                   ] GC(0) ShenandoahCalculateRegionStatsClosure: adding 0 for regular Region 762, yielding: 210038200
[0.232s][debug][gc                   ] GC(0) ShenandoahCalculateRegionStatsClosure: adding 0 for regular Region 763, yielding: 210038200
[0.232s][debug][gc                   ] GC(0) ShenandoahCalculateRegionStatsClosure: adding 0 for regular Region 764, yielding: 210038200
[0.232s][debug][gc                   ] GC(0) ShenandoahCalculateRegionStatsClosure: adding 0 for regular Region 765, yielding: 210038200
[0.232s][debug][gc                   ] GC(0) ShenandoahCalculateRegionStatsClosure: adding 0 for regular Region 766, yielding: 210038200
[0.232s][debug][gc                   ] GC(0) ShenandoahCalculateRegionStatsClosure: adding 0 for regular Region 767, yielding: 210038200
[0.232s][debug][gc                   ] GC(0) ShenandoahCalculateRegionStatsClosure: adding 0 for regular Region 768, yielding: 210038200
[0.232s][debug][gc                   ] GC(0) ShenandoahCalculateRegionStatsClosure: adding 0 for regular Region 769, yielding: 210038200
[0.232s][debug][gc                   ] GC(0) ShenandoahCalculateRegionStatsClosure: adding 0 for regular Region 770, yielding: 210038200
[0.232s][debug][gc                   ] GC(0) ShenandoahCalculateRegionStatsClosure: adding 0 for regular Region 771, yielding: 210038200
[0.232s][debug][gc                   ] GC(0) ShenandoahCalculateRegionStatsClosure: adding 0 for regular Region 772, yielding: 210038200
[0.232s][debug][gc                   ] GC(0) ShenandoahCalculateRegionStatsClosure: adding 0 for regular Region 773, yielding: 210038200
[0.232s][debug][gc                   ] GC(0) ShenandoahCalculateRegionStatsClosure: adding 0 for regular Region 774, yielding: 210038200
[0.232s][debug][gc                   ] GC(0) ShenandoahCalculateRegionStatsClosure: adding 0 for regular Region 775, yielding: 210038200
[0.232s][debug][gc                   ] GC(0) ShenandoahCalculateRegionStatsClosure: adding 0 for regular Region 776, yielding: 210038200
[0.232s][debug][gc                   ] GC(0) ShenandoahCalculateRegionStatsClosure: adding 0 for regular Region 777, yielding: 210038200
[0.232s][debug][gc                   ] GC(0) ShenandoahCalculateRegionStatsClosure: adding 0 for regular Region 778, yielding: 210038200
[0.232s][debug][gc                   ] GC(0) ShenandoahCalculateRegionStatsClosure: adding 0 for regular Region 779, yielding: 210038200
[0.232s][debug][gc                   ] GC(0) ShenandoahCalculateRegionStatsClosure: adding 0 for regular Region 780, yielding: 210038200
[0.232s][debug][gc                   ] GC(0) ShenandoahCalculateRegionStatsClosure: adding 0 for regular Region 781, yielding: 210038200
[0.232s][debug][gc                   ] GC(0) ShenandoahCalculateRegionStatsClosure: adding 0 for regular Region 782, yielding: 210038200
[0.232s][debug][gc                   ] GC(0) ShenandoahCalculateRegionStatsClosure: adding 0 for regular Region 783, yielding: 210038200
[0.232s][debug][gc                   ] GC(0) ShenandoahCalculateRegionStatsClosure: adding 0 for regular Region 784, yielding: 210038200
[0.232s][debug][gc                   ] GC(0) ShenandoahCalculateRegionStatsClosure: adding 0 for regular Region 785, yielding: 210038200
[0.232s][debug][gc                   ] GC(0) ShenandoahCalculateRegionStatsClosure: adding 0 for regular Region 786, yielding: 210038200
[0.232s][debug][gc                   ] GC(0) ShenandoahCalculateRegionStatsClosure: adding 0 for regular Region 787, yielding: 210038200
[0.232s][debug][gc                   ] GC(0) ShenandoahCalculateRegionStatsClosure: adding 0 for regular Region 788, yielding: 210038200
[0.232s][debug][gc                   ] GC(0) ShenandoahCalculateRegionStatsClosure: adding 0 for regular Region 789, yielding: 210038200
[0.232s][debug][gc                   ] GC(0) ShenandoahCalculateRegionStatsClosure: adding 0 for regular Region 790, yielding: 210038200
[0.232s][debug][gc                   ] GC(0) ShenandoahCalculateRegionStatsClosure: adding 0 for regular Region 791, yielding: 210038200
[0.232s][debug][gc                   ] GC(0) ShenandoahCalculateRegionStatsClosure: adding 0 for regular Region 792, yielding: 210038200
[0.232s][debug][gc                   ] GC(0) ShenandoahCalculateRegionStatsClosure: adding 0 for regular Region 793, yielding: 210038200
[0.232s][debug][gc                   ] GC(0) ShenandoahCalculateRegionStatsClosure: adding 0 for regular Region 794, yielding: 210038200
[0.232s][debug][gc                   ] GC(0) ShenandoahCalculateRegionStatsClosure: adding 0 for regular Region 795, yielding: 210038200
[0.232s][debug][gc                   ] GC(0) ShenandoahCalculateRegionStatsClosure: adding 0 for regular Region 796, yielding: 210038200
[0.232s][debug][gc                   ] GC(0) ShenandoahCalculateRegionStatsClosure: adding 0 for regular Region 797, yielding: 210038200
[0.232s][debug][gc                   ] GC(0) ShenandoahCalculateRegionStatsClosure: adding 0 for regular Region 798, yielding: 210038200
[0.232s][debug][gc                   ] GC(0) ShenandoahCalculateRegionStatsClosure: adding 0 for regular Region 799, yielding: 210038200
[0.232s][debug][gc                   ] GC(0) ShenandoahCalculateRegionStatsClosure: adding 0 for regular Region 800, yielding: 210038200
[0.232s][debug][gc                   ] GC(0) ShenandoahCalculateRegionStatsClosure: adding 0 for regular Region 801, yielding: 210038200
[0.232s][debug][gc                   ] GC(0) ShenandoahCalculateRegionStatsClosure: adding 0 for regular Region 802, yielding: 210038200
[0.232s][debug][gc                   ] GC(0) ShenandoahCalculateRegionStatsClosure: adding 0 for regular Region 803, yielding: 210038200
[0.232s][debug][gc                   ] GC(0) ShenandoahCalculateRegionStatsClosure: adding 0 for regular Region 804, yielding: 210038200
[0.232s][debug][gc                   ] GC(0) ShenandoahCalculateRegionStatsClosure: adding 0 for regular Region 805, yielding: 210038200
[0.232s][debug][gc                   ] GC(0) ShenandoahCalculateRegionStatsClosure: adding 0 for regular Region 806, yielding: 210038200
[0.232s][debug][gc                   ] GC(0) ShenandoahCalculateRegionStatsClosure: adding 0 for regular Region 807, yielding: 210038200
[0.232s][debug][gc                   ] GC(0) ShenandoahCalculateRegionStatsClosure: adding 0 for regular Region 808, yielding: 210038200
[0.232s][debug][gc                   ] GC(0) ShenandoahCalculateRegionStatsClosure: adding 0 for regular Region 809, yielding: 210038200
[0.232s][debug][gc                   ] GC(0) ShenandoahCalculateRegionStatsClosure: adding 0 for regular Region 810, yielding: 210038200
[0.232s][debug][gc                   ] GC(0) ShenandoahCalculateRegionStatsClosure: adding 0 for regular Region 811, yielding: 210038200
[0.232s][debug][gc                   ] GC(0) ShenandoahCalculateRegionStatsClosure: adding 0 for regular Region 812, yielding: 210038200
[0.232s][debug][gc                   ] GC(0) ShenandoahCalculateRegionStatsClosure: adding 0 for regular Region 813, yielding: 210038200
[0.232s][debug][gc                   ] GC(0) ShenandoahCalculateRegionStatsClosure: adding 0 for regular Region 814, yielding: 210038200
[0.232s][debug][gc                   ] GC(0) ShenandoahCalculateRegionStatsClosure: adding 0 for regular Region 815, yielding: 210038200
[0.232s][debug][gc                   ] GC(0) ShenandoahCalculateRegionStatsClosure: adding 0 for regular Region 816, yielding: 210038200
[0.232s][debug][gc                   ] GC(0) ShenandoahCalculateRegionStatsClosure: adding 0 for regular Region 817, yielding: 210038200
[0.232s][debug][gc                   ] GC(0) ShenandoahCalculateRegionStatsClosure: adding 0 for regular Region 818, yielding: 210038200
[0.232s][debug][gc                   ] GC(0) ShenandoahCalculateRegionStatsClosure: adding 0 for regular Region 819, yielding: 210038200
[0.232s][debug][gc                   ] GC(0) ShenandoahCalculateRegionStatsClosure: adding 0 for regular Region 820, yielding: 210038200
[0.232s][debug][gc                   ] GC(0) ShenandoahCalculateRegionStatsClosure: adding 0 for regular Region 821, yielding: 210038200
[0.232s][debug][gc                   ] GC(0) ShenandoahCalculateRegionStatsClosure: adding 0 for regular Region 822, yielding: 210038200
[0.232s][debug][gc                   ] GC(0) ShenandoahCalculateRegionStatsClosure: adding 0 for regular Region 823, yielding: 210038200
[0.232s][debug][gc                   ] GC(0) ShenandoahCalculateRegionStatsClosure: adding 0 for regular Region 824, yielding: 210038200
[0.232s][debug][gc                   ] GC(0) ShenandoahCalculateRegionStatsClosure: adding 0 for regular Region 825, yielding: 210038200
[0.232s][debug][gc                   ] GC(0) ShenandoahCalculateRegionStatsClosure: adding 0 for regular Region 826, yielding: 210038200
[0.232s][debug][gc                   ] GC(0) ShenandoahCalculateRegionStatsClosure: adding 0 for regular Region 827, yielding: 210038200
[0.232s][debug][gc                   ] GC(0) ShenandoahCalculateRegionStatsClosure: adding 0 for regular Region 828, yielding: 210038200
[0.232s][debug][gc                   ] GC(0) ShenandoahCalculateRegionStatsClosure: adding 0 for regular Region 829, yielding: 210038200
[0.232s][debug][gc                   ] GC(0) ShenandoahCalculateRegionStatsClosure: adding 0 for regular Region 830, yielding: 210038200
[0.232s][debug][gc                   ] GC(0) ShenandoahCalculateRegionStatsClosure: adding 0 for regular Region 831, yielding: 210038200
[0.232s][debug][gc                   ] GC(0) ShenandoahCalculateRegionStatsClosure: adding 0 for regular Region 832, yielding: 210038200
[0.232s][debug][gc                   ] GC(0) ShenandoahCalculateRegionStatsClosure: adding 0 for regular Region 833, yielding: 210038200
[0.232s][debug][gc                   ] GC(0) ShenandoahCalculateRegionStatsClosure: adding 0 for regular Region 834, yielding: 210038200
[0.232s][debug][gc                   ] GC(0) ShenandoahCalculateRegionStatsClosure: adding 0 for regular Region 835, yielding: 210038200
[0.232s][debug][gc                   ] GC(0) ShenandoahCalculateRegionStatsClosure: adding 0 for regular Region 836, yielding: 210038200
[0.232s][debug][gc                   ] GC(0) ShenandoahCalculateRegionStatsClosure: adding 0 for regular Region 837, yielding: 210038200
[0.232s][debug][gc                   ] GC(0) ShenandoahCalculateRegionStatsClosure: adding 0 for regular Region 838, yielding: 210038200
[0.232s][debug][gc                   ] GC(0) ShenandoahCalculateRegionStatsClosure: adding 0 for regular Region 839, yielding: 210038200
[0.232s][debug][gc                   ] GC(0) ShenandoahCalculateRegionStatsClosure: adding 0 for regular Region 840, yielding: 210038200
[0.232s][debug][gc                   ] GC(0) ShenandoahCalculateRegionStatsClosure: adding 0 for regular Region 841, yielding: 210038200
[0.232s][debug][gc                   ] GC(0) ShenandoahCalculateRegionStatsClosure: adding 0 for regular Region 842, yielding: 210038200
[0.232s][debug][gc                   ] GC(0) ShenandoahCalculateRegionStatsClosure: adding 0 for regular Region 843, yielding: 210038200
[0.232s][debug][gc                   ] GC(0) ShenandoahCalculateRegionStatsClosure: adding 0 for regular Region 844, yielding: 210038200
[0.232s][debug][gc                   ] GC(0) ShenandoahCalculateRegionStatsClosure: adding 0 for regular Region 845, yielding: 210038200
[0.232s][debug][gc                   ] GC(0) ShenandoahCalculateRegionStatsClosure: adding 0 for regular Region 846, yielding: 210038200
[0.232s][debug][gc                   ] GC(0) ShenandoahCalculateRegionStatsClosure: adding 0 for regular Region 847, yielding: 210038200
[0.232s][debug][gc                   ] GC(0) ShenandoahCalculateRegionStatsClosure: adding 0 for regular Region 848, yielding: 210038200
[0.232s][debug][gc                   ] GC(0) ShenandoahCalculateRegionStatsClosure: adding 0 for regular Region 849, yielding: 210038200
[0.232s][debug][gc                   ] GC(0) ShenandoahCalculateRegionStatsClosure: adding 0 for regular Region 850, yielding: 210038200
[0.232s][debug][gc                   ] GC(0) ShenandoahCalculateRegionStatsClosure: adding 0 for regular Region 851, yielding: 210038200
[0.232s][debug][gc                   ] GC(0) ShenandoahCalculateRegionStatsClosure: adding 0 for regular Region 852, yielding: 210038200
[0.232s][debug][gc                   ] GC(0) ShenandoahCalculateRegionStatsClosure: adding 0 for regular Region 853, yielding: 210038200
[0.232s][debug][gc                   ] GC(0) ShenandoahCalculateRegionStatsClosure: adding 0 for regular Region 854, yielding: 210038200
[0.232s][debug][gc                   ] GC(0) ShenandoahCalculateRegionStatsClosure: adding 0 for regular Region 855, yielding: 210038200
[0.232s][debug][gc                   ] GC(0) ShenandoahCalculateRegionStatsClosure: adding 0 for regular Region 856, yielding: 210038200
[0.232s][debug][gc                   ] GC(0) ShenandoahCalculateRegionStatsClosure: adding 0 for regular Region 857, yielding: 210038200
[0.232s][debug][gc                   ] GC(0) ShenandoahCalculateRegionStatsClosure: adding 0 for regular Region 858, yielding: 210038200
[0.232s][debug][gc                   ] GC(0) ShenandoahCalculateRegionStatsClosure: adding 0 for regular Region 859, yielding: 210038200
[0.232s][debug][gc                   ] GC(0) ShenandoahCalculateRegionStatsClosure: adding 0 for regular Region 860, yielding: 210038200
[0.232s][debug][gc                   ] GC(0) ShenandoahCalculateRegionStatsClosure: adding 0 for regular Region 861, yielding: 210038200
[0.232s][debug][gc                   ] GC(0) ShenandoahCalculateRegionStatsClosure: adding 0 for regular Region 862, yielding: 210038200
[0.232s][debug][gc                   ] GC(0) ShenandoahCalculateRegionStatsClosure: adding 0 for regular Region 863, yielding: 210038200
[0.232s][debug][gc                   ] GC(0) ShenandoahCalculateRegionStatsClosure: adding 0 for regular Region 864, yielding: 210038200
[0.232s][debug][gc                   ] GC(0) ShenandoahCalculateRegionStatsClosure: adding 0 for regular Region 865, yielding: 210038200
[0.232s][debug][gc                   ] GC(0) ShenandoahCalculateRegionStatsClosure: adding 0 for regular Region 866, yielding: 210038200
[0.232s][debug][gc                   ] GC(0) ShenandoahCalculateRegionStatsClosure: adding 0 for regular Region 867, yielding: 210038200
[0.232s][debug][gc                   ] GC(0) ShenandoahCalculateRegionStatsClosure: adding 0 for regular Region 868, yielding: 210038200
[0.232s][debug][gc                   ] GC(0) ShenandoahCalculateRegionStatsClosure: adding 0 for regular Region 869, yielding: 210038200
[0.232s][debug][gc                   ] GC(0) ShenandoahCalculateRegionStatsClosure: adding 0 for regular Region 870, yielding: 210038200
[0.232s][debug][gc                   ] GC(0) ShenandoahCalculateRegionStatsClosure: adding 0 for regular Region 871, yielding: 210038200
[0.232s][debug][gc                   ] GC(0) ShenandoahCalculateRegionStatsClosure: adding 0 for regular Region 872, yielding: 210038200
[0.232s][debug][gc                   ] GC(0) ShenandoahCalculateRegionStatsClosure: adding 0 for regular Region 873, yielding: 210038200
[0.232s][debug][gc                   ] GC(0) ShenandoahCalculateRegionStatsClosure: adding 0 for regular Region 874, yielding: 210038200
[0.232s][debug][gc                   ] GC(0) ShenandoahCalculateRegionStatsClosure: adding 0 for regular Region 875, yielding: 210038200
[0.232s][debug][gc                   ] GC(0) ShenandoahCalculateRegionStatsClosure: adding 0 for regular Region 876, yielding: 210038200
[0.232s][debug][gc                   ] GC(0) ShenandoahCalculateRegionStatsClosure: adding 0 for regular Region 877, yielding: 210038200
[0.232s][debug][gc                   ] GC(0) ShenandoahCalculateRegionStatsClosure: adding 0 for regular Region 878, yielding: 210038200
[0.232s][debug][gc                   ] GC(0) ShenandoahCalculateRegionStatsClosure: adding 0 for regular Region 879, yielding: 210038200
[0.232s][debug][gc                   ] GC(0) ShenandoahCalculateRegionStatsClosure: adding 0 for regular Region 880, yielding: 210038200
[0.232s][debug][gc                   ] GC(0) ShenandoahCalculateRegionStatsClosure: adding 0 for regular Region 881, yielding: 210038200
[0.232s][debug][gc                   ] GC(0) ShenandoahCalculateRegionStatsClosure: adding 0 for regular Region 882, yielding: 210038200
[0.232s][debug][gc                   ] GC(0) ShenandoahCalculateRegionStatsClosure: adding 0 for regular Region 883, yielding: 210038200
[0.232s][debug][gc                   ] GC(0) ShenandoahCalculateRegionStatsClosure: adding 0 for regular Region 884, yielding: 210038200
[0.232s][debug][gc                   ] GC(0) ShenandoahCalculateRegionStatsClosure: adding 0 for regular Region 885, yielding: 210038200
[0.232s][debug][gc                   ] GC(0) ShenandoahCalculateRegionStatsClosure: adding 0 for regular Region 886, yielding: 210038200
[0.232s][debug][gc                   ] GC(0) ShenandoahCalculateRegionStatsClosure: adding 0 for regular Region 887, yielding: 210038200
[0.232s][debug][gc                   ] GC(0) ShenandoahCalculateRegionStatsClosure: adding 0 for regular Region 888, yielding: 210038200
[0.232s][debug][gc                   ] GC(0) ShenandoahCalculateRegionStatsClosure: adding 0 for regular Region 889, yielding: 210038200
[0.232s][debug][gc                   ] GC(0) ShenandoahCalculateRegionStatsClosure: adding 0 for regular Region 890, yielding: 210038200
[0.232s][debug][gc                   ] GC(0) ShenandoahCalculateRegionStatsClosure: adding 0 for regular Region 891, yielding: 210038200
[0.232s][debug][gc                   ] GC(0) ShenandoahCalculateRegionStatsClosure: adding 0 for regular Region 892, yielding: 210038200
[0.232s][debug][gc                   ] GC(0) ShenandoahCalculateRegionStatsClosure: adding 0 for regular Region 893, yielding: 210038200
[0.232s][debug][gc                   ] GC(0) ShenandoahCalculateRegionStatsClosure: adding 0 for regular Region 894, yielding: 210038200
[0.232s][debug][gc                   ] GC(0) ShenandoahCalculateRegionStatsClosure: adding 0 for regular Region 895, yielding: 210038200
[0.232s][debug][gc                   ] GC(0) ShenandoahCalculateRegionStatsClosure: adding 0 for regular Region 896, yielding: 210038200
[0.232s][debug][gc                   ] GC(0) ShenandoahCalculateRegionStatsClosure: adding 0 for regular Region 897, yielding: 210038200
[0.232s][debug][gc                   ] GC(0) ShenandoahCalculateRegionStatsClosure: adding 0 for regular Region 898, yielding: 210038200
[0.232s][debug][gc                   ] GC(0) ShenandoahCalculateRegionStatsClosure: adding 0 for regular Region 899, yielding: 210038200
[0.232s][debug][gc                   ] GC(0) ShenandoahCalculateRegionStatsClosure: adding 0 for regular Region 900, yielding: 210038200
[0.232s][debug][gc                   ] GC(0) ShenandoahCalculateRegionStatsClosure: adding 0 for regular Region 901, yielding: 210038200
[0.232s][debug][gc                   ] GC(0) ShenandoahCalculateRegionStatsClosure: adding 0 for regular Region 902, yielding: 210038200
[0.232s][debug][gc                   ] GC(0) ShenandoahCalculateRegionStatsClosure: adding 0 for regular Region 903, yielding: 210038200
[0.232s][debug][gc                   ] GC(0) ShenandoahCalculateRegionStatsClosure: adding 0 for regular Region 904, yielding: 210038200
[0.232s][debug][gc                   ] GC(0) ShenandoahCalculateRegionStatsClosure: adding 0 for regular Region 905, yielding: 210038200
[0.232s][debug][gc                   ] GC(0) ShenandoahCalculateRegionStatsClosure: adding 0 for regular Region 906, yielding: 210038200
[0.232s][debug][gc                   ] GC(0) ShenandoahCalculateRegionStatsClosure: adding 0 for regular Region 907, yielding: 210038200
[0.232s][debug][gc                   ] GC(0) ShenandoahCalculateRegionStatsClosure: adding 0 for regular Region 908, yielding: 210038200
[0.232s][debug][gc                   ] GC(0) ShenandoahCalculateRegionStatsClosure: adding 0 for regular Region 909, yielding: 210038200
[0.232s][debug][gc                   ] GC(0) ShenandoahCalculateRegionStatsClosure: adding 0 for regular Region 910, yielding: 210038200
[0.232s][debug][gc                   ] GC(0) ShenandoahCalculateRegionStatsClosure: adding 0 for regular Region 911, yielding: 210038200
[0.232s][debug][gc                   ] GC(0) ShenandoahCalculateRegionStatsClosure: adding 0 for regular Region 912, yielding: 210038200
[0.232s][debug][gc                   ] GC(0) ShenandoahCalculateRegionStatsClosure: adding 0 for regular Region 913, yielding: 210038200
[0.232s][debug][gc                   ] GC(0) ShenandoahCalculateRegionStatsClosure: adding 0 for regular Region 914, yielding: 210038200
[0.232s][debug][gc                   ] GC(0) ShenandoahCalculateRegionStatsClosure: adding 0 for regular Region 915, yielding: 210038200
[0.232s][debug][gc                   ] GC(0) ShenandoahCalculateRegionStatsClosure: adding 0 for regular Region 916, yielding: 210038200
[0.232s][debug][gc                   ] GC(0) ShenandoahCalculateRegionStatsClosure: adding 0 for regular Region 917, yielding: 210038200
[0.232s][debug][gc                   ] GC(0) ShenandoahCalculateRegionStatsClosure: adding 0 for regular Region 918, yielding: 210038200
[0.232s][debug][gc                   ] GC(0) ShenandoahCalculateRegionStatsClosure: adding 0 for regular Region 919, yielding: 210038200
[0.232s][debug][gc                   ] GC(0) ShenandoahCalculateRegionStatsClosure: adding 0 for regular Region 920, yielding: 210038200
[0.232s][debug][gc                   ] GC(0) ShenandoahCalculateRegionStatsClosure: adding 0 for regular Region 921, yielding: 210038200
[0.232s][debug][gc                   ] GC(0) ShenandoahCalculateRegionStatsClosure: adding 0 for regular Region 922, yielding: 210038200
[0.232s][debug][gc                   ] GC(0) ShenandoahCalculateRegionStatsClosure: adding 0 for regular Region 923, yielding: 210038200
[0.232s][debug][gc                   ] GC(0) ShenandoahCalculateRegionStatsClosure: adding 0 for regular Region 924, yielding: 210038200
[0.232s][debug][gc                   ] GC(0) ShenandoahCalculateRegionStatsClosure: adding 0 for regular Region 925, yielding: 210038200
[0.232s][debug][gc                   ] GC(0) ShenandoahCalculateRegionStatsClosure: adding 0 for regular Region 926, yielding: 210038200
[0.232s][debug][gc                   ] GC(0) ShenandoahCalculateRegionStatsClosure: adding 0 for regular Region 927, yielding: 210038200
[0.232s][debug][gc                   ] GC(0) ShenandoahCalculateRegionStatsClosure: adding 0 for regular Region 928, yielding: 210038200
[0.232s][debug][gc                   ] GC(0) ShenandoahCalculateRegionStatsClosure: adding 0 for regular Region 929, yielding: 210038200
[0.232s][debug][gc                   ] GC(0) ShenandoahCalculateRegionStatsClosure: adding 0 for regular Region 930, yielding: 210038200
[0.232s][debug][gc                   ] GC(0) ShenandoahCalculateRegionStatsClosure: adding 0 for regular Region 931, yielding: 210038200
[0.232s][debug][gc                   ] GC(0) ShenandoahCalculateRegionStatsClosure: adding 0 for regular Region 932, yielding: 210038200
[0.232s][debug][gc                   ] GC(0) ShenandoahCalculateRegionStatsClosure: adding 0 for regular Region 933, yielding: 210038200
[0.232s][debug][gc                   ] GC(0) ShenandoahCalculateRegionStatsClosure: adding 0 for regular Region 934, yielding: 210038200
[0.232s][debug][gc                   ] GC(0) ShenandoahCalculateRegionStatsClosure: adding 0 for regular Region 935, yielding: 210038200
[0.232s][debug][gc                   ] GC(0) ShenandoahCalculateRegionStatsClosure: adding 0 for regular Region 936, yielding: 210038200
[0.232s][debug][gc                   ] GC(0) ShenandoahCalculateRegionStatsClosure: adding 0 for regular Region 937, yielding: 210038200
[0.232s][debug][gc                   ] GC(0) ShenandoahCalculateRegionStatsClosure: adding 0 for regular Region 938, yielding: 210038200
[0.232s][debug][gc                   ] GC(0) ShenandoahCalculateRegionStatsClosure: adding 0 for regular Region 939, yielding: 210038200
[0.232s][debug][gc                   ] GC(0) ShenandoahCalculateRegionStatsClosure: adding 0 for regular Region 940, yielding: 210038200
[0.232s][debug][gc                   ] GC(0) ShenandoahCalculateRegionStatsClosure: adding 0 for regular Region 941, yielding: 210038200
[0.232s][debug][gc                   ] GC(0) ShenandoahCalculateRegionStatsClosure: adding 0 for regular Region 942, yielding: 210038200
[0.232s][debug][gc                   ] GC(0) ShenandoahCalculateRegionStatsClosure: adding 0 for regular Region 943, yielding: 210038200
[0.232s][debug][gc                   ] GC(0) ShenandoahCalculateRegionStatsClosure: adding 0 for regular Region 944, yielding: 210038200
[0.232s][debug][gc                   ] GC(0) ShenandoahCalculateRegionStatsClosure: adding 0 for regular Region 945, yielding: 210038200
[0.232s][debug][gc                   ] GC(0) ShenandoahCalculateRegionStatsClosure: adding 0 for regular Region 946, yielding: 210038200
[0.232s][debug][gc                   ] GC(0) ShenandoahCalculateRegionStatsClosure: adding 0 for regular Region 947, yielding: 210038200
[0.232s][debug][gc                   ] GC(0) ShenandoahCalculateRegionStatsClosure: adding 0 for regular Region 948, yielding: 210038200
[0.232s][debug][gc                   ] GC(0) ShenandoahCalculateRegionStatsClosure: adding 0 for regular Region 949, yielding: 210038200
[0.232s][debug][gc                   ] GC(0) ShenandoahCalculateRegionStatsClosure: adding 0 for regular Region 950, yielding: 210038200
[0.232s][debug][gc                   ] GC(0) ShenandoahCalculateRegionStatsClosure: adding 0 for regular Region 951, yielding: 210038200
[0.232s][debug][gc                   ] GC(0) ShenandoahCalculateRegionStatsClosure: adding 0 for regular Region 952, yielding: 210038200
[0.232s][debug][gc                   ] GC(0) ShenandoahCalculateRegionStatsClosure: adding 0 for regular Region 953, yielding: 210038200
[0.232s][debug][gc                   ] GC(0) ShenandoahCalculateRegionStatsClosure: adding 0 for regular Region 954, yielding: 210038200
[0.232s][debug][gc                   ] GC(0) ShenandoahCalculateRegionStatsClosure: adding 0 for regular Region 955, yielding: 210038200
[0.232s][debug][gc                   ] GC(0) ShenandoahCalculateRegionStatsClosure: adding 0 for regular Region 956, yielding: 210038200
[0.232s][debug][gc                   ] GC(0) ShenandoahCalculateRegionStatsClosure: adding 0 for regular Region 957, yielding: 210038200
[0.232s][debug][gc                   ] GC(0) ShenandoahCalculateRegionStatsClosure: adding 0 for regular Region 958, yielding: 210038200
[0.232s][debug][gc                   ] GC(0) ShenandoahCalculateRegionStatsClosure: adding 0 for regular Region 959, yielding: 210038200
[0.232s][debug][gc                   ] GC(0) ShenandoahCalculateRegionStatsClosure: adding 0 for regular Region 960, yielding: 210038200
[0.232s][debug][gc                   ] GC(0) ShenandoahCalculateRegionStatsClosure: adding 0 for regular Region 961, yielding: 210038200
[0.232s][debug][gc                   ] GC(0) ShenandoahCalculateRegionStatsClosure: adding 0 for regular Region 962, yielding: 210038200
[0.232s][debug][gc                   ] GC(0) ShenandoahCalculateRegionStatsClosure: adding 0 for regular Region 963, yielding: 210038200
[0.232s][debug][gc                   ] GC(0) ShenandoahCalculateRegionStatsClosure: adding 0 for regular Region 964, yielding: 210038200
[0.232s][debug][gc                   ] GC(0) ShenandoahCalculateRegionStatsClosure: adding 0 for regular Region 965, yielding: 210038200
[0.232s][debug][gc                   ] GC(0) ShenandoahCalculateRegionStatsClosure: adding 0 for regular Region 966, yielding: 210038200
[0.232s][debug][gc                   ] GC(0) ShenandoahCalculateRegionStatsClosure: adding 0 for regular Region 967, yielding: 210038200
[0.232s][debug][gc                   ] GC(0) ShenandoahCalculateRegionStatsClosure: adding 0 for regular Region 968, yielding: 210038200
[0.232s][debug][gc                   ] GC(0) ShenandoahCalculateRegionStatsClosure: adding 0 for regular Region 969, yielding: 210038200
[0.232s][debug][gc                   ] GC(0) ShenandoahCalculateRegionStatsClosure: adding 0 for regular Region 970, yielding: 210038200
[0.232s][debug][gc                   ] GC(0) ShenandoahCalculateRegionStatsClosure: adding 0 for regular Region 971, yielding: 210038200
[0.232s][debug][gc                   ] GC(0) ShenandoahCalculateRegionStatsClosure: adding 0 for regular Region 972, yielding: 210038200
[0.232s][debug][gc                   ] GC(0) ShenandoahCalculateRegionStatsClosure: adding 0 for regular Region 973, yielding: 210038200
[0.232s][debug][gc                   ] GC(0) ShenandoahCalculateRegionStatsClosure: adding 0 for regular Region 974, yielding: 210038200
[0.232s][debug][gc                   ] GC(0) ShenandoahCalculateRegionStatsClosure: adding 0 for regular Region 975, yielding: 210038200
[0.232s][debug][gc                   ] GC(0) ShenandoahCalculateRegionStatsClosure: adding 0 for regular Region 976, yielding: 210038200
[0.232s][debug][gc                   ] GC(0) ShenandoahCalculateRegionStatsClosure: adding 0 for regular Region 977, yielding: 210038200
[0.232s][debug][gc                   ] GC(0) ShenandoahCalculateRegionStatsClosure: adding 0 for regular Region 978, yielding: 210038200
[0.232s][debug][gc                   ] GC(0) ShenandoahCalculateRegionStatsClosure: adding 0 for regular Region 979, yielding: 210038200
[0.232s][debug][gc                   ] GC(0) ShenandoahCalculateRegionStatsClosure: adding 0 for regular Region 980, yielding: 210038200
[0.232s][debug][gc                   ] GC(0) ShenandoahCalculateRegionStatsClosure: adding 0 for regular Region 981, yielding: 210038200
[0.232s][debug][gc                   ] GC(0) ShenandoahCalculateRegionStatsClosure: adding 0 for regular Region 982, yielding: 210038200
[0.232s][debug][gc                   ] GC(0) ShenandoahCalculateRegionStatsClosure: adding 0 for regular Region 983, yielding: 210038200
[0.232s][debug][gc                   ] GC(0) ShenandoahCalculateRegionStatsClosure: adding 0 for regular Region 984, yielding: 210038200
[0.232s][debug][gc                   ] GC(0) ShenandoahCalculateRegionStatsClosure: adding 0 for regular Region 985, yielding: 210038200
[0.232s][debug][gc                   ] GC(0) ShenandoahCalculateRegionStatsClosure: adding 0 for regular Region 986, yielding: 210038200
[0.232s][debug][gc                   ] GC(0) ShenandoahCalculateRegionStatsClosure: adding 0 for regular Region 987, yielding: 210038200
[0.232s][debug][gc                   ] GC(0) ShenandoahCalculateRegionStatsClosure: adding 0 for regular Region 988, yielding: 210038200
[0.232s][debug][gc                   ] GC(0) ShenandoahCalculateRegionStatsClosure: adding 0 for regular Region 989, yielding: 210038200
[0.232s][debug][gc                   ] GC(0) ShenandoahCalculateRegionStatsClosure: adding 0 for regular Region 990, yielding: 210038200
[0.232s][debug][gc                   ] GC(0) ShenandoahCalculateRegionStatsClosure: adding 0 for regular Region 991, yielding: 210038200
[0.232s][debug][gc                   ] GC(0) ShenandoahCalculateRegionStatsClosure: adding 0 for regular Region 992, yielding: 210038200
[0.232s][debug][gc                   ] GC(0) ShenandoahCalculateRegionStatsClosure: adding 0 for regular Region 993, yielding: 210038200
[0.232s][debug][gc                   ] GC(0) ShenandoahCalculateRegionStatsClosure: adding 0 for regular Region 994, yielding: 210038200
[0.232s][debug][gc                   ] GC(0) ShenandoahCalculateRegionStatsClosure: adding 0 for regular Region 995, yielding: 210038200
[0.232s][debug][gc                   ] GC(0) ShenandoahCalculateRegionStatsClosure: adding 0 for regular Region 996, yielding: 210038200
[0.232s][debug][gc                   ] GC(0) ShenandoahCalculateRegionStatsClosure: adding 0 for regular Region 997, yielding: 210038200
[0.232s][debug][gc                   ] GC(0) ShenandoahCalculateRegionStatsClosure: adding 0 for regular Region 998, yielding: 210038200
[0.232s][debug][gc                   ] GC(0) ShenandoahCalculateRegionStatsClosure: adding 0 for regular Region 999, yielding: 210038200
[0.232s][debug][gc                   ] GC(0) ShenandoahCalculateRegionStatsClosure: adding 0 for regular Region 1000, yielding: 210038200
[0.232s][debug][gc                   ] GC(0) ShenandoahCalculateRegionStatsClosure: adding 0 for regular Region 1001, yielding: 210038200
[0.232s][debug][gc                   ] GC(0) ShenandoahCalculateRegionStatsClosure: adding 0 for regular Region 1002, yielding: 210038200
[0.232s][debug][gc                   ] GC(0) ShenandoahCalculateRegionStatsClosure: adding 0 for regular Region 1003, yielding: 210038200
[0.232s][debug][gc                   ] GC(0) ShenandoahCalculateRegionStatsClosure: adding 0 for regular Region 1004, yielding: 210038200
[0.232s][debug][gc                   ] GC(0) ShenandoahCalculateRegionStatsClosure: adding 0 for regular Region 1005, yielding: 210038200
[0.232s][debug][gc                   ] GC(0) ShenandoahCalculateRegionStatsClosure: adding 0 for regular Region 1006, yielding: 210038200
[0.232s][debug][gc                   ] GC(0) ShenandoahCalculateRegionStatsClosure: adding 0 for regular Region 1007, yielding: 210038200
[0.232s][debug][gc                   ] GC(0) ShenandoahCalculateRegionStatsClosure: adding 0 for regular Region 1008, yielding: 210038200
[0.232s][debug][gc                   ] GC(0) ShenandoahCalculateRegionStatsClosure: adding 0 for regular Region 1009, yielding: 210038200
[0.232s][debug][gc                   ] GC(0) ShenandoahCalculateRegionStatsClosure: adding 0 for regular Region 1010, yielding: 210038200
[0.232s][debug][gc                   ] GC(0) ShenandoahCalculateRegionStatsClosure: adding 0 for regular Region 1011, yielding: 210038200
[0.232s][debug][gc                   ] GC(0) ShenandoahCalculateRegionStatsClosure: adding 0 for regular Region 1012, yielding: 210038200
[0.232s][debug][gc                   ] GC(0) ShenandoahCalculateRegionStatsClosure: adding 0 for regular Region 1013, yielding: 210038200
[0.232s][debug][gc                   ] GC(0) ShenandoahCalculateRegionStatsClosure: adding 0 for regular Region 1014, yielding: 210038200
[0.232s][debug][gc                   ] GC(0) ShenandoahCalculateRegionStatsClosure: adding 0 for regular Region 1015, yielding: 210038200
[0.232s][debug][gc                   ] GC(0) ShenandoahCalculateRegionStatsClosure: adding 0 for regular Region 1016, yielding: 210038200
[0.232s][debug][gc                   ] GC(0) ShenandoahCalculateRegionStatsClosure: adding 0 for regular Region 1017, yielding: 210038200
[0.232s][debug][gc                   ] GC(0) ShenandoahCalculateRegionStatsClosure: adding 0 for regular Region 1018, yielding: 210038200
[0.232s][debug][gc                   ] GC(0) ShenandoahCalculateRegionStatsClosure: adding 0 for regular Region 1019, yielding: 210038200
[0.232s][debug][gc                   ] GC(0) ShenandoahCalculateRegionStatsClosure: adding 0 for regular Region 1020, yielding: 210038200
[0.232s][debug][gc                   ] GC(0) ShenandoahCalculateRegionStatsClosure: adding 0 for regular Region 1021, yielding: 210038200
[0.232s][debug][gc                   ] GC(0) ShenandoahCalculateRegionStatsClosure: adding 0 for regular Region 1022, yielding: 210038200
[0.232s][debug][gc                   ] GC(0) ShenandoahCalculateRegionStatsClosure: adding 0 for regular Region 1023, yielding: 210038200
[0.232s][debug][gc                   ] GC(0) ShenandoahCalculateRegionStatsClosure: adding 0 for regular Region 1024, yielding: 210038200
[0.232s][debug][gc                   ] GC(0) ShenandoahCalculateRegionStatsClosure: adding 0 for regular Region 1025, yielding: 210038200
[0.232s][debug][gc                   ] GC(0) ShenandoahCalculateRegionStatsClosure: adding 0 for regular Region 1026, yielding: 210038200
[0.232s][debug][gc                   ] GC(0) ShenandoahCalculateRegionStatsClosure: adding 0 for regular Region 1027, yielding: 210038200
[0.232s][debug][gc                   ] GC(0) ShenandoahCalculateRegionStatsClosure: adding 0 for regular Region 1028, yielding: 210038200
[0.232s][debug][gc                   ] GC(0) ShenandoahCalculateRegionStatsClosure: adding 0 for regular Region 1029, yielding: 210038200
[0.232s][debug][gc                   ] GC(0) ShenandoahCalculateRegionStatsClosure: adding 0 for regular Region 1030, yielding: 210038200
[0.232s][debug][gc                   ] GC(0) ShenandoahCalculateRegionStatsClosure: adding 0 for regular Region 1031, yielding: 210038200
[0.232s][debug][gc                   ] GC(0) ShenandoahCalculateRegionStatsClosure: adding 0 for regular Region 1032, yielding: 210038200
[0.232s][debug][gc                   ] GC(0) ShenandoahCalculateRegionStatsClosure: adding 0 for regular Region 1033, yielding: 210038200
[0.232s][debug][gc                   ] GC(0) ShenandoahCalculateRegionStatsClosure: adding 0 for regular Region 1034, yielding: 210038200
[0.232s][debug][gc                   ] GC(0) ShenandoahCalculateRegionStatsClosure: adding 0 for regular Region 1035, yielding: 210038200
[0.232s][debug][gc                   ] GC(0) ShenandoahCalculateRegionStatsClosure: adding 0 for regular Region 1036, yielding: 210038200
[0.232s][debug][gc                   ] GC(0) ShenandoahCalculateRegionStatsClosure: adding 0 for regular Region 1037, yielding: 210038200
[0.232s][debug][gc                   ] GC(0) ShenandoahCalculateRegionStatsClosure: adding 0 for regular Region 1038, yielding: 210038200
[0.232s][debug][gc                   ] GC(0) ShenandoahCalculateRegionStatsClosure: adding 0 for regular Region 1039, yielding: 210038200
[0.232s][debug][gc                   ] GC(0) ShenandoahCalculateRegionStatsClosure: adding 0 for regular Region 1040, yielding: 210038200
[0.232s][debug][gc                   ] GC(0) ShenandoahCalculateRegionStatsClosure: adding 0 for regular Region 1041, yielding: 210038200
[0.232s][debug][gc                   ] GC(0) ShenandoahCalculateRegionStatsClosure: adding 0 for regular Region 1042, yielding: 210038200
[0.232s][debug][gc                   ] GC(0) ShenandoahCalculateRegionStatsClosure: adding 0 for regular Region 1043, yielding: 210038200
[0.232s][debug][gc                   ] GC(0) ShenandoahCalculateRegionStatsClosure: adding 0 for regular Region 1044, yielding: 210038200
[0.232s][debug][gc                   ] GC(0) ShenandoahCalculateRegionStatsClosure: adding 0 for regular Region 1045, yielding: 210038200
[0.232s][debug][gc                   ] GC(0) ShenandoahCalculateRegionStatsClosure: adding 0 for regular Region 1046, yielding: 210038200
[0.232s][debug][gc                   ] GC(0) ShenandoahCalculateRegionStatsClosure: adding 0 for regular Region 1047, yielding: 210038200
[0.232s][debug][gc                   ] GC(0) ShenandoahCalculateRegionStatsClosure: adding 0 for regular Region 1048, yielding: 210038200
[0.232s][debug][gc                   ] GC(0) ShenandoahCalculateRegionStatsClosure: adding 0 for regular Region 1049, yielding: 210038200
[0.232s][debug][gc                   ] GC(0) ShenandoahCalculateRegionStatsClosure: adding 0 for regular Region 1050, yielding: 210038200
[0.232s][debug][gc                   ] GC(0) ShenandoahCalculateRegionStatsClosure: adding 0 for regular Region 1051, yielding: 210038200
[0.232s][debug][gc                   ] GC(0) ShenandoahCalculateRegionStatsClosure: adding 0 for regular Region 1052, yielding: 210038200
[0.232s][debug][gc                   ] GC(0) ShenandoahCalculateRegionStatsClosure: adding 0 for regular Region 1053, yielding: 210038200
[0.232s][debug][gc                   ] GC(0) ShenandoahCalculateRegionStatsClosure: adding 0 for regular Region 1054, yielding: 210038200
[0.232s][debug][gc                   ] GC(0) ShenandoahCalculateRegionStatsClosure: adding 0 for regular Region 1055, yielding: 210038200
[0.232s][debug][gc                   ] GC(0) ShenandoahCalculateRegionStatsClosure: adding 0 for regular Region 1056, yielding: 210038200
[0.232s][debug][gc                   ] GC(0) ShenandoahCalculateRegionStatsClosure: adding 0 for regular Region 1057, yielding: 210038200
[0.232s][debug][gc                   ] GC(0) ShenandoahCalculateRegionStatsClosure: adding 0 for regular Region 1058, yielding: 210038200
[0.232s][debug][gc                   ] GC(0) ShenandoahCalculateRegionStatsClosure: adding 0 for regular Region 1059, yielding: 210038200
[0.232s][debug][gc                   ] GC(0) ShenandoahCalculateRegionStatsClosure: adding 0 for regular Region 1060, yielding: 210038200
[0.232s][debug][gc                   ] GC(0) ShenandoahCalculateRegionStatsClosure: adding 0 for regular Region 1061, yielding: 210038200
[0.232s][debug][gc                   ] GC(0) ShenandoahCalculateRegionStatsClosure: adding 0 for regular Region 1062, yielding: 210038200
[0.232s][debug][gc                   ] GC(0) ShenandoahCalculateRegionStatsClosure: adding 0 for regular Region 1063, yielding: 210038200
[0.232s][debug][gc                   ] GC(0) ShenandoahCalculateRegionStatsClosure: adding 0 for regular Region 1064, yielding: 210038200
[0.232s][debug][gc                   ] GC(0) ShenandoahCalculateRegionStatsClosure: adding 0 for regular Region 1065, yielding: 210038200
[0.232s][debug][gc                   ] GC(0) ShenandoahCalculateRegionStatsClosure: adding 0 for regular Region 1066, yielding: 210038200
[0.232s][debug][gc                   ] GC(0) ShenandoahCalculateRegionStatsClosure: adding 0 for regular Region 1067, yielding: 210038200
[0.232s][debug][gc                   ] GC(0) ShenandoahCalculateRegionStatsClosure: adding 0 for regular Region 1068, yielding: 210038200
[0.232s][debug][gc                   ] GC(0) ShenandoahCalculateRegionStatsClosure: adding 0 for regular Region 1069, yielding: 210038200
[0.232s][debug][gc                   ] GC(0) ShenandoahCalculateRegionStatsClosure: adding 0 for regular Region 1070, yielding: 210038200
[0.232s][debug][gc                   ] GC(0) ShenandoahCalculateRegionStatsClosure: adding 0 for regular Region 1071, yielding: 210038200
[0.232s][debug][gc                   ] GC(0) ShenandoahCalculateRegionStatsClosure: adding 0 for regular Region 1072, yielding: 210038200
[0.232s][debug][gc                   ] GC(0) ShenandoahCalculateRegionStatsClosure: adding 0 for regular Region 1073, yielding: 210038200
[0.232s][debug][gc                   ] GC(0) ShenandoahCalculateRegionStatsClosure: adding 0 for regular Region 1074, yielding: 210038200
[0.232s][debug][gc                   ] GC(0) ShenandoahCalculateRegionStatsClosure: adding 0 for regular Region 1075, yielding: 210038200
[0.232s][debug][gc                   ] GC(0) ShenandoahCalculateRegionStatsClosure: adding 0 for regular Region 1076, yielding: 210038200
[0.232s][debug][gc                   ] GC(0) ShenandoahCalculateRegionStatsClosure: adding 0 for regular Region 1077, yielding: 210038200
[0.232s][debug][gc                   ] GC(0) ShenandoahCalculateRegionStatsClosure: adding 0 for regular Region 1078, yielding: 210038200
[0.232s][debug][gc                   ] GC(0) ShenandoahCalculateRegionStatsClosure: adding 0 for regular Region 1079, yielding: 210038200
[0.232s][debug][gc                   ] GC(0) ShenandoahCalculateRegionStatsClosure: adding 0 for regular Region 1080, yielding: 210038200
[0.232s][debug][gc                   ] GC(0) ShenandoahCalculateRegionStatsClosure: adding 0 for regular Region 1081, yielding: 210038200
[0.232s][debug][gc                   ] GC(0) ShenandoahCalculateRegionStatsClosure: adding 0 for regular Region 1082, yielding: 210038200
[0.232s][debug][gc                   ] GC(0) ShenandoahCalculateRegionStatsClosure: adding 0 for regular Region 1083, yielding: 210038200
[0.232s][debug][gc                   ] GC(0) ShenandoahCalculateRegionStatsClosure: adding 0 for regular Region 1084, yielding: 210038200
[0.232s][debug][gc                   ] GC(0) ShenandoahCalculateRegionStatsClosure: adding 0 for regular Region 1085, yielding: 210038200
[0.232s][debug][gc                   ] GC(0) ShenandoahCalculateRegionStatsClosure: adding 0 for regular Region 1086, yielding: 210038200
[0.232s][debug][gc                   ] GC(0) ShenandoahCalculateRegionStatsClosure: adding 0 for regular Region 1087, yielding: 210038200
[0.232s][debug][gc                   ] GC(0) ShenandoahCalculateRegionStatsClosure: adding 0 for regular Region 1088, yielding: 210038200
[0.232s][debug][gc                   ] GC(0) ShenandoahCalculateRegionStatsClosure: adding 0 for regular Region 1089, yielding: 210038200
[0.232s][debug][gc                   ] GC(0) ShenandoahCalculateRegionStatsClosure: adding 0 for regular Region 1090, yielding: 210038200
[0.232s][debug][gc                   ] GC(0) ShenandoahCalculateRegionStatsClosure: adding 0 for regular Region 1091, yielding: 210038200
[0.232s][debug][gc                   ] GC(0) ShenandoahCalculateRegionStatsClosure: adding 0 for regular Region 1092, yielding: 210038200
[0.232s][debug][gc                   ] GC(0) ShenandoahCalculateRegionStatsClosure: adding 0 for regular Region 1093, yielding: 210038200
[0.232s][debug][gc                   ] GC(0) ShenandoahCalculateRegionStatsClosure: adding 0 for regular Region 1094, yielding: 210038200
[0.232s][debug][gc                   ] GC(0) ShenandoahCalculateRegionStatsClosure: adding 0 for regular Region 1095, yielding: 210038200
[0.232s][debug][gc                   ] GC(0) ShenandoahCalculateRegionStatsClosure: adding 0 for regular Region 1096, yielding: 210038200
[0.232s][debug][gc                   ] GC(0) ShenandoahCalculateRegionStatsClosure: adding 0 for regular Region 1097, yielding: 210038200
[0.232s][debug][gc                   ] GC(0) ShenandoahCalculateRegionStatsClosure: adding 0 for regular Region 1098, yielding: 210038200
[0.232s][debug][gc                   ] GC(0) ShenandoahCalculateRegionStatsClosure: adding 0 for regular Region 1099, yielding: 210038200
[0.232s][debug][gc                   ] GC(0) ShenandoahCalculateRegionStatsClosure: adding 0 for regular Region 1100, yielding: 210038200
[0.232s][debug][gc                   ] GC(0) ShenandoahCalculateRegionStatsClosure: adding 0 for regular Region 1101, yielding: 210038200
[0.232s][debug][gc                   ] GC(0) ShenandoahCalculateRegionStatsClosure: adding 0 for regular Region 1102, yielding: 210038200
[0.232s][debug][gc                   ] GC(0) ShenandoahCalculateRegionStatsClosure: adding 0 for regular Region 1103, yielding: 210038200
[0.232s][debug][gc                   ] GC(0) ShenandoahCalculateRegionStatsClosure: adding 0 for regular Region 1104, yielding: 210038200
[0.232s][debug][gc                   ] GC(0) ShenandoahCalculateRegionStatsClosure: adding 0 for regular Region 1105, yielding: 210038200
[0.232s][debug][gc                   ] GC(0) ShenandoahCalculateRegionStatsClosure: adding 0 for regular Region 1106, yielding: 210038200
[0.232s][debug][gc                   ] GC(0) ShenandoahCalculateRegionStatsClosure: adding 0 for regular Region 1107, yielding: 210038200
[0.232s][debug][gc                   ] GC(0) ShenandoahCalculateRegionStatsClosure: adding 0 for regular Region 1108, yielding: 210038200
[0.232s][debug][gc                   ] GC(0) ShenandoahCalculateRegionStatsClosure: adding 0 for regular Region 1109, yielding: 210038200
[0.232s][debug][gc                   ] GC(0) ShenandoahCalculateRegionStatsClosure: adding 0 for regular Region 1110, yielding: 210038200
[0.232s][debug][gc                   ] GC(0) ShenandoahCalculateRegionStatsClosure: adding 0 for regular Region 1111, yielding: 210038200
[0.232s][debug][gc                   ] GC(0) ShenandoahCalculateRegionStatsClosure: adding 0 for regular Region 1112, yielding: 210038200
[0.232s][debug][gc                   ] GC(0) ShenandoahCalculateRegionStatsClosure: adding 0 for regular Region 1113, yielding: 210038200
[0.232s][debug][gc                   ] GC(0) ShenandoahCalculateRegionStatsClosure: adding 0 for regular Region 1114, yielding: 210038200
[0.232s][debug][gc                   ] GC(0) ShenandoahCalculateRegionStatsClosure: adding 0 for regular Region 1115, yielding: 210038200
[0.232s][debug][gc                   ] GC(0) ShenandoahCalculateRegionStatsClosure: adding 0 for regular Region 1116, yielding: 210038200
[0.232s][debug][gc                   ] GC(0) ShenandoahCalculateRegionStatsClosure: adding 0 for regular Region 1117, yielding: 210038200
[0.232s][debug][gc                   ] GC(0) ShenandoahCalculateRegionStatsClosure: adding 0 for regular Region 1118, yielding: 210038200
[0.232s][debug][gc                   ] GC(0) ShenandoahCalculateRegionStatsClosure: adding 0 for regular Region 1119, yielding: 210038200
[0.232s][debug][gc                   ] GC(0) ShenandoahCalculateRegionStatsClosure: adding 0 for regular Region 1120, yielding: 210038200
[0.232s][debug][gc                   ] GC(0) ShenandoahCalculateRegionStatsClosure: adding 0 for regular Region 1121, yielding: 210038200
[0.232s][debug][gc                   ] GC(0) ShenandoahCalculateRegionStatsClosure: adding 0 for regular Region 1122, yielding: 210038200
[0.232s][debug][gc                   ] GC(0) ShenandoahCalculateRegionStatsClosure: adding 0 for regular Region 1123, yielding: 210038200
[0.232s][debug][gc                   ] GC(0) ShenandoahCalculateRegionStatsClosure: adding 0 for regular Region 1124, yielding: 210038200
[0.232s][debug][gc                   ] GC(0) ShenandoahCalculateRegionStatsClosure: adding 0 for regular Region 1125, yielding: 210038200
[0.232s][debug][gc                   ] GC(0) ShenandoahCalculateRegionStatsClosure: adding 0 for regular Region 1126, yielding: 210038200
[0.232s][debug][gc                   ] GC(0) ShenandoahCalculateRegionStatsClosure: adding 0 for regular Region 1127, yielding: 210038200
[0.232s][debug][gc                   ] GC(0) ShenandoahCalculateRegionStatsClosure: adding 0 for regular Region 1128, yielding: 210038200
[0.232s][debug][gc                   ] GC(0) ShenandoahCalculateRegionStatsClosure: adding 0 for regular Region 1129, yielding: 210038200
[0.232s][debug][gc                   ] GC(0) ShenandoahCalculateRegionStatsClosure: adding 0 for regular Region 1130, yielding: 210038200
[0.232s][debug][gc                   ] GC(0) ShenandoahCalculateRegionStatsClosure: adding 0 for regular Region 1131, yielding: 210038200
[0.232s][debug][gc                   ] GC(0) ShenandoahCalculateRegionStatsClosure: adding 0 for regular Region 1132, yielding: 210038200
[0.232s][debug][gc                   ] GC(0) ShenandoahCalculateRegionStatsClosure: adding 0 for regular Region 1133, yielding: 210038200
[0.232s][debug][gc                   ] GC(0) ShenandoahCalculateRegionStatsClosure: adding 0 for regular Region 1134, yielding: 210038200
[0.232s][debug][gc                   ] GC(0) ShenandoahCalculateRegionStatsClosure: adding 0 for regular Region 1135, yielding: 210038200
[0.232s][debug][gc                   ] GC(0) ShenandoahCalculateRegionStatsClosure: adding 0 for regular Region 1136, yielding: 210038200
[0.232s][debug][gc                   ] GC(0) ShenandoahCalculateRegionStatsClosure: adding 0 for regular Region 1137, yielding: 210038200
[0.232s][debug][gc                   ] GC(0) ShenandoahCalculateRegionStatsClosure: adding 0 for regular Region 1138, yielding: 210038200
[0.232s][debug][gc                   ] GC(0) ShenandoahCalculateRegionStatsClosure: adding 0 for regular Region 1139, yielding: 210038200
[0.232s][debug][gc                   ] GC(0) ShenandoahCalculateRegionStatsClosure: adding 0 for regular Region 1140, yielding: 210038200
[0.232s][debug][gc                   ] GC(0) ShenandoahCalculateRegionStatsClosure: adding 0 for regular Region 1141, yielding: 210038200
[0.232s][debug][gc                   ] GC(0) ShenandoahCalculateRegionStatsClosure: adding 0 for regular Region 1142, yielding: 210038200
[0.232s][debug][gc                   ] GC(0) ShenandoahCalculateRegionStatsClosure: adding 0 for regular Region 1143, yielding: 210038200
[0.232s][debug][gc                   ] GC(0) ShenandoahCalculateRegionStatsClosure: adding 0 for regular Region 1144, yielding: 210038200
[0.232s][debug][gc                   ] GC(0) ShenandoahCalculateRegionStatsClosure: adding 0 for regular Region 1145, yielding: 210038200
[0.232s][debug][gc                   ] GC(0) ShenandoahCalculateRegionStatsClosure: adding 0 for regular Region 1146, yielding: 210038200
[0.232s][debug][gc                   ] GC(0) ShenandoahCalculateRegionStatsClosure: adding 0 for regular Region 1147, yielding: 210038200
[0.232s][debug][gc                   ] GC(0) ShenandoahCalculateRegionStatsClosure: adding 0 for regular Region 1148, yielding: 210038200
[0.232s][debug][gc                   ] GC(0) ShenandoahCalculateRegionStatsClosure: adding 0 for regular Region 1149, yielding: 210038200
[0.232s][debug][gc                   ] GC(0) ShenandoahCalculateRegionStatsClosure: adding 0 for regular Region 1150, yielding: 210038200
[0.232s][debug][gc                   ] GC(0) ShenandoahCalculateRegionStatsClosure: adding 0 for regular Region 1151, yielding: 210038200
[0.232s][debug][gc                   ] GC(0) ShenandoahCalculateRegionStatsClosure: adding 0 for regular Region 1152, yielding: 210038200
[0.232s][debug][gc                   ] GC(0) ShenandoahCalculateRegionStatsClosure: adding 0 for regular Region 1153, yielding: 210038200
[0.232s][debug][gc                   ] GC(0) ShenandoahCalculateRegionStatsClosure: adding 0 for regular Region 1154, yielding: 210038200
[0.232s][debug][gc                   ] GC(0) ShenandoahCalculateRegionStatsClosure: adding 0 for regular Region 1155, yielding: 210038200
[0.232s][debug][gc                   ] GC(0) ShenandoahCalculateRegionStatsClosure: adding 0 for regular Region 1156, yielding: 210038200
[0.232s][debug][gc                   ] GC(0) ShenandoahCalculateRegionStatsClosure: adding 0 for regular Region 1157, yielding: 210038200
[0.232s][debug][gc                   ] GC(0) ShenandoahCalculateRegionStatsClosure: adding 0 for regular Region 1158, yielding: 210038200
[0.232s][debug][gc                   ] GC(0) ShenandoahCalculateRegionStatsClosure: adding 0 for regular Region 1159, yielding: 210038200
[0.232s][debug][gc                   ] GC(0) ShenandoahCalculateRegionStatsClosure: adding 0 for regular Region 1160, yielding: 210038200
[0.232s][debug][gc                   ] GC(0) ShenandoahCalculateRegionStatsClosure: adding 0 for regular Region 1161, yielding: 210038200
[0.232s][debug][gc                   ] GC(0) ShenandoahCalculateRegionStatsClosure: adding 0 for regular Region 1162, yielding: 210038200
[0.232s][debug][gc                   ] GC(0) ShenandoahCalculateRegionStatsClosure: adding 0 for regular Region 1163, yielding: 210038200
[0.232s][debug][gc                   ] GC(0) ShenandoahCalculateRegionStatsClosure: adding 0 for regular Region 1164, yielding: 210038200
[0.232s][debug][gc                   ] GC(0) ShenandoahCalculateRegionStatsClosure: adding 0 for regular Region 1165, yielding: 210038200
[0.232s][debug][gc                   ] GC(0) ShenandoahCalculateRegionStatsClosure: adding 0 for regular Region 1166, yielding: 210038200
[0.232s][debug][gc                   ] GC(0) ShenandoahCalculateRegionStatsClosure: adding 0 for regular Region 1167, yielding: 210038200
[0.232s][debug][gc                   ] GC(0) ShenandoahCalculateRegionStatsClosure: adding 0 for regular Region 1168, yielding: 210038200
[0.232s][debug][gc                   ] GC(0) ShenandoahCalculateRegionStatsClosure: adding 0 for regular Region 1169, yielding: 210038200
[0.232s][debug][gc                   ] GC(0) ShenandoahCalculateRegionStatsClosure: adding 0 for regular Region 1170, yielding: 210038200
[0.232s][debug][gc                   ] GC(0) ShenandoahCalculateRegionStatsClosure: adding 0 for regular Region 1171, yielding: 210038200
[0.232s][debug][gc                   ] GC(0) ShenandoahCalculateRegionStatsClosure: adding 0 for regular Region 1172, yielding: 210038200
[0.232s][debug][gc                   ] GC(0) ShenandoahCalculateRegionStatsClosure: adding 0 for regular Region 1173, yielding: 210038200
[0.232s][debug][gc                   ] GC(0) ShenandoahCalculateRegionStatsClosure: adding 0 for regular Region 1174, yielding: 210038200
[0.232s][debug][gc                   ] GC(0) ShenandoahCalculateRegionStatsClosure: adding 0 for regular Region 1175, yielding: 210038200
[0.232s][debug][gc                   ] GC(0) ShenandoahCalculateRegionStatsClosure: adding 0 for regular Region 1176, yielding: 210038200
[0.232s][debug][gc                   ] GC(0) ShenandoahCalculateRegionStatsClosure: adding 0 for regular Region 1177, yielding: 210038200
[0.232s][debug][gc                   ] GC(0) ShenandoahCalculateRegionStatsClosure: adding 0 for regular Region 1178, yielding: 210038200
[0.232s][debug][gc                   ] GC(0) ShenandoahCalculateRegionStatsClosure: adding 0 for regular Region 1179, yielding: 210038200
[0.232s][debug][gc                   ] GC(0) ShenandoahCalculateRegionStatsClosure: adding 0 for regular Region 1180, yielding: 210038200
[0.232s][debug][gc                   ] GC(0) ShenandoahCalculateRegionStatsClosure: adding 0 for regular Region 1181, yielding: 210038200
[0.232s][debug][gc                   ] GC(0) ShenandoahCalculateRegionStatsClosure: adding 0 for regular Region 1182, yielding: 210038200
[0.232s][debug][gc                   ] GC(0) ShenandoahCalculateRegionStatsClosure: adding 0 for regular Region 1183, yielding: 210038200
[0.232s][debug][gc                   ] GC(0) ShenandoahCalculateRegionStatsClosure: adding 0 for regular Region 1184, yielding: 210038200
[0.232s][debug][gc                   ] GC(0) ShenandoahCalculateRegionStatsClosure: adding 0 for regular Region 1185, yielding: 210038200
[0.232s][debug][gc                   ] GC(0) ShenandoahCalculateRegionStatsClosure: adding 0 for regular Region 1186, yielding: 210038200
[0.232s][debug][gc                   ] GC(0) ShenandoahCalculateRegionStatsClosure: adding 0 for regular Region 1187, yielding: 210038200
[0.232s][debug][gc                   ] GC(0) ShenandoahCalculateRegionStatsClosure: adding 0 for regular Region 1188, yielding: 210038200
[0.232s][debug][gc                   ] GC(0) ShenandoahCalculateRegionStatsClosure: adding 0 for regular Region 1189, yielding: 210038200
[0.232s][debug][gc                   ] GC(0) ShenandoahCalculateRegionStatsClosure: adding 0 for regular Region 1190, yielding: 210038200
[0.232s][debug][gc                   ] GC(0) ShenandoahCalculateRegionStatsClosure: adding 0 for regular Region 1191, yielding: 210038200
[0.232s][debug][gc                   ] GC(0) ShenandoahCalculateRegionStatsClosure: adding 0 for regular Region 1192, yielding: 210038200
[0.232s][debug][gc                   ] GC(0) ShenandoahCalculateRegionStatsClosure: adding 0 for regular Region 1193, yielding: 210038200
[0.232s][debug][gc                   ] GC(0) ShenandoahCalculateRegionStatsClosure: adding 0 for regular Region 1194, yielding: 210038200
[0.232s][debug][gc                   ] GC(0) ShenandoahCalculateRegionStatsClosure: adding 0 for regular Region 1195, yielding: 210038200
[0.232s][debug][gc                   ] GC(0) ShenandoahCalculateRegionStatsClosure: adding 0 for regular Region 1196, yielding: 210038200
[0.232s][debug][gc                   ] GC(0) ShenandoahCalculateRegionStatsClosure: adding 0 for regular Region 1197, yielding: 210038200
[0.232s][debug][gc                   ] GC(0) ShenandoahCalculateRegionStatsClosure: adding 0 for regular Region 1198, yielding: 210038200
[0.232s][debug][gc                   ] GC(0) ShenandoahCalculateRegionStatsClosure: adding 0 for regular Region 1199, yielding: 210038200
[0.232s][debug][gc                   ] GC(0) ShenandoahCalculateRegionStatsClosure: adding 0 for regular Region 1200, yielding: 210038200
[0.232s][debug][gc                   ] GC(0) ShenandoahCalculateRegionStatsClosure: adding 0 for regular Region 1201, yielding: 210038200
[0.232s][debug][gc                   ] GC(0) ShenandoahCalculateRegionStatsClosure: adding 0 for regular Region 1202, yielding: 210038200
[0.232s][debug][gc                   ] GC(0) ShenandoahCalculateRegionStatsClosure: adding 0 for regular Region 1203, yielding: 210038200
[0.232s][debug][gc                   ] GC(0) ShenandoahCalculateRegionStatsClosure: adding 0 for regular Region 1204, yielding: 210038200
[0.232s][debug][gc                   ] GC(0) ShenandoahCalculateRegionStatsClosure: adding 0 for regular Region 1205, yielding: 210038200
[0.232s][debug][gc                   ] GC(0) ShenandoahCalculateRegionStatsClosure: adding 0 for regular Region 1206, yielding: 210038200
[0.232s][debug][gc                   ] GC(0) ShenandoahCalculateRegionStatsClosure: adding 0 for regular Region 1207, yielding: 210038200
[0.232s][debug][gc                   ] GC(0) ShenandoahCalculateRegionStatsClosure: adding 0 for regular Region 1208, yielding: 210038200
[0.232s][debug][gc                   ] GC(0) ShenandoahCalculateRegionStatsClosure: adding 0 for regular Region 1209, yielding: 210038200
[0.232s][debug][gc                   ] GC(0) ShenandoahCalculateRegionStatsClosure: adding 0 for regular Region 1210, yielding: 210038200
[0.232s][debug][gc                   ] GC(0) ShenandoahCalculateRegionStatsClosure: adding 0 for regular Region 1211, yielding: 210038200
[0.232s][debug][gc                   ] GC(0) ShenandoahCalculateRegionStatsClosure: adding 0 for regular Region 1212, yielding: 210038200
[0.232s][debug][gc                   ] GC(0) ShenandoahCalculateRegionStatsClosure: adding 0 for regular Region 1213, yielding: 210038200
[0.232s][debug][gc                   ] GC(0) ShenandoahCalculateRegionStatsClosure: adding 0 for regular Region 1214, yielding: 210038200
[0.232s][debug][gc                   ] GC(0) ShenandoahCalculateRegionStatsClosure: adding 0 for regular Region 1215, yielding: 210038200
[0.232s][debug][gc                   ] GC(0) ShenandoahCalculateRegionStatsClosure: adding 0 for regular Region 1216, yielding: 210038200
[0.232s][debug][gc                   ] GC(0) ShenandoahCalculateRegionStatsClosure: adding 0 for regular Region 1217, yielding: 210038200
[0.232s][debug][gc                   ] GC(0) ShenandoahCalculateRegionStatsClosure: adding 0 for regular Region 1218, yielding: 210038200
[0.232s][debug][gc                   ] GC(0) ShenandoahCalculateRegionStatsClosure: adding 0 for regular Region 1219, yielding: 210038200
[0.232s][debug][gc                   ] GC(0) ShenandoahCalculateRegionStatsClosure: adding 0 for regular Region 1220, yielding: 210038200
[0.232s][debug][gc                   ] GC(0) ShenandoahCalculateRegionStatsClosure: adding 0 for regular Region 1221, yielding: 210038200
[0.232s][debug][gc                   ] GC(0) ShenandoahCalculateRegionStatsClosure: adding 0 for regular Region 1222, yielding: 210038200
[0.232s][debug][gc                   ] GC(0) ShenandoahCalculateRegionStatsClosure: adding 0 for regular Region 1223, yielding: 210038200
[0.232s][debug][gc                   ] GC(0) ShenandoahCalculateRegionStatsClosure: adding 0 for regular Region 1224, yielding: 210038200
[0.232s][debug][gc                   ] GC(0) ShenandoahCalculateRegionStatsClosure: adding 0 for regular Region 1225, yielding: 210038200
[0.232s][debug][gc                   ] GC(0) ShenandoahCalculateRegionStatsClosure: adding 0 for regular Region 1226, yielding: 210038200
[0.232s][debug][gc                   ] GC(0) ShenandoahCalculateRegionStatsClosure: adding 0 for regular Region 1227, yielding: 210038200
[0.232s][debug][gc                   ] GC(0) ShenandoahCalculateRegionStatsClosure: adding 0 for regular Region 1228, yielding: 210038200
[0.232s][debug][gc                   ] GC(0) ShenandoahCalculateRegionStatsClosure: adding 0 for regular Region 1229, yielding: 210038200
[0.232s][debug][gc                   ] GC(0) ShenandoahCalculateRegionStatsClosure: adding 0 for regular Region 1230, yielding: 210038200
[0.232s][debug][gc                   ] GC(0) ShenandoahCalculateRegionStatsClosure: adding 0 for regular Region 1231, yielding: 210038200
[0.232s][debug][gc                   ] GC(0) ShenandoahCalculateRegionStatsClosure: adding 0 for regular Region 1232, yielding: 210038200
[0.232s][debug][gc                   ] GC(0) ShenandoahCalculateRegionStatsClosure: adding 0 for regular Region 1233, yielding: 210038200
[0.232s][debug][gc                   ] GC(0) ShenandoahCalculateRegionStatsClosure: adding 0 for regular Region 1234, yielding: 210038200
[0.232s][debug][gc                   ] GC(0) ShenandoahCalculateRegionStatsClosure: adding 0 for regular Region 1235, yielding: 210038200
[0.232s][debug][gc                   ] GC(0) ShenandoahCalculateRegionStatsClosure: adding 0 for regular Region 1236, yielding: 210038200
[0.232s][debug][gc                   ] GC(0) ShenandoahCalculateRegionStatsClosure: adding 0 for regular Region 1237, yielding: 210038200
[0.232s][debug][gc                   ] GC(0) ShenandoahCalculateRegionStatsClosure: adding 0 for regular Region 1238, yielding: 210038200
[0.232s][debug][gc                   ] GC(0) ShenandoahCalculateRegionStatsClosure: adding 0 for regular Region 1239, yielding: 210038200
[0.232s][debug][gc                   ] GC(0) ShenandoahCalculateRegionStatsClosure: adding 0 for regular Region 1240, yielding: 210038200
[0.232s][debug][gc                   ] GC(0) ShenandoahCalculateRegionStatsClosure: adding 0 for regular Region 1241, yielding: 210038200
[0.232s][debug][gc                   ] GC(0) ShenandoahCalculateRegionStatsClosure: adding 0 for regular Region 1242, yielding: 210038200
[0.232s][debug][gc                   ] GC(0) ShenandoahCalculateRegionStatsClosure: adding 0 for regular Region 1243, yielding: 210038200
[0.232s][debug][gc                   ] GC(0) ShenandoahCalculateRegionStatsClosure: adding 0 for regular Region 1244, yielding: 210038200
[0.232s][debug][gc                   ] GC(0) ShenandoahCalculateRegionStatsClosure: adding 0 for regular Region 1245, yielding: 210038200
[0.232s][debug][gc                   ] GC(0) ShenandoahCalculateRegionStatsClosure: adding 0 for regular Region 1246, yielding: 210038200
[0.232s][debug][gc                   ] GC(0) ShenandoahCalculateRegionStatsClosure: adding 0 for regular Region 1247, yielding: 210038200
[0.232s][debug][gc                   ] GC(0) ShenandoahCalculateRegionStatsClosure: adding 0 for regular Region 1248, yielding: 210038200
[0.232s][debug][gc                   ] GC(0) ShenandoahCalculateRegionStatsClosure: adding 0 for regular Region 1249, yielding: 210038200
[0.232s][debug][gc                   ] GC(0) ShenandoahCalculateRegionStatsClosure: adding 0 for regular Region 1250, yielding: 210038200
[0.232s][debug][gc                   ] GC(0) ShenandoahCalculateRegionStatsClosure: adding 0 for regular Region 1251, yielding: 210038200
[0.232s][debug][gc                   ] GC(0) ShenandoahCalculateRegionStatsClosure: adding 0 for regular Region 1252, yielding: 210038200
[0.232s][debug][gc                   ] GC(0) ShenandoahCalculateRegionStatsClosure: adding 0 for regular Region 1253, yielding: 210038200
[0.232s][debug][gc                   ] GC(0) ShenandoahCalculateRegionStatsClosure: adding 0 for regular Region 1254, yielding: 210038200
[0.232s][debug][gc                   ] GC(0) ShenandoahCalculateRegionStatsClosure: adding 0 for regular Region 1255, yielding: 210038200
[0.232s][debug][gc                   ] GC(0) ShenandoahCalculateRegionStatsClosure: adding 0 for regular Region 1256, yielding: 210038200
[0.232s][debug][gc                   ] GC(0) ShenandoahCalculateRegionStatsClosure: adding 0 for regular Region 1257, yielding: 210038200
[0.232s][debug][gc                   ] GC(0) ShenandoahCalculateRegionStatsClosure: adding 0 for regular Region 1258, yielding: 210038200
[0.232s][debug][gc                   ] GC(0) ShenandoahCalculateRegionStatsClosure: adding 0 for regular Region 1259, yielding: 210038200
[0.232s][debug][gc                   ] GC(0) ShenandoahCalculateRegionStatsClosure: adding 0 for regular Region 1260, yielding: 210038200
[0.232s][debug][gc                   ] GC(0) ShenandoahCalculateRegionStatsClosure: adding 0 for regular Region 1261, yielding: 210038200
[0.232s][debug][gc                   ] GC(0) ShenandoahCalculateRegionStatsClosure: adding 0 for regular Region 1262, yielding: 210038200
[0.232s][debug][gc                   ] GC(0) ShenandoahCalculateRegionStatsClosure: adding 0 for regular Region 1263, yielding: 210038200
[0.232s][debug][gc                   ] GC(0) ShenandoahCalculateRegionStatsClosure: adding 0 for regular Region 1264, yielding: 210038200
[0.232s][debug][gc                   ] GC(0) ShenandoahCalculateRegionStatsClosure: adding 0 for regular Region 1265, yielding: 210038200
[0.232s][debug][gc                   ] GC(0) ShenandoahCalculateRegionStatsClosure: adding 0 for regular Region 1266, yielding: 210038200
[0.232s][debug][gc                   ] GC(0) ShenandoahCalculateRegionStatsClosure: adding 0 for regular Region 1267, yielding: 210038200
[0.232s][debug][gc                   ] GC(0) ShenandoahCalculateRegionStatsClosure: adding 0 for regular Region 1268, yielding: 210038200
[0.232s][debug][gc                   ] GC(0) ShenandoahCalculateRegionStatsClosure: adding 0 for regular Region 1269, yielding: 210038200
[0.232s][debug][gc                   ] GC(0) ShenandoahCalculateRegionStatsClosure: adding 0 for regular Region 1270, yielding: 210038200
[0.232s][debug][gc                   ] GC(0) ShenandoahCalculateRegionStatsClosure: adding 0 for regular Region 1271, yielding: 210038200
[0.232s][debug][gc                   ] GC(0) ShenandoahCalculateRegionStatsClosure: adding 0 for regular Region 1272, yielding: 210038200
[0.232s][debug][gc                   ] GC(0) ShenandoahCalculateRegionStatsClosure: adding 0 for regular Region 1273, yielding: 210038200
[0.232s][debug][gc                   ] GC(0) ShenandoahCalculateRegionStatsClosure: adding 0 for regular Region 1274, yielding: 210038200
[0.232s][debug][gc                   ] GC(0) ShenandoahCalculateRegionStatsClosure: adding 0 for regular Region 1275, yielding: 210038200
[0.232s][debug][gc                   ] GC(0) ShenandoahCalculateRegionStatsClosure: adding 0 for regular Region 1276, yielding: 210038200
[0.232s][debug][gc                   ] GC(0) ShenandoahCalculateRegionStatsClosure: adding 0 for regular Region 1277, yielding: 210038200
[0.232s][debug][gc                   ] GC(0) ShenandoahCalculateRegionStatsClosure: adding 0 for regular Region 1278, yielding: 210038200
[0.232s][debug][gc                   ] GC(0) ShenandoahCalculateRegionStatsClosure: adding 0 for regular Region 1279, yielding: 210038200
[0.232s][debug][gc                   ] GC(0) ShenandoahCalculateRegionStatsClosure: adding 0 for regular Region 1280, yielding: 210038200
[0.232s][debug][gc                   ] GC(0) ShenandoahCalculateRegionStatsClosure: adding 0 for regular Region 1281, yielding: 210038200
[0.232s][debug][gc                   ] GC(0) ShenandoahCalculateRegionStatsClosure: adding 0 for regular Region 1282, yielding: 210038200
[0.232s][debug][gc                   ] GC(0) ShenandoahCalculateRegionStatsClosure: adding 0 for regular Region 1283, yielding: 210038200
[0.232s][debug][gc                   ] GC(0) ShenandoahCalculateRegionStatsClosure: adding 0 for regular Region 1284, yielding: 210038200
[0.232s][debug][gc                   ] GC(0) ShenandoahCalculateRegionStatsClosure: adding 0 for regular Region 1285, yielding: 210038200
[0.232s][debug][gc                   ] GC(0) ShenandoahCalculateRegionStatsClosure: adding 0 for regular Region 1286, yielding: 210038200
[0.232s][debug][gc                   ] GC(0) ShenandoahCalculateRegionStatsClosure: adding 0 for regular Region 1287, yielding: 210038200
[0.232s][debug][gc                   ] GC(0) ShenandoahCalculateRegionStatsClosure: adding 0 for regular Region 1288, yielding: 210038200
[0.232s][debug][gc                   ] GC(0) ShenandoahCalculateRegionStatsClosure: adding 0 for regular Region 1289, yielding: 210038200
[0.232s][debug][gc                   ] GC(0) ShenandoahCalculateRegionStatsClosure: adding 0 for regular Region 1290, yielding: 210038200
[0.232s][debug][gc                   ] GC(0) ShenandoahCalculateRegionStatsClosure: adding 0 for regular Region 1291, yielding: 210038200
[0.232s][debug][gc                   ] GC(0) ShenandoahCalculateRegionStatsClosure: adding 0 for regular Region 1292, yielding: 210038200
[0.232s][debug][gc                   ] GC(0) ShenandoahCalculateRegionStatsClosure: adding 0 for regular Region 1293, yielding: 210038200
[0.232s][debug][gc                   ] GC(0) ShenandoahCalculateRegionStatsClosure: adding 0 for regular Region 1294, yielding: 210038200
[0.232s][debug][gc                   ] GC(0) ShenandoahCalculateRegionStatsClosure: adding 0 for regular Region 1295, yielding: 210038200
[0.232s][debug][gc                   ] GC(0) ShenandoahCalculateRegionStatsClosure: adding 0 for regular Region 1296, yielding: 210038200
[0.232s][debug][gc                   ] GC(0) ShenandoahCalculateRegionStatsClosure: adding 0 for regular Region 1297, yielding: 210038200
[0.232s][debug][gc                   ] GC(0) ShenandoahCalculateRegionStatsClosure: adding 0 for regular Region 1298, yielding: 210038200
[0.232s][debug][gc                   ] GC(0) ShenandoahCalculateRegionStatsClosure: adding 0 for regular Region 1299, yielding: 210038200
[0.232s][debug][gc                   ] GC(0) ShenandoahCalculateRegionStatsClosure: adding 0 for regular Region 1300, yielding: 210038200
[0.232s][debug][gc                   ] GC(0) ShenandoahCalculateRegionStatsClosure: adding 0 for regular Region 1301, yielding: 210038200
[0.232s][debug][gc                   ] GC(0) ShenandoahCalculateRegionStatsClosure: adding 0 for regular Region 1302, yielding: 210038200
[0.232s][debug][gc                   ] GC(0) ShenandoahCalculateRegionStatsClosure: adding 0 for regular Region 1303, yielding: 210038200
[0.232s][debug][gc                   ] GC(0) ShenandoahCalculateRegionStatsClosure: adding 0 for regular Region 1304, yielding: 210038200
[0.232s][debug][gc                   ] GC(0) ShenandoahCalculateRegionStatsClosure: adding 0 for regular Region 1305, yielding: 210038200
[0.232s][debug][gc                   ] GC(0) ShenandoahCalculateRegionStatsClosure: adding 0 for regular Region 1306, yielding: 210038200
[0.232s][debug][gc                   ] GC(0) ShenandoahCalculateRegionStatsClosure: adding 0 for regular Region 1307, yielding: 210038200
[0.232s][debug][gc                   ] GC(0) ShenandoahCalculateRegionStatsClosure: adding 0 for regular Region 1308, yielding: 210038200
[0.232s][debug][gc                   ] GC(0) ShenandoahCalculateRegionStatsClosure: adding 0 for regular Region 1309, yielding: 210038200
[0.232s][debug][gc                   ] GC(0) ShenandoahCalculateRegionStatsClosure: adding 0 for regular Region 1310, yielding: 210038200
[0.232s][debug][gc                   ] GC(0) ShenandoahCalculateRegionStatsClosure: adding 0 for regular Region 1311, yielding: 210038200
[0.232s][debug][gc                   ] GC(0) ShenandoahCalculateRegionStatsClosure: adding 0 for regular Region 1312, yielding: 210038200
[0.232s][debug][gc                   ] GC(0) ShenandoahCalculateRegionStatsClosure: adding 0 for regular Region 1313, yielding: 210038200
[0.232s][debug][gc                   ] GC(0) ShenandoahCalculateRegionStatsClosure: adding 0 for regular Region 1314, yielding: 210038200
[0.232s][debug][gc                   ] GC(0) ShenandoahCalculateRegionStatsClosure: adding 0 for regular Region 1315, yielding: 210038200
[0.232s][debug][gc                   ] GC(0) ShenandoahCalculateRegionStatsClosure: adding 0 for regular Region 1316, yielding: 210038200
[0.232s][debug][gc                   ] GC(0) ShenandoahCalculateRegionStatsClosure: adding 0 for regular Region 1317, yielding: 210038200
[0.232s][debug][gc                   ] GC(0) ShenandoahCalculateRegionStatsClosure: adding 0 for regular Region 1318, yielding: 210038200
[0.232s][debug][gc                   ] GC(0) ShenandoahCalculateRegionStatsClosure: adding 0 for regular Region 1319, yielding: 210038200
[0.232s][debug][gc                   ] GC(0) ShenandoahCalculateRegionStatsClosure: adding 0 for regular Region 1320, yielding: 210038200
[0.232s][debug][gc                   ] GC(0) ShenandoahCalculateRegionStatsClosure: adding 0 for regular Region 1321, yielding: 210038200
[0.232s][debug][gc                   ] GC(0) ShenandoahCalculateRegionStatsClosure: adding 0 for regular Region 1322, yielding: 210038200
[0.232s][debug][gc                   ] GC(0) ShenandoahCalculateRegionStatsClosure: adding 0 for regular Region 1323, yielding: 210038200
[0.232s][debug][gc                   ] GC(0) ShenandoahCalculateRegionStatsClosure: adding 0 for regular Region 1324, yielding: 210038200
[0.232s][debug][gc                   ] GC(0) ShenandoahCalculateRegionStatsClosure: adding 0 for regular Region 1325, yielding: 210038200
[0.232s][debug][gc                   ] GC(0) ShenandoahCalculateRegionStatsClosure: adding 0 for regular Region 1326, yielding: 210038200
[0.232s][debug][gc                   ] GC(0) ShenandoahCalculateRegionStatsClosure: adding 0 for regular Region 1327, yielding: 210038200
[0.232s][debug][gc                   ] GC(0) ShenandoahCalculateRegionStatsClosure: adding 0 for regular Region 1328, yielding: 210038200
[0.232s][debug][gc                   ] GC(0) ShenandoahCalculateRegionStatsClosure: adding 0 for regular Region 1329, yielding: 210038200
[0.232s][debug][gc                   ] GC(0) ShenandoahCalculateRegionStatsClosure: adding 0 for regular Region 1330, yielding: 210038200
[0.232s][debug][gc                   ] GC(0) ShenandoahCalculateRegionStatsClosure: adding 0 for regular Region 1331, yielding: 210038200
[0.232s][debug][gc                   ] GC(0) ShenandoahCalculateRegionStatsClosure: adding 0 for regular Region 1332, yielding: 210038200
[0.232s][debug][gc                   ] GC(0) ShenandoahCalculateRegionStatsClosure: adding 0 for regular Region 1333, yielding: 210038200
[0.232s][debug][gc                   ] GC(0) ShenandoahCalculateRegionStatsClosure: adding 0 for regular Region 1334, yielding: 210038200
[0.232s][debug][gc                   ] GC(0) ShenandoahCalculateRegionStatsClosure: adding 0 for regular Region 1335, yielding: 210038200
[0.232s][debug][gc                   ] GC(0) ShenandoahCalculateRegionStatsClosure: adding 0 for regular Region 1336, yielding: 210038200
[0.232s][debug][gc                   ] GC(0) ShenandoahCalculateRegionStatsClosure: adding 0 for regular Region 1337, yielding: 210038200
[0.232s][debug][gc                   ] GC(0) ShenandoahCalculateRegionStatsClosure: adding 0 for regular Region 1338, yielding: 210038200
[0.232s][debug][gc                   ] GC(0) ShenandoahCalculateRegionStatsClosure: adding 0 for regular Region 1339, yielding: 210038200
[0.232s][debug][gc                   ] GC(0) ShenandoahCalculateRegionStatsClosure: adding 0 for regular Region 1340, yielding: 210038200
[0.232s][debug][gc                   ] GC(0) ShenandoahCalculateRegionStatsClosure: adding 0 for regular Region 1341, yielding: 210038200
[0.232s][debug][gc                   ] GC(0) ShenandoahCalculateRegionStatsClosure: adding 0 for regular Region 1342, yielding: 210038200
[0.232s][debug][gc                   ] GC(0) ShenandoahCalculateRegionStatsClosure: adding 0 for regular Region 1343, yielding: 210038200
[0.232s][debug][gc                   ] GC(0) ShenandoahCalculateRegionStatsClosure: adding 0 for regular Region 1344, yielding: 210038200
[0.232s][debug][gc                   ] GC(0) ShenandoahCalculateRegionStatsClosure: adding 0 for regular Region 1345, yielding: 210038200
[0.232s][debug][gc                   ] GC(0) ShenandoahCalculateRegionStatsClosure: adding 0 for regular Region 1346, yielding: 210038200
[0.232s][debug][gc                   ] GC(0) ShenandoahCalculateRegionStatsClosure: adding 0 for regular Region 1347, yielding: 210038200
[0.232s][debug][gc                   ] GC(0) ShenandoahCalculateRegionStatsClosure: adding 0 for regular Region 1348, yielding: 210038200
[0.232s][debug][gc                   ] GC(0) ShenandoahCalculateRegionStatsClosure: adding 0 for regular Region 1349, yielding: 210038200
[0.232s][debug][gc                   ] GC(0) ShenandoahCalculateRegionStatsClosure: adding 0 for regular Region 1350, yielding: 210038200
[0.232s][debug][gc                   ] GC(0) ShenandoahCalculateRegionStatsClosure: adding 0 for regular Region 1351, yielding: 210038200
[0.232s][debug][gc                   ] GC(0) ShenandoahCalculateRegionStatsClosure: adding 0 for regular Region 1352, yielding: 210038200
[0.232s][debug][gc                   ] GC(0) ShenandoahCalculateRegionStatsClosure: adding 0 for regular Region 1353, yielding: 210038200
[0.232s][debug][gc                   ] GC(0) ShenandoahCalculateRegionStatsClosure: adding 0 for regular Region 1354, yielding: 210038200
[0.232s][debug][gc                   ] GC(0) ShenandoahCalculateRegionStatsClosure: adding 0 for regular Region 1355, yielding: 210038200
[0.232s][debug][gc                   ] GC(0) ShenandoahCalculateRegionStatsClosure: adding 0 for regular Region 1356, yielding: 210038200
[0.232s][debug][gc                   ] GC(0) ShenandoahCalculateRegionStatsClosure: adding 0 for regular Region 1357, yielding: 210038200
[0.232s][debug][gc                   ] GC(0) ShenandoahCalculateRegionStatsClosure: adding 0 for regular Region 1358, yielding: 210038200
[0.232s][debug][gc                   ] GC(0) ShenandoahCalculateRegionStatsClosure: adding 0 for regular Region 1359, yielding: 210038200
[0.232s][debug][gc                   ] GC(0) ShenandoahCalculateRegionStatsClosure: adding 0 for regular Region 1360, yielding: 210038200
[0.232s][debug][gc                   ] GC(0) ShenandoahCalculateRegionStatsClosure: adding 0 for regular Region 1361, yielding: 210038200
[0.232s][debug][gc                   ] GC(0) ShenandoahCalculateRegionStatsClosure: adding 0 for regular Region 1362, yielding: 210038200
[0.232s][debug][gc                   ] GC(0) ShenandoahCalculateRegionStatsClosure: adding 0 for regular Region 1363, yielding: 210038200
[0.232s][debug][gc                   ] GC(0) ShenandoahCalculateRegionStatsClosure: adding 0 for regular Region 1364, yielding: 210038200
[0.232s][debug][gc                   ] GC(0) ShenandoahCalculateRegionStatsClosure: adding 0 for regular Region 1365, yielding: 210038200
[0.232s][debug][gc                   ] GC(0) ShenandoahCalculateRegionStatsClosure: adding 0 for regular Region 1366, yielding: 210038200
[0.232s][debug][gc                   ] GC(0) ShenandoahCalculateRegionStatsClosure: adding 0 for regular Region 1367, yielding: 210038200
[0.232s][debug][gc                   ] GC(0) ShenandoahCalculateRegionStatsClosure: adding 0 for regular Region 1368, yielding: 210038200
[0.232s][debug][gc                   ] GC(0) ShenandoahCalculateRegionStatsClosure: adding 0 for regular Region 1369, yielding: 210038200
[0.232s][debug][gc                   ] GC(0) ShenandoahCalculateRegionStatsClosure: adding 0 for regular Region 1370, yielding: 210038200
[0.232s][debug][gc                   ] GC(0) ShenandoahCalculateRegionStatsClosure: adding 0 for regular Region 1371, yielding: 210038200
[0.232s][debug][gc                   ] GC(0) ShenandoahCalculateRegionStatsClosure: adding 0 for regular Region 1372, yielding: 210038200
[0.232s][debug][gc                   ] GC(0) ShenandoahCalculateRegionStatsClosure: adding 0 for regular Region 1373, yielding: 210038200
[0.232s][debug][gc                   ] GC(0) ShenandoahCalculateRegionStatsClosure: adding 0 for regular Region 1374, yielding: 210038200
[0.232s][debug][gc                   ] GC(0) ShenandoahCalculateRegionStatsClosure: adding 0 for regular Region 1375, yielding: 210038200
[0.232s][debug][gc                   ] GC(0) ShenandoahCalculateRegionStatsClosure: adding 0 for regular Region 1376, yielding: 210038200
[0.232s][debug][gc                   ] GC(0) ShenandoahCalculateRegionStatsClosure: adding 0 for regular Region 1377, yielding: 210038200
[0.232s][debug][gc                   ] GC(0) ShenandoahCalculateRegionStatsClosure: adding 0 for regular Region 1378, yielding: 210038200
[0.232s][debug][gc                   ] GC(0) ShenandoahCalculateRegionStatsClosure: adding 0 for regular Region 1379, yielding: 210038200
[0.232s][debug][gc                   ] GC(0) ShenandoahCalculateRegionStatsClosure: adding 0 for regular Region 1380, yielding: 210038200
[0.232s][debug][gc                   ] GC(0) ShenandoahCalculateRegionStatsClosure: adding 0 for regular Region 1381, yielding: 210038200
[0.232s][debug][gc                   ] GC(0) ShenandoahCalculateRegionStatsClosure: adding 0 for regular Region 1382, yielding: 210038200
[0.232s][debug][gc                   ] GC(0) ShenandoahCalculateRegionStatsClosure: adding 0 for regular Region 1383, yielding: 210038200
[0.232s][debug][gc                   ] GC(0) ShenandoahCalculateRegionStatsClosure: adding 0 for regular Region 1384, yielding: 210038200
[0.232s][debug][gc                   ] GC(0) ShenandoahCalculateRegionStatsClosure: adding 0 for regular Region 1385, yielding: 210038200
[0.232s][debug][gc                   ] GC(0) ShenandoahCalculateRegionStatsClosure: adding 0 for regular Region 1386, yielding: 210038200
[0.232s][debug][gc                   ] GC(0) ShenandoahCalculateRegionStatsClosure: adding 0 for regular Region 1387, yielding: 210038200
[0.232s][debug][gc                   ] GC(0) ShenandoahCalculateRegionStatsClosure: adding 0 for regular Region 1388, yielding: 210038200
[0.232s][debug][gc                   ] GC(0) ShenandoahCalculateRegionStatsClosure: adding 0 for regular Region 1389, yielding: 210038200
[0.232s][debug][gc                   ] GC(0) ShenandoahCalculateRegionStatsClosure: adding 0 for regular Region 1390, yielding: 210038200
[0.232s][debug][gc                   ] GC(0) ShenandoahCalculateRegionStatsClosure: adding 0 for regular Region 1391, yielding: 210038200
[0.232s][debug][gc                   ] GC(0) ShenandoahCalculateRegionStatsClosure: adding 0 for regular Region 1392, yielding: 210038200
[0.232s][debug][gc                   ] GC(0) ShenandoahCalculateRegionStatsClosure: adding 0 for regular Region 1393, yielding: 210038200
[0.232s][debug][gc                   ] GC(0) ShenandoahCalculateRegionStatsClosure: adding 0 for regular Region 1394, yielding: 210038200
[0.232s][debug][gc                   ] GC(0) ShenandoahCalculateRegionStatsClosure: adding 0 for regular Region 1395, yielding: 210038200
[0.232s][debug][gc                   ] GC(0) ShenandoahCalculateRegionStatsClosure: adding 0 for regular Region 1396, yielding: 210038200
[0.232s][debug][gc                   ] GC(0) ShenandoahCalculateRegionStatsClosure: adding 0 for regular Region 1397, yielding: 210038200
[0.232s][debug][gc                   ] GC(0) ShenandoahCalculateRegionStatsClosure: adding 0 for regular Region 1398, yielding: 210038200
[0.232s][debug][gc                   ] GC(0) ShenandoahCalculateRegionStatsClosure: adding 0 for regular Region 1399, yielding: 210038200
[0.232s][debug][gc                   ] GC(0) ShenandoahCalculateRegionStatsClosure: adding 0 for regular Region 1400, yielding: 210038200
[0.232s][debug][gc                   ] GC(0) ShenandoahCalculateRegionStatsClosure: adding 0 for regular Region 1401, yielding: 210038200
[0.232s][debug][gc                   ] GC(0) ShenandoahCalculateRegionStatsClosure: adding 0 for regular Region 1402, yielding: 210038200
[0.232s][debug][gc                   ] GC(0) ShenandoahCalculateRegionStatsClosure: adding 0 for regular Region 1403, yielding: 210038200
[0.232s][debug][gc                   ] GC(0) ShenandoahCalculateRegionStatsClosure: adding 0 for regular Region 1404, yielding: 210038200
[0.232s][debug][gc                   ] GC(0) ShenandoahCalculateRegionStatsClosure: adding 0 for regular Region 1405, yielding: 210038200
[0.232s][debug][gc                   ] GC(0) ShenandoahCalculateRegionStatsClosure: adding 0 for regular Region 1406, yielding: 210038200
[0.232s][debug][gc                   ] GC(0) ShenandoahCalculateRegionStatsClosure: adding 0 for regular Region 1407, yielding: 210038200
[0.232s][debug][gc                   ] GC(0) ShenandoahCalculateRegionStatsClosure: adding 0 for regular Region 1408, yielding: 210038200
[0.232s][debug][gc                   ] GC(0) ShenandoahCalculateRegionStatsClosure: adding 0 for regular Region 1409, yielding: 210038200
[0.232s][debug][gc                   ] GC(0) ShenandoahCalculateRegionStatsClosure: adding 0 for regular Region 1410, yielding: 210038200
[0.232s][debug][gc                   ] GC(0) ShenandoahCalculateRegionStatsClosure: adding 0 for regular Region 1411, yielding: 210038200
[0.232s][debug][gc                   ] GC(0) ShenandoahCalculateRegionStatsClosure: adding 0 for regular Region 1412, yielding: 210038200
[0.232s][debug][gc                   ] GC(0) ShenandoahCalculateRegionStatsClosure: adding 0 for regular Region 1413, yielding: 210038200
[0.232s][debug][gc                   ] GC(0) ShenandoahCalculateRegionStatsClosure: adding 0 for regular Region 1414, yielding: 210038200
[0.232s][debug][gc                   ] GC(0) ShenandoahCalculateRegionStatsClosure: adding 0 for regular Region 1415, yielding: 210038200
[0.232s][debug][gc                   ] GC(0) ShenandoahCalculateRegionStatsClosure: adding 0 for regular Region 1416, yielding: 210038200
[0.232s][debug][gc                   ] GC(0) ShenandoahCalculateRegionStatsClosure: adding 0 for regular Region 1417, yielding: 210038200
[0.232s][debug][gc                   ] GC(0) ShenandoahCalculateRegionStatsClosure: adding 0 for regular Region 1418, yielding: 210038200
[0.232s][debug][gc                   ] GC(0) ShenandoahCalculateRegionStatsClosure: adding 0 for regular Region 1419, yielding: 210038200
[0.232s][debug][gc                   ] GC(0) ShenandoahCalculateRegionStatsClosure: adding 0 for regular Region 1420, yielding: 210038200
[0.232s][debug][gc                   ] GC(0) ShenandoahCalculateRegionStatsClosure: adding 0 for regular Region 1421, yielding: 210038200
[0.232s][debug][gc                   ] GC(0) ShenandoahCalculateRegionStatsClosure: adding 0 for regular Region 1422, yielding: 210038200
[0.232s][debug][gc                   ] GC(0) ShenandoahCalculateRegionStatsClosure: adding 0 for regular Region 1423, yielding: 210038200
[0.232s][debug][gc                   ] GC(0) ShenandoahCalculateRegionStatsClosure: adding 0 for regular Region 1424, yielding: 210038200
[0.232s][debug][gc                   ] GC(0) ShenandoahCalculateRegionStatsClosure: adding 0 for regular Region 1425, yielding: 210038200
[0.232s][debug][gc                   ] GC(0) ShenandoahCalculateRegionStatsClosure: adding 0 for regular Region 1426, yielding: 210038200
[0.232s][debug][gc                   ] GC(0) ShenandoahCalculateRegionStatsClosure: adding 0 for regular Region 1427, yielding: 210038200
[0.232s][debug][gc                   ] GC(0) ShenandoahCalculateRegionStatsClosure: adding 0 for regular Region 1428, yielding: 210038200
[0.232s][debug][gc                   ] GC(0) ShenandoahCalculateRegionStatsClosure: adding 0 for regular Region 1429, yielding: 210038200
[0.232s][debug][gc                   ] GC(0) ShenandoahCalculateRegionStatsClosure: adding 0 for regular Region 1430, yielding: 210038200
[0.232s][debug][gc                   ] GC(0) ShenandoahCalculateRegionStatsClosure: adding 0 for regular Region 1431, yielding: 210038200
[0.232s][debug][gc                   ] GC(0) ShenandoahCalculateRegionStatsClosure: adding 0 for regular Region 1432, yielding: 210038200
[0.232s][debug][gc                   ] GC(0) ShenandoahCalculateRegionStatsClosure: adding 0 for regular Region 1433, yielding: 210038200
[0.232s][debug][gc                   ] GC(0) ShenandoahCalculateRegionStatsClosure: adding 0 for regular Region 1434, yielding: 210038200
[0.232s][debug][gc                   ] GC(0) ShenandoahCalculateRegionStatsClosure: adding 0 for regular Region 1435, yielding: 210038200
[0.232s][debug][gc                   ] GC(0) ShenandoahCalculateRegionStatsClosure: adding 0 for regular Region 1436, yielding: 210038200
[0.232s][debug][gc                   ] GC(0) ShenandoahCalculateRegionStatsClosure: adding 0 for regular Region 1437, yielding: 210038200
[0.232s][debug][gc                   ] GC(0) ShenandoahCalculateRegionStatsClosure: adding 0 for regular Region 1438, yielding: 210038200
[0.232s][debug][gc                   ] GC(0) ShenandoahCalculateRegionStatsClosure: adding 0 for regular Region 1439, yielding: 210038200
[0.232s][debug][gc                   ] GC(0) ShenandoahCalculateRegionStatsClosure: adding 0 for regular Region 1440, yielding: 210038200
[0.232s][debug][gc                   ] GC(0) ShenandoahCalculateRegionStatsClosure: adding 0 for regular Region 1441, yielding: 210038200
[0.233s][debug][gc                   ] GC(0) ShenandoahCalculateRegionStatsClosure: adding 0 for regular Region 1442, yielding: 210038200
[0.233s][debug][gc                   ] GC(0) ShenandoahCalculateRegionStatsClosure: adding 0 for regular Region 1443, yielding: 210038200
[0.233s][debug][gc                   ] GC(0) ShenandoahCalculateRegionStatsClosure: adding 0 for regular Region 1444, yielding: 210038200
[0.233s][debug][gc                   ] GC(0) ShenandoahCalculateRegionStatsClosure: adding 0 for regular Region 1445, yielding: 210038200
[0.233s][debug][gc                   ] GC(0) ShenandoahCalculateRegionStatsClosure: adding 0 for regular Region 1446, yielding: 210038200
[0.233s][debug][gc                   ] GC(0) ShenandoahCalculateRegionStatsClosure: adding 0 for regular Region 1447, yielding: 210038200
[0.233s][debug][gc                   ] GC(0) ShenandoahCalculateRegionStatsClosure: adding 0 for regular Region 1448, yielding: 210038200
[0.233s][debug][gc                   ] GC(0) ShenandoahCalculateRegionStatsClosure: adding 0 for regular Region 1449, yielding: 210038200
[0.233s][debug][gc                   ] GC(0) ShenandoahCalculateRegionStatsClosure: adding 0 for regular Region 1450, yielding: 210038200
[0.233s][debug][gc                   ] GC(0) ShenandoahCalculateRegionStatsClosure: adding 0 for regular Region 1451, yielding: 210038200
[0.233s][debug][gc                   ] GC(0) ShenandoahCalculateRegionStatsClosure: adding 0 for regular Region 1452, yielding: 210038200
[0.233s][debug][gc                   ] GC(0) ShenandoahCalculateRegionStatsClosure: adding 0 for regular Region 1453, yielding: 210038200
[0.233s][debug][gc                   ] GC(0) ShenandoahCalculateRegionStatsClosure: adding 0 for regular Region 1454, yielding: 210038200
[0.233s][debug][gc                   ] GC(0) ShenandoahCalculateRegionStatsClosure: adding 0 for regular Region 1455, yielding: 210038200
[0.233s][debug][gc                   ] GC(0) ShenandoahCalculateRegionStatsClosure: adding 0 for regular Region 1456, yielding: 210038200
[0.233s][debug][gc                   ] GC(0) ShenandoahCalculateRegionStatsClosure: adding 0 for regular Region 1457, yielding: 210038200
[0.233s][debug][gc                   ] GC(0) ShenandoahCalculateRegionStatsClosure: adding 0 for regular Region 1458, yielding: 210038200
[0.233s][debug][gc                   ] GC(0) ShenandoahCalculateRegionStatsClosure: adding 0 for regular Region 1459, yielding: 210038200
[0.233s][debug][gc                   ] GC(0) ShenandoahCalculateRegionStatsClosure: adding 0 for regular Region 1460, yielding: 210038200
[0.233s][debug][gc                   ] GC(0) ShenandoahCalculateRegionStatsClosure: adding 0 for regular Region 1461, yielding: 210038200
[0.233s][debug][gc                   ] GC(0) ShenandoahCalculateRegionStatsClosure: adding 0 for regular Region 1462, yielding: 210038200
[0.233s][debug][gc                   ] GC(0) ShenandoahCalculateRegionStatsClosure: adding 0 for regular Region 1463, yielding: 210038200
[0.233s][debug][gc                   ] GC(0) ShenandoahCalculateRegionStatsClosure: adding 0 for regular Region 1464, yielding: 210038200
[0.233s][debug][gc                   ] GC(0) ShenandoahCalculateRegionStatsClosure: adding 0 for regular Region 1465, yielding: 210038200
[0.233s][debug][gc                   ] GC(0) ShenandoahCalculateRegionStatsClosure: adding 0 for regular Region 1466, yielding: 210038200
[0.233s][debug][gc                   ] GC(0) ShenandoahCalculateRegionStatsClosure: adding 0 for regular Region 1467, yielding: 210038200
[0.233s][debug][gc                   ] GC(0) ShenandoahCalculateRegionStatsClosure: adding 0 for regular Region 1468, yielding: 210038200
[0.233s][debug][gc                   ] GC(0) ShenandoahCalculateRegionStatsClosure: adding 0 for regular Region 1469, yielding: 210038200
[0.233s][debug][gc                   ] GC(0) ShenandoahCalculateRegionStatsClosure: adding 0 for regular Region 1470, yielding: 210038200
[0.233s][debug][gc                   ] GC(0) ShenandoahCalculateRegionStatsClosure: adding 0 for regular Region 1471, yielding: 210038200
[0.233s][debug][gc                   ] GC(0) ShenandoahCalculateRegionStatsClosure: adding 0 for regular Region 1472, yielding: 210038200
[0.233s][debug][gc                   ] GC(0) ShenandoahCalculateRegionStatsClosure: adding 0 for regular Region 1473, yielding: 210038200
[0.233s][debug][gc                   ] GC(0) ShenandoahCalculateRegionStatsClosure: adding 0 for regular Region 1474, yielding: 210038200
[0.233s][debug][gc                   ] GC(0) ShenandoahCalculateRegionStatsClosure: adding 0 for regular Region 1475, yielding: 210038200
[0.233s][debug][gc                   ] GC(0) ShenandoahCalculateRegionStatsClosure: adding 0 for regular Region 1476, yielding: 210038200
[0.233s][debug][gc                   ] GC(0) ShenandoahCalculateRegionStatsClosure: adding 0 for regular Region 1477, yielding: 210038200
[0.233s][debug][gc                   ] GC(0) ShenandoahCalculateRegionStatsClosure: adding 0 for regular Region 1478, yielding: 210038200
[0.233s][debug][gc                   ] GC(0) ShenandoahCalculateRegionStatsClosure: adding 0 for regular Region 1479, yielding: 210038200
[0.233s][debug][gc                   ] GC(0) ShenandoahCalculateRegionStatsClosure: adding 0 for regular Region 1480, yielding: 210038200
[0.233s][debug][gc                   ] GC(0) ShenandoahCalculateRegionStatsClosure: adding 0 for regular Region 1481, yielding: 210038200
[0.233s][debug][gc                   ] GC(0) ShenandoahCalculateRegionStatsClosure: adding 0 for regular Region 1482, yielding: 210038200
[0.233s][debug][gc                   ] GC(0) ShenandoahCalculateRegionStatsClosure: adding 0 for regular Region 1483, yielding: 210038200
[0.233s][debug][gc                   ] GC(0) ShenandoahCalculateRegionStatsClosure: adding 0 for regular Region 1484, yielding: 210038200
[0.233s][debug][gc                   ] GC(0) ShenandoahCalculateRegionStatsClosure: adding 0 for regular Region 1485, yielding: 210038200
[0.233s][debug][gc                   ] GC(0) ShenandoahCalculateRegionStatsClosure: adding 0 for regular Region 1486, yielding: 210038200
[0.233s][debug][gc                   ] GC(0) ShenandoahCalculateRegionStatsClosure: adding 0 for regular Region 1487, yielding: 210038200
[0.233s][debug][gc                   ] GC(0) ShenandoahCalculateRegionStatsClosure: adding 0 for regular Region 1488, yielding: 210038200
[0.233s][debug][gc                   ] GC(0) ShenandoahCalculateRegionStatsClosure: adding 0 for regular Region 1489, yielding: 210038200
[0.233s][debug][gc                   ] GC(0) ShenandoahCalculateRegionStatsClosure: adding 0 for regular Region 1490, yielding: 210038200
[0.233s][debug][gc                   ] GC(0) ShenandoahCalculateRegionStatsClosure: adding 0 for regular Region 1491, yielding: 210038200
[0.233s][debug][gc                   ] GC(0) ShenandoahCalculateRegionStatsClosure: adding 0 for regular Region 1492, yielding: 210038200
[0.233s][debug][gc                   ] GC(0) ShenandoahCalculateRegionStatsClosure: adding 0 for regular Region 1493, yielding: 210038200
[0.233s][debug][gc                   ] GC(0) ShenandoahCalculateRegionStatsClosure: adding 0 for regular Region 1494, yielding: 210038200
[0.233s][debug][gc                   ] GC(0) ShenandoahCalculateRegionStatsClosure: adding 0 for regular Region 1495, yielding: 210038200
[0.233s][debug][gc                   ] GC(0) ShenandoahCalculateRegionStatsClosure: adding 0 for regular Region 1496, yielding: 210038200
[0.233s][debug][gc                   ] GC(0) ShenandoahCalculateRegionStatsClosure: adding 0 for regular Region 1497, yielding: 210038200
[0.233s][debug][gc                   ] GC(0) ShenandoahCalculateRegionStatsClosure: adding 0 for regular Region 1498, yielding: 210038200
[0.233s][debug][gc                   ] GC(0) ShenandoahCalculateRegionStatsClosure: adding 0 for regular Region 1499, yielding: 210038200
[0.233s][debug][gc                   ] GC(0) ShenandoahCalculateRegionStatsClosure: adding 0 for regular Region 1500, yielding: 210038200
[0.233s][debug][gc                   ] GC(0) ShenandoahCalculateRegionStatsClosure: adding 0 for regular Region 1501, yielding: 210038200
[0.233s][debug][gc                   ] GC(0) ShenandoahCalculateRegionStatsClosure: adding 0 for regular Region 1502, yielding: 210038200
[0.233s][debug][gc                   ] GC(0) ShenandoahCalculateRegionStatsClosure: adding 0 for regular Region 1503, yielding: 210038200
[0.233s][debug][gc                   ] GC(0) ShenandoahCalculateRegionStatsClosure: adding 0 for regular Region 1504, yielding: 210038200
[0.233s][debug][gc                   ] GC(0) ShenandoahCalculateRegionStatsClosure: adding 0 for regular Region 1505, yielding: 210038200
[0.233s][debug][gc                   ] GC(0) ShenandoahCalculateRegionStatsClosure: adding 0 for regular Region 1506, yielding: 210038200
[0.233s][debug][gc                   ] GC(0) ShenandoahCalculateRegionStatsClosure: adding 0 for regular Region 1507, yielding: 210038200
[0.233s][debug][gc                   ] GC(0) ShenandoahCalculateRegionStatsClosure: adding 0 for regular Region 1508, yielding: 210038200
[0.233s][debug][gc                   ] GC(0) ShenandoahCalculateRegionStatsClosure: adding 0 for regular Region 1509, yielding: 210038200
[0.233s][debug][gc                   ] GC(0) ShenandoahCalculateRegionStatsClosure: adding 0 for regular Region 1510, yielding: 210038200
[0.233s][debug][gc                   ] GC(0) ShenandoahCalculateRegionStatsClosure: adding 0 for regular Region 1511, yielding: 210038200
[0.233s][debug][gc                   ] GC(0) ShenandoahCalculateRegionStatsClosure: adding 0 for regular Region 1512, yielding: 210038200
[0.233s][debug][gc                   ] GC(0) ShenandoahCalculateRegionStatsClosure: adding 0 for regular Region 1513, yielding: 210038200
[0.233s][debug][gc                   ] GC(0) ShenandoahCalculateRegionStatsClosure: adding 0 for regular Region 1514, yielding: 210038200
[0.233s][debug][gc                   ] GC(0) ShenandoahCalculateRegionStatsClosure: adding 0 for regular Region 1515, yielding: 210038200
[0.233s][debug][gc                   ] GC(0) ShenandoahCalculateRegionStatsClosure: adding 0 for regular Region 1516, yielding: 210038200
[0.233s][debug][gc                   ] GC(0) ShenandoahCalculateRegionStatsClosure: adding 0 for regular Region 1517, yielding: 210038200
[0.233s][debug][gc                   ] GC(0) ShenandoahCalculateRegionStatsClosure: adding 0 for regular Region 1518, yielding: 210038200
[0.233s][debug][gc                   ] GC(0) ShenandoahCalculateRegionStatsClosure: adding 0 for regular Region 1519, yielding: 210038200
[0.233s][debug][gc                   ] GC(0) ShenandoahCalculateRegionStatsClosure: adding 0 for regular Region 1520, yielding: 210038200
[0.233s][debug][gc                   ] GC(0) ShenandoahCalculateRegionStatsClosure: adding 0 for regular Region 1521, yielding: 210038200
[0.233s][debug][gc                   ] GC(0) ShenandoahCalculateRegionStatsClosure: adding 0 for regular Region 1522, yielding: 210038200
[0.233s][debug][gc                   ] GC(0) ShenandoahCalculateRegionStatsClosure: adding 0 for regular Region 1523, yielding: 210038200
[0.233s][debug][gc                   ] GC(0) ShenandoahCalculateRegionStatsClosure: adding 0 for regular Region 1524, yielding: 210038200
[0.233s][debug][gc                   ] GC(0) ShenandoahCalculateRegionStatsClosure: adding 0 for regular Region 1525, yielding: 210038200
[0.233s][debug][gc                   ] GC(0) ShenandoahCalculateRegionStatsClosure: adding 0 for regular Region 1526, yielding: 210038200
[0.233s][debug][gc                   ] GC(0) ShenandoahCalculateRegionStatsClosure: adding 0 for regular Region 1527, yielding: 210038200
[0.233s][debug][gc                   ] GC(0) ShenandoahCalculateRegionStatsClosure: adding 0 for regular Region 1528, yielding: 210038200
[0.233s][debug][gc                   ] GC(0) ShenandoahCalculateRegionStatsClosure: adding 0 for regular Region 1529, yielding: 210038200
[0.233s][debug][gc                   ] GC(0) ShenandoahCalculateRegionStatsClosure: adding 0 for regular Region 1530, yielding: 210038200
[0.233s][debug][gc                   ] GC(0) ShenandoahCalculateRegionStatsClosure: adding 0 for regular Region 1531, yielding: 210038200
[0.233s][debug][gc                   ] GC(0) ShenandoahCalculateRegionStatsClosure: adding 0 for regular Region 1532, yielding: 210038200
[0.233s][debug][gc                   ] GC(0) ShenandoahCalculateRegionStatsClosure: adding 0 for regular Region 1533, yielding: 210038200
[0.233s][debug][gc                   ] GC(0) ShenandoahCalculateRegionStatsClosure: adding 0 for regular Region 1534, yielding: 210038200
[0.233s][debug][gc                   ] GC(0) ShenandoahCalculateRegionStatsClosure: adding 0 for regular Region 1535, yielding: 210038200
[0.233s][debug][gc                   ] GC(0) ShenandoahCalculateRegionStatsClosure: adding 0 for regular Region 1536, yielding: 210038200
[0.233s][debug][gc                   ] GC(0) ShenandoahCalculateRegionStatsClosure: adding 0 for regular Region 1537, yielding: 210038200
[0.233s][debug][gc                   ] GC(0) ShenandoahCalculateRegionStatsClosure: adding 0 for regular Region 1538, yielding: 210038200
[0.233s][debug][gc                   ] GC(0) ShenandoahCalculateRegionStatsClosure: adding 0 for regular Region 1539, yielding: 210038200
[0.233s][debug][gc                   ] GC(0) ShenandoahCalculateRegionStatsClosure: adding 0 for regular Region 1540, yielding: 210038200
[0.233s][debug][gc                   ] GC(0) ShenandoahCalculateRegionStatsClosure: adding 0 for regular Region 1541, yielding: 210038200
[0.233s][debug][gc                   ] GC(0) ShenandoahCalculateRegionStatsClosure: adding 0 for regular Region 1542, yielding: 210038200
[0.233s][debug][gc                   ] GC(0) ShenandoahCalculateRegionStatsClosure: adding 0 for regular Region 1543, yielding: 210038200
[0.233s][debug][gc                   ] GC(0) ShenandoahCalculateRegionStatsClosure: adding 0 for regular Region 1544, yielding: 210038200
[0.233s][debug][gc                   ] GC(0) ShenandoahCalculateRegionStatsClosure: adding 0 for regular Region 1545, yielding: 210038200
[0.233s][debug][gc                   ] GC(0) ShenandoahCalculateRegionStatsClosure: adding 0 for regular Region 1546, yielding: 210038200
[0.233s][debug][gc                   ] GC(0) ShenandoahCalculateRegionStatsClosure: adding 0 for regular Region 1547, yielding: 210038200
[0.233s][debug][gc                   ] GC(0) ShenandoahCalculateRegionStatsClosure: adding 0 for regular Region 1548, yielding: 210038200
[0.233s][debug][gc                   ] GC(0) ShenandoahCalculateRegionStatsClosure: adding 0 for regular Region 1549, yielding: 210038200
[0.233s][debug][gc                   ] GC(0) ShenandoahCalculateRegionStatsClosure: adding 0 for regular Region 1550, yielding: 210038200
[0.233s][debug][gc                   ] GC(0) ShenandoahCalculateRegionStatsClosure: adding 0 for regular Region 1551, yielding: 210038200
[0.233s][debug][gc                   ] GC(0) ShenandoahCalculateRegionStatsClosure: adding 0 for regular Region 1552, yielding: 210038200
[0.233s][debug][gc                   ] GC(0) ShenandoahCalculateRegionStatsClosure: adding 0 for regular Region 1553, yielding: 210038200
[0.233s][debug][gc                   ] GC(0) ShenandoahCalculateRegionStatsClosure: adding 0 for regular Region 1554, yielding: 210038200
[0.233s][debug][gc                   ] GC(0) ShenandoahCalculateRegionStatsClosure: adding 0 for regular Region 1555, yielding: 210038200
[0.233s][debug][gc                   ] GC(0) ShenandoahCalculateRegionStatsClosure: adding 0 for regular Region 1556, yielding: 210038200
[0.233s][debug][gc                   ] GC(0) ShenandoahCalculateRegionStatsClosure: adding 0 for regular Region 1557, yielding: 210038200
[0.233s][debug][gc                   ] GC(0) ShenandoahCalculateRegionStatsClosure: adding 0 for regular Region 1558, yielding: 210038200
[0.233s][debug][gc                   ] GC(0) ShenandoahCalculateRegionStatsClosure: adding 0 for regular Region 1559, yielding: 210038200
[0.233s][debug][gc                   ] GC(0) ShenandoahCalculateRegionStatsClosure: adding 0 for regular Region 1560, yielding: 210038200
[0.233s][debug][gc                   ] GC(0) ShenandoahCalculateRegionStatsClosure: adding 0 for regular Region 1561, yielding: 210038200
[0.233s][debug][gc                   ] GC(0) ShenandoahCalculateRegionStatsClosure: adding 0 for regular Region 1562, yielding: 210038200
[0.233s][debug][gc                   ] GC(0) ShenandoahCalculateRegionStatsClosure: adding 0 for regular Region 1563, yielding: 210038200
[0.233s][debug][gc                   ] GC(0) ShenandoahCalculateRegionStatsClosure: adding 0 for regular Region 1564, yielding: 210038200
[0.233s][debug][gc                   ] GC(0) ShenandoahCalculateRegionStatsClosure: adding 0 for regular Region 1565, yielding: 210038200
[0.233s][debug][gc                   ] GC(0) ShenandoahCalculateRegionStatsClosure: adding 0 for regular Region 1566, yielding: 210038200
[0.233s][debug][gc                   ] GC(0) ShenandoahCalculateRegionStatsClosure: adding 0 for regular Region 1567, yielding: 210038200
[0.233s][debug][gc                   ] GC(0) ShenandoahCalculateRegionStatsClosure: adding 0 for regular Region 1568, yielding: 210038200
[0.233s][debug][gc                   ] GC(0) ShenandoahCalculateRegionStatsClosure: adding 0 for regular Region 1569, yielding: 210038200
[0.233s][debug][gc                   ] GC(0) ShenandoahCalculateRegionStatsClosure: adding 0 for regular Region 1570, yielding: 210038200
[0.233s][debug][gc                   ] GC(0) ShenandoahCalculateRegionStatsClosure: adding 0 for regular Region 1571, yielding: 210038200
[0.233s][debug][gc                   ] GC(0) ShenandoahCalculateRegionStatsClosure: adding 0 for regular Region 1572, yielding: 210038200
[0.233s][debug][gc                   ] GC(0) ShenandoahCalculateRegionStatsClosure: adding 0 for regular Region 1573, yielding: 210038200
[0.233s][debug][gc                   ] GC(0) ShenandoahCalculateRegionStatsClosure: adding 0 for regular Region 1574, yielding: 210038200
[0.233s][debug][gc                   ] GC(0) ShenandoahCalculateRegionStatsClosure: adding 0 for regular Region 1575, yielding: 210038200
[0.233s][debug][gc                   ] GC(0) ShenandoahCalculateRegionStatsClosure: adding 0 for regular Region 1576, yielding: 210038200
[0.233s][debug][gc                   ] GC(0) ShenandoahCalculateRegionStatsClosure: adding 0 for regular Region 1577, yielding: 210038200
[0.233s][debug][gc                   ] GC(0) ShenandoahCalculateRegionStatsClosure: adding 0 for regular Region 1578, yielding: 210038200
[0.233s][debug][gc                   ] GC(0) ShenandoahCalculateRegionStatsClosure: adding 0 for regular Region 1579, yielding: 210038200
[0.233s][debug][gc                   ] GC(0) ShenandoahCalculateRegionStatsClosure: adding 0 for regular Region 1580, yielding: 210038200
[0.233s][debug][gc                   ] GC(0) ShenandoahCalculateRegionStatsClosure: adding 0 for regular Region 1581, yielding: 210038200
[0.233s][debug][gc                   ] GC(0) ShenandoahCalculateRegionStatsClosure: adding 0 for regular Region 1582, yielding: 210038200
[0.233s][debug][gc                   ] GC(0) ShenandoahCalculateRegionStatsClosure: adding 0 for regular Region 1583, yielding: 210038200
[0.233s][debug][gc                   ] GC(0) ShenandoahCalculateRegionStatsClosure: adding 0 for regular Region 1584, yielding: 210038200
[0.233s][debug][gc                   ] GC(0) ShenandoahCalculateRegionStatsClosure: adding 0 for regular Region 1585, yielding: 210038200
[0.233s][debug][gc                   ] GC(0) ShenandoahCalculateRegionStatsClosure: adding 0 for regular Region 1586, yielding: 210038200
[0.233s][debug][gc                   ] GC(0) ShenandoahCalculateRegionStatsClosure: adding 0 for regular Region 1587, yielding: 210038200
[0.233s][debug][gc                   ] GC(0) ShenandoahCalculateRegionStatsClosure: adding 0 for regular Region 1588, yielding: 210038200
[0.233s][debug][gc                   ] GC(0) ShenandoahCalculateRegionStatsClosure: adding 0 for regular Region 1589, yielding: 210038200
[0.233s][debug][gc                   ] GC(0) ShenandoahCalculateRegionStatsClosure: adding 0 for regular Region 1590, yielding: 210038200
[0.233s][debug][gc                   ] GC(0) ShenandoahCalculateRegionStatsClosure: adding 0 for regular Region 1591, yielding: 210038200
[0.233s][debug][gc                   ] GC(0) ShenandoahCalculateRegionStatsClosure: adding 0 for regular Region 1592, yielding: 210038200
[0.233s][debug][gc                   ] GC(0) ShenandoahCalculateRegionStatsClosure: adding 0 for regular Region 1593, yielding: 210038200
[0.233s][debug][gc                   ] GC(0) ShenandoahCalculateRegionStatsClosure: adding 0 for regular Region 1594, yielding: 210038200
[0.233s][debug][gc                   ] GC(0) ShenandoahCalculateRegionStatsClosure: adding 0 for regular Region 1595, yielding: 210038200
[0.233s][debug][gc                   ] GC(0) ShenandoahCalculateRegionStatsClosure: adding 0 for regular Region 1596, yielding: 210038200
[0.233s][debug][gc                   ] GC(0) ShenandoahCalculateRegionStatsClosure: adding 0 for regular Region 1597, yielding: 210038200
[0.233s][debug][gc                   ] GC(0) ShenandoahCalculateRegionStatsClosure: adding 0 for regular Region 1598, yielding: 210038200
[0.233s][debug][gc                   ] GC(0) ShenandoahCalculateRegionStatsClosure: adding 0 for regular Region 1599, yielding: 210038200
[0.233s][debug][gc                   ] GC(0) ShenandoahCalculateRegionStatsClosure: adding 0 for regular Region 1600, yielding: 210038200
[0.233s][debug][gc                   ] GC(0) ShenandoahCalculateRegionStatsClosure: adding 0 for regular Region 1601, yielding: 210038200
[0.233s][debug][gc                   ] GC(0) ShenandoahCalculateRegionStatsClosure: adding 0 for regular Region 1602, yielding: 210038200
[0.233s][debug][gc                   ] GC(0) ShenandoahCalculateRegionStatsClosure: adding 0 for regular Region 1603, yielding: 210038200
[0.233s][debug][gc                   ] GC(0) ShenandoahCalculateRegionStatsClosure: adding 0 for regular Region 1604, yielding: 210038200
[0.233s][debug][gc                   ] GC(0) ShenandoahCalculateRegionStatsClosure: adding 0 for regular Region 1605, yielding: 210038200
[0.233s][debug][gc                   ] GC(0) ShenandoahCalculateRegionStatsClosure: adding 0 for regular Region 1606, yielding: 210038200
[0.233s][debug][gc                   ] GC(0) ShenandoahCalculateRegionStatsClosure: adding 0 for regular Region 1607, yielding: 210038200
[0.233s][debug][gc                   ] GC(0) ShenandoahCalculateRegionStatsClosure: adding 0 for regular Region 1608, yielding: 210038200
[0.233s][debug][gc                   ] GC(0) ShenandoahCalculateRegionStatsClosure: adding 0 for regular Region 1609, yielding: 210038200
[0.233s][debug][gc                   ] GC(0) ShenandoahCalculateRegionStatsClosure: adding 0 for regular Region 1610, yielding: 210038200
[0.233s][debug][gc                   ] GC(0) ShenandoahCalculateRegionStatsClosure: adding 0 for regular Region 1611, yielding: 210038200
[0.233s][debug][gc                   ] GC(0) ShenandoahCalculateRegionStatsClosure: adding 0 for regular Region 1612, yielding: 210038200
[0.233s][debug][gc                   ] GC(0) ShenandoahCalculateRegionStatsClosure: adding 0 for regular Region 1613, yielding: 210038200
[0.233s][debug][gc                   ] GC(0) ShenandoahCalculateRegionStatsClosure: adding 0 for regular Region 1614, yielding: 210038200
[0.233s][debug][gc                   ] GC(0) ShenandoahCalculateRegionStatsClosure: adding 0 for regular Region 1615, yielding: 210038200
[0.233s][debug][gc                   ] GC(0) ShenandoahCalculateRegionStatsClosure: adding 0 for regular Region 1616, yielding: 210038200
[0.233s][debug][gc                   ] GC(0) ShenandoahCalculateRegionStatsClosure: adding 0 for regular Region 1617, yielding: 210038200
[0.233s][debug][gc                   ] GC(0) ShenandoahCalculateRegionStatsClosure: adding 0 for regular Region 1618, yielding: 210038200
[0.233s][debug][gc                   ] GC(0) ShenandoahCalculateRegionStatsClosure: adding 0 for regular Region 1619, yielding: 210038200
[0.233s][debug][gc                   ] GC(0) ShenandoahCalculateRegionStatsClosure: adding 0 for regular Region 1620, yielding: 210038200
[0.233s][debug][gc                   ] GC(0) ShenandoahCalculateRegionStatsClosure: adding 0 for regular Region 1621, yielding: 210038200
[0.233s][debug][gc                   ] GC(0) ShenandoahCalculateRegionStatsClosure: adding 0 for regular Region 1622, yielding: 210038200
[0.233s][debug][gc                   ] GC(0) ShenandoahCalculateRegionStatsClosure: adding 0 for regular Region 1623, yielding: 210038200
[0.233s][debug][gc                   ] GC(0) ShenandoahCalculateRegionStatsClosure: adding 0 for regular Region 1624, yielding: 210038200
[0.233s][debug][gc                   ] GC(0) ShenandoahCalculateRegionStatsClosure: adding 0 for regular Region 1625, yielding: 210038200
[0.233s][debug][gc                   ] GC(0) ShenandoahCalculateRegionStatsClosure: adding 0 for regular Region 1626, yielding: 210038200
[0.233s][debug][gc                   ] GC(0) ShenandoahCalculateRegionStatsClosure: adding 0 for regular Region 1627, yielding: 210038200
[0.233s][debug][gc                   ] GC(0) ShenandoahCalculateRegionStatsClosure: adding 0 for regular Region 1628, yielding: 210038200
[0.233s][debug][gc                   ] GC(0) ShenandoahCalculateRegionStatsClosure: adding 0 for regular Region 1629, yielding: 210038200
[0.233s][debug][gc                   ] GC(0) ShenandoahCalculateRegionStatsClosure: adding 0 for regular Region 1630, yielding: 210038200
[0.233s][debug][gc                   ] GC(0) ShenandoahCalculateRegionStatsClosure: adding 0 for regular Region 1631, yielding: 210038200
[0.233s][debug][gc                   ] GC(0) ShenandoahCalculateRegionStatsClosure: adding 0 for regular Region 1632, yielding: 210038200
[0.233s][debug][gc                   ] GC(0) ShenandoahCalculateRegionStatsClosure: adding 0 for regular Region 1633, yielding: 210038200
[0.233s][debug][gc                   ] GC(0) ShenandoahCalculateRegionStatsClosure: adding 0 for regular Region 1634, yielding: 210038200
[0.233s][debug][gc                   ] GC(0) ShenandoahCalculateRegionStatsClosure: adding 0 for regular Region 1635, yielding: 210038200
[0.233s][debug][gc                   ] GC(0) ShenandoahCalculateRegionStatsClosure: adding 0 for regular Region 1636, yielding: 210038200
[0.233s][debug][gc                   ] GC(0) ShenandoahCalculateRegionStatsClosure: adding 0 for regular Region 1637, yielding: 210038200
[0.233s][debug][gc                   ] GC(0) ShenandoahCalculateRegionStatsClosure: adding 0 for regular Region 1638, yielding: 210038200
[0.233s][debug][gc                   ] GC(0) ShenandoahCalculateRegionStatsClosure: adding 0 for regular Region 1639, yielding: 210038200
[0.233s][debug][gc                   ] GC(0) ShenandoahCalculateRegionStatsClosure: adding 0 for regular Region 1640, yielding: 210038200
[0.233s][debug][gc                   ] GC(0) ShenandoahCalculateRegionStatsClosure: adding 0 for regular Region 1641, yielding: 210038200
[0.233s][debug][gc                   ] GC(0) ShenandoahCalculateRegionStatsClosure: adding 0 for regular Region 1642, yielding: 210038200
[0.233s][debug][gc                   ] GC(0) ShenandoahCalculateRegionStatsClosure: adding 0 for regular Region 1643, yielding: 210038200
[0.233s][debug][gc                   ] GC(0) ShenandoahCalculateRegionStatsClosure: adding 0 for regular Region 1644, yielding: 210038200
[0.233s][debug][gc                   ] GC(0) ShenandoahCalculateRegionStatsClosure: adding 0 for regular Region 1645, yielding: 210038200
[0.233s][debug][gc                   ] GC(0) ShenandoahCalculateRegionStatsClosure: adding 0 for regular Region 1646, yielding: 210038200
[0.233s][debug][gc                   ] GC(0) ShenandoahCalculateRegionStatsClosure: adding 0 for regular Region 1647, yielding: 210038200
[0.233s][debug][gc                   ] GC(0) ShenandoahCalculateRegionStatsClosure: adding 0 for regular Region 1648, yielding: 210038200
[0.233s][debug][gc                   ] GC(0) ShenandoahCalculateRegionStatsClosure: adding 0 for regular Region 1649, yielding: 210038200
[0.233s][debug][gc                   ] GC(0) ShenandoahCalculateRegionStatsClosure: adding 0 for regular Region 1650, yielding: 210038200
[0.233s][debug][gc                   ] GC(0) ShenandoahCalculateRegionStatsClosure: adding 0 for regular Region 1651, yielding: 210038200
[0.233s][debug][gc                   ] GC(0) ShenandoahCalculateRegionStatsClosure: adding 0 for regular Region 1652, yielding: 210038200
[0.233s][debug][gc                   ] GC(0) ShenandoahCalculateRegionStatsClosure: adding 0 for regular Region 1653, yielding: 210038200
[0.233s][debug][gc                   ] GC(0) ShenandoahCalculateRegionStatsClosure: adding 0 for regular Region 1654, yielding: 210038200
[0.233s][debug][gc                   ] GC(0) ShenandoahCalculateRegionStatsClosure: adding 0 for regular Region 1655, yielding: 210038200
[0.233s][debug][gc                   ] GC(0) ShenandoahCalculateRegionStatsClosure: adding 0 for regular Region 1656, yielding: 210038200
[0.233s][debug][gc                   ] GC(0) ShenandoahCalculateRegionStatsClosure: adding 0 for regular Region 1657, yielding: 210038200
[0.233s][debug][gc                   ] GC(0) ShenandoahCalculateRegionStatsClosure: adding 0 for regular Region 1658, yielding: 210038200
[0.233s][debug][gc                   ] GC(0) ShenandoahCalculateRegionStatsClosure: adding 0 for regular Region 1659, yielding: 210038200
[0.233s][debug][gc                   ] GC(0) ShenandoahCalculateRegionStatsClosure: adding 0 for regular Region 1660, yielding: 210038200
[0.233s][debug][gc                   ] GC(0) ShenandoahCalculateRegionStatsClosure: adding 0 for regular Region 1661, yielding: 210038200
[0.233s][debug][gc                   ] GC(0) ShenandoahCalculateRegionStatsClosure: adding 0 for regular Region 1662, yielding: 210038200
[0.233s][debug][gc                   ] GC(0) ShenandoahCalculateRegionStatsClosure: adding 0 for regular Region 1663, yielding: 210038200
[0.233s][debug][gc                   ] GC(0) ShenandoahCalculateRegionStatsClosure: adding 0 for regular Region 1664, yielding: 210038200
[0.233s][debug][gc                   ] GC(0) ShenandoahCalculateRegionStatsClosure: adding 0 for regular Region 1665, yielding: 210038200
[0.233s][debug][gc                   ] GC(0) ShenandoahCalculateRegionStatsClosure: adding 0 for regular Region 1666, yielding: 210038200
[0.233s][debug][gc                   ] GC(0) ShenandoahCalculateRegionStatsClosure: adding 0 for regular Region 1667, yielding: 210038200
[0.233s][debug][gc                   ] GC(0) ShenandoahCalculateRegionStatsClosure: adding 0 for regular Region 1668, yielding: 210038200
[0.233s][debug][gc                   ] GC(0) ShenandoahCalculateRegionStatsClosure: adding 0 for regular Region 1669, yielding: 210038200
[0.233s][debug][gc                   ] GC(0) ShenandoahCalculateRegionStatsClosure: adding 0 for regular Region 1670, yielding: 210038200
[0.233s][debug][gc                   ] GC(0) ShenandoahCalculateRegionStatsClosure: adding 0 for regular Region 1671, yielding: 210038200
[0.233s][debug][gc                   ] GC(0) ShenandoahCalculateRegionStatsClosure: adding 0 for regular Region 1672, yielding: 210038200
[0.233s][debug][gc                   ] GC(0) ShenandoahCalculateRegionStatsClosure: adding 0 for regular Region 1673, yielding: 210038200
[0.233s][debug][gc                   ] GC(0) ShenandoahCalculateRegionStatsClosure: adding 0 for regular Region 1674, yielding: 210038200
[0.233s][debug][gc                   ] GC(0) ShenandoahCalculateRegionStatsClosure: adding 0 for regular Region 1675, yielding: 210038200
[0.233s][debug][gc                   ] GC(0) ShenandoahCalculateRegionStatsClosure: adding 0 for regular Region 1676, yielding: 210038200
[0.233s][debug][gc                   ] GC(0) ShenandoahCalculateRegionStatsClosure: adding 0 for regular Region 1677, yielding: 210038200
[0.233s][debug][gc                   ] GC(0) ShenandoahCalculateRegionStatsClosure: adding 0 for regular Region 1678, yielding: 210038200
[0.233s][debug][gc                   ] GC(0) ShenandoahCalculateRegionStatsClosure: adding 0 for regular Region 1679, yielding: 210038200
[0.233s][debug][gc                   ] GC(0) ShenandoahCalculateRegionStatsClosure: adding 0 for regular Region 1680, yielding: 210038200
[0.233s][debug][gc                   ] GC(0) ShenandoahCalculateRegionStatsClosure: adding 0 for regular Region 1681, yielding: 210038200
[0.233s][debug][gc                   ] GC(0) ShenandoahCalculateRegionStatsClosure: adding 0 for regular Region 1682, yielding: 210038200
[0.233s][debug][gc                   ] GC(0) ShenandoahCalculateRegionStatsClosure: adding 0 for regular Region 1683, yielding: 210038200
[0.233s][debug][gc                   ] GC(0) ShenandoahCalculateRegionStatsClosure: adding 0 for regular Region 1684, yielding: 210038200
[0.233s][debug][gc                   ] GC(0) ShenandoahCalculateRegionStatsClosure: adding 0 for regular Region 1685, yielding: 210038200
[0.233s][debug][gc                   ] GC(0) ShenandoahCalculateRegionStatsClosure: adding 0 for regular Region 1686, yielding: 210038200
[0.233s][debug][gc                   ] GC(0) ShenandoahCalculateRegionStatsClosure: adding 0 for regular Region 1687, yielding: 210038200
[0.233s][debug][gc                   ] GC(0) ShenandoahCalculateRegionStatsClosure: adding 0 for regular Region 1688, yielding: 210038200
[0.233s][debug][gc                   ] GC(0) ShenandoahCalculateRegionStatsClosure: adding 0 for regular Region 1689, yielding: 210038200
[0.233s][debug][gc                   ] GC(0) ShenandoahCalculateRegionStatsClosure: adding 0 for regular Region 1690, yielding: 210038200
[0.233s][debug][gc                   ] GC(0) ShenandoahCalculateRegionStatsClosure: adding 0 for regular Region 1691, yielding: 210038200
[0.233s][debug][gc                   ] GC(0) ShenandoahCalculateRegionStatsClosure: adding 0 for regular Region 1692, yielding: 210038200
[0.233s][debug][gc                   ] GC(0) ShenandoahCalculateRegionStatsClosure: adding 0 for regular Region 1693, yielding: 210038200
[0.233s][debug][gc                   ] GC(0) ShenandoahCalculateRegionStatsClosure: adding 0 for regular Region 1694, yielding: 210038200
[0.233s][debug][gc                   ] GC(0) ShenandoahCalculateRegionStatsClosure: adding 0 for regular Region 1695, yielding: 210038200
[0.233s][debug][gc                   ] GC(0) ShenandoahCalculateRegionStatsClosure: adding 0 for regular Region 1696, yielding: 210038200
[0.233s][debug][gc                   ] GC(0) ShenandoahCalculateRegionStatsClosure: adding 0 for regular Region 1697, yielding: 210038200
[0.233s][debug][gc                   ] GC(0) ShenandoahCalculateRegionStatsClosure: adding 0 for regular Region 1698, yielding: 210038200
[0.233s][debug][gc                   ] GC(0) ShenandoahCalculateRegionStatsClosure: adding 0 for regular Region 1699, yielding: 210038200
[0.233s][debug][gc                   ] GC(0) ShenandoahCalculateRegionStatsClosure: adding 0 for regular Region 1700, yielding: 210038200
[0.233s][debug][gc                   ] GC(0) ShenandoahCalculateRegionStatsClosure: adding 0 for regular Region 1701, yielding: 210038200
[0.233s][debug][gc                   ] GC(0) ShenandoahCalculateRegionStatsClosure: adding 0 for regular Region 1702, yielding: 210038200
[0.233s][debug][gc                   ] GC(0) ShenandoahCalculateRegionStatsClosure: adding 0 for regular Region 1703, yielding: 210038200
[0.233s][debug][gc                   ] GC(0) ShenandoahCalculateRegionStatsClosure: adding 0 for regular Region 1704, yielding: 210038200
[0.233s][debug][gc                   ] GC(0) ShenandoahCalculateRegionStatsClosure: adding 0 for regular Region 1705, yielding: 210038200
[0.233s][debug][gc                   ] GC(0) ShenandoahCalculateRegionStatsClosure: adding 0 for regular Region 1706, yielding: 210038200
[0.233s][debug][gc                   ] GC(0) ShenandoahCalculateRegionStatsClosure: adding 0 for regular Region 1707, yielding: 210038200
[0.233s][debug][gc                   ] GC(0) ShenandoahCalculateRegionStatsClosure: adding 0 for regular Region 1708, yielding: 210038200
[0.233s][debug][gc                   ] GC(0) ShenandoahCalculateRegionStatsClosure: adding 0 for regular Region 1709, yielding: 210038200
[0.233s][debug][gc                   ] GC(0) ShenandoahCalculateRegionStatsClosure: adding 0 for regular Region 1710, yielding: 210038200
[0.233s][debug][gc                   ] GC(0) ShenandoahCalculateRegionStatsClosure: adding 0 for regular Region 1711, yielding: 210038200
[0.233s][debug][gc                   ] GC(0) ShenandoahCalculateRegionStatsClosure: adding 0 for regular Region 1712, yielding: 210038200
[0.233s][debug][gc                   ] GC(0) ShenandoahCalculateRegionStatsClosure: adding 0 for regular Region 1713, yielding: 210038200
[0.233s][debug][gc                   ] GC(0) ShenandoahCalculateRegionStatsClosure: adding 0 for regular Region 1714, yielding: 210038200
[0.233s][debug][gc                   ] GC(0) ShenandoahCalculateRegionStatsClosure: adding 0 for regular Region 1715, yielding: 210038200
[0.233s][debug][gc                   ] GC(0) ShenandoahCalculateRegionStatsClosure: adding 0 for regular Region 1716, yielding: 210038200
[0.233s][debug][gc                   ] GC(0) ShenandoahCalculateRegionStatsClosure: adding 0 for regular Region 1717, yielding: 210038200
[0.233s][debug][gc                   ] GC(0) ShenandoahCalculateRegionStatsClosure: adding 0 for regular Region 1718, yielding: 210038200
[0.233s][debug][gc                   ] GC(0) ShenandoahCalculateRegionStatsClosure: adding 0 for regular Region 1719, yielding: 210038200
[0.233s][debug][gc                   ] GC(0) ShenandoahCalculateRegionStatsClosure: adding 0 for regular Region 1720, yielding: 210038200
[0.233s][debug][gc                   ] GC(0) ShenandoahCalculateRegionStatsClosure: adding 0 for regular Region 1721, yielding: 210038200
[0.233s][debug][gc                   ] GC(0) ShenandoahCalculateRegionStatsClosure: adding 0 for regular Region 1722, yielding: 210038200
[0.233s][debug][gc                   ] GC(0) ShenandoahCalculateRegionStatsClosure: adding 0 for regular Region 1723, yielding: 210038200
[0.233s][debug][gc                   ] GC(0) ShenandoahCalculateRegionStatsClosure: adding 0 for regular Region 1724, yielding: 210038200
[0.233s][debug][gc                   ] GC(0) ShenandoahCalculateRegionStatsClosure: adding 0 for regular Region 1725, yielding: 210038200
[0.233s][debug][gc                   ] GC(0) ShenandoahCalculateRegionStatsClosure: adding 0 for regular Region 1726, yielding: 210038200
[0.233s][debug][gc                   ] GC(0) ShenandoahCalculateRegionStatsClosure: adding 0 for regular Region 1727, yielding: 210038200
[0.233s][debug][gc                   ] GC(0) ShenandoahCalculateRegionStatsClosure: adding 0 for regular Region 1728, yielding: 210038200
[0.233s][debug][gc                   ] GC(0) ShenandoahCalculateRegionStatsClosure: adding 0 for regular Region 1729, yielding: 210038200
[0.233s][debug][gc                   ] GC(0) ShenandoahCalculateRegionStatsClosure: adding 0 for regular Region 1730, yielding: 210038200
[0.233s][debug][gc                   ] GC(0) ShenandoahCalculateRegionStatsClosure: adding 0 for regular Region 1731, yielding: 210038200
[0.233s][debug][gc                   ] GC(0) ShenandoahCalculateRegionStatsClosure: adding 0 for regular Region 1732, yielding: 210038200
[0.233s][debug][gc                   ] GC(0) ShenandoahCalculateRegionStatsClosure: adding 0 for regular Region 1733, yielding: 210038200
[0.233s][debug][gc                   ] GC(0) ShenandoahCalculateRegionStatsClosure: adding 0 for regular Region 1734, yielding: 210038200
[0.233s][debug][gc                   ] GC(0) ShenandoahCalculateRegionStatsClosure: adding 0 for regular Region 1735, yielding: 210038200
[0.233s][debug][gc                   ] GC(0) ShenandoahCalculateRegionStatsClosure: adding 0 for regular Region 1736, yielding: 210038200
[0.233s][debug][gc                   ] GC(0) ShenandoahCalculateRegionStatsClosure: adding 0 for regular Region 1737, yielding: 210038200
[0.233s][debug][gc                   ] GC(0) ShenandoahCalculateRegionStatsClosure: adding 0 for regular Region 1738, yielding: 210038200
[0.233s][debug][gc                   ] GC(0) ShenandoahCalculateRegionStatsClosure: adding 0 for regular Region 1739, yielding: 210038200
[0.233s][debug][gc                   ] GC(0) ShenandoahCalculateRegionStatsClosure: adding 0 for regular Region 1740, yielding: 210038200
[0.233s][debug][gc                   ] GC(0) ShenandoahCalculateRegionStatsClosure: adding 0 for regular Region 1741, yielding: 210038200
[0.233s][debug][gc                   ] GC(0) ShenandoahCalculateRegionStatsClosure: adding 0 for regular Region 1742, yielding: 210038200
[0.233s][debug][gc                   ] GC(0) ShenandoahCalculateRegionStatsClosure: adding 0 for regular Region 1743, yielding: 210038200
[0.233s][debug][gc                   ] GC(0) ShenandoahCalculateRegionStatsClosure: adding 0 for regular Region 1744, yielding: 210038200
[0.233s][debug][gc                   ] GC(0) ShenandoahCalculateRegionStatsClosure: adding 0 for regular Region 1745, yielding: 210038200
[0.233s][debug][gc                   ] GC(0) ShenandoahCalculateRegionStatsClosure: adding 0 for regular Region 1746, yielding: 210038200
[0.233s][debug][gc                   ] GC(0) ShenandoahCalculateRegionStatsClosure: adding 0 for regular Region 1747, yielding: 210038200
[0.233s][debug][gc                   ] GC(0) ShenandoahCalculateRegionStatsClosure: adding 0 for regular Region 1748, yielding: 210038200
[0.233s][debug][gc                   ] GC(0) ShenandoahCalculateRegionStatsClosure: adding 0 for regular Region 1749, yielding: 210038200
[0.233s][debug][gc                   ] GC(0) ShenandoahCalculateRegionStatsClosure: adding 0 for regular Region 1750, yielding: 210038200
[0.233s][debug][gc                   ] GC(0) ShenandoahCalculateRegionStatsClosure: adding 0 for regular Region 1751, yielding: 210038200
[0.233s][debug][gc                   ] GC(0) ShenandoahCalculateRegionStatsClosure: adding 0 for regular Region 1752, yielding: 210038200
[0.233s][debug][gc                   ] GC(0) ShenandoahCalculateRegionStatsClosure: adding 0 for regular Region 1753, yielding: 210038200
[0.233s][debug][gc                   ] GC(0) ShenandoahCalculateRegionStatsClosure: adding 0 for regular Region 1754, yielding: 210038200
[0.233s][debug][gc                   ] GC(0) ShenandoahCalculateRegionStatsClosure: adding 0 for regular Region 1755, yielding: 210038200
[0.233s][debug][gc                   ] GC(0) ShenandoahCalculateRegionStatsClosure: adding 0 for regular Region 1756, yielding: 210038200
[0.233s][debug][gc                   ] GC(0) ShenandoahCalculateRegionStatsClosure: adding 0 for regular Region 1757, yielding: 210038200
[0.233s][debug][gc                   ] GC(0) ShenandoahCalculateRegionStatsClosure: adding 0 for regular Region 1758, yielding: 210038200
[0.233s][debug][gc                   ] GC(0) ShenandoahCalculateRegionStatsClosure: adding 0 for regular Region 1759, yielding: 210038200
[0.233s][debug][gc                   ] GC(0) ShenandoahCalculateRegionStatsClosure: adding 0 for regular Region 1760, yielding: 210038200
[0.233s][debug][gc                   ] GC(0) ShenandoahCalculateRegionStatsClosure: adding 0 for regular Region 1761, yielding: 210038200
[0.233s][debug][gc                   ] GC(0) ShenandoahCalculateRegionStatsClosure: adding 0 for regular Region 1762, yielding: 210038200
[0.233s][debug][gc                   ] GC(0) ShenandoahCalculateRegionStatsClosure: adding 0 for regular Region 1763, yielding: 210038200
[0.233s][debug][gc                   ] GC(0) ShenandoahCalculateRegionStatsClosure: adding 0 for regular Region 1764, yielding: 210038200
[0.233s][debug][gc                   ] GC(0) ShenandoahCalculateRegionStatsClosure: adding 0 for regular Region 1765, yielding: 210038200
[0.233s][debug][gc                   ] GC(0) ShenandoahCalculateRegionStatsClosure: adding 0 for regular Region 1766, yielding: 210038200
[0.233s][debug][gc                   ] GC(0) ShenandoahCalculateRegionStatsClosure: adding 0 for regular Region 1767, yielding: 210038200
[0.233s][debug][gc                   ] GC(0) ShenandoahCalculateRegionStatsClosure: adding 0 for regular Region 1768, yielding: 210038200
[0.233s][debug][gc                   ] GC(0) ShenandoahCalculateRegionStatsClosure: adding 0 for regular Region 1769, yielding: 210038200
[0.233s][debug][gc                   ] GC(0) ShenandoahCalculateRegionStatsClosure: adding 0 for regular Region 1770, yielding: 210038200
[0.233s][debug][gc                   ] GC(0) ShenandoahCalculateRegionStatsClosure: adding 0 for regular Region 1771, yielding: 210038200
[0.233s][debug][gc                   ] GC(0) ShenandoahCalculateRegionStatsClosure: adding 0 for regular Region 1772, yielding: 210038200
[0.233s][debug][gc                   ] GC(0) ShenandoahCalculateRegionStatsClosure: adding 0 for regular Region 1773, yielding: 210038200
[0.233s][debug][gc                   ] GC(0) ShenandoahCalculateRegionStatsClosure: adding 0 for regular Region 1774, yielding: 210038200
[0.233s][debug][gc                   ] GC(0) ShenandoahCalculateRegionStatsClosure: adding 0 for regular Region 1775, yielding: 210038200
[0.233s][debug][gc                   ] GC(0) ShenandoahCalculateRegionStatsClosure: adding 0 for regular Region 1776, yielding: 210038200
[0.233s][debug][gc                   ] GC(0) ShenandoahCalculateRegionStatsClosure: adding 0 for regular Region 1777, yielding: 210038200
[0.233s][debug][gc                   ] GC(0) ShenandoahCalculateRegionStatsClosure: adding 0 for regular Region 1778, yielding: 210038200
[0.233s][debug][gc                   ] GC(0) ShenandoahCalculateRegionStatsClosure: adding 0 for regular Region 1779, yielding: 210038200
[0.233s][debug][gc                   ] GC(0) ShenandoahCalculateRegionStatsClosure: adding 0 for regular Region 1780, yielding: 210038200
[0.233s][debug][gc                   ] GC(0) ShenandoahCalculateRegionStatsClosure: adding 0 for regular Region 1781, yielding: 210038200
[0.233s][debug][gc                   ] GC(0) ShenandoahCalculateRegionStatsClosure: adding 0 for regular Region 1782, yielding: 210038200
[0.233s][debug][gc                   ] GC(0) ShenandoahCalculateRegionStatsClosure: adding 0 for regular Region 1783, yielding: 210038200
[0.233s][debug][gc                   ] GC(0) ShenandoahCalculateRegionStatsClosure: adding 0 for regular Region 1784, yielding: 210038200
[0.233s][debug][gc                   ] GC(0) ShenandoahCalculateRegionStatsClosure: adding 0 for regular Region 1785, yielding: 210038200
[0.233s][debug][gc                   ] GC(0) ShenandoahCalculateRegionStatsClosure: adding 0 for regular Region 1786, yielding: 210038200
[0.233s][debug][gc                   ] GC(0) ShenandoahCalculateRegionStatsClosure: adding 0 for regular Region 1787, yielding: 210038200
[0.233s][debug][gc                   ] GC(0) ShenandoahCalculateRegionStatsClosure: adding 0 for regular Region 1788, yielding: 210038200
[0.233s][debug][gc                   ] GC(0) ShenandoahCalculateRegionStatsClosure: adding 0 for regular Region 1789, yielding: 210038200
[0.233s][debug][gc                   ] GC(0) ShenandoahCalculateRegionStatsClosure: adding 0 for regular Region 1790, yielding: 210038200
[0.233s][debug][gc                   ] GC(0) ShenandoahCalculateRegionStatsClosure: adding 0 for regular Region 1791, yielding: 210038200
[0.233s][debug][gc                   ] GC(0) ShenandoahCalculateRegionStatsClosure: adding 0 for regular Region 1792, yielding: 210038200
[0.233s][debug][gc                   ] GC(0) ShenandoahCalculateRegionStatsClosure: adding 0 for regular Region 1793, yielding: 210038200
[0.233s][debug][gc                   ] GC(0) ShenandoahCalculateRegionStatsClosure: adding 0 for regular Region 1794, yielding: 210038200
[0.233s][debug][gc                   ] GC(0) ShenandoahCalculateRegionStatsClosure: adding 0 for regular Region 1795, yielding: 210038200
[0.233s][debug][gc                   ] GC(0) ShenandoahCalculateRegionStatsClosure: adding 0 for regular Region 1796, yielding: 210038200
[0.233s][debug][gc                   ] GC(0) ShenandoahCalculateRegionStatsClosure: adding 0 for regular Region 1797, yielding: 210038200
[0.233s][debug][gc                   ] GC(0) ShenandoahCalculateRegionStatsClosure: adding 0 for regular Region 1798, yielding: 210038200
[0.233s][debug][gc                   ] GC(0) ShenandoahCalculateRegionStatsClosure: adding 0 for regular Region 1799, yielding: 210038200
[0.233s][debug][gc                   ] GC(0) ShenandoahCalculateRegionStatsClosure: adding 0 for regular Region 1800, yielding: 210038200
[0.233s][debug][gc                   ] GC(0) ShenandoahCalculateRegionStatsClosure: adding 0 for regular Region 1801, yielding: 210038200
[0.233s][debug][gc                   ] GC(0) ShenandoahCalculateRegionStatsClosure: adding 0 for regular Region 1802, yielding: 210038200
[0.233s][debug][gc                   ] GC(0) ShenandoahCalculateRegionStatsClosure: adding 0 for regular Region 1803, yielding: 210038200
[0.233s][debug][gc                   ] GC(0) ShenandoahCalculateRegionStatsClosure: adding 0 for regular Region 1804, yielding: 210038200
[0.233s][debug][gc                   ] GC(0) ShenandoahCalculateRegionStatsClosure: adding 0 for regular Region 1805, yielding: 210038200
[0.233s][debug][gc                   ] GC(0) ShenandoahCalculateRegionStatsClosure: adding 0 for regular Region 1806, yielding: 210038200
[0.233s][debug][gc                   ] GC(0) ShenandoahCalculateRegionStatsClosure: adding 0 for regular Region 1807, yielding: 210038200
[0.233s][debug][gc                   ] GC(0) ShenandoahCalculateRegionStatsClosure: adding 0 for regular Region 1808, yielding: 210038200
[0.233s][debug][gc                   ] GC(0) ShenandoahCalculateRegionStatsClosure: adding 0 for regular Region 1809, yielding: 210038200
[0.233s][debug][gc                   ] GC(0) ShenandoahCalculateRegionStatsClosure: adding 0 for regular Region 1810, yielding: 210038200
[0.233s][debug][gc                   ] GC(0) ShenandoahCalculateRegionStatsClosure: adding 0 for regular Region 1811, yielding: 210038200
[0.233s][debug][gc                   ] GC(0) ShenandoahCalculateRegionStatsClosure: adding 0 for regular Region 1812, yielding: 210038200
[0.233s][debug][gc                   ] GC(0) ShenandoahCalculateRegionStatsClosure: adding 0 for regular Region 1813, yielding: 210038200
[0.233s][debug][gc                   ] GC(0) ShenandoahCalculateRegionStatsClosure: adding 0 for regular Region 1814, yielding: 210038200
[0.233s][debug][gc                   ] GC(0) ShenandoahCalculateRegionStatsClosure: adding 0 for regular Region 1815, yielding: 210038200
[0.233s][debug][gc                   ] GC(0) ShenandoahCalculateRegionStatsClosure: adding 0 for regular Region 1816, yielding: 210038200
[0.233s][debug][gc                   ] GC(0) ShenandoahCalculateRegionStatsClosure: adding 0 for regular Region 1817, yielding: 210038200
[0.233s][debug][gc                   ] GC(0) ShenandoahCalculateRegionStatsClosure: adding 0 for regular Region 1818, yielding: 210038200
[0.233s][debug][gc                   ] GC(0) ShenandoahCalculateRegionStatsClosure: adding 0 for regular Region 1819, yielding: 210038200
[0.233s][debug][gc                   ] GC(0) ShenandoahCalculateRegionStatsClosure: adding 0 for regular Region 1820, yielding: 210038200
[0.233s][debug][gc                   ] GC(0) ShenandoahCalculateRegionStatsClosure: adding 0 for regular Region 1821, yielding: 210038200
[0.233s][debug][gc                   ] GC(0) ShenandoahCalculateRegionStatsClosure: adding 0 for regular Region 1822, yielding: 210038200
[0.233s][debug][gc                   ] GC(0) ShenandoahCalculateRegionStatsClosure: adding 0 for regular Region 1823, yielding: 210038200
[0.233s][debug][gc                   ] GC(0) ShenandoahCalculateRegionStatsClosure: adding 0 for regular Region 1824, yielding: 210038200
[0.233s][debug][gc                   ] GC(0) ShenandoahCalculateRegionStatsClosure: adding 0 for regular Region 1825, yielding: 210038200
[0.233s][debug][gc                   ] GC(0) ShenandoahCalculateRegionStatsClosure: adding 0 for regular Region 1826, yielding: 210038200
[0.233s][debug][gc                   ] GC(0) ShenandoahCalculateRegionStatsClosure: adding 0 for regular Region 1827, yielding: 210038200
[0.233s][debug][gc                   ] GC(0) ShenandoahCalculateRegionStatsClosure: adding 0 for regular Region 1828, yielding: 210038200
[0.233s][debug][gc                   ] GC(0) ShenandoahCalculateRegionStatsClosure: adding 0 for regular Region 1829, yielding: 210038200
[0.233s][debug][gc                   ] GC(0) ShenandoahCalculateRegionStatsClosure: adding 0 for regular Region 1830, yielding: 210038200
[0.233s][debug][gc                   ] GC(0) ShenandoahCalculateRegionStatsClosure: adding 0 for regular Region 1831, yielding: 210038200
[0.233s][debug][gc                   ] GC(0) ShenandoahCalculateRegionStatsClosure: adding 0 for regular Region 1832, yielding: 210038200
[0.233s][debug][gc                   ] GC(0) ShenandoahCalculateRegionStatsClosure: adding 0 for regular Region 1833, yielding: 210038200
[0.233s][debug][gc                   ] GC(0) ShenandoahCalculateRegionStatsClosure: adding 0 for regular Region 1834, yielding: 210038200
[0.233s][debug][gc                   ] GC(0) ShenandoahCalculateRegionStatsClosure: adding 0 for regular Region 1835, yielding: 210038200
[0.233s][debug][gc                   ] GC(0) ShenandoahCalculateRegionStatsClosure: adding 0 for regular Region 1836, yielding: 210038200
[0.233s][debug][gc                   ] GC(0) ShenandoahCalculateRegionStatsClosure: adding 0 for regular Region 1837, yielding: 210038200
[0.233s][debug][gc                   ] GC(0) ShenandoahCalculateRegionStatsClosure: adding 0 for regular Region 1838, yielding: 210038200
[0.233s][debug][gc                   ] GC(0) ShenandoahCalculateRegionStatsClosure: adding 0 for regular Region 1839, yielding: 210038200
[0.233s][debug][gc                   ] GC(0) ShenandoahCalculateRegionStatsClosure: adding 0 for regular Region 1840, yielding: 210038200
[0.233s][debug][gc                   ] GC(0) ShenandoahCalculateRegionStatsClosure: adding 0 for regular Region 1841, yielding: 210038200
[0.233s][debug][gc                   ] GC(0) ShenandoahCalculateRegionStatsClosure: adding 0 for regular Region 1842, yielding: 210038200
[0.233s][debug][gc                   ] GC(0) ShenandoahCalculateRegionStatsClosure: adding 0 for regular Region 1843, yielding: 210038200
[0.233s][debug][gc                   ] GC(0) ShenandoahCalculateRegionStatsClosure: adding 0 for regular Region 1844, yielding: 210038200
[0.233s][debug][gc                   ] GC(0) ShenandoahCalculateRegionStatsClosure: adding 0 for regular Region 1845, yielding: 210038200
[0.233s][debug][gc                   ] GC(0) ShenandoahCalculateRegionStatsClosure: adding 0 for regular Region 1846, yielding: 210038200
[0.233s][debug][gc                   ] GC(0) ShenandoahCalculateRegionStatsClosure: adding 0 for regular Region 1847, yielding: 210038200
[0.233s][debug][gc                   ] GC(0) ShenandoahCalculateRegionStatsClosure: adding 0 for regular Region 1848, yielding: 210038200
[0.233s][debug][gc                   ] GC(0) ShenandoahCalculateRegionStatsClosure: adding 0 for regular Region 1849, yielding: 210038200
[0.233s][debug][gc                   ] GC(0) ShenandoahCalculateRegionStatsClosure: adding 0 for regular Region 1850, yielding: 210038200
[0.233s][debug][gc                   ] GC(0) ShenandoahCalculateRegionStatsClosure: adding 0 for regular Region 1851, yielding: 210038200
[0.233s][debug][gc                   ] GC(0) ShenandoahCalculateRegionStatsClosure: adding 0 for regular Region 1852, yielding: 210038200
[0.233s][debug][gc                   ] GC(0) ShenandoahCalculateRegionStatsClosure: adding 0 for regular Region 1853, yielding: 210038200
[0.233s][debug][gc                   ] GC(0) ShenandoahCalculateRegionStatsClosure: adding 0 for regular Region 1854, yielding: 210038200
[0.233s][debug][gc                   ] GC(0) ShenandoahCalculateRegionStatsClosure: adding 0 for regular Region 1855, yielding: 210038200
[0.233s][debug][gc                   ] GC(0) ShenandoahCalculateRegionStatsClosure: adding 0 for regular Region 1856, yielding: 210038200
[0.233s][debug][gc                   ] GC(0) ShenandoahCalculateRegionStatsClosure: adding 0 for regular Region 1857, yielding: 210038200
[0.233s][debug][gc                   ] GC(0) ShenandoahCalculateRegionStatsClosure: adding 0 for regular Region 1858, yielding: 210038200
[0.233s][debug][gc                   ] GC(0) ShenandoahCalculateRegionStatsClosure: adding 0 for regular Region 1859, yielding: 210038200
[0.233s][debug][gc                   ] GC(0) ShenandoahCalculateRegionStatsClosure: adding 0 for regular Region 1860, yielding: 210038200
[0.233s][debug][gc                   ] GC(0) ShenandoahCalculateRegionStatsClosure: adding 0 for regular Region 1861, yielding: 210038200
[0.233s][debug][gc                   ] GC(0) ShenandoahCalculateRegionStatsClosure: adding 0 for regular Region 1862, yielding: 210038200
[0.233s][debug][gc                   ] GC(0) ShenandoahCalculateRegionStatsClosure: adding 0 for regular Region 1863, yielding: 210038200
[0.233s][debug][gc                   ] GC(0) ShenandoahCalculateRegionStatsClosure: adding 0 for regular Region 1864, yielding: 210038200
[0.233s][debug][gc                   ] GC(0) ShenandoahCalculateRegionStatsClosure: adding 0 for regular Region 1865, yielding: 210038200
[0.233s][debug][gc                   ] GC(0) ShenandoahCalculateRegionStatsClosure: adding 0 for regular Region 1866, yielding: 210038200
[0.233s][debug][gc                   ] GC(0) ShenandoahCalculateRegionStatsClosure: adding 0 for regular Region 1867, yielding: 210038200
[0.233s][debug][gc                   ] GC(0) ShenandoahCalculateRegionStatsClosure: adding 0 for regular Region 1868, yielding: 210038200
[0.233s][debug][gc                   ] GC(0) ShenandoahCalculateRegionStatsClosure: adding 0 for regular Region 1869, yielding: 210038200
[0.233s][debug][gc                   ] GC(0) ShenandoahCalculateRegionStatsClosure: adding 0 for regular Region 1870, yielding: 210038200
[0.233s][debug][gc                   ] GC(0) ShenandoahCalculateRegionStatsClosure: adding 0 for regular Region 1871, yielding: 210038200
[0.233s][debug][gc                   ] GC(0) ShenandoahCalculateRegionStatsClosure: adding 0 for regular Region 1872, yielding: 210038200
[0.233s][debug][gc                   ] GC(0) ShenandoahCalculateRegionStatsClosure: adding 0 for regular Region 1873, yielding: 210038200
[0.233s][debug][gc                   ] GC(0) ShenandoahCalculateRegionStatsClosure: adding 0 for regular Region 1874, yielding: 210038200
[0.233s][debug][gc                   ] GC(0) ShenandoahCalculateRegionStatsClosure: adding 0 for regular Region 1875, yielding: 210038200
[0.233s][debug][gc                   ] GC(0) ShenandoahCalculateRegionStatsClosure: adding 0 for regular Region 1876, yielding: 210038200
[0.233s][debug][gc                   ] GC(0) ShenandoahCalculateRegionStatsClosure: adding 0 for regular Region 1877, yielding: 210038200
[0.233s][debug][gc                   ] GC(0) ShenandoahCalculateRegionStatsClosure: adding 0 for regular Region 1878, yielding: 210038200
[0.233s][debug][gc                   ] GC(0) ShenandoahCalculateRegionStatsClosure: adding 0 for regular Region 1879, yielding: 210038200
[0.233s][debug][gc                   ] GC(0) ShenandoahCalculateRegionStatsClosure: adding 0 for regular Region 1880, yielding: 210038200
[0.233s][debug][gc                   ] GC(0) ShenandoahCalculateRegionStatsClosure: adding 0 for regular Region 1881, yielding: 210038200
[0.233s][debug][gc                   ] GC(0) ShenandoahCalculateRegionStatsClosure: adding 0 for regular Region 1882, yielding: 210038200
[0.233s][debug][gc                   ] GC(0) ShenandoahCalculateRegionStatsClosure: adding 0 for regular Region 1883, yielding: 210038200
[0.233s][debug][gc                   ] GC(0) ShenandoahCalculateRegionStatsClosure: adding 295960 for regular Region 1884, yielding: 210334160
[0.233s][debug][gc                   ] GC(0) ShenandoahCalculateRegionStatsClosure: adding 268504 for regular Region 1885, yielding: 210602664
[0.233s][debug][gc                   ] GC(0) ShenandoahCalculateRegionStatsClosure: adding 501072 for regular Region 1886, yielding: 211103736
[0.233s][debug][gc                   ] GC(0) ShenandoahCalculateRegionStatsClosure: adding 341456 for regular Region 1887, yielding: 211445192
[0.233s][debug][gc                   ] GC(0) ShenandoahCalculateRegionStatsClosure: adding 498688 for regular Region 1888, yielding: 211943880
[0.233s][debug][gc                   ] GC(0) ShenandoahCalculateRegionStatsClosure: adding 523472 for regular Region 1889, yielding: 212467352
[0.233s][debug][gc                   ] GC(0) ShenandoahCalculateRegionStatsClosure: adding 522152 for regular Region 1890, yielding: 212989504
[0.233s][debug][gc                   ] GC(0) ShenandoahCalculateRegionStatsClosure: adding 387552 for regular Region 1891, yielding: 213377056
[0.233s][debug][gc                   ] GC(0) ShenandoahCalculateRegionStatsClosure: adding 444624 for regular Region 1892, yielding: 213821680
[0.233s][debug][gc                   ] GC(0) ShenandoahCalculateRegionStatsClosure: adding 507696 for regular Region 1893, yielding: 214329376
[0.233s][debug][gc                   ] GC(0) ShenandoahCalculateRegionStatsClosure: adding 466936 for regular Region 1894, yielding: 214796312
[0.233s][debug][gc                   ] GC(0) ShenandoahCalculateRegionStatsClosure: adding 504920 for regular Region 1895, yielding: 215301232
[0.233s][debug][gc                   ] GC(0) ShenandoahCalculateRegionStatsClosure: adding 508504 for regular Region 1896, yielding: 215809736
[0.233s][debug][gc                   ] GC(0) ShenandoahCalculateRegionStatsClosure: adding 412552 for regular Region 1897, yielding: 216222288
[0.233s][debug][gc                   ] GC(0) ShenandoahCalculateRegionStatsClosure: adding 504232 for regular Region 1898, yielding: 216726520
[0.233s][debug][gc                   ] GC(0) ShenandoahCalculateRegionStatsClosure: adding 460336 for regular Region 1899, yielding: 217186856
[0.233s][debug][gc                   ] GC(0) ShenandoahCalculateRegionStatsClosure: adding 522112 for regular Region 1900, yielding: 217708968
[0.233s][debug][gc                   ] GC(0) ShenandoahCalculateRegionStatsClosure: adding 443448 for regular Region 1901, yielding: 218152416
[0.233s][debug][gc                   ] GC(0) ShenandoahCalculateRegionStatsClosure: adding 522640 for regular Region 1902, yielding: 218675056
[0.233s][debug][gc                   ] GC(0) ShenandoahCalculateRegionStatsClosure: adding 493912 for regular Region 1903, yielding: 219168968
[0.233s][debug][gc                   ] GC(0) ShenandoahCalculateRegionStatsClosure: adding 484112 for regular Region 1904, yielding: 219653080
[0.233s][debug][gc                   ] GC(0) ShenandoahCalculateRegionStatsClosure: adding 494904 for regular Region 1905, yielding: 220147984
[0.233s][debug][gc                   ] GC(0) ShenandoahCalculateRegionStatsClosure: adding 509912 for regular Region 1906, yielding: 220657896
[0.233s][debug][gc                   ] GC(0) ShenandoahCalculateRegionStatsClosure: adding 468640 for regular Region 1907, yielding: 221126536
[0.233s][debug][gc                   ] GC(0) ShenandoahCalculateRegionStatsClosure: adding 507320 for regular Region 1908, yielding: 221633856
[0.233s][debug][gc                   ] GC(0) ShenandoahCalculateRegionStatsClosure: adding 439560 for regular Region 1909, yielding: 222073416
[0.233s][debug][gc                   ] GC(0) ShenandoahCalculateRegionStatsClosure: adding 524288 for regular Region 1910, yielding: 222597704
[0.233s][debug][gc                   ] GC(0) ShenandoahCalculateRegionStatsClosure: adding 486696 for regular Region 1911, yielding: 223084400
[0.233s][debug][gc                   ] GC(0) ShenandoahCalculateRegionStatsClosure: adding 508872 for regular Region 1912, yielding: 223593272
[0.233s][debug][gc                   ] GC(0) ShenandoahCalculateRegionStatsClosure: adding 453704 for regular Region 1913, yielding: 224046976
[0.233s][debug][gc                   ] GC(0) ShenandoahCalculateRegionStatsClosure: adding 467448 for regular Region 1914, yielding: 224514424
[0.233s][debug][gc                   ] GC(0) ShenandoahCalculateRegionStatsClosure: adding 460680 for regular Region 1915, yielding: 224975104
[0.233s][debug][gc                   ] GC(0) ShenandoahCalculateRegionStatsClosure: adding 465696 for regular Region 1916, yielding: 225440800
[0.233s][debug][gc                   ] GC(0) ShenandoahCalculateRegionStatsClosure: adding 481696 for regular Region 1917, yielding: 225922496
[0.233s][debug][gc                   ] GC(0) ShenandoahCalculateRegionStatsClosure: adding 463240 for regular Region 1918, yielding: 226385736
[0.233s][debug][gc                   ] GC(0) ShenandoahCalculateRegionStatsClosure: adding 502600 for regular Region 1919, yielding: 226888336
[0.233s][debug][gc                   ] GC(0) ShenandoahCalculateRegionStatsClosure: adding 486728 for regular Region 1920, yielding: 227375064
[0.233s][debug][gc                   ] GC(0) ShenandoahCalculateRegionStatsClosure: adding 486168 for regular Region 1921, yielding: 227861232
[0.233s][debug][gc                   ] GC(0) ShenandoahCalculateRegionStatsClosure: adding 501984 for regular Region 1922, yielding: 228363216
[0.233s][debug][gc                   ] GC(0) ShenandoahCalculateRegionStatsClosure: adding 519920 for regular Region 1923, yielding: 228883136
[0.233s][debug][gc                   ] GC(0) ShenandoahCalculateRegionStatsClosure: adding 507912 for regular Region 1924, yielding: 229391048
[0.233s][debug][gc                   ] GC(0) ShenandoahCalculateRegionStatsClosure: adding 522072 for regular Region 1925, yielding: 229913120
[0.233s][debug][gc                   ] GC(0) ShenandoahCalculateRegionStatsClosure: adding 439144 for regular Region 1926, yielding: 230352264
[0.233s][debug][gc                   ] GC(0) ShenandoahCalculateRegionStatsClosure: adding 439936 for regular Region 1927, yielding: 230792200
[0.233s][debug][gc                   ] GC(0) ShenandoahCalculateRegionStatsClosure: adding 498304 for regular Region 1928, yielding: 231290504
[0.233s][debug][gc                   ] GC(0) ShenandoahCalculateRegionStatsClosure: adding 504936 for regular Region 1929, yielding: 231795440
[0.233s][debug][gc                   ] GC(0) ShenandoahCalculateRegionStatsClosure: adding 517480 for regular Region 1930, yielding: 232312920
[0.233s][debug][gc                   ] GC(0) ShenandoahCalculateRegionStatsClosure: adding 467872 for regular Region 1931, yielding: 232780792
[0.233s][debug][gc                   ] GC(0) ShenandoahCalculateRegionStatsClosure: adding 479384 for regular Region 1932, yielding: 233260176
[0.233s][debug][gc                   ] GC(0) ShenandoahCalculateRegionStatsClosure: adding 481200 for regular Region 1933, yielding: 233741376
[0.233s][debug][gc                   ] GC(0) ShenandoahCalculateRegionStatsClosure: adding 443504 for regular Region 1934, yielding: 234184880
[0.233s][debug][gc                   ] GC(0) ShenandoahCalculateRegionStatsClosure: adding 514128 for regular Region 1935, yielding: 234699008
[0.233s][debug][gc                   ] GC(0) ShenandoahCalculateRegionStatsClosure: adding 524288 for regular Region 1936, yielding: 235223296
[0.233s][debug][gc                   ] GC(0) ShenandoahCalculateRegionStatsClosure: adding 524288 for regular Region 1937, yielding: 235747584
[0.233s][debug][gc                   ] GC(0) ShenandoahCalculateRegionStatsClosure: adding 524288 for regular Region 1938, yielding: 236271872
[0.233s][debug][gc                   ] GC(0) ShenandoahCalculateRegionStatsClosure: adding 524288 for regular Region 1939, yielding: 236796160
[0.233s][debug][gc                   ] GC(0) ShenandoahCalculateRegionStatsClosure: adding 524288 for regular Region 1940, yielding: 237320448
[0.233s][debug][gc                   ] GC(0) ShenandoahCalculateRegionStatsClosure: adding 524288 for regular Region 1941, yielding: 237844736
[0.233s][debug][gc                   ] GC(0) ShenandoahCalculateRegionStatsClosure: adding 524288 for regular Region 1942, yielding: 238369024
[0.233s][debug][gc                   ] GC(0) ShenandoahCalculateRegionStatsClosure: adding 524288 for regular Region 1943, yielding: 238893312
[0.233s][debug][gc                   ] GC(0) ShenandoahCalculateRegionStatsClosure: adding 524288 for regular Region 1944, yielding: 239417600
[0.233s][debug][gc                   ] GC(0) ShenandoahCalculateRegionStatsClosure: adding 0 for regular Region 1945, yielding: 239417600
[0.233s][debug][gc                   ] GC(0) ShenandoahCalculateRegionStatsClosure: adding 0 for regular Region 1946, yielding: 239417600
[0.233s][debug][gc                   ] GC(0) ShenandoahCalculateRegionStatsClosure: adding 0 for regular Region 1947, yielding: 239417600
[0.233s][debug][gc                   ] GC(0) ShenandoahCalculateRegionStatsClosure: adding 0 for regular Region 1948, yielding: 239417600
[0.233s][debug][gc                   ] GC(0) ShenandoahCalculateRegionStatsClosure: adding 0 for regular Region 1949, yielding: 239417600
[0.233s][debug][gc                   ] GC(0) ShenandoahCalculateRegionStatsClosure: adding 0 for regular Region 1950, yielding: 239417600
[0.233s][debug][gc                   ] GC(0) ShenandoahCalculateRegionStatsClosure: adding 0 for regular Region 1951, yielding: 239417600
[0.233s][debug][gc                   ] GC(0) ShenandoahCalculateRegionStatsClosure: adding 0 for regular Region 1952, yielding: 239417600
[0.233s][debug][gc                   ] GC(0) ShenandoahCalculateRegionStatsClosure: adding 0 for regular Region 1953, yielding: 239417600
[0.233s][debug][gc                   ] GC(0) ShenandoahCalculateRegionStatsClosure: adding 0 for regular Region 1954, yielding: 239417600
[0.233s][debug][gc                   ] GC(0) ShenandoahCalculateRegionStatsClosure: adding 0 for regular Region 1955, yielding: 239417600
[0.233s][debug][gc                   ] GC(0) ShenandoahCalculateRegionStatsClosure: adding 0 for regular Region 1956, yielding: 239417600
[0.233s][debug][gc                   ] GC(0) ShenandoahCalculateRegionStatsClosure: adding 0 for regular Region 1957, yielding: 239417600
[0.233s][debug][gc                   ] GC(0) ShenandoahCalculateRegionStatsClosure: adding 0 for regular Region 1958, yielding: 239417600
[0.233s][debug][gc                   ] GC(0) ShenandoahCalculateRegionStatsClosure: adding 0 for regular Region 1959, yielding: 239417600
[0.233s][debug][gc                   ] GC(0) ShenandoahCalculateRegionStatsClosure: adding 0 for regular Region 1960, yielding: 239417600
[0.233s][debug][gc                   ] GC(0) ShenandoahCalculateRegionStatsClosure: adding 0 for regular Region 1961, yielding: 239417600
[0.233s][debug][gc                   ] GC(0) ShenandoahCalculateRegionStatsClosure: adding 0 for regular Region 1962, yielding: 239417600
[0.233s][debug][gc                   ] GC(0) ShenandoahCalculateRegionStatsClosure: adding 0 for regular Region 1963, yielding: 239417600
[0.233s][debug][gc                   ] GC(0) ShenandoahCalculateRegionStatsClosure: adding 0 for regular Region 1964, yielding: 239417600
[0.233s][debug][gc                   ] GC(0) ShenandoahCalculateRegionStatsClosure: adding 0 for regular Region 1965, yielding: 239417600
[0.233s][debug][gc                   ] GC(0) ShenandoahCalculateRegionStatsClosure: adding 0 for regular Region 1966, yielding: 239417600
[0.233s][debug][gc                   ] GC(0) ShenandoahCalculateRegionStatsClosure: adding 0 for regular Region 1967, yielding: 239417600
[0.233s][debug][gc                   ] GC(0) ShenandoahCalculateRegionStatsClosure: adding 0 for regular Region 1968, yielding: 239417600
[0.233s][debug][gc                   ] GC(0) ShenandoahCalculateRegionStatsClosure: adding 0 for regular Region 1969, yielding: 239417600
[0.233s][debug][gc                   ] GC(0) ShenandoahCalculateRegionStatsClosure: adding 0 for regular Region 1970, yielding: 239417600
[0.233s][debug][gc                   ] GC(0) ShenandoahCalculateRegionStatsClosure: adding 0 for regular Region 1971, yielding: 239417600
[0.233s][debug][gc                   ] GC(0) ShenandoahCalculateRegionStatsClosure: adding 0 for regular Region 1972, yielding: 239417600
[0.233s][debug][gc                   ] GC(0) ShenandoahCalculateRegionStatsClosure: adding 0 for regular Region 1973, yielding: 239417600
[0.233s][debug][gc                   ] GC(0) ShenandoahCalculateRegionStatsClosure: adding 0 for regular Region 1974, yielding: 239417600
[0.233s][debug][gc                   ] GC(0) ShenandoahCalculateRegionStatsClosure: adding 0 for regular Region 1975, yielding: 239417600
[0.233s][debug][gc                   ] GC(0) ShenandoahCalculateRegionStatsClosure: adding 0 for regular Region 1976, yielding: 239417600
[0.233s][debug][gc                   ] GC(0) ShenandoahCalculateRegionStatsClosure: adding 0 for regular Region 1977, yielding: 239417600
[0.233s][debug][gc                   ] GC(0) ShenandoahCalculateRegionStatsClosure: adding 0 for regular Region 1978, yielding: 239417600
[0.233s][debug][gc                   ] GC(0) ShenandoahCalculateRegionStatsClosure: adding 0 for regular Region 1979, yielding: 239417600
[0.233s][debug][gc                   ] GC(0) ShenandoahCalculateRegionStatsClosure: adding 0 for regular Region 1980, yielding: 239417600
[0.233s][debug][gc                   ] GC(0) ShenandoahCalculateRegionStatsClosure: adding 0 for regular Region 1981, yielding: 239417600
[0.233s][debug][gc                   ] GC(0) ShenandoahCalculateRegionStatsClosure: adding 0 for regular Region 1982, yielding: 239417600
[0.233s][debug][gc                   ] GC(0) ShenandoahCalculateRegionStatsClosure: adding 0 for regular Region 1983, yielding: 239417600
[0.233s][debug][gc                   ] GC(0) ShenandoahCalculateRegionStatsClosure: adding 0 for regular Region 1984, yielding: 239417600
[0.233s][debug][gc                   ] GC(0) ShenandoahCalculateRegionStatsClosure: adding 0 for regular Region 1985, yielding: 239417600
[0.233s][debug][gc                   ] GC(0) ShenandoahCalculateRegionStatsClosure: adding 0 for regular Region 1986, yielding: 239417600
[0.233s][debug][gc                   ] GC(0) ShenandoahCalculateRegionStatsClosure: adding 0 for regular Region 1987, yielding: 239417600
[0.233s][debug][gc                   ] GC(0) ShenandoahCalculateRegionStatsClosure: adding 0 for regular Region 1988, yielding: 239417600
[0.233s][debug][gc                   ] GC(0) ShenandoahCalculateRegionStatsClosure: adding 0 for regular Region 1989, yielding: 239417600
[0.233s][debug][gc                   ] GC(0) ShenandoahCalculateRegionStatsClosure: adding 0 for regular Region 1990, yielding: 239417600
[0.233s][debug][gc                   ] GC(0) ShenandoahCalculateRegionStatsClosure: adding 0 for regular Region 1991, yielding: 239417600
[0.233s][debug][gc                   ] GC(0) ShenandoahCalculateRegionStatsClosure: adding 0 for regular Region 1992, yielding: 239417600
[0.233s][debug][gc                   ] GC(0) ShenandoahCalculateRegionStatsClosure: adding 0 for regular Region 1993, yielding: 239417600
[0.233s][debug][gc                   ] GC(0) ShenandoahCalculateRegionStatsClosure: adding 0 for regular Region 1994, yielding: 239417600
[0.233s][debug][gc                   ] GC(0) ShenandoahCalculateRegionStatsClosure: adding 0 for regular Region 1995, yielding: 239417600
[0.233s][debug][gc                   ] GC(0) ShenandoahCalculateRegionStatsClosure: adding 0 for regular Region 1996, yielding: 239417600
[0.233s][debug][gc                   ] GC(0) ShenandoahCalculateRegionStatsClosure: adding 0 for regular Region 1997, yielding: 239417600
[0.233s][debug][gc                   ] GC(0) ShenandoahCalculateRegionStatsClosure: adding 0 for regular Region 1998, yielding: 239417600
[0.233s][debug][gc                   ] GC(0) ShenandoahCalculateRegionStatsClosure: adding 0 for regular Region 1999, yielding: 239417600
[0.233s][debug][gc                   ] GC(0) ShenandoahCalculateRegionStatsClosure: adding 0 for regular Region 2000, yielding: 239417600
[0.233s][debug][gc                   ] GC(0) ShenandoahCalculateRegionStatsClosure: adding 0 for regular Region 2001, yielding: 239417600
[0.233s][debug][gc                   ] GC(0) ShenandoahCalculateRegionStatsClosure: adding 0 for regular Region 2002, yielding: 239417600
[0.233s][debug][gc                   ] GC(0) ShenandoahCalculateRegionStatsClosure: adding 0 for regular Region 2003, yielding: 239417600
[0.233s][debug][gc                   ] GC(0) ShenandoahCalculateRegionStatsClosure: adding 0 for regular Region 2004, yielding: 239417600
[0.233s][debug][gc                   ] GC(0) ShenandoahCalculateRegionStatsClosure: adding 0 for regular Region 2005, yielding: 239417600
[0.233s][debug][gc                   ] GC(0) ShenandoahCalculateRegionStatsClosure: adding 0 for regular Region 2006, yielding: 239417600
[0.233s][debug][gc                   ] GC(0) ShenandoahCalculateRegionStatsClosure: adding 0 for regular Region 2007, yielding: 239417600
[0.233s][debug][gc                   ] GC(0) ShenandoahCalculateRegionStatsClosure: adding 0 for regular Region 2008, yielding: 239417600
[0.233s][debug][gc                   ] GC(0) ShenandoahCalculateRegionStatsClosure: adding 0 for regular Region 2009, yielding: 239417600
[0.233s][debug][gc                   ] GC(0) ShenandoahCalculateRegionStatsClosure: adding 0 for regular Region 2010, yielding: 239417600
[0.233s][debug][gc                   ] GC(0) ShenandoahCalculateRegionStatsClosure: adding 0 for regular Region 2011, yielding: 239417600
[0.233s][debug][gc                   ] GC(0) ShenandoahCalculateRegionStatsClosure: adding 0 for regular Region 2012, yielding: 239417600
[0.233s][debug][gc                   ] GC(0) ShenandoahCalculateRegionStatsClosure: adding 0 for regular Region 2013, yielding: 239417600
[0.233s][debug][gc                   ] GC(0) ShenandoahCalculateRegionStatsClosure: adding 0 for regular Region 2014, yielding: 239417600
[0.233s][debug][gc                   ] GC(0) ShenandoahCalculateRegionStatsClosure: adding 0 for regular Region 2015, yielding: 239417600
[0.233s][debug][gc                   ] GC(0) ShenandoahCalculateRegionStatsClosure: adding 0 for regular Region 2016, yielding: 239417600
[0.233s][debug][gc                   ] GC(0) ShenandoahCalculateRegionStatsClosure: adding 0 for regular Region 2017, yielding: 239417600
[0.233s][debug][gc                   ] GC(0) ShenandoahCalculateRegionStatsClosure: adding 0 for regular Region 2018, yielding: 239417600
[0.233s][debug][gc                   ] GC(0) ShenandoahCalculateRegionStatsClosure: adding 0 for regular Region 2019, yielding: 239417600
[0.233s][debug][gc                   ] GC(0) ShenandoahCalculateRegionStatsClosure: adding 0 for regular Region 2020, yielding: 239417600
[0.233s][debug][gc                   ] GC(0) ShenandoahCalculateRegionStatsClosure: adding 0 for regular Region 2021, yielding: 239417600
[0.233s][debug][gc                   ] GC(0) ShenandoahCalculateRegionStatsClosure: adding 0 for regular Region 2022, yielding: 239417600
[0.233s][debug][gc                   ] GC(0) ShenandoahCalculateRegionStatsClosure: adding 0 for regular Region 2023, yielding: 239417600
[0.233s][debug][gc                   ] GC(0) ShenandoahCalculateRegionStatsClosure: adding 0 for regular Region 2024, yielding: 239417600
[0.233s][debug][gc                   ] GC(0) ShenandoahCalculateRegionStatsClosure: adding 0 for regular Region 2025, yielding: 239417600
[0.233s][debug][gc                   ] GC(0) ShenandoahCalculateRegionStatsClosure: adding 0 for regular Region 2026, yielding: 239417600
[0.233s][debug][gc                   ] GC(0) ShenandoahCalculateRegionStatsClosure: adding 0 for regular Region 2027, yielding: 239417600
[0.233s][debug][gc                   ] GC(0) ShenandoahCalculateRegionStatsClosure: adding 0 for regular Region 2028, yielding: 239417600
[0.233s][debug][gc                   ] GC(0) ShenandoahCalculateRegionStatsClosure: adding 0 for regular Region 2029, yielding: 239417600
[0.233s][debug][gc                   ] GC(0) ShenandoahCalculateRegionStatsClosure: adding 0 for regular Region 2030, yielding: 239417600
[0.233s][debug][gc                   ] GC(0) ShenandoahCalculateRegionStatsClosure: adding 0 for regular Region 2031, yielding: 239417600
[0.233s][debug][gc                   ] GC(0) ShenandoahCalculateRegionStatsClosure: adding 0 for regular Region 2032, yielding: 239417600
[0.233s][debug][gc                   ] GC(0) ShenandoahCalculateRegionStatsClosure: adding 0 for regular Region 2033, yielding: 239417600
[0.233s][debug][gc                   ] GC(0) ShenandoahCalculateRegionStatsClosure: adding 0 for regular Region 2034, yielding: 239417600
[0.233s][debug][gc                   ] GC(0) ShenandoahCalculateRegionStatsClosure: adding 0 for regular Region 2035, yielding: 239417600
[0.233s][debug][gc                   ] GC(0) ShenandoahCalculateRegionStatsClosure: adding 0 for regular Region 2036, yielding: 239417600
[0.233s][debug][gc                   ] GC(0) ShenandoahCalculateRegionStatsClosure: adding 0 for regular Region 2037, yielding: 239417600
[0.233s][debug][gc                   ] GC(0) ShenandoahCalculateRegionStatsClosure: adding 0 for regular Region 2038, yielding: 239417600
[0.233s][debug][gc                   ] GC(0) ShenandoahCalculateRegionStatsClosure: adding 0 for regular Region 2039, yielding: 239417600
[0.233s][debug][gc                   ] GC(0) ShenandoahCalculateRegionStatsClosure: adding 0 for regular Region 2040, yielding: 239417600
[0.233s][debug][gc                   ] GC(0) ShenandoahCalculateRegionStatsClosure: adding 0 for regular Region 2041, yielding: 239417600
[0.233s][debug][gc                   ] GC(0) ShenandoahCalculateRegionStatsClosure: adding 0 for regular Region 2042, yielding: 239417600
[0.233s][debug][gc                   ] GC(0) ShenandoahCalculateRegionStatsClosure: adding 0 for regular Region 2043, yielding: 239417600
[0.233s][debug][gc                   ] GC(0) ShenandoahCalculateRegionStatsClosure: adding 0 for regular Region 2044, yielding: 239417600
[0.233s][debug][gc                   ] GC(0) ShenandoahCalculateRegionStatsClosure: adding 0 for regular Region 2045, yielding: 239417600
[0.233s][debug][gc                   ] GC(0) ShenandoahCalculateRegionStatsClosure: adding 0 for regular Region 2046, yielding: 239417600
[0.233s][debug][gc                   ] GC(0) ShenandoahCalculateRegionStatsClosure: adding 0 for regular Region 2047, yielding: 239417600
[0.233s][debug][gc                   ] GC(0) Safepoint verification finished heap usage verification
[0.233s][debug][gc                   ] GC(0) Safepoint verification of remembered set at mark
[0.233s][debug][gc                   ] GC(0) Verifying remembered set at young mark
[0.233s][debug][gc                   ] GC(0) ShenandoahCalculateRegionStatsClosure: adding 524288 for humongous Region 0, yielding: 524288
[0.233s][debug][gc                   ] GC(0) ShenandoahCalculateRegionStatsClosure: adding 524288 for humongous Region 0, yielding: 524288
[0.233s][debug][gc                   ] GC(0) ShenandoahCalculateRegionStatsClosure: adding 524288 for humongous Region 1, yielding: 1048576
[0.233s][debug][gc                   ] GC(0) ShenandoahCalculateRegionStatsClosure: adding 524288 for humongous Region 1, yielding: 1048576
[0.233s][debug][gc                   ] GC(0) ShenandoahCalculateRegionStatsClosure: adding 522912 for humongous Region 2, yielding: 1571488
[0.233s][debug][gc                   ] GC(0) ShenandoahCalculateRegionStatsClosure: adding 522912 for humongous Region 2, yielding: 1571488
[0.233s][debug][gc                   ] GC(0) ShenandoahCalculateRegionStatsClosure: adding 524288 for humongous Region 3, yielding: 2095776
[0.233s][debug][gc                   ] GC(0) ShenandoahCalculateRegionStatsClosure: adding 524288 for humongous Region 3, yielding: 2095776
[0.233s][debug][gc                   ] GC(0) ShenandoahCalculateRegionStatsClosure: adding 29136 for humongous Region 4, yielding: 2124912
[0.233s][debug][gc                   ] GC(0) ShenandoahCalculateRegionStatsClosure: adding 29136 for humongous Region 4, yielding: 2124912
[0.233s][debug][gc                   ] GC(0) ShenandoahCalculateRegionStatsClosure: adding 524288 for humongous Region 5, yielding: 2649200
[0.233s][debug][gc                   ] GC(0) ShenandoahCalculateRegionStatsClosure: adding 524288 for humongous Region 5, yielding: 2649200
[0.233s][debug][gc                   ] GC(0) ShenandoahCalculateRegionStatsClosure: adding 524288 for humongous Region 6, yielding: 3173488
[0.233s][debug][gc                   ] GC(0) ShenandoahCalculateRegionStatsClosure: adding 524288 for humongous Region 6, yielding: 3173488
[0.233s][debug][gc                   ] GC(0) ShenandoahCalculateRegionStatsClosure: adding 321648 for humongous Region 7, yielding: 3495136
[0.233s][debug][gc                   ] GC(0) ShenandoahCalculateRegionStatsClosure: adding 321648 for humongous Region 7, yielding: 3495136
[0.233s][debug][gc                   ] GC(0) ShenandoahCalculateRegionStatsClosure: adding 524288 for humongous Region 8, yielding: 4019424
[0.233s][debug][gc                   ] GC(0) ShenandoahCalculateRegionStatsClosure: adding 524288 for humongous Region 8, yielding: 4019424
[0.233s][debug][gc                   ] GC(0) ShenandoahCalculateRegionStatsClosure: adding 524288 for humongous Region 9, yielding: 4543712
[0.233s][debug][gc                   ] GC(0) ShenandoahCalculateRegionStatsClosure: adding 524288 for humongous Region 9, yielding: 4543712
[0.233s][debug][gc                   ] GC(0) ShenandoahCalculateRegionStatsClosure: adding 246672 for humongous Region 10, yielding: 4790384
[0.233s][debug][gc                   ] GC(0) ShenandoahCalculateRegionStatsClosure: adding 246672 for humongous Region 10, yielding: 4790384
[0.233s][debug][gc                   ] GC(0) ShenandoahCalculateRegionStatsClosure: adding 524288 for humongous Region 11, yielding: 5314672
[0.233s][debug][gc                   ] GC(0) ShenandoahCalculateRegionStatsClosure: adding 524288 for humongous Region 11, yielding: 5314672
[0.233s][debug][gc                   ] GC(0) ShenandoahCalculateRegionStatsClosure: adding 524288 for humongous Region 12, yielding: 5838960
[0.233s][debug][gc                   ] GC(0) ShenandoahCalculateRegionStatsClosure: adding 524288 for humongous Region 12, yielding: 5838960
[0.233s][debug][gc                   ] GC(0) ShenandoahCalculateRegionStatsClosure: adding 292144 for humongous Region 13, yielding: 6131104
[0.233s][debug][gc                   ] GC(0) ShenandoahCalculateRegionStatsClosure: adding 292144 for humongous Region 13, yielding: 6131104
[0.233s][debug][gc                   ] GC(0) ShenandoahCalculateRegionStatsClosure: adding 524288 for humongous Region 14, yielding: 6655392
[0.233s][debug][gc                   ] GC(0) ShenandoahCalculateRegionStatsClosure: adding 524288 for humongous Region 14, yielding: 6655392
[0.233s][debug][gc                   ] GC(0) ShenandoahCalculateRegionStatsClosure: adding 524288 for humongous Region 15, yielding: 7179680
[0.233s][debug][gc                   ] GC(0) ShenandoahCalculateRegionStatsClosure: adding 524288 for humongous Region 15, yielding: 7179680
[0.233s][debug][gc                   ] GC(0) ShenandoahCalculateRegionStatsClosure: adding 387520 for humongous Region 16, yielding: 7567200
[0.233s][debug][gc                   ] GC(0) ShenandoahCalculateRegionStatsClosure: adding 387520 for humongous Region 16, yielding: 7567200
[0.233s][debug][gc                   ] GC(0) ShenandoahCalculateRegionStatsClosure: adding 524288 for humongous Region 17, yielding: 8091488
[0.233s][debug][gc                   ] GC(0) ShenandoahCalculateRegionStatsClosure: adding 524288 for humongous Region 17, yielding: 8091488
[0.233s][debug][gc                   ] GC(0) ShenandoahCalculateRegionStatsClosure: adding 524288 for humongous Region 18, yielding: 8615776
[0.233s][debug][gc                   ] GC(0) ShenandoahCalculateRegionStatsClosure: adding 524288 for humongous Region 18, yielding: 8615776
[0.233s][debug][gc                   ] GC(0) ShenandoahCalculateRegionStatsClosure: adding 471832 for humongous Region 19, yielding: 9087608
[0.233s][debug][gc                   ] GC(0) ShenandoahCalculateRegionStatsClosure: adding 471832 for humongous Region 19, yielding: 9087608
[0.233s][debug][gc                   ] GC(0) ShenandoahCalculateRegionStatsClosure: adding 524288 for humongous Region 20, yielding: 9611896
[0.233s][debug][gc                   ] GC(0) ShenandoahCalculateRegionStatsClosure: adding 524288 for humongous Region 20, yielding: 9611896
[0.233s][debug][gc                   ] GC(0) ShenandoahCalculateRegionStatsClosure: adding 524288 for humongous Region 21, yielding: 10136184
[0.233s][debug][gc                   ] GC(0) ShenandoahCalculateRegionStatsClosure: adding 524288 for humongous Region 21, yielding: 10136184
[0.233s][debug][gc                   ] GC(0) ShenandoahCalculateRegionStatsClosure: adding 371696 for humongous Region 22, yielding: 10507880
[0.233s][debug][gc                   ] GC(0) ShenandoahCalculateRegionStatsClosure: adding 371696 for humongous Region 22, yielding: 10507880
[0.233s][debug][gc                   ] GC(0) ShenandoahCalculateRegionStatsClosure: adding 524288 for humongous Region 23, yielding: 11032168
[0.233s][debug][gc                   ] GC(0) ShenandoahCalculateRegionStatsClosure: adding 524288 for humongous Region 23, yielding: 11032168
[0.233s][debug][gc                   ] GC(0) ShenandoahCalculateRegionStatsClosure: adding 524288 for humongous Region 24, yielding: 11556456
[0.233s][debug][gc                   ] GC(0) ShenandoahCalculateRegionStatsClosure: adding 524288 for humongous Region 24, yielding: 11556456
[0.233s][debug][gc                   ] GC(0) ShenandoahCalculateRegionStatsClosure: adding 200208 for humongous Region 25, yielding: 11756664
[0.233s][debug][gc                   ] GC(0) ShenandoahCalculateRegionStatsClosure: adding 200208 for humongous Region 25, yielding: 11756664
[0.233s][debug][gc                   ] GC(0) ShenandoahCalculateRegionStatsClosure: adding 524288 for humongous Region 26, yielding: 12280952
[0.233s][debug][gc                   ] GC(0) ShenandoahCalculateRegionStatsClosure: adding 524288 for humongous Region 26, yielding: 12280952
[0.233s][debug][gc                   ] GC(0) ShenandoahCalculateRegionStatsClosure: adding 194776 for humongous Region 27, yielding: 12475728
[0.233s][debug][gc                   ] GC(0) ShenandoahCalculateRegionStatsClosure: adding 194776 for humongous Region 27, yielding: 12475728
[0.233s][debug][gc                   ] GC(0) ShenandoahCalculateRegionStatsClosure: adding 524288 for humongous Region 28, yielding: 13000016
[0.233s][debug][gc                   ] GC(0) ShenandoahCalculateRegionStatsClosure: adding 524288 for humongous Region 28, yielding: 13000016
[0.233s][debug][gc                   ] GC(0) ShenandoahCalculateRegionStatsClosure: adding 419576 for humongous Region 29, yielding: 13419592
[0.233s][debug][gc                   ] GC(0) ShenandoahCalculateRegionStatsClosure: adding 419576 for humongous Region 29, yielding: 13419592
[0.233s][debug][gc                   ] GC(0) ShenandoahCalculateRegionStatsClosure: adding 524288 for humongous Region 30, yielding: 13943880
[0.233s][debug][gc                   ] GC(0) ShenandoahCalculateRegionStatsClosure: adding 524288 for humongous Region 30, yielding: 13943880
[0.233s][debug][gc                   ] GC(0) ShenandoahCalculateRegionStatsClosure: adding 523648 for humongous Region 31, yielding: 14467528
[0.233s][debug][gc                   ] GC(0) ShenandoahCalculateRegionStatsClosure: adding 523648 for humongous Region 31, yielding: 14467528
[0.233s][debug][gc                   ] GC(0) ShenandoahCalculateRegionStatsClosure: adding 524288 for humongous Region 32, yielding: 14991816
[0.233s][debug][gc                   ] GC(0) ShenandoahCalculateRegionStatsClosure: adding 524288 for humongous Region 32, yielding: 14991816
[0.233s][debug][gc                   ] GC(0) ShenandoahCalculateRegionStatsClosure: adding 524288 for humongous Region 33, yielding: 15516104
[0.233s][debug][gc                   ] GC(0) ShenandoahCalculateRegionStatsClosure: adding 524288 for humongous Region 33, yielding: 15516104
[0.233s][debug][gc                   ] GC(0) ShenandoahCalculateRegionStatsClosure: adding 314304 for humongous Region 34, yielding: 15830408
[0.233s][debug][gc                   ] GC(0) ShenandoahCalculateRegionStatsClosure: adding 314304 for humongous Region 34, yielding: 15830408
[0.233s][debug][gc                   ] GC(0) ShenandoahCalculateRegionStatsClosure: adding 524288 for humongous Region 35, yielding: 16354696
[0.233s][debug][gc                   ] GC(0) ShenandoahCalculateRegionStatsClosure: adding 524288 for humongous Region 35, yielding: 16354696
[0.233s][debug][gc                   ] GC(0) ShenandoahCalculateRegionStatsClosure: adding 524288 for humongous Region 36, yielding: 16878984
[0.233s][debug][gc                   ] GC(0) ShenandoahCalculateRegionStatsClosure: adding 524288 for humongous Region 36, yielding: 16878984
[0.233s][debug][gc                   ] GC(0) ShenandoahCalculateRegionStatsClosure: adding 225360 for humongous Region 37, yielding: 17104344
[0.233s][debug][gc                   ] GC(0) ShenandoahCalculateRegionStatsClosure: adding 225360 for humongous Region 37, yielding: 17104344
[0.233s][debug][gc                   ] GC(0) ShenandoahCalculateRegionStatsClosure: adding 524288 for humongous Region 38, yielding: 17628632
[0.233s][debug][gc                   ] GC(0) ShenandoahCalculateRegionStatsClosure: adding 524288 for humongous Region 38, yielding: 17628632
[0.233s][debug][gc                   ] GC(0) ShenandoahCalculateRegionStatsClosure: adding 10832 for humongous Region 39, yielding: 17639464
[0.233s][debug][gc                   ] GC(0) ShenandoahCalculateRegionStatsClosure: adding 10832 for humongous Region 39, yielding: 17639464
[0.233s][debug][gc                   ] GC(0) ShenandoahCalculateRegionStatsClosure: adding 524288 for humongous Region 40, yielding: 18163752
[0.233s][debug][gc                   ] GC(0) ShenandoahCalculateRegionStatsClosure: adding 524288 for humongous Region 40, yielding: 18163752
[0.233s][debug][gc                   ] GC(0) ShenandoahCalculateRegionStatsClosure: adding 197768 for humongous Region 41, yielding: 18361520
[0.233s][debug][gc                   ] GC(0) ShenandoahCalculateRegionStatsClosure: adding 197768 for humongous Region 41, yielding: 18361520
[0.233s][debug][gc                   ] GC(0) ShenandoahCalculateRegionStatsClosure: adding 524288 for humongous Region 42, yielding: 18885808
[0.233s][debug][gc                   ] GC(0) ShenandoahCalculateRegionStatsClosure: adding 524288 for humongous Region 42, yielding: 18885808
[0.233s][debug][gc                   ] GC(0) ShenandoahCalculateRegionStatsClosure: adding 524288 for humongous Region 43, yielding: 19410096
[0.233s][debug][gc                   ] GC(0) ShenandoahCalculateRegionStatsClosure: adding 524288 for humongous Region 43, yielding: 19410096
[0.233s][debug][gc                   ] GC(0) ShenandoahCalculateRegionStatsClosure: adding 45344 for humongous Region 44, yielding: 19455440
[0.233s][debug][gc                   ] GC(0) ShenandoahCalculateRegionStatsClosure: adding 45344 for humongous Region 44, yielding: 19455440
[0.233s][debug][gc                   ] GC(0) ShenandoahCalculateRegionStatsClosure: adding 524288 for humongous Region 45, yielding: 19979728
[0.233s][debug][gc                   ] GC(0) ShenandoahCalculateRegionStatsClosure: adding 524288 for humongous Region 45, yielding: 19979728
[0.233s][debug][gc                   ] GC(0) ShenandoahCalculateRegionStatsClosure: adding 248360 for humongous Region 46, yielding: 20228088
[0.233s][debug][gc                   ] GC(0) ShenandoahCalculateRegionStatsClosure: adding 248360 for humongous Region 46, yielding: 20228088
[0.233s][debug][gc                   ] GC(0) ShenandoahCalculateRegionStatsClosure: adding 524288 for humongous Region 47, yielding: 20752376
[0.233s][debug][gc                   ] GC(0) ShenandoahCalculateRegionStatsClosure: adding 524288 for humongous Region 47, yielding: 20752376
[0.233s][debug][gc                   ] GC(0) ShenandoahCalculateRegionStatsClosure: adding 211624 for humongous Region 48, yielding: 20964000
[0.233s][debug][gc                   ] GC(0) ShenandoahCalculateRegionStatsClosure: adding 211624 for humongous Region 48, yielding: 20964000
[0.233s][debug][gc                   ] GC(0) ShenandoahCalculateRegionStatsClosure: adding 524288 for humongous Region 49, yielding: 21488288
[0.233s][debug][gc                   ] GC(0) ShenandoahCalculateRegionStatsClosure: adding 524288 for humongous Region 49, yielding: 21488288
[0.233s][debug][gc                   ] GC(0) ShenandoahCalculateRegionStatsClosure: adding 524288 for humongous Region 50, yielding: 22012576
[0.233s][debug][gc                   ] GC(0) ShenandoahCalculateRegionStatsClosure: adding 524288 for humongous Region 50, yielding: 22012576
[0.233s][debug][gc                   ] GC(0) ShenandoahCalculateRegionStatsClosure: adding 434696 for humongous Region 51, yielding: 22447272
[0.233s][debug][gc                   ] GC(0) ShenandoahCalculateRegionStatsClosure: adding 434696 for humongous Region 51, yielding: 22447272
[0.233s][debug][gc                   ] GC(0) ShenandoahCalculateRegionStatsClosure: adding 524288 for humongous Region 52, yielding: 22971560
[0.233s][debug][gc                   ] GC(0) ShenandoahCalculateRegionStatsClosure: adding 524288 for humongous Region 52, yielding: 22971560
[0.233s][debug][gc                   ] GC(0) ShenandoahCalculateRegionStatsClosure: adding 505992 for humongous Region 53, yielding: 23477552
[0.233s][debug][gc                   ] GC(0) ShenandoahCalculateRegionStatsClosure: adding 505992 for humongous Region 53, yielding: 23477552
[0.233s][debug][gc                   ] GC(0) ShenandoahCalculateRegionStatsClosure: adding 524288 for humongous Region 54, yielding: 24001840
[0.233s][debug][gc                   ] GC(0) ShenandoahCalculateRegionStatsClosure: adding 524288 for humongous Region 54, yielding: 24001840
[0.233s][debug][gc                   ] GC(0) ShenandoahCalculateRegionStatsClosure: adding 201120 for humongous Region 55, yielding: 24202960
[0.233s][debug][gc                   ] GC(0) ShenandoahCalculateRegionStatsClosure: adding 201120 for humongous Region 55, yielding: 24202960
[0.233s][debug][gc                   ] GC(0) ShenandoahCalculateRegionStatsClosure: adding 524288 for humongous Region 56, yielding: 24727248
[0.233s][debug][gc                   ] GC(0) ShenandoahCalculateRegionStatsClosure: adding 524288 for humongous Region 56, yielding: 24727248
[0.233s][debug][gc                   ] GC(0) ShenandoahCalculateRegionStatsClosure: adding 524288 for humongous Region 57, yielding: 25251536
[0.233s][debug][gc                   ] GC(0) ShenandoahCalculateRegionStatsClosure: adding 524288 for humongous Region 57, yielding: 25251536
[0.233s][debug][gc                   ] GC(0) ShenandoahCalculateRegionStatsClosure: adding 499168 for humongous Region 58, yielding: 25750704
[0.233s][debug][gc                   ] GC(0) ShenandoahCalculateRegionStatsClosure: adding 499168 for humongous Region 58, yielding: 25750704
[0.233s][debug][gc                   ] GC(0) ShenandoahCalculateRegionStatsClosure: adding 524288 for humongous Region 59, yielding: 26274992
[0.233s][debug][gc                   ] GC(0) ShenandoahCalculateRegionStatsClosure: adding 524288 for humongous Region 59, yielding: 26274992
[0.233s][debug][gc                   ] GC(0) ShenandoahCalculateRegionStatsClosure: adding 22512 for humongous Region 60, yielding: 26297504
[0.234s][debug][gc                   ] GC(0) ShenandoahCalculateRegionStatsClosure: adding 22512 for humongous Region 60, yielding: 26297504
[0.234s][debug][gc                   ] GC(0) ShenandoahCalculateRegionStatsClosure: adding 524288 for humongous Region 61, yielding: 26821792
[0.234s][debug][gc                   ] GC(0) ShenandoahCalculateRegionStatsClosure: adding 524288 for humongous Region 61, yielding: 26821792
[0.234s][debug][gc                   ] GC(0) ShenandoahCalculateRegionStatsClosure: adding 524288 for humongous Region 62, yielding: 27346080
[0.234s][debug][gc                   ] GC(0) ShenandoahCalculateRegionStatsClosure: adding 524288 for humongous Region 62, yielding: 27346080
[0.234s][debug][gc                   ] GC(0) ShenandoahCalculateRegionStatsClosure: adding 98168 for humongous Region 63, yielding: 27444248
[0.234s][debug][gc                   ] GC(0) ShenandoahCalculateRegionStatsClosure: adding 98168 for humongous Region 63, yielding: 27444248
[0.234s][debug][gc                   ] GC(0) ShenandoahCalculateRegionStatsClosure: adding 524288 for humongous Region 64, yielding: 27968536
[0.234s][debug][gc                   ] GC(0) ShenandoahCalculateRegionStatsClosure: adding 524288 for humongous Region 64, yielding: 27968536
[0.234s][debug][gc                   ] GC(0) ShenandoahCalculateRegionStatsClosure: adding 524288 for humongous Region 65, yielding: 28492824
[0.234s][debug][gc                   ] GC(0) ShenandoahCalculateRegionStatsClosure: adding 524288 for humongous Region 65, yielding: 28492824
[0.234s][debug][gc                   ] GC(0) ShenandoahCalculateRegionStatsClosure: adding 48344 for humongous Region 66, yielding: 28541168
[0.234s][debug][gc                   ] GC(0) ShenandoahCalculateRegionStatsClosure: adding 48344 for humongous Region 66, yielding: 28541168
[0.234s][debug][gc                   ] GC(0) ShenandoahCalculateRegionStatsClosure: adding 524288 for humongous Region 67, yielding: 29065456
[0.234s][debug][gc                   ] GC(0) ShenandoahCalculateRegionStatsClosure: adding 524288 for humongous Region 67, yielding: 29065456
[0.234s][debug][gc                   ] GC(0) ShenandoahCalculateRegionStatsClosure: adding 460776 for humongous Region 68, yielding: 29526232
[0.234s][debug][gc                   ] GC(0) ShenandoahCalculateRegionStatsClosure: adding 460776 for humongous Region 68, yielding: 29526232
[0.234s][debug][gc                   ] GC(0) ShenandoahCalculateRegionStatsClosure: adding 524288 for humongous Region 69, yielding: 30050520
[0.234s][debug][gc                   ] GC(0) ShenandoahCalculateRegionStatsClosure: adding 524288 for humongous Region 69, yielding: 30050520
[0.234s][debug][gc                   ] GC(0) ShenandoahCalculateRegionStatsClosure: adding 136496 for humongous Region 70, yielding: 30187016
[0.234s][debug][gc                   ] GC(0) ShenandoahCalculateRegionStatsClosure: adding 136496 for humongous Region 70, yielding: 30187016
[0.234s][debug][gc                   ] GC(0) ShenandoahCalculateRegionStatsClosure: adding 524288 for humongous Region 71, yielding: 30711304
[0.234s][debug][gc                   ] GC(0) ShenandoahCalculateRegionStatsClosure: adding 524288 for humongous Region 71, yielding: 30711304
[0.234s][debug][gc                   ] GC(0) ShenandoahCalculateRegionStatsClosure: adding 524288 for humongous Region 72, yielding: 31235592
[0.234s][debug][gc                   ] GC(0) ShenandoahCalculateRegionStatsClosure: adding 524288 for humongous Region 72, yielding: 31235592
[0.234s][debug][gc                   ] GC(0) ShenandoahCalculateRegionStatsClosure: adding 189720 for humongous Region 73, yielding: 31425312
[0.234s][debug][gc                   ] GC(0) ShenandoahCalculateRegionStatsClosure: adding 189720 for humongous Region 73, yielding: 31425312
[0.234s][debug][gc                   ] GC(0) ShenandoahCalculateRegionStatsClosure: adding 524288 for humongous Region 74, yielding: 31949600
[0.234s][debug][gc                   ] GC(0) ShenandoahCalculateRegionStatsClosure: adding 524288 for humongous Region 74, yielding: 31949600
[0.234s][debug][gc                   ] GC(0) ShenandoahCalculateRegionStatsClosure: adding 524288 for humongous Region 75, yielding: 32473888
[0.234s][debug][gc                   ] GC(0) ShenandoahCalculateRegionStatsClosure: adding 524288 for humongous Region 75, yielding: 32473888
[0.234s][debug][gc                   ] GC(0) ShenandoahCalculateRegionStatsClosure: adding 169016 for humongous Region 76, yielding: 32642904
[0.234s][debug][gc                   ] GC(0) ShenandoahCalculateRegionStatsClosure: adding 169016 for humongous Region 76, yielding: 32642904
[0.234s][debug][gc                   ] GC(0) ShenandoahCalculateRegionStatsClosure: adding 524288 for humongous Region 77, yielding: 33167192
[0.234s][debug][gc                   ] GC(0) ShenandoahCalculateRegionStatsClosure: adding 524288 for humongous Region 77, yielding: 33167192
[0.234s][debug][gc                   ] GC(0) ShenandoahCalculateRegionStatsClosure: adding 524288 for humongous Region 78, yielding: 33691480
[0.234s][debug][gc                   ] GC(0) ShenandoahCalculateRegionStatsClosure: adding 524288 for humongous Region 78, yielding: 33691480
[0.234s][debug][gc                   ] GC(0) ShenandoahCalculateRegionStatsClosure: adding 165672 for humongous Region 79, yielding: 33857152
[0.234s][debug][gc                   ] GC(0) ShenandoahCalculateRegionStatsClosure: adding 165672 for humongous Region 79, yielding: 33857152
[0.234s][debug][gc                   ] GC(0) ShenandoahCalculateRegionStatsClosure: adding 524288 for humongous Region 80, yielding: 34381440
[0.234s][debug][gc                   ] GC(0) ShenandoahCalculateRegionStatsClosure: adding 524288 for humongous Region 80, yielding: 34381440
[0.234s][debug][gc                   ] GC(0) ShenandoahCalculateRegionStatsClosure: adding 524288 for humongous Region 81, yielding: 34905728
[0.234s][debug][gc                   ] GC(0) ShenandoahCalculateRegionStatsClosure: adding 524288 for humongous Region 81, yielding: 34905728
[0.234s][debug][gc                   ] GC(0) ShenandoahCalculateRegionStatsClosure: adding 490584 for humongous Region 82, yielding: 35396312
[0.234s][debug][gc                   ] GC(0) ShenandoahCalculateRegionStatsClosure: adding 490584 for humongous Region 82, yielding: 35396312
[0.234s][debug][gc                   ] GC(0) ShenandoahCalculateRegionStatsClosure: adding 524288 for humongous Region 83, yielding: 35920600
[0.234s][debug][gc                   ] GC(0) ShenandoahCalculateRegionStatsClosure: adding 524288 for humongous Region 83, yielding: 35920600
[0.234s][debug][gc                   ] GC(0) ShenandoahCalculateRegionStatsClosure: adding 524288 for humongous Region 84, yielding: 36444888
[0.234s][debug][gc                   ] GC(0) ShenandoahCalculateRegionStatsClosure: adding 524288 for humongous Region 84, yielding: 36444888
[0.234s][debug][gc                   ] GC(0) ShenandoahCalculateRegionStatsClosure: adding 69832 for humongous Region 85, yielding: 36514720
[0.234s][debug][gc                   ] GC(0) ShenandoahCalculateRegionStatsClosure: adding 69832 for humongous Region 85, yielding: 36514720
[0.234s][debug][gc                   ] GC(0) ShenandoahCalculateRegionStatsClosure: adding 524288 for humongous Region 86, yielding: 37039008
[0.234s][debug][gc                   ] GC(0) ShenandoahCalculateRegionStatsClosure: adding 524288 for humongous Region 86, yielding: 37039008
[0.234s][debug][gc                   ] GC(0) ShenandoahCalculateRegionStatsClosure: adding 147472 for humongous Region 87, yielding: 37186480
[0.234s][debug][gc                   ] GC(0) ShenandoahCalculateRegionStatsClosure: adding 147472 for humongous Region 87, yielding: 37186480
[0.234s][debug][gc                   ] GC(0) ShenandoahCalculateRegionStatsClosure: adding 524288 for humongous Region 88, yielding: 37710768
[0.234s][debug][gc                   ] GC(0) ShenandoahCalculateRegionStatsClosure: adding 524288 for humongous Region 88, yielding: 37710768
[0.234s][debug][gc                   ] GC(0) ShenandoahCalculateRegionStatsClosure: adding 524288 for humongous Region 89, yielding: 38235056
[0.234s][debug][gc                   ] GC(0) ShenandoahCalculateRegionStatsClosure: adding 524288 for humongous Region 89, yielding: 38235056
[0.234s][debug][gc                   ] GC(0) ShenandoahCalculateRegionStatsClosure: adding 334280 for humongous Region 90, yielding: 38569336
[0.234s][debug][gc                   ] GC(0) ShenandoahCalculateRegionStatsClosure: adding 334280 for humongous Region 90, yielding: 38569336
[0.234s][debug][gc                   ] GC(0) ShenandoahCalculateRegionStatsClosure: adding 524288 for humongous Region 91, yielding: 39093624
[0.234s][debug][gc                   ] GC(0) ShenandoahCalculateRegionStatsClosure: adding 524288 for humongous Region 91, yielding: 39093624
[0.234s][debug][gc                   ] GC(0) ShenandoahCalculateRegionStatsClosure: adding 524288 for humongous Region 92, yielding: 39617912
[0.234s][debug][gc                   ] GC(0) ShenandoahCalculateRegionStatsClosure: adding 524288 for humongous Region 92, yielding: 39617912
[0.234s][debug][gc                   ] GC(0) ShenandoahCalculateRegionStatsClosure: adding 263288 for humongous Region 93, yielding: 39881200
[0.234s][debug][gc                   ] GC(0) ShenandoahCalculateRegionStatsClosure: adding 263288 for humongous Region 93, yielding: 39881200
[0.234s][debug][gc                   ] GC(0) ShenandoahCalculateRegionStatsClosure: adding 524288 for humongous Region 94, yielding: 40405488
[0.234s][debug][gc                   ] GC(0) ShenandoahCalculateRegionStatsClosure: adding 524288 for humongous Region 94, yielding: 40405488
[0.234s][debug][gc                   ] GC(0) ShenandoahCalculateRegionStatsClosure: adding 524288 for humongous Region 95, yielding: 40929776
[0.234s][debug][gc                   ] GC(0) ShenandoahCalculateRegionStatsClosure: adding 524288 for humongous Region 95, yielding: 40929776
[0.234s][debug][gc                   ] GC(0) ShenandoahCalculateRegionStatsClosure: adding 282016 for humongous Region 96, yielding: 41211792
[0.234s][debug][gc                   ] GC(0) ShenandoahCalculateRegionStatsClosure: adding 282016 for humongous Region 96, yielding: 41211792
[0.234s][debug][gc                   ] GC(0) ShenandoahCalculateRegionStatsClosure: adding 524288 for humongous Region 97, yielding: 41736080
[0.234s][debug][gc                   ] GC(0) ShenandoahCalculateRegionStatsClosure: adding 524288 for humongous Region 97, yielding: 41736080
[0.234s][debug][gc                   ] GC(0) ShenandoahCalculateRegionStatsClosure: adding 524288 for humongous Region 98, yielding: 42260368
[0.234s][debug][gc                   ] GC(0) ShenandoahCalculateRegionStatsClosure: adding 524288 for humongous Region 98, yielding: 42260368
[0.234s][debug][gc                   ] GC(0) ShenandoahCalculateRegionStatsClosure: adding 339824 for humongous Region 99, yielding: 42600192
[0.234s][debug][gc                   ] GC(0) ShenandoahCalculateRegionStatsClosure: adding 339824 for humongous Region 99, yielding: 42600192
[0.234s][debug][gc                   ] GC(0) ShenandoahCalculateRegionStatsClosure: adding 524288 for humongous Region 100, yielding: 43124480
[0.234s][debug][gc                   ] GC(0) ShenandoahCalculateRegionStatsClosure: adding 524288 for humongous Region 100, yielding: 43124480
[0.234s][debug][gc                   ] GC(0) ShenandoahCalculateRegionStatsClosure: adding 524288 for humongous Region 101, yielding: 43648768
[0.234s][debug][gc                   ] GC(0) ShenandoahCalculateRegionStatsClosure: adding 524288 for humongous Region 101, yielding: 43648768
[0.234s][debug][gc                   ] GC(0) ShenandoahCalculateRegionStatsClosure: adding 306936 for humongous Region 102, yielding: 43955704
[0.234s][debug][gc                   ] GC(0) ShenandoahCalculateRegionStatsClosure: adding 306936 for humongous Region 102, yielding: 43955704
[0.234s][debug][gc                   ] GC(0) ShenandoahCalculateRegionStatsClosure: adding 524288 for humongous Region 103, yielding: 44479992
[0.234s][debug][gc                   ] GC(0) ShenandoahCalculateRegionStatsClosure: adding 524288 for humongous Region 103, yielding: 44479992
[0.234s][debug][gc                   ] GC(0) ShenandoahCalculateRegionStatsClosure: adding 524288 for humongous Region 104, yielding: 45004280
[0.234s][debug][gc                   ] GC(0) ShenandoahCalculateRegionStatsClosure: adding 524288 for humongous Region 104, yielding: 45004280
[0.234s][debug][gc                   ] GC(0) ShenandoahCalculateRegionStatsClosure: adding 231584 for humongous Region 105, yielding: 45235864
[0.234s][debug][gc                   ] GC(0) ShenandoahCalculateRegionStatsClosure: adding 231584 for humongous Region 105, yielding: 45235864
[0.234s][debug][gc                   ] GC(0) ShenandoahCalculateRegionStatsClosure: adding 524288 for humongous Region 106, yielding: 45760152
[0.234s][debug][gc                   ] GC(0) ShenandoahCalculateRegionStatsClosure: adding 524288 for humongous Region 106, yielding: 45760152
[0.234s][debug][gc                   ] GC(0) ShenandoahCalculateRegionStatsClosure: adding 448096 for humongous Region 107, yielding: 46208248
[0.234s][debug][gc                   ] GC(0) ShenandoahCalculateRegionStatsClosure: adding 448096 for humongous Region 107, yielding: 46208248
[0.234s][debug][gc                   ] GC(0) ShenandoahCalculateRegionStatsClosure: adding 524288 for humongous Region 108, yielding: 46732536
[0.234s][debug][gc                   ] GC(0) ShenandoahCalculateRegionStatsClosure: adding 524288 for humongous Region 108, yielding: 46732536
[0.234s][debug][gc                   ] GC(0) ShenandoahCalculateRegionStatsClosure: adding 524288 for humongous Region 109, yielding: 47256824
[0.234s][debug][gc                   ] GC(0) ShenandoahCalculateRegionStatsClosure: adding 524288 for humongous Region 109, yielding: 47256824
[0.234s][debug][gc                   ] GC(0) ShenandoahCalculateRegionStatsClosure: adding 370480 for humongous Region 110, yielding: 47627304
[0.234s][debug][gc                   ] GC(0) ShenandoahCalculateRegionStatsClosure: adding 370480 for humongous Region 110, yielding: 47627304
[0.234s][debug][gc                   ] GC(0) ShenandoahCalculateRegionStatsClosure: adding 524288 for humongous Region 111, yielding: 48151592
[0.234s][debug][gc                   ] GC(0) ShenandoahCalculateRegionStatsClosure: adding 524288 for humongous Region 111, yielding: 48151592
[0.234s][debug][gc                   ] GC(0) ShenandoahCalculateRegionStatsClosure: adding 524288 for humongous Region 112, yielding: 48675880
[0.234s][debug][gc                   ] GC(0) ShenandoahCalculateRegionStatsClosure: adding 524288 for humongous Region 112, yielding: 48675880
[0.234s][debug][gc                   ] GC(0) ShenandoahCalculateRegionStatsClosure: adding 307928 for humongous Region 113, yielding: 48983808
[0.234s][debug][gc                   ] GC(0) ShenandoahCalculateRegionStatsClosure: adding 307928 for humongous Region 113, yielding: 48983808
[0.234s][debug][gc                   ] GC(0) ShenandoahCalculateRegionStatsClosure: adding 524288 for humongous Region 114, yielding: 49508096
[0.234s][debug][gc                   ] GC(0) ShenandoahCalculateRegionStatsClosure: adding 524288 for humongous Region 114, yielding: 49508096
[0.234s][debug][gc                   ] GC(0) ShenandoahCalculateRegionStatsClosure: adding 524288 for humongous Region 115, yielding: 50032384
[0.234s][debug][gc                   ] GC(0) ShenandoahCalculateRegionStatsClosure: adding 524288 for humongous Region 115, yielding: 50032384
[0.234s][debug][gc                   ] GC(0) ShenandoahCalculateRegionStatsClosure: adding 490264 for humongous Region 116, yielding: 50522648
[0.234s][debug][gc                   ] GC(0) ShenandoahCalculateRegionStatsClosure: adding 490264 for humongous Region 116, yielding: 50522648
[0.234s][debug][gc                   ] GC(0) ShenandoahCalculateRegionStatsClosure: adding 524288 for humongous Region 117, yielding: 51046936
[0.234s][debug][gc                   ] GC(0) ShenandoahCalculateRegionStatsClosure: adding 524288 for humongous Region 117, yielding: 51046936
[0.234s][debug][gc                   ] GC(0) ShenandoahCalculateRegionStatsClosure: adding 524288 for humongous Region 118, yielding: 51571224
[0.234s][debug][gc                   ] GC(0) ShenandoahCalculateRegionStatsClosure: adding 524288 for humongous Region 118, yielding: 51571224
[0.234s][debug][gc                   ] GC(0) ShenandoahCalculateRegionStatsClosure: adding 42000 for humongous Region 119, yielding: 51613224
[0.234s][debug][gc                   ] GC(0) ShenandoahCalculateRegionStatsClosure: adding 42000 for humongous Region 119, yielding: 51613224
[0.234s][debug][gc                   ] GC(0) ShenandoahCalculateRegionStatsClosure: adding 524288 for humongous Region 120, yielding: 52137512
[0.234s][debug][gc                   ] GC(0) ShenandoahCalculateRegionStatsClosure: adding 524288 for humongous Region 120, yielding: 52137512
[0.234s][debug][gc                   ] GC(0) ShenandoahCalculateRegionStatsClosure: adding 48560 for humongous Region 121, yielding: 52186072
[0.234s][debug][gc                   ] GC(0) ShenandoahCalculateRegionStatsClosure: adding 48560 for humongous Region 121, yielding: 52186072
[0.234s][debug][gc                   ] GC(0) ShenandoahCalculateRegionStatsClosure: adding 524288 for humongous Region 122, yielding: 52710360
[0.234s][debug][gc                   ] GC(0) ShenandoahCalculateRegionStatsClosure: adding 524288 for humongous Region 122, yielding: 52710360
[0.234s][debug][gc                   ] GC(0) ShenandoahCalculateRegionStatsClosure: adding 524288 for humongous Region 123, yielding: 53234648
[0.234s][debug][gc                   ] GC(0) ShenandoahCalculateRegionStatsClosure: adding 524288 for humongous Region 123, yielding: 53234648
[0.234s][debug][gc                   ] GC(0) ShenandoahCalculateRegionStatsClosure: adding 523600 for humongous Region 124, yielding: 53758248
[0.234s][debug][gc                   ] GC(0) ShenandoahCalculateRegionStatsClosure: adding 523600 for humongous Region 124, yielding: 53758248
[0.234s][debug][gc                   ] GC(0) ShenandoahCalculateRegionStatsClosure: adding 524288 for humongous Region 125, yielding: 54282536
[0.234s][debug][gc                   ] GC(0) ShenandoahCalculateRegionStatsClosure: adding 524288 for humongous Region 125, yielding: 54282536
[0.234s][debug][gc                   ] GC(0) ShenandoahCalculateRegionStatsClosure: adding 524288 for humongous Region 126, yielding: 54806824
[0.234s][debug][gc                   ] GC(0) ShenandoahCalculateRegionStatsClosure: adding 524288 for humongous Region 126, yielding: 54806824
[0.234s][debug][gc                   ] GC(0) ShenandoahCalculateRegionStatsClosure: adding 84536 for humongous Region 127, yielding: 54891360
[0.234s][debug][gc                   ] GC(0) ShenandoahCalculateRegionStatsClosure: adding 84536 for humongous Region 127, yielding: 54891360
[0.234s][debug][gc                   ] GC(0) ShenandoahCalculateRegionStatsClosure: adding 524288 for humongous Region 128, yielding: 55415648
[0.234s][debug][gc                   ] GC(0) ShenandoahCalculateRegionStatsClosure: adding 524288 for humongous Region 128, yielding: 55415648
[0.234s][debug][gc                   ] GC(0) ShenandoahCalculateRegionStatsClosure: adding 524288 for humongous Region 129, yielding: 55939936
[0.234s][debug][gc                   ] GC(0) ShenandoahCalculateRegionStatsClosure: adding 524288 for humongous Region 129, yielding: 55939936
[0.234s][debug][gc                   ] GC(0) ShenandoahCalculateRegionStatsClosure: adding 228792 for humongous Region 130, yielding: 56168728
[0.234s][debug][gc                   ] GC(0) ShenandoahCalculateRegionStatsClosure: adding 228792 for humongous Region 130, yielding: 56168728
[0.234s][debug][gc                   ] GC(0) ShenandoahCalculateRegionStatsClosure: adding 524288 for humongous Region 131, yielding: 56693016
[0.234s][debug][gc                   ] GC(0) ShenandoahCalculateRegionStatsClosure: adding 524288 for humongous Region 131, yielding: 56693016
[0.234s][debug][gc                   ] GC(0) ShenandoahCalculateRegionStatsClosure: adding 524288 for humongous Region 132, yielding: 57217304
[0.234s][debug][gc                   ] GC(0) ShenandoahCalculateRegionStatsClosure: adding 524288 for humongous Region 132, yielding: 57217304
[0.234s][debug][gc                   ] GC(0) ShenandoahCalculateRegionStatsClosure: adding 60096 for humongous Region 133, yielding: 57277400
[0.234s][debug][gc                   ] GC(0) ShenandoahCalculateRegionStatsClosure: adding 60096 for humongous Region 133, yielding: 57277400
[0.234s][debug][gc                   ] GC(0) ShenandoahCalculateRegionStatsClosure: adding 524288 for humongous Region 134, yielding: 57801688
[0.234s][debug][gc                   ] GC(0) ShenandoahCalculateRegionStatsClosure: adding 524288 for humongous Region 134, yielding: 57801688
[0.234s][debug][gc                   ] GC(0) ShenandoahCalculateRegionStatsClosure: adding 524288 for humongous Region 135, yielding: 58325976
[0.234s][debug][gc                   ] GC(0) ShenandoahCalculateRegionStatsClosure: adding 524288 for humongous Region 135, yielding: 58325976
[0.234s][debug][gc                   ] GC(0) ShenandoahCalculateRegionStatsClosure: adding 513744 for humongous Region 136, yielding: 58839720
[0.234s][debug][gc                   ] GC(0) ShenandoahCalculateRegionStatsClosure: adding 513744 for humongous Region 136, yielding: 58839720
[0.234s][debug][gc                   ] GC(0) ShenandoahCalculateRegionStatsClosure: adding 524288 for humongous Region 137, yielding: 59364008
[0.234s][debug][gc                   ] GC(0) ShenandoahCalculateRegionStatsClosure: adding 524288 for humongous Region 137, yielding: 59364008
[0.234s][debug][gc                   ] GC(0) ShenandoahCalculateRegionStatsClosure: adding 524288 for humongous Region 138, yielding: 59888296
[0.234s][debug][gc                   ] GC(0) ShenandoahCalculateRegionStatsClosure: adding 524288 for humongous Region 138, yielding: 59888296
[0.234s][debug][gc                   ] GC(0) ShenandoahCalculateRegionStatsClosure: adding 212264 for humongous Region 139, yielding: 60100560
[0.234s][debug][gc                   ] GC(0) ShenandoahCalculateRegionStatsClosure: adding 212264 for humongous Region 139, yielding: 60100560
[0.234s][debug][gc                   ] GC(0) ShenandoahCalculateRegionStatsClosure: adding 524288 for humongous Region 140, yielding: 60624848
[0.234s][debug][gc                   ] GC(0) ShenandoahCalculateRegionStatsClosure: adding 524288 for humongous Region 140, yielding: 60624848
[0.234s][debug][gc                   ] GC(0) ShenandoahCalculateRegionStatsClosure: adding 210064 for humongous Region 141, yielding: 60834912
[0.234s][debug][gc                   ] GC(0) ShenandoahCalculateRegionStatsClosure: adding 210064 for humongous Region 141, yielding: 60834912
[0.234s][debug][gc                   ] GC(0) ShenandoahCalculateRegionStatsClosure: adding 524288 for humongous Region 142, yielding: 61359200
[0.234s][debug][gc                   ] GC(0) ShenandoahCalculateRegionStatsClosure: adding 524288 for humongous Region 142, yielding: 61359200
[0.234s][debug][gc                   ] GC(0) ShenandoahCalculateRegionStatsClosure: adding 524288 for humongous Region 143, yielding: 61883488
[0.234s][debug][gc                   ] GC(0) ShenandoahCalculateRegionStatsClosure: adding 524288 for humongous Region 143, yielding: 61883488
[0.234s][debug][gc                   ] GC(0) ShenandoahCalculateRegionStatsClosure: adding 231392 for humongous Region 144, yielding: 62114880
[0.234s][debug][gc                   ] GC(0) ShenandoahCalculateRegionStatsClosure: adding 231392 for humongous Region 144, yielding: 62114880
[0.234s][debug][gc                   ] GC(0) ShenandoahCalculateRegionStatsClosure: adding 524288 for humongous Region 145, yielding: 62639168
[0.234s][debug][gc                   ] GC(0) ShenandoahCalculateRegionStatsClosure: adding 524288 for humongous Region 145, yielding: 62639168
[0.234s][debug][gc                   ] GC(0) ShenandoahCalculateRegionStatsClosure: adding 114432 for humongous Region 146, yielding: 62753600
[0.234s][debug][gc                   ] GC(0) ShenandoahCalculateRegionStatsClosure: adding 114432 for humongous Region 146, yielding: 62753600
[0.234s][debug][gc                   ] GC(0) ShenandoahCalculateRegionStatsClosure: adding 524288 for humongous Region 147, yielding: 63277888
[0.234s][debug][gc                   ] GC(0) ShenandoahCalculateRegionStatsClosure: adding 524288 for humongous Region 147, yielding: 63277888
[0.234s][debug][gc                   ] GC(0) ShenandoahCalculateRegionStatsClosure: adding 524288 for humongous Region 148, yielding: 63802176
[0.234s][debug][gc                   ] GC(0) ShenandoahCalculateRegionStatsClosure: adding 524288 for humongous Region 148, yielding: 63802176
[0.234s][debug][gc                   ] GC(0) ShenandoahCalculateRegionStatsClosure: adding 340488 for humongous Region 149, yielding: 64142664
[0.234s][debug][gc                   ] GC(0) ShenandoahCalculateRegionStatsClosure: adding 340488 for humongous Region 149, yielding: 64142664
[0.234s][debug][gc                   ] GC(0) ShenandoahCalculateRegionStatsClosure: adding 524288 for humongous Region 150, yielding: 64666952
[0.234s][debug][gc                   ] GC(0) ShenandoahCalculateRegionStatsClosure: adding 524288 for humongous Region 150, yielding: 64666952
[0.234s][debug][gc                   ] GC(0) ShenandoahCalculateRegionStatsClosure: adding 524288 for humongous Region 151, yielding: 65191240
[0.234s][debug][gc                   ] GC(0) ShenandoahCalculateRegionStatsClosure: adding 524288 for humongous Region 151, yielding: 65191240
[0.234s][debug][gc                   ] GC(0) ShenandoahCalculateRegionStatsClosure: adding 8328 for humongous Region 152, yielding: 65199568
[0.234s][debug][gc                   ] GC(0) ShenandoahCalculateRegionStatsClosure: adding 8328 for humongous Region 152, yielding: 65199568
[0.234s][debug][gc                   ] GC(0) ShenandoahCalculateRegionStatsClosure: adding 524288 for humongous Region 153, yielding: 65723856
[0.234s][debug][gc                   ] GC(0) ShenandoahCalculateRegionStatsClosure: adding 524288 for humongous Region 153, yielding: 65723856
[0.234s][debug][gc                   ] GC(0) ShenandoahCalculateRegionStatsClosure: adding 524288 for humongous Region 154, yielding: 66248144
[0.234s][debug][gc                   ] GC(0) ShenandoahCalculateRegionStatsClosure: adding 524288 for humongous Region 154, yielding: 66248144
[0.234s][debug][gc                   ] GC(0) ShenandoahCalculateRegionStatsClosure: adding 481768 for humongous Region 155, yielding: 66729912
[0.234s][debug][gc                   ] GC(0) ShenandoahCalculateRegionStatsClosure: adding 481768 for humongous Region 155, yielding: 66729912
[0.234s][debug][gc                   ] GC(0) ShenandoahCalculateRegionStatsClosure: adding 524288 for humongous Region 156, yielding: 67254200
[0.234s][debug][gc                   ] GC(0) ShenandoahCalculateRegionStatsClosure: adding 524288 for humongous Region 156, yielding: 67254200
[0.234s][debug][gc                   ] GC(0) ShenandoahCalculateRegionStatsClosure: adding 237624 for humongous Region 157, yielding: 67491824
[0.234s][debug][gc                   ] GC(0) ShenandoahCalculateRegionStatsClosure: adding 237624 for humongous Region 157, yielding: 67491824
[0.234s][debug][gc                   ] GC(0) ShenandoahCalculateRegionStatsClosure: adding 524288 for humongous Region 158, yielding: 68016112
[0.234s][debug][gc                   ] GC(0) ShenandoahCalculateRegionStatsClosure: adding 524288 for humongous Region 158, yielding: 68016112
[0.234s][debug][gc                   ] GC(0) ShenandoahCalculateRegionStatsClosure: adding 524288 for humongous Region 159, yielding: 68540400
[0.234s][debug][gc                   ] GC(0) ShenandoahCalculateRegionStatsClosure: adding 524288 for humongous Region 159, yielding: 68540400
[0.234s][debug][gc                   ] GC(0) ShenandoahCalculateRegionStatsClosure: adding 355960 for humongous Region 160, yielding: 68896360
[0.234s][debug][gc                   ] GC(0) ShenandoahCalculateRegionStatsClosure: adding 355960 for humongous Region 160, yielding: 68896360
[0.234s][debug][gc                   ] GC(0) ShenandoahCalculateRegionStatsClosure: adding 524288 for humongous Region 161, yielding: 69420648
[0.234s][debug][gc                   ] GC(0) ShenandoahCalculateRegionStatsClosure: adding 524288 for humongous Region 161, yielding: 69420648
[0.234s][debug][gc                   ] GC(0) ShenandoahCalculateRegionStatsClosure: adding 178080 for humongous Region 162, yielding: 69598728
[0.234s][debug][gc                   ] GC(0) ShenandoahCalculateRegionStatsClosure: adding 178080 for humongous Region 162, yielding: 69598728
[0.234s][debug][gc                   ] GC(0) ShenandoahCalculateRegionStatsClosure: adding 524288 for humongous Region 163, yielding: 70123016
[0.234s][debug][gc                   ] GC(0) ShenandoahCalculateRegionStatsClosure: adding 524288 for humongous Region 163, yielding: 70123016
[0.234s][debug][gc                   ] GC(0) ShenandoahCalculateRegionStatsClosure: adding 417776 for humongous Region 164, yielding: 70540792
[0.234s][debug][gc                   ] GC(0) ShenandoahCalculateRegionStatsClosure: adding 417776 for humongous Region 164, yielding: 70540792
[0.234s][debug][gc                   ] GC(0) ShenandoahCalculateRegionStatsClosure: adding 524288 for humongous Region 165, yielding: 71065080
[0.234s][debug][gc                   ] GC(0) ShenandoahCalculateRegionStatsClosure: adding 524288 for humongous Region 165, yielding: 71065080
[0.234s][debug][gc                   ] GC(0) ShenandoahCalculateRegionStatsClosure: adding 350360 for humongous Region 166, yielding: 71415440
[0.234s][debug][gc                   ] GC(0) ShenandoahCalculateRegionStatsClosure: adding 350360 for humongous Region 166, yielding: 71415440
[0.234s][debug][gc                   ] GC(0) ShenandoahCalculateRegionStatsClosure: adding 524288 for humongous Region 167, yielding: 71939728
[0.234s][debug][gc                   ] GC(0) ShenandoahCalculateRegionStatsClosure: adding 524288 for humongous Region 167, yielding: 71939728
[0.234s][debug][gc                   ] GC(0) ShenandoahCalculateRegionStatsClosure: adding 524288 for humongous Region 168, yielding: 72464016
[0.234s][debug][gc                   ] GC(0) ShenandoahCalculateRegionStatsClosure: adding 524288 for humongous Region 168, yielding: 72464016
[0.234s][debug][gc                   ] GC(0) ShenandoahCalculateRegionStatsClosure: adding 292896 for humongous Region 169, yielding: 72756912
[0.234s][debug][gc                   ] GC(0) ShenandoahCalculateRegionStatsClosure: adding 292896 for humongous Region 169, yielding: 72756912
[0.234s][debug][gc                   ] GC(0) ShenandoahCalculateRegionStatsClosure: adding 524288 for humongous Region 170, yielding: 73281200
[0.234s][debug][gc                   ] GC(0) ShenandoahCalculateRegionStatsClosure: adding 524288 for humongous Region 170, yielding: 73281200
[0.234s][debug][gc                   ] GC(0) ShenandoahCalculateRegionStatsClosure: adding 524288 for humongous Region 171, yielding: 73805488
[0.234s][debug][gc                   ] GC(0) ShenandoahCalculateRegionStatsClosure: adding 524288 for humongous Region 171, yielding: 73805488
[0.234s][debug][gc                   ] GC(0) ShenandoahCalculateRegionStatsClosure: adding 329480 for humongous Region 172, yielding: 74134968
[0.234s][debug][gc                   ] GC(0) ShenandoahCalculateRegionStatsClosure: adding 329480 for humongous Region 172, yielding: 74134968
[0.234s][debug][gc                   ] GC(0) ShenandoahCalculateRegionStatsClosure: adding 524288 for humongous Region 173, yielding: 74659256
[0.234s][debug][gc                   ] GC(0) ShenandoahCalculateRegionStatsClosure: adding 524288 for humongous Region 173, yielding: 74659256
[0.234s][debug][gc                   ] GC(0) ShenandoahCalculateRegionStatsClosure: adding 27376 for humongous Region 174, yielding: 74686632
[0.234s][debug][gc                   ] GC(0) ShenandoahCalculateRegionStatsClosure: adding 27376 for humongous Region 174, yielding: 74686632
[0.234s][debug][gc                   ] GC(0) ShenandoahCalculateRegionStatsClosure: adding 524288 for humongous Region 175, yielding: 75210920
[0.234s][debug][gc                   ] GC(0) ShenandoahCalculateRegionStatsClosure: adding 524288 for humongous Region 175, yielding: 75210920
[0.234s][debug][gc                   ] GC(0) ShenandoahCalculateRegionStatsClosure: adding 399000 for humongous Region 176, yielding: 75609920
[0.234s][debug][gc                   ] GC(0) ShenandoahCalculateRegionStatsClosure: adding 399000 for humongous Region 176, yielding: 75609920
[0.234s][debug][gc                   ] GC(0) ShenandoahCalculateRegionStatsClosure: adding 524288 for humongous Region 177, yielding: 76134208
[0.234s][debug][gc                   ] GC(0) ShenandoahCalculateRegionStatsClosure: adding 524288 for humongous Region 177, yielding: 76134208
[0.234s][debug][gc                   ] GC(0) ShenandoahCalculateRegionStatsClosure: adding 319432 for humongous Region 178, yielding: 76453640
[0.234s][debug][gc                   ] GC(0) ShenandoahCalculateRegionStatsClosure: adding 319432 for humongous Region 178, yielding: 76453640
[0.234s][debug][gc                   ] GC(0) ShenandoahCalculateRegionStatsClosure: adding 524288 for humongous Region 179, yielding: 76977928
[0.234s][debug][gc                   ] GC(0) ShenandoahCalculateRegionStatsClosure: adding 524288 for humongous Region 179, yielding: 76977928
[0.234s][debug][gc                   ] GC(0) ShenandoahCalculateRegionStatsClosure: adding 524288 for humongous Region 180, yielding: 77502216
[0.234s][debug][gc                   ] GC(0) ShenandoahCalculateRegionStatsClosure: adding 524288 for humongous Region 180, yielding: 77502216
[0.234s][debug][gc                   ] GC(0) ShenandoahCalculateRegionStatsClosure: adding 280272 for humongous Region 181, yielding: 77782488
[0.234s][debug][gc                   ] GC(0) ShenandoahCalculateRegionStatsClosure: adding 280272 for humongous Region 181, yielding: 77782488
[0.234s][debug][gc                   ] GC(0) ShenandoahCalculateRegionStatsClosure: adding 524288 for humongous Region 182, yielding: 78306776
[0.234s][debug][gc                   ] GC(0) ShenandoahCalculateRegionStatsClosure: adding 524288 for humongous Region 182, yielding: 78306776
[0.234s][debug][gc                   ] GC(0) ShenandoahCalculateRegionStatsClosure: adding 524288 for humongous Region 183, yielding: 78831064
[0.234s][debug][gc                   ] GC(0) ShenandoahCalculateRegionStatsClosure: adding 524288 for humongous Region 183, yielding: 78831064
[0.234s][debug][gc                   ] GC(0) ShenandoahCalculateRegionStatsClosure: adding 227784 for humongous Region 184, yielding: 79058848
[0.234s][debug][gc                   ] GC(0) ShenandoahCalculateRegionStatsClosure: adding 227784 for humongous Region 184, yielding: 79058848
[0.234s][debug][gc                   ] GC(0) ShenandoahCalculateRegionStatsClosure: adding 524288 for humongous Region 185, yielding: 79583136
[0.234s][debug][gc                   ] GC(0) ShenandoahCalculateRegionStatsClosure: adding 524288 for humongous Region 185, yielding: 79583136
[0.234s][debug][gc                   ] GC(0) ShenandoahCalculateRegionStatsClosure: adding 330136 for humongous Region 186, yielding: 79913272
[0.234s][debug][gc                   ] GC(0) ShenandoahCalculateRegionStatsClosure: adding 330136 for humongous Region 186, yielding: 79913272
[0.234s][debug][gc                   ] GC(0) ShenandoahCalculateRegionStatsClosure: adding 524288 for humongous Region 187, yielding: 80437560
[0.234s][debug][gc                   ] GC(0) ShenandoahCalculateRegionStatsClosure: adding 524288 for humongous Region 187, yielding: 80437560
[0.234s][debug][gc                   ] GC(0) ShenandoahCalculateRegionStatsClosure: adding 524288 for humongous Region 188, yielding: 80961848
[0.234s][debug][gc                   ] GC(0) ShenandoahCalculateRegionStatsClosure: adding 524288 for humongous Region 188, yielding: 80961848
[0.234s][debug][gc                   ] GC(0) ShenandoahCalculateRegionStatsClosure: adding 244656 for humongous Region 189, yielding: 81206504
[0.234s][debug][gc                   ] GC(0) ShenandoahCalculateRegionStatsClosure: adding 244656 for humongous Region 189, yielding: 81206504
[0.234s][debug][gc                   ] GC(0) ShenandoahCalculateRegionStatsClosure: adding 524288 for humongous Region 190, yielding: 81730792
[0.234s][debug][gc                   ] GC(0) ShenandoahCalculateRegionStatsClosure: adding 524288 for humongous Region 190, yielding: 81730792
[0.234s][debug][gc                   ] GC(0) ShenandoahCalculateRegionStatsClosure: adding 387448 for humongous Region 191, yielding: 82118240
[0.234s][debug][gc                   ] GC(0) ShenandoahCalculateRegionStatsClosure: adding 387448 for humongous Region 191, yielding: 82118240
[0.234s][debug][gc                   ] GC(0) ShenandoahCalculateRegionStatsClosure: adding 524288 for humongous Region 192, yielding: 82642528
[0.234s][debug][gc                   ] GC(0) ShenandoahCalculateRegionStatsClosure: adding 524288 for humongous Region 192, yielding: 82642528
[0.234s][debug][gc                   ] GC(0) ShenandoahCalculateRegionStatsClosure: adding 524288 for humongous Region 193, yielding: 83166816
[0.234s][debug][gc                   ] GC(0) ShenandoahCalculateRegionStatsClosure: adding 524288 for humongous Region 193, yielding: 83166816
[0.234s][debug][gc                   ] GC(0) ShenandoahCalculateRegionStatsClosure: adding 216656 for humongous Region 194, yielding: 83383472
[0.234s][debug][gc                   ] GC(0) ShenandoahCalculateRegionStatsClosure: adding 216656 for humongous Region 194, yielding: 83383472
[0.234s][debug][gc                   ] GC(0) ShenandoahCalculateRegionStatsClosure: adding 524288 for humongous Region 195, yielding: 83907760
[0.234s][debug][gc                   ] GC(0) ShenandoahCalculateRegionStatsClosure: adding 524288 for humongous Region 195, yielding: 83907760
[0.234s][debug][gc                   ] GC(0) ShenandoahCalculateRegionStatsClosure: adding 524288 for humongous Region 196, yielding: 84432048
[0.234s][debug][gc                   ] GC(0) ShenandoahCalculateRegionStatsClosure: adding 524288 for humongous Region 196, yielding: 84432048
[0.234s][debug][gc                   ] GC(0) ShenandoahCalculateRegionStatsClosure: adding 355160 for humongous Region 197, yielding: 84787208
[0.234s][debug][gc                   ] GC(0) ShenandoahCalculateRegionStatsClosure: adding 355160 for humongous Region 197, yielding: 84787208
[0.234s][debug][gc                   ] GC(0) ShenandoahCalculateRegionStatsClosure: adding 524288 for humongous Region 198, yielding: 85311496
[0.234s][debug][gc                   ] GC(0) ShenandoahCalculateRegionStatsClosure: adding 524288 for humongous Region 198, yielding: 85311496
[0.234s][debug][gc                   ] GC(0) ShenandoahCalculateRegionStatsClosure: adding 377600 for humongous Region 199, yielding: 85689096
[0.234s][debug][gc                   ] GC(0) ShenandoahCalculateRegionStatsClosure: adding 377600 for humongous Region 199, yielding: 85689096
[0.234s][debug][gc                   ] GC(0) ShenandoahCalculateRegionStatsClosure: adding 524288 for humongous Region 200, yielding: 86213384
[0.234s][debug][gc                   ] GC(0) ShenandoahCalculateRegionStatsClosure: adding 524288 for humongous Region 200, yielding: 86213384
[0.234s][debug][gc                   ] GC(0) ShenandoahCalculateRegionStatsClosure: adding 372648 for humongous Region 201, yielding: 86586032
[0.234s][debug][gc                   ] GC(0) ShenandoahCalculateRegionStatsClosure: adding 372648 for humongous Region 201, yielding: 86586032
[0.234s][debug][gc                   ] GC(0) ShenandoahCalculateRegionStatsClosure: adding 524288 for humongous Region 202, yielding: 87110320
[0.234s][debug][gc                   ] GC(0) ShenandoahCalculateRegionStatsClosure: adding 524288 for humongous Region 202, yielding: 87110320
[0.234s][debug][gc                   ] GC(0) ShenandoahCalculateRegionStatsClosure: adding 524288 for humongous Region 203, yielding: 87634608
[0.234s][debug][gc                   ] GC(0) ShenandoahCalculateRegionStatsClosure: adding 524288 for humongous Region 203, yielding: 87634608
[0.234s][debug][gc                   ] GC(0) ShenandoahCalculateRegionStatsClosure: adding 79872 for humongous Region 204, yielding: 87714480
[0.234s][debug][gc                   ] GC(0) ShenandoahCalculateRegionStatsClosure: adding 79872 for humongous Region 204, yielding: 87714480
[0.234s][debug][gc                   ] GC(0) ShenandoahCalculateRegionStatsClosure: adding 524288 for humongous Region 205, yielding: 88238768
[0.234s][debug][gc                   ] GC(0) ShenandoahCalculateRegionStatsClosure: adding 524288 for humongous Region 205, yielding: 88238768
[0.234s][debug][gc                   ] GC(0) ShenandoahCalculateRegionStatsClosure: adding 524288 for humongous Region 206, yielding: 88763056
[0.234s][debug][gc                   ] GC(0) ShenandoahCalculateRegionStatsClosure: adding 524288 for humongous Region 206, yielding: 88763056
[0.234s][debug][gc                   ] GC(0) ShenandoahCalculateRegionStatsClosure: adding 355296 for humongous Region 207, yielding: 89118352
[0.234s][debug][gc                   ] GC(0) ShenandoahCalculateRegionStatsClosure: adding 355296 for humongous Region 207, yielding: 89118352
[0.234s][debug][gc                   ] GC(0) ShenandoahCalculateRegionStatsClosure: adding 524288 for humongous Region 208, yielding: 89642640
[0.234s][debug][gc                   ] GC(0) ShenandoahCalculateRegionStatsClosure: adding 524288 for humongous Region 208, yielding: 89642640
[0.234s][debug][gc                   ] GC(0) ShenandoahCalculateRegionStatsClosure: adding 524288 for humongous Region 209, yielding: 90166928
[0.234s][debug][gc                   ] GC(0) ShenandoahCalculateRegionStatsClosure: adding 524288 for humongous Region 209, yielding: 90166928
[0.234s][debug][gc                   ] GC(0) ShenandoahCalculateRegionStatsClosure: adding 316080 for humongous Region 210, yielding: 90483008
[0.234s][debug][gc                   ] GC(0) ShenandoahCalculateRegionStatsClosure: adding 316080 for humongous Region 210, yielding: 90483008
[0.234s][debug][gc                   ] GC(0) ShenandoahCalculateRegionStatsClosure: adding 524288 for humongous Region 211, yielding: 91007296
[0.234s][debug][gc                   ] GC(0) ShenandoahCalculateRegionStatsClosure: adding 524288 for humongous Region 211, yielding: 91007296
[0.234s][debug][gc                   ] GC(0) ShenandoahCalculateRegionStatsClosure: adding 258952 for humongous Region 212, yielding: 91266248
[0.234s][debug][gc                   ] GC(0) ShenandoahCalculateRegionStatsClosure: adding 258952 for humongous Region 212, yielding: 91266248
[0.234s][debug][gc                   ] GC(0) ShenandoahCalculateRegionStatsClosure: adding 524288 for humongous Region 213, yielding: 91790536
[0.234s][debug][gc                   ] GC(0) ShenandoahCalculateRegionStatsClosure: adding 524288 for humongous Region 213, yielding: 91790536
[0.234s][debug][gc                   ] GC(0) ShenandoahCalculateRegionStatsClosure: adding 116288 for humongous Region 214, yielding: 91906824
[0.234s][debug][gc                   ] GC(0) ShenandoahCalculateRegionStatsClosure: adding 116288 for humongous Region 214, yielding: 91906824
[0.234s][debug][gc                   ] GC(0) ShenandoahCalculateRegionStatsClosure: adding 524288 for humongous Region 215, yielding: 92431112
[0.234s][debug][gc                   ] GC(0) ShenandoahCalculateRegionStatsClosure: adding 524288 for humongous Region 215, yielding: 92431112
[0.234s][debug][gc                   ] GC(0) ShenandoahCalculateRegionStatsClosure: adding 28176 for humongous Region 216, yielding: 92459288
[0.234s][debug][gc                   ] GC(0) ShenandoahCalculateRegionStatsClosure: adding 28176 for humongous Region 216, yielding: 92459288
[0.234s][debug][gc                   ] GC(0) ShenandoahCalculateRegionStatsClosure: adding 524288 for humongous Region 217, yielding: 92983576
[0.234s][debug][gc                   ] GC(0) ShenandoahCalculateRegionStatsClosure: adding 524288 for humongous Region 217, yielding: 92983576
[0.234s][debug][gc                   ] GC(0) ShenandoahCalculateRegionStatsClosure: adding 524288 for humongous Region 218, yielding: 93507864
[0.234s][debug][gc                   ] GC(0) ShenandoahCalculateRegionStatsClosure: adding 524288 for humongous Region 218, yielding: 93507864
[0.234s][debug][gc                   ] GC(0) ShenandoahCalculateRegionStatsClosure: adding 448680 for humongous Region 219, yielding: 93956544
[0.234s][debug][gc                   ] GC(0) ShenandoahCalculateRegionStatsClosure: adding 448680 for humongous Region 219, yielding: 93956544
[0.234s][debug][gc                   ] GC(0) ShenandoahCalculateRegionStatsClosure: adding 524288 for humongous Region 220, yielding: 94480832
[0.234s][debug][gc                   ] GC(0) ShenandoahCalculateRegionStatsClosure: adding 524288 for humongous Region 220, yielding: 94480832
[0.234s][debug][gc                   ] GC(0) ShenandoahCalculateRegionStatsClosure: adding 388504 for humongous Region 221, yielding: 94869336
[0.234s][debug][gc                   ] GC(0) ShenandoahCalculateRegionStatsClosure: adding 388504 for humongous Region 221, yielding: 94869336
[0.234s][debug][gc                   ] GC(0) ShenandoahCalculateRegionStatsClosure: adding 524288 for humongous Region 222, yielding: 95393624
[0.234s][debug][gc                   ] GC(0) ShenandoahCalculateRegionStatsClosure: adding 524288 for humongous Region 222, yielding: 95393624
[0.234s][debug][gc                   ] GC(0) ShenandoahCalculateRegionStatsClosure: adding 524288 for humongous Region 223, yielding: 95917912
[0.234s][debug][gc                   ] GC(0) ShenandoahCalculateRegionStatsClosure: adding 524288 for humongous Region 223, yielding: 95917912
[0.234s][debug][gc                   ] GC(0) ShenandoahCalculateRegionStatsClosure: adding 408592 for humongous Region 224, yielding: 96326504
[0.234s][debug][gc                   ] GC(0) ShenandoahCalculateRegionStatsClosure: adding 408592 for humongous Region 224, yielding: 96326504
[0.234s][debug][gc                   ] GC(0) ShenandoahCalculateRegionStatsClosure: adding 524288 for humongous Region 225, yielding: 96850792
[0.234s][debug][gc                   ] GC(0) ShenandoahCalculateRegionStatsClosure: adding 524288 for humongous Region 225, yielding: 96850792
[0.234s][debug][gc                   ] GC(0) ShenandoahCalculateRegionStatsClosure: adding 452808 for humongous Region 226, yielding: 97303600
[0.234s][debug][gc                   ] GC(0) ShenandoahCalculateRegionStatsClosure: adding 452808 for humongous Region 226, yielding: 97303600
[0.234s][debug][gc                   ] GC(0) ShenandoahCalculateRegionStatsClosure: adding 524288 for humongous Region 227, yielding: 97827888
[0.234s][debug][gc                   ] GC(0) ShenandoahCalculateRegionStatsClosure: adding 524288 for humongous Region 227, yielding: 97827888
[0.234s][debug][gc                   ] GC(0) ShenandoahCalculateRegionStatsClosure: adding 46800 for humongous Region 228, yielding: 97874688
[0.234s][debug][gc                   ] GC(0) ShenandoahCalculateRegionStatsClosure: adding 46800 for humongous Region 228, yielding: 97874688
[0.234s][debug][gc                   ] GC(0) ShenandoahCalculateRegionStatsClosure: adding 524288 for humongous Region 229, yielding: 98398976
[0.234s][debug][gc                   ] GC(0) ShenandoahCalculateRegionStatsClosure: adding 524288 for humongous Region 229, yielding: 98398976
[0.234s][debug][gc                   ] GC(0) ShenandoahCalculateRegionStatsClosure: adding 217608 for humongous Region 230, yielding: 98616584
[0.234s][debug][gc                   ] GC(0) ShenandoahCalculateRegionStatsClosure: adding 217608 for humongous Region 230, yielding: 98616584
[0.234s][debug][gc                   ] GC(0) ShenandoahCalculateRegionStatsClosure: adding 524288 for humongous Region 231, yielding: 99140872
[0.234s][debug][gc                   ] GC(0) ShenandoahCalculateRegionStatsClosure: adding 524288 for humongous Region 231, yielding: 99140872
[0.234s][debug][gc                   ] GC(0) ShenandoahCalculateRegionStatsClosure: adding 410776 for humongous Region 232, yielding: 99551648
[0.234s][debug][gc                   ] GC(0) ShenandoahCalculateRegionStatsClosure: adding 410776 for humongous Region 232, yielding: 99551648
[0.234s][debug][gc                   ] GC(0) ShenandoahCalculateRegionStatsClosure: adding 524288 for humongous Region 233, yielding: 100075936
[0.234s][debug][gc                   ] GC(0) ShenandoahCalculateRegionStatsClosure: adding 524288 for humongous Region 233, yielding: 100075936
[0.234s][debug][gc                   ] GC(0) ShenandoahCalculateRegionStatsClosure: adding 511744 for humongous Region 234, yielding: 100587680
[0.234s][debug][gc                   ] GC(0) ShenandoahCalculateRegionStatsClosure: adding 511744 for humongous Region 234, yielding: 100587680
[0.234s][debug][gc                   ] GC(0) ShenandoahCalculateRegionStatsClosure: adding 524288 for humongous Region 235, yielding: 101111968
[0.234s][debug][gc                   ] GC(0) ShenandoahCalculateRegionStatsClosure: adding 524288 for humongous Region 235, yielding: 101111968
[0.234s][debug][gc                   ] GC(0) ShenandoahCalculateRegionStatsClosure: adding 524288 for humongous Region 236, yielding: 101636256
[0.234s][debug][gc                   ] GC(0) ShenandoahCalculateRegionStatsClosure: adding 524288 for humongous Region 236, yielding: 101636256
[0.234s][debug][gc                   ] GC(0) ShenandoahCalculateRegionStatsClosure: adding 381920 for humongous Region 237, yielding: 102018176
[0.234s][debug][gc                   ] GC(0) ShenandoahCalculateRegionStatsClosure: adding 381920 for humongous Region 237, yielding: 102018176
[0.234s][debug][gc                   ] GC(0) ShenandoahCalculateRegionStatsClosure: adding 524288 for humongous Region 238, yielding: 102542464
[0.234s][debug][gc                   ] GC(0) ShenandoahCalculateRegionStatsClosure: adding 524288 for humongous Region 238, yielding: 102542464
[0.234s][debug][gc                   ] GC(0) ShenandoahCalculateRegionStatsClosure: adding 96256 for humongous Region 239, yielding: 102638720
[0.234s][debug][gc                   ] GC(0) ShenandoahCalculateRegionStatsClosure: adding 96256 for humongous Region 239, yielding: 102638720
[0.234s][debug][gc                   ] GC(0) ShenandoahCalculateRegionStatsClosure: adding 524288 for humongous Region 240, yielding: 103163008
[0.234s][debug][gc                   ] GC(0) ShenandoahCalculateRegionStatsClosure: adding 524288 for humongous Region 240, yielding: 103163008
[0.234s][debug][gc                   ] GC(0) ShenandoahCalculateRegionStatsClosure: adding 524288 for humongous Region 241, yielding: 103687296
[0.234s][debug][gc                   ] GC(0) ShenandoahCalculateRegionStatsClosure: adding 524288 for humongous Region 241, yielding: 103687296
[0.234s][debug][gc                   ] GC(0) ShenandoahCalculateRegionStatsClosure: adding 239648 for humongous Region 242, yielding: 103926944
[0.234s][debug][gc                   ] GC(0) ShenandoahCalculateRegionStatsClosure: adding 239648 for humongous Region 242, yielding: 103926944
[0.234s][debug][gc                   ] GC(0) ShenandoahCalculateRegionStatsClosure: adding 524288 for humongous Region 243, yielding: 104451232
[0.234s][debug][gc                   ] GC(0) ShenandoahCalculateRegionStatsClosure: adding 524288 for humongous Region 243, yielding: 104451232
[0.234s][debug][gc                   ] GC(0) ShenandoahCalculateRegionStatsClosure: adding 455864 for humongous Region 244, yielding: 104907096
[0.234s][debug][gc                   ] GC(0) ShenandoahCalculateRegionStatsClosure: adding 455864 for humongous Region 244, yielding: 104907096
[0.234s][debug][gc                   ] GC(0) ShenandoahCalculateRegionStatsClosure: adding 524288 for humongous Region 245, yielding: 105431384
[0.234s][debug][gc                   ] GC(0) ShenandoahCalculateRegionStatsClosure: adding 524288 for humongous Region 245, yielding: 105431384
[0.234s][debug][gc                   ] GC(0) ShenandoahCalculateRegionStatsClosure: adding 145352 for humongous Region 246, yielding: 105576736
[0.234s][debug][gc                   ] GC(0) ShenandoahCalculateRegionStatsClosure: adding 145352 for humongous Region 246, yielding: 105576736
[0.234s][debug][gc                   ] GC(0) ShenandoahCalculateRegionStatsClosure: adding 524288 for humongous Region 247, yielding: 106101024
[0.234s][debug][gc                   ] GC(0) ShenandoahCalculateRegionStatsClosure: adding 524288 for humongous Region 247, yielding: 106101024
[0.234s][debug][gc                   ] GC(0) ShenandoahCalculateRegionStatsClosure: adding 524288 for humongous Region 248, yielding: 106625312
[0.234s][debug][gc                   ] GC(0) ShenandoahCalculateRegionStatsClosure: adding 524288 for humongous Region 248, yielding: 106625312
[0.234s][debug][gc                   ] GC(0) ShenandoahCalculateRegionStatsClosure: adding 368392 for humongous Region 249, yielding: 106993704
[0.234s][debug][gc                   ] GC(0) ShenandoahCalculateRegionStatsClosure: adding 368392 for humongous Region 249, yielding: 106993704
[0.234s][debug][gc                   ] GC(0) ShenandoahCalculateRegionStatsClosure: adding 524288 for humongous Region 250, yielding: 107517992
[0.234s][debug][gc                   ] GC(0) ShenandoahCalculateRegionStatsClosure: adding 524288 for humongous Region 250, yielding: 107517992
[0.234s][debug][gc                   ] GC(0) ShenandoahCalculateRegionStatsClosure: adding 196656 for humongous Region 251, yielding: 107714648
[0.234s][debug][gc                   ] GC(0) ShenandoahCalculateRegionStatsClosure: adding 196656 for humongous Region 251, yielding: 107714648
[0.234s][debug][gc                   ] GC(0) ShenandoahCalculateRegionStatsClosure: adding 524288 for humongous Region 252, yielding: 108238936
[0.234s][debug][gc                   ] GC(0) ShenandoahCalculateRegionStatsClosure: adding 524288 for humongous Region 252, yielding: 108238936
[0.234s][debug][gc                   ] GC(0) ShenandoahCalculateRegionStatsClosure: adding 109136 for humongous Region 253, yielding: 108348072
[0.234s][debug][gc                   ] GC(0) ShenandoahCalculateRegionStatsClosure: adding 109136 for humongous Region 253, yielding: 108348072
[0.234s][debug][gc                   ] GC(0) ShenandoahCalculateRegionStatsClosure: adding 524288 for humongous Region 254, yielding: 108872360
[0.234s][debug][gc                   ] GC(0) ShenandoahCalculateRegionStatsClosure: adding 524288 for humongous Region 254, yielding: 108872360
[0.234s][debug][gc                   ] GC(0) ShenandoahCalculateRegionStatsClosure: adding 416192 for humongous Region 255, yielding: 109288552
[0.234s][debug][gc                   ] GC(0) ShenandoahCalculateRegionStatsClosure: adding 416192 for humongous Region 255, yielding: 109288552
[0.234s][debug][gc                   ] GC(0) ShenandoahCalculateRegionStatsClosure: adding 524288 for humongous Region 256, yielding: 109812840
[0.234s][debug][gc                   ] GC(0) ShenandoahCalculateRegionStatsClosure: adding 524288 for humongous Region 256, yielding: 109812840
[0.234s][debug][gc                   ] GC(0) ShenandoahCalculateRegionStatsClosure: adding 219720 for humongous Region 257, yielding: 110032560
[0.234s][debug][gc                   ] GC(0) ShenandoahCalculateRegionStatsClosure: adding 219720 for humongous Region 257, yielding: 110032560
[0.234s][debug][gc                   ] GC(0) ShenandoahCalculateRegionStatsClosure: adding 524288 for humongous Region 258, yielding: 110556848
[0.234s][debug][gc                   ] GC(0) ShenandoahCalculateRegionStatsClosure: adding 524288 for humongous Region 258, yielding: 110556848
[0.234s][debug][gc                   ] GC(0) ShenandoahCalculateRegionStatsClosure: adding 24072 for humongous Region 259, yielding: 110580920
[0.234s][debug][gc                   ] GC(0) ShenandoahCalculateRegionStatsClosure: adding 24072 for humongous Region 259, yielding: 110580920
[0.234s][debug][gc                   ] GC(0) ShenandoahCalculateRegionStatsClosure: adding 524288 for humongous Region 260, yielding: 111105208
[0.234s][debug][gc                   ] GC(0) ShenandoahCalculateRegionStatsClosure: adding 524288 for humongous Region 260, yielding: 111105208
[0.234s][debug][gc                   ] GC(0) ShenandoahCalculateRegionStatsClosure: adding 46440 for humongous Region 261, yielding: 111151648
[0.234s][debug][gc                   ] GC(0) ShenandoahCalculateRegionStatsClosure: adding 46440 for humongous Region 261, yielding: 111151648
[0.234s][debug][gc                   ] GC(0) ShenandoahCalculateRegionStatsClosure: adding 524288 for humongous Region 262, yielding: 111675936
[0.234s][debug][gc                   ] GC(0) ShenandoahCalculateRegionStatsClosure: adding 524288 for humongous Region 262, yielding: 111675936
[0.234s][debug][gc                   ] GC(0) ShenandoahCalculateRegionStatsClosure: adding 524288 for humongous Region 263, yielding: 112200224
[0.234s][debug][gc                   ] GC(0) ShenandoahCalculateRegionStatsClosure: adding 524288 for humongous Region 263, yielding: 112200224
[0.234s][debug][gc                   ] GC(0) ShenandoahCalculateRegionStatsClosure: adding 58960 for humongous Region 264, yielding: 112259184
[0.234s][debug][gc                   ] GC(0) ShenandoahCalculateRegionStatsClosure: adding 58960 for humongous Region 264, yielding: 112259184
[0.234s][debug][gc                   ] GC(0) ShenandoahCalculateRegionStatsClosure: adding 524288 for humongous Region 265, yielding: 112783472
[0.234s][debug][gc                   ] GC(0) ShenandoahCalculateRegionStatsClosure: adding 524288 for humongous Region 265, yielding: 112783472
[0.234s][debug][gc                   ] GC(0) ShenandoahCalculateRegionStatsClosure: adding 522872 for humongous Region 266, yielding: 113306344
[0.234s][debug][gc                   ] GC(0) ShenandoahCalculateRegionStatsClosure: adding 522872 for humongous Region 266, yielding: 113306344
[0.234s][debug][gc                   ] GC(0) ShenandoahCalculateRegionStatsClosure: adding 524288 for humongous Region 267, yielding: 113830632
[0.234s][debug][gc                   ] GC(0) ShenandoahCalculateRegionStatsClosure: adding 524288 for humongous Region 267, yielding: 113830632
[0.234s][debug][gc                   ] GC(0) ShenandoahCalculateRegionStatsClosure: adding 509352 for humongous Region 268, yielding: 114339984
[0.234s][debug][gc                   ] GC(0) ShenandoahCalculateRegionStatsClosure: adding 509352 for humongous Region 268, yielding: 114339984
[0.234s][debug][gc                   ] GC(0) ShenandoahCalculateRegionStatsClosure: adding 524288 for humongous Region 269, yielding: 114864272
[0.234s][debug][gc                   ] GC(0) ShenandoahCalculateRegionStatsClosure: adding 524288 for humongous Region 269, yielding: 114864272
[0.234s][debug][gc                   ] GC(0) ShenandoahCalculateRegionStatsClosure: adding 524288 for humongous Region 270, yielding: 115388560
[0.234s][debug][gc                   ] GC(0) ShenandoahCalculateRegionStatsClosure: adding 524288 for humongous Region 270, yielding: 115388560
[0.234s][debug][gc                   ] GC(0) ShenandoahCalculateRegionStatsClosure: adding 341200 for humongous Region 271, yielding: 115729760
[0.234s][debug][gc                   ] GC(0) ShenandoahCalculateRegionStatsClosure: adding 341200 for humongous Region 271, yielding: 115729760
[0.234s][debug][gc                   ] GC(0) ShenandoahCalculateRegionStatsClosure: adding 524288 for humongous Region 272, yielding: 116254048
[0.234s][debug][gc                   ] GC(0) ShenandoahCalculateRegionStatsClosure: adding 524288 for humongous Region 272, yielding: 116254048
[0.234s][debug][gc                   ] GC(0) ShenandoahCalculateRegionStatsClosure: adding 524288 for humongous Region 273, yielding: 116778336
[0.234s][debug][gc                   ] GC(0) ShenandoahCalculateRegionStatsClosure: adding 524288 for humongous Region 273, yielding: 116778336
[0.234s][debug][gc                   ] GC(0) ShenandoahCalculateRegionStatsClosure: adding 272232 for humongous Region 274, yielding: 117050568
[0.234s][debug][gc                   ] GC(0) ShenandoahCalculateRegionStatsClosure: adding 272232 for humongous Region 274, yielding: 117050568
[0.234s][debug][gc                   ] GC(0) ShenandoahCalculateRegionStatsClosure: adding 524288 for humongous Region 275, yielding: 117574856
[0.234s][debug][gc                   ] GC(0) ShenandoahCalculateRegionStatsClosure: adding 524288 for humongous Region 275, yielding: 117574856
[0.234s][debug][gc                   ] GC(0) ShenandoahCalculateRegionStatsClosure: adding 187160 for humongous Region 276, yielding: 117762016
[0.234s][debug][gc                   ] GC(0) ShenandoahCalculateRegionStatsClosure: adding 187160 for humongous Region 276, yielding: 117762016
[0.234s][debug][gc                   ] GC(0) ShenandoahCalculateRegionStatsClosure: adding 524288 for humongous Region 277, yielding: 118286304
[0.234s][debug][gc                   ] GC(0) ShenandoahCalculateRegionStatsClosure: adding 524288 for humongous Region 277, yielding: 118286304
[0.234s][debug][gc                   ] GC(0) ShenandoahCalculateRegionStatsClosure: adding 524288 for humongous Region 278, yielding: 118810592
[0.234s][debug][gc                   ] GC(0) ShenandoahCalculateRegionStatsClosure: adding 524288 for humongous Region 278, yielding: 118810592
[0.234s][debug][gc                   ] GC(0) ShenandoahCalculateRegionStatsClosure: adding 60120 for humongous Region 279, yielding: 118870712
[0.234s][debug][gc                   ] GC(0) ShenandoahCalculateRegionStatsClosure: adding 60120 for humongous Region 279, yielding: 118870712
[0.234s][debug][gc                   ] GC(0) ShenandoahCalculateRegionStatsClosure: adding 524288 for humongous Region 280, yielding: 119395000
[0.234s][debug][gc                   ] GC(0) ShenandoahCalculateRegionStatsClosure: adding 524288 for humongous Region 280, yielding: 119395000
[0.234s][debug][gc                   ] GC(0) ShenandoahCalculateRegionStatsClosure: adding 394016 for humongous Region 281, yielding: 119789016
[0.234s][debug][gc                   ] GC(0) ShenandoahCalculateRegionStatsClosure: adding 394016 for humongous Region 281, yielding: 119789016
[0.234s][debug][gc                   ] GC(0) ShenandoahCalculateRegionStatsClosure: adding 524288 for humongous Region 282, yielding: 120313304
[0.234s][debug][gc                   ] GC(0) ShenandoahCalculateRegionStatsClosure: adding 524288 for humongous Region 282, yielding: 120313304
[0.234s][debug][gc                   ] GC(0) ShenandoahCalculateRegionStatsClosure: adding 524288 for humongous Region 283, yielding: 120837592
[0.234s][debug][gc                   ] GC(0) ShenandoahCalculateRegionStatsClosure: adding 524288 for humongous Region 283, yielding: 120837592
[0.234s][debug][gc                   ] GC(0) ShenandoahCalculateRegionStatsClosure: adding 117808 for humongous Region 284, yielding: 120955400
[0.234s][debug][gc                   ] GC(0) ShenandoahCalculateRegionStatsClosure: adding 117808 for humongous Region 284, yielding: 120955400
[0.234s][debug][gc                   ] GC(0) ShenandoahCalculateRegionStatsClosure: adding 524288 for humongous Region 285, yielding: 121479688
[0.234s][debug][gc                   ] GC(0) ShenandoahCalculateRegionStatsClosure: adding 524288 for humongous Region 285, yielding: 121479688
[0.234s][debug][gc                   ] GC(0) ShenandoahCalculateRegionStatsClosure: adding 122688 for humongous Region 286, yielding: 121602376
[0.234s][debug][gc                   ] GC(0) ShenandoahCalculateRegionStatsClosure: adding 122688 for humongous Region 286, yielding: 121602376
[0.234s][debug][gc                   ] GC(0) ShenandoahCalculateRegionStatsClosure: adding 524288 for humongous Region 287, yielding: 122126664
[0.234s][debug][gc                   ] GC(0) ShenandoahCalculateRegionStatsClosure: adding 524288 for humongous Region 287, yielding: 122126664
[0.234s][debug][gc                   ] GC(0) ShenandoahCalculateRegionStatsClosure: adding 524288 for humongous Region 288, yielding: 122650952
[0.234s][debug][gc                   ] GC(0) ShenandoahCalculateRegionStatsClosure: adding 524288 for humongous Region 288, yielding: 122650952
[0.234s][debug][gc                   ] GC(0) ShenandoahCalculateRegionStatsClosure: adding 103904 for humongous Region 289, yielding: 122754856
[0.234s][debug][gc                   ] GC(0) ShenandoahCalculateRegionStatsClosure: adding 103904 for humongous Region 289, yielding: 122754856
[0.234s][debug][gc                   ] GC(0) ShenandoahCalculateRegionStatsClosure: adding 524288 for humongous Region 290, yielding: 123279144
[0.234s][debug][gc                   ] GC(0) ShenandoahCalculateRegionStatsClosure: adding 524288 for humongous Region 290, yielding: 123279144
[0.234s][debug][gc                   ] GC(0) ShenandoahCalculateRegionStatsClosure: adding 524288 for humongous Region 291, yielding: 123803432
[0.234s][debug][gc                   ] GC(0) ShenandoahCalculateRegionStatsClosure: adding 524288 for humongous Region 291, yielding: 123803432
[0.234s][debug][gc                   ] GC(0) ShenandoahCalculateRegionStatsClosure: adding 436784 for humongous Region 292, yielding: 124240216
[0.234s][debug][gc                   ] GC(0) ShenandoahCalculateRegionStatsClosure: adding 436784 for humongous Region 292, yielding: 124240216
[0.234s][debug][gc                   ] GC(0) ShenandoahCalculateRegionStatsClosure: adding 524288 for humongous Region 293, yielding: 124764504
[0.234s][debug][gc                   ] GC(0) ShenandoahCalculateRegionStatsClosure: adding 524288 for humongous Region 293, yielding: 124764504
[0.234s][debug][gc                   ] GC(0) ShenandoahCalculateRegionStatsClosure: adding 429632 for humongous Region 294, yielding: 125194136
[0.234s][debug][gc                   ] GC(0) ShenandoahCalculateRegionStatsClosure: adding 429632 for humongous Region 294, yielding: 125194136
[0.234s][debug][gc                   ] GC(0) ShenandoahCalculateRegionStatsClosure: adding 524288 for humongous Region 295, yielding: 125718424
[0.234s][debug][gc                   ] GC(0) ShenandoahCalculateRegionStatsClosure: adding 524288 for humongous Region 295, yielding: 125718424
[0.234s][debug][gc                   ] GC(0) ShenandoahCalculateRegionStatsClosure: adding 524288 for humongous Region 296, yielding: 126242712
[0.234s][debug][gc                   ] GC(0) ShenandoahCalculateRegionStatsClosure: adding 524288 for humongous Region 296, yielding: 126242712
[0.234s][debug][gc                   ] GC(0) ShenandoahCalculateRegionStatsClosure: adding 373816 for humongous Region 297, yielding: 126616528
[0.234s][debug][gc                   ] GC(0) ShenandoahCalculateRegionStatsClosure: adding 373816 for humongous Region 297, yielding: 126616528
[0.234s][debug][gc                   ] GC(0) ShenandoahCalculateRegionStatsClosure: adding 524288 for humongous Region 298, yielding: 127140816
[0.234s][debug][gc                   ] GC(0) ShenandoahCalculateRegionStatsClosure: adding 524288 for humongous Region 298, yielding: 127140816
[0.234s][debug][gc                   ] GC(0) ShenandoahCalculateRegionStatsClosure: adding 233768 for humongous Region 299, yielding: 127374584
[0.234s][debug][gc                   ] GC(0) ShenandoahCalculateRegionStatsClosure: adding 233768 for humongous Region 299, yielding: 127374584
[0.234s][debug][gc                   ] GC(0) ShenandoahCalculateRegionStatsClosure: adding 524288 for humongous Region 300, yielding: 127898872
[0.234s][debug][gc                   ] GC(0) ShenandoahCalculateRegionStatsClosure: adding 524288 for humongous Region 300, yielding: 127898872
[0.234s][debug][gc                   ] GC(0) ShenandoahCalculateRegionStatsClosure: adding 524288 for humongous Region 301, yielding: 128423160
[0.234s][debug][gc                   ] GC(0) ShenandoahCalculateRegionStatsClosure: adding 524288 for humongous Region 301, yielding: 128423160
[0.234s][debug][gc                   ] GC(0) ShenandoahCalculateRegionStatsClosure: adding 487936 for humongous Region 302, yielding: 128911096
[0.234s][debug][gc                   ] GC(0) ShenandoahCalculateRegionStatsClosure: adding 487936 for humongous Region 302, yielding: 128911096
[0.234s][debug][gc                   ] GC(0) ShenandoahCalculateRegionStatsClosure: adding 524288 for humongous Region 303, yielding: 129435384
[0.234s][debug][gc                   ] GC(0) ShenandoahCalculateRegionStatsClosure: adding 524288 for humongous Region 303, yielding: 129435384
[0.234s][debug][gc                   ] GC(0) ShenandoahCalculateRegionStatsClosure: adding 524288 for humongous Region 304, yielding: 129959672
[0.234s][debug][gc                   ] GC(0) ShenandoahCalculateRegionStatsClosure: adding 524288 for humongous Region 304, yielding: 129959672
[0.234s][debug][gc                   ] GC(0) ShenandoahCalculateRegionStatsClosure: adding 64592 for humongous Region 305, yielding: 130024264
[0.234s][debug][gc                   ] GC(0) ShenandoahCalculateRegionStatsClosure: adding 64592 for humongous Region 305, yielding: 130024264
[0.234s][debug][gc                   ] GC(0) ShenandoahCalculateRegionStatsClosure: adding 524288 for humongous Region 306, yielding: 130548552
[0.234s][debug][gc                   ] GC(0) ShenandoahCalculateRegionStatsClosure: adding 524288 for humongous Region 306, yielding: 130548552
[0.234s][debug][gc                   ] GC(0) ShenandoahCalculateRegionStatsClosure: adding 524288 for humongous Region 307, yielding: 131072840
[0.234s][debug][gc                   ] GC(0) ShenandoahCalculateRegionStatsClosure: adding 524288 for humongous Region 307, yielding: 131072840
[0.234s][debug][gc                   ] GC(0) ShenandoahCalculateRegionStatsClosure: adding 81112 for humongous Region 308, yielding: 131153952
[0.234s][debug][gc                   ] GC(0) ShenandoahCalculateRegionStatsClosure: adding 81112 for humongous Region 308, yielding: 131153952
[0.234s][debug][gc                   ] GC(0) ShenandoahCalculateRegionStatsClosure: adding 524288 for humongous Region 309, yielding: 131678240
[0.234s][debug][gc                   ] GC(0) ShenandoahCalculateRegionStatsClosure: adding 524288 for humongous Region 309, yielding: 131678240
[0.234s][debug][gc                   ] GC(0) ShenandoahCalculateRegionStatsClosure: adding 524288 for humongous Region 310, yielding: 132202528
[0.234s][debug][gc                   ] GC(0) ShenandoahCalculateRegionStatsClosure: adding 524288 for humongous Region 310, yielding: 132202528
[0.234s][debug][gc                   ] GC(0) ShenandoahCalculateRegionStatsClosure: adding 416480 for humongous Region 311, yielding: 132619008
[0.234s][debug][gc                   ] GC(0) ShenandoahCalculateRegionStatsClosure: adding 416480 for humongous Region 311, yielding: 132619008
[0.234s][debug][gc                   ] GC(0) ShenandoahCalculateRegionStatsClosure: adding 524288 for humongous Region 312, yielding: 133143296
[0.234s][debug][gc                   ] GC(0) ShenandoahCalculateRegionStatsClosure: adding 524288 for humongous Region 312, yielding: 133143296
[0.234s][debug][gc                   ] GC(0) ShenandoahCalculateRegionStatsClosure: adding 524288 for humongous Region 313, yielding: 133667584
[0.234s][debug][gc                   ] GC(0) ShenandoahCalculateRegionStatsClosure: adding 524288 for humongous Region 313, yielding: 133667584
[0.234s][debug][gc                   ] GC(0) ShenandoahCalculateRegionStatsClosure: adding 486600 for humongous Region 314, yielding: 134154184
[0.234s][debug][gc                   ] GC(0) ShenandoahCalculateRegionStatsClosure: adding 486600 for humongous Region 314, yielding: 134154184
[0.234s][debug][gc                   ] GC(0) ShenandoahCalculateRegionStatsClosure: adding 524288 for humongous Region 315, yielding: 134678472
[0.234s][debug][gc                   ] GC(0) ShenandoahCalculateRegionStatsClosure: adding 524288 for humongous Region 315, yielding: 134678472
[0.234s][debug][gc                   ] GC(0) ShenandoahCalculateRegionStatsClosure: adding 177368 for humongous Region 316, yielding: 134855840
[0.234s][debug][gc                   ] GC(0) ShenandoahCalculateRegionStatsClosure: adding 177368 for humongous Region 316, yielding: 134855840
[0.234s][debug][gc                   ] GC(0) ShenandoahCalculateRegionStatsClosure: adding 524288 for humongous Region 317, yielding: 135380128
[0.234s][debug][gc                   ] GC(0) ShenandoahCalculateRegionStatsClosure: adding 524288 for humongous Region 317, yielding: 135380128
[0.234s][debug][gc                   ] GC(0) ShenandoahCalculateRegionStatsClosure: adding 524288 for humongous Region 318, yielding: 135904416
[0.234s][debug][gc                   ] GC(0) ShenandoahCalculateRegionStatsClosure: adding 524288 for humongous Region 318, yielding: 135904416
[0.234s][debug][gc                   ] GC(0) ShenandoahCalculateRegionStatsClosure: adding 313200 for humongous Region 319, yielding: 136217616
[0.234s][debug][gc                   ] GC(0) ShenandoahCalculateRegionStatsClosure: adding 313200 for humongous Region 319, yielding: 136217616
[0.234s][debug][gc                   ] GC(0) ShenandoahCalculateRegionStatsClosure: adding 524288 for humongous Region 320, yielding: 136741904
[0.234s][debug][gc                   ] GC(0) ShenandoahCalculateRegionStatsClosure: adding 524288 for humongous Region 320, yielding: 136741904
[0.234s][debug][gc                   ] GC(0) ShenandoahCalculateRegionStatsClosure: adding 357824 for humongous Region 321, yielding: 137099728
[0.234s][debug][gc                   ] GC(0) ShenandoahCalculateRegionStatsClosure: adding 357824 for humongous Region 321, yielding: 137099728
[0.234s][debug][gc                   ] GC(0) ShenandoahCalculateRegionStatsClosure: adding 524288 for humongous Region 322, yielding: 137624016
[0.234s][debug][gc                   ] GC(0) ShenandoahCalculateRegionStatsClosure: adding 524288 for humongous Region 322, yielding: 137624016
[0.234s][debug][gc                   ] GC(0) ShenandoahCalculateRegionStatsClosure: adding 356072 for humongous Region 323, yielding: 137980088
[0.234s][debug][gc                   ] GC(0) ShenandoahCalculateRegionStatsClosure: adding 356072 for humongous Region 323, yielding: 137980088
[0.234s][debug][gc                   ] GC(0) ShenandoahCalculateRegionStatsClosure: adding 524288 for humongous Region 324, yielding: 138504376
[0.234s][debug][gc                   ] GC(0) ShenandoahCalculateRegionStatsClosure: adding 524288 for humongous Region 324, yielding: 138504376
[0.234s][debug][gc                   ] GC(0) ShenandoahCalculateRegionStatsClosure: adding 524288 for humongous Region 325, yielding: 139028664
[0.234s][debug][gc                   ] GC(0) ShenandoahCalculateRegionStatsClosure: adding 524288 for humongous Region 325, yielding: 139028664
[0.234s][debug][gc                   ] GC(0) ShenandoahCalculateRegionStatsClosure: adding 230248 for humongous Region 326, yielding: 139258912
[0.234s][debug][gc                   ] GC(0) ShenandoahCalculateRegionStatsClosure: adding 230248 for humongous Region 326, yielding: 139258912
[0.234s][debug][gc                   ] GC(0) ShenandoahCalculateRegionStatsClosure: adding 524288 for humongous Region 327, yielding: 139783200
[0.234s][debug][gc                   ] GC(0) ShenandoahCalculateRegionStatsClosure: adding 524288 for humongous Region 327, yielding: 139783200
[0.234s][debug][gc                   ] GC(0) ShenandoahCalculateRegionStatsClosure: adding 418392 for humongous Region 328, yielding: 140201592
[0.234s][debug][gc                   ] GC(0) ShenandoahCalculateRegionStatsClosure: adding 418392 for humongous Region 328, yielding: 140201592
[0.234s][debug][gc                   ] GC(0) ShenandoahCalculateRegionStatsClosure: adding 524288 for humongous Region 329, yielding: 140725880
[0.234s][debug][gc                   ] GC(0) ShenandoahCalculateRegionStatsClosure: adding 524288 for humongous Region 329, yielding: 140725880
[0.234s][debug][gc                   ] GC(0) ShenandoahCalculateRegionStatsClosure: adding 35920 for humongous Region 330, yielding: 140761800
[0.234s][debug][gc                   ] GC(0) ShenandoahCalculateRegionStatsClosure: adding 35920 for humongous Region 330, yielding: 140761800
[0.234s][debug][gc                   ] GC(0) ShenandoahCalculateRegionStatsClosure: adding 524288 for humongous Region 331, yielding: 141286088
[0.234s][debug][gc                   ] GC(0) ShenandoahCalculateRegionStatsClosure: adding 524288 for humongous Region 331, yielding: 141286088
[0.234s][debug][gc                   ] GC(0) ShenandoahCalculateRegionStatsClosure: adding 524288 for humongous Region 332, yielding: 141810376
[0.234s][debug][gc                   ] GC(0) ShenandoahCalculateRegionStatsClosure: adding 524288 for humongous Region 332, yielding: 141810376
[0.234s][debug][gc                   ] GC(0) ShenandoahCalculateRegionStatsClosure: adding 291096 for humongous Region 333, yielding: 142101472
[0.234s][debug][gc                   ] GC(0) ShenandoahCalculateRegionStatsClosure: adding 291096 for humongous Region 333, yielding: 142101472
[0.234s][debug][gc                   ] GC(0) ShenandoahCalculateRegionStatsClosure: adding 524288 for humongous Region 334, yielding: 142625760
[0.234s][debug][gc                   ] GC(0) ShenandoahCalculateRegionStatsClosure: adding 524288 for humongous Region 334, yielding: 142625760
[0.234s][debug][gc                   ] GC(0) ShenandoahCalculateRegionStatsClosure: adding 524288 for humongous Region 335, yielding: 143150048
[0.234s][debug][gc                   ] GC(0) ShenandoahCalculateRegionStatsClosure: adding 524288 for humongous Region 335, yielding: 143150048
[0.234s][debug][gc                   ] GC(0) ShenandoahCalculateRegionStatsClosure: adding 411080 for humongous Region 336, yielding: 143561128
[0.234s][debug][gc                   ] GC(0) ShenandoahCalculateRegionStatsClosure: adding 411080 for humongous Region 336, yielding: 143561128
[0.234s][debug][gc                   ] GC(0) ShenandoahCalculateRegionStatsClosure: adding 524288 for humongous Region 337, yielding: 144085416
[0.234s][debug][gc                   ] GC(0) ShenandoahCalculateRegionStatsClosure: adding 524288 for humongous Region 337, yielding: 144085416
[0.234s][debug][gc                   ] GC(0) ShenandoahCalculateRegionStatsClosure: adding 524288 for humongous Region 338, yielding: 144609704
[0.234s][debug][gc                   ] GC(0) ShenandoahCalculateRegionStatsClosure: adding 524288 for humongous Region 338, yielding: 144609704
[0.234s][debug][gc                   ] GC(0) ShenandoahCalculateRegionStatsClosure: adding 212464 for humongous Region 339, yielding: 144822168
[0.234s][debug][gc                   ] GC(0) ShenandoahCalculateRegionStatsClosure: adding 212464 for humongous Region 339, yielding: 144822168
[0.234s][debug][gc                   ] GC(0) ShenandoahCalculateRegionStatsClosure: adding 524288 for humongous Region 340, yielding: 145346456
[0.234s][debug][gc                   ] GC(0) ShenandoahCalculateRegionStatsClosure: adding 524288 for humongous Region 340, yielding: 145346456
[0.234s][debug][gc                   ] GC(0) ShenandoahCalculateRegionStatsClosure: adding 524288 for humongous Region 341, yielding: 145870744
[0.234s][debug][gc                   ] GC(0) ShenandoahCalculateRegionStatsClosure: adding 524288 for humongous Region 341, yielding: 145870744
[0.234s][debug][gc                   ] GC(0) ShenandoahCalculateRegionStatsClosure: adding 313368 for humongous Region 342, yielding: 146184112
[0.234s][debug][gc                   ] GC(0) ShenandoahCalculateRegionStatsClosure: adding 313368 for humongous Region 342, yielding: 146184112
[0.234s][debug][gc                   ] GC(0) ShenandoahCalculateRegionStatsClosure: adding 524288 for humongous Region 343, yielding: 146708400
[0.234s][debug][gc                   ] GC(0) ShenandoahCalculateRegionStatsClosure: adding 524288 for humongous Region 343, yielding: 146708400
[0.234s][debug][gc                   ] GC(0) ShenandoahCalculateRegionStatsClosure: adding 267864 for humongous Region 344, yielding: 146976264
[0.234s][debug][gc                   ] GC(0) ShenandoahCalculateRegionStatsClosure: adding 267864 for humongous Region 344, yielding: 146976264
[0.234s][debug][gc                   ] GC(0) ShenandoahCalculateRegionStatsClosure: adding 524288 for humongous Region 345, yielding: 147500552
[0.234s][debug][gc                   ] GC(0) ShenandoahCalculateRegionStatsClosure: adding 524288 for humongous Region 345, yielding: 147500552
[0.234s][debug][gc                   ] GC(0) ShenandoahCalculateRegionStatsClosure: adding 292952 for humongous Region 346, yielding: 147793504
[0.234s][debug][gc                   ] GC(0) ShenandoahCalculateRegionStatsClosure: adding 292952 for humongous Region 346, yielding: 147793504
[0.234s][debug][gc                   ] GC(0) ShenandoahCalculateRegionStatsClosure: adding 524288 for humongous Region 347, yielding: 148317792
[0.234s][debug][gc                   ] GC(0) ShenandoahCalculateRegionStatsClosure: adding 524288 for humongous Region 347, yielding: 148317792
[0.234s][debug][gc                   ] GC(0) ShenandoahCalculateRegionStatsClosure: adding 524288 for humongous Region 348, yielding: 148842080
[0.234s][debug][gc                   ] GC(0) ShenandoahCalculateRegionStatsClosure: adding 524288 for humongous Region 348, yielding: 148842080
[0.234s][debug][gc                   ] GC(0) ShenandoahCalculateRegionStatsClosure: adding 345256 for humongous Region 349, yielding: 149187336
[0.234s][debug][gc                   ] GC(0) ShenandoahCalculateRegionStatsClosure: adding 345256 for humongous Region 349, yielding: 149187336
[0.234s][debug][gc                   ] GC(0) ShenandoahCalculateRegionStatsClosure: adding 524288 for humongous Region 350, yielding: 149711624
[0.234s][debug][gc                   ] GC(0) ShenandoahCalculateRegionStatsClosure: adding 524288 for humongous Region 350, yielding: 149711624
[0.234s][debug][gc                   ] GC(0) ShenandoahCalculateRegionStatsClosure: adding 434520 for humongous Region 351, yielding: 150146144
[0.234s][debug][gc                   ] GC(0) ShenandoahCalculateRegionStatsClosure: adding 434520 for humongous Region 351, yielding: 150146144
[0.234s][debug][gc                   ] GC(0) ShenandoahCalculateRegionStatsClosure: adding 524288 for humongous Region 352, yielding: 150670432
[0.234s][debug][gc                   ] GC(0) ShenandoahCalculateRegionStatsClosure: adding 524288 for humongous Region 352, yielding: 150670432
[0.234s][debug][gc                   ] GC(0) ShenandoahCalculateRegionStatsClosure: adding 413480 for humongous Region 353, yielding: 151083912
[0.234s][debug][gc                   ] GC(0) ShenandoahCalculateRegionStatsClosure: adding 413480 for humongous Region 353, yielding: 151083912
[0.234s][debug][gc                   ] GC(0) ShenandoahCalculateRegionStatsClosure: adding 524288 for humongous Region 354, yielding: 151608200
[0.234s][debug][gc                   ] GC(0) ShenandoahCalculateRegionStatsClosure: adding 524288 for humongous Region 354, yielding: 151608200
[0.234s][debug][gc                   ] GC(0) ShenandoahCalculateRegionStatsClosure: adding 310120 for humongous Region 355, yielding: 151918320
[0.234s][debug][gc                   ] GC(0) ShenandoahCalculateRegionStatsClosure: adding 310120 for humongous Region 355, yielding: 151918320
[0.234s][debug][gc                   ] GC(0) ShenandoahCalculateRegionStatsClosure: adding 524288 for humongous Region 356, yielding: 152442608
[0.234s][debug][gc                   ] GC(0) ShenandoahCalculateRegionStatsClosure: adding 524288 for humongous Region 356, yielding: 152442608
[0.234s][debug][gc                   ] GC(0) ShenandoahCalculateRegionStatsClosure: adding 10376 for humongous Region 357, yielding: 152452984
[0.234s][debug][gc                   ] GC(0) ShenandoahCalculateRegionStatsClosure: adding 10376 for humongous Region 357, yielding: 152452984
[0.234s][debug][gc                   ] GC(0) ShenandoahCalculateRegionStatsClosure: adding 524288 for humongous Region 358, yielding: 152977272
[0.234s][debug][gc                   ] GC(0) ShenandoahCalculateRegionStatsClosure: adding 524288 for humongous Region 358, yielding: 152977272
[0.234s][debug][gc                   ] GC(0) ShenandoahCalculateRegionStatsClosure: adding 524288 for humongous Region 359, yielding: 153501560
[0.234s][debug][gc                   ] GC(0) ShenandoahCalculateRegionStatsClosure: adding 524288 for humongous Region 359, yielding: 153501560
[0.234s][debug][gc                   ] GC(0) ShenandoahCalculateRegionStatsClosure: adding 25392 for humongous Region 360, yielding: 153526952
[0.234s][debug][gc                   ] GC(0) ShenandoahCalculateRegionStatsClosure: adding 25392 for humongous Region 360, yielding: 153526952
[0.234s][debug][gc                   ] GC(0) ShenandoahCalculateRegionStatsClosure: adding 524288 for humongous Region 361, yielding: 154051240
[0.234s][debug][gc                   ] GC(0) ShenandoahCalculateRegionStatsClosure: adding 524288 for humongous Region 361, yielding: 154051240
[0.234s][debug][gc                   ] GC(0) ShenandoahCalculateRegionStatsClosure: adding 25008 for humongous Region 362, yielding: 154076248
[0.234s][debug][gc                   ] GC(0) ShenandoahCalculateRegionStatsClosure: adding 25008 for humongous Region 362, yielding: 154076248
[0.234s][debug][gc                   ] GC(0) ShenandoahCalculateRegionStatsClosure: adding 524288 for humongous Region 363, yielding: 154600536
[0.234s][debug][gc                   ] GC(0) ShenandoahCalculateRegionStatsClosure: adding 524288 for humongous Region 363, yielding: 154600536
[0.234s][debug][gc                   ] GC(0) ShenandoahCalculateRegionStatsClosure: adding 524288 for humongous Region 364, yielding: 155124824
[0.234s][debug][gc                   ] GC(0) ShenandoahCalculateRegionStatsClosure: adding 524288 for humongous Region 364, yielding: 155124824
[0.234s][debug][gc                   ] GC(0) ShenandoahCalculateRegionStatsClosure: adding 208752 for humongous Region 365, yielding: 155333576
[0.234s][debug][gc                   ] GC(0) ShenandoahCalculateRegionStatsClosure: adding 208752 for humongous Region 365, yielding: 155333576
[0.234s][debug][gc                   ] GC(0) ShenandoahCalculateRegionStatsClosure: adding 524288 for humongous Region 366, yielding: 155857864
[0.234s][debug][gc                   ] GC(0) ShenandoahCalculateRegionStatsClosure: adding 524288 for humongous Region 366, yielding: 155857864
[0.234s][debug][gc                   ] GC(0) ShenandoahCalculateRegionStatsClosure: adding 353096 for humongous Region 367, yielding: 156210960
[0.234s][debug][gc                   ] GC(0) ShenandoahCalculateRegionStatsClosure: adding 353096 for humongous Region 367, yielding: 156210960
[0.234s][debug][gc                   ] GC(0) ShenandoahCalculateRegionStatsClosure: adding 524288 for humongous Region 368, yielding: 156735248
[0.234s][debug][gc                   ] GC(0) ShenandoahCalculateRegionStatsClosure: adding 524288 for humongous Region 368, yielding: 156735248
[0.234s][debug][gc                   ] GC(0) ShenandoahCalculateRegionStatsClosure: adding 455488 for humongous Region 369, yielding: 157190736
[0.234s][debug][gc                   ] GC(0) ShenandoahCalculateRegionStatsClosure: adding 455488 for humongous Region 369, yielding: 157190736
[0.234s][debug][gc                   ] GC(0) ShenandoahCalculateRegionStatsClosure: adding 524288 for humongous Region 370, yielding: 157715024
[0.234s][debug][gc                   ] GC(0) ShenandoahCalculateRegionStatsClosure: adding 524288 for humongous Region 370, yielding: 157715024
[0.234s][debug][gc                   ] GC(0) ShenandoahCalculateRegionStatsClosure: adding 524288 for humongous Region 371, yielding: 158239312
[0.234s][debug][gc                   ] GC(0) ShenandoahCalculateRegionStatsClosure: adding 524288 for humongous Region 371, yielding: 158239312
[0.234s][debug][gc                   ] GC(0) ShenandoahCalculateRegionStatsClosure: adding 278912 for humongous Region 372, yielding: 158518224
[0.234s][debug][gc                   ] GC(0) ShenandoahCalculateRegionStatsClosure: adding 278912 for humongous Region 372, yielding: 158518224
[0.234s][debug][gc                   ] GC(0) ShenandoahCalculateRegionStatsClosure: adding 524288 for humongous Region 373, yielding: 159042512
[0.234s][debug][gc                   ] GC(0) ShenandoahCalculateRegionStatsClosure: adding 524288 for humongous Region 373, yielding: 159042512
[0.234s][debug][gc                   ] GC(0) ShenandoahCalculateRegionStatsClosure: adding 524288 for humongous Region 374, yielding: 159566800
[0.234s][debug][gc                   ] GC(0) ShenandoahCalculateRegionStatsClosure: adding 524288 for humongous Region 374, yielding: 159566800
[0.234s][debug][gc                   ] GC(0) ShenandoahCalculateRegionStatsClosure: adding 139832 for humongous Region 375, yielding: 159706632
[0.234s][debug][gc                   ] GC(0) ShenandoahCalculateRegionStatsClosure: adding 139832 for humongous Region 375, yielding: 159706632
[0.234s][debug][gc                   ] GC(0) ShenandoahCalculateRegionStatsClosure: adding 524288 for humongous Region 376, yielding: 160230920
[0.234s][debug][gc                   ] GC(0) ShenandoahCalculateRegionStatsClosure: adding 524288 for humongous Region 376, yielding: 160230920
[0.234s][debug][gc                   ] GC(0) ShenandoahCalculateRegionStatsClosure: adding 413912 for humongous Region 377, yielding: 160644832
[0.234s][debug][gc                   ] GC(0) ShenandoahCalculateRegionStatsClosure: adding 413912 for humongous Region 377, yielding: 160644832
[0.234s][debug][gc                   ] GC(0) ShenandoahCalculateRegionStatsClosure: adding 524288 for humongous Region 378, yielding: 161169120
[0.234s][debug][gc                   ] GC(0) ShenandoahCalculateRegionStatsClosure: adding 524288 for humongous Region 378, yielding: 161169120
[0.234s][debug][gc                   ] GC(0) ShenandoahCalculateRegionStatsClosure: adding 355112 for humongous Region 379, yielding: 161524232
[0.234s][debug][gc                   ] GC(0) ShenandoahCalculateRegionStatsClosure: adding 355112 for humongous Region 379, yielding: 161524232
[0.234s][debug][gc                   ] GC(0) ShenandoahCalculateRegionStatsClosure: adding 524288 for humongous Region 380, yielding: 162048520
[0.234s][debug][gc                   ] GC(0) ShenandoahCalculateRegionStatsClosure: adding 524288 for humongous Region 380, yielding: 162048520
[0.234s][debug][gc                   ] GC(0) ShenandoahCalculateRegionStatsClosure: adding 421904 for humongous Region 381, yielding: 162470424
[0.234s][debug][gc                   ] GC(0) ShenandoahCalculateRegionStatsClosure: adding 421904 for humongous Region 381, yielding: 162470424
[0.234s][debug][gc                   ] GC(0) ShenandoahCalculateRegionStatsClosure: adding 524288 for humongous Region 382, yielding: 162994712
[0.234s][debug][gc                   ] GC(0) ShenandoahCalculateRegionStatsClosure: adding 524288 for humongous Region 382, yielding: 162994712
[0.234s][debug][gc                   ] GC(0) ShenandoahCalculateRegionStatsClosure: adding 442432 for humongous Region 383, yielding: 163437144
[0.234s][debug][gc                   ] GC(0) ShenandoahCalculateRegionStatsClosure: adding 442432 for humongous Region 383, yielding: 163437144
[0.234s][debug][gc                   ] GC(0) ShenandoahCalculateRegionStatsClosure: adding 524288 for humongous Region 384, yielding: 163961432
[0.234s][debug][gc                   ] GC(0) ShenandoahCalculateRegionStatsClosure: adding 524288 for humongous Region 384, yielding: 163961432
[0.234s][debug][gc                   ] GC(0) ShenandoahCalculateRegionStatsClosure: adding 524288 for humongous Region 385, yielding: 164485720
[0.234s][debug][gc                   ] GC(0) ShenandoahCalculateRegionStatsClosure: adding 524288 for humongous Region 385, yielding: 164485720
[0.234s][debug][gc                   ] GC(0) ShenandoahCalculateRegionStatsClosure: adding 62056 for humongous Region 386, yielding: 164547776
[0.234s][debug][gc                   ] GC(0) ShenandoahCalculateRegionStatsClosure: adding 62056 for humongous Region 386, yielding: 164547776
[0.234s][debug][gc                   ] GC(0) ShenandoahCalculateRegionStatsClosure: adding 524288 for humongous Region 387, yielding: 165072064
[0.234s][debug][gc                   ] GC(0) ShenandoahCalculateRegionStatsClosure: adding 524288 for humongous Region 387, yielding: 165072064
[0.234s][debug][gc                   ] GC(0) ShenandoahCalculateRegionStatsClosure: adding 524288 for humongous Region 388, yielding: 165596352
[0.234s][debug][gc                   ] GC(0) ShenandoahCalculateRegionStatsClosure: adding 524288 for humongous Region 388, yielding: 165596352
[0.234s][debug][gc                   ] GC(0) ShenandoahCalculateRegionStatsClosure: adding 500312 for humongous Region 389, yielding: 166096664
[0.234s][debug][gc                   ] GC(0) ShenandoahCalculateRegionStatsClosure: adding 500312 for humongous Region 389, yielding: 166096664
[0.234s][debug][gc                   ] GC(0) ShenandoahCalculateRegionStatsClosure: adding 524288 for humongous Region 390, yielding: 166620952
[0.234s][debug][gc                   ] GC(0) ShenandoahCalculateRegionStatsClosure: adding 524288 for humongous Region 390, yielding: 166620952
[0.234s][debug][gc                   ] GC(0) ShenandoahCalculateRegionStatsClosure: adding 83080 for humongous Region 391, yielding: 166704032
[0.234s][debug][gc                   ] GC(0) ShenandoahCalculateRegionStatsClosure: adding 83080 for humongous Region 391, yielding: 166704032
[0.234s][debug][gc                   ] GC(0) ShenandoahCalculateRegionStatsClosure: adding 524288 for humongous Region 392, yielding: 167228320
[0.234s][debug][gc                   ] GC(0) ShenandoahCalculateRegionStatsClosure: adding 524288 for humongous Region 392, yielding: 167228320
[0.234s][debug][gc                   ] GC(0) ShenandoahCalculateRegionStatsClosure: adding 524288 for humongous Region 393, yielding: 167752608
[0.234s][debug][gc                   ] GC(0) ShenandoahCalculateRegionStatsClosure: adding 524288 for humongous Region 393, yielding: 167752608
[0.234s][debug][gc                   ] GC(0) ShenandoahCalculateRegionStatsClosure: adding 10336 for humongous Region 394, yielding: 167762944
[0.234s][debug][gc                   ] GC(0) ShenandoahCalculateRegionStatsClosure: adding 10336 for humongous Region 394, yielding: 167762944
[0.234s][debug][gc                   ] GC(0) ShenandoahCalculateRegionStatsClosure: adding 524288 for humongous Region 395, yielding: 168287232
[0.234s][debug][gc                   ] GC(0) ShenandoahCalculateRegionStatsClosure: adding 524288 for humongous Region 395, yielding: 168287232
[0.234s][debug][gc                   ] GC(0) ShenandoahCalculateRegionStatsClosure: adding 524288 for humongous Region 396, yielding: 168811520
[0.234s][debug][gc                   ] GC(0) ShenandoahCalculateRegionStatsClosure: adding 524288 for humongous Region 396, yielding: 168811520
[0.234s][debug][gc                   ] GC(0) ShenandoahCalculateRegionStatsClosure: adding 461584 for humongous Region 397, yielding: 169273104
[0.234s][debug][gc                   ] GC(0) ShenandoahCalculateRegionStatsClosure: adding 461584 for humongous Region 397, yielding: 169273104
[0.234s][debug][gc                   ] GC(0) ShenandoahCalculateRegionStatsClosure: adding 524288 for humongous Region 398, yielding: 169797392
[0.234s][debug][gc                   ] GC(0) ShenandoahCalculateRegionStatsClosure: adding 524288 for humongous Region 398, yielding: 169797392
[0.234s][debug][gc                   ] GC(0) ShenandoahCalculateRegionStatsClosure: adding 524288 for humongous Region 399, yielding: 170321680
[0.234s][debug][gc                   ] GC(0) ShenandoahCalculateRegionStatsClosure: adding 524288 for humongous Region 399, yielding: 170321680
[0.234s][debug][gc                   ] GC(0) ShenandoahCalculateRegionStatsClosure: adding 316400 for humongous Region 400, yielding: 170638080
[0.234s][debug][gc                   ] GC(0) ShenandoahCalculateRegionStatsClosure: adding 316400 for humongous Region 400, yielding: 170638080
[0.234s][debug][gc                   ] GC(0) ShenandoahCalculateRegionStatsClosure: adding 524288 for humongous Region 401, yielding: 171162368
[0.234s][debug][gc                   ] GC(0) ShenandoahCalculateRegionStatsClosure: adding 524288 for humongous Region 401, yielding: 171162368
[0.234s][debug][gc                   ] GC(0) ShenandoahCalculateRegionStatsClosure: adding 524288 for humongous Region 402, yielding: 171686656
[0.234s][debug][gc                   ] GC(0) ShenandoahCalculateRegionStatsClosure: adding 524288 for humongous Region 402, yielding: 171686656
[0.234s][debug][gc                   ] GC(0) ShenandoahCalculateRegionStatsClosure: adding 177640 for humongous Region 403, yielding: 171864296
[0.234s][debug][gc                   ] GC(0) ShenandoahCalculateRegionStatsClosure: adding 177640 for humongous Region 403, yielding: 171864296
[0.234s][debug][gc                   ] GC(0) ShenandoahCalculateRegionStatsClosure: adding 524288 for humongous Region 404, yielding: 172388584
[0.234s][debug][gc                   ] GC(0) ShenandoahCalculateRegionStatsClosure: adding 524288 for humongous Region 404, yielding: 172388584
[0.234s][debug][gc                   ] GC(0) ShenandoahCalculateRegionStatsClosure: adding 267632 for humongous Region 405, yielding: 172656216
[0.234s][debug][gc                   ] GC(0) ShenandoahCalculateRegionStatsClosure: adding 267632 for humongous Region 405, yielding: 172656216
[0.234s][debug][gc                   ] GC(0) ShenandoahCalculateRegionStatsClosure: adding 524288 for humongous Region 406, yielding: 173180504
[0.234s][debug][gc                   ] GC(0) ShenandoahCalculateRegionStatsClosure: adding 524288 for humongous Region 406, yielding: 173180504
[0.234s][debug][gc                   ] GC(0) ShenandoahCalculateRegionStatsClosure: adding 524288 for humongous Region 407, yielding: 173704792
[0.234s][debug][gc                   ] GC(0) ShenandoahCalculateRegionStatsClosure: adding 524288 for humongous Region 407, yielding: 173704792
[0.234s][debug][gc                   ] GC(0) ShenandoahCalculateRegionStatsClosure: adding 122400 for humongous Region 408, yielding: 173827192
[0.234s][debug][gc                   ] GC(0) ShenandoahCalculateRegionStatsClosure: adding 122400 for humongous Region 408, yielding: 173827192
[0.234s][debug][gc                   ] GC(0) ShenandoahCalculateRegionStatsClosure: adding 524288 for humongous Region 409, yielding: 174351480
[0.234s][debug][gc                   ] GC(0) ShenandoahCalculateRegionStatsClosure: adding 524288 for humongous Region 409, yielding: 174351480
[0.234s][debug][gc                   ] GC(0) ShenandoahCalculateRegionStatsClosure: adding 524288 for humongous Region 410, yielding: 174875768
[0.234s][debug][gc                   ] GC(0) ShenandoahCalculateRegionStatsClosure: adding 524288 for humongous Region 410, yielding: 174875768
[0.234s][debug][gc                   ] GC(0) ShenandoahCalculateRegionStatsClosure: adding 245384 for humongous Region 411, yielding: 175121152
[0.234s][debug][gc                   ] GC(0) ShenandoahCalculateRegionStatsClosure: adding 245384 for humongous Region 411, yielding: 175121152
[0.234s][debug][gc                   ] GC(0) ShenandoahCalculateRegionStatsClosure: adding 524288 for humongous Region 412, yielding: 175645440
[0.234s][debug][gc                   ] GC(0) ShenandoahCalculateRegionStatsClosure: adding 524288 for humongous Region 412, yielding: 175645440
[0.234s][debug][gc                   ] GC(0) ShenandoahCalculateRegionStatsClosure: adding 524288 for humongous Region 413, yielding: 176169728
[0.234s][debug][gc                   ] GC(0) ShenandoahCalculateRegionStatsClosure: adding 524288 for humongous Region 413, yielding: 176169728
[0.234s][debug][gc                   ] GC(0) ShenandoahCalculateRegionStatsClosure: adding 119432 for humongous Region 414, yielding: 176289160
[0.234s][debug][gc                   ] GC(0) ShenandoahCalculateRegionStatsClosure: adding 119432 for humongous Region 414, yielding: 176289160
[0.234s][debug][gc                   ] GC(0) ShenandoahCalculateRegionStatsClosure: adding 524288 for humongous Region 415, yielding: 176813448
[0.234s][debug][gc                   ] GC(0) ShenandoahCalculateRegionStatsClosure: adding 524288 for humongous Region 415, yielding: 176813448
[0.234s][debug][gc                   ] GC(0) ShenandoahCalculateRegionStatsClosure: adding 155960 for humongous Region 416, yielding: 176969408
[0.234s][debug][gc                   ] GC(0) ShenandoahCalculateRegionStatsClosure: adding 155960 for humongous Region 416, yielding: 176969408
[0.234s][debug][gc                   ] GC(0) ShenandoahCalculateRegionStatsClosure: adding 524288 for humongous Region 417, yielding: 177493696
[0.234s][debug][gc                   ] GC(0) ShenandoahCalculateRegionStatsClosure: adding 524288 for humongous Region 417, yielding: 177493696
[0.234s][debug][gc                   ] GC(0) ShenandoahCalculateRegionStatsClosure: adding 1440 for humongous Region 418, yielding: 177495136
[0.234s][debug][gc                   ] GC(0) ShenandoahCalculateRegionStatsClosure: adding 1440 for humongous Region 418, yielding: 177495136
[0.234s][debug][gc                   ] GC(0) ShenandoahCalculateRegionStatsClosure: adding 524288 for humongous Region 419, yielding: 178019424
[0.234s][debug][gc                   ] GC(0) ShenandoahCalculateRegionStatsClosure: adding 524288 for humongous Region 419, yielding: 178019424
[0.234s][debug][gc                   ] GC(0) ShenandoahCalculateRegionStatsClosure: adding 524288 for humongous Region 420, yielding: 178543712
[0.234s][debug][gc                   ] GC(0) ShenandoahCalculateRegionStatsClosure: adding 524288 for humongous Region 420, yielding: 178543712
[0.234s][debug][gc                   ] GC(0) ShenandoahCalculateRegionStatsClosure: adding 397200 for humongous Region 421, yielding: 178940912
[0.234s][debug][gc                   ] GC(0) ShenandoahCalculateRegionStatsClosure: adding 397200 for humongous Region 421, yielding: 178940912
[0.234s][debug][gc                   ] GC(0) ShenandoahCalculateRegionStatsClosure: adding 524288 for humongous Region 422, yielding: 179465200
[0.234s][debug][gc                   ] GC(0) ShenandoahCalculateRegionStatsClosure: adding 524288 for humongous Region 422, yielding: 179465200
[0.234s][debug][gc                   ] GC(0) ShenandoahCalculateRegionStatsClosure: adding 409856 for humongous Region 423, yielding: 179875056
[0.234s][debug][gc                   ] GC(0) ShenandoahCalculateRegionStatsClosure: adding 409856 for humongous Region 423, yielding: 179875056
[0.234s][debug][gc                   ] GC(0) ShenandoahCalculateRegionStatsClosure: adding 524288 for humongous Region 424, yielding: 180399344
[0.234s][debug][gc                   ] GC(0) ShenandoahCalculateRegionStatsClosure: adding 524288 for humongous Region 424, yielding: 180399344
[0.234s][debug][gc                   ] GC(0) ShenandoahCalculateRegionStatsClosure: adding 63384 for humongous Region 425, yielding: 180462728
[0.234s][debug][gc                   ] GC(0) ShenandoahCalculateRegionStatsClosure: adding 63384 for humongous Region 425, yielding: 180462728
[0.234s][debug][gc                   ] GC(0) ShenandoahCalculateRegionStatsClosure: adding 524288 for humongous Region 426, yielding: 180987016
[0.234s][debug][gc                   ] GC(0) ShenandoahCalculateRegionStatsClosure: adding 524288 for humongous Region 426, yielding: 180987016
[0.234s][debug][gc                   ] GC(0) ShenandoahCalculateRegionStatsClosure: adding 524288 for humongous Region 427, yielding: 181511304
[0.234s][debug][gc                   ] GC(0) ShenandoahCalculateRegionStatsClosure: adding 524288 for humongous Region 427, yielding: 181511304
[0.234s][debug][gc                   ] GC(0) ShenandoahCalculateRegionStatsClosure: adding 185536 for humongous Region 428, yielding: 181696840
[0.234s][debug][gc                   ] GC(0) ShenandoahCalculateRegionStatsClosure: adding 185536 for humongous Region 428, yielding: 181696840
[0.234s][debug][gc                   ] GC(0) ShenandoahCalculateRegionStatsClosure: adding 524288 for humongous Region 429, yielding: 182221128
[0.234s][debug][gc                   ] GC(0) ShenandoahCalculateRegionStatsClosure: adding 524288 for humongous Region 429, yielding: 182221128
[0.234s][debug][gc                   ] GC(0) ShenandoahCalculateRegionStatsClosure: adding 257752 for humongous Region 430, yielding: 182478880
[0.234s][debug][gc                   ] GC(0) ShenandoahCalculateRegionStatsClosure: adding 257752 for humongous Region 430, yielding: 182478880
[0.234s][debug][gc                   ] GC(0) ShenandoahCalculateRegionStatsClosure: adding 524288 for humongous Region 431, yielding: 183003168
[0.234s][debug][gc                   ] GC(0) ShenandoahCalculateRegionStatsClosure: adding 524288 for humongous Region 431, yielding: 183003168
[0.234s][debug][gc                   ] GC(0) ShenandoahCalculateRegionStatsClosure: adding 219528 for humongous Region 432, yielding: 183222696
[0.234s][debug][gc                   ] GC(0) ShenandoahCalculateRegionStatsClosure: adding 219528 for humongous Region 432, yielding: 183222696
[0.234s][debug][gc                   ] GC(0) ShenandoahCalculateRegionStatsClosure: adding 524288 for humongous Region 433, yielding: 183746984
[0.234s][debug][gc                   ] GC(0) ShenandoahCalculateRegionStatsClosure: adding 524288 for humongous Region 433, yielding: 183746984
[0.234s][debug][gc                   ] GC(0) ShenandoahCalculateRegionStatsClosure: adding 195240 for humongous Region 434, yielding: 183942224
[0.234s][debug][gc                   ] GC(0) ShenandoahCalculateRegionStatsClosure: adding 195240 for humongous Region 434, yielding: 183942224
[0.234s][debug][gc                   ] GC(0) ShenandoahCalculateRegionStatsClosure: adding 524288 for humongous Region 435, yielding: 184466512
[0.235s][debug][gc                   ] GC(0) ShenandoahCalculateRegionStatsClosure: adding 524288 for humongous Region 435, yielding: 184466512
[0.235s][debug][gc                   ] GC(0) ShenandoahCalculateRegionStatsClosure: adding 185376 for humongous Region 436, yielding: 184651888
[0.235s][debug][gc                   ] GC(0) ShenandoahCalculateRegionStatsClosure: adding 185376 for humongous Region 436, yielding: 184651888
[0.235s][debug][gc                   ] GC(0) ShenandoahCalculateRegionStatsClosure: adding 524288 for humongous Region 437, yielding: 185176176
[0.235s][debug][gc                   ] GC(0) ShenandoahCalculateRegionStatsClosure: adding 524288 for humongous Region 437, yielding: 185176176
[0.235s][debug][gc                   ] GC(0) ShenandoahCalculateRegionStatsClosure: adding 524288 for humongous Region 438, yielding: 185700464
[0.235s][debug][gc                   ] GC(0) ShenandoahCalculateRegionStatsClosure: adding 524288 for humongous Region 438, yielding: 185700464
[0.235s][debug][gc                   ] GC(0) ShenandoahCalculateRegionStatsClosure: adding 127184 for humongous Region 439, yielding: 185827648
[0.235s][debug][gc                   ] GC(0) ShenandoahCalculateRegionStatsClosure: adding 127184 for humongous Region 439, yielding: 185827648
[0.235s][debug][gc                   ] GC(0) ShenandoahCalculateRegionStatsClosure: adding 524288 for humongous Region 440, yielding: 186351936
[0.235s][debug][gc                   ] GC(0) ShenandoahCalculateRegionStatsClosure: adding 524288 for humongous Region 440, yielding: 186351936
[0.235s][debug][gc                   ] GC(0) ShenandoahCalculateRegionStatsClosure: adding 524288 for humongous Region 441, yielding: 186876224
[0.235s][debug][gc                   ] GC(0) ShenandoahCalculateRegionStatsClosure: adding 524288 for humongous Region 441, yielding: 186876224
[0.235s][debug][gc                   ] GC(0) ShenandoahCalculateRegionStatsClosure: adding 469224 for humongous Region 442, yielding: 187345448
[0.235s][debug][gc                   ] GC(0) ShenandoahCalculateRegionStatsClosure: adding 469224 for humongous Region 442, yielding: 187345448
[0.235s][debug][gc                   ] GC(0) ShenandoahCalculateRegionStatsClosure: adding 524288 for humongous Region 443, yielding: 187869736
[0.235s][debug][gc                   ] GC(0) ShenandoahCalculateRegionStatsClosure: adding 524288 for humongous Region 443, yielding: 187869736
[0.235s][debug][gc                   ] GC(0) ShenandoahCalculateRegionStatsClosure: adding 508008 for humongous Region 444, yielding: 188377744
[0.235s][debug][gc                   ] GC(0) ShenandoahCalculateRegionStatsClosure: adding 508008 for humongous Region 444, yielding: 188377744
[0.235s][debug][gc                   ] GC(0) ShenandoahCalculateRegionStatsClosure: adding 524288 for humongous Region 445, yielding: 188902032
[0.235s][debug][gc                   ] GC(0) ShenandoahCalculateRegionStatsClosure: adding 524288 for humongous Region 445, yielding: 188902032
[0.235s][debug][gc                   ] GC(0) ShenandoahCalculateRegionStatsClosure: adding 137808 for humongous Region 446, yielding: 189039840
[0.235s][debug][gc                   ] GC(0) ShenandoahCalculateRegionStatsClosure: adding 137808 for humongous Region 446, yielding: 189039840
[0.235s][debug][gc                   ] GC(0) ShenandoahCalculateRegionStatsClosure: adding 524288 for humongous Region 447, yielding: 189564128
[0.235s][debug][gc                   ] GC(0) ShenandoahCalculateRegionStatsClosure: adding 524288 for humongous Region 447, yielding: 189564128
[0.235s][debug][gc                   ] GC(0) ShenandoahCalculateRegionStatsClosure: adding 491880 for humongous Region 448, yielding: 190056008
[0.235s][debug][gc                   ] GC(0) ShenandoahCalculateRegionStatsClosure: adding 491880 for humongous Region 448, yielding: 190056008
[0.235s][debug][gc                   ] GC(0) ShenandoahCalculateRegionStatsClosure: adding 524288 for humongous Region 449, yielding: 190580296
[0.235s][debug][gc                   ] GC(0) ShenandoahCalculateRegionStatsClosure: adding 524288 for humongous Region 449, yielding: 190580296
[0.235s][debug][gc                   ] GC(0) ShenandoahCalculateRegionStatsClosure: adding 524288 for humongous Region 450, yielding: 191104584
[0.235s][debug][gc                   ] GC(0) ShenandoahCalculateRegionStatsClosure: adding 524288 for humongous Region 450, yielding: 191104584
[0.235s][debug][gc                   ] GC(0) ShenandoahCalculateRegionStatsClosure: adding 82576 for humongous Region 451, yielding: 191187160
[0.235s][debug][gc                   ] GC(0) ShenandoahCalculateRegionStatsClosure: adding 82576 for humongous Region 451, yielding: 191187160
[0.235s][debug][gc                   ] GC(0) ShenandoahCalculateRegionStatsClosure: adding 524288 for humongous Region 452, yielding: 191711448
[0.235s][debug][gc                   ] GC(0) ShenandoahCalculateRegionStatsClosure: adding 524288 for humongous Region 452, yielding: 191711448
[0.235s][debug][gc                   ] GC(0) ShenandoahCalculateRegionStatsClosure: adding 164640 for humongous Region 453, yielding: 191876088
[0.235s][debug][gc                   ] GC(0) ShenandoahCalculateRegionStatsClosure: adding 164640 for humongous Region 453, yielding: 191876088
[0.235s][debug][gc                   ] GC(0) ShenandoahCalculateRegionStatsClosure: adding 524288 for humongous Region 454, yielding: 192400376
[0.235s][debug][gc                   ] GC(0) ShenandoahCalculateRegionStatsClosure: adding 524288 for humongous Region 454, yielding: 192400376
[0.235s][debug][gc                   ] GC(0) ShenandoahCalculateRegionStatsClosure: adding 372880 for humongous Region 455, yielding: 192773256
[0.235s][debug][gc                   ] GC(0) ShenandoahCalculateRegionStatsClosure: adding 372880 for humongous Region 455, yielding: 192773256
[0.235s][debug][gc                   ] GC(0) ShenandoahCalculateRegionStatsClosure: adding 524288 for humongous Region 456, yielding: 193297544
[0.235s][debug][gc                   ] GC(0) ShenandoahCalculateRegionStatsClosure: adding 524288 for humongous Region 456, yielding: 193297544
[0.235s][debug][gc                   ] GC(0) ShenandoahCalculateRegionStatsClosure: adding 524288 for humongous Region 457, yielding: 193821832
[0.235s][debug][gc                   ] GC(0) ShenandoahCalculateRegionStatsClosure: adding 524288 for humongous Region 457, yielding: 193821832
[0.235s][debug][gc                   ] GC(0) ShenandoahCalculateRegionStatsClosure: adding 95464 for humongous Region 458, yielding: 193917296
[0.235s][debug][gc                   ] GC(0) ShenandoahCalculateRegionStatsClosure: adding 95464 for humongous Region 458, yielding: 193917296
[0.235s][debug][gc                   ] GC(0) ShenandoahCalculateRegionStatsClosure: adding 524288 for humongous Region 459, yielding: 194441584
[0.235s][debug][gc                   ] GC(0) ShenandoahCalculateRegionStatsClosure: adding 524288 for humongous Region 459, yielding: 194441584
[0.235s][debug][gc                   ] GC(0) ShenandoahCalculateRegionStatsClosure: adding 524288 for humongous Region 460, yielding: 194965872
[0.235s][debug][gc                   ] GC(0) ShenandoahCalculateRegionStatsClosure: adding 524288 for humongous Region 460, yielding: 194965872
[0.235s][debug][gc                   ] GC(0) ShenandoahCalculateRegionStatsClosure: adding 489712 for humongous Region 461, yielding: 195455584
[0.235s][debug][gc                   ] GC(0) ShenandoahCalculateRegionStatsClosure: adding 489712 for humongous Region 461, yielding: 195455584
[0.235s][debug][gc                   ] GC(0) ShenandoahCalculateRegionStatsClosure: adding 524288 for humongous Region 462, yielding: 195979872
[0.235s][debug][gc                   ] GC(0) ShenandoahCalculateRegionStatsClosure: adding 524288 for humongous Region 462, yielding: 195979872
[0.235s][debug][gc                   ] GC(0) ShenandoahCalculateRegionStatsClosure: adding 524288 for humongous Region 463, yielding: 196504160
[0.235s][debug][gc                   ] GC(0) ShenandoahCalculateRegionStatsClosure: adding 524288 for humongous Region 463, yielding: 196504160
[0.235s][debug][gc                   ] GC(0) ShenandoahCalculateRegionStatsClosure: adding 207608 for humongous Region 464, yielding: 196711768
[0.235s][debug][gc                   ] GC(0) ShenandoahCalculateRegionStatsClosure: adding 207608 for humongous Region 464, yielding: 196711768
[0.235s][debug][gc                   ] GC(0) ShenandoahCalculateRegionStatsClosure: adding 524288 for humongous Region 465, yielding: 197236056
[0.235s][debug][gc                   ] GC(0) ShenandoahCalculateRegionStatsClosure: adding 524288 for humongous Region 465, yielding: 197236056
[0.235s][debug][gc                   ] GC(0) ShenandoahCalculateRegionStatsClosure: adding 269992 for humongous Region 466, yielding: 197506048
[0.235s][debug][gc                   ] GC(0) ShenandoahCalculateRegionStatsClosure: adding 269992 for humongous Region 466, yielding: 197506048
[0.235s][debug][gc                   ] GC(0) ShenandoahCalculateRegionStatsClosure: adding 524288 for humongous Region 467, yielding: 198030336
[0.235s][debug][gc                   ] GC(0) ShenandoahCalculateRegionStatsClosure: adding 524288 for humongous Region 467, yielding: 198030336
[0.235s][debug][gc                   ] GC(0) ShenandoahCalculateRegionStatsClosure: adding 403008 for humongous Region 468, yielding: 198433344
[0.235s][debug][gc                   ] GC(0) ShenandoahCalculateRegionStatsClosure: adding 403008 for humongous Region 468, yielding: 198433344
[0.235s][debug][gc                   ] GC(0) ShenandoahCalculateRegionStatsClosure: adding 524288 for humongous Region 469, yielding: 198957632
[0.235s][debug][gc                   ] GC(0) ShenandoahCalculateRegionStatsClosure: adding 524288 for humongous Region 469, yielding: 198957632
[0.235s][debug][gc                   ] GC(0) ShenandoahCalculateRegionStatsClosure: adding 524288 for humongous Region 470, yielding: 199481920
[0.235s][debug][gc                   ] GC(0) ShenandoahCalculateRegionStatsClosure: adding 524288 for humongous Region 470, yielding: 199481920
[0.235s][debug][gc                   ] GC(0) ShenandoahCalculateRegionStatsClosure: adding 255080 for humongous Region 471, yielding: 199737000
[0.235s][debug][gc                   ] GC(0) ShenandoahCalculateRegionStatsClosure: adding 255080 for humongous Region 471, yielding: 199737000
[0.235s][debug][gc                   ] GC(0) ShenandoahCalculateRegionStatsClosure: adding 524288 for humongous Region 472, yielding: 200261288
[0.235s][debug][gc                   ] GC(0) ShenandoahCalculateRegionStatsClosure: adding 524288 for humongous Region 472, yielding: 200261288
[0.235s][debug][gc                   ] GC(0) ShenandoahCalculateRegionStatsClosure: adding 524288 for humongous Region 473, yielding: 200785576
[0.235s][debug][gc                   ] GC(0) ShenandoahCalculateRegionStatsClosure: adding 524288 for humongous Region 473, yielding: 200785576
[0.235s][debug][gc                   ] GC(0) ShenandoahCalculateRegionStatsClosure: adding 498920 for humongous Region 474, yielding: 201284496
[0.235s][debug][gc                   ] GC(0) ShenandoahCalculateRegionStatsClosure: adding 498920 for humongous Region 474, yielding: 201284496
[0.235s][debug][gc                   ] GC(0) ShenandoahCalculateRegionStatsClosure: adding 524288 for humongous Region 475, yielding: 201808784
[0.235s][debug][gc                   ] GC(0) ShenandoahCalculateRegionStatsClosure: adding 524288 for humongous Region 475, yielding: 201808784
[0.235s][debug][gc                   ] GC(0) ShenandoahCalculateRegionStatsClosure: adding 95432 for humongous Region 476, yielding: 201904216
[0.235s][debug][gc                   ] GC(0) ShenandoahCalculateRegionStatsClosure: adding 95432 for humongous Region 476, yielding: 201904216
[0.235s][debug][gc                   ] GC(0) ShenandoahCalculateRegionStatsClosure: adding 524288 for humongous Region 477, yielding: 202428504
[0.235s][debug][gc                   ] GC(0) ShenandoahCalculateRegionStatsClosure: adding 524288 for humongous Region 477, yielding: 202428504
[0.235s][debug][gc                   ] GC(0) ShenandoahCalculateRegionStatsClosure: adding 67544 for humongous Region 478, yielding: 202496048
[0.235s][debug][gc                   ] GC(0) ShenandoahCalculateRegionStatsClosure: adding 67544 for humongous Region 478, yielding: 202496048
[0.235s][debug][gc                   ] GC(0) ShenandoahCalculateRegionStatsClosure: adding 524288 for humongous Region 479, yielding: 203020336
[0.235s][debug][gc                   ] GC(0) ShenandoahCalculateRegionStatsClosure: adding 524288 for humongous Region 479, yielding: 203020336
[0.235s][debug][gc                   ] GC(0) ShenandoahCalculateRegionStatsClosure: adding 524288 for humongous Region 480, yielding: 203544624
[0.235s][debug][gc                   ] GC(0) ShenandoahCalculateRegionStatsClosure: adding 524288 for humongous Region 480, yielding: 203544624
[0.235s][debug][gc                   ] GC(0) ShenandoahCalculateRegionStatsClosure: adding 255440 for humongous Region 481, yielding: 203800064
[0.235s][debug][gc                   ] GC(0) ShenandoahCalculateRegionStatsClosure: adding 255440 for humongous Region 481, yielding: 203800064
[0.235s][debug][gc                   ] GC(0) ShenandoahCalculateRegionStatsClosure: adding 524288 for humongous Region 482, yielding: 204324352
[0.235s][debug][gc                   ] GC(0) ShenandoahCalculateRegionStatsClosure: adding 524288 for humongous Region 482, yielding: 204324352
[0.235s][debug][gc                   ] GC(0) ShenandoahCalculateRegionStatsClosure: adding 524288 for humongous Region 483, yielding: 204848640
[0.235s][debug][gc                   ] GC(0) ShenandoahCalculateRegionStatsClosure: adding 524288 for humongous Region 483, yielding: 204848640
[0.235s][debug][gc                   ] GC(0) ShenandoahCalculateRegionStatsClosure: adding 462624 for humongous Region 484, yielding: 205311264
[0.235s][debug][gc                   ] GC(0) ShenandoahCalculateRegionStatsClosure: adding 462624 for humongous Region 484, yielding: 205311264
[0.235s][debug][gc                   ] GC(0) ShenandoahCalculateRegionStatsClosure: adding 524288 for humongous Region 485, yielding: 205835552
[0.235s][debug][gc                   ] GC(0) ShenandoahCalculateRegionStatsClosure: adding 524288 for humongous Region 485, yielding: 205835552
[0.235s][debug][gc                   ] GC(0) ShenandoahCalculateRegionStatsClosure: adding 524288 for humongous Region 486, yielding: 206359840
[0.235s][debug][gc                   ] GC(0) ShenandoahCalculateRegionStatsClosure: adding 524288 for humongous Region 486, yielding: 206359840
[0.235s][debug][gc                   ] GC(0) ShenandoahCalculateRegionStatsClosure: adding 296216 for humongous Region 487, yielding: 206656056
[0.235s][debug][gc                   ] GC(0) ShenandoahCalculateRegionStatsClosure: adding 296216 for humongous Region 487, yielding: 206656056
[0.235s][debug][gc                   ] GC(0) ShenandoahCalculateRegionStatsClosure: adding 524288 for humongous Region 488, yielding: 207180344
[0.235s][debug][gc                   ] GC(0) ShenandoahCalculateRegionStatsClosure: adding 524288 for humongous Region 488, yielding: 207180344
[0.235s][debug][gc                   ] GC(0) ShenandoahCalculateRegionStatsClosure: adding 524288 for humongous Region 489, yielding: 207704632
[0.235s][debug][gc                   ] GC(0) ShenandoahCalculateRegionStatsClosure: adding 524288 for humongous Region 489, yielding: 207704632
[0.235s][debug][gc                   ] GC(0) ShenandoahCalculateRegionStatsClosure: adding 424288 for humongous Region 490, yielding: 208128920
[0.235s][debug][gc                   ] GC(0) ShenandoahCalculateRegionStatsClosure: adding 424288 for humongous Region 490, yielding: 208128920
[0.235s][debug][gc                   ] GC(0) ShenandoahCalculateRegionStatsClosure: adding 524288 for humongous Region 491, yielding: 208653208
[0.235s][debug][gc                   ] GC(0) ShenandoahCalculateRegionStatsClosure: adding 524288 for humongous Region 491, yielding: 208653208
[0.235s][debug][gc                   ] GC(0) ShenandoahCalculateRegionStatsClosure: adding 166144 for humongous Region 492, yielding: 208819352
[0.235s][debug][gc                   ] GC(0) ShenandoahCalculateRegionStatsClosure: adding 166144 for humongous Region 492, yielding: 208819352
[0.235s][debug][gc                   ] GC(0) ShenandoahCalculateRegionStatsClosure: adding 524288 for humongous Region 493, yielding: 209343640
[0.235s][debug][gc                   ] GC(0) ShenandoahCalculateRegionStatsClosure: adding 524288 for humongous Region 493, yielding: 209343640
[0.235s][debug][gc                   ] GC(0) ShenandoahCalculateRegionStatsClosure: adding 524288 for humongous Region 494, yielding: 209867928
[0.235s][debug][gc                   ] GC(0) ShenandoahCalculateRegionStatsClosure: adding 524288 for humongous Region 494, yielding: 209867928
[0.235s][debug][gc                   ] GC(0) ShenandoahCalculateRegionStatsClosure: adding 170272 for humongous Region 495, yielding: 210038200
[0.235s][debug][gc                   ] GC(0) ShenandoahCalculateRegionStatsClosure: adding 170272 for humongous Region 495, yielding: 210038200
[0.235s][debug][gc                   ] GC(0) ShenandoahCalculateRegionStatsClosure: adding 295960 for regular Region 1884, yielding: 210334160
[0.235s][debug][gc                   ] GC(0) ShenandoahCalculateRegionStatsClosure: adding 295960 for regular Region 1884, yielding: 210334160
[0.235s][debug][gc                   ] GC(0) ShenandoahCalculateRegionStatsClosure: adding 268504 for regular Region 1885, yielding: 210602664
[0.235s][debug][gc                   ] GC(0) ShenandoahCalculateRegionStatsClosure: adding 268504 for regular Region 1885, yielding: 210602664
[0.235s][debug][gc                   ] GC(0) ShenandoahCalculateRegionStatsClosure: adding 501072 for regular Region 1886, yielding: 211103736
[0.235s][debug][gc                   ] GC(0) ShenandoahCalculateRegionStatsClosure: adding 501072 for regular Region 1886, yielding: 211103736
[0.235s][debug][gc                   ] GC(0) ShenandoahCalculateRegionStatsClosure: adding 341456 for regular Region 1887, yielding: 211445192
[0.235s][debug][gc                   ] GC(0) ShenandoahCalculateRegionStatsClosure: adding 341456 for regular Region 1887, yielding: 211445192
[0.235s][debug][gc                   ] GC(0) ShenandoahCalculateRegionStatsClosure: adding 498688 for regular Region 1888, yielding: 211943880
[0.235s][debug][gc                   ] GC(0) ShenandoahCalculateRegionStatsClosure: adding 498688 for regular Region 1888, yielding: 211943880
[0.235s][debug][gc                   ] GC(0) ShenandoahCalculateRegionStatsClosure: adding 523472 for regular Region 1889, yielding: 212467352
[0.235s][debug][gc                   ] GC(0) ShenandoahCalculateRegionStatsClosure: adding 523472 for regular Region 1889, yielding: 212467352
[0.235s][debug][gc                   ] GC(0) ShenandoahCalculateRegionStatsClosure: adding 522152 for regular Region 1890, yielding: 212989504
[0.235s][debug][gc                   ] GC(0) ShenandoahCalculateRegionStatsClosure: adding 522152 for regular Region 1890, yielding: 212989504
[0.235s][debug][gc                   ] GC(0) ShenandoahCalculateRegionStatsClosure: adding 387552 for regular Region 1891, yielding: 213377056
[0.235s][debug][gc                   ] GC(0) ShenandoahCalculateRegionStatsClosure: adding 387552 for regular Region 1891, yielding: 213377056
[0.235s][debug][gc                   ] GC(0) ShenandoahCalculateRegionStatsClosure: adding 444624 for regular Region 1892, yielding: 213821680
[0.235s][debug][gc                   ] GC(0) ShenandoahCalculateRegionStatsClosure: adding 444624 for regular Region 1892, yielding: 213821680
[0.235s][debug][gc                   ] GC(0) ShenandoahCalculateRegionStatsClosure: adding 507696 for regular Region 1893, yielding: 214329376
[0.235s][debug][gc                   ] GC(0) ShenandoahCalculateRegionStatsClosure: adding 507696 for regular Region 1893, yielding: 214329376
[0.235s][debug][gc                   ] GC(0) ShenandoahCalculateRegionStatsClosure: adding 466936 for regular Region 1894, yielding: 214796312
[0.235s][debug][gc                   ] GC(0) ShenandoahCalculateRegionStatsClosure: adding 466936 for regular Region 1894, yielding: 214796312
[0.235s][debug][gc                   ] GC(0) ShenandoahCalculateRegionStatsClosure: adding 504920 for regular Region 1895, yielding: 215301232
[0.235s][debug][gc                   ] GC(0) ShenandoahCalculateRegionStatsClosure: adding 504920 for regular Region 1895, yielding: 215301232
[0.235s][debug][gc                   ] GC(0) ShenandoahCalculateRegionStatsClosure: adding 508504 for regular Region 1896, yielding: 215809736
[0.235s][debug][gc                   ] GC(0) ShenandoahCalculateRegionStatsClosure: adding 508504 for regular Region 1896, yielding: 215809736
[0.235s][debug][gc                   ] GC(0) ShenandoahCalculateRegionStatsClosure: adding 412552 for regular Region 1897, yielding: 216222288
[0.235s][debug][gc                   ] GC(0) ShenandoahCalculateRegionStatsClosure: adding 412552 for regular Region 1897, yielding: 216222288
[0.235s][debug][gc                   ] GC(0) ShenandoahCalculateRegionStatsClosure: adding 504232 for regular Region 1898, yielding: 216726520
[0.235s][debug][gc                   ] GC(0) ShenandoahCalculateRegionStatsClosure: adding 504232 for regular Region 1898, yielding: 216726520
[0.235s][debug][gc                   ] GC(0) ShenandoahCalculateRegionStatsClosure: adding 460336 for regular Region 1899, yielding: 217186856
[0.235s][debug][gc                   ] GC(0) ShenandoahCalculateRegionStatsClosure: adding 460336 for regular Region 1899, yielding: 217186856
[0.235s][debug][gc                   ] GC(0) ShenandoahCalculateRegionStatsClosure: adding 522112 for regular Region 1900, yielding: 217708968
[0.235s][debug][gc                   ] GC(0) ShenandoahCalculateRegionStatsClosure: adding 522112 for regular Region 1900, yielding: 217708968
[0.235s][debug][gc                   ] GC(0) ShenandoahCalculateRegionStatsClosure: adding 443448 for regular Region 1901, yielding: 218152416
[0.235s][debug][gc                   ] GC(0) ShenandoahCalculateRegionStatsClosure: adding 443448 for regular Region 1901, yielding: 218152416
[0.235s][debug][gc                   ] GC(0) ShenandoahCalculateRegionStatsClosure: adding 522640 for regular Region 1902, yielding: 218675056
[0.235s][debug][gc                   ] GC(0) ShenandoahCalculateRegionStatsClosure: adding 522640 for regular Region 1902, yielding: 218675056
[0.235s][debug][gc                   ] GC(0) ShenandoahCalculateRegionStatsClosure: adding 493912 for regular Region 1903, yielding: 219168968
[0.235s][debug][gc                   ] GC(0) ShenandoahCalculateRegionStatsClosure: adding 493912 for regular Region 1903, yielding: 219168968
[0.235s][debug][gc                   ] GC(0) ShenandoahCalculateRegionStatsClosure: adding 484112 for regular Region 1904, yielding: 219653080
[0.235s][debug][gc                   ] GC(0) ShenandoahCalculateRegionStatsClosure: adding 484112 for regular Region 1904, yielding: 219653080
[0.235s][debug][gc                   ] GC(0) ShenandoahCalculateRegionStatsClosure: adding 494904 for regular Region 1905, yielding: 220147984
[0.235s][debug][gc                   ] GC(0) ShenandoahCalculateRegionStatsClosure: adding 494904 for regular Region 1905, yielding: 220147984
[0.235s][debug][gc                   ] GC(0) ShenandoahCalculateRegionStatsClosure: adding 509912 for regular Region 1906, yielding: 220657896
[0.235s][debug][gc                   ] GC(0) ShenandoahCalculateRegionStatsClosure: adding 509912 for regular Region 1906, yielding: 220657896
[0.235s][debug][gc                   ] GC(0) ShenandoahCalculateRegionStatsClosure: adding 468640 for regular Region 1907, yielding: 221126536
[0.235s][debug][gc                   ] GC(0) ShenandoahCalculateRegionStatsClosure: adding 468640 for regular Region 1907, yielding: 221126536
[0.235s][debug][gc                   ] GC(0) ShenandoahCalculateRegionStatsClosure: adding 507320 for regular Region 1908, yielding: 221633856
[0.235s][debug][gc                   ] GC(0) ShenandoahCalculateRegionStatsClosure: adding 507320 for regular Region 1908, yielding: 221633856
[0.235s][debug][gc                   ] GC(0) ShenandoahCalculateRegionStatsClosure: adding 439560 for regular Region 1909, yielding: 222073416
[0.235s][debug][gc                   ] GC(0) ShenandoahCalculateRegionStatsClosure: adding 439560 for regular Region 1909, yielding: 222073416
[0.235s][debug][gc                   ] GC(0) ShenandoahCalculateRegionStatsClosure: adding 524288 for regular Region 1910, yielding: 222597704
[0.235s][debug][gc                   ] GC(0) ShenandoahCalculateRegionStatsClosure: adding 524288 for regular Region 1910, yielding: 222597704
[0.235s][debug][gc                   ] GC(0) ShenandoahCalculateRegionStatsClosure: adding 486696 for regular Region 1911, yielding: 223084400
[0.235s][debug][gc                   ] GC(0) ShenandoahCalculateRegionStatsClosure: adding 486696 for regular Region 1911, yielding: 223084400
[0.235s][debug][gc                   ] GC(0) ShenandoahCalculateRegionStatsClosure: adding 508872 for regular Region 1912, yielding: 223593272
[0.235s][debug][gc                   ] GC(0) ShenandoahCalculateRegionStatsClosure: adding 508872 for regular Region 1912, yielding: 223593272
[0.235s][debug][gc                   ] GC(0) ShenandoahCalculateRegionStatsClosure: adding 453704 for regular Region 1913, yielding: 224046976
[0.235s][debug][gc                   ] GC(0) ShenandoahCalculateRegionStatsClosure: adding 453704 for regular Region 1913, yielding: 224046976
[0.235s][debug][gc                   ] GC(0) ShenandoahCalculateRegionStatsClosure: adding 467448 for regular Region 1914, yielding: 224514424
[0.235s][debug][gc                   ] GC(0) ShenandoahCalculateRegionStatsClosure: adding 467448 for regular Region 1914, yielding: 224514424
[0.235s][debug][gc                   ] GC(0) ShenandoahCalculateRegionStatsClosure: adding 460680 for regular Region 1915, yielding: 224975104
[0.235s][debug][gc                   ] GC(0) ShenandoahCalculateRegionStatsClosure: adding 460680 for regular Region 1915, yielding: 224975104
[0.235s][debug][gc                   ] GC(0) ShenandoahCalculateRegionStatsClosure: adding 465696 for regular Region 1916, yielding: 225440800
[0.235s][debug][gc                   ] GC(0) ShenandoahCalculateRegionStatsClosure: adding 465696 for regular Region 1916, yielding: 225440800
[0.235s][debug][gc                   ] GC(0) ShenandoahCalculateRegionStatsClosure: adding 481696 for regular Region 1917, yielding: 225922496
[0.235s][debug][gc                   ] GC(0) ShenandoahCalculateRegionStatsClosure: adding 481696 for regular Region 1917, yielding: 225922496
[0.235s][debug][gc                   ] GC(0) ShenandoahCalculateRegionStatsClosure: adding 463240 for regular Region 1918, yielding: 226385736
[0.235s][debug][gc                   ] GC(0) ShenandoahCalculateRegionStatsClosure: adding 463240 for regular Region 1918, yielding: 226385736
[0.235s][debug][gc                   ] GC(0) ShenandoahCalculateRegionStatsClosure: adding 502600 for regular Region 1919, yielding: 226888336
[0.235s][debug][gc                   ] GC(0) ShenandoahCalculateRegionStatsClosure: adding 502600 for regular Region 1919, yielding: 226888336
[0.235s][debug][gc                   ] GC(0) ShenandoahCalculateRegionStatsClosure: adding 486728 for regular Region 1920, yielding: 227375064
[0.235s][debug][gc                   ] GC(0) ShenandoahCalculateRegionStatsClosure: adding 486728 for regular Region 1920, yielding: 227375064
[0.235s][debug][gc                   ] GC(0) ShenandoahCalculateRegionStatsClosure: adding 486168 for regular Region 1921, yielding: 227861232
[0.235s][debug][gc                   ] GC(0) ShenandoahCalculateRegionStatsClosure: adding 486168 for regular Region 1921, yielding: 227861232
[0.235s][debug][gc                   ] GC(0) ShenandoahCalculateRegionStatsClosure: adding 501984 for regular Region 1922, yielding: 228363216
[0.235s][debug][gc                   ] GC(0) ShenandoahCalculateRegionStatsClosure: adding 501984 for regular Region 1922, yielding: 228363216
[0.235s][debug][gc                   ] GC(0) ShenandoahCalculateRegionStatsClosure: adding 519920 for regular Region 1923, yielding: 228883136
[0.235s][debug][gc                   ] GC(0) ShenandoahCalculateRegionStatsClosure: adding 519920 for regular Region 1923, yielding: 228883136
[0.235s][debug][gc                   ] GC(0) ShenandoahCalculateRegionStatsClosure: adding 507912 for regular Region 1924, yielding: 229391048
[0.235s][debug][gc                   ] GC(0) ShenandoahCalculateRegionStatsClosure: adding 507912 for regular Region 1924, yielding: 229391048
[0.235s][debug][gc                   ] GC(0) ShenandoahCalculateRegionStatsClosure: adding 522072 for regular Region 1925, yielding: 229913120
[0.235s][debug][gc                   ] GC(0) ShenandoahCalculateRegionStatsClosure: adding 522072 for regular Region 1925, yielding: 229913120
[0.235s][debug][gc                   ] GC(0) ShenandoahCalculateRegionStatsClosure: adding 439144 for regular Region 1926, yielding: 230352264
[0.235s][debug][gc                   ] GC(0) ShenandoahCalculateRegionStatsClosure: adding 439144 for regular Region 1926, yielding: 230352264
[0.235s][debug][gc                   ] GC(0) ShenandoahCalculateRegionStatsClosure: adding 439936 for regular Region 1927, yielding: 230792200
[0.235s][debug][gc                   ] GC(0) ShenandoahCalculateRegionStatsClosure: adding 439936 for regular Region 1927, yielding: 230792200
[0.235s][debug][gc                   ] GC(0) ShenandoahCalculateRegionStatsClosure: adding 498304 for regular Region 1928, yielding: 231290504
[0.235s][debug][gc                   ] GC(0) ShenandoahCalculateRegionStatsClosure: adding 498304 for regular Region 1928, yielding: 231290504
[0.235s][debug][gc                   ] GC(0) ShenandoahCalculateRegionStatsClosure: adding 504936 for regular Region 1929, yielding: 231795440
[0.235s][debug][gc                   ] GC(0) ShenandoahCalculateRegionStatsClosure: adding 504936 for regular Region 1929, yielding: 231795440
[0.235s][debug][gc                   ] GC(0) ShenandoahCalculateRegionStatsClosure: adding 517480 for regular Region 1930, yielding: 232312920
[0.235s][debug][gc                   ] GC(0) ShenandoahCalculateRegionStatsClosure: adding 517480 for regular Region 1930, yielding: 232312920
[0.235s][debug][gc                   ] GC(0) ShenandoahCalculateRegionStatsClosure: adding 467872 for regular Region 1931, yielding: 232780792
[0.235s][debug][gc                   ] GC(0) ShenandoahCalculateRegionStatsClosure: adding 467872 for regular Region 1931, yielding: 232780792
[0.235s][debug][gc                   ] GC(0) ShenandoahCalculateRegionStatsClosure: adding 479384 for regular Region 1932, yielding: 233260176
[0.235s][debug][gc                   ] GC(0) ShenandoahCalculateRegionStatsClosure: adding 479384 for regular Region 1932, yielding: 233260176
[0.235s][debug][gc                   ] GC(0) ShenandoahCalculateRegionStatsClosure: adding 481200 for regular Region 1933, yielding: 233741376
[0.235s][debug][gc                   ] GC(0) ShenandoahCalculateRegionStatsClosure: adding 481200 for regular Region 1933, yielding: 233741376
[0.235s][debug][gc                   ] GC(0) ShenandoahCalculateRegionStatsClosure: adding 443504 for regular Region 1934, yielding: 234184880
[0.235s][debug][gc                   ] GC(0) ShenandoahCalculateRegionStatsClosure: adding 443504 for regular Region 1934, yielding: 234184880
[0.235s][debug][gc                   ] GC(0) ShenandoahCalculateRegionStatsClosure: adding 514128 for regular Region 1935, yielding: 234699008
[0.235s][debug][gc                   ] GC(0) ShenandoahCalculateRegionStatsClosure: adding 514128 for regular Region 1935, yielding: 234699008
[0.235s][debug][gc                   ] GC(0) ShenandoahCalculateRegionStatsClosure: adding 524288 for regular Region 1936, yielding: 235223296
[0.235s][debug][gc                   ] GC(0) ShenandoahCalculateRegionStatsClosure: adding 524288 for regular Region 1936, yielding: 235223296
[0.235s][debug][gc                   ] GC(0) ShenandoahCalculateRegionStatsClosure: adding 524288 for regular Region 1937, yielding: 235747584
[0.235s][debug][gc                   ] GC(0) ShenandoahCalculateRegionStatsClosure: adding 524288 for regular Region 1937, yielding: 235747584
[0.235s][debug][gc                   ] GC(0) ShenandoahCalculateRegionStatsClosure: adding 524288 for regular Region 1938, yielding: 236271872
[0.235s][debug][gc                   ] GC(0) ShenandoahCalculateRegionStatsClosure: adding 524288 for regular Region 1938, yielding: 236271872
[0.235s][debug][gc                   ] GC(0) ShenandoahCalculateRegionStatsClosure: adding 524288 for regular Region 1939, yielding: 236796160
[0.235s][debug][gc                   ] GC(0) ShenandoahCalculateRegionStatsClosure: adding 524288 for regular Region 1939, yielding: 236796160
[0.235s][debug][gc                   ] GC(0) ShenandoahCalculateRegionStatsClosure: adding 524288 for regular Region 1940, yielding: 237320448
[0.235s][debug][gc                   ] GC(0) ShenandoahCalculateRegionStatsClosure: adding 524288 for regular Region 1940, yielding: 237320448
[0.235s][debug][gc                   ] GC(0) ShenandoahCalculateRegionStatsClosure: adding 524288 for regular Region 1941, yielding: 237844736
[0.235s][debug][gc                   ] GC(0) ShenandoahCalculateRegionStatsClosure: adding 524288 for regular Region 1941, yielding: 237844736
[0.235s][debug][gc                   ] GC(0) ShenandoahCalculateRegionStatsClosure: adding 524288 for regular Region 1942, yielding: 238369024
[0.235s][debug][gc                   ] GC(0) ShenandoahCalculateRegionStatsClosure: adding 524288 for regular Region 1942, yielding: 238369024
[0.235s][debug][gc                   ] GC(0) ShenandoahCalculateRegionStatsClosure: adding 524288 for regular Region 1943, yielding: 238893312
[0.235s][debug][gc                   ] GC(0) ShenandoahCalculateRegionStatsClosure: adding 524288 for regular Region 1943, yielding: 238893312
[0.235s][debug][gc                   ] GC(0) ShenandoahCalculateRegionStatsClosure: adding 524288 for regular Region 1944, yielding: 239417600
[0.235s][debug][gc                   ] GC(0) ShenandoahCalculateRegionStatsClosure: adding 524288 for regular Region 1944, yielding: 239417600
[0.235s][debug][gc                   ] GC(0) Safepoint verification: OLD verified usage: 0B, recorded usage: 0B
[0.235s][debug][gc                   ] GC(0) Safepoint verification: YOUNG verified usage: 228M, recorded usage: 228M
[0.235s][debug][gc                   ] GC(0) Safepoint verification: GLOBAL verified usage: 228M, recorded usage: 228M
[0.235s][debug][gc                   ] GC(0) Safepoint verification finished remembered set verification
[0.235s][debug][gc                   ] GC(0) Safepoint verification finished heap region closure verification
[0.241s][info ][gc,remset            ] GC(0) Scan remembered set using bitmap: true
[0.241s][info ][gc,remset            ] GC(0) Scan remembered set using bitmap: true
[0.241s][info ][gc,remset            ] GC(0) Scan remembered set using bitmap: true
[0.241s][info ][gc,remset            ] GC(0) Scan remembered set using bitmap: true
[0.241s][info ][gc,remset            ] GC(0) Scan remembered set using bitmap: true
[0.241s][info ][gc,remset            ] GC(0) Scan remembered set using bitmap: true
[0.241s][info ][gc,remset            ] GC(0) Scan remembered set using bitmap: true
[0.241s][info ][gc,remset            ] GC(0) Scan remembered set using bitmap: true
[0.241s][info ][gc,remset            ] GC(0) Scan remembered set using bitmap: true
[0.241s][info ][gc,remset            ] GC(0) Scan remembered set using bitmap: true
[0.241s][info ][gc,remset            ] GC(0) Scan remembered set using bitmap: true
[0.241s][info ][gc,remset            ] GC(0) Scan remembered set using bitmap: true
[0.241s][info ][gc,remset            ] GC(0) Scan remembered set using bitmap: true
[0.241s][info ][gc,remset            ] GC(0) Scan remembered set using bitmap: true
[0.241s][info ][gc,remset            ] GC(0) Scan remembered set using bitmap: true
[0.241s][info ][gc,remset            ] GC(0) Scan remembered set using bitmap: true
[0.242s][debug][gc                   ] GC(0) Safepoint verification finished getting initial reachable set
[0.242s][debug][gc                   ] GC(0) Safepoint verification finished walking marked objects
[0.242s][debug][gc                   ] GC(0) Safepoint verification finished accumulation of liveness data
[0.242s][info ][gc                   ] GC(0) Verify Before Mark, Level 4 (22322 reachable, 0 marked)
[0.242s][trace][gc,task              ] GC(0) Shenandoah GC Threads: using 16 out of 16 workers
[0.242s][debug][gc                   ] GC(0) Capturing TAMS for YOUNG Region 488, was: 0x00000000cf400000, now: 0x00000000cf480000
[0.242s][debug][gc                   ] GC(0) Capturing TAMS for YOUNG Region 489, was: 0x00000000cf480000, now: 0x00000000cf500000
[0.242s][debug][gc                   ] GC(0) Capturing TAMS for YOUNG Region 490, was: 0x00000000cf500000, now: 0x00000000cf567960
[0.242s][debug][gc                   ] GC(0) Capturing TAMS for YOUNG Region 491, was: 0x00000000cf580000, now: 0x00000000cf600000
[0.242s][debug][gc                   ] GC(0) Capturing TAMS for YOUNG Region 492, was: 0x00000000cf600000, now: 0x00000000cf628900
[0.242s][debug][gc                   ] GC(0) Capturing TAMS for YOUNG Region 493, was: 0x00000000cf680000, now: 0x00000000cf700000
[0.242s][debug][gc                   ] GC(0) Capturing TAMS for YOUNG Region 494, was: 0x00000000cf700000, now: 0x00000000cf780000
[0.242s][debug][gc                   ] GC(0) Capturing TAMS for YOUNG Region 495, was: 0x00000000cf780000, now: 0x00000000cf7a9920
[0.242s][info ][gc,ergo              ] GC(0) Pacer for Mark. Expected Live: 102M, Free: 694M, Non-Taxable: 71163K, Alloc Tax Rate: 0.2x
[0.242s][info ][gc                   ] GC(0) Pause Init Mark (YOUNG) 11.393ms
[0.242s][debug][gc,heap              ] GC(0) Epilogue: active_generation is Young, gc_generation is Young
[0.242s][info ][gc,start             ] GC(0) Concurrent remembered set scanning
[0.242s][trace][gc,task              ] GC(0) Shenandoah GC Threads: using 8 out of 16 workers
[0.242s][info ][gc,task              ] GC(0) Using 8 of 16 workers for Concurrent remembered set scanning
[0.242s][info ][gc,remset            ] GC(0) Scan remembered set using bitmap: true
[0.242s][trace][gc,tlab              ] TLAB: gc thread: 0x00007faab001e7d0 [id: 19798] desired_size: 512KB slow allocs: 275  refill waste: 10848B alloc: 0.02571     7306KB refills: 5 waste  1.2% gc: 0B slow: 26824B
[0.242s][trace][gc,tlab              ] TLAB new size: thread: 0x00007faab001e7d0 [id: 19798] refills 50  alloc: 0.025707 desired_size: 65536 -> 65536
[0.242s][debug][gc                   ] GC(0) ShenandoahScanRememberedTask::do_work(1), processing slice of region 1 at offset 0, size: 65536
[0.242s][debug][gc                   ] GC(0) ShenandoahScanRememberedTask::do_work(2), processing slice of region 2 at offset 0, size: 65536
[0.242s][debug][gc                   ] GC(0) ShenandoahScanRememberedTask::do_work(4), processing slice of region 5 at offset 0, size: 65536
[0.242s][debug][gc                   ] GC(0) ShenandoahScanRememberedTask::do_work(1), processing slice of region 3 at offset 0, size: 65536
[0.242s][debug][gc                   ] GC(0) ShenandoahScanRememberedTask::do_work(1), processing slice of region 11 at offset 0, size: 65536
[0.242s][debug][gc                   ] GC(0) ShenandoahScanRememberedTask::do_work(1), processing slice of region 12 at offset 0, size: 65536
[0.242s][debug][gc                   ] GC(0) ShenandoahScanRememberedTask::do_work(1), processing slice of region 13 at offset 0, size: 65536
[0.242s][debug][gc                   ] GC(0) ShenandoahScanRememberedTask::do_work(1), processing slice of region 14 at offset 0, size: 65536
[0.242s][debug][gc                   ] GC(0) ShenandoahScanRememberedTask::do_work(1), processing slice of region 15 at offset 0, size: 65536
[0.242s][debug][gc                   ] GC(0) ShenandoahScanRememberedTask::do_work(1), processing slice of region 16 at offset 0, size: 65536
[0.242s][debug][gc                   ] GC(0) ShenandoahScanRememberedTask::do_work(1), processing slice of region 17 at offset 0, size: 65536
[0.242s][debug][gc                   ] GC(0) ShenandoahScanRememberedTask::do_work(1), processing slice of region 18 at offset 0, size: 65536
[0.242s][debug][gc                   ] GC(0) ShenandoahScanRememberedTask::do_work(1), processing slice of region 19 at offset 0, size: 65536
[0.242s][debug][gc                   ] GC(0) ShenandoahScanRememberedTask::do_work(1), processing slice of region 20 at offset 0, size: 65536
[0.242s][debug][gc                   ] GC(0) ShenandoahScanRememberedTask::do_work(1), processing slice of region 21 at offset 0, size: 65536
[0.242s][debug][gc                   ] GC(0) ShenandoahScanRememberedTask::do_work(1), processing slice of region 22 at offset 0, size: 65536
[0.242s][debug][gc                   ] GC(0) ShenandoahScanRememberedTask::do_work(1), processing slice of region 23 at offset 0, size: 65536
[0.242s][debug][gc                   ] GC(0) ShenandoahScanRememberedTask::do_work(1), processing slice of region 24 at offset 0, size: 65536
[0.242s][debug][gc                   ] GC(0) ShenandoahScanRememberedTask::do_work(7), processing slice of region 9 at offset 0, size: 65536
[0.242s][debug][gc                   ] GC(0) ShenandoahScanRememberedTask::do_work(4), processing slice of region 10 at offset 0, size: 65536
[0.242s][debug][gc                   ] GC(0) ShenandoahScanRememberedTask::do_work(4), processing slice of region 27 at offset 0, size: 65536
[0.242s][debug][gc                   ] GC(0) ShenandoahScanRememberedTask::do_work(0), processing slice of region 0 at offset 0, size: 65536
[0.242s][debug][gc                   ] GC(0) ShenandoahScanRememberedTask::do_work(0), processing slice of region 29 at offset 0, size: 65536
[0.242s][debug][gc                   ] GC(0) ShenandoahScanRememberedTask::do_work(0), processing slice of region 30 at offset 0, size: 65536
[0.242s][debug][gc                   ] GC(0) ShenandoahScanRememberedTask::do_work(0), processing slice of region 31 at offset 0, size: 65536
[0.242s][debug][gc                   ] GC(0) ShenandoahScanRememberedTask::do_work(0), processing slice of region 32 at offset 0, size: 65536
[0.242s][debug][gc                   ] GC(0) ShenandoahScanRememberedTask::do_work(0), processing slice of region 33 at offset 0, size: 65536
[0.242s][debug][gc                   ] GC(0) ShenandoahScanRememberedTask::do_work(0), processing slice of region 34 at offset 0, size: 65536
[0.242s][debug][gc                   ] GC(0) ShenandoahScanRememberedTask::do_work(0), processing slice of region 35 at offset 0, size: 65536
[0.242s][debug][gc                   ] GC(0) ShenandoahScanRememberedTask::do_work(0), processing slice of region 36 at offset 0, size: 65536
[0.242s][debug][gc                   ] GC(0) ShenandoahScanRememberedTask::do_work(0), processing slice of region 37 at offset 0, size: 65536
[0.242s][debug][gc                   ] GC(0) ShenandoahScanRememberedTask::do_work(0), processing slice of region 38 at offset 0, size: 65536
[0.242s][debug][gc                   ] GC(0) ShenandoahScanRememberedTask::do_work(0), processing slice of region 39 at offset 0, size: 65536
[0.242s][debug][gc                   ] GC(0) ShenandoahScanRememberedTask::do_work(0), processing slice of region 40 at offset 0, size: 65536
[0.242s][debug][gc                   ] GC(0) ShenandoahScanRememberedTask::do_work(0), processing slice of region 41 at offset 0, size: 65536
[0.242s][debug][gc                   ] GC(0) ShenandoahScanRememberedTask::do_work(0), processing slice of region 42 at offset 0, size: 65536
[0.242s][debug][gc                   ] GC(0) ShenandoahScanRememberedTask::do_work(0), processing slice of region 43 at offset 0, size: 65536
[0.242s][debug][gc                   ] GC(0) ShenandoahScanRememberedTask::do_work(6), processing slice of region 7 at offset 0, size: 65536
[0.242s][debug][gc                   ] GC(0) ShenandoahScanRememberedTask::do_work(6), processing slice of region 45 at offset 0, size: 65536
[0.242s][debug][gc                   ] GC(0) ShenandoahScanRememberedTask::do_work(6), processing slice of region 46 at offset 0, size: 65536
[0.242s][debug][gc                   ] GC(0) ShenandoahScanRememberedTask::do_work(6), processing slice of region 47 at offset 0, size: 65536
[0.242s][debug][gc                   ] GC(0) ShenandoahScanRememberedTask::do_work(6), processing slice of region 48 at offset 0, size: 65536
[0.242s][debug][gc                   ] GC(0) ShenandoahScanRememberedTask::do_work(1), processing slice of region 25 at offset 0, size: 65536
[0.242s][debug][gc                   ] GC(0) ShenandoahScanRememberedTask::do_work(6), processing slice of region 49 at offset 0, size: 65536
[0.242s][debug][gc                   ] GC(0) ShenandoahScanRememberedTask::do_work(1), processing slice of region 50 at offset 0, size: 65536
[0.242s][debug][gc                   ] GC(0) ShenandoahScanRememberedTask::do_work(7), processing slice of region 26 at offset 0, size: 65536
[0.242s][debug][gc                   ] GC(0) ShenandoahScanRememberedTask::do_work(1), processing slice of region 52 at offset 0, size: 65536
[0.242s][debug][gc                   ] GC(0) ShenandoahScanRememberedTask::do_work(7), processing slice of region 53 at offset 0, size: 65536
[0.242s][debug][gc                   ] GC(0) ShenandoahScanRememberedTask::do_work(1), processing slice of region 54 at offset 0, size: 65536
[0.242s][debug][gc                   ] GC(0) ShenandoahScanRememberedTask::do_work(3), processing slice of region 4 at offset 0, size: 65536
[0.242s][debug][gc                   ] GC(0) ShenandoahScanRememberedTask::do_work(2), processing slice of region 8 at offset 0, size: 65536
[0.242s][debug][gc                   ] GC(0) ShenandoahScanRememberedTask::do_work(2), processing slice of region 58 at offset 0, size: 65536
[0.242s][debug][gc                   ] GC(0) ShenandoahScanRememberedTask::do_work(0), processing slice of region 44 at offset 0, size: 65536
[0.242s][debug][gc                   ] GC(0) ShenandoahScanRememberedTask::do_work(4), processing slice of region 28 at offset 0, size: 65536
[0.242s][debug][gc                   ] GC(0) ShenandoahScanRememberedTask::do_work(4), processing slice of region 61 at offset 0, size: 65536
[0.242s][debug][gc                   ] GC(0) ShenandoahScanRememberedTask::do_work(4), processing slice of region 62 at offset 0, size: 65536
[0.242s][debug][gc                   ] GC(0) ShenandoahScanRememberedTask::do_work(4), processing slice of region 63 at offset 0, size: 65536
[0.242s][debug][gc                   ] GC(0) ShenandoahScanRememberedTask::do_work(1), processing slice of region 56 at offset 0, size: 65536
[0.242s][debug][gc                   ] GC(0) ShenandoahScanRememberedTask::do_work(1), processing slice of region 65 at offset 0, size: 65536
[0.242s][debug][gc                   ] GC(0) ShenandoahScanRememberedTask::do_work(1), processing slice of region 66 at offset 0, size: 65536
[0.242s][debug][gc                   ] GC(0) ShenandoahScanRememberedTask::do_work(1), processing slice of region 67 at offset 0, size: 65536
[0.242s][debug][gc                   ] GC(0) ShenandoahScanRememberedTask::do_work(6), processing slice of region 51 at offset 0, size: 65536
[0.242s][debug][gc                   ] GC(0) ShenandoahScanRememberedTask::do_work(2), processing slice of region 59 at offset 0, size: 65536
[0.242s][debug][gc                   ] GC(0) ShenandoahScanRememberedTask::do_work(2), processing slice of region 70 at offset 0, size: 65536
[0.242s][debug][gc                   ] GC(0) ShenandoahScanRememberedTask::do_work(0), processing slice of region 60 at offset 0, size: 65536
[0.242s][debug][gc                   ] GC(0) ShenandoahScanRememberedTask::do_work(2), processing slice of region 71 at offset 0, size: 65536
[0.242s][debug][gc                   ] GC(0) ShenandoahScanRememberedTask::do_work(0), processing slice of region 72 at offset 0, size: 65536
[0.242s][debug][gc                   ] GC(0) ShenandoahScanRememberedTask::do_work(2), processing slice of region 73 at offset 0, size: 65536
[0.242s][debug][gc                   ] GC(0) ShenandoahScanRememberedTask::do_work(2), processing slice of region 74 at offset 0, size: 65536
[0.242s][debug][gc                   ] GC(0) ShenandoahScanRememberedTask::do_work(5), processing slice of region 6 at offset 0, size: 65536
[0.242s][debug][gc                   ] GC(0) ShenandoahScanRememberedTask::do_work(5), processing slice of region 77 at offset 0, size: 65536
[0.242s][debug][gc                   ] GC(0) ShenandoahScanRememberedTask::do_work(6), processing slice of region 69 at offset 0, size: 65536
[0.242s][debug][gc                   ] GC(0) ShenandoahScanRememberedTask::do_work(5), processing slice of region 78 at offset 0, size: 65536
[0.242s][debug][gc                   ] GC(0) ShenandoahScanRememberedTask::do_work(5), processing slice of region 79 at offset 0, size: 65536
[0.242s][debug][gc                   ] GC(0) ShenandoahScanRememberedTask::do_work(7), processing slice of region 55 at offset 0, size: 65536
[0.242s][debug][gc                   ] GC(0) ShenandoahScanRememberedTask::do_work(4), processing slice of region 64 at offset 0, size: 65536
[0.242s][debug][gc                   ] GC(0) ShenandoahScanRememberedTask::do_work(0), processing slice of region 75 at offset 0, size: 65536
[0.242s][debug][gc                   ] GC(0) ShenandoahScanRememberedTask::do_work(4), processing slice of region 83 at offset 0, size: 65536
[0.242s][debug][gc                   ] GC(0) ShenandoahScanRememberedTask::do_work(0), processing slice of region 84 at offset 0, size: 65536
[0.242s][debug][gc                   ] GC(0) ShenandoahScanRememberedTask::do_work(2), processing slice of region 76 at offset 0, size: 65536
[0.242s][debug][gc                   ] GC(0) ShenandoahScanRememberedTask::do_work(3), processing slice of region 57 at offset 0, size: 65536
[0.242s][debug][gc                   ] GC(0) ShenandoahScanRememberedTask::do_work(3), processing slice of region 88 at offset 0, size: 65536
[0.242s][debug][gc                   ] GC(0) ShenandoahScanRememberedTask::do_work(3), processing slice of region 89 at offset 0, size: 65536
[0.242s][debug][gc                   ] GC(0) ShenandoahScanRememberedTask::do_work(3), processing slice of region 90 at offset 0, size: 65536
[0.242s][debug][gc                   ] GC(0) ShenandoahScanRememberedTask::do_work(3), processing slice of region 91 at offset 0, size: 65536
[0.242s][debug][gc                   ] GC(0) ShenandoahScanRememberedTask::do_work(5), processing slice of region 81 at offset 0, size: 65536
[0.242s][debug][gc                   ] GC(0) ShenandoahScanRememberedTask::do_work(5), processing slice of region 93 at offset 0, size: 65536
[0.242s][debug][gc                   ] GC(0) ShenandoahScanRememberedTask::do_work(5), processing slice of region 94 at offset 0, size: 65536
[0.242s][debug][gc                   ] GC(0) ShenandoahScanRememberedTask::do_work(5), processing slice of region 95 at offset 0, size: 65536
[0.242s][debug][gc                   ] GC(0) ShenandoahScanRememberedTask::do_work(5), processing slice of region 96 at offset 0, size: 65536
[0.242s][debug][gc                   ] GC(0) ShenandoahScanRememberedTask::do_work(5), processing slice of region 97 at offset 0, size: 65536
[0.242s][debug][gc                   ] GC(0) ShenandoahScanRememberedTask::do_work(5), processing slice of region 98 at offset 0, size: 65536
[0.242s][debug][gc                   ] GC(0) ShenandoahScanRememberedTask::do_work(5), processing slice of region 99 at offset 0, size: 65536
[0.242s][debug][gc                   ] GC(0) ShenandoahScanRememberedTask::do_work(5), processing slice of region 100 at offset 0, size: 65536
[0.242s][debug][gc                   ] GC(0) ShenandoahScanRememberedTask::do_work(5), processing slice of region 101 at offset 0, size: 65536
[0.242s][debug][gc                   ] GC(0) ShenandoahScanRememberedTask::do_work(5), processing slice of region 102 at offset 0, size: 65536
[0.242s][trace][gc,tlab              ] ThreadLocalAllocBuffer::compute_size(23169) returns 65536
[0.242s][trace][gc,free              ] Failed to shrink TLAB or GCLAB request (65536) in region 1897 to 13967 because min_size() is 23241
[0.242s][trace][gc,free              ] Failed to shrink TLAB or GCLAB request (65536) in region 1891 to 17092 because min_size() is 23241
[0.242s][trace][gc,free              ] Failed to shrink TLAB or GCLAB request (65536) in region 1888 to 3200 because min_size() is 23241
[0.242s][trace][gc,free              ] Failed to shrink TLAB or GCLAB request (65536) in region 1887 to 22854 because min_size() is 23241
[0.242s][debug][gc                   ] GC(0) ShenandoahScanRememberedTask::do_work(0), processing slice of region 86 at offset 0, size: 65536
[0.242s][debug][gc                   ] GC(0) ShenandoahScanRememberedTask::do_work(0), processing slice of region 104 at offset 0, size: 65536
[0.242s][debug][gc                   ] GC(0) ShenandoahScanRememberedTask::do_work(0), processing slice of region 105 at offset 0, size: 65536
[0.242s][debug][gc                   ] GC(0) ShenandoahScanRememberedTask::do_work(0), processing slice of region 106 at offset 0, size: 65536
[0.242s][debug][gc                   ] GC(0) ShenandoahScanRememberedTask::do_work(0), processing slice of region 107 at offset 0, size: 65536
[0.242s][debug][gc                   ] GC(0) ShenandoahScanRememberedTask::do_work(0), processing slice of region 108 at offset 0, size: 65536
[0.242s][debug][gc                   ] GC(0) ShenandoahScanRememberedTask::do_work(0), processing slice of region 109 at offset 0, size: 65536
[0.242s][debug][gc                   ] GC(0) ShenandoahScanRememberedTask::do_work(2), processing slice of region 87 at offset 0, size: 65536
[0.242s][debug][gc                   ] GC(0) ShenandoahScanRememberedTask::do_work(2), processing slice of region 111 at offset 0, size: 65536
[0.242s][debug][gc                   ] GC(0) ShenandoahScanRememberedTask::do_work(2), processing slice of region 112 at offset 0, size: 65536
[0.242s][debug][gc                   ] GC(0) ShenandoahScanRememberedTask::do_work(2), processing slice of region 113 at offset 0, size: 65536
[0.242s][debug][gc                   ] GC(0) ShenandoahScanRememberedTask::do_work(2), processing slice of region 114 at offset 0, size: 65536
[0.242s][debug][gc                   ] GC(0) ShenandoahScanRememberedTask::do_work(2), processing slice of region 115 at offset 0, size: 65536
[0.242s][debug][gc                   ] GC(0) ShenandoahScanRememberedTask::do_work(2), processing slice of region 116 at offset 0, size: 65536
[0.242s][debug][gc                   ] GC(0) ShenandoahScanRememberedTask::do_work(2), processing slice of region 117 at offset 0, size: 65536
[0.242s][debug][gc                   ] GC(0) ShenandoahScanRememberedTask::do_work(2), processing slice of region 118 at offset 0, size: 65536
[0.242s][debug][gc                   ] GC(0) ShenandoahScanRememberedTask::do_work(2), processing slice of region 119 at offset 0, size: 65536
[0.242s][debug][gc                   ] GC(0) ShenandoahScanRememberedTask::do_work(2), processing slice of region 120 at offset 0, size: 65536
[0.242s][debug][gc                   ] GC(0) ShenandoahScanRememberedTask::do_work(2), processing slice of region 121 at offset 0, size: 65536
[0.242s][debug][gc                   ] GC(0) ShenandoahScanRememberedTask::do_work(2), processing slice of region 122 at offset 0, size: 65536
[0.242s][debug][gc                   ] GC(0) ShenandoahScanRememberedTask::do_work(2), processing slice of region 123 at offset 0, size: 65536
[0.242s][debug][gc                   ] GC(0) ShenandoahScanRememberedTask::do_work(2), processing slice of region 124 at offset 0, size: 65536
[0.242s][debug][gc                   ] GC(0) ShenandoahScanRememberedTask::do_work(2), processing slice of region 125 at offset 0, size: 65536
[0.242s][debug][gc                   ] GC(0) ShenandoahScanRememberedTask::do_work(2), processing slice of region 126 at offset 0, size: 65536
[0.242s][debug][gc                   ] GC(0) ShenandoahScanRememberedTask::do_work(2), processing slice of region 127 at offset 0, size: 65536
[0.242s][debug][gc                   ] GC(0) ShenandoahScanRememberedTask::do_work(2), processing slice of region 128 at offset 0, size: 65536
[0.242s][debug][gc                   ] GC(0) ShenandoahScanRememberedTask::do_work(5), processing slice of region 103 at offset 0, size: 65536
[0.242s][debug][gc                   ] GC(0) ShenandoahScanRememberedTask::do_work(5), processing slice of region 130 at offset 0, size: 65536
[0.242s][debug][gc                   ] GC(0) ShenandoahScanRememberedTask::do_work(5), processing slice of region 131 at offset 0, size: 65536
[0.242s][debug][gc                   ] GC(0) ShenandoahScanRememberedTask::do_work(5), processing slice of region 132 at offset 0, size: 65536
[0.242s][debug][gc                   ] GC(0) ShenandoahScanRememberedTask::do_work(5), processing slice of region 133 at offset 0, size: 65536
[0.242s][debug][gc                   ] GC(0) ShenandoahScanRememberedTask::do_work(5), processing slice of region 134 at offset 0, size: 65536
[0.242s][debug][gc                   ] GC(0) ShenandoahScanRememberedTask::do_work(5), processing slice of region 135 at offset 0, size: 65536
[0.242s][debug][gc                   ] GC(0) ShenandoahScanRememberedTask::do_work(5), processing slice of region 136 at offset 0, size: 65536
[0.242s][debug][gc                   ] GC(0) ShenandoahScanRememberedTask::do_work(5), processing slice of region 137 at offset 0, size: 65536
[0.242s][debug][gc                   ] GC(0) ShenandoahScanRememberedTask::do_work(5), processing slice of region 138 at offset 0, size: 65536
[0.242s][debug][gc                   ] GC(0) ShenandoahScanRememberedTask::do_work(5), processing slice of region 139 at offset 0, size: 65536
[0.242s][debug][gc                   ] GC(0) ShenandoahScanRememberedTask::do_work(5), processing slice of region 140 at offset 0, size: 65536
[0.242s][debug][gc                   ] GC(0) ShenandoahScanRememberedTask::do_work(5), processing slice of region 141 at offset 0, size: 65536
[0.242s][debug][gc                   ] GC(0) ShenandoahScanRememberedTask::do_work(5), processing slice of region 142 at offset 0, size: 65536
[0.242s][debug][gc                   ] GC(0) ShenandoahScanRememberedTask::do_work(5), processing slice of region 143 at offset 0, size: 65536
[0.242s][debug][gc                   ] GC(0) ShenandoahScanRememberedTask::do_work(6), processing slice of region 80 at offset 0, size: 65536
[0.242s][debug][gc                   ] GC(0) ShenandoahScanRememberedTask::do_work(6), processing slice of region 145 at offset 0, size: 65536
[0.242s][debug][gc                   ] GC(0) ShenandoahScanRememberedTask::do_work(6), processing slice of region 146 at offset 0, size: 65536
[0.242s][debug][gc                   ] GC(0) ShenandoahScanRememberedTask::do_work(6), processing slice of region 147 at offset 0, size: 65536
[0.242s][debug][gc                   ] GC(0) ShenandoahScanRememberedTask::do_work(6), processing slice of region 148 at offset 0, size: 65536
[0.242s][debug][gc                   ] GC(0) ShenandoahScanRememberedTask::do_work(6), processing slice of region 149 at offset 0, size: 65536
[0.242s][debug][gc                   ] GC(0) ShenandoahScanRememberedTask::do_work(6), processing slice of region 150 at offset 0, size: 65536
[0.242s][debug][gc                   ] GC(0) ShenandoahScanRememberedTask::do_work(6), processing slice of region 151 at offset 0, size: 65536
[0.242s][debug][gc                   ] GC(0) ShenandoahScanRememberedTask::do_work(6), processing slice of region 152 at offset 0, size: 65536
[0.242s][debug][gc                   ] GC(0) ShenandoahScanRememberedTask::do_work(6), processing slice of region 153 at offset 0, size: 65536
[0.242s][debug][gc                   ] GC(0) ShenandoahScanRememberedTask::do_work(6), processing slice of region 154 at offset 0, size: 65536
[0.242s][debug][gc                   ] GC(0) ShenandoahScanRememberedTask::do_work(6), processing slice of region 155 at offset 0, size: 65536
[0.242s][debug][gc                   ] GC(0) ShenandoahScanRememberedTask::do_work(6), processing slice of region 156 at offset 0, size: 65536
[0.242s][debug][gc                   ] GC(0) ShenandoahScanRememberedTask::do_work(6), processing slice of region 157 at offset 0, size: 65536
[0.242s][debug][gc                   ] GC(0) ShenandoahScanRememberedTask::do_work(6), processing slice of region 158 at offset 0, size: 65536
[0.242s][debug][gc                   ] GC(0) ShenandoahScanRememberedTask::do_work(6), processing slice of region 159 at offset 0, size: 65536
[0.242s][debug][gc                   ] GC(0) ShenandoahScanRememberedTask::do_work(6), processing slice of region 160 at offset 0, size: 65536
[0.242s][debug][gc                   ] GC(0) ShenandoahScanRememberedTask::do_work(6), processing slice of region 161 at offset 0, size: 65536
[0.242s][debug][gc                   ] GC(0) ShenandoahScanRememberedTask::do_work(6), processing slice of region 162 at offset 0, size: 65536
[0.242s][debug][gc                   ] GC(0) ShenandoahScanRememberedTask::do_work(6), processing slice of region 163 at offset 0, size: 65536
[0.242s][debug][gc                   ] GC(0) ShenandoahScanRememberedTask::do_work(6), processing slice of region 164 at offset 0, size: 65536
[0.242s][debug][gc                   ] GC(0) ShenandoahScanRememberedTask::do_work(6), processing slice of region 165 at offset 0, size: 65536
[0.242s][debug][gc                   ] GC(0) ShenandoahScanRememberedTask::do_work(6), processing slice of region 166 at offset 0, size: 65536
[0.242s][debug][gc                   ] GC(0) ShenandoahScanRememberedTask::do_work(6), processing slice of region 167 at offset 0, size: 65536
[0.242s][debug][gc                   ] GC(0) ShenandoahScanRememberedTask::do_work(6), processing slice of region 168 at offset 0, size: 65536
[0.242s][debug][gc                   ] GC(0) ShenandoahScanRememberedTask::do_work(6), processing slice of region 169 at offset 0, size: 65536
[0.242s][debug][gc                   ] GC(0) ShenandoahScanRememberedTask::do_work(6), processing slice of region 170 at offset 0, size: 65536
[0.242s][debug][gc                   ] GC(0) ShenandoahScanRememberedTask::do_work(6), processing slice of region 171 at offset 0, size: 65536
[0.242s][debug][gc                   ] GC(0) ShenandoahScanRememberedTask::do_work(6), processing slice of region 172 at offset 0, size: 65536
[0.242s][debug][gc                   ] GC(0) ShenandoahScanRememberedTask::do_work(6), processing slice of region 173 at offset 0, size: 65536
[0.242s][debug][gc                   ] GC(0) ShenandoahScanRememberedTask::do_work(6), processing slice of region 174 at offset 0, size: 65536
[0.242s][debug][gc                   ] GC(0) ShenandoahScanRememberedTask::do_work(6), processing slice of region 175 at offset 0, size: 65536
[0.242s][debug][gc                   ] GC(0) ShenandoahScanRememberedTask::do_work(6), processing slice of region 176 at offset 0, size: 65536
[0.242s][debug][gc                   ] GC(0) ShenandoahScanRememberedTask::do_work(6), processing slice of region 177 at offset 0, size: 65536
[0.242s][debug][gc                   ] GC(0) ShenandoahScanRememberedTask::do_work(6), processing slice of region 178 at offset 0, size: 65536
[0.242s][debug][gc                   ] GC(0) ShenandoahScanRememberedTask::do_work(6), processing slice of region 179 at offset 0, size: 65536
[0.242s][debug][gc                   ] GC(0) ShenandoahScanRememberedTask::do_work(6), processing slice of region 180 at offset 0, size: 65536
[0.242s][debug][gc                   ] GC(0) ShenandoahScanRememberedTask::do_work(6), processing slice of region 181 at offset 0, size: 65536
[0.242s][debug][gc                   ] GC(0) ShenandoahScanRememberedTask::do_work(6), processing slice of region 182 at offset 0, size: 65536
[0.242s][debug][gc                   ] GC(0) ShenandoahScanRememberedTask::do_work(6), processing slice of region 183 at offset 0, size: 65536
[0.242s][debug][gc                   ] GC(0) ShenandoahScanRememberedTask::do_work(6), processing slice of region 184 at offset 0, size: 65536
[0.242s][debug][gc                   ] GC(0) ShenandoahScanRememberedTask::do_work(6), processing slice of region 185 at offset 0, size: 65536
[0.242s][debug][gc                   ] GC(0) ShenandoahScanRememberedTask::do_work(6), processing slice of region 186 at offset 0, size: 65536
[0.242s][debug][gc                   ] GC(0) ShenandoahScanRememberedTask::do_work(6), processing slice of region 187 at offset 0, size: 65536
[0.242s][debug][gc                   ] GC(0) ShenandoahScanRememberedTask::do_work(6), processing slice of region 188 at offset 0, size: 65536
[0.242s][debug][gc                   ] GC(0) ShenandoahScanRememberedTask::do_work(6), processing slice of region 189 at offset 0, size: 65536
[0.242s][debug][gc                   ] GC(0) ShenandoahScanRememberedTask::do_work(6), processing slice of region 190 at offset 0, size: 65536
[0.242s][debug][gc                   ] GC(0) ShenandoahScanRememberedTask::do_work(6), processing slice of region 191 at offset 0, size: 65536
[0.242s][debug][gc                   ] GC(0) ShenandoahScanRememberedTask::do_work(6), processing slice of region 192 at offset 0, size: 65536
[0.242s][debug][gc                   ] GC(0) ShenandoahScanRememberedTask::do_work(6), processing slice of region 193 at offset 0, size: 65536
[0.242s][debug][gc                   ] GC(0) ShenandoahScanRememberedTask::do_work(6), processing slice of region 194 at offset 0, size: 65536
[0.242s][debug][gc                   ] GC(0) ShenandoahScanRememberedTask::do_work(6), processing slice of region 195 at offset 0, size: 65536
[0.242s][debug][gc                   ] GC(0) ShenandoahScanRememberedTask::do_work(6), processing slice of region 196 at offset 0, size: 65536
[0.242s][debug][gc                   ] GC(0) ShenandoahScanRememberedTask::do_work(6), processing slice of region 197 at offset 0, size: 65536
[0.242s][debug][gc                   ] GC(0) ShenandoahScanRememberedTask::do_work(6), processing slice of region 198 at offset 0, size: 65536
[0.242s][debug][gc                   ] GC(0) ShenandoahScanRememberedTask::do_work(6), processing slice of region 199 at offset 0, size: 65536
[0.242s][debug][gc                   ] GC(0) ShenandoahScanRememberedTask::do_work(6), processing slice of region 200 at offset 0, size: 65536
[0.242s][debug][gc                   ] GC(0) ShenandoahScanRememberedTask::do_work(6), processing slice of region 201 at offset 0, size: 65536
[0.242s][debug][gc                   ] GC(0) ShenandoahScanRememberedTask::do_work(6), processing slice of region 202 at offset 0, size: 65536
[0.242s][debug][gc                   ] GC(0) ShenandoahScanRememberedTask::do_work(6), processing slice of region 203 at offset 0, size: 65536
[0.242s][debug][gc                   ] GC(0) ShenandoahScanRememberedTask::do_work(6), processing slice of region 204 at offset 0, size: 65536
[0.242s][debug][gc                   ] GC(0) ShenandoahScanRememberedTask::do_work(6), processing slice of region 205 at offset 0, size: 65536
[0.242s][debug][gc                   ] GC(0) ShenandoahScanRememberedTask::do_work(6), processing slice of region 206 at offset 0, size: 65536
[0.242s][debug][gc                   ] GC(0) ShenandoahScanRememberedTask::do_work(6), processing slice of region 207 at offset 0, size: 65536
[0.242s][debug][gc                   ] GC(0) ShenandoahScanRememberedTask::do_work(6), processing slice of region 208 at offset 0, size: 65536
[0.242s][debug][gc                   ] GC(0) ShenandoahScanRememberedTask::do_work(6), processing slice of region 209 at offset 0, size: 65536
[0.242s][debug][gc                   ] GC(0) ShenandoahScanRememberedTask::do_work(6), processing slice of region 210 at offset 0, size: 65536
[0.242s][debug][gc                   ] GC(0) ShenandoahScanRememberedTask::do_work(6), processing slice of region 211 at offset 0, size: 65536
[0.242s][debug][gc                   ] GC(0) ShenandoahScanRememberedTask::do_work(6), processing slice of region 212 at offset 0, size: 65536
[0.242s][debug][gc                   ] GC(0) ShenandoahScanRememberedTask::do_work(6), processing slice of region 213 at offset 0, size: 65536
[0.242s][debug][gc                   ] GC(0) ShenandoahScanRememberedTask::do_work(6), processing slice of region 214 at offset 0, size: 65536
[0.242s][debug][gc                   ] GC(0) ShenandoahScanRememberedTask::do_work(6), processing slice of region 215 at offset 0, size: 65536
[0.242s][debug][gc                   ] GC(0) ShenandoahScanRememberedTask::do_work(6), processing slice of region 216 at offset 0, size: 65536
[0.242s][debug][gc                   ] GC(0) ShenandoahScanRememberedTask::do_work(6), processing slice of region 217 at offset 0, size: 65536
[0.242s][debug][gc                   ] GC(0) ShenandoahScanRememberedTask::do_work(6), processing slice of region 218 at offset 0, size: 65536
[0.242s][debug][gc                   ] GC(0) ShenandoahScanRememberedTask::do_work(6), processing slice of region 219 at offset 0, size: 65536
[0.242s][debug][gc                   ] GC(0) ShenandoahScanRememberedTask::do_work(6), processing slice of region 220 at offset 0, size: 65536
[0.242s][debug][gc                   ] GC(0) ShenandoahScanRememberedTask::do_work(6), processing slice of region 221 at offset 0, size: 65536
[0.242s][debug][gc                   ] GC(0) ShenandoahScanRememberedTask::do_work(6), processing slice of region 222 at offset 0, size: 65536
[0.242s][debug][gc                   ] GC(0) ShenandoahScanRememberedTask::do_work(0), processing slice of region 110 at offset 0, size: 65536
[0.243s][debug][gc                   ] GC(0) ShenandoahScanRememberedTask::do_work(0), processing slice of region 224 at offset 0, size: 65536
[0.243s][debug][gc                   ] GC(0) ShenandoahScanRememberedTask::do_work(0), processing slice of region 225 at offset 0, size: 65536
[0.243s][debug][gc                   ] GC(0) ShenandoahScanRememberedTask::do_work(0), processing slice of region 226 at offset 0, size: 65536
[0.243s][debug][gc                   ] GC(0) ShenandoahScanRememberedTask::do_work(0), processing slice of region 227 at offset 0, size: 65536
[0.242s][debug][gc                   ] GC(0) ShenandoahScanRememberedTask::do_work(1), processing slice of region 68 at offset 0, size: 65536
[0.243s][debug][gc                   ] GC(0) ShenandoahScanRememberedTask::do_work(0), processing slice of region 228 at offset 0, size: 65536
[0.243s][debug][gc                   ] GC(0) ShenandoahScanRememberedTask::do_work(0), processing slice of region 229 at offset 0, size: 65536
[0.243s][debug][gc                   ] GC(0) ShenandoahScanRememberedTask::do_work(1), processing slice of region 230 at offset 0, size: 65536
[0.242s][debug][gc                   ] GC(0) ShenandoahScanRememberedTask::do_work(3), processing slice of region 92 at offset 0, size: 65536
[0.242s][debug][gc                   ] GC(0) ShenandoahScanRememberedTask::do_work(7), processing slice of region 82 at offset 0, size: 65536
[0.242s][debug][gc                   ] GC(0) ShenandoahScanRememberedTask::do_work(2), processing slice of region 129 at offset 0, size: 65536
[0.242s][debug][gc                   ] GC(0) ShenandoahScanRememberedTask::do_work(4), processing slice of region 85 at offset 0, size: 65536
[0.242s][trace][gc,tlab              ] TLAB: fill thread: 0x00007faab001e7d0 [id: 19798] desired_size: 512KB slow allocs: 0  refill waste: 8192B alloc: 0.02571     7313KB refills: 1 waste  0.0% gc: 0B slow: 0B
[0.242s][debug][gc                   ] GC(0) ShenandoahScanRememberedTask::do_work(6), processing slice of region 223 at offset 0, size: 65536
[0.243s][debug][gc                   ] GC(0) ShenandoahScanRememberedTask::do_work(0), processing slice of region 231 at offset 0, size: 65536
[0.243s][debug][gc                   ] GC(0) ShenandoahScanRememberedTask::do_work(0), processing slice of region 238 at offset 0, size: 65536
[0.243s][debug][gc                   ] GC(0) ShenandoahScanRememberedTask::do_work(1), processing slice of region 232 at offset 0, size: 65536
[0.243s][debug][gc                   ] GC(0) ShenandoahScanRememberedTask::do_work(3), processing slice of region 233 at offset 0, size: 65536
[0.243s][debug][gc                   ] GC(0) ShenandoahScanRememberedTask::do_work(3), processing slice of region 241 at offset 0, size: 65536
[0.243s][debug][gc                   ] GC(0) ShenandoahScanRememberedTask::do_work(3), processing slice of region 242 at offset 0, size: 65536
[0.243s][debug][gc                   ] GC(0) ShenandoahScanRememberedTask::do_work(3), processing slice of region 243 at offset 0, size: 65536
[0.243s][debug][gc                   ] GC(0) ShenandoahScanRememberedTask::do_work(3), processing slice of region 244 at offset 0, size: 65536
[0.243s][debug][gc                   ] GC(0) ShenandoahScanRememberedTask::do_work(3), processing slice of region 245 at offset 0, size: 65536
[0.243s][debug][gc                   ] GC(0) ShenandoahScanRememberedTask::do_work(3), processing slice of region 246 at offset 0, size: 65536
[0.243s][debug][gc                   ] GC(0) ShenandoahScanRememberedTask::do_work(3), processing slice of region 247 at offset 0, size: 65536
[0.243s][debug][gc                   ] GC(0) ShenandoahScanRememberedTask::do_work(3), processing slice of region 248 at offset 0, size: 65536
[0.243s][debug][gc                   ] GC(0) ShenandoahScanRememberedTask::do_work(3), processing slice of region 249 at offset 0, size: 65536
[0.243s][debug][gc                   ] GC(0) ShenandoahScanRememberedTask::do_work(1), processing slice of region 240 at offset 0, size: 65536
[0.243s][debug][gc                   ] GC(0) ShenandoahScanRememberedTask::do_work(1), processing slice of region 251 at offset 0, size: 65536
[0.243s][debug][gc                   ] GC(0) ShenandoahScanRememberedTask::do_work(1), processing slice of region 252 at offset 0, size: 65536
[0.243s][debug][gc                   ] GC(0) ShenandoahScanRememberedTask::do_work(2), processing slice of region 235 at offset 0, size: 65536
[0.243s][debug][gc                   ] GC(0) ShenandoahScanRememberedTask::do_work(4), processing slice of region 236 at offset 0, size: 65536
[0.243s][debug][gc                   ] GC(0) ShenandoahScanRememberedTask::do_work(4), processing slice of region 255 at offset 0, size: 65536
[0.243s][debug][gc                   ] GC(0) ShenandoahScanRememberedTask::do_work(6), processing slice of region 237 at offset 0, size: 65536
[0.243s][debug][gc                   ] GC(0) ShenandoahScanRememberedTask::do_work(6), processing slice of region 257 at offset 0, size: 65536
[0.243s][debug][gc                   ] GC(0) ShenandoahScanRememberedTask::do_work(6), processing slice of region 258 at offset 0, size: 65536
[0.243s][debug][gc                   ] GC(0) ShenandoahScanRememberedTask::do_work(6), processing slice of region 259 at offset 0, size: 65536
[0.243s][debug][gc                   ] GC(0) ShenandoahScanRememberedTask::do_work(0), processing slice of region 239 at offset 0, size: 65536
[0.243s][debug][gc                   ] GC(0) ShenandoahScanRememberedTask::do_work(0), processing slice of region 261 at offset 0, size: 65536
[0.243s][debug][gc                   ] GC(0) ShenandoahScanRememberedTask::do_work(0), processing slice of region 262 at offset 0, size: 65536
[0.243s][debug][gc                   ] GC(0) ShenandoahScanRememberedTask::do_work(0), processing slice of region 263 at offset 0, size: 65536
[0.243s][debug][gc                   ] GC(0) ShenandoahScanRememberedTask::do_work(0), processing slice of region 264 at offset 0, size: 65536
[0.243s][debug][gc                   ] GC(0) ShenandoahScanRememberedTask::do_work(3), processing slice of region 250 at offset 0, size: 65536
[0.243s][debug][gc                   ] GC(0) ShenandoahScanRememberedTask::do_work(0), processing slice of region 265 at offset 0, size: 65536
[0.243s][debug][gc                   ] GC(0) ShenandoahScanRememberedTask::do_work(0), processing slice of region 266 at offset 0, size: 65536
[0.243s][debug][gc                   ] GC(0) ShenandoahScanRememberedTask::do_work(3), processing slice of region 267 at offset 0, size: 65536
[0.243s][debug][gc                   ] GC(0) ShenandoahScanRememberedTask::do_work(7), processing slice of region 234 at offset 0, size: 65536
[0.243s][debug][gc                   ] GC(0) ShenandoahScanRememberedTask::do_work(1), processing slice of region 253 at offset 0, size: 65536
[0.243s][debug][gc                   ] GC(0) ShenandoahScanRememberedTask::do_work(2), processing slice of region 254 at offset 0, size: 65536
[0.243s][debug][gc                   ] GC(0) ShenandoahScanRememberedTask::do_work(1), processing slice of region 271 at offset 0, size: 65536
[0.243s][debug][gc                   ] GC(0) ShenandoahScanRememberedTask::do_work(2), processing slice of region 272 at offset 0, size: 65536
[0.243s][debug][gc                   ] GC(0) ShenandoahScanRememberedTask::do_work(1), processing slice of region 273 at offset 0, size: 65536
[0.243s][debug][gc                   ] GC(0) ShenandoahScanRememberedTask::do_work(1), processing slice of region 274 at offset 0, size: 65536
[0.243s][debug][gc                   ] GC(0) ShenandoahScanRememberedTask::do_work(2), processing slice of region 275 at offset 0, size: 65536
[0.243s][debug][gc                   ] GC(0) ShenandoahScanRememberedTask::do_work(0), processing slice of region 268 at offset 0, size: 65536
[0.243s][debug][gc                   ] GC(0) ShenandoahScanRememberedTask::do_work(3), processing slice of region 269 at offset 0, size: 65536
[0.243s][debug][gc                   ] GC(0) ShenandoahScanRememberedTask::do_work(6), processing slice of region 260 at offset 0, size: 65536
[0.243s][debug][gc                   ] GC(0) ShenandoahScanRememberedTask::do_work(3), processing slice of region 279 at offset 0, size: 65536
[0.243s][debug][gc                   ] GC(0) ShenandoahScanRememberedTask::do_work(6), processing slice of region 280 at offset 0, size: 65536
[0.243s][debug][gc                   ] GC(0) ShenandoahScanRememberedTask::do_work(6), processing slice of region 281 at offset 0, size: 65536
[0.243s][debug][gc                   ] GC(0) ShenandoahScanRememberedTask::do_work(6), processing slice of region 283 at offset 0, size: 65536
[0.243s][debug][gc                   ] Setting affiliation of Region 496 from FREE to YOUNG, top: 0x00000000cf800000, TAMS: 0x00000000cf800000, watermark: 0x00000000cf800000, top_bitmap: 0x00000000cf800000
[0.243s][debug][gc                   ] GC(0) ShenandoahScanRememberedTask::do_work(4), processing slice of region 256 at offset 0, size: 65536
[0.243s][debug][gc                   ] GC(0) ShenandoahScanRememberedTask::do_work(4), processing slice of region 285 at offset 0, size: 65536
[0.243s][debug][gc                   ] GC(0) ShenandoahScanRememberedTask::do_work(0), processing slice of region 278 at offset 0, size: 65536
[0.243s][debug][gc                   ] GC(0) ShenandoahScanRememberedTask::do_work(2), processing slice of region 277 at offset 0, size: 65536
[0.243s][debug][gc                   ] GC(0) ShenandoahScanRememberedTask::do_work(0), processing slice of region 287 at offset 0, size: 65536
[0.243s][debug][gc                   ] GC(0) ShenandoahScanRememberedTask::do_work(0), processing slice of region 288 at offset 0, size: 65536
[0.243s][debug][gc                   ] GC(0) ShenandoahScanRememberedTask::do_work(7), processing slice of region 270 at offset 0, size: 65536
[0.243s][debug][gc                   ] GC(0) ShenandoahScanRememberedTask::do_work(3), processing slice of region 282 at offset 0, size: 65536
[0.242s][debug][gc                   ] GC(0) ShenandoahScanRememberedTask::do_work(5), processing slice of region 144 at offset 0, size: 65536
[0.243s][debug][gc                   ] GC(0) ShenandoahScanRememberedTask::do_work(6), processing slice of region 284 at offset 0, size: 65536
[0.243s][debug][gc                   ] GC(0) ShenandoahScanRememberedTask::do_work(5), processing slice of region 293 at offset 0, size: 65536
[0.243s][debug][gc                   ] GC(0) ShenandoahScanRememberedTask::do_work(5), processing slice of region 295 at offset 0, size: 65536
[0.243s][debug][gc                   ] GC(0) ShenandoahScanRememberedTask::do_work(5), processing slice of region 296 at offset 0, size: 65536
[0.243s][debug][gc                   ] Setting affiliation of Region 497 from FREE to YOUNG, top: 0x00000000cf880000, TAMS: 0x00000000cf880000, watermark: 0x00000000cf880000, top_bitmap: 0x00000000cf880000
[0.243s][debug][gc                   ] Setting affiliation of Region 498 from FREE to YOUNG, top: 0x00000000cf900000, TAMS: 0x00000000cf900000, watermark: 0x00000000cf900000, top_bitmap: 0x00000000cf900000
[0.243s][debug][gc                   ] GC(0) ShenandoahScanRememberedTask::do_work(0), processing slice of region 290 at offset 0, size: 65536
[0.243s][debug][gc                   ] GC(0) ShenandoahScanRememberedTask::do_work(0), processing slice of region 298 at offset 0, size: 65536
[0.243s][debug][gc                   ] GC(0) ShenandoahScanRememberedTask::do_work(0), processing slice of region 299 at offset 0, size: 65536
[0.243s][debug][gc                   ] GC(0) ShenandoahScanRememberedTask::do_work(0), processing slice of region 300 at offset 0, size: 65536
[0.243s][debug][gc                   ] GC(0) ShenandoahScanRememberedTask::do_work(0), processing slice of region 301 at offset 0, size: 65536
[0.243s][debug][gc                   ] GC(0) ShenandoahScanRememberedTask::do_work(7), processing slice of region 291 at offset 0, size: 65536
[0.243s][debug][gc                   ] GC(0) ShenandoahScanRememberedTask::do_work(7), processing slice of region 303 at offset 0, size: 65536
[0.243s][debug][gc                   ] GC(0) ShenandoahScanRememberedTask::do_work(7), processing slice of region 304 at offset 0, size: 65536
[0.243s][debug][gc                   ] GC(0) ShenandoahScanRememberedTask::do_work(7), processing slice of region 305 at offset 0, size: 65536
[0.243s][debug][gc                   ] GC(0) ShenandoahScanRememberedTask::do_work(7), processing slice of region 306 at offset 0, size: 65536
[0.243s][debug][gc                   ] GC(0) ShenandoahScanRememberedTask::do_work(7), processing slice of region 307 at offset 0, size: 65536
[0.243s][debug][gc                   ] GC(0) ShenandoahScanRememberedTask::do_work(7), processing slice of region 308 at offset 0, size: 65536
[0.243s][debug][gc                   ] GC(0) ShenandoahScanRememberedTask::do_work(7), processing slice of region 309 at offset 0, size: 65536
[0.243s][debug][gc                   ] GC(0) ShenandoahScanRememberedTask::do_work(7), processing slice of region 310 at offset 0, size: 65536
[0.243s][debug][gc                   ] GC(0) ShenandoahScanRememberedTask::do_work(7), processing slice of region 311 at offset 0, size: 65536
[0.243s][debug][gc                   ] GC(0) ShenandoahScanRememberedTask::do_work(7), processing slice of region 312 at offset 0, size: 65536
[0.243s][debug][gc                   ] GC(0) ShenandoahScanRememberedTask::do_work(7), processing slice of region 313 at offset 0, size: 65536
[0.243s][debug][gc                   ] GC(0) ShenandoahScanRememberedTask::do_work(7), processing slice of region 314 at offset 0, size: 65536
[0.243s][debug][gc                   ] GC(0) ShenandoahScanRememberedTask::do_work(6), processing slice of region 294 at offset 0, size: 65536
[0.243s][debug][gc                   ] GC(0) ShenandoahScanRememberedTask::do_work(6), processing slice of region 316 at offset 0, size: 65536
[0.243s][debug][gc                   ] GC(0) ShenandoahScanRememberedTask::do_work(6), processing slice of region 317 at offset 0, size: 65536
[0.243s][debug][gc                   ] GC(0) ShenandoahScanRememberedTask::do_work(6), processing slice of region 318 at offset 0, size: 65536
[0.243s][debug][gc                   ] GC(0) ShenandoahScanRememberedTask::do_work(6), processing slice of region 319 at offset 0, size: 65536
[0.243s][debug][gc                   ] GC(0) ShenandoahScanRememberedTask::do_work(6), processing slice of region 320 at offset 0, size: 65536
[0.243s][debug][gc                   ] GC(0) ShenandoahScanRememberedTask::do_work(6), processing slice of region 321 at offset 0, size: 65536
[0.243s][debug][gc                   ] GC(0) ShenandoahScanRememberedTask::do_work(6), processing slice of region 322 at offset 0, size: 65536
[0.243s][debug][gc                   ] GC(0) ShenandoahScanRememberedTask::do_work(6), processing slice of region 323 at offset 0, size: 65536
[0.243s][debug][gc                   ] GC(0) ShenandoahScanRememberedTask::do_work(6), processing slice of region 324 at offset 0, size: 65536
[0.243s][debug][gc                   ] GC(0) ShenandoahScanRememberedTask::do_work(6), processing slice of region 325 at offset 0, size: 65536
[0.243s][debug][gc                   ] GC(0) ShenandoahScanRememberedTask::do_work(6), processing slice of region 326 at offset 0, size: 65536
[0.243s][debug][gc                   ] GC(0) ShenandoahScanRememberedTask::do_work(6), processing slice of region 327 at offset 0, size: 65536
[0.243s][debug][gc                   ] GC(0) ShenandoahScanRememberedTask::do_work(6), processing slice of region 328 at offset 0, size: 65536
[0.243s][debug][gc                   ] GC(0) ShenandoahScanRememberedTask::do_work(6), processing slice of region 329 at offset 0, size: 65536
[0.243s][debug][gc                   ] GC(0) ShenandoahScanRememberedTask::do_work(6), processing slice of region 330 at offset 0, size: 65536
[0.243s][debug][gc                   ] GC(0) ShenandoahScanRememberedTask::do_work(6), processing slice of region 331 at offset 0, size: 65536
[0.243s][debug][gc                   ] GC(0) ShenandoahScanRememberedTask::do_work(0), processing slice of region 302 at offset 0, size: 65536
[0.243s][debug][gc                   ] GC(0) ShenandoahScanRememberedTask::do_work(6), processing slice of region 332 at offset 0, size: 65536
[0.243s][debug][gc                   ] GC(0) ShenandoahScanRememberedTask::do_work(6), processing slice of region 333 at offset 0, size: 65536
[0.243s][debug][gc                   ] GC(0) ShenandoahScanRememberedTask::do_work(3), processing slice of region 292 at offset 0, size: 65536
[0.243s][debug][gc                   ] GC(0) ShenandoahScanRememberedTask::do_work(1), processing slice of region 276 at offset 0, size: 65536
[0.243s][debug][gc                   ] GC(0) ShenandoahScanRememberedTask::do_work(3), processing slice of region 336 at offset 0, size: 65536
[0.243s][debug][gc                   ] GC(0) ShenandoahScanRememberedTask::do_work(7), processing slice of region 315 at offset 0, size: 65536
[0.243s][debug][gc                   ] GC(0) ShenandoahScanRememberedTask::do_work(5), processing slice of region 297 at offset 0, size: 65536
[0.243s][debug][gc                   ] GC(0) ShenandoahScanRememberedTask::do_work(4), processing slice of region 286 at offset 0, size: 65536
[0.243s][debug][gc                   ] GC(0) ShenandoahScanRememberedTask::do_work(0), processing slice of region 334 at offset 0, size: 65536
[0.243s][debug][gc                   ] GC(0) ShenandoahScanRememberedTask::do_work(0), processing slice of region 342 at offset 0, size: 65536
[0.243s][debug][gc                   ] GC(0) ShenandoahScanRememberedTask::do_work(0), processing slice of region 343 at offset 0, size: 65536
[0.243s][debug][gc                   ] GC(0) ShenandoahScanRememberedTask::do_work(0), processing slice of region 344 at offset 0, size: 65536
[0.243s][debug][gc                   ] GC(0) ShenandoahScanRememberedTask::do_work(0), processing slice of region 345 at offset 0, size: 65536
[0.243s][debug][gc                   ] GC(0) ShenandoahScanRememberedTask::do_work(0), processing slice of region 346 at offset 0, size: 65536
[0.243s][debug][gc                   ] GC(0) ShenandoahScanRememberedTask::do_work(0), processing slice of region 347 at offset 0, size: 65536
[0.243s][debug][gc                   ] GC(0) ShenandoahScanRememberedTask::do_work(0), processing slice of region 348 at offset 0, size: 65536
[0.243s][debug][gc                   ] GC(0) ShenandoahScanRememberedTask::do_work(0), processing slice of region 349 at offset 0, size: 65536
[0.243s][debug][gc                   ] GC(0) ShenandoahScanRememberedTask::do_work(0), processing slice of region 350 at offset 0, size: 65536
[0.243s][debug][gc                   ] GC(0) ShenandoahScanRememberedTask::do_work(0), processing slice of region 351 at offset 0, size: 65536
[0.243s][debug][gc                   ] GC(0) ShenandoahScanRememberedTask::do_work(0), processing slice of region 352 at offset 0, size: 65536
[0.243s][debug][gc                   ] GC(0) ShenandoahScanRememberedTask::do_work(0), processing slice of region 353 at offset 0, size: 65536
[0.243s][debug][gc                   ] GC(0) ShenandoahScanRememberedTask::do_work(0), processing slice of region 354 at offset 0, size: 65536
[0.243s][debug][gc                   ] GC(0) ShenandoahScanRememberedTask::do_work(0), processing slice of region 355 at offset 0, size: 65536
[0.243s][debug][gc                   ] GC(0) ShenandoahScanRememberedTask::do_work(0), processing slice of region 356 at offset 0, size: 65536
[0.243s][debug][gc                   ] GC(0) ShenandoahScanRememberedTask::do_work(0), processing slice of region 357 at offset 0, size: 65536
[0.243s][debug][gc                   ] GC(0) ShenandoahScanRememberedTask::do_work(0), processing slice of region 358 at offset 0, size: 65536
[0.243s][debug][gc                   ] GC(0) ShenandoahScanRememberedTask::do_work(0), processing slice of region 359 at offset 0, size: 65536
[0.243s][debug][gc                   ] GC(0) ShenandoahScanRememberedTask::do_work(0), processing slice of region 360 at offset 0, size: 65536
[0.243s][debug][gc                   ] GC(0) ShenandoahScanRememberedTask::do_work(0), processing slice of region 361 at offset 0, size: 65536
[0.243s][debug][gc                   ] GC(0) ShenandoahScanRememberedTask::do_work(0), processing slice of region 362 at offset 0, size: 65536
[0.243s][debug][gc                   ] GC(0) ShenandoahScanRememberedTask::do_work(0), processing slice of region 363 at offset 0, size: 65536
[0.243s][debug][gc                   ] GC(0) ShenandoahScanRememberedTask::do_work(0), processing slice of region 364 at offset 0, size: 65536
[0.243s][debug][gc                   ] GC(0) ShenandoahScanRememberedTask::do_work(0), processing slice of region 365 at offset 0, size: 65536
[0.243s][debug][gc                   ] GC(0) ShenandoahScanRememberedTask::do_work(0), processing slice of region 366 at offset 0, size: 65536
[0.243s][debug][gc                   ] GC(0) ShenandoahScanRememberedTask::do_work(0), processing slice of region 367 at offset 0, size: 65536
[0.243s][debug][gc                   ] GC(0) ShenandoahScanRememberedTask::do_work(0), processing slice of region 368 at offset 0, size: 65536
[0.243s][debug][gc                   ] GC(0) ShenandoahScanRememberedTask::do_work(0), processing slice of region 369 at offset 0, size: 65536
[0.243s][debug][gc                   ] GC(0) ShenandoahScanRememberedTask::do_work(0), processing slice of region 370 at offset 0, size: 65536
[0.243s][debug][gc                   ] GC(0) ShenandoahScanRememberedTask::do_work(0), processing slice of region 371 at offset 0, size: 65536
[0.243s][debug][gc                   ] GC(0) ShenandoahScanRememberedTask::do_work(0), processing slice of region 372 at offset 0, size: 65536
[0.243s][debug][gc                   ] GC(0) ShenandoahScanRememberedTask::do_work(0), processing slice of region 373 at offset 0, size: 65536
[0.243s][debug][gc                   ] GC(0) ShenandoahScanRememberedTask::do_work(0), processing slice of region 374 at offset 0, size: 65536
[0.243s][debug][gc                   ] GC(0) ShenandoahScanRememberedTask::do_work(0), processing slice of region 375 at offset 0, size: 65536
[0.243s][debug][gc                   ] GC(0) ShenandoahScanRememberedTask::do_work(0), processing slice of region 376 at offset 0, size: 65536
[0.243s][debug][gc                   ] GC(0) ShenandoahScanRememberedTask::do_work(0), processing slice of region 377 at offset 0, size: 65536
[0.243s][debug][gc                   ] GC(0) ShenandoahScanRememberedTask::do_work(0), processing slice of region 378 at offset 0, size: 65536
[0.243s][debug][gc                   ] GC(0) ShenandoahScanRememberedTask::do_work(0), processing slice of region 379 at offset 0, size: 65536
[0.243s][debug][gc                   ] GC(0) ShenandoahScanRememberedTask::do_work(0), processing slice of region 380 at offset 0, size: 65536
[0.243s][debug][gc                   ] GC(0) ShenandoahScanRememberedTask::do_work(0), processing slice of region 381 at offset 0, size: 65536
[0.243s][debug][gc                   ] GC(0) ShenandoahScanRememberedTask::do_work(0), processing slice of region 382 at offset 0, size: 65536
[0.243s][debug][gc                   ] GC(0) ShenandoahScanRememberedTask::do_work(0), processing slice of region 383 at offset 0, size: 65536
[0.243s][debug][gc                   ] GC(0) ShenandoahScanRememberedTask::do_work(0), processing slice of region 384 at offset 0, size: 65536
[0.243s][debug][gc                   ] GC(0) ShenandoahScanRememberedTask::do_work(0), processing slice of region 385 at offset 0, size: 65536
[0.243s][debug][gc                   ] GC(0) ShenandoahScanRememberedTask::do_work(0), processing slice of region 386 at offset 0, size: 65536
[0.243s][debug][gc                   ] GC(0) ShenandoahScanRememberedTask::do_work(0), processing slice of region 387 at offset 0, size: 65536
[0.243s][debug][gc                   ] GC(0) ShenandoahScanRememberedTask::do_work(0), processing slice of region 388 at offset 0, size: 65536
[0.243s][debug][gc                   ] GC(0) ShenandoahScanRememberedTask::do_work(0), processing slice of region 389 at offset 0, size: 65536
[0.243s][debug][gc                   ] GC(0) ShenandoahScanRememberedTask::do_work(0), processing slice of region 390 at offset 0, size: 65536
[0.243s][debug][gc                   ] GC(0) ShenandoahScanRememberedTask::do_work(0), processing slice of region 391 at offset 0, size: 65536
[0.243s][debug][gc                   ] GC(0) ShenandoahScanRememberedTask::do_work(0), processing slice of region 392 at offset 0, size: 65536
[0.243s][debug][gc                   ] GC(0) ShenandoahScanRememberedTask::do_work(0), processing slice of region 393 at offset 0, size: 65536
[0.243s][debug][gc                   ] GC(0) ShenandoahScanRememberedTask::do_work(0), processing slice of region 394 at offset 0, size: 65536
[0.243s][debug][gc                   ] GC(0) ShenandoahScanRememberedTask::do_work(0), processing slice of region 395 at offset 0, size: 65536
[0.243s][debug][gc                   ] GC(0) ShenandoahScanRememberedTask::do_work(0), processing slice of region 396 at offset 0, size: 65536
[0.243s][debug][gc                   ] GC(0) ShenandoahScanRememberedTask::do_work(0), processing slice of region 397 at offset 0, size: 65536
[0.243s][debug][gc                   ] GC(0) ShenandoahScanRememberedTask::do_work(0), processing slice of region 398 at offset 0, size: 65536
[0.243s][debug][gc                   ] GC(0) ShenandoahScanRememberedTask::do_work(0), processing slice of region 399 at offset 0, size: 65536
[0.243s][debug][gc                   ] GC(0) ShenandoahScanRememberedTask::do_work(6), processing slice of region 335 at offset 0, size: 65536
[0.243s][debug][gc                   ] GC(0) ShenandoahScanRememberedTask::do_work(6), processing slice of region 401 at offset 0, size: 65536
[0.243s][debug][gc                   ] GC(0) ShenandoahScanRememberedTask::do_work(6), processing slice of region 402 at offset 0, size: 65536
[0.243s][debug][gc                   ] GC(0) ShenandoahScanRememberedTask::do_work(6), processing slice of region 403 at offset 0, size: 65536
[0.243s][debug][gc                   ] GC(0) ShenandoahScanRememberedTask::do_work(6), processing slice of region 404 at offset 0, size: 65536
[0.243s][debug][gc                   ] GC(0) ShenandoahScanRememberedTask::do_work(1), processing slice of region 337 at offset 0, size: 65536
[0.243s][debug][gc                   ] GC(0) ShenandoahScanRememberedTask::do_work(1), processing slice of region 406 at offset 0, size: 65536
[0.243s][debug][gc                   ] GC(0) ShenandoahScanRememberedTask::do_work(1), processing slice of region 407 at offset 0, size: 65536
[0.243s][debug][gc                   ] GC(0) ShenandoahScanRememberedTask::do_work(1), processing slice of region 408 at offset 0, size: 65536
[0.243s][debug][gc                   ] GC(0) ShenandoahScanRememberedTask::do_work(1), processing slice of region 409 at offset 0, size: 65536
[0.243s][debug][gc                   ] GC(0) ShenandoahScanRememberedTask::do_work(3), processing slice of region 338 at offset 0, size: 65536
[0.243s][debug][gc                   ] GC(0) ShenandoahScanRememberedTask::do_work(3), processing slice of region 411 at offset 0, size: 65536
[0.243s][debug][gc                   ] GC(0) ShenandoahScanRememberedTask::do_work(3), processing slice of region 412 at offset 0, size: 65536
[0.243s][debug][gc                   ] GC(0) ShenandoahScanRememberedTask::do_work(3), processing slice of region 413 at offset 0, size: 65536
[0.243s][debug][gc                   ] GC(0) ShenandoahScanRememberedTask::do_work(3), processing slice of region 414 at offset 0, size: 65536
[0.243s][debug][gc                   ] GC(0) ShenandoahScanRememberedTask::do_work(3), processing slice of region 415 at offset 0, size: 65536
[0.243s][debug][gc                   ] GC(0) ShenandoahScanRememberedTask::do_work(3), processing slice of region 416 at offset 0, size: 65536
[0.243s][debug][gc                   ] GC(0) ShenandoahScanRememberedTask::do_work(3), processing slice of region 417 at offset 0, size: 65536
[0.243s][debug][gc                   ] GC(0) ShenandoahScanRememberedTask::do_work(3), processing slice of region 418 at offset 0, size: 65536
[0.243s][debug][gc                   ] GC(0) ShenandoahScanRememberedTask::do_work(3), processing slice of region 419 at offset 0, size: 65536
[0.243s][debug][gc                   ] GC(0) ShenandoahScanRememberedTask::do_work(3), processing slice of region 420 at offset 0, size: 65536
[0.243s][debug][gc                   ] GC(0) ShenandoahScanRememberedTask::do_work(3), processing slice of region 421 at offset 0, size: 65536
[0.243s][debug][gc                   ] GC(0) ShenandoahScanRememberedTask::do_work(3), processing slice of region 422 at offset 0, size: 65536
[0.243s][debug][gc                   ] GC(0) ShenandoahScanRememberedTask::do_work(3), processing slice of region 423 at offset 0, size: 65536
[0.243s][debug][gc                   ] GC(0) ShenandoahScanRememberedTask::do_work(3), processing slice of region 424 at offset 0, size: 65536
[0.243s][debug][gc                   ] GC(0) ShenandoahScanRememberedTask::do_work(3), processing slice of region 425 at offset 0, size: 65536
[0.243s][debug][gc                   ] GC(0) ShenandoahScanRememberedTask::do_work(3), processing slice of region 426 at offset 0, size: 65536
[0.243s][debug][gc                   ] GC(0) ShenandoahScanRememberedTask::do_work(3), processing slice of region 427 at offset 0, size: 65536
[0.243s][debug][gc                   ] GC(0) ShenandoahScanRememberedTask::do_work(3), processing slice of region 428 at offset 0, size: 65536
[0.243s][debug][gc                   ] GC(0) ShenandoahScanRememberedTask::do_work(3), processing slice of region 429 at offset 0, size: 65536
[0.243s][debug][gc                   ] GC(0) ShenandoahScanRememberedTask::do_work(3), processing slice of region 430 at offset 0, size: 65536
[0.243s][debug][gc                   ] GC(0) ShenandoahScanRememberedTask::do_work(3), processing slice of region 431 at offset 0, size: 65536
[0.243s][debug][gc                   ] GC(0) ShenandoahScanRememberedTask::do_work(3), processing slice of region 432 at offset 0, size: 65536
[0.243s][debug][gc                   ] GC(0) ShenandoahScanRememberedTask::do_work(3), processing slice of region 433 at offset 0, size: 65536
[0.243s][debug][gc                   ] GC(0) ShenandoahScanRememberedTask::do_work(3), processing slice of region 434 at offset 0, size: 65536
[0.243s][debug][gc                   ] GC(0) ShenandoahScanRememberedTask::do_work(3), processing slice of region 435 at offset 0, size: 65536
[0.243s][debug][gc                   ] GC(0) ShenandoahScanRememberedTask::do_work(3), processing slice of region 436 at offset 0, size: 65536
[0.243s][debug][gc                   ] GC(0) ShenandoahScanRememberedTask::do_work(3), processing slice of region 437 at offset 0, size: 65536
[0.243s][debug][gc                   ] GC(0) ShenandoahScanRememberedTask::do_work(3), processing slice of region 438 at offset 0, size: 65536
[0.243s][debug][gc                   ] GC(0) ShenandoahScanRememberedTask::do_work(3), processing slice of region 439 at offset 0, size: 65536
[0.243s][debug][gc                   ] GC(0) ShenandoahScanRememberedTask::do_work(3), processing slice of region 440 at offset 0, size: 65536
[0.243s][debug][gc                   ] GC(0) ShenandoahScanRememberedTask::do_work(3), processing slice of region 441 at offset 0, size: 65536
[0.243s][debug][gc                   ] GC(0) ShenandoahScanRememberedTask::do_work(3), processing slice of region 442 at offset 0, size: 65536
[0.243s][debug][gc                   ] GC(0) ShenandoahScanRememberedTask::do_work(3), processing slice of region 443 at offset 0, size: 65536
[0.243s][debug][gc                   ] GC(0) ShenandoahScanRememberedTask::do_work(3), processing slice of region 444 at offset 0, size: 65536
[0.243s][debug][gc                   ] GC(0) ShenandoahScanRememberedTask::do_work(3), processing slice of region 445 at offset 0, size: 65536
[0.243s][debug][gc                   ] GC(0) ShenandoahScanRememberedTask::do_work(3), processing slice of region 446 at offset 0, size: 65536
[0.243s][debug][gc                   ] GC(0) ShenandoahScanRememberedTask::do_work(3), processing slice of region 447 at offset 0, size: 65536
[0.243s][debug][gc                   ] GC(0) ShenandoahScanRememberedTask::do_work(3), processing slice of region 448 at offset 0, size: 65536
[0.243s][debug][gc                   ] GC(0) ShenandoahScanRememberedTask::do_work(3), processing slice of region 449 at offset 0, size: 65536
[0.243s][debug][gc                   ] GC(0) ShenandoahScanRememberedTask::do_work(3), processing slice of region 450 at offset 0, size: 65536
[0.243s][debug][gc                   ] GC(0) ShenandoahScanRememberedTask::do_work(3), processing slice of region 451 at offset 0, size: 65536
[0.243s][debug][gc                   ] GC(0) ShenandoahScanRememberedTask::do_work(3), processing slice of region 452 at offset 0, size: 65536
[0.243s][debug][gc                   ] GC(0) ShenandoahScanRememberedTask::do_work(3), processing slice of region 453 at offset 0, size: 65536
[0.243s][debug][gc                   ] GC(0) ShenandoahScanRememberedTask::do_work(3), processing slice of region 454 at offset 0, size: 65536
[0.243s][debug][gc                   ] GC(0) ShenandoahScanRememberedTask::do_work(3), processing slice of region 455 at offset 0, size: 65536
[0.243s][debug][gc                   ] GC(0) ShenandoahScanRememberedTask::do_work(3), processing slice of region 456 at offset 0, size: 65536
[0.243s][debug][gc                   ] GC(0) ShenandoahScanRememberedTask::do_work(3), processing slice of region 457 at offset 0, size: 65536
[0.243s][debug][gc                   ] GC(0) ShenandoahScanRememberedTask::do_work(3), processing slice of region 458 at offset 0, size: 65536
[0.243s][debug][gc                   ] GC(0) ShenandoahScanRememberedTask::do_work(3), processing slice of region 459 at offset 0, size: 65536
[0.243s][debug][gc                   ] GC(0) ShenandoahScanRememberedTask::do_work(3), processing slice of region 460 at offset 0, size: 65536
[0.243s][debug][gc                   ] GC(0) ShenandoahScanRememberedTask::do_work(3), processing slice of region 461 at offset 0, size: 65536
[0.243s][debug][gc                   ] GC(0) ShenandoahScanRememberedTask::do_work(3), processing slice of region 462 at offset 0, size: 65536
[0.243s][debug][gc                   ] GC(0) ShenandoahScanRememberedTask::do_work(3), processing slice of region 463 at offset 0, size: 65536
[0.243s][debug][gc                   ] GC(0) ShenandoahScanRememberedTask::do_work(3), processing slice of region 464 at offset 0, size: 65536
[0.243s][debug][gc                   ] GC(0) ShenandoahScanRememberedTask::do_work(3), processing slice of region 465 at offset 0, size: 65536
[0.243s][debug][gc                   ] GC(0) ShenandoahScanRememberedTask::do_work(3), processing slice of region 466 at offset 0, size: 65536
[0.243s][debug][gc                   ] GC(0) ShenandoahScanRememberedTask::do_work(3), processing slice of region 467 at offset 0, size: 65536
[0.243s][debug][gc                   ] GC(0) ShenandoahScanRememberedTask::do_work(3), processing slice of region 468 at offset 0, size: 65536
[0.243s][debug][gc                   ] GC(0) ShenandoahScanRememberedTask::do_work(3), processing slice of region 469 at offset 0, size: 65536
[0.243s][debug][gc                   ] GC(0) ShenandoahScanRememberedTask::do_work(3), processing slice of region 470 at offset 0, size: 65536
[0.243s][debug][gc                   ] GC(0) ShenandoahScanRememberedTask::do_work(3), processing slice of region 471 at offset 0, size: 65536
[0.243s][debug][gc                   ] GC(0) ShenandoahScanRememberedTask::do_work(3), processing slice of region 472 at offset 0, size: 65536
[0.243s][debug][gc                   ] GC(0) ShenandoahScanRememberedTask::do_work(3), processing slice of region 473 at offset 0, size: 65536
[0.243s][debug][gc                   ] GC(0) ShenandoahScanRememberedTask::do_work(3), processing slice of region 474 at offset 0, size: 65536
[0.243s][debug][gc                   ] GC(0) ShenandoahScanRememberedTask::do_work(3), processing slice of region 475 at offset 0, size: 65536
[0.243s][debug][gc                   ] GC(0) ShenandoahScanRememberedTask::do_work(3), processing slice of region 476 at offset 0, size: 65536
[0.243s][debug][gc                   ] GC(0) ShenandoahScanRememberedTask::do_work(3), processing slice of region 477 at offset 0, size: 65536
[0.243s][debug][gc                   ] GC(0) ShenandoahScanRememberedTask::do_work(3), processing slice of region 478 at offset 0, size: 65536
[0.243s][debug][gc                   ] GC(0) ShenandoahScanRememberedTask::do_work(3), processing slice of region 479 at offset 0, size: 65536
[0.243s][debug][gc                   ] GC(0) ShenandoahScanRememberedTask::do_work(3), processing slice of region 480 at offset 0, size: 65536
[0.243s][debug][gc                   ] GC(0) ShenandoahScanRememberedTask::do_work(3), processing slice of region 481 at offset 0, size: 65536
[0.243s][debug][gc                   ] GC(0) ShenandoahScanRememberedTask::do_work(3), processing slice of region 482 at offset 0, size: 65536
[0.243s][debug][gc                   ] GC(0) ShenandoahScanRememberedTask::do_work(3), processing slice of region 483 at offset 0, size: 65536
[0.243s][debug][gc                   ] GC(0) ShenandoahScanRememberedTask::do_work(3), processing slice of region 484 at offset 0, size: 65536
[0.243s][debug][gc                   ] GC(0) ShenandoahScanRememberedTask::do_work(3), processing slice of region 485 at offset 0, size: 65536
[0.243s][debug][gc                   ] GC(0) ShenandoahScanRememberedTask::do_work(3), processing slice of region 486 at offset 0, size: 65536
[0.243s][debug][gc                   ] GC(0) ShenandoahScanRememberedTask::do_work(3), processing slice of region 487 at offset 0, size: 65536
[0.243s][debug][gc                   ] GC(0) ShenandoahScanRememberedTask::do_work(3), processing slice of region 488 at offset 0, size: 65536
[0.243s][debug][gc                   ] GC(0) ShenandoahScanRememberedTask::do_work(3), processing slice of region 489 at offset 0, size: 65536
[0.243s][debug][gc                   ] GC(0) ShenandoahScanRememberedTask::do_work(3), processing slice of region 490 at offset 0, size: 65536
[0.243s][debug][gc                   ] GC(0) ShenandoahScanRememberedTask::do_work(3), processing slice of region 491 at offset 0, size: 65536
[0.243s][debug][gc                   ] GC(0) ShenandoahScanRememberedTask::do_work(3), processing slice of region 492 at offset 0, size: 65536
[0.243s][debug][gc                   ] GC(0) ShenandoahScanRememberedTask::do_work(3), processing slice of region 493 at offset 0, size: 65536
[0.243s][debug][gc                   ] GC(0) ShenandoahScanRememberedTask::do_work(3), processing slice of region 494 at offset 0, size: 65536
[0.243s][debug][gc                   ] GC(0) ShenandoahScanRememberedTask::do_work(3), processing slice of region 495 at offset 0, size: 65536
[0.243s][debug][gc                   ] GC(0) ShenandoahScanRememberedTask::do_work(3), processing slice of region 496 at offset 0, size: 65536
[0.243s][debug][gc                   ] GC(0) ShenandoahScanRememberedTask::do_work(3), processing slice of region 497 at offset 0, size: 65536
[0.243s][debug][gc                   ] GC(0) ShenandoahScanRememberedTask::do_work(0), processing slice of region 400 at offset 0, size: 65536
[0.243s][debug][gc                   ] GC(0) ShenandoahScanRememberedTask::do_work(3), processing slice of region 498 at offset 0, size: 65536
[0.243s][debug][gc                   ] GC(0) ShenandoahScanRememberedTask::do_work(3), processing slice of region 499 at offset 0, size: 65536
[0.243s][debug][gc                   ] GC(0) ShenandoahScanRememberedTask::do_work(0), processing slice of region 500 at offset 0, size: 65536
[0.243s][debug][gc                   ] GC(0) ShenandoahScanRememberedTask::do_work(6), processing slice of region 405 at offset 0, size: 65536
[0.243s][debug][gc                   ] GC(0) ShenandoahScanRememberedTask::do_work(0), processing slice of region 502 at offset 0, size: 65536
[0.243s][debug][gc                   ] GC(0) ShenandoahScanRememberedTask::do_work(6), processing slice of region 503 at offset 0, size: 65536
[0.243s][debug][gc                   ] GC(0) ShenandoahScanRememberedTask::do_work(2), processing slice of region 289 at offset 0, size: 65536
[0.243s][debug][gc                   ] GC(0) ShenandoahScanRememberedTask::do_work(4), processing slice of region 341 at offset 0, size: 65536
[0.243s][debug][gc                   ] GC(0) ShenandoahScanRememberedTask::do_work(4), processing slice of region 507 at offset 0, size: 65536
[0.243s][debug][gc                   ] GC(0) ShenandoahScanRememberedTask::do_work(4), processing slice of region 508 at offset 0, size: 65536
[0.243s][debug][gc                   ] GC(0) ShenandoahScanRememberedTask::do_work(4), processing slice of region 509 at offset 0, size: 65536
[0.243s][debug][gc                   ] GC(0) ShenandoahScanRememberedTask::do_work(0), processing slice of region 504 at offset 0, size: 65536
[0.243s][debug][gc                   ] GC(0) ShenandoahScanRememberedTask::do_work(4), processing slice of region 510 at offset 0, size: 65536
[0.243s][debug][gc                   ] GC(0) ShenandoahScanRememberedTask::do_work(4), processing slice of region 511 at offset 0, size: 65536
[0.243s][debug][gc                   ] GC(0) ShenandoahScanRememberedTask::do_work(7), processing slice of region 339 at offset 0, size: 65536
[0.243s][debug][gc                   ] GC(0) ShenandoahScanRememberedTask::do_work(4), processing slice of region 513 at offset 0, size: 65536
[0.243s][debug][gc                   ] GC(0) ShenandoahScanRememberedTask::do_work(5), processing slice of region 340 at offset 0, size: 65536
[0.243s][debug][gc                   ] GC(0) ShenandoahScanRememberedTask::do_work(5), processing slice of region 516 at offset 0, size: 65536
[0.243s][debug][gc                   ] GC(0) ShenandoahScanRememberedTask::do_work(5), processing slice of region 517 at offset 0, size: 65536
[0.243s][debug][gc                   ] GC(0) ShenandoahScanRememberedTask::do_work(5), processing slice of region 518 at offset 0, size: 65536
[0.243s][debug][gc                   ] GC(0) ShenandoahScanRememberedTask::do_work(5), processing slice of region 519 at offset 0, size: 65536
[0.243s][debug][gc                   ] Setting affiliation of Region 499 from FREE to YOUNG, top: 0x00000000cf980000, TAMS: 0x00000000cf980000, watermark: 0x00000000cf980000, top_bitmap: 0x00000000cf980000
[0.243s][debug][gc                   ] Setting affiliation of Region 500 from FREE to YOUNG, top: 0x00000000cfa00000, TAMS: 0x00000000cfa00000, watermark: 0x00000000cfa00000, top_bitmap: 0x00000000cfa00000
[0.243s][debug][gc                   ] GC(0) ShenandoahScanRememberedTask::do_work(7), processing slice of region 514 at offset 0, size: 65536
[0.243s][debug][gc                   ] GC(0) ShenandoahScanRememberedTask::do_work(7), processing slice of region 521 at offset 0, size: 65536
[0.243s][debug][gc                   ] GC(0) ShenandoahScanRememberedTask::do_work(7), processing slice of region 522 at offset 0, size: 65536
[0.243s][debug][gc                   ] GC(0) ShenandoahScanRememberedTask::do_work(7), processing slice of region 523 at offset 0, size: 65536
[0.243s][debug][gc                   ] GC(0) ShenandoahScanRememberedTask::do_work(3), processing slice of region 501 at offset 0, size: 65536
[0.243s][debug][gc                   ] GC(0) ShenandoahScanRememberedTask::do_work(3), processing slice of region 525 at offset 0, size: 65536
[0.243s][debug][gc                   ] GC(0) ShenandoahScanRememberedTask::do_work(3), processing slice of region 526 at offset 0, size: 65536
[0.243s][debug][gc                   ] GC(0) ShenandoahScanRememberedTask::do_work(3), processing slice of region 527 at offset 0, size: 65536
[0.243s][debug][gc                   ] GC(0) ShenandoahScanRememberedTask::do_work(3), processing slice of region 528 at offset 0, size: 65536
[0.243s][debug][gc                   ] GC(0) ShenandoahScanRememberedTask::do_work(3), processing slice of region 529 at offset 0, size: 65536
[0.243s][debug][gc                   ] GC(0) ShenandoahScanRememberedTask::do_work(3), processing slice of region 530 at offset 0, size: 65536
[0.243s][debug][gc                   ] GC(0) ShenandoahScanRememberedTask::do_work(3), processing slice of region 531 at offset 0, size: 65536
[0.243s][debug][gc                   ] GC(0) ShenandoahScanRememberedTask::do_work(2), processing slice of region 506 at offset 0, size: 65536
[0.243s][debug][gc                   ] GC(0) ShenandoahScanRememberedTask::do_work(2), processing slice of region 533 at offset 0, size: 65536
[0.243s][debug][gc                   ] GC(0) ShenandoahScanRememberedTask::do_work(2), processing slice of region 534 at offset 0, size: 65536
[0.243s][debug][gc                   ] GC(0) ShenandoahScanRememberedTask::do_work(2), processing slice of region 535 at offset 0, size: 65536
[0.243s][debug][gc                   ] GC(0) ShenandoahScanRememberedTask::do_work(2), processing slice of region 536 at offset 0, size: 65536
[0.243s][debug][gc                   ] GC(0) ShenandoahScanRememberedTask::do_work(2), processing slice of region 537 at offset 0, size: 65536
[0.243s][debug][gc                   ] GC(0) ShenandoahScanRememberedTask::do_work(2), processing slice of region 538 at offset 0, size: 65536
[0.243s][debug][gc                   ] GC(0) ShenandoahScanRememberedTask::do_work(2), processing slice of region 539 at offset 0, size: 65536
[0.243s][debug][gc                   ] GC(0) ShenandoahScanRememberedTask::do_work(6), processing slice of region 505 at offset 0, size: 65536
[0.243s][debug][gc                   ] GC(0) ShenandoahScanRememberedTask::do_work(6), processing slice of region 541 at offset 0, size: 65536
[0.243s][debug][gc                   ] GC(0) ShenandoahScanRememberedTask::do_work(6), processing slice of region 542 at offset 0, size: 65536
[0.243s][debug][gc                   ] GC(0) ShenandoahScanRememberedTask::do_work(6), processing slice of region 543 at offset 0, size: 65536
[0.243s][debug][gc                   ] GC(0) ShenandoahScanRememberedTask::do_work(6), processing slice of region 544 at offset 0, size: 65536
[0.243s][debug][gc                   ] GC(0) ShenandoahScanRememberedTask::do_work(6), processing slice of region 545 at offset 0, size: 65536
[0.243s][debug][gc                   ] GC(0) ShenandoahScanRememberedTask::do_work(6), processing slice of region 546 at offset 0, size: 65536
[0.243s][debug][gc                   ] GC(0) ShenandoahScanRememberedTask::do_work(6), processing slice of region 547 at offset 0, size: 65536
[0.243s][debug][gc                   ] GC(0) ShenandoahScanRememberedTask::do_work(6), processing slice of region 548 at offset 0, size: 65536
[0.243s][debug][gc                   ] GC(0) ShenandoahScanRememberedTask::do_work(6), processing slice of region 549 at offset 0, size: 65536
[0.243s][debug][gc                   ] GC(0) ShenandoahScanRememberedTask::do_work(6), processing slice of region 550 at offset 0, size: 65536
[0.243s][debug][gc                   ] GC(0) ShenandoahScanRememberedTask::do_work(6), processing slice of region 551 at offset 0, size: 65536
[0.243s][debug][gc                   ] GC(0) ShenandoahScanRememberedTask::do_work(6), processing slice of region 552 at offset 0, size: 65536
[0.243s][debug][gc                   ] GC(0) ShenandoahScanRememberedTask::do_work(6), processing slice of region 553 at offset 0, size: 65536
[0.243s][debug][gc                   ] GC(0) ShenandoahScanRememberedTask::do_work(6), processing slice of region 554 at offset 0, size: 65536
[0.243s][debug][gc                   ] GC(0) ShenandoahScanRememberedTask::do_work(6), processing slice of region 555 at offset 0, size: 65536
[0.243s][debug][gc                   ] GC(0) ShenandoahScanRememberedTask::do_work(6), processing slice of region 556 at offset 0, size: 65536
[0.243s][debug][gc                   ] GC(0) ShenandoahScanRememberedTask::do_work(6), processing slice of region 557 at offset 0, size: 65536
[0.243s][debug][gc                   ] GC(0) ShenandoahScanRememberedTask::do_work(6), processing slice of region 558 at offset 0, size: 65536
[0.243s][debug][gc                   ] GC(0) ShenandoahScanRememberedTask::do_work(6), processing slice of region 559 at offset 0, size: 65536
[0.243s][debug][gc                   ] GC(0) ShenandoahScanRememberedTask::do_work(6), processing slice of region 560 at offset 0, size: 65536
[0.243s][debug][gc                   ] GC(0) ShenandoahScanRememberedTask::do_work(6), processing slice of region 561 at offset 0, size: 65536
[0.243s][debug][gc                   ] GC(0) ShenandoahScanRememberedTask::do_work(6), processing slice of region 562 at offset 0, size: 65536
[0.243s][debug][gc                   ] GC(0) ShenandoahScanRememberedTask::do_work(6), processing slice of region 563 at offset 0, size: 65536
[0.243s][debug][gc                   ] GC(0) ShenandoahScanRememberedTask::do_work(6), processing slice of region 564 at offset 0, size: 65536
[0.243s][debug][gc                   ] GC(0) ShenandoahScanRememberedTask::do_work(6), processing slice of region 565 at offset 0, size: 65536
[0.243s][debug][gc                   ] GC(0) ShenandoahScanRememberedTask::do_work(6), processing slice of region 566 at offset 0, size: 65536
[0.243s][debug][gc                   ] GC(0) ShenandoahScanRememberedTask::do_work(6), processing slice of region 567 at offset 0, size: 65536
[0.243s][debug][gc                   ] GC(0) ShenandoahScanRememberedTask::do_work(6), processing slice of region 568 at offset 0, size: 65536
[0.243s][debug][gc                   ] GC(0) ShenandoahScanRememberedTask::do_work(6), processing slice of region 569 at offset 0, size: 65536
[0.243s][debug][gc                   ] GC(0) ShenandoahScanRememberedTask::do_work(6), processing slice of region 570 at offset 0, size: 65536
[0.243s][debug][gc                   ] GC(0) ShenandoahScanRememberedTask::do_work(6), processing slice of region 571 at offset 0, size: 65536
[0.243s][debug][gc                   ] GC(0) ShenandoahScanRememberedTask::do_work(6), processing slice of region 572 at offset 0, size: 65536
[0.243s][debug][gc                   ] GC(0) ShenandoahScanRememberedTask::do_work(6), processing slice of region 573 at offset 0, size: 65536
[0.243s][debug][gc                   ] GC(0) ShenandoahScanRememberedTask::do_work(6), processing slice of region 574 at offset 0, size: 65536
[0.243s][debug][gc                   ] GC(0) ShenandoahScanRememberedTask::do_work(6), processing slice of region 575 at offset 0, size: 65536
[0.243s][debug][gc                   ] GC(0) ShenandoahScanRememberedTask::do_work(6), processing slice of region 576 at offset 0, size: 65536
[0.243s][debug][gc                   ] GC(0) ShenandoahScanRememberedTask::do_work(6), processing slice of region 577 at offset 0, size: 65536
[0.243s][debug][gc                   ] GC(0) ShenandoahScanRememberedTask::do_work(6), processing slice of region 578 at offset 0, size: 65536
[0.243s][debug][gc                   ] GC(0) ShenandoahScanRememberedTask::do_work(6), processing slice of region 579 at offset 0, size: 65536
[0.243s][debug][gc                   ] GC(0) ShenandoahScanRememberedTask::do_work(6), processing slice of region 580 at offset 0, size: 65536
[0.243s][debug][gc                   ] GC(0) ShenandoahScanRememberedTask::do_work(6), processing slice of region 581 at offset 0, size: 65536
[0.243s][debug][gc                   ] GC(0) ShenandoahScanRememberedTask::do_work(6), processing slice of region 582 at offset 0, size: 65536
[0.243s][debug][gc                   ] GC(0) ShenandoahScanRememberedTask::do_work(6), processing slice of region 583 at offset 0, size: 65536
[0.243s][debug][gc                   ] GC(0) ShenandoahScanRememberedTask::do_work(6), processing slice of region 584 at offset 0, size: 65536
[0.243s][debug][gc                   ] GC(0) ShenandoahScanRememberedTask::do_work(6), processing slice of region 585 at offset 0, size: 65536
[0.243s][debug][gc                   ] GC(0) ShenandoahScanRememberedTask::do_work(6), processing slice of region 586 at offset 0, size: 65536
[0.243s][debug][gc                   ] GC(0) ShenandoahScanRememberedTask::do_work(6), processing slice of region 587 at offset 0, size: 65536
[0.243s][debug][gc                   ] GC(0) ShenandoahScanRememberedTask::do_work(6), processing slice of region 588 at offset 0, size: 65536
[0.243s][debug][gc                   ] GC(0) ShenandoahScanRememberedTask::do_work(6), processing slice of region 589 at offset 0, size: 65536
[0.243s][debug][gc                   ] GC(0) ShenandoahScanRememberedTask::do_work(6), processing slice of region 590 at offset 0, size: 65536
[0.243s][debug][gc                   ] GC(0) ShenandoahScanRememberedTask::do_work(6), processing slice of region 591 at offset 0, size: 65536
[0.243s][debug][gc                   ] GC(0) ShenandoahScanRememberedTask::do_work(6), processing slice of region 592 at offset 0, size: 65536
[0.243s][debug][gc                   ] GC(0) ShenandoahScanRememberedTask::do_work(6), processing slice of region 593 at offset 0, size: 65536
[0.243s][debug][gc                   ] GC(0) ShenandoahScanRememberedTask::do_work(6), processing slice of region 594 at offset 0, size: 65536
[0.243s][debug][gc                   ] GC(0) ShenandoahScanRememberedTask::do_work(6), processing slice of region 595 at offset 0, size: 65536
[0.243s][debug][gc                   ] GC(0) ShenandoahScanRememberedTask::do_work(6), processing slice of region 596 at offset 0, size: 65536
[0.243s][debug][gc                   ] GC(0) ShenandoahScanRememberedTask::do_work(2), processing slice of region 540 at offset 0, size: 65536
[0.243s][debug][gc                   ] GC(0) ShenandoahScanRememberedTask::do_work(2), processing slice of region 598 at offset 0, size: 65536
[0.243s][debug][gc                   ] GC(0) ShenandoahScanRememberedTask::do_work(2), processing slice of region 599 at offset 0, size: 65536
[0.243s][debug][gc                   ] GC(0) ShenandoahScanRememberedTask::do_work(2), processing slice of region 600 at offset 0, size: 65536
[0.243s][debug][gc                   ] GC(0) ShenandoahScanRememberedTask::do_work(2), processing slice of region 601 at offset 0, size: 65536
[0.243s][debug][gc                   ] GC(0) ShenandoahScanRememberedTask::do_work(5), processing slice of region 520 at offset 0, size: 65536
[0.243s][debug][gc                   ] GC(0) ShenandoahScanRememberedTask::do_work(2), processing slice of region 602 at offset 0, size: 65536
[0.243s][debug][gc                   ] GC(0) ShenandoahScanRememberedTask::do_work(2), processing slice of region 603 at offset 0, size: 65536
[0.243s][debug][gc                   ] GC(0) ShenandoahScanRememberedTask::do_work(3), processing slice of region 532 at offset 0, size: 65536
[0.243s][debug][gc                   ] GC(0) ShenandoahScanRememberedTask::do_work(4), processing slice of region 515 at offset 0, size: 65536
[0.243s][debug][gc                   ] GC(0) ShenandoahScanRememberedTask::do_work(3), processing slice of region 606 at offset 0, size: 65536
[0.243s][debug][gc                   ] GC(0) ShenandoahScanRememberedTask::do_work(4), processing slice of region 607 at offset 0, size: 65536
[0.243s][debug][gc                   ] GC(0) ShenandoahScanRememberedTask::do_work(3), processing slice of region 608 at offset 0, size: 65536
[0.243s][debug][gc                   ] GC(0) ShenandoahScanRememberedTask::do_work(4), processing slice of region 609 at offset 0, size: 65536
[0.243s][debug][gc                   ] GC(0) ShenandoahScanRememberedTask::do_work(6), processing slice of region 597 at offset 0, size: 65536
[0.243s][debug][gc                   ] GC(0) ShenandoahScanRememberedTask::do_work(6), processing slice of region 612 at offset 0, size: 65536
[0.243s][debug][gc                   ] GC(0) ShenandoahScanRememberedTask::do_work(6), processing slice of region 613 at offset 0, size: 65536
[0.243s][debug][gc                   ] GC(0) ShenandoahScanRememberedTask::do_work(6), processing slice of region 614 at offset 0, size: 65536
[0.243s][debug][gc                   ] GC(0) ShenandoahScanRememberedTask::do_work(6), processing slice of region 615 at offset 0, size: 65536
[0.243s][debug][gc                   ] GC(0) ShenandoahScanRememberedTask::do_work(6), processing slice of region 616 at offset 0, size: 65536
[0.243s][debug][gc                   ] GC(0) ShenandoahScanRememberedTask::do_work(6), processing slice of region 617 at offset 0, size: 65536
[0.243s][debug][gc                   ] GC(0) ShenandoahScanRememberedTask::do_work(6), processing slice of region 618 at offset 0, size: 65536
[0.243s][debug][gc                   ] GC(0) ShenandoahScanRememberedTask::do_work(6), processing slice of region 619 at offset 0, size: 65536
[0.243s][debug][gc                   ] GC(0) ShenandoahScanRememberedTask::do_work(6), processing slice of region 620 at offset 0, size: 65536
[0.243s][debug][gc                   ] GC(0) ShenandoahScanRememberedTask::do_work(6), processing slice of region 621 at offset 0, size: 65536
[0.243s][debug][gc                   ] GC(0) ShenandoahScanRememberedTask::do_work(6), processing slice of region 622 at offset 0, size: 65536
[0.243s][debug][gc                   ] GC(0) ShenandoahScanRememberedTask::do_work(6), processing slice of region 623 at offset 0, size: 65536
[0.243s][debug][gc                   ] GC(0) ShenandoahScanRememberedTask::do_work(6), processing slice of region 624 at offset 0, size: 65536
[0.243s][debug][gc                   ] GC(0) ShenandoahScanRememberedTask::do_work(6), processing slice of region 625 at offset 0, size: 65536
[0.243s][debug][gc                   ] Setting affiliation of Region 501 from FREE to YOUNG, top: 0x00000000cfa80000, TAMS: 0x00000000cfa80000, watermark: 0x00000000cfa80000, top_bitmap: 0x00000000cfa80000
[0.243s][debug][gc                   ] Setting affiliation of Region 502 from FREE to YOUNG, top: 0x00000000cfb00000, TAMS: 0x00000000cfb00000, watermark: 0x00000000cfb00000, top_bitmap: 0x00000000cfb00000
[0.243s][debug][gc                   ] GC(0) ShenandoahScanRememberedTask::do_work(4), processing slice of region 611 at offset 0, size: 65536
[0.243s][debug][gc                   ] GC(0) ShenandoahScanRememberedTask::do_work(4), processing slice of region 627 at offset 0, size: 65536
[0.243s][debug][gc                   ] GC(0) ShenandoahScanRememberedTask::do_work(4), processing slice of region 628 at offset 0, size: 65536
[0.243s][debug][gc                   ] GC(0) ShenandoahScanRememberedTask::do_work(4), processing slice of region 629 at offset 0, size: 65536
[0.243s][debug][gc                   ] GC(0) ShenandoahScanRememberedTask::do_work(4), processing slice of region 630 at offset 0, size: 65536
[0.243s][debug][gc                   ] GC(0) ShenandoahScanRememberedTask::do_work(4), processing slice of region 631 at offset 0, size: 65536
[0.243s][debug][gc                   ] GC(0) ShenandoahScanRememberedTask::do_work(4), processing slice of region 632 at offset 0, size: 65536
[0.243s][debug][gc                   ] GC(0) ShenandoahScanRememberedTask::do_work(4), processing slice of region 633 at offset 0, size: 65536
[0.243s][debug][gc                   ] GC(0) ShenandoahScanRememberedTask::do_work(4), processing slice of region 634 at offset 0, size: 65536
[0.243s][debug][gc                   ] GC(0) ShenandoahScanRememberedTask::do_work(4), processing slice of region 635 at offset 0, size: 65536
[0.243s][debug][gc                   ] GC(0) ShenandoahScanRememberedTask::do_work(4), processing slice of region 636 at offset 0, size: 65536
[0.243s][debug][gc                   ] GC(0) ShenandoahScanRememberedTask::do_work(4), processing slice of region 637 at offset 0, size: 65536
[0.243s][debug][gc                   ] GC(0) ShenandoahScanRememberedTask::do_work(4), processing slice of region 638 at offset 0, size: 65536
[0.243s][debug][gc                   ] GC(0) ShenandoahScanRememberedTask::do_work(4), processing slice of region 639 at offset 0, size: 65536
[0.243s][debug][gc                   ] GC(0) ShenandoahScanRememberedTask::do_work(4), processing slice of region 640 at offset 0, size: 65536
[0.243s][debug][gc                   ] GC(0) ShenandoahScanRememberedTask::do_work(4), processing slice of region 641 at offset 0, size: 65536
[0.243s][debug][gc                   ] GC(0) ShenandoahScanRememberedTask::do_work(4), processing slice of region 642 at offset 0, size: 65536
[0.243s][debug][gc                   ] GC(0) ShenandoahScanRememberedTask::do_work(4), processing slice of region 643 at offset 0, size: 65536
[0.243s][debug][gc                   ] GC(0) ShenandoahScanRememberedTask::do_work(4), processing slice of region 644 at offset 0, size: 65536
[0.244s][debug][gc                   ] GC(0) ShenandoahScanRememberedTask::do_work(4), processing slice of region 645 at offset 0, size: 65536
[0.244s][debug][gc                   ] GC(0) ShenandoahScanRememberedTask::do_work(4), processing slice of region 646 at offset 0, size: 65536
[0.244s][debug][gc                   ] GC(0) ShenandoahScanRememberedTask::do_work(4), processing slice of region 647 at offset 0, size: 65536
[0.244s][debug][gc                   ] GC(0) ShenandoahScanRememberedTask::do_work(4), processing slice of region 648 at offset 0, size: 65536
[0.243s][debug][gc                   ] GC(0) ShenandoahScanRememberedTask::do_work(6), processing slice of region 626 at offset 0, size: 65536
[0.244s][debug][gc                   ] GC(0) ShenandoahScanRememberedTask::do_work(4), processing slice of region 649 at offset 0, size: 65536
[0.243s][debug][gc                   ] GC(0) ShenandoahScanRememberedTask::do_work(0), processing slice of region 512 at offset 0, size: 65536
[0.244s][debug][gc                   ] GC(0) ShenandoahScanRememberedTask::do_work(0), processing slice of region 652 at offset 0, size: 65536
[0.244s][debug][gc                   ] GC(0) ShenandoahScanRememberedTask::do_work(0), processing slice of region 653 at offset 0, size: 65536
[0.244s][debug][gc                   ] GC(0) ShenandoahScanRememberedTask::do_work(0), processing slice of region 654 at offset 0, size: 65536
[0.244s][debug][gc                   ] GC(0) ShenandoahScanRememberedTask::do_work(0), processing slice of region 655 at offset 0, size: 65536
[0.244s][debug][gc                   ] GC(0) ShenandoahScanRememberedTask::do_work(0), processing slice of region 656 at offset 0, size: 65536
[0.244s][debug][gc                   ] GC(0) ShenandoahScanRememberedTask::do_work(0), processing slice of region 657 at offset 0, size: 65536
[0.244s][debug][gc                   ] GC(0) ShenandoahScanRememberedTask::do_work(6), processing slice of region 650 at offset 0, size: 65536
[0.244s][debug][gc                   ] GC(0) ShenandoahScanRememberedTask::do_work(4), processing slice of region 651 at offset 0, size: 65536
[0.244s][debug][gc                   ] GC(0) ShenandoahScanRememberedTask::do_work(6), processing slice of region 659 at offset 0, size: 65536
[0.244s][debug][gc                   ] GC(0) ShenandoahScanRememberedTask::do_work(4), processing slice of region 660 at offset 0, size: 65536
[0.243s][debug][gc                   ] GC(0) ShenandoahScanRememberedTask::do_work(5), processing slice of region 604 at offset 0, size: 65536
[0.244s][debug][gc                   ] GC(0) ShenandoahScanRememberedTask::do_work(4), processing slice of region 662 at offset 0, size: 65536
[0.243s][debug][gc                   ] GC(0) ShenandoahScanRememberedTask::do_work(1), processing slice of region 410 at offset 0, size: 65536
[0.243s][debug][gc                   ] GC(0) ShenandoahScanRememberedTask::do_work(2), processing slice of region 605 at offset 0, size: 65536
[0.244s][debug][gc                   ] GC(0) ShenandoahScanRememberedTask::do_work(6), processing slice of region 661 at offset 0, size: 65536
[0.244s][debug][gc                   ] GC(0) ShenandoahScanRememberedTask::do_work(6), processing slice of region 667 at offset 0, size: 65536
[0.244s][debug][gc                   ] GC(0) ShenandoahScanRememberedTask::do_work(6), processing slice of region 668 at offset 0, size: 65536
[0.244s][debug][gc                   ] GC(0) ShenandoahScanRememberedTask::do_work(6), processing slice of region 669 at offset 0, size: 65536
[0.244s][debug][gc                   ] GC(0) ShenandoahScanRememberedTask::do_work(6), processing slice of region 670 at offset 0, size: 65536
[0.244s][debug][gc                   ] GC(0) ShenandoahScanRememberedTask::do_work(6), processing slice of region 671 at offset 0, size: 65536
[0.243s][debug][gc                   ] GC(0) ShenandoahScanRememberedTask::do_work(3), processing slice of region 610 at offset 0, size: 65536
[0.244s][debug][gc                   ] GC(0) ShenandoahScanRememberedTask::do_work(3), processing slice of region 673 at offset 0, size: 65536
[0.244s][debug][gc                   ] GC(0) ShenandoahScanRememberedTask::do_work(3), processing slice of region 674 at offset 0, size: 65536
[0.244s][debug][gc                   ] GC(0) ShenandoahScanRememberedTask::do_work(3), processing slice of region 675 at offset 0, size: 65536
[0.244s][debug][gc                   ] GC(0) ShenandoahScanRememberedTask::do_work(3), processing slice of region 676 at offset 0, size: 65536
[0.244s][debug][gc                   ] GC(0) ShenandoahScanRememberedTask::do_work(3), processing slice of region 677 at offset 0, size: 65536
[0.244s][debug][gc                   ] GC(0) ShenandoahScanRememberedTask::do_work(3), processing slice of region 678 at offset 0, size: 65536
[0.244s][debug][gc                   ] GC(0) ShenandoahScanRememberedTask::do_work(3), processing slice of region 679 at offset 0, size: 65536
[0.244s][debug][gc                   ] GC(0) ShenandoahScanRememberedTask::do_work(3), processing slice of region 680 at offset 0, size: 65536
[0.244s][debug][gc                   ] GC(0) ShenandoahScanRememberedTask::do_work(3), processing slice of region 681 at offset 0, size: 65536
[0.244s][debug][gc                   ] GC(0) ShenandoahScanRememberedTask::do_work(3), processing slice of region 682 at offset 0, size: 65536
[0.244s][debug][gc                   ] GC(0) ShenandoahScanRememberedTask::do_work(3), processing slice of region 683 at offset 0, size: 65536
[0.244s][debug][gc                   ] GC(0) ShenandoahScanRememberedTask::do_work(3), processing slice of region 684 at offset 0, size: 65536
[0.244s][debug][gc                   ] GC(0) ShenandoahScanRememberedTask::do_work(3), processing slice of region 685 at offset 0, size: 65536
[0.243s][debug][gc                   ] GC(0) ShenandoahScanRememberedTask::do_work(7), processing slice of region 524 at offset 0, size: 65536
[0.244s][debug][gc                   ] GC(0) ShenandoahScanRememberedTask::do_work(7), processing slice of region 687 at offset 0, size: 65536
[0.244s][debug][gc                   ] GC(0) ShenandoahScanRememberedTask::do_work(7), processing slice of region 688 at offset 0, size: 65536
[0.244s][debug][gc                   ] GC(0) ShenandoahScanRememberedTask::do_work(7), processing slice of region 689 at offset 0, size: 65536
[0.244s][debug][gc                   ] GC(0) ShenandoahScanRememberedTask::do_work(7), processing slice of region 690 at offset 0, size: 65536
[0.244s][debug][gc                   ] GC(0) ShenandoahScanRememberedTask::do_work(7), processing slice of region 691 at offset 0, size: 65536
[0.244s][debug][gc                   ] GC(0) ShenandoahScanRememberedTask::do_work(7), processing slice of region 692 at offset 0, size: 65536
[0.244s][debug][gc                   ] GC(0) ShenandoahScanRememberedTask::do_work(7), processing slice of region 693 at offset 0, size: 65536
[0.244s][debug][gc                   ] GC(0) ShenandoahScanRememberedTask::do_work(7), processing slice of region 694 at offset 0, size: 65536
[0.244s][debug][gc                   ] GC(0) ShenandoahScanRememberedTask::do_work(7), processing slice of region 695 at offset 0, size: 65536
[0.244s][debug][gc                   ] GC(0) ShenandoahScanRememberedTask::do_work(7), processing slice of region 696 at offset 0, size: 65536
[0.244s][debug][gc                   ] GC(0) ShenandoahScanRememberedTask::do_work(7), processing slice of region 697 at offset 0, size: 65536
[0.244s][debug][gc                   ] GC(0) ShenandoahScanRememberedTask::do_work(7), processing slice of region 698 at offset 0, size: 65536
[0.244s][debug][gc                   ] GC(0) ShenandoahScanRememberedTask::do_work(7), processing slice of region 699 at offset 0, size: 65536
[0.244s][debug][gc                   ] GC(0) ShenandoahScanRememberedTask::do_work(7), processing slice of region 700 at offset 0, size: 65536
[0.244s][debug][gc                   ] GC(0) ShenandoahScanRememberedTask::do_work(7), processing slice of region 701 at offset 0, size: 65536
[0.244s][debug][gc                   ] GC(0) ShenandoahScanRememberedTask::do_work(7), processing slice of region 702 at offset 0, size: 65536
[0.244s][debug][gc                   ] GC(0) ShenandoahScanRememberedTask::do_work(7), processing slice of region 703 at offset 0, size: 65536
[0.244s][debug][gc                   ] GC(0) ShenandoahScanRememberedTask::do_work(7), processing slice of region 704 at offset 0, size: 65536
[0.244s][debug][gc                   ] GC(0) ShenandoahScanRememberedTask::do_work(7), processing slice of region 705 at offset 0, size: 65536
[0.244s][debug][gc                   ] GC(0) ShenandoahScanRememberedTask::do_work(0), processing slice of region 658 at offset 0, size: 65536
[0.244s][debug][gc                   ] GC(0) ShenandoahScanRememberedTask::do_work(0), processing slice of region 707 at offset 0, size: 65536
[0.244s][debug][gc                   ] GC(0) ShenandoahScanRememberedTask::do_work(0), processing slice of region 708 at offset 0, size: 65536
[0.244s][debug][gc                   ] GC(0) ShenandoahScanRememberedTask::do_work(0), processing slice of region 709 at offset 0, size: 65536
[0.244s][debug][gc                   ] GC(0) ShenandoahScanRememberedTask::do_work(0), processing slice of region 710 at offset 0, size: 65536
[0.244s][debug][gc                   ] GC(0) ShenandoahScanRememberedTask::do_work(1), processing slice of region 665 at offset 0, size: 65536
[0.244s][debug][gc                   ] GC(0) ShenandoahScanRememberedTask::do_work(0), processing slice of region 711 at offset 0, size: 65536
[0.244s][debug][gc                   ] GC(0) ShenandoahScanRememberedTask::do_work(0), processing slice of region 712 at offset 0, size: 65536
[0.244s][debug][gc                   ] GC(0) ShenandoahScanRememberedTask::do_work(1), processing slice of region 713 at offset 0, size: 65536
[0.244s][debug][gc                   ] GC(0) ShenandoahScanRememberedTask::do_work(2), processing slice of region 666 at offset 0, size: 65536
[0.244s][debug][gc                   ] GC(0) ShenandoahScanRememberedTask::do_work(3), processing slice of region 686 at offset 0, size: 65536
[0.244s][debug][gc                   ] GC(0) ShenandoahScanRememberedTask::do_work(3), processing slice of region 717 at offset 0, size: 65536
[0.244s][debug][gc                   ] GC(0) ShenandoahScanRememberedTask::do_work(6), processing slice of region 672 at offset 0, size: 65536
[0.244s][debug][gc                   ] GC(0) ShenandoahScanRememberedTask::do_work(6), processing slice of region 719 at offset 0, size: 65536
[0.244s][debug][gc                   ] GC(0) ShenandoahScanRememberedTask::do_work(6), processing slice of region 720 at offset 0, size: 65536
[0.244s][debug][gc                   ] GC(0) ShenandoahScanRememberedTask::do_work(0), processing slice of region 714 at offset 0, size: 65536
[0.244s][debug][gc                   ] GC(0) ShenandoahScanRememberedTask::do_work(0), processing slice of region 722 at offset 0, size: 65536
[0.244s][debug][gc                   ] GC(0) ShenandoahScanRememberedTask::do_work(0), processing slice of region 723 at offset 0, size: 65536
[0.244s][debug][gc                   ] GC(0) ShenandoahScanRememberedTask::do_work(0), processing slice of region 724 at offset 0, size: 65536
[0.244s][debug][gc                   ] GC(0) ShenandoahScanRememberedTask::do_work(0), processing slice of region 725 at offset 0, size: 65536
[0.244s][debug][gc                   ] GC(0) ShenandoahScanRememberedTask::do_work(0), processing slice of region 726 at offset 0, size: 65536
[0.244s][debug][gc                   ] GC(0) ShenandoahScanRememberedTask::do_work(0), processing slice of region 727 at offset 0, size: 65536
[0.244s][debug][gc                   ] GC(0) ShenandoahScanRememberedTask::do_work(0), processing slice of region 728 at offset 0, size: 65536
[0.244s][debug][gc                   ] GC(0) ShenandoahScanRememberedTask::do_work(0), processing slice of region 729 at offset 0, size: 65536
[0.244s][debug][gc                   ] GC(0) ShenandoahScanRememberedTask::do_work(0), processing slice of region 730 at offset 0, size: 65536
[0.244s][debug][gc                   ] GC(0) ShenandoahScanRememberedTask::do_work(0), processing slice of region 731 at offset 0, size: 65536
[0.244s][debug][gc                   ] GC(0) ShenandoahScanRememberedTask::do_work(0), processing slice of region 732 at offset 0, size: 65536
[0.244s][debug][gc                   ] GC(0) ShenandoahScanRememberedTask::do_work(0), processing slice of region 733 at offset 0, size: 65536
[0.244s][debug][gc                   ] GC(0) ShenandoahScanRememberedTask::do_work(0), processing slice of region 734 at offset 0, size: 65536
[0.244s][debug][gc                   ] GC(0) ShenandoahScanRememberedTask::do_work(0), processing slice of region 735 at offset 0, size: 65536
[0.244s][debug][gc                   ] GC(0) ShenandoahScanRememberedTask::do_work(4), processing slice of region 664 at offset 0, size: 65536
[0.244s][debug][gc                   ] GC(0) ShenandoahScanRememberedTask::do_work(0), processing slice of region 736 at offset 0, size: 65536
[0.244s][debug][gc                   ] GC(0) ShenandoahScanRememberedTask::do_work(0), processing slice of region 737 at offset 0, size: 65536
[0.244s][debug][gc                   ] GC(0) ShenandoahScanRememberedTask::do_work(7), processing slice of region 706 at offset 0, size: 65536
[0.244s][debug][gc                   ] GC(0) ShenandoahScanRememberedTask::do_work(6), processing slice of region 721 at offset 0, size: 65536
[0.244s][debug][gc                   ] GC(0) ShenandoahScanRememberedTask::do_work(7), processing slice of region 740 at offset 0, size: 65536
[0.244s][debug][gc                   ] GC(0) ShenandoahScanRememberedTask::do_work(6), processing slice of region 741 at offset 0, size: 65536
[0.244s][debug][gc                   ] GC(0) ShenandoahScanRememberedTask::do_work(1), processing slice of region 715 at offset 0, size: 65536
[0.244s][debug][gc                   ] GC(0) ShenandoahScanRememberedTask::do_work(6), processing slice of region 743 at offset 0, size: 65536
[0.244s][debug][gc                   ] GC(0) ShenandoahScanRememberedTask::do_work(3), processing slice of region 718 at offset 0, size: 65536
[0.244s][debug][gc                   ] GC(0) ShenandoahScanRememberedTask::do_work(6), processing slice of region 745 at offset 0, size: 65536
[0.244s][debug][gc                   ] Using new region (1883) for Shared (0x00007faab76e5830).
[0.244s][debug][gc                   ] Setting affiliation of Region 1883 from FREE to YOUNG, top: 0x00000000fad80000, TAMS: 0x00000000fad80000, watermark: 0x00000000fad80000, top_bitmap: 0x00000000fad80000
[0.244s][debug][gc                   ] Using new region (1883) for Shared (0x00007faab76e5830).
[0.244s][debug][gc                   ] GC(0) ShenandoahScanRememberedTask::do_work(1), processing slice of region 744 at offset 0, size: 65536
[0.244s][debug][gc                   ] GC(0) ShenandoahScanRememberedTask::do_work(3), processing slice of region 746 at offset 0, size: 65536
[0.244s][debug][gc                   ] GC(0) ShenandoahScanRememberedTask::do_work(3), processing slice of region 749 at offset 0, size: 65536
[0.244s][debug][gc                   ] GC(0) ShenandoahScanRememberedTask::do_work(4), processing slice of region 738 at offset 0, size: 65536
[0.244s][debug][gc                   ] GC(0) ShenandoahScanRememberedTask::do_work(4), processing slice of region 751 at offset 0, size: 65536
[0.244s][debug][gc                   ] GC(0) ShenandoahScanRememberedTask::do_work(4), processing slice of region 752 at offset 0, size: 65536
[0.244s][debug][gc                   ] GC(0) ShenandoahScanRememberedTask::do_work(4), processing slice of region 753 at offset 0, size: 65536
[0.244s][debug][gc                   ] GC(0) ShenandoahScanRememberedTask::do_work(4), processing slice of region 754 at offset 0, size: 65536
[0.244s][debug][gc                   ] GC(0) ShenandoahScanRememberedTask::do_work(4), processing slice of region 755 at offset 0, size: 65536
[0.244s][debug][gc                   ] GC(0) ShenandoahScanRememberedTask::do_work(4), processing slice of region 756 at offset 0, size: 65536
[0.244s][debug][gc                   ] GC(0) ShenandoahScanRememberedTask::do_work(4), processing slice of region 757 at offset 0, size: 65536
[0.244s][debug][gc                   ] GC(0) ShenandoahScanRememberedTask::do_work(4), processing slice of region 758 at offset 0, size: 65536
[0.244s][debug][gc                   ] GC(0) ShenandoahScanRememberedTask::do_work(4), processing slice of region 759 at offset 0, size: 65536
[0.244s][debug][gc                   ] GC(0) ShenandoahScanRememberedTask::do_work(4), processing slice of region 760 at offset 0, size: 65536
[0.244s][debug][gc                   ] GC(0) ShenandoahScanRememberedTask::do_work(4), processing slice of region 761 at offset 0, size: 65536
[0.244s][debug][gc                   ] GC(0) ShenandoahScanRememberedTask::do_work(4), processing slice of region 762 at offset 0, size: 65536
[0.244s][debug][gc                   ] GC(0) ShenandoahScanRememberedTask::do_work(4), processing slice of region 763 at offset 0, size: 65536
[0.244s][debug][gc                   ] GC(0) ShenandoahScanRememberedTask::do_work(4), processing slice of region 764 at offset 0, size: 65536
[0.244s][debug][gc                   ] GC(0) ShenandoahScanRememberedTask::do_work(4), processing slice of region 765 at offset 0, size: 65536
[0.244s][debug][gc                   ] GC(0) ShenandoahScanRememberedTask::do_work(4), processing slice of region 766 at offset 0, size: 65536
[0.244s][debug][gc                   ] GC(0) ShenandoahScanRememberedTask::do_work(5), processing slice of region 663 at offset 0, size: 65536
[0.244s][debug][gc                   ] GC(0) ShenandoahScanRememberedTask::do_work(5), processing slice of region 768 at offset 0, size: 65536
[0.244s][debug][gc                   ] GC(0) ShenandoahScanRememberedTask::do_work(5), processing slice of region 769 at offset 0, size: 65536
[0.244s][debug][gc                   ] GC(0) ShenandoahScanRememberedTask::do_work(5), processing slice of region 770 at offset 0, size: 65536
[0.244s][debug][gc                   ] GC(0) ShenandoahScanRememberedTask::do_work(5), processing slice of region 771 at offset 0, size: 65536
[0.244s][debug][gc                   ] GC(0) ShenandoahScanRememberedTask::do_work(1), processing slice of region 748 at offset 0, size: 65536
[0.244s][debug][gc                   ] GC(0) ShenandoahScanRememberedTask::do_work(1), processing slice of region 773 at offset 0, size: 65536
[0.244s][debug][gc                   ] GC(0) ShenandoahScanRememberedTask::do_work(1), processing slice of region 774 at offset 0, size: 65536
[0.244s][debug][gc                   ] GC(0) ShenandoahScanRememberedTask::do_work(1), processing slice of region 775 at offset 0, size: 65536
[0.244s][debug][gc                   ] GC(0) ShenandoahScanRememberedTask::do_work(1), processing slice of region 776 at offset 0, size: 65536
[0.244s][debug][gc                   ] GC(0) ShenandoahScanRememberedTask::do_work(3), processing slice of region 750 at offset 0, size: 65536
[0.244s][debug][gc                   ] GC(0) ShenandoahScanRememberedTask::do_work(3), processing slice of region 778 at offset 0, size: 65536
[0.244s][debug][gc                   ] GC(0) ShenandoahScanRememberedTask::do_work(3), processing slice of region 779 at offset 0, size: 65536
[0.244s][debug][gc                   ] GC(0) ShenandoahScanRememberedTask::do_work(3), processing slice of region 780 at offset 0, size: 65536
[0.244s][debug][gc                   ] GC(0) ShenandoahScanRememberedTask::do_work(3), processing slice of region 781 at offset 0, size: 65536
[0.244s][debug][gc                   ] GC(0) ShenandoahScanRememberedTask::do_work(3), processing slice of region 782 at offset 0, size: 65536
[0.244s][debug][gc                   ] GC(0) ShenandoahScanRememberedTask::do_work(3), processing slice of region 783 at offset 0, size: 65536
[0.244s][debug][gc                   ] GC(0) ShenandoahScanRememberedTask::do_work(3), processing slice of region 784 at offset 0, size: 65536
[0.244s][debug][gc                   ] GC(0) ShenandoahScanRememberedTask::do_work(3), processing slice of region 785 at offset 0, size: 65536
[0.244s][debug][gc                   ] GC(0) ShenandoahScanRememberedTask::do_work(3), processing slice of region 786 at offset 0, size: 65536
[0.244s][debug][gc                   ] GC(0) ShenandoahScanRememberedTask::do_work(3), processing slice of region 787 at offset 0, size: 65536
[0.244s][debug][gc                   ] GC(0) ShenandoahScanRememberedTask::do_work(3), processing slice of region 788 at offset 0, size: 65536
[0.244s][debug][gc                   ] GC(0) ShenandoahScanRememberedTask::do_work(3), processing slice of region 789 at offset 0, size: 65536
[0.244s][debug][gc                   ] GC(0) ShenandoahScanRememberedTask::do_work(6), processing slice of region 747 at offset 0, size: 65536
[0.244s][debug][gc                   ] GC(0) ShenandoahScanRememberedTask::do_work(6), processing slice of region 791 at offset 0, size: 65536
[0.244s][debug][gc                   ] GC(0) ShenandoahScanRememberedTask::do_work(6), processing slice of region 792 at offset 0, size: 65536
[0.244s][debug][gc                   ] GC(0) ShenandoahScanRememberedTask::do_work(4), processing slice of region 767 at offset 0, size: 65536
[0.244s][debug][gc                   ] GC(0) ShenandoahScanRememberedTask::do_work(4), processing slice of region 794 at offset 0, size: 65536
[0.244s][debug][gc                   ] GC(0) ShenandoahScanRememberedTask::do_work(4), processing slice of region 795 at offset 0, size: 65536
[0.244s][debug][gc                   ] GC(0) ShenandoahScanRememberedTask::do_work(0), processing slice of region 739 at offset 0, size: 65536
[0.244s][debug][gc                   ] GC(0) ShenandoahScanRememberedTask::do_work(0), processing slice of region 797 at offset 0, size: 65536
[0.244s][debug][gc                   ] GC(0) ShenandoahScanRememberedTask::do_work(0), processing slice of region 798 at offset 0, size: 65536
[0.244s][debug][gc                   ] GC(0) ShenandoahScanRememberedTask::do_work(0), processing slice of region 799 at offset 0, size: 65536
[0.244s][debug][gc                   ] GC(0) ShenandoahScanRememberedTask::do_work(0), processing slice of region 800 at offset 0, size: 65536
[0.244s][debug][gc                   ] GC(0) ShenandoahScanRememberedTask::do_work(0), processing slice of region 801 at offset 0, size: 65536
[0.244s][debug][gc                   ] GC(0) ShenandoahScanRememberedTask::do_work(0), processing slice of region 802 at offset 0, size: 65536
[0.244s][debug][gc                   ] GC(0) ShenandoahScanRememberedTask::do_work(0), processing slice of region 803 at offset 0, size: 65536
[0.244s][debug][gc                   ] GC(0) ShenandoahScanRememberedTask::do_work(0), processing slice of region 804 at offset 0, size: 65536
[0.244s][debug][gc                   ] GC(0) ShenandoahScanRememberedTask::do_work(0), processing slice of region 805 at offset 0, size: 65536
[0.244s][debug][gc                   ] GC(0) ShenandoahScanRememberedTask::do_work(0), processing slice of region 806 at offset 0, size: 65536
[0.244s][debug][gc                   ] GC(0) ShenandoahScanRememberedTask::do_work(0), processing slice of region 807 at offset 0, size: 65536
[0.244s][debug][gc                   ] GC(0) ShenandoahScanRememberedTask::do_work(0), processing slice of region 808 at offset 0, size: 65536
[0.244s][debug][gc                   ] GC(0) ShenandoahScanRememberedTask::do_work(0), processing slice of region 809 at offset 0, size: 65536
[0.244s][debug][gc                   ] GC(0) ShenandoahScanRememberedTask::do_work(0), processing slice of region 810 at offset 0, size: 65536
[0.244s][debug][gc                   ] GC(0) ShenandoahScanRememberedTask::do_work(0), processing slice of region 811 at offset 0, size: 65536
[0.244s][debug][gc                   ] GC(0) ShenandoahScanRememberedTask::do_work(0), processing slice of region 812 at offset 0, size: 65536
[0.244s][debug][gc                   ] GC(0) ShenandoahScanRememberedTask::do_work(0), processing slice of region 813 at offset 0, size: 65536
[0.244s][debug][gc                   ] GC(0) ShenandoahScanRememberedTask::do_work(0), processing slice of region 814 at offset 0, size: 65536
[0.244s][debug][gc                   ] GC(0) ShenandoahScanRememberedTask::do_work(0), processing slice of region 815 at offset 0, size: 65536
[0.244s][debug][gc                   ] GC(0) ShenandoahScanRememberedTask::do_work(0), processing slice of region 816 at offset 0, size: 65536
[0.244s][debug][gc                   ] GC(0) ShenandoahScanRememberedTask::do_work(0), processing slice of region 817 at offset 0, size: 65536
[0.244s][debug][gc                   ] GC(0) ShenandoahScanRememberedTask::do_work(7), processing slice of region 742 at offset 0, size: 65536
[0.244s][debug][gc                   ] GC(0) ShenandoahScanRememberedTask::do_work(0), processing slice of region 818 at offset 0, size: 65536
[0.244s][debug][gc                   ] GC(0) ShenandoahScanRememberedTask::do_work(7), processing slice of region 819 at offset 0, size: 65536
[0.244s][debug][gc                   ] GC(0) ShenandoahScanRememberedTask::do_work(4), processing slice of region 796 at offset 0, size: 65536
[0.244s][debug][gc                   ] GC(0) ShenandoahScanRememberedTask::do_work(4), processing slice of region 822 at offset 0, size: 65536
[0.244s][debug][gc                   ] GC(0) ShenandoahScanRememberedTask::do_work(1), processing slice of region 777 at offset 0, size: 65536
[0.244s][debug][gc                   ] GC(0) ShenandoahScanRememberedTask::do_work(1), processing slice of region 824 at offset 0, size: 65536
[0.244s][debug][gc                   ] GC(0) ShenandoahScanRememberedTask::do_work(1), processing slice of region 825 at offset 0, size: 65536
[0.244s][debug][gc                   ] GC(0) ShenandoahScanRememberedTask::do_work(1), processing slice of region 826 at offset 0, size: 65536
[0.244s][debug][gc                   ] GC(0) ShenandoahScanRememberedTask::do_work(1), processing slice of region 827 at offset 0, size: 65536
[0.244s][debug][gc                   ] GC(0) ShenandoahScanRememberedTask::do_work(1), processing slice of region 828 at offset 0, size: 65536
[0.244s][debug][gc                   ] Setting affiliation of Region 503 from FREE to YOUNG, top: 0x00000000cfb80000, TAMS: 0x00000000cfb80000, watermark: 0x00000000cfb80000, top_bitmap: 0x00000000cfb80000
[0.244s][debug][gc                   ] Setting affiliation of Region 504 from FREE to YOUNG, top: 0x00000000cfc00000, TAMS: 0x00000000cfc00000, watermark: 0x00000000cfc00000, top_bitmap: 0x00000000cfc00000
[0.244s][debug][gc                   ] Setting affiliation of Region 505 from FREE to YOUNG, top: 0x00000000cfc80000, TAMS: 0x00000000cfc80000, watermark: 0x00000000cfc80000, top_bitmap: 0x00000000cfc80000
[0.244s][debug][gc                   ] GC(0) ShenandoahScanRememberedTask::do_work(0), processing slice of region 820 at offset 0, size: 65536
[0.244s][debug][gc                   ] GC(0) ShenandoahScanRememberedTask::do_work(0), processing slice of region 830 at offset 0, size: 65536
[0.244s][debug][gc                   ] GC(0) ShenandoahScanRememberedTask::do_work(0), processing slice of region 831 at offset 0, size: 65536
[0.244s][debug][gc                   ] GC(0) ShenandoahScanRememberedTask::do_work(0), processing slice of region 832 at offset 0, size: 65536
[0.244s][debug][gc                   ] GC(0) ShenandoahScanRememberedTask::do_work(5), processing slice of region 772 at offset 0, size: 65536
[0.244s][debug][gc                   ] GC(0) ShenandoahScanRememberedTask::do_work(5), processing slice of region 834 at offset 0, size: 65536
[0.244s][debug][gc                   ] GC(0) ShenandoahScanRememberedTask::do_work(5), processing slice of region 835 at offset 0, size: 65536
[0.244s][debug][gc                   ] GC(0) ShenandoahScanRememberedTask::do_work(5), processing slice of region 836 at offset 0, size: 65536
[0.244s][debug][gc                   ] GC(0) ShenandoahScanRememberedTask::do_work(5), processing slice of region 837 at offset 0, size: 65536
[0.244s][debug][gc                   ] GC(0) ShenandoahScanRememberedTask::do_work(5), processing slice of region 838 at offset 0, size: 65536
[0.244s][debug][gc                   ] GC(0) ShenandoahScanRememberedTask::do_work(5), processing slice of region 839 at offset 0, size: 65536
[0.244s][debug][gc                   ] GC(0) ShenandoahScanRememberedTask::do_work(5), processing slice of region 840 at offset 0, size: 65536
[0.244s][debug][gc                   ] GC(0) ShenandoahScanRememberedTask::do_work(5), processing slice of region 841 at offset 0, size: 65536
[0.244s][debug][gc                   ] GC(0) ShenandoahScanRememberedTask::do_work(1), processing slice of region 829 at offset 0, size: 65536
[0.244s][debug][gc                   ] GC(0) ShenandoahScanRememberedTask::do_work(5), processing slice of region 842 at offset 0, size: 65536
[0.244s][debug][gc                   ] GC(0) ShenandoahScanRememberedTask::do_work(5), processing slice of region 843 at offset 0, size: 65536
[0.244s][debug][gc                   ] GC(0) ShenandoahScanRememberedTask::do_work(3), processing slice of region 790 at offset 0, size: 65536
[0.244s][debug][gc                   ] GC(0) ShenandoahScanRememberedTask::do_work(6), processing slice of region 793 at offset 0, size: 65536
[0.244s][debug][gc                   ] GC(0) ShenandoahScanRememberedTask::do_work(3), processing slice of region 846 at offset 0, size: 65536
[0.244s][debug][gc                   ] GC(0) ShenandoahScanRememberedTask::do_work(6), processing slice of region 847 at offset 0, size: 65536
[0.244s][debug][gc                   ] GC(0) ShenandoahScanRememberedTask::do_work(0), processing slice of region 833 at offset 0, size: 65536
[0.244s][debug][gc                   ] GC(0) ShenandoahScanRememberedTask::do_work(0), processing slice of region 850 at offset 0, size: 65536
[0.244s][debug][gc                   ] GC(0) ShenandoahScanRememberedTask::do_work(0), processing slice of region 851 at offset 0, size: 65536
[0.244s][debug][gc                   ] GC(0) ShenandoahScanRememberedTask::do_work(5), processing slice of region 845 at offset 0, size: 65536
[0.244s][debug][gc                   ] GC(0) ShenandoahScanRememberedTask::do_work(5), processing slice of region 853 at offset 0, size: 65536
[0.244s][debug][gc                   ] GC(0) ShenandoahScanRememberedTask::do_work(5), processing slice of region 854 at offset 0, size: 65536
[0.244s][debug][gc                   ] GC(0) ShenandoahScanRememberedTask::do_work(3), processing slice of region 848 at offset 0, size: 65536
[0.244s][debug][gc                   ] GC(0) ShenandoahScanRememberedTask::do_work(4), processing slice of region 823 at offset 0, size: 65536
[0.244s][debug][gc                   ] GC(0) ShenandoahScanRememberedTask::do_work(4), processing slice of region 857 at offset 0, size: 65536
[0.244s][debug][gc                   ] GC(0) ShenandoahScanRememberedTask::do_work(4), processing slice of region 858 at offset 0, size: 65536
[0.244s][debug][gc                   ] GC(0) ShenandoahScanRememberedTask::do_work(4), processing slice of region 859 at offset 0, size: 65536
[0.244s][debug][gc                   ] GC(0) ShenandoahScanRememberedTask::do_work(4), processing slice of region 860 at offset 0, size: 65536
[0.244s][debug][gc                   ] GC(0) ShenandoahScanRememberedTask::do_work(4), processing slice of region 861 at offset 0, size: 65536
[0.244s][debug][gc                   ] GC(0) ShenandoahScanRememberedTask::do_work(4), processing slice of region 862 at offset 0, size: 65536
[0.244s][debug][gc                   ] GC(0) ShenandoahScanRememberedTask::do_work(4), processing slice of region 863 at offset 0, size: 65536
[0.244s][debug][gc                   ] GC(0) ShenandoahScanRememberedTask::do_work(6), processing slice of region 849 at offset 0, size: 65536
[0.244s][debug][gc                   ] GC(0) ShenandoahScanRememberedTask::do_work(6), processing slice of region 865 at offset 0, size: 65536
[0.244s][debug][gc                   ] GC(0) ShenandoahScanRememberedTask::do_work(6), processing slice of region 866 at offset 0, size: 65536
[0.244s][debug][gc                   ] GC(0) ShenandoahScanRememberedTask::do_work(6), processing slice of region 867 at offset 0, size: 65536
[0.244s][debug][gc                   ] GC(0) ShenandoahScanRememberedTask::do_work(6), processing slice of region 868 at offset 0, size: 65536
[0.244s][debug][gc                   ] GC(0) ShenandoahScanRememberedTask::do_work(6), processing slice of region 869 at offset 0, size: 65536
[0.244s][debug][gc                   ] GC(0) ShenandoahScanRememberedTask::do_work(6), processing slice of region 870 at offset 0, size: 65536
[0.244s][debug][gc                   ] GC(0) ShenandoahScanRememberedTask::do_work(6), processing slice of region 871 at offset 0, size: 65536
[0.244s][debug][gc                   ] GC(0) ShenandoahScanRememberedTask::do_work(6), processing slice of region 872 at offset 0, size: 65536
[0.244s][debug][gc                   ] GC(0) ShenandoahScanRememberedTask::do_work(6), processing slice of region 873 at offset 0, size: 65536
[0.244s][debug][gc                   ] GC(0) ShenandoahScanRememberedTask::do_work(6), processing slice of region 874 at offset 0, size: 65536
[0.244s][debug][gc                   ] GC(0) ShenandoahScanRememberedTask::do_work(6), processing slice of region 875 at offset 0, size: 65536
[0.244s][debug][gc                   ] GC(0) ShenandoahScanRememberedTask::do_work(6), processing slice of region 876 at offset 0, size: 65536
[0.244s][debug][gc                   ] GC(0) ShenandoahScanRememberedTask::do_work(6), processing slice of region 877 at offset 0, size: 65536
[0.244s][debug][gc                   ] GC(0) ShenandoahScanRememberedTask::do_work(6), processing slice of region 878 at offset 0, size: 65536
[0.244s][debug][gc                   ] GC(0) ShenandoahScanRememberedTask::do_work(6), processing slice of region 879 at offset 0, size: 65536
[0.244s][debug][gc                   ] GC(0) ShenandoahScanRememberedTask::do_work(6), processing slice of region 880 at offset 0, size: 65536
[0.244s][debug][gc                   ] GC(0) ShenandoahScanRememberedTask::do_work(6), processing slice of region 881 at offset 0, size: 65536
[0.244s][debug][gc                   ] GC(0) ShenandoahScanRememberedTask::do_work(6), processing slice of region 882 at offset 0, size: 65536
[0.244s][debug][gc                   ] GC(0) ShenandoahScanRememberedTask::do_work(6), processing slice of region 883 at offset 0, size: 65536
[0.244s][debug][gc                   ] GC(0) ShenandoahScanRememberedTask::do_work(6), processing slice of region 884 at offset 0, size: 65536
[0.244s][debug][gc                   ] GC(0) ShenandoahScanRememberedTask::do_work(6), processing slice of region 885 at offset 0, size: 65536
[0.244s][debug][gc                   ] GC(0) ShenandoahScanRememberedTask::do_work(6), processing slice of region 886 at offset 0, size: 65536
[0.244s][debug][gc                   ] GC(0) ShenandoahScanRememberedTask::do_work(6), processing slice of region 887 at offset 0, size: 65536
[0.244s][debug][gc                   ] GC(0) ShenandoahScanRememberedTask::do_work(3), processing slice of region 856 at offset 0, size: 65536
[0.244s][debug][gc                   ] GC(0) ShenandoahScanRememberedTask::do_work(3), processing slice of region 889 at offset 0, size: 65536
[0.244s][debug][gc                   ] GC(0) ShenandoahScanRememberedTask::do_work(3), processing slice of region 890 at offset 0, size: 65536
[0.244s][debug][gc                   ] GC(0) ShenandoahScanRememberedTask::do_work(3), processing slice of region 891 at offset 0, size: 65536
[0.244s][debug][gc                   ] GC(0) ShenandoahScanRememberedTask::do_work(3), processing slice of region 892 at offset 0, size: 65536
[0.244s][debug][gc                   ] GC(0) ShenandoahScanRememberedTask::do_work(3), processing slice of region 893 at offset 0, size: 65536
[0.244s][debug][gc                   ] GC(0) ShenandoahScanRememberedTask::do_work(3), processing slice of region 894 at offset 0, size: 65536
[0.244s][debug][gc                   ] GC(0) ShenandoahScanRememberedTask::do_work(3), processing slice of region 895 at offset 0, size: 65536
[0.244s][debug][gc                   ] GC(0) ShenandoahScanRememberedTask::do_work(3), processing slice of region 896 at offset 0, size: 65536
[0.244s][debug][gc                   ] GC(0) ShenandoahScanRememberedTask::do_work(3), processing slice of region 897 at offset 0, size: 65536
[0.244s][debug][gc                   ] GC(0) ShenandoahScanRememberedTask::do_work(3), processing slice of region 898 at offset 0, size: 65536
[0.244s][debug][gc                   ] GC(0) ShenandoahScanRememberedTask::do_work(3), processing slice of region 899 at offset 0, size: 65536
[0.244s][debug][gc                   ] GC(0) ShenandoahScanRememberedTask::do_work(3), processing slice of region 900 at offset 0, size: 65536
[0.244s][debug][gc                   ] GC(0) ShenandoahScanRememberedTask::do_work(3), processing slice of region 901 at offset 0, size: 65536
[0.244s][debug][gc                   ] GC(0) ShenandoahScanRememberedTask::do_work(3), processing slice of region 902 at offset 0, size: 65536
[0.244s][debug][gc                   ] GC(0) ShenandoahScanRememberedTask::do_work(3), processing slice of region 903 at offset 0, size: 65536
[0.244s][debug][gc                   ] GC(0) ShenandoahScanRememberedTask::do_work(3), processing slice of region 904 at offset 0, size: 65536
[0.244s][debug][gc                   ] GC(0) ShenandoahScanRememberedTask::do_work(3), processing slice of region 905 at offset 0, size: 65536
[0.244s][debug][gc                   ] GC(0) ShenandoahScanRememberedTask::do_work(3), processing slice of region 906 at offset 0, size: 65536
[0.244s][debug][gc                   ] GC(0) ShenandoahScanRememberedTask::do_work(3), processing slice of region 907 at offset 0, size: 65536
[0.244s][debug][gc                   ] GC(0) ShenandoahScanRememberedTask::do_work(3), processing slice of region 908 at offset 0, size: 65536
[0.244s][debug][gc                   ] GC(0) ShenandoahScanRememberedTask::do_work(3), processing slice of region 909 at offset 0, size: 65536
[0.244s][debug][gc                   ] GC(0) ShenandoahScanRememberedTask::do_work(3), processing slice of region 910 at offset 0, size: 65536
[0.244s][debug][gc                   ] GC(0) ShenandoahScanRememberedTask::do_work(3), processing slice of region 911 at offset 0, size: 65536
[0.244s][debug][gc                   ] GC(0) ShenandoahScanRememberedTask::do_work(3), processing slice of region 912 at offset 0, size: 65536
[0.244s][debug][gc                   ] GC(0) ShenandoahScanRememberedTask::do_work(3), processing slice of region 913 at offset 0, size: 65536
[0.244s][debug][gc                   ] GC(0) ShenandoahScanRememberedTask::do_work(3), processing slice of region 914 at offset 0, size: 65536
[0.244s][debug][gc                   ] GC(0) ShenandoahScanRememberedTask::do_work(3), processing slice of region 915 at offset 0, size: 65536
[0.244s][debug][gc                   ] GC(0) ShenandoahScanRememberedTask::do_work(3), processing slice of region 916 at offset 0, size: 65536
[0.244s][debug][gc                   ] GC(0) ShenandoahScanRememberedTask::do_work(3), processing slice of region 917 at offset 0, size: 65536
[0.244s][debug][gc                   ] GC(0) ShenandoahScanRememberedTask::do_work(3), processing slice of region 918 at offset 0, size: 65536
[0.244s][debug][gc                   ] GC(0) ShenandoahScanRememberedTask::do_work(3), processing slice of region 919 at offset 0, size: 65536
[0.244s][debug][gc                   ] GC(0) ShenandoahScanRememberedTask::do_work(3), processing slice of region 920 at offset 0, size: 65536
[0.244s][debug][gc                   ] GC(0) ShenandoahScanRememberedTask::do_work(3), processing slice of region 921 at offset 0, size: 65536
[0.244s][debug][gc                   ] GC(0) ShenandoahScanRememberedTask::do_work(3), processing slice of region 922 at offset 0, size: 65536
[0.244s][debug][gc                   ] GC(0) ShenandoahScanRememberedTask::do_work(3), processing slice of region 923 at offset 0, size: 65536
[0.244s][debug][gc                   ] GC(0) ShenandoahScanRememberedTask::do_work(3), processing slice of region 924 at offset 0, size: 65536
[0.244s][debug][gc                   ] GC(0) ShenandoahScanRememberedTask::do_work(3), processing slice of region 925 at offset 0, size: 65536
[0.244s][debug][gc                   ] GC(0) ShenandoahScanRememberedTask::do_work(2), processing slice of region 716 at offset 0, size: 65536
[0.244s][debug][gc                   ] GC(0) ShenandoahScanRememberedTask::do_work(2), processing slice of region 927 at offset 0, size: 65536
[0.244s][debug][gc                   ] GC(0) ShenandoahScanRememberedTask::do_work(2), processing slice of region 928 at offset 0, size: 65536
[0.244s][debug][gc                   ] GC(0) ShenandoahScanRememberedTask::do_work(2), processing slice of region 929 at offset 0, size: 65536
[0.244s][debug][gc                   ] GC(0) ShenandoahScanRememberedTask::do_work(0), processing slice of region 852 at offset 0, size: 65536
[0.244s][debug][gc                   ] GC(0) ShenandoahScanRememberedTask::do_work(0), processing slice of region 931 at offset 0, size: 65536
[0.244s][debug][gc                   ] GC(0) ShenandoahScanRememberedTask::do_work(0), processing slice of region 932 at offset 0, size: 65536
[0.244s][debug][gc                   ] GC(0) ShenandoahScanRememberedTask::do_work(0), processing slice of region 933 at offset 0, size: 65536
[0.244s][debug][gc                   ] GC(0) ShenandoahScanRememberedTask::do_work(0), processing slice of region 934 at offset 0, size: 65536
[0.244s][debug][gc                   ] GC(0) ShenandoahScanRememberedTask::do_work(0), processing slice of region 935 at offset 0, size: 65536
[0.244s][debug][gc                   ] GC(0) ShenandoahScanRememberedTask::do_work(0), processing slice of region 936 at offset 0, size: 65536
[0.244s][debug][gc                   ] GC(0) ShenandoahScanRememberedTask::do_work(0), processing slice of region 937 at offset 0, size: 65536
[0.244s][debug][gc                   ] GC(0) ShenandoahScanRememberedTask::do_work(0), processing slice of region 938 at offset 0, size: 65536
[0.244s][debug][gc                   ] GC(0) ShenandoahScanRememberedTask::do_work(0), processing slice of region 939 at offset 0, size: 65536
[0.244s][debug][gc                   ] GC(0) ShenandoahScanRememberedTask::do_work(0), processing slice of region 940 at offset 0, size: 65536
[0.244s][debug][gc                   ] GC(0) ShenandoahScanRememberedTask::do_work(0), processing slice of region 941 at offset 0, size: 65536
[0.244s][debug][gc                   ] GC(0) ShenandoahScanRememberedTask::do_work(0), processing slice of region 942 at offset 0, size: 65536
[0.244s][debug][gc                   ] GC(0) ShenandoahScanRememberedTask::do_work(0), processing slice of region 943 at offset 0, size: 65536
[0.244s][debug][gc                   ] GC(0) ShenandoahScanRememberedTask::do_work(0), processing slice of region 944 at offset 0, size: 65536
[0.244s][debug][gc                   ] GC(0) ShenandoahScanRememberedTask::do_work(0), processing slice of region 945 at offset 0, size: 65536
[0.244s][debug][gc                   ] GC(0) ShenandoahScanRememberedTask::do_work(0), processing slice of region 946 at offset 0, size: 65536
[0.244s][debug][gc                   ] GC(0) ShenandoahScanRememberedTask::do_work(0), processing slice of region 947 at offset 0, size: 65536
[0.244s][debug][gc                   ] GC(0) ShenandoahScanRememberedTask::do_work(0), processing slice of region 948 at offset 0, size: 65536
[0.244s][debug][gc                   ] GC(0) ShenandoahScanRememberedTask::do_work(0), processing slice of region 949 at offset 0, size: 65536
[0.244s][debug][gc                   ] GC(0) ShenandoahScanRememberedTask::do_work(0), processing slice of region 950 at offset 0, size: 65536
[0.244s][debug][gc                   ] GC(0) ShenandoahScanRememberedTask::do_work(0), processing slice of region 951 at offset 0, size: 65536
[0.244s][debug][gc                   ] GC(0) ShenandoahScanRememberedTask::do_work(0), processing slice of region 952 at offset 0, size: 65536
[0.244s][debug][gc                   ] GC(0) ShenandoahScanRememberedTask::do_work(0), processing slice of region 953 at offset 0, size: 65536
[0.244s][debug][gc                   ] GC(0) ShenandoahScanRememberedTask::do_work(0), processing slice of region 954 at offset 0, size: 65536
[0.244s][debug][gc                   ] GC(0) ShenandoahScanRememberedTask::do_work(0), processing slice of region 955 at offset 0, size: 65536
[0.244s][debug][gc                   ] GC(0) ShenandoahScanRememberedTask::do_work(0), processing slice of region 956 at offset 0, size: 65536
[0.244s][debug][gc                   ] GC(0) ShenandoahScanRememberedTask::do_work(0), processing slice of region 957 at offset 0, size: 65536
[0.244s][debug][gc                   ] GC(0) ShenandoahScanRememberedTask::do_work(0), processing slice of region 958 at offset 0, size: 65536
[0.244s][debug][gc                   ] GC(0) ShenandoahScanRememberedTask::do_work(0), processing slice of region 959 at offset 0, size: 65536
[0.244s][debug][gc                   ] GC(0) ShenandoahScanRememberedTask::do_work(0), processing slice of region 960 at offset 0, size: 65536
[0.244s][debug][gc                   ] GC(0) ShenandoahScanRememberedTask::do_work(0), processing slice of region 961 at offset 0, size: 65536
[0.244s][debug][gc                   ] GC(0) ShenandoahScanRememberedTask::do_work(0), processing slice of region 962 at offset 0, size: 65536
[0.244s][debug][gc                   ] GC(0) ShenandoahScanRememberedTask::do_work(0), processing slice of region 963 at offset 0, size: 65536
[0.244s][debug][gc                   ] GC(0) ShenandoahScanRememberedTask::do_work(0), processing slice of region 964 at offset 0, size: 65536
[0.244s][debug][gc                   ] GC(0) ShenandoahScanRememberedTask::do_work(0), processing slice of region 965 at offset 0, size: 65536
[0.244s][debug][gc                   ] GC(0) ShenandoahScanRememberedTask::do_work(0), processing slice of region 966 at offset 0, size: 65536
[0.244s][debug][gc                   ] GC(0) ShenandoahScanRememberedTask::do_work(3), processing slice of region 926 at offset 0, size: 65536
[0.244s][debug][gc                   ] GC(0) ShenandoahScanRememberedTask::do_work(0), processing slice of region 967 at offset 0, size: 65536
[0.244s][debug][gc                   ] GC(0) ShenandoahScanRememberedTask::do_work(0), processing slice of region 968 at offset 0, size: 65536
[0.244s][debug][gc                   ] GC(0) ShenandoahScanRememberedTask::do_work(1), processing slice of region 844 at offset 0, size: 65536
[0.244s][debug][gc                   ] GC(0) ShenandoahScanRememberedTask::do_work(2), processing slice of region 930 at offset 0, size: 65536
[0.244s][debug][gc                   ] GC(0) ShenandoahScanRememberedTask::do_work(1), processing slice of region 971 at offset 0, size: 65536
[0.244s][debug][gc                   ] GC(0) ShenandoahScanRememberedTask::do_work(6), processing slice of region 888 at offset 0, size: 65536
[0.244s][debug][gc                   ] GC(0) ShenandoahScanRememberedTask::do_work(4), processing slice of region 864 at offset 0, size: 65536
[0.244s][debug][gc                   ] GC(0) ShenandoahScanRememberedTask::do_work(4), processing slice of region 975 at offset 0, size: 65536
[0.244s][debug][gc                   ] GC(0) ShenandoahScanRememberedTask::do_work(3), processing slice of region 969 at offset 0, size: 65536
[0.244s][debug][gc                   ] GC(0) ShenandoahScanRememberedTask::do_work(3), processing slice of region 977 at offset 0, size: 65536
[0.244s][debug][gc                   ] GC(0) ShenandoahScanRememberedTask::do_work(3), processing slice of region 978 at offset 0, size: 65536
[0.244s][debug][gc                   ] GC(0) ShenandoahScanRememberedTask::do_work(3), processing slice of region 979 at offset 0, size: 65536
[0.244s][debug][gc                   ] GC(0) ShenandoahScanRememberedTask::do_work(3), processing slice of region 980 at offset 0, size: 65536
[0.244s][debug][gc                   ] GC(0) ShenandoahScanRememberedTask::do_work(3), processing slice of region 981 at offset 0, size: 65536
[0.244s][debug][gc                   ] GC(0) ShenandoahScanRememberedTask::do_work(3), processing slice of region 982 at offset 0, size: 65536
[0.244s][debug][gc                   ] GC(0) ShenandoahScanRememberedTask::do_work(3), processing slice of region 983 at offset 0, size: 65536
[0.244s][debug][gc                   ] GC(0) ShenandoahScanRememberedTask::do_work(3), processing slice of region 984 at offset 0, size: 65536
[0.244s][debug][gc                   ] GC(0) ShenandoahScanRememberedTask::do_work(3), processing slice of region 985 at offset 0, size: 65536
[0.244s][debug][gc                   ] GC(0) ShenandoahScanRememberedTask::do_work(3), processing slice of region 986 at offset 0, size: 65536
[0.244s][debug][gc                   ] GC(0) ShenandoahScanRememberedTask::do_work(3), processing slice of region 987 at offset 0, size: 65536
[0.244s][debug][gc                   ] GC(0) ShenandoahScanRememberedTask::do_work(3), processing slice of region 988 at offset 0, size: 65536
[0.244s][debug][gc                   ] GC(0) ShenandoahScanRememberedTask::do_work(3), processing slice of region 989 at offset 0, size: 65536
[0.244s][debug][gc                   ] GC(0) ShenandoahScanRememberedTask::do_work(3), processing slice of region 990 at offset 0, size: 65536
[0.244s][debug][gc                   ] GC(0) ShenandoahScanRememberedTask::do_work(3), processing slice of region 991 at offset 0, size: 65536
[0.244s][debug][gc                   ] GC(0) ShenandoahScanRememberedTask::do_work(3), processing slice of region 992 at offset 0, size: 65536
[0.244s][debug][gc                   ] GC(0) ShenandoahScanRememberedTask::do_work(3), processing slice of region 993 at offset 0, size: 65536
[0.244s][debug][gc                   ] GC(0) ShenandoahScanRememberedTask::do_work(3), processing slice of region 994 at offset 0, size: 65536
[0.244s][debug][gc                   ] GC(0) ShenandoahScanRememberedTask::do_work(3), processing slice of region 995 at offset 0, size: 65536
[0.244s][debug][gc                   ] GC(0) ShenandoahScanRememberedTask::do_work(3), processing slice of region 996 at offset 0, size: 65536
[0.244s][debug][gc                   ] GC(0) ShenandoahScanRememberedTask::do_work(3), processing slice of region 997 at offset 0, size: 65536
[0.244s][debug][gc                   ] GC(0) ShenandoahScanRememberedTask::do_work(3), processing slice of region 998 at offset 0, size: 65536
[0.244s][debug][gc                   ] GC(0) ShenandoahScanRememberedTask::do_work(3), processing slice of region 999 at offset 0, size: 65536
[0.244s][debug][gc                   ] GC(0) ShenandoahScanRememberedTask::do_work(3), processing slice of region 1000 at offset 0, size: 65536
[0.244s][debug][gc                   ] GC(0) ShenandoahScanRememberedTask::do_work(3), processing slice of region 1001 at offset 0, size: 65536
[0.244s][debug][gc                   ] GC(0) ShenandoahScanRememberedTask::do_work(3), processing slice of region 1002 at offset 0, size: 65536
[0.244s][debug][gc                   ] GC(0) ShenandoahScanRememberedTask::do_work(3), processing slice of region 1003 at offset 0, size: 65536
[0.244s][debug][gc                   ] GC(0) ShenandoahScanRememberedTask::do_work(3), processing slice of region 1004 at offset 0, size: 65536
[0.244s][debug][gc                   ] GC(0) ShenandoahScanRememberedTask::do_work(3), processing slice of region 1005 at offset 0, size: 65536
[0.244s][debug][gc                   ] GC(0) ShenandoahScanRememberedTask::do_work(3), processing slice of region 1006 at offset 0, size: 65536
[0.244s][debug][gc                   ] GC(0) ShenandoahScanRememberedTask::do_work(3), processing slice of region 1007 at offset 0, size: 65536
[0.244s][debug][gc                   ] GC(0) ShenandoahScanRememberedTask::do_work(3), processing slice of region 1008 at offset 0, size: 65536
[0.244s][debug][gc                   ] GC(0) ShenandoahScanRememberedTask::do_work(3), processing slice of region 1009 at offset 0, size: 65536
[0.244s][debug][gc                   ] GC(0) ShenandoahScanRememberedTask::do_work(0), processing slice of region 970 at offset 0, size: 65536
[0.244s][debug][gc                   ] GC(0) ShenandoahScanRememberedTask::do_work(3), processing slice of region 1010 at offset 0, size: 65536
[0.244s][debug][gc                   ] GC(0) ShenandoahScanRememberedTask::do_work(3), processing slice of region 1011 at offset 0, size: 65536
[0.244s][debug][gc                   ] GC(0) ShenandoahScanRememberedTask::do_work(0), processing slice of region 1012 at offset 0, size: 65536
[0.244s][debug][gc                   ] GC(0) ShenandoahScanRememberedTask::do_work(7), processing slice of region 821 at offset 0, size: 65536
[0.244s][debug][gc                   ] GC(0) ShenandoahScanRememberedTask::do_work(2), processing slice of region 972 at offset 0, size: 65536
[0.244s][debug][gc                   ] GC(0) ShenandoahScanRememberedTask::do_work(7), processing slice of region 1015 at offset 0, size: 65536
[0.244s][debug][gc                   ] GC(0) ShenandoahScanRememberedTask::do_work(2), processing slice of region 1016 at offset 0, size: 65536
[0.244s][debug][gc                   ] GC(0) ShenandoahScanRememberedTask::do_work(6), processing slice of region 974 at offset 0, size: 65536
[0.244s][debug][gc                   ] GC(0) ShenandoahScanRememberedTask::do_work(6), processing slice of region 1019 at offset 0, size: 65536
[0.244s][debug][gc                   ] GC(0) ShenandoahScanRememberedTask::do_work(6), processing slice of region 1020 at offset 0, size: 65536
[0.244s][debug][gc                   ] GC(0) ShenandoahScanRememberedTask::do_work(0), processing slice of region 1014 at offset 0, size: 65536
[0.244s][debug][gc                   ] GC(0) ShenandoahScanRememberedTask::do_work(0), processing slice of region 1022 at offset 0, size: 65536
[0.244s][debug][gc                   ] GC(0) ShenandoahScanRememberedTask::do_work(0), processing slice of region 1023 at offset 0, size: 65536
[0.244s][debug][gc                   ] GC(0) ShenandoahScanRememberedTask::do_work(7), processing slice of region 1017 at offset 0, size: 65536
[0.244s][debug][gc                   ] GC(0) ShenandoahScanRememberedTask::do_work(0), processing slice of region 1024 at offset 0, size: 32768
[0.244s][debug][gc                   ] GC(0) ShenandoahScanRememberedTask::do_work(7), processing slice of region 1024 at offset 32768, size: 32768
[0.244s][debug][gc                   ] GC(0) ShenandoahScanRememberedTask::do_work(4), processing slice of region 976 at offset 0, size: 65536
[0.244s][debug][gc                   ] GC(0) ShenandoahScanRememberedTask::do_work(6), processing slice of region 1021 at offset 0, size: 65536
[0.244s][debug][gc                   ] GC(0) ShenandoahScanRememberedTask::do_work(6), processing slice of region 1026 at offset 32768, size: 32768
[0.244s][debug][gc                   ] GC(0) ShenandoahScanRememberedTask::do_work(6), processing slice of region 1027 at offset 0, size: 32768
[0.244s][debug][gc                   ] GC(0) ShenandoahScanRememberedTask::do_work(6), processing slice of region 1027 at offset 32768, size: 32768
[0.244s][debug][gc                   ] GC(0) ShenandoahScanRememberedTask::do_work(6), processing slice of region 1028 at offset 0, size: 32768
[0.244s][debug][gc                   ] GC(0) ShenandoahScanRememberedTask::do_work(6), processing slice of region 1028 at offset 32768, size: 32768
[0.244s][debug][gc                   ] GC(0) ShenandoahScanRememberedTask::do_work(2), processing slice of region 1018 at offset 0, size: 65536
[0.244s][debug][gc                   ] GC(0) ShenandoahScanRememberedTask::do_work(2), processing slice of region 1029 at offset 32768, size: 32768
[0.244s][debug][gc                   ] GC(0) ShenandoahScanRememberedTask::do_work(2), processing slice of region 1030 at offset 0, size: 32768
[0.244s][debug][gc                   ] GC(0) ShenandoahScanRememberedTask::do_work(2), processing slice of region 1030 at offset 32768, size: 32768
[0.244s][debug][gc                   ] Setting affiliation of Region 506 from FREE to YOUNG, top: 0x00000000cfd00000, TAMS: 0x00000000cfd00000, watermark: 0x00000000cfd00000, top_bitmap: 0x00000000cfd00000
[0.244s][debug][gc                   ] Setting affiliation of Region 507 from FREE to YOUNG, top: 0x00000000cfd80000, TAMS: 0x00000000cfd80000, watermark: 0x00000000cfd80000, top_bitmap: 0x00000000cfd80000
[0.244s][debug][gc                   ] Setting affiliation of Region 508 from FREE to YOUNG, top: 0x00000000cfe00000, TAMS: 0x00000000cfe00000, watermark: 0x00000000cfe00000, top_bitmap: 0x00000000cfe00000
[0.244s][debug][gc                   ] GC(0) ShenandoahScanRememberedTask::do_work(4), processing slice of region 1026 at offset 0, size: 32768
[0.244s][debug][gc                   ] GC(0) ShenandoahScanRememberedTask::do_work(4), processing slice of region 1031 at offset 32768, size: 32768
[0.244s][debug][gc                   ] GC(0) ShenandoahScanRememberedTask::do_work(4), processing slice of region 1032 at offset 0, size: 32768
[0.244s][debug][gc                   ] GC(0) ShenandoahScanRememberedTask::do_work(4), processing slice of region 1032 at offset 32768, size: 32768
[0.244s][debug][gc                   ] GC(0) ShenandoahScanRememberedTask::do_work(4), processing slice of region 1033 at offset 0, size: 32768
[0.244s][debug][gc                   ] GC(0) ShenandoahScanRememberedTask::do_work(1), processing slice of region 973 at offset 0, size: 65536
[0.245s][debug][gc                   ] GC(0) ShenandoahScanRememberedTask::do_work(4), processing slice of region 1033 at offset 32768, size: 32768
[0.245s][debug][gc                   ] GC(0) ShenandoahScanRememberedTask::do_work(1), processing slice of region 1034 at offset 0, size: 32768
[0.245s][debug][gc                   ] GC(0) ShenandoahScanRememberedTask::do_work(4), processing slice of region 1034 at offset 32768, size: 32768
[0.245s][debug][gc                   ] GC(0) ShenandoahScanRememberedTask::do_work(1), processing slice of region 1035 at offset 0, size: 32768
[0.244s][debug][gc                   ] GC(0) ShenandoahScanRememberedTask::do_work(6), processing slice of region 1029 at offset 0, size: 32768
[0.245s][debug][gc                   ] GC(0) ShenandoahScanRememberedTask::do_work(6), processing slice of region 1036 at offset 32768, size: 32768
[0.245s][debug][gc                   ] GC(0) ShenandoahScanRememberedTask::do_work(6), processing slice of region 1037 at offset 0, size: 32768
[0.244s][debug][gc                   ] GC(0) ShenandoahScanRememberedTask::do_work(0), processing slice of region 1025 at offset 0, size: 32768
[0.245s][debug][gc                   ] GC(0) ShenandoahScanRememberedTask::do_work(0), processing slice of region 1038 at offset 0, size: 32768
[0.245s][debug][gc                   ] GC(0) ShenandoahScanRememberedTask::do_work(4), processing slice of region 1035 at offset 32768, size: 32768
[0.245s][debug][gc                   ] GC(0) ShenandoahScanRememberedTask::do_work(0), processing slice of region 1038 at offset 32768, size: 32768
[0.245s][debug][gc                   ] GC(0) ShenandoahScanRememberedTask::do_work(4), processing slice of region 1039 at offset 0, size: 32768
[0.245s][debug][gc                   ] GC(0) ShenandoahScanRememberedTask::do_work(1), processing slice of region 1036 at offset 0, size: 32768
[0.245s][debug][gc                   ] GC(0) ShenandoahScanRememberedTask::do_work(1), processing slice of region 1040 at offset 32768, size: 32768
[0.244s][debug][gc                   ] GC(0) ShenandoahScanRememberedTask::do_work(7), processing slice of region 1025 at offset 32768, size: 32768
[0.244s][debug][gc                   ] GC(0) ShenandoahScanRememberedTask::do_work(3), processing slice of region 1013 at offset 0, size: 65536
[0.245s][debug][gc                   ] GC(0) ShenandoahScanRememberedTask::do_work(7), processing slice of region 1041 at offset 32768, size: 32768
[0.245s][debug][gc                   ] GC(0) ShenandoahScanRememberedTask::do_work(3), processing slice of region 1042 at offset 0, size: 32768
[0.245s][debug][gc                   ] GC(0) ShenandoahScanRememberedTask::do_work(6), processing slice of region 1037 at offset 32768, size: 32768
[0.245s][debug][gc                   ] GC(0) ShenandoahScanRememberedTask::do_work(3), processing slice of region 1043 at offset 0, size: 32768
[0.245s][debug][gc                   ] GC(0) ShenandoahScanRememberedTask::do_work(6), processing slice of region 1043 at offset 32768, size: 32768
[0.244s][debug][gc                   ] GC(0) ShenandoahScanRememberedTask::do_work(2), processing slice of region 1031 at offset 0, size: 32768
[0.245s][debug][gc                   ] GC(0) ShenandoahScanRememberedTask::do_work(6), processing slice of region 1044 at offset 32768, size: 32768
[0.245s][debug][gc                   ] GC(0) ShenandoahScanRememberedTask::do_work(1), processing slice of region 1041 at offset 0, size: 32768
[0.245s][debug][gc                   ] GC(0) ShenandoahScanRememberedTask::do_work(7), processing slice of region 1042 at offset 32768, size: 32768
[0.245s][debug][gc                   ] GC(0) ShenandoahScanRememberedTask::do_work(1), processing slice of region 1046 at offset 0, size: 32768
[0.245s][debug][gc                   ] GC(0) ShenandoahScanRememberedTask::do_work(0), processing slice of region 1039 at offset 32768, size: 32768
[0.245s][debug][gc                   ] GC(0) ShenandoahScanRememberedTask::do_work(3), processing slice of region 1044 at offset 0, size: 32768
[0.245s][debug][gc                   ] GC(0) ShenandoahScanRememberedTask::do_work(2), processing slice of region 1045 at offset 0, size: 32768
[0.245s][debug][gc                   ] GC(0) ShenandoahScanRememberedTask::do_work(2), processing slice of region 1048 at offset 32768, size: 32768
[0.245s][debug][gc                   ] GC(0) ShenandoahScanRememberedTask::do_work(2), processing slice of region 1049 at offset 0, size: 32768
[0.245s][debug][gc                   ] GC(0) ShenandoahScanRememberedTask::do_work(2), processing slice of region 1049 at offset 32768, size: 32768
[0.245s][debug][gc                   ] GC(0) ShenandoahScanRememberedTask::do_work(2), processing slice of region 1050 at offset 0, size: 32768
[0.245s][debug][gc                   ] GC(0) ShenandoahScanRememberedTask::do_work(2), processing slice of region 1050 at offset 32768, size: 32768
[0.245s][debug][gc                   ] GC(0) ShenandoahScanRememberedTask::do_work(4), processing slice of region 1040 at offset 0, size: 32768
[0.245s][debug][gc                   ] GC(0) ShenandoahScanRememberedTask::do_work(2), processing slice of region 1051 at offset 0, size: 32768
[0.245s][debug][gc                   ] GC(0) ShenandoahScanRememberedTask::do_work(0), processing slice of region 1047 at offset 32768, size: 32768
[0.245s][debug][gc                   ] GC(0) ShenandoahScanRememberedTask::do_work(6), processing slice of region 1045 at offset 32768, size: 32768
[0.245s][debug][gc                   ] GC(0) ShenandoahScanRememberedTask::do_work(0), processing slice of region 1052 at offset 32768, size: 32768
[0.245s][debug][gc                   ] GC(0) ShenandoahScanRememberedTask::do_work(6), processing slice of region 1053 at offset 0, size: 32768
[0.245s][debug][gc                   ] GC(0) ShenandoahScanRememberedTask::do_work(3), processing slice of region 1048 at offset 0, size: 32768
[0.245s][debug][gc                   ] GC(0) ShenandoahScanRememberedTask::do_work(3), processing slice of region 1054 at offset 32768, size: 32768
[0.245s][debug][gc                   ] GC(0) ShenandoahScanRememberedTask::do_work(3), processing slice of region 1055 at offset 0, size: 32768
[0.245s][debug][gc                   ] GC(0) ShenandoahScanRememberedTask::do_work(3), processing slice of region 1055 at offset 32768, size: 32768
[0.245s][debug][gc                   ] GC(0) ShenandoahScanRememberedTask::do_work(4), processing slice of region 1051 at offset 32768, size: 32768
[0.245s][debug][gc                   ] GC(0) ShenandoahScanRememberedTask::do_work(2), processing slice of region 1052 at offset 0, size: 32768
[0.245s][debug][gc                   ] GC(0) ShenandoahScanRememberedTask::do_work(2), processing slice of region 1057 at offset 0, size: 32768
[0.245s][debug][gc                   ] GC(0) ShenandoahScanRememberedTask::do_work(2), processing slice of region 1057 at offset 32768, size: 32768
[0.245s][debug][gc                   ] GC(0) ShenandoahScanRememberedTask::do_work(0), processing slice of region 1053 at offset 32768, size: 32768
[0.245s][debug][gc                   ] GC(0) ShenandoahScanRememberedTask::do_work(6), processing slice of region 1054 at offset 0, size: 32768
[0.244s][debug][gc                   ] GC(0) ShenandoahScanRememberedTask::do_work(5), processing slice of region 855 at offset 0, size: 65536
[0.245s][debug][gc                   ] GC(0) ShenandoahScanRememberedTask::do_work(5), processing slice of region 1059 at offset 32768, size: 32768
[0.245s][debug][gc                   ] GC(0) ShenandoahScanRememberedTask::do_work(5), processing slice of region 1060 at offset 0, size: 32768
[0.245s][debug][gc                   ] GC(0) ShenandoahScanRememberedTask::do_work(3), processing slice of region 1056 at offset 0, size: 32768
[0.245s][debug][gc                   ] GC(0) ShenandoahScanRememberedTask::do_work(4), processing slice of region 1056 at offset 32768, size: 32768
[0.245s][debug][gc                   ] GC(0) ShenandoahScanRememberedTask::do_work(4), processing slice of region 1061 at offset 32768, size: 32768
[0.245s][debug][gc                   ] GC(0) ShenandoahScanRememberedTask::do_work(4), processing slice of region 1062 at offset 0, size: 32768
[0.245s][debug][gc                   ] GC(0) ShenandoahScanRememberedTask::do_work(4), processing slice of region 1062 at offset 32768, size: 32768
[0.245s][debug][gc                   ] GC(0) ShenandoahScanRememberedTask::do_work(4), processing slice of region 1063 at offset 0, size: 32768
[0.245s][debug][gc                   ] GC(0) ShenandoahScanRememberedTask::do_work(1), processing slice of region 1047 at offset 0, size: 32768
[0.245s][debug][gc                   ] GC(0) ShenandoahScanRememberedTask::do_work(1), processing slice of region 1064 at offset 0, size: 32768
[0.245s][debug][gc                   ] GC(0) ShenandoahScanRememberedTask::do_work(1), processing slice of region 1064 at offset 32768, size: 32768
[0.245s][debug][gc                   ] GC(0) ShenandoahScanRememberedTask::do_work(1), processing slice of region 1065 at offset 0, size: 32768
[0.245s][debug][gc                   ] GC(0) ShenandoahScanRememberedTask::do_work(1), processing slice of region 1065 at offset 32768, size: 32768
[0.245s][debug][gc                   ] GC(0) ShenandoahScanRememberedTask::do_work(1), processing slice of region 1066 at offset 0, size: 32768
[0.245s][debug][gc                   ] GC(0) ShenandoahScanRememberedTask::do_work(1), processing slice of region 1066 at offset 32768, size: 32768
[0.245s][debug][gc                   ] GC(0) ShenandoahScanRememberedTask::do_work(1), processing slice of region 1067 at offset 0, size: 32768
[0.245s][debug][gc                   ] GC(0) ShenandoahScanRememberedTask::do_work(1), processing slice of region 1067 at offset 32768, size: 32768
[0.245s][debug][gc                   ] GC(0) ShenandoahScanRememberedTask::do_work(1), processing slice of region 1068 at offset 0, size: 32768
[0.245s][debug][gc                   ] GC(0) ShenandoahScanRememberedTask::do_work(1), processing slice of region 1068 at offset 32768, size: 32768
[0.245s][debug][gc                   ] GC(0) ShenandoahScanRememberedTask::do_work(1), processing slice of region 1069 at offset 0, size: 32768
[0.245s][debug][gc                   ] GC(0) ShenandoahScanRememberedTask::do_work(1), processing slice of region 1069 at offset 32768, size: 32768
[0.245s][debug][gc                   ] GC(0) ShenandoahScanRememberedTask::do_work(1), processing slice of region 1070 at offset 0, size: 32768
[0.245s][debug][gc                   ] GC(0) ShenandoahScanRememberedTask::do_work(1), processing slice of region 1070 at offset 32768, size: 32768
[0.245s][debug][gc                   ] GC(0) ShenandoahScanRememberedTask::do_work(1), processing slice of region 1071 at offset 0, size: 32768
[0.245s][debug][gc                   ] GC(0) ShenandoahScanRememberedTask::do_work(1), processing slice of region 1071 at offset 32768, size: 32768
[0.245s][debug][gc                   ] GC(0) ShenandoahScanRememberedTask::do_work(1), processing slice of region 1072 at offset 0, size: 32768
[0.245s][debug][gc                   ] GC(0) ShenandoahScanRememberedTask::do_work(1), processing slice of region 1072 at offset 32768, size: 32768
[0.245s][debug][gc                   ] GC(0) ShenandoahScanRememberedTask::do_work(1), processing slice of region 1073 at offset 0, size: 32768
[0.245s][debug][gc                   ] GC(0) ShenandoahScanRememberedTask::do_work(1), processing slice of region 1073 at offset 32768, size: 32768
[0.245s][debug][gc                   ] GC(0) ShenandoahScanRememberedTask::do_work(1), processing slice of region 1074 at offset 0, size: 32768
[0.245s][debug][gc                   ] GC(0) ShenandoahScanRememberedTask::do_work(1), processing slice of region 1074 at offset 32768, size: 32768
[0.245s][debug][gc                   ] GC(0) ShenandoahScanRememberedTask::do_work(1), processing slice of region 1075 at offset 0, size: 32768
[0.245s][debug][gc                   ] GC(0) ShenandoahScanRememberedTask::do_work(1), processing slice of region 1075 at offset 32768, size: 32768
[0.245s][debug][gc                   ] GC(0) ShenandoahScanRememberedTask::do_work(1), processing slice of region 1076 at offset 0, size: 32768
[0.245s][debug][gc                   ] GC(0) ShenandoahScanRememberedTask::do_work(1), processing slice of region 1076 at offset 32768, size: 32768
[0.245s][debug][gc                   ] GC(0) ShenandoahScanRememberedTask::do_work(1), processing slice of region 1077 at offset 0, size: 32768
[0.245s][debug][gc                   ] GC(0) ShenandoahScanRememberedTask::do_work(1), processing slice of region 1077 at offset 32768, size: 32768
[0.245s][debug][gc                   ] GC(0) ShenandoahScanRememberedTask::do_work(1), processing slice of region 1078 at offset 0, size: 32768
[0.245s][debug][gc                   ] GC(0) ShenandoahScanRememberedTask::do_work(1), processing slice of region 1078 at offset 32768, size: 32768
[0.245s][debug][gc                   ] GC(0) ShenandoahScanRememberedTask::do_work(1), processing slice of region 1079 at offset 0, size: 32768
[0.245s][debug][gc                   ] GC(0) ShenandoahScanRememberedTask::do_work(1), processing slice of region 1079 at offset 32768, size: 32768
[0.245s][debug][gc                   ] GC(0) ShenandoahScanRememberedTask::do_work(1), processing slice of region 1080 at offset 0, size: 32768
[0.245s][debug][gc                   ] GC(0) ShenandoahScanRememberedTask::do_work(1), processing slice of region 1080 at offset 32768, size: 32768
[0.245s][debug][gc                   ] GC(0) ShenandoahScanRememberedTask::do_work(1), processing slice of region 1081 at offset 0, size: 32768
[0.245s][debug][gc                   ] GC(0) ShenandoahScanRememberedTask::do_work(1), processing slice of region 1081 at offset 32768, size: 32768
[0.245s][debug][gc                   ] GC(0) ShenandoahScanRememberedTask::do_work(0), processing slice of region 1058 at offset 32768, size: 32768
[0.245s][debug][gc                   ] GC(0) ShenandoahScanRememberedTask::do_work(1), processing slice of region 1082 at offset 0, size: 32768
[0.245s][debug][gc                   ] GC(0) ShenandoahScanRememberedTask::do_work(1), processing slice of region 1082 at offset 32768, size: 32768
[0.245s][debug][gc                   ] GC(0) ShenandoahScanRememberedTask::do_work(6), processing slice of region 1059 at offset 0, size: 32768
[0.245s][debug][gc                   ] GC(0) ShenandoahScanRememberedTask::do_work(5), processing slice of region 1060 at offset 32768, size: 32768
[0.245s][debug][gc                   ] GC(0) ShenandoahScanRememberedTask::do_work(5), processing slice of region 1084 at offset 32768, size: 32768
[0.245s][debug][gc                   ] GC(0) ShenandoahScanRememberedTask::do_work(3), processing slice of region 1061 at offset 0, size: 32768
[0.245s][debug][gc                   ] GC(0) ShenandoahScanRememberedTask::do_work(2), processing slice of region 1058 at offset 0, size: 32768
[0.245s][debug][gc                   ] GC(0) ShenandoahScanRememberedTask::do_work(3), processing slice of region 1085 at offset 32768, size: 32768
[0.245s][debug][gc                   ] GC(0) ShenandoahScanRememberedTask::do_work(3), processing slice of region 1086 at offset 0, size: 32768
[0.245s][debug][gc                   ] GC(0) ShenandoahScanRememberedTask::do_work(0), processing slice of region 1083 at offset 0, size: 32768
[0.245s][debug][gc                   ] GC(0) ShenandoahScanRememberedTask::do_work(3), processing slice of region 1087 at offset 0, size: 32768
[0.245s][debug][gc                   ] GC(0) ShenandoahScanRememberedTask::do_work(1), processing slice of region 1083 at offset 32768, size: 32768
[0.245s][debug][gc                   ] GC(0) ShenandoahScanRememberedTask::do_work(3), processing slice of region 1088 at offset 0, size: 32768
[0.245s][debug][gc                   ] GC(0) ShenandoahScanRememberedTask::do_work(1), processing slice of region 1088 at offset 32768, size: 32768
[0.245s][debug][gc                   ] GC(0) ShenandoahScanRememberedTask::do_work(3), processing slice of region 1089 at offset 0, size: 32768
[0.245s][debug][gc                   ] GC(0) ShenandoahScanRememberedTask::do_work(5), processing slice of region 1085 at offset 0, size: 32768
[0.245s][debug][gc                   ] GC(0) ShenandoahScanRememberedTask::do_work(0), processing slice of region 1087 at offset 32768, size: 32768
[0.245s][debug][gc                   ] GC(0) ShenandoahScanRememberedTask::do_work(0), processing slice of region 1091 at offset 0, size: 32768
[0.245s][debug][gc                   ] GC(0) ShenandoahScanRememberedTask::do_work(4), processing slice of region 1063 at offset 32768, size: 32768
[0.245s][debug][gc                   ] GC(0) ShenandoahScanRememberedTask::do_work(0), processing slice of region 1091 at offset 32768, size: 32768
[0.245s][debug][gc                   ] GC(0) ShenandoahScanRememberedTask::do_work(4), processing slice of region 1092 at offset 0, size: 32768
[0.245s][debug][gc                   ] GC(0) ShenandoahScanRememberedTask::do_work(1), processing slice of region 1089 at offset 32768, size: 32768
[0.245s][debug][gc                   ] GC(0) ShenandoahScanRememberedTask::do_work(2), processing slice of region 1086 at offset 32768, size: 32768
[0.245s][debug][gc                   ] GC(0) ShenandoahScanRememberedTask::do_work(3), processing slice of region 1090 at offset 0, size: 32768
[0.245s][debug][gc                   ] GC(0) ShenandoahScanRememberedTask::do_work(2), processing slice of region 1094 at offset 0, size: 32768
[0.245s][debug][gc                   ] GC(0) ShenandoahScanRememberedTask::do_work(5), processing slice of region 1090 at offset 32768, size: 32768
[0.245s][debug][gc                   ] GC(0) ShenandoahScanRememberedTask::do_work(7), processing slice of region 1046 at offset 32768, size: 32768
[0.245s][debug][gc                   ] GC(0) ShenandoahScanRememberedTask::do_work(0), processing slice of region 1092 at offset 32768, size: 32768
[0.245s][debug][gc                   ] GC(0) ShenandoahScanRememberedTask::do_work(0), processing slice of region 1096 at offset 32768, size: 32768
[0.245s][debug][gc                   ] GC(0) ShenandoahScanRememberedTask::do_work(1), processing slice of region 1093 at offset 32768, size: 32768
[0.245s][debug][gc                   ] GC(0) ShenandoahScanRememberedTask::do_work(3), processing slice of region 1094 at offset 32768, size: 32768
[0.245s][debug][gc                   ] GC(0) ShenandoahScanRememberedTask::do_work(3), processing slice of region 1098 at offset 0, size: 32768
[0.245s][debug][gc                   ] GC(0) ShenandoahScanRememberedTask::do_work(3), processing slice of region 1098 at offset 32768, size: 32768
[0.245s][debug][gc                   ] GC(0) ShenandoahScanRememberedTask::do_work(6), processing slice of region 1084 at offset 0, size: 32768
[0.245s][debug][gc                   ] GC(0) ShenandoahScanRememberedTask::do_work(6), processing slice of region 1099 at offset 32768, size: 32768
[0.245s][debug][gc                   ] GC(0) ShenandoahScanRememberedTask::do_work(6), processing slice of region 1100 at offset 0, size: 32768
[0.245s][debug][gc                   ] GC(0) ShenandoahScanRememberedTask::do_work(4), processing slice of region 1093 at offset 0, size: 32768
[0.245s][debug][gc                   ] GC(0) ShenandoahScanRememberedTask::do_work(4), processing slice of region 1101 at offset 0, size: 32768
[0.245s][debug][gc                   ] GC(0) ShenandoahScanRememberedTask::do_work(0), processing slice of region 1097 at offset 0, size: 32768
[0.245s][debug][gc                   ] GC(0) ShenandoahScanRememberedTask::do_work(4), processing slice of region 1101 at offset 32768, size: 32768
[0.245s][debug][gc                   ] GC(0) ShenandoahScanRememberedTask::do_work(0), processing slice of region 1102 at offset 0, size: 32768
[0.245s][debug][gc                   ] GC(0) ShenandoahScanRememberedTask::do_work(1), processing slice of region 1097 at offset 32768, size: 32768
[0.245s][debug][gc                   ] GC(0) ShenandoahScanRememberedTask::do_work(1), processing slice of region 1103 at offset 32768, size: 32768
[0.245s][debug][gc                   ] GC(0) ShenandoahScanRememberedTask::do_work(1), processing slice of region 1104 at offset 0, size: 32768
[0.245s][debug][gc                   ] GC(0) ShenandoahScanRememberedTask::do_work(1), processing slice of region 1104 at offset 32768, size: 32768
[0.245s][debug][gc                   ] GC(0) ShenandoahScanRememberedTask::do_work(1), processing slice of region 1105 at offset 0, size: 32768
[0.245s][debug][gc                   ] GC(0) ShenandoahScanRememberedTask::do_work(5), processing slice of region 1095 at offset 32768, size: 32768
[0.245s][debug][gc                   ] GC(0) ShenandoahScanRememberedTask::do_work(5), processing slice of region 1106 at offset 0, size: 32768
[0.245s][debug][gc                   ] GC(0) ShenandoahScanRememberedTask::do_work(5), processing slice of region 1106 at offset 32768, size: 32768
[0.245s][debug][gc                   ] GC(0) ShenandoahScanRememberedTask::do_work(5), processing slice of region 1107 at offset 0, size: 32768
[0.245s][debug][gc                   ] GC(0) ShenandoahScanRememberedTask::do_work(7), processing slice of region 1096 at offset 0, size: 32768
[0.245s][debug][gc                   ] GC(0) ShenandoahScanRememberedTask::do_work(4), processing slice of region 1102 at offset 32768, size: 32768
[0.245s][debug][gc                   ] GC(0) ShenandoahScanRememberedTask::do_work(0), processing slice of region 1103 at offset 0, size: 32768
[0.245s][debug][gc                   ] GC(0) ShenandoahScanRememberedTask::do_work(4), processing slice of region 1108 at offset 32768, size: 32768
[0.245s][debug][gc                   ] GC(0) ShenandoahScanRememberedTask::do_work(4), processing slice of region 1109 at offset 0, size: 32768
[0.245s][debug][gc                   ] GC(0) ShenandoahScanRememberedTask::do_work(2), processing slice of region 1095 at offset 0, size: 32768
[0.245s][debug][gc                   ] GC(0) ShenandoahScanRememberedTask::do_work(1), processing slice of region 1105 at offset 32768, size: 32768
[0.245s][debug][gc                   ] GC(0) ShenandoahScanRememberedTask::do_work(2), processing slice of region 1110 at offset 32768, size: 32768
[0.245s][debug][gc                   ] GC(0) ShenandoahScanRememberedTask::do_work(1), processing slice of region 1111 at offset 0, size: 32768
[0.245s][debug][gc                   ] GC(0) ShenandoahScanRememberedTask::do_work(5), processing slice of region 1107 at offset 32768, size: 32768
[0.245s][debug][gc                   ] GC(0) ShenandoahScanRememberedTask::do_work(7), processing slice of region 1108 at offset 0, size: 32768
[0.245s][debug][gc                   ] GC(0) ShenandoahScanRememberedTask::do_work(3), processing slice of region 1099 at offset 0, size: 32768
[0.245s][debug][gc                   ] GC(0) ShenandoahScanRememberedTask::do_work(7), processing slice of region 1113 at offset 0, size: 32768
[0.245s][debug][gc                   ] GC(0) ShenandoahScanRememberedTask::do_work(0), processing slice of region 1109 at offset 32768, size: 32768
[0.245s][debug][gc                   ] GC(0) ShenandoahScanRememberedTask::do_work(0), processing slice of region 1114 at offset 32768, size: 32768
[0.245s][debug][gc                   ] GC(0) ShenandoahScanRememberedTask::do_work(0), processing slice of region 1115 at offset 0, size: 32768
[0.245s][debug][gc                   ] GC(0) ShenandoahScanRememberedTask::do_work(0), processing slice of region 1115 at offset 32768, size: 32768
[0.245s][debug][gc                   ] GC(0) ShenandoahScanRememberedTask::do_work(0), processing slice of region 1116 at offset 0, size: 32768
[0.245s][debug][gc                   ] GC(0) ShenandoahScanRememberedTask::do_work(0), processing slice of region 1116 at offset 32768, size: 32768
[0.245s][debug][gc                   ] GC(0) ShenandoahScanRememberedTask::do_work(1), processing slice of region 1112 at offset 0, size: 32768
[0.245s][debug][gc                   ] GC(0) ShenandoahScanRememberedTask::do_work(0), processing slice of region 1117 at offset 0, size: 32768
[0.245s][debug][gc                   ] GC(0) ShenandoahScanRememberedTask::do_work(0), processing slice of region 1117 at offset 32768, size: 32768
[0.245s][debug][gc                   ] GC(0) ShenandoahScanRememberedTask::do_work(5), processing slice of region 1112 at offset 32768, size: 32768
[0.245s][debug][gc                   ] GC(0) ShenandoahScanRememberedTask::do_work(5), processing slice of region 1119 at offset 0, size: 32768
[0.245s][debug][gc                   ] GC(0) ShenandoahScanRememberedTask::do_work(5), processing slice of region 1119 at offset 32768, size: 32768
[0.245s][debug][gc                   ] GC(0) ShenandoahScanRememberedTask::do_work(4), processing slice of region 1110 at offset 0, size: 32768
[0.245s][debug][gc                   ] GC(0) ShenandoahScanRememberedTask::do_work(5), processing slice of region 1120 at offset 0, size: 32768
[0.245s][debug][gc                   ] GC(0) ShenandoahScanRememberedTask::do_work(5), processing slice of region 1120 at offset 32768, size: 32768
[0.245s][debug][gc                   ] GC(0) ShenandoahScanRememberedTask::do_work(4), processing slice of region 1121 at offset 0, size: 32768
[0.245s][debug][gc                   ] GC(0) ShenandoahScanRememberedTask::do_work(6), processing slice of region 1100 at offset 32768, size: 32768
[0.245s][debug][gc                   ] GC(0) ShenandoahScanRememberedTask::do_work(6), processing slice of region 1122 at offset 32768, size: 32768
[0.245s][debug][gc                   ] GC(0) ShenandoahScanRememberedTask::do_work(1), processing slice of region 1118 at offset 0, size: 32768
[0.245s][debug][gc                   ] GC(0) ShenandoahScanRememberedTask::do_work(1), processing slice of region 1123 at offset 32768, size: 32768
[0.245s][debug][gc                   ] GC(0) ShenandoahScanRememberedTask::do_work(1), processing slice of region 1124 at offset 0, size: 32768
[0.245s][debug][gc                   ] GC(0) ShenandoahScanRememberedTask::do_work(1), processing slice of region 1124 at offset 32768, size: 32768
[0.245s][debug][gc                   ] GC(0) ShenandoahScanRememberedTask::do_work(2), processing slice of region 1111 at offset 32768, size: 32768
[0.245s][debug][gc                   ] GC(0) ShenandoahScanRememberedTask::do_work(2), processing slice of region 1125 at offset 32768, size: 32768
[0.245s][debug][gc                   ] GC(0) ShenandoahScanRememberedTask::do_work(5), processing slice of region 1121 at offset 32768, size: 32768
[0.245s][debug][gc                   ] GC(0) ShenandoahScanRememberedTask::do_work(2), processing slice of region 1126 at offset 0, size: 32768
[0.245s][debug][gc                   ] GC(0) ShenandoahScanRememberedTask::do_work(5), processing slice of region 1126 at offset 32768, size: 32768
[0.245s][debug][gc                   ] GC(0) ShenandoahScanRememberedTask::do_work(2), processing slice of region 1127 at offset 0, size: 32768
[0.245s][debug][gc                   ] GC(0) ShenandoahScanRememberedTask::do_work(5), processing slice of region 1127 at offset 32768, size: 32768
[0.245s][debug][gc                   ] GC(0) ShenandoahScanRememberedTask::do_work(2), processing slice of region 1128 at offset 0, size: 32768
[0.245s][debug][gc                   ] GC(0) ShenandoahScanRememberedTask::do_work(7), processing slice of region 1114 at offset 0, size: 32768
[0.245s][debug][gc                   ] GC(0) ShenandoahScanRememberedTask::do_work(1), processing slice of region 1125 at offset 0, size: 32768
[0.245s][debug][gc                   ] GC(0) ShenandoahScanRememberedTask::do_work(3), processing slice of region 1113 at offset 32768, size: 32768
[0.245s][debug][gc                   ] GC(0) ShenandoahScanRememberedTask::do_work(6), processing slice of region 1123 at offset 0, size: 32768
[0.245s][debug][gc                   ] GC(0) ShenandoahScanRememberedTask::do_work(3), processing slice of region 1130 at offset 32768, size: 32768
[0.245s][debug][gc                   ] Setting affiliation of Region 509 from FREE to YOUNG, top: 0x00000000cfe80000, TAMS: 0x00000000cfe80000, watermark: 0x00000000cfe80000, top_bitmap: 0x00000000cfe80000
[0.245s][debug][gc                   ] GC(0) ShenandoahScanRememberedTask::do_work(0), processing slice of region 1118 at offset 32768, size: 32768
[0.245s][debug][gc                   ] GC(0) ShenandoahScanRememberedTask::do_work(5), processing slice of region 1128 at offset 32768, size: 32768
[0.245s][debug][gc                   ] GC(0) ShenandoahScanRememberedTask::do_work(0), processing slice of region 1132 at offset 0, size: 32768
[0.245s][debug][gc                   ] GC(0) ShenandoahScanRememberedTask::do_work(0), processing slice of region 1132 at offset 32768, size: 32768
[0.245s][debug][gc                   ] GC(0) ShenandoahScanRememberedTask::do_work(7), processing slice of region 1129 at offset 32768, size: 32768
[0.245s][debug][gc                   ] GC(0) ShenandoahScanRememberedTask::do_work(1), processing slice of region 1130 at offset 0, size: 32768
[0.245s][debug][gc                   ] GC(0) ShenandoahScanRememberedTask::do_work(7), processing slice of region 1134 at offset 0, size: 32768
[0.245s][debug][gc                   ] GC(0) ShenandoahScanRememberedTask::do_work(3), processing slice of region 1131 at offset 32768, size: 32768
[0.245s][debug][gc                   ] GC(0) ShenandoahScanRememberedTask::do_work(3), processing slice of region 1135 at offset 32768, size: 32768
[0.245s][debug][gc                   ] Setting affiliation of Region 510 from FREE to YOUNG, top: 0x00000000cff00000, TAMS: 0x00000000cff00000, watermark: 0x00000000cff00000, top_bitmap: 0x00000000cff00000
[0.245s][debug][gc                   ] GC(0) ShenandoahScanRememberedTask::do_work(2), processing slice of region 1129 at offset 0, size: 32768
[0.245s][debug][gc                   ] GC(0) ShenandoahScanRememberedTask::do_work(2), processing slice of region 1136 at offset 32768, size: 32768
[0.245s][debug][gc                   ] GC(0) ShenandoahScanRememberedTask::do_work(2), processing slice of region 1137 at offset 0, size: 32768
[0.245s][debug][gc                   ] GC(0) ShenandoahScanRememberedTask::do_work(5), processing slice of region 1133 at offset 0, size: 32768
[0.245s][debug][gc                   ] GC(0) ShenandoahScanRememberedTask::do_work(0), processing slice of region 1133 at offset 32768, size: 32768
[0.245s][debug][gc                   ] GC(0) ShenandoahScanRememberedTask::do_work(0), processing slice of region 1138 at offset 32768, size: 32768
[0.245s][debug][gc                   ] GC(0) ShenandoahScanRememberedTask::do_work(0), processing slice of region 1139 at offset 0, size: 32768
[0.245s][debug][gc                   ] GC(0) ShenandoahScanRememberedTask::do_work(6), processing slice of region 1131 at offset 0, size: 32768
[0.245s][debug][gc                   ] GC(0) ShenandoahScanRememberedTask::do_work(6), processing slice of region 1140 at offset 0, size: 32768
[0.245s][debug][gc                   ] GC(0) ShenandoahScanRememberedTask::do_work(6), processing slice of region 1140 at offset 32768, size: 32768
[0.245s][debug][gc                   ] GC(0) ShenandoahScanRememberedTask::do_work(6), processing slice of region 1141 at offset 0, size: 32768
[0.245s][debug][gc                   ] GC(0) ShenandoahScanRememberedTask::do_work(4), processing slice of region 1122 at offset 0, size: 32768
[0.245s][debug][gc                   ] GC(0) ShenandoahScanRememberedTask::do_work(6), processing slice of region 1141 at offset 32768, size: 32768
[0.245s][debug][gc                   ] GC(0) ShenandoahScanRememberedTask::do_work(6), processing slice of region 1142 at offset 0, size: 32768
[0.245s][debug][gc                   ] GC(0) ShenandoahScanRememberedTask::do_work(5), processing slice of region 1138 at offset 0, size: 32768
[0.245s][debug][gc                   ] GC(0) ShenandoahScanRememberedTask::do_work(6), processing slice of region 1143 at offset 0, size: 32768
[0.245s][debug][gc                   ] GC(0) ShenandoahScanRememberedTask::do_work(5), processing slice of region 1143 at offset 32768, size: 32768
[0.245s][debug][gc                   ] GC(0) ShenandoahScanRememberedTask::do_work(7), processing slice of region 1135 at offset 0, size: 32768
[0.245s][debug][gc                   ] GC(0) ShenandoahScanRememberedTask::do_work(7), processing slice of region 1145 at offset 0, size: 32768
[0.245s][debug][gc                   ] GC(0) ShenandoahScanRememberedTask::do_work(7), processing slice of region 1145 at offset 32768, size: 32768
[0.245s][debug][gc                   ] GC(0) ShenandoahScanRememberedTask::do_work(0), processing slice of region 1139 at offset 32768, size: 32768
[0.245s][debug][gc                   ] GC(0) ShenandoahScanRememberedTask::do_work(0), processing slice of region 1146 at offset 32768, size: 32768
[0.245s][debug][gc                   ] GC(0) ShenandoahScanRememberedTask::do_work(0), processing slice of region 1147 at offset 0, size: 32768
[0.245s][debug][gc                   ] GC(0) ShenandoahScanRememberedTask::do_work(0), processing slice of region 1147 at offset 32768, size: 32768
[0.245s][debug][gc                   ] GC(0) ShenandoahScanRememberedTask::do_work(0), processing slice of region 1148 at offset 0, size: 32768
[0.245s][debug][gc                   ] GC(0) ShenandoahScanRememberedTask::do_work(0), processing slice of region 1148 at offset 32768, size: 32768
[0.245s][debug][gc                   ] GC(0) ShenandoahScanRememberedTask::do_work(0), processing slice of region 1149 at offset 0, size: 32768
[0.245s][debug][gc                   ] GC(0) ShenandoahScanRememberedTask::do_work(0), processing slice of region 1149 at offset 32768, size: 32768
[0.245s][debug][gc                   ] GC(0) ShenandoahScanRememberedTask::do_work(3), processing slice of region 1136 at offset 0, size: 32768
[0.245s][debug][gc                   ] GC(0) ShenandoahScanRememberedTask::do_work(0), processing slice of region 1150 at offset 0, size: 32768
[0.245s][debug][gc                   ] GC(0) ShenandoahScanRememberedTask::do_work(4), processing slice of region 1142 at offset 32768, size: 32768
[0.245s][debug][gc                   ] GC(0) ShenandoahScanRememberedTask::do_work(7), processing slice of region 1146 at offset 0, size: 32768
[0.245s][debug][gc                   ] GC(0) ShenandoahScanRememberedTask::do_work(1), processing slice of region 1134 at offset 32768, size: 32768
[0.245s][debug][gc                   ] GC(0) ShenandoahScanRememberedTask::do_work(2), processing slice of region 1137 at offset 32768, size: 32768
[0.245s][debug][gc                   ] GC(0) ShenandoahScanRememberedTask::do_work(6), processing slice of region 1144 at offset 0, size: 32768
[0.245s][debug][gc                   ] GC(0) ShenandoahScanRememberedTask::do_work(3), processing slice of region 1150 at offset 32768, size: 32768
[0.245s][debug][gc                   ] GC(0) ShenandoahScanRememberedTask::do_work(3), processing slice of region 1154 at offset 0, size: 32768
[0.245s][debug][gc                   ] GC(0) ShenandoahScanRememberedTask::do_work(3), processing slice of region 1154 at offset 32768, size: 32768
[0.245s][debug][gc                   ] GC(0) ShenandoahScanRememberedTask::do_work(3), processing slice of region 1155 at offset 0, size: 32768
[0.245s][debug][gc                   ] GC(0) ShenandoahScanRememberedTask::do_work(0), processing slice of region 1151 at offset 0, size: 32768
[0.245s][debug][gc                   ] GC(0) ShenandoahScanRememberedTask::do_work(0), processing slice of region 1156 at offset 0, size: 32768
[0.245s][debug][gc                   ] GC(0) ShenandoahScanRememberedTask::do_work(0), processing slice of region 1156 at offset 32768, size: 32768
[0.245s][debug][gc                   ] GC(0) ShenandoahScanRememberedTask::do_work(0), processing slice of region 1157 at offset 0, size: 32768
[0.245s][debug][gc                   ] GC(0) ShenandoahScanRememberedTask::do_work(0), processing slice of region 1157 at offset 32768, size: 32768
[0.245s][debug][gc                   ] GC(0) ShenandoahScanRememberedTask::do_work(0), processing slice of region 1158 at offset 0, size: 32768
[0.245s][debug][gc                   ] GC(0) ShenandoahScanRememberedTask::do_work(0), processing slice of region 1158 at offset 32768, size: 32768
[0.245s][debug][gc                   ] GC(0) ShenandoahScanRememberedTask::do_work(0), processing slice of region 1159 at offset 0, size: 32768
[0.245s][debug][gc                   ] GC(0) ShenandoahScanRememberedTask::do_work(0), processing slice of region 1159 at offset 32768, size: 32768
[0.245s][debug][gc                   ] GC(0) ShenandoahScanRememberedTask::do_work(1), processing slice of region 1152 at offset 32768, size: 32768
[0.245s][debug][gc                   ] GC(0) ShenandoahScanRememberedTask::do_work(1), processing slice of region 1160 at offset 32768, size: 32768
[0.245s][debug][gc                   ] GC(0) ShenandoahScanRememberedTask::do_work(1), processing slice of region 1161 at offset 0, size: 32768
[0.245s][debug][gc                   ] GC(0) ShenandoahScanRememberedTask::do_work(1), processing slice of region 1161 at offset 32768, size: 32768
[0.245s][debug][gc                   ] GC(0) ShenandoahScanRememberedTask::do_work(1), processing slice of region 1162 at offset 0, size: 32768
[0.245s][debug][gc                   ] GC(0) ShenandoahScanRememberedTask::do_work(1), processing slice of region 1162 at offset 32768, size: 32768
[0.245s][debug][gc                   ] GC(0) ShenandoahScanRememberedTask::do_work(1), processing slice of region 1163 at offset 0, size: 32768
[0.245s][debug][gc                   ] GC(0) ShenandoahScanRememberedTask::do_work(1), processing slice of region 1163 at offset 32768, size: 32768
[0.245s][debug][gc                   ] GC(0) ShenandoahScanRememberedTask::do_work(1), processing slice of region 1164 at offset 0, size: 32768
[0.245s][debug][gc                   ] GC(0) ShenandoahScanRememberedTask::do_work(1), processing slice of region 1164 at offset 32768, size: 32768
[0.245s][debug][gc                   ] GC(0) ShenandoahScanRememberedTask::do_work(1), processing slice of region 1165 at offset 0, size: 32768
[0.245s][debug][gc                   ] GC(0) ShenandoahScanRememberedTask::do_work(1), processing slice of region 1165 at offset 32768, size: 32768
[0.245s][debug][gc                   ] GC(0) ShenandoahScanRememberedTask::do_work(1), processing slice of region 1166 at offset 0, size: 32768
[0.245s][debug][gc                   ] GC(0) ShenandoahScanRememberedTask::do_work(1), processing slice of region 1166 at offset 32768, size: 32768
[0.245s][debug][gc                   ] GC(0) ShenandoahScanRememberedTask::do_work(1), processing slice of region 1167 at offset 0, size: 32768
[0.245s][debug][gc                   ] GC(0) ShenandoahScanRememberedTask::do_work(3), processing slice of region 1155 at offset 32768, size: 32768
[0.245s][debug][gc                   ] GC(0) ShenandoahScanRememberedTask::do_work(3), processing slice of region 1168 at offset 0, size: 32768
[0.245s][debug][gc                   ] GC(0) ShenandoahScanRememberedTask::do_work(3), processing slice of region 1168 at offset 32768, size: 32768
[0.245s][debug][gc                   ] GC(0) ShenandoahScanRememberedTask::do_work(3), processing slice of region 1169 at offset 0, size: 32768
[0.245s][debug][gc                   ] GC(0) ShenandoahScanRememberedTask::do_work(3), processing slice of region 1169 at offset 32768, size: 32768
[0.245s][debug][gc                   ] GC(0) ShenandoahScanRememberedTask::do_work(4), processing slice of region 1151 at offset 32768, size: 32768
[0.245s][debug][gc                   ] GC(0) ShenandoahScanRememberedTask::do_work(3), processing slice of region 1170 at offset 0, size: 32768
[0.245s][debug][gc                   ] GC(0) ShenandoahScanRememberedTask::do_work(4), processing slice of region 1170 at offset 32768, size: 32768
[0.245s][debug][gc                   ] GC(0) ShenandoahScanRememberedTask::do_work(3), processing slice of region 1171 at offset 0, size: 32768
[0.245s][debug][gc                   ] GC(0) ShenandoahScanRememberedTask::do_work(4), processing slice of region 1171 at offset 32768, size: 32768
[0.245s][debug][gc                   ] GC(0) ShenandoahScanRememberedTask::do_work(6), processing slice of region 1153 at offset 32768, size: 32768
[0.245s][debug][gc                   ] GC(0) ShenandoahScanRememberedTask::do_work(6), processing slice of region 1173 at offset 0, size: 32768
[0.245s][debug][gc                   ] GC(0) ShenandoahScanRememberedTask::do_work(1), processing slice of region 1167 at offset 32768, size: 32768
[0.245s][debug][gc                   ] GC(0) ShenandoahScanRememberedTask::do_work(1), processing slice of region 1174 at offset 0, size: 32768
[0.245s][debug][gc                   ] GC(0) ShenandoahScanRememberedTask::do_work(2), processing slice of region 1153 at offset 0, size: 32768
[0.245s][debug][gc                   ] GC(0) ShenandoahScanRememberedTask::do_work(2), processing slice of region 1175 at offset 0, size: 32768
[0.245s][debug][gc                   ] GC(0) ShenandoahScanRememberedTask::do_work(2), processing slice of region 1175 at offset 32768, size: 32768
[0.245s][debug][gc                   ] GC(0) ShenandoahScanRememberedTask::do_work(2), processing slice of region 1176 at offset 0, size: 32768
[0.245s][debug][gc                   ] GC(0) ShenandoahScanRememberedTask::do_work(2), processing slice of region 1176 at offset 32768, size: 32768
[0.245s][debug][gc                   ] GC(0) ShenandoahScanRememberedTask::do_work(2), processing slice of region 1177 at offset 0, size: 32768
[0.245s][debug][gc                   ] GC(0) ShenandoahScanRememberedTask::do_work(2), processing slice of region 1177 at offset 32768, size: 32768
[0.245s][debug][gc                   ] GC(0) ShenandoahScanRememberedTask::do_work(2), processing slice of region 1178 at offset 0, size: 32768
[0.245s][debug][gc                   ] GC(0) ShenandoahScanRememberedTask::do_work(4), processing slice of region 1172 at offset 32768, size: 32768
[0.245s][debug][gc                   ] GC(0) ShenandoahScanRememberedTask::do_work(4), processing slice of region 1179 at offset 0, size: 32768
[0.245s][debug][gc                   ] GC(0) ShenandoahScanRememberedTask::do_work(4), processing slice of region 1179 at offset 32768, size: 32768
[0.245s][debug][gc                   ] GC(0) ShenandoahScanRememberedTask::do_work(4), processing slice of region 1180 at offset 0, size: 32768
[0.245s][debug][gc                   ] GC(0) ShenandoahScanRememberedTask::do_work(4), processing slice of region 1180 at offset 32768, size: 32768
[0.245s][debug][gc                   ] GC(0) ShenandoahScanRememberedTask::do_work(4), processing slice of region 1181 at offset 0, size: 32768
[0.245s][debug][gc                   ] GC(0) ShenandoahScanRememberedTask::do_work(4), processing slice of region 1181 at offset 32768, size: 32768
[0.245s][debug][gc                   ] GC(0) ShenandoahScanRememberedTask::do_work(4), processing slice of region 1182 at offset 0, size: 32768
[0.245s][debug][gc                   ] GC(0) ShenandoahScanRememberedTask::do_work(4), processing slice of region 1182 at offset 32768, size: 32768
[0.245s][debug][gc                   ] GC(0) ShenandoahScanRememberedTask::do_work(4), processing slice of region 1183 at offset 0, size: 32768
[0.245s][debug][gc                   ] GC(0) ShenandoahScanRememberedTask::do_work(4), processing slice of region 1183 at offset 32768, size: 32768
[0.245s][debug][gc                   ] GC(0) ShenandoahScanRememberedTask::do_work(4), processing slice of region 1184 at offset 0, size: 32768
[0.245s][debug][gc                   ] GC(0) ShenandoahScanRememberedTask::do_work(4), processing slice of region 1184 at offset 32768, size: 32768
[0.245s][debug][gc                   ] GC(0) ShenandoahScanRememberedTask::do_work(4), processing slice of region 1185 at offset 0, size: 32768
[0.245s][debug][gc                   ] GC(0) ShenandoahScanRememberedTask::do_work(4), processing slice of region 1185 at offset 32768, size: 32768
[0.245s][debug][gc                   ] GC(0) ShenandoahScanRememberedTask::do_work(4), processing slice of region 1186 at offset 0, size: 32768
[0.245s][debug][gc                   ] GC(0) ShenandoahScanRememberedTask::do_work(4), processing slice of region 1186 at offset 32768, size: 32768
[0.245s][debug][gc                   ] GC(0) ShenandoahScanRememberedTask::do_work(4), processing slice of region 1187 at offset 0, size: 32768
[0.245s][debug][gc                   ] GC(0) ShenandoahScanRememberedTask::do_work(4), processing slice of region 1187 at offset 32768, size: 32768
[0.245s][debug][gc                   ] GC(0) ShenandoahScanRememberedTask::do_work(4), processing slice of region 1188 at offset 0, size: 32768
[0.245s][debug][gc                   ] GC(0) ShenandoahScanRememberedTask::do_work(4), processing slice of region 1188 at offset 32768, size: 32768
[0.245s][debug][gc                   ] GC(0) ShenandoahScanRememberedTask::do_work(4), processing slice of region 1189 at offset 0, size: 32768
[0.245s][debug][gc                   ] GC(0) ShenandoahScanRememberedTask::do_work(4), processing slice of region 1189 at offset 32768, size: 32768
[0.245s][debug][gc                   ] GC(0) ShenandoahScanRememberedTask::do_work(4), processing slice of region 1190 at offset 0, size: 32768
[0.245s][debug][gc                   ] GC(0) ShenandoahScanRememberedTask::do_work(4), processing slice of region 1190 at offset 32768, size: 32768
[0.245s][debug][gc                   ] GC(0) ShenandoahScanRememberedTask::do_work(4), processing slice of region 1191 at offset 0, size: 32768
[0.245s][debug][gc                   ] GC(0) ShenandoahScanRememberedTask::do_work(7), processing slice of region 1152 at offset 0, size: 32768
[0.245s][debug][gc                   ] GC(0) ShenandoahScanRememberedTask::do_work(4), processing slice of region 1191 at offset 32768, size: 32768
[0.245s][debug][gc                   ] GC(0) ShenandoahScanRememberedTask::do_work(4), processing slice of region 1192 at offset 0, size: 32768
[0.245s][debug][gc                   ] GC(0) ShenandoahScanRememberedTask::do_work(3), processing slice of region 1172 at offset 0, size: 32768
[0.245s][debug][gc                   ] GC(0) ShenandoahScanRememberedTask::do_work(2), processing slice of region 1178 at offset 32768, size: 32768
[0.245s][debug][gc                   ] Setting affiliation of Region 511 from FREE to YOUNG, top: 0x00000000cff80000, TAMS: 0x00000000cff80000, watermark: 0x00000000cff80000, top_bitmap: 0x00000000cff80000
[0.245s][debug][gc                   ] GC(0) ShenandoahScanRememberedTask::do_work(5), processing slice of region 1144 at offset 32768, size: 32768
[0.245s][debug][gc                   ] Setting affiliation of Region 512 from FREE to YOUNG, top: 0x00000000d0000000, TAMS: 0x00000000d0000000, watermark: 0x00000000d0000000, top_bitmap: 0x00000000d0000000
[0.245s][debug][gc                   ] Setting affiliation of Region 513 from FREE to YOUNG, top: 0x00000000d0080000, TAMS: 0x00000000d0080000, watermark: 0x00000000d0080000, top_bitmap: 0x00000000d0080000
[0.245s][debug][gc                   ] GC(0) ShenandoahScanRememberedTask::do_work(1), processing slice of region 1174 at offset 32768, size: 32768
[0.245s][debug][gc                   ] GC(0) ShenandoahScanRememberedTask::do_work(7), processing slice of region 1192 at offset 32768, size: 32768
[0.245s][debug][gc                   ] GC(0) ShenandoahScanRememberedTask::do_work(4), processing slice of region 1193 at offset 0, size: 32768
[0.245s][debug][gc                   ] GC(0) ShenandoahScanRememberedTask::do_work(4), processing slice of region 1196 at offset 0, size: 32768
[0.245s][debug][gc                   ] GC(0) ShenandoahScanRememberedTask::do_work(0), processing slice of region 1160 at offset 0, size: 32768
[0.245s][debug][gc                   ] GC(0) ShenandoahScanRememberedTask::do_work(6), processing slice of region 1173 at offset 32768, size: 32768
[0.245s][debug][gc                   ] GC(0) ShenandoahScanRememberedTask::do_work(6), processing slice of region 1197 at offset 32768, size: 32768
[0.245s][debug][gc                   ] GC(0) ShenandoahScanRememberedTask::do_work(6), processing slice of region 1198 at offset 0, size: 32768
[0.245s][debug][gc                   ] GC(0) ShenandoahScanRememberedTask::do_work(1), processing slice of region 1195 at offset 0, size: 32768
[0.245s][debug][gc                   ] GC(0) ShenandoahScanRememberedTask::do_work(1), processing slice of region 1199 at offset 0, size: 32768
[0.245s][debug][gc                   ] GC(0) ShenandoahScanRememberedTask::do_work(1), processing slice of region 1199 at offset 32768, size: 32768
[0.245s][debug][gc                   ] GC(0) ShenandoahScanRememberedTask::do_work(7), processing slice of region 1195 at offset 32768, size: 32768
[0.245s][debug][gc                   ] GC(0) ShenandoahScanRememberedTask::do_work(7), processing slice of region 1200 at offset 32768, size: 32768
[0.245s][debug][gc                   ] GC(0) ShenandoahScanRememberedTask::do_work(7), processing slice of region 1201 at offset 0, size: 32768
[0.245s][debug][gc                   ] GC(0) ShenandoahScanRememberedTask::do_work(7), processing slice of region 1201 at offset 32768, size: 32768
[0.245s][debug][gc                   ] GC(0) ShenandoahScanRememberedTask::do_work(7), processing slice of region 1202 at offset 0, size: 32768
[0.245s][debug][gc                   ] GC(0) ShenandoahScanRememberedTask::do_work(7), processing slice of region 1202 at offset 32768, size: 32768
[0.245s][debug][gc                   ] GC(0) ShenandoahScanRememberedTask::do_work(7), processing slice of region 1203 at offset 0, size: 32768
[0.245s][debug][gc                   ] GC(0) ShenandoahScanRememberedTask::do_work(7), processing slice of region 1203 at offset 32768, size: 32768
[0.245s][debug][gc                   ] GC(0) ShenandoahScanRememberedTask::do_work(5), processing slice of region 1194 at offset 32768, size: 32768
[0.245s][debug][gc                   ] GC(0) ShenandoahScanRememberedTask::do_work(5), processing slice of region 1204 at offset 32768, size: 32768
[0.245s][debug][gc                   ] GC(0) ShenandoahScanRememberedTask::do_work(5), processing slice of region 1205 at offset 0, size: 32768
[0.245s][debug][gc                   ] GC(0) ShenandoahScanRememberedTask::do_work(5), processing slice of region 1205 at offset 32768, size: 32768
[0.245s][debug][gc                   ] GC(0) ShenandoahScanRememberedTask::do_work(5), processing slice of region 1206 at offset 0, size: 32768
[0.245s][debug][gc                   ] GC(0) ShenandoahScanRememberedTask::do_work(5), processing slice of region 1206 at offset 32768, size: 32768
[0.245s][debug][gc                   ] GC(0) ShenandoahScanRememberedTask::do_work(5), processing slice of region 1207 at offset 0, size: 32768
[0.245s][debug][gc                   ] GC(0) ShenandoahScanRememberedTask::do_work(5), processing slice of region 1207 at offset 32768, size: 32768
[0.245s][debug][gc                   ] GC(0) ShenandoahScanRememberedTask::do_work(5), processing slice of region 1208 at offset 0, size: 32768
[0.245s][debug][gc                   ] GC(0) ShenandoahScanRememberedTask::do_work(5), processing slice of region 1208 at offset 32768, size: 32768
[0.245s][debug][gc                   ] GC(0) ShenandoahScanRememberedTask::do_work(5), processing slice of region 1209 at offset 0, size: 32768
[0.245s][debug][gc                   ] GC(0) ShenandoahScanRememberedTask::do_work(5), processing slice of region 1209 at offset 32768, size: 32768
[0.245s][debug][gc                   ] GC(0) ShenandoahScanRememberedTask::do_work(5), processing slice of region 1210 at offset 0, size: 32768
[0.245s][debug][gc                   ] GC(0) ShenandoahScanRememberedTask::do_work(5), processing slice of region 1210 at offset 32768, size: 32768
[0.245s][debug][gc                   ] GC(0) ShenandoahScanRememberedTask::do_work(5), processing slice of region 1211 at offset 0, size: 32768
[0.245s][debug][gc                   ] GC(0) ShenandoahScanRememberedTask::do_work(1), processing slice of region 1200 at offset 0, size: 32768
[0.246s][debug][gc                   ] GC(0) ShenandoahScanRememberedTask::do_work(1), processing slice of region 1212 at offset 0, size: 32768
[0.246s][debug][gc                   ] GC(0) ShenandoahScanRememberedTask::do_work(1), processing slice of region 1212 at offset 32768, size: 32768
[0.245s][debug][gc                   ] GC(0) ShenandoahScanRememberedTask::do_work(0), processing slice of region 1197 at offset 0, size: 32768
[0.246s][debug][gc                   ] GC(0) ShenandoahScanRememberedTask::do_work(0), processing slice of region 1213 at offset 32768, size: 32768
[0.246s][debug][gc                   ] GC(0) ShenandoahScanRememberedTask::do_work(0), processing slice of region 1214 at offset 0, size: 32768
[0.245s][debug][gc                   ] GC(0) ShenandoahScanRememberedTask::do_work(6), processing slice of region 1198 at offset 32768, size: 32768
[0.245s][debug][gc                   ] GC(0) ShenandoahScanRememberedTask::do_work(2), processing slice of region 1194 at offset 0, size: 32768
[0.246s][debug][gc                   ] GC(0) ShenandoahScanRememberedTask::do_work(6), processing slice of region 1215 at offset 0, size: 32768
[0.245s][debug][gc                   ] GC(0) ShenandoahScanRememberedTask::do_work(4), processing slice of region 1196 at offset 32768, size: 32768
[0.245s][debug][gc                   ] GC(0) ShenandoahScanRememberedTask::do_work(5), processing slice of region 1211 at offset 32768, size: 32768
[0.246s][debug][gc                   ] GC(0) ShenandoahScanRememberedTask::do_work(4), processing slice of region 1216 at offset 32768, size: 32768
[0.246s][debug][gc                   ] GC(0) ShenandoahScanRememberedTask::do_work(0), processing slice of region 1214 at offset 32768, size: 32768
[0.245s][debug][gc                   ] GC(0) ShenandoahScanRememberedTask::do_work(3), processing slice of region 1193 at offset 32768, size: 32768
[0.246s][debug][gc                   ] GC(0) ShenandoahScanRememberedTask::do_work(3), processing slice of region 1218 at offset 32768, size: 32768
[0.246s][debug][gc                   ] GC(0) ShenandoahScanRememberedTask::do_work(6), processing slice of region 1216 at offset 0, size: 32768
[0.246s][debug][gc                   ] GC(0) ShenandoahScanRememberedTask::do_work(6), processing slice of region 1219 at offset 32768, size: 32768
[0.246s][debug][gc                   ] GC(0) ShenandoahScanRememberedTask::do_work(6), processing slice of region 1220 at offset 0, size: 32768
[0.246s][debug][gc                   ] GC(0) ShenandoahScanRememberedTask::do_work(1), processing slice of region 1213 at offset 0, size: 32768
[0.246s][debug][gc                   ] GC(0) ShenandoahScanRememberedTask::do_work(1), processing slice of region 1221 at offset 0, size: 32768
[0.246s][debug][gc                   ] GC(0) ShenandoahScanRememberedTask::do_work(1), processing slice of region 1221 at offset 32768, size: 32768
[0.246s][debug][gc                   ] GC(0) ShenandoahScanRememberedTask::do_work(1), processing slice of region 1222 at offset 0, size: 32768
[0.246s][debug][gc                   ] GC(0) ShenandoahScanRememberedTask::do_work(1), processing slice of region 1222 at offset 32768, size: 32768
[0.246s][debug][gc                   ] GC(0) ShenandoahScanRememberedTask::do_work(0), processing slice of region 1218 at offset 0, size: 32768
[0.246s][debug][gc                   ] GC(0) ShenandoahScanRememberedTask::do_work(2), processing slice of region 1215 at offset 32768, size: 32768
[0.246s][debug][gc                   ] GC(0) ShenandoahScanRememberedTask::do_work(3), processing slice of region 1219 at offset 0, size: 32768
[0.246s][debug][gc                   ] GC(0) ShenandoahScanRememberedTask::do_work(3), processing slice of region 1224 at offset 32768, size: 32768
[0.246s][debug][gc                   ] GC(0) ShenandoahScanRememberedTask::do_work(3), processing slice of region 1225 at offset 0, size: 32768
[0.246s][debug][gc                   ] GC(0) ShenandoahScanRememberedTask::do_work(6), processing slice of region 1220 at offset 32768, size: 32768
[0.246s][debug][gc                   ] GC(0) ShenandoahScanRememberedTask::do_work(6), processing slice of region 1226 at offset 0, size: 32768
[0.246s][debug][gc                   ] GC(0) ShenandoahScanRememberedTask::do_work(6), processing slice of region 1226 at offset 32768, size: 32768
[0.246s][debug][gc                   ] GC(0) ShenandoahScanRememberedTask::do_work(6), processing slice of region 1227 at offset 0, size: 32768
[0.246s][debug][gc                   ] GC(0) ShenandoahScanRememberedTask::do_work(4), processing slice of region 1217 at offset 32768, size: 32768
[0.246s][debug][gc                   ] GC(0) ShenandoahScanRememberedTask::do_work(4), processing slice of region 1228 at offset 0, size: 32768
[0.246s][debug][gc                   ] GC(0) ShenandoahScanRememberedTask::do_work(0), processing slice of region 1223 at offset 32768, size: 32768
[0.246s][debug][gc                   ] GC(0) ShenandoahScanRememberedTask::do_work(0), processing slice of region 1229 at offset 0, size: 32768
[0.246s][debug][gc                   ] GC(0) ShenandoahScanRememberedTask::do_work(0), processing slice of region 1229 at offset 32768, size: 32768
[0.246s][debug][gc                   ] GC(0) ShenandoahScanRememberedTask::do_work(0), processing slice of region 1230 at offset 0, size: 32768
[0.246s][debug][gc                   ] GC(0) ShenandoahScanRememberedTask::do_work(0), processing slice of region 1230 at offset 32768, size: 32768
[0.246s][debug][gc                   ] GC(0) ShenandoahScanRememberedTask::do_work(0), processing slice of region 1231 at offset 0, size: 32768
[0.246s][debug][gc                   ] GC(0) ShenandoahScanRememberedTask::do_work(0), processing slice of region 1231 at offset 32768, size: 32768
[0.246s][debug][gc                   ] GC(0) ShenandoahScanRememberedTask::do_work(0), processing slice of region 1232 at offset 0, size: 32768
[0.246s][debug][gc                   ] GC(0) ShenandoahScanRememberedTask::do_work(0), processing slice of region 1232 at offset 32768, size: 32768
[0.246s][debug][gc                   ] GC(0) ShenandoahScanRememberedTask::do_work(0), processing slice of region 1233 at offset 0, size: 32768
[0.246s][debug][gc                   ] GC(0) ShenandoahScanRememberedTask::do_work(0), processing slice of region 1233 at offset 32768, size: 32768
[0.246s][debug][gc                   ] GC(0) ShenandoahScanRememberedTask::do_work(3), processing slice of region 1225 at offset 32768, size: 32768
[0.246s][debug][gc                   ] GC(0) ShenandoahScanRememberedTask::do_work(3), processing slice of region 1234 at offset 32768, size: 32768
[0.246s][debug][gc                   ] GC(0) ShenandoahScanRememberedTask::do_work(3), processing slice of region 1235 at offset 0, size: 32768
[0.246s][debug][gc                   ] GC(0) ShenandoahScanRememberedTask::do_work(3), processing slice of region 1235 at offset 32768, size: 32768
[0.246s][debug][gc                   ] GC(0) ShenandoahScanRememberedTask::do_work(3), processing slice of region 1236 at offset 0, size: 32768
[0.246s][debug][gc                   ] GC(0) ShenandoahScanRememberedTask::do_work(3), processing slice of region 1236 at offset 32768, size: 32768
[0.246s][debug][gc                   ] GC(0) ShenandoahScanRememberedTask::do_work(3), processing slice of region 1237 at offset 0, size: 32768
[0.246s][debug][gc                   ] GC(0) ShenandoahScanRememberedTask::do_work(3), processing slice of region 1237 at offset 32768, size: 32768
[0.246s][debug][gc                   ] GC(0) ShenandoahScanRememberedTask::do_work(3), processing slice of region 1238 at offset 0, size: 32768
[0.246s][debug][gc                   ] GC(0) ShenandoahScanRememberedTask::do_work(3), processing slice of region 1238 at offset 32768, size: 32768
[0.246s][debug][gc                   ] GC(0) ShenandoahScanRememberedTask::do_work(3), processing slice of region 1239 at offset 0, size: 32768
[0.246s][debug][gc                   ] GC(0) ShenandoahScanRememberedTask::do_work(3), processing slice of region 1239 at offset 32768, size: 32768
[0.246s][debug][gc                   ] GC(0) ShenandoahScanRememberedTask::do_work(3), processing slice of region 1240 at offset 0, size: 32768
[0.246s][debug][gc                   ] GC(0) ShenandoahScanRememberedTask::do_work(3), processing slice of region 1240 at offset 32768, size: 32768
[0.246s][debug][gc                   ] GC(0) ShenandoahScanRememberedTask::do_work(3), processing slice of region 1241 at offset 0, size: 32768
[0.246s][debug][gc                   ] GC(0) ShenandoahScanRememberedTask::do_work(3), processing slice of region 1241 at offset 32768, size: 32768
[0.246s][debug][gc                   ] GC(0) ShenandoahScanRememberedTask::do_work(3), processing slice of region 1242 at offset 0, size: 32768
[0.246s][debug][gc                   ] GC(0) ShenandoahScanRememberedTask::do_work(3), processing slice of region 1242 at offset 32768, size: 32768
[0.246s][debug][gc                   ] GC(0) ShenandoahScanRememberedTask::do_work(3), processing slice of region 1243 at offset 0, size: 32768
[0.246s][debug][gc                   ] GC(0) ShenandoahScanRememberedTask::do_work(3), processing slice of region 1243 at offset 32768, size: 32768
[0.246s][debug][gc                   ] GC(0) ShenandoahScanRememberedTask::do_work(3), processing slice of region 1244 at offset 0, size: 32768
[0.246s][debug][gc                   ] GC(0) ShenandoahScanRememberedTask::do_work(3), processing slice of region 1244 at offset 32768, size: 32768
[0.246s][debug][gc                   ] GC(0) ShenandoahScanRememberedTask::do_work(3), processing slice of region 1245 at offset 0, size: 32768
[0.246s][debug][gc                   ] GC(0) ShenandoahScanRememberedTask::do_work(3), processing slice of region 1245 at offset 32768, size: 32768
[0.246s][debug][gc                   ] GC(0) ShenandoahScanRememberedTask::do_work(2), processing slice of region 1224 at offset 0, size: 32768
[0.246s][debug][gc                   ] GC(0) ShenandoahScanRememberedTask::do_work(3), processing slice of region 1246 at offset 0, size: 32768
[0.246s][debug][gc                   ] GC(0) ShenandoahScanRememberedTask::do_work(3), processing slice of region 1246 at offset 32768, size: 32768
[0.246s][debug][gc                   ] GC(0) ShenandoahScanRememberedTask::do_work(5), processing slice of region 1217 at offset 0, size: 32768
[0.246s][debug][gc                   ] GC(0) ShenandoahScanRememberedTask::do_work(0), processing slice of region 1234 at offset 0, size: 32768
[0.245s][debug][gc                   ] GC(0) ShenandoahScanRememberedTask::do_work(7), processing slice of region 1204 at offset 0, size: 32768
[0.246s][debug][gc                   ] GC(0) ShenandoahScanRememberedTask::do_work(4), processing slice of region 1228 at offset 32768, size: 32768
[0.246s][debug][gc                   ] GC(0) ShenandoahScanRememberedTask::do_work(4), processing slice of region 1249 at offset 32768, size: 32768
[0.246s][debug][gc                   ] GC(0) ShenandoahScanRememberedTask::do_work(1), processing slice of region 1223 at offset 0, size: 32768
[0.246s][debug][gc                   ] GC(0) ShenandoahScanRememberedTask::do_work(4), processing slice of region 1250 at offset 0, size: 32768
[0.246s][debug][gc                   ] GC(0) ShenandoahScanRememberedTask::do_work(3), processing slice of region 1247 at offset 32768, size: 32768
[0.246s][debug][gc                   ] GC(0) ShenandoahScanRememberedTask::do_work(0), processing slice of region 1248 at offset 32768, size: 32768
[0.246s][debug][gc                   ] GC(0) ShenandoahScanRememberedTask::do_work(0), processing slice of region 1252 at offset 0, size: 32768
[0.246s][debug][gc                   ] GC(0) ShenandoahScanRememberedTask::do_work(0), processing slice of region 1252 at offset 32768, size: 32768
[0.246s][debug][gc                   ] GC(0) ShenandoahScanRememberedTask::do_work(0), processing slice of region 1253 at offset 0, size: 32768
[0.246s][debug][gc                   ] GC(0) ShenandoahScanRememberedTask::do_work(2), processing slice of region 1247 at offset 0, size: 32768
[0.246s][debug][gc                   ] GC(0) ShenandoahScanRememberedTask::do_work(0), processing slice of region 1253 at offset 32768, size: 32768
[0.246s][debug][gc                   ] GC(0) ShenandoahScanRememberedTask::do_work(4), processing slice of region 1251 at offset 0, size: 32768
[0.246s][debug][gc                   ] GC(0) ShenandoahScanRememberedTask::do_work(3), processing slice of region 1251 at offset 32768, size: 32768
[0.246s][debug][gc                   ] GC(0) ShenandoahScanRememberedTask::do_work(4), processing slice of region 1255 at offset 0, size: 32768
[0.246s][debug][gc                   ] GC(0) ShenandoahScanRememberedTask::do_work(3), processing slice of region 1255 at offset 32768, size: 32768
[0.246s][debug][gc                   ] GC(0) ShenandoahScanRememberedTask::do_work(5), processing slice of region 1248 at offset 0, size: 32768
[0.246s][debug][gc                   ] GC(0) ShenandoahScanRememberedTask::do_work(6), processing slice of region 1227 at offset 32768, size: 32768
[0.246s][debug][gc                   ] GC(0) ShenandoahScanRememberedTask::do_work(2), processing slice of region 1254 at offset 0, size: 32768
[0.246s][debug][gc                   ] GC(0) ShenandoahScanRememberedTask::do_work(7), processing slice of region 1249 at offset 0, size: 32768
[0.246s][debug][gc                   ] GC(0) ShenandoahScanRememberedTask::do_work(2), processing slice of region 1258 at offset 0, size: 32768
[0.246s][debug][gc                   ] GC(0) ShenandoahScanRememberedTask::do_work(7), processing slice of region 1258 at offset 32768, size: 32768
[0.246s][debug][gc                   ] GC(0) ShenandoahScanRememberedTask::do_work(4), processing slice of region 1256 at offset 0, size: 32768
[0.246s][debug][gc                   ] GC(0) ShenandoahScanRememberedTask::do_work(3), processing slice of region 1256 at offset 32768, size: 32768
[0.246s][debug][gc                   ] GC(0) ShenandoahScanRememberedTask::do_work(3), processing slice of region 1260 at offset 32768, size: 32768
[0.246s][debug][gc                   ] GC(0) ShenandoahScanRememberedTask::do_work(3), processing slice of region 1261 at offset 0, size: 32768
[0.246s][debug][gc                   ] GC(0) ShenandoahScanRememberedTask::do_work(3), processing slice of region 1261 at offset 32768, size: 32768
[0.246s][debug][gc                   ] GC(0) ShenandoahScanRememberedTask::do_work(6), processing slice of region 1257 at offset 32768, size: 32768
[0.246s][debug][gc                   ] GC(0) ShenandoahScanRememberedTask::do_work(2), processing slice of region 1259 at offset 0, size: 32768
[0.246s][debug][gc                   ] GC(0) ShenandoahScanRememberedTask::do_work(6), processing slice of region 1262 at offset 32768, size: 32768
[0.246s][debug][gc                   ] GC(0) ShenandoahScanRememberedTask::do_work(2), processing slice of region 1263 at offset 0, size: 32768
[0.246s][debug][gc                   ] GC(0) ShenandoahScanRememberedTask::do_work(1), processing slice of region 1250 at offset 32768, size: 32768
[0.246s][debug][gc                   ] GC(0) ShenandoahScanRememberedTask::do_work(7), processing slice of region 1259 at offset 32768, size: 32768
[0.246s][debug][gc                   ] GC(0) ShenandoahScanRememberedTask::do_work(1), processing slice of region 1264 at offset 32768, size: 32768
[0.246s][debug][gc                   ] GC(0) ShenandoahScanRememberedTask::do_work(1), processing slice of region 1265 at offset 0, size: 32768
[0.246s][debug][gc                   ] GC(0) ShenandoahScanRememberedTask::do_work(1), processing slice of region 1266 at offset 0, size: 32768
[0.246s][debug][gc                   ] GC(0) ShenandoahScanRememberedTask::do_work(0), processing slice of region 1254 at offset 32768, size: 32768
[0.246s][debug][gc                   ] GC(0) ShenandoahScanRememberedTask::do_work(0), processing slice of region 1267 at offset 0, size: 32768
[0.246s][debug][gc                   ] GC(0) ShenandoahScanRememberedTask::do_work(2), processing slice of region 1264 at offset 0, size: 32768
[0.246s][debug][gc                   ] GC(0) ShenandoahScanRememberedTask::do_work(2), processing slice of region 1268 at offset 0, size: 32768
[0.246s][debug][gc                   ] GC(0) ShenandoahScanRememberedTask::do_work(2), processing slice of region 1268 at offset 32768, size: 32768
[0.246s][debug][gc                   ] GC(0) ShenandoahScanRememberedTask::do_work(2), processing slice of region 1269 at offset 0, size: 32768
[0.246s][debug][gc                   ] GC(0) ShenandoahScanRememberedTask::do_work(2), processing slice of region 1269 at offset 32768, size: 32768
[0.246s][debug][gc                   ] GC(0) ShenandoahScanRememberedTask::do_work(2), processing slice of region 1270 at offset 0, size: 32768
[0.246s][debug][gc                   ] GC(0) ShenandoahScanRememberedTask::do_work(2), processing slice of region 1270 at offset 32768, size: 32768
[0.246s][debug][gc                   ] GC(0) ShenandoahScanRememberedTask::do_work(7), processing slice of region 1265 at offset 32768, size: 32768
[0.246s][debug][gc                   ] GC(0) ShenandoahScanRememberedTask::do_work(7), processing slice of region 1271 at offset 32768, size: 32768
[0.246s][debug][gc                   ] GC(0) ShenandoahScanRememberedTask::do_work(7), processing slice of region 1272 at offset 0, size: 32768
[0.246s][debug][gc                   ] GC(0) ShenandoahScanRememberedTask::do_work(7), processing slice of region 1272 at offset 32768, size: 32768
[0.246s][debug][gc                   ] GC(0) ShenandoahScanRememberedTask::do_work(7), processing slice of region 1273 at offset 0, size: 32768
[0.246s][debug][gc                   ] GC(0) ShenandoahScanRememberedTask::do_work(5), processing slice of region 1257 at offset 0, size: 32768
[0.246s][debug][gc                   ] GC(0) ShenandoahScanRememberedTask::do_work(3), processing slice of region 1262 at offset 0, size: 32768
[0.246s][debug][gc                   ] GC(0) ShenandoahScanRememberedTask::do_work(3), processing slice of region 1274 at offset 32768, size: 32768
[0.246s][debug][gc                   ] GC(0) ShenandoahScanRememberedTask::do_work(3), processing slice of region 1275 at offset 0, size: 32768
[0.246s][debug][gc                   ] GC(0) ShenandoahScanRememberedTask::do_work(3), processing slice of region 1275 at offset 32768, size: 32768
[0.246s][debug][gc                   ] GC(0) ShenandoahScanRememberedTask::do_work(3), processing slice of region 1276 at offset 0, size: 32768
[0.246s][debug][gc                   ] GC(0) ShenandoahScanRememberedTask::do_work(6), processing slice of region 1263 at offset 32768, size: 32768
[0.246s][debug][gc                   ] GC(0) ShenandoahScanRememberedTask::do_work(6), processing slice of region 1277 at offset 0, size: 32768
[0.246s][debug][gc                   ] GC(0) ShenandoahScanRememberedTask::do_work(6), processing slice of region 1277 at offset 32768, size: 32768
[0.246s][debug][gc                   ] GC(0) ShenandoahScanRememberedTask::do_work(6), processing slice of region 1278 at offset 0, size: 32768
[0.246s][debug][gc                   ] GC(0) ShenandoahScanRememberedTask::do_work(6), processing slice of region 1278 at offset 32768, size: 32768
[0.246s][debug][gc                   ] GC(0) ShenandoahScanRememberedTask::do_work(6), processing slice of region 1279 at offset 0, size: 32768
[0.246s][debug][gc                   ] GC(0) ShenandoahScanRememberedTask::do_work(7), processing slice of region 1273 at offset 32768, size: 32768
[0.246s][debug][gc                   ] GC(0) ShenandoahScanRememberedTask::do_work(7), processing slice of region 1280 at offset 0, size: 32768
[0.246s][debug][gc                   ] GC(0) ShenandoahScanRememberedTask::do_work(7), processing slice of region 1280 at offset 32768, size: 32768
[0.246s][debug][gc                   ] GC(0) ShenandoahScanRememberedTask::do_work(7), processing slice of region 1281 at offset 0, size: 32768
[0.246s][debug][gc                   ] GC(0) ShenandoahScanRememberedTask::do_work(7), processing slice of region 1281 at offset 32768, size: 32768
[0.246s][debug][gc                   ] GC(0) ShenandoahScanRememberedTask::do_work(5), processing slice of region 1274 at offset 0, size: 32768
[0.246s][debug][gc                   ] GC(0) ShenandoahScanRememberedTask::do_work(5), processing slice of region 1282 at offset 32768, size: 32768
[0.246s][debug][gc                   ] GC(0) ShenandoahScanRememberedTask::do_work(5), processing slice of region 1283 at offset 0, size: 32768
[0.246s][debug][gc                   ] GC(0) ShenandoahScanRememberedTask::do_work(5), processing slice of region 1283 at offset 32768, size: 32768
[0.246s][debug][gc                   ] GC(0) ShenandoahScanRememberedTask::do_work(5), processing slice of region 1284 at offset 0, size: 32768
[0.246s][debug][gc                   ] GC(0) ShenandoahScanRememberedTask::do_work(1), processing slice of region 1266 at offset 32768, size: 32768
[0.246s][debug][gc                   ] GC(0) ShenandoahScanRememberedTask::do_work(5), processing slice of region 1284 at offset 32768, size: 32768
[0.246s][debug][gc                   ] GC(0) ShenandoahScanRememberedTask::do_work(5), processing slice of region 1285 at offset 0, size: 32768
[0.246s][debug][gc                   ] GC(0) ShenandoahScanRememberedTask::do_work(1), processing slice of region 1285 at offset 32768, size: 32768
[0.246s][debug][gc                   ] GC(0) ShenandoahScanRememberedTask::do_work(0), processing slice of region 1267 at offset 32768, size: 32768
[0.246s][debug][gc                   ] GC(0) ShenandoahScanRememberedTask::do_work(4), processing slice of region 1260 at offset 0, size: 32768
[0.246s][debug][gc                   ] GC(0) ShenandoahScanRememberedTask::do_work(2), processing slice of region 1271 at offset 0, size: 32768
[0.246s][debug][gc                   ] GC(0) ShenandoahScanRememberedTask::do_work(6), processing slice of region 1279 at offset 32768, size: 32768
[0.246s][debug][gc                   ] Setting affiliation of Region 514 from FREE to YOUNG, top: 0x00000000d0100000, TAMS: 0x00000000d0100000, watermark: 0x00000000d0100000, top_bitmap: 0x00000000d0100000
[0.246s][debug][gc                   ] GC(0) ShenandoahScanRememberedTask::do_work(7), processing slice of region 1282 at offset 0, size: 32768
[0.246s][debug][gc                   ] Setting affiliation of Region 515 from FREE to YOUNG, top: 0x00000000d0180000, TAMS: 0x00000000d0180000, watermark: 0x00000000d0180000, top_bitmap: 0x00000000d0180000
[0.246s][debug][gc                   ] GC(0) ShenandoahScanRememberedTask::do_work(7), processing slice of region 1289 at offset 0, size: 32768
[0.246s][debug][gc                   ] GC(0) ShenandoahScanRememberedTask::do_work(7), processing slice of region 1289 at offset 32768, size: 32768
[0.246s][debug][gc                   ] GC(0) ShenandoahScanRememberedTask::do_work(0), processing slice of region 1287 at offset 0, size: 32768
[0.246s][debug][gc                   ] GC(0) ShenandoahScanRememberedTask::do_work(2), processing slice of region 1288 at offset 0, size: 32768
[0.246s][debug][gc                   ] GC(0) ShenandoahScanRememberedTask::do_work(6), processing slice of region 1288 at offset 32768, size: 32768
[0.246s][debug][gc                   ] GC(0) ShenandoahScanRememberedTask::do_work(2), processing slice of region 1291 at offset 0, size: 32768
[0.246s][debug][gc                   ] GC(0) ShenandoahScanRememberedTask::do_work(2), processing slice of region 1291 at offset 32768, size: 32768
[0.246s][debug][gc                   ] GC(0) ShenandoahScanRememberedTask::do_work(5), processing slice of region 1286 at offset 0, size: 32768
[0.246s][debug][gc                   ] GC(0) ShenandoahScanRememberedTask::do_work(5), processing slice of region 1293 at offset 0, size: 32768
[0.246s][debug][gc                   ] GC(0) ShenandoahScanRememberedTask::do_work(5), processing slice of region 1293 at offset 32768, size: 32768
[0.246s][debug][gc                   ] GC(0) ShenandoahScanRememberedTask::do_work(4), processing slice of region 1287 at offset 32768, size: 32768
[0.246s][debug][gc                   ] GC(0) ShenandoahScanRememberedTask::do_work(4), processing slice of region 1294 at offset 32768, size: 32768
[0.246s][debug][gc                   ] GC(0) ShenandoahScanRememberedTask::do_work(0), processing slice of region 1290 at offset 32768, size: 32768
[0.246s][debug][gc                   ] GC(0) ShenandoahScanRememberedTask::do_work(4), processing slice of region 1295 at offset 0, size: 32768
[0.246s][debug][gc                   ] GC(0) ShenandoahScanRememberedTask::do_work(4), processing slice of region 1295 at offset 32768, size: 32768
[0.246s][debug][gc                   ] GC(0) ShenandoahScanRememberedTask::do_work(6), processing slice of region 1292 at offset 0, size: 32768
[0.246s][debug][gc                   ] GC(0) ShenandoahScanRememberedTask::do_work(6), processing slice of region 1297 at offset 0, size: 32768
[0.246s][debug][gc                   ] GC(0) ShenandoahScanRememberedTask::do_work(6), processing slice of region 1297 at offset 32768, size: 32768
[0.246s][debug][gc                   ] GC(0) ShenandoahScanRememberedTask::do_work(6), processing slice of region 1298 at offset 0, size: 32768
[0.246s][debug][gc                   ] GC(0) ShenandoahScanRememberedTask::do_work(6), processing slice of region 1298 at offset 32768, size: 32768
[0.246s][debug][gc                   ] GC(0) ShenandoahScanRememberedTask::do_work(6), processing slice of region 1299 at offset 0, size: 32768
[0.246s][debug][gc                   ] GC(0) ShenandoahScanRememberedTask::do_work(6), processing slice of region 1299 at offset 32768, size: 32768
[0.246s][debug][gc                   ] GC(0) ShenandoahScanRememberedTask::do_work(5), processing slice of region 1294 at offset 0, size: 32768
[0.246s][debug][gc                   ] GC(0) ShenandoahScanRememberedTask::do_work(5), processing slice of region 1300 at offset 32768, size: 32768
[0.246s][debug][gc                   ] GC(0) ShenandoahScanRememberedTask::do_work(5), processing slice of region 1301 at offset 0, size: 32768
[0.246s][debug][gc                   ] GC(0) ShenandoahScanRememberedTask::do_work(5), processing slice of region 1301 at offset 32768, size: 32768
[0.246s][debug][gc                   ] GC(0) ShenandoahScanRememberedTask::do_work(5), processing slice of region 1302 at offset 0, size: 32768
[0.246s][debug][gc                   ] GC(0) ShenandoahScanRememberedTask::do_work(7), processing slice of region 1290 at offset 0, size: 32768
[0.246s][debug][gc                   ] GC(0) ShenandoahScanRememberedTask::do_work(7), processing slice of region 1303 at offset 0, size: 32768
[0.246s][debug][gc                   ] GC(0) ShenandoahScanRememberedTask::do_work(7), processing slice of region 1303 at offset 32768, size: 32768
[0.246s][debug][gc                   ] GC(0) ShenandoahScanRememberedTask::do_work(4), processing slice of region 1296 at offset 32768, size: 32768
[0.246s][debug][gc                   ] GC(0) ShenandoahScanRememberedTask::do_work(7), processing slice of region 1304 at offset 0, size: 32768
[0.246s][debug][gc                   ] GC(0) ShenandoahScanRememberedTask::do_work(4), processing slice of region 1304 at offset 32768, size: 32768
[0.246s][debug][gc                   ] GC(0) ShenandoahScanRememberedTask::do_work(7), processing slice of region 1305 at offset 0, size: 32768
[0.246s][debug][gc                   ] GC(0) ShenandoahScanRememberedTask::do_work(4), processing slice of region 1305 at offset 32768, size: 32768
[0.246s][debug][gc                   ] GC(0) ShenandoahScanRememberedTask::do_work(7), processing slice of region 1306 at offset 0, size: 32768
[0.246s][debug][gc                   ] GC(0) ShenandoahScanRememberedTask::do_work(0), processing slice of region 1296 at offset 0, size: 32768
[0.246s][debug][gc                   ] GC(0) ShenandoahScanRememberedTask::do_work(5), processing slice of region 1302 at offset 32768, size: 32768
[0.246s][debug][gc                   ] GC(0) ShenandoahScanRememberedTask::do_work(0), processing slice of region 1307 at offset 32768, size: 32768
[0.246s][debug][gc                   ] GC(0) ShenandoahScanRememberedTask::do_work(5), processing slice of region 1308 at offset 0, size: 32768
[0.246s][debug][gc                   ] GC(0) ShenandoahScanRememberedTask::do_work(5), processing slice of region 1308 at offset 32768, size: 32768
[0.246s][debug][gc                   ] GC(0) ShenandoahScanRememberedTask::do_work(6), processing slice of region 1300 at offset 0, size: 32768
[0.246s][debug][gc                   ] GC(0) ShenandoahScanRememberedTask::do_work(4), processing slice of region 1306 at offset 32768, size: 32768
[0.246s][debug][gc                   ] GC(0) ShenandoahScanRememberedTask::do_work(6), processing slice of region 1310 at offset 0, size: 32768
[0.246s][debug][gc                   ] GC(0) ShenandoahScanRememberedTask::do_work(4), processing slice of region 1310 at offset 32768, size: 32768
[0.246s][debug][gc                   ] GC(0) ShenandoahScanRememberedTask::do_work(7), processing slice of region 1307 at offset 0, size: 32768
[0.246s][debug][gc                   ] GC(0) ShenandoahScanRememberedTask::do_work(0), processing slice of region 1309 at offset 0, size: 32768
[0.246s][debug][gc                   ] GC(0) ShenandoahScanRememberedTask::do_work(0), processing slice of region 1312 at offset 32768, size: 32768
[0.246s][debug][gc                   ] GC(0) ShenandoahScanRememberedTask::do_work(5), processing slice of region 1309 at offset 32768, size: 32768
[0.246s][debug][gc                   ] GC(0) ShenandoahScanRememberedTask::do_work(1), processing slice of region 1286 at offset 32768, size: 32768
[0.246s][debug][gc                   ] GC(0) ShenandoahScanRememberedTask::do_work(2), processing slice of region 1292 at offset 32768, size: 32768
[0.246s][debug][gc                   ] GC(0) ShenandoahScanRememberedTask::do_work(6), processing slice of region 1311 at offset 0, size: 32768
[0.246s][debug][gc                   ] GC(0) ShenandoahScanRememberedTask::do_work(6), processing slice of region 1315 at offset 0, size: 32768
[0.246s][debug][gc                   ] GC(0) ShenandoahScanRememberedTask::do_work(4), processing slice of region 1311 at offset 32768, size: 32768
[0.246s][debug][gc                   ] GC(0) ShenandoahScanRememberedTask::do_work(6), processing slice of region 1315 at offset 32768, size: 32768
[0.246s][debug][gc                   ] GC(0) ShenandoahScanRememberedTask::do_work(4), processing slice of region 1316 at offset 0, size: 32768
[0.246s][debug][gc                   ] GC(0) ShenandoahScanRememberedTask::do_work(0), processing slice of region 1313 at offset 0, size: 32768
[0.246s][debug][gc                   ] GC(0) ShenandoahScanRememberedTask::do_work(4), processing slice of region 1317 at offset 0, size: 32768
[0.246s][debug][gc                   ] GC(0) ShenandoahScanRememberedTask::do_work(0), processing slice of region 1317 at offset 32768, size: 32768
[0.246s][debug][gc                   ] GC(0) ShenandoahScanRememberedTask::do_work(2), processing slice of region 1314 at offset 32768, size: 32768
[0.246s][debug][gc                   ] GC(0) ShenandoahScanRememberedTask::do_work(3), processing slice of region 1276 at offset 32768, size: 32768
[0.246s][debug][gc                   ] GC(0) ShenandoahScanRememberedTask::do_work(3), processing slice of region 1319 at offset 32768, size: 32768
[0.246s][debug][gc                   ] GC(0) ShenandoahScanRememberedTask::do_work(7), processing slice of region 1312 at offset 0, size: 32768
[0.246s][debug][gc                   ] GC(0) ShenandoahScanRememberedTask::do_work(3), processing slice of region 1320 at offset 0, size: 32768
[0.246s][debug][gc                   ] GC(0) ShenandoahScanRememberedTask::do_work(7), processing slice of region 1320 at offset 32768, size: 32768
[0.246s][debug][gc                   ] GC(0) ShenandoahScanRememberedTask::do_work(7), processing slice of region 1321 at offset 0, size: 32768
[0.246s][debug][gc                   ] GC(0) ShenandoahScanRememberedTask::do_work(1), processing slice of region 1314 at offset 0, size: 32768
[0.246s][debug][gc                   ] GC(0) ShenandoahScanRememberedTask::do_work(4), processing slice of region 1318 at offset 0, size: 32768
[0.246s][debug][gc                   ] GC(0) ShenandoahScanRememberedTask::do_work(1), processing slice of region 1322 at offset 32768, size: 32768
[0.246s][debug][gc                   ] GC(0) ShenandoahScanRememberedTask::do_work(6), processing slice of region 1316 at offset 32768, size: 32768
[0.246s][debug][gc                   ] GC(0) ShenandoahScanRememberedTask::do_work(1), processing slice of region 1323 at offset 32768, size: 32768
[0.246s][debug][gc                   ] GC(0) ShenandoahScanRememberedTask::do_work(6), processing slice of region 1324 at offset 0, size: 32768
[0.246s][debug][gc                   ] GC(0) ShenandoahScanRememberedTask::do_work(6), processing slice of region 1325 at offset 0, size: 32768
[0.246s][debug][gc                   ] GC(0) ShenandoahScanRememberedTask::do_work(7), processing slice of region 1322 at offset 0, size: 32768
[0.246s][debug][gc                   ] GC(0) ShenandoahScanRememberedTask::do_work(0), processing slice of region 1318 at offset 32768, size: 32768
[0.246s][debug][gc                   ] GC(0) ShenandoahScanRememberedTask::do_work(0), processing slice of region 1326 at offset 32768, size: 32768
[0.246s][debug][gc                   ] GC(0) ShenandoahScanRememberedTask::do_work(3), processing slice of region 1321 at offset 32768, size: 32768
[0.246s][debug][gc                   ] GC(0) ShenandoahScanRememberedTask::do_work(3), processing slice of region 1327 at offset 32768, size: 32768
[0.246s][debug][gc                   ] GC(0) ShenandoahScanRememberedTask::do_work(3), processing slice of region 1328 at offset 0, size: 32768
[0.246s][debug][gc                   ] GC(0) ShenandoahScanRememberedTask::do_work(2), processing slice of region 1319 at offset 0, size: 32768
[0.246s][debug][gc                   ] GC(0) ShenandoahScanRememberedTask::do_work(6), processing slice of region 1325 at offset 32768, size: 32768
[0.246s][debug][gc                   ] GC(0) ShenandoahScanRememberedTask::do_work(6), processing slice of region 1329 at offset 32768, size: 32768
[0.246s][debug][gc                   ] GC(0) ShenandoahScanRememberedTask::do_work(6), processing slice of region 1330 at offset 0, size: 32768
[0.246s][debug][gc                   ] GC(0) ShenandoahScanRememberedTask::do_work(6), processing slice of region 1330 at offset 32768, size: 32768
[0.246s][debug][gc                   ] GC(0) ShenandoahScanRememberedTask::do_work(6), processing slice of region 1331 at offset 0, size: 32768
[0.246s][debug][gc                   ] GC(0) ShenandoahScanRememberedTask::do_work(6), processing slice of region 1331 at offset 32768, size: 32768
[0.246s][debug][gc                   ] GC(0) ShenandoahScanRememberedTask::do_work(6), processing slice of region 1332 at offset 0, size: 32768
[0.246s][debug][gc                   ] GC(0) ShenandoahScanRememberedTask::do_work(1), processing slice of region 1324 at offset 32768, size: 32768
[0.246s][debug][gc                   ] GC(0) ShenandoahScanRememberedTask::do_work(3), processing slice of region 1328 at offset 32768, size: 32768
[0.246s][debug][gc                   ] GC(0) ShenandoahScanRememberedTask::do_work(1), processing slice of region 1333 at offset 0, size: 32768
[0.246s][debug][gc                   ] GC(0) ShenandoahScanRememberedTask::do_work(1), processing slice of region 1333 at offset 32768, size: 32768
[0.246s][debug][gc                   ] GC(0) ShenandoahScanRememberedTask::do_work(4), processing slice of region 1323 at offset 0, size: 32768
[0.246s][debug][gc                   ] GC(0) ShenandoahScanRememberedTask::do_work(7), processing slice of region 1326 at offset 0, size: 32768
[0.246s][debug][gc                   ] GC(0) ShenandoahScanRememberedTask::do_work(0), processing slice of region 1327 at offset 0, size: 32768
[0.246s][debug][gc                   ] GC(0) ShenandoahScanRememberedTask::do_work(0), processing slice of region 1336 at offset 0, size: 32768
[0.246s][debug][gc                   ] GC(0) ShenandoahScanRememberedTask::do_work(6), processing slice of region 1332 at offset 32768, size: 32768
[0.246s][debug][gc                   ] GC(0) ShenandoahScanRememberedTask::do_work(3), processing slice of region 1334 at offset 0, size: 32768
[0.246s][debug][gc                   ] GC(0) ShenandoahScanRememberedTask::do_work(3), processing slice of region 1337 at offset 32768, size: 32768
[0.246s][debug][gc                   ] GC(0) ShenandoahScanRememberedTask::do_work(3), processing slice of region 1338 at offset 0, size: 32768
[0.246s][debug][gc                   ] GC(0) ShenandoahScanRememberedTask::do_work(3), processing slice of region 1338 at offset 32768, size: 32768
[0.246s][debug][gc                   ] GC(0) ShenandoahScanRememberedTask::do_work(3), processing slice of region 1339 at offset 0, size: 32768
[0.246s][debug][gc                   ] GC(0) ShenandoahScanRememberedTask::do_work(3), processing slice of region 1339 at offset 32768, size: 32768
[0.246s][debug][gc                   ] GC(0) ShenandoahScanRememberedTask::do_work(3), processing slice of region 1340 at offset 0, size: 32768
[0.246s][debug][gc                   ] GC(0) ShenandoahScanRememberedTask::do_work(3), processing slice of region 1340 at offset 32768, size: 32768
[0.246s][debug][gc                   ] GC(0) ShenandoahScanRememberedTask::do_work(3), processing slice of region 1341 at offset 0, size: 32768
[0.246s][debug][gc                   ] GC(0) ShenandoahScanRememberedTask::do_work(3), processing slice of region 1341 at offset 32768, size: 32768
[0.246s][debug][gc                   ] GC(0) ShenandoahScanRememberedTask::do_work(0), processing slice of region 1336 at offset 32768, size: 32768
[0.246s][debug][gc                   ] GC(0) ShenandoahScanRememberedTask::do_work(0), processing slice of region 1342 at offset 32768, size: 32768
[0.246s][debug][gc                   ] GC(0) ShenandoahScanRememberedTask::do_work(0), processing slice of region 1343 at offset 0, size: 32768
[0.246s][debug][gc                   ] GC(0) ShenandoahScanRememberedTask::do_work(0), processing slice of region 1343 at offset 32768, size: 32768
[0.246s][debug][gc                   ] GC(0) ShenandoahScanRememberedTask::do_work(0), processing slice of region 1344 at offset 0, size: 32768
[0.246s][debug][gc                   ] GC(0) ShenandoahScanRememberedTask::do_work(0), processing slice of region 1344 at offset 32768, size: 32768
[0.246s][debug][gc                   ] GC(0) ShenandoahScanRememberedTask::do_work(0), processing slice of region 1345 at offset 0, size: 32768
[0.246s][debug][gc                   ] GC(0) ShenandoahScanRememberedTask::do_work(0), processing slice of region 1345 at offset 32768, size: 32768
[0.246s][debug][gc                   ] GC(0) ShenandoahScanRememberedTask::do_work(0), processing slice of region 1346 at offset 0, size: 32768
[0.246s][debug][gc                   ] Setting affiliation of Region 516 from FREE to YOUNG, top: 0x00000000d0200000, TAMS: 0x00000000d0200000, watermark: 0x00000000d0200000, top_bitmap: 0x00000000d0200000
[0.246s][debug][gc                   ] Setting affiliation of Region 517 from FREE to YOUNG, top: 0x00000000d0280000, TAMS: 0x00000000d0280000, watermark: 0x00000000d0280000, top_bitmap: 0x00000000d0280000
[0.246s][debug][gc                   ] GC(0) ShenandoahScanRememberedTask::do_work(7), processing slice of region 1335 at offset 32768, size: 32768
[0.246s][debug][gc                   ] GC(0) ShenandoahScanRememberedTask::do_work(7), processing slice of region 1347 at offset 0, size: 32768
[0.246s][debug][gc                   ] GC(0) ShenandoahScanRememberedTask::do_work(7), processing slice of region 1347 at offset 32768, size: 32768
[0.246s][debug][gc                   ] GC(0) ShenandoahScanRememberedTask::do_work(7), processing slice of region 1348 at offset 0, size: 32768
[0.246s][debug][gc                   ] GC(0) ShenandoahScanRememberedTask::do_work(7), processing slice of region 1348 at offset 32768, size: 32768
[0.246s][debug][gc                   ] GC(0) ShenandoahScanRememberedTask::do_work(7), processing slice of region 1349 at offset 0, size: 32768
[0.246s][debug][gc                   ] GC(0) ShenandoahScanRememberedTask::do_work(7), processing slice of region 1349 at offset 32768, size: 32768
[0.246s][debug][gc                   ] GC(0) ShenandoahScanRememberedTask::do_work(3), processing slice of region 1342 at offset 0, size: 32768
[0.246s][debug][gc                   ] GC(0) ShenandoahScanRememberedTask::do_work(7), processing slice of region 1350 at offset 0, size: 32768
[0.246s][debug][gc                   ] GC(0) ShenandoahScanRememberedTask::do_work(7), processing slice of region 1350 at offset 32768, size: 32768
[0.246s][debug][gc                   ] GC(0) ShenandoahScanRememberedTask::do_work(7), processing slice of region 1351 at offset 32768, size: 32768
[0.246s][debug][gc                   ] GC(0) ShenandoahScanRememberedTask::do_work(1), processing slice of region 1334 at offset 32768, size: 32768
[0.246s][debug][gc                   ] GC(0) ShenandoahScanRememberedTask::do_work(4), processing slice of region 1335 at offset 0, size: 32768
[0.246s][debug][gc                   ] GC(0) ShenandoahScanRememberedTask::do_work(1), processing slice of region 1352 at offset 32768, size: 32768
[0.246s][debug][gc                   ] GC(0) ShenandoahScanRememberedTask::do_work(1), processing slice of region 1353 at offset 0, size: 32768
[0.246s][debug][gc                   ] GC(0) ShenandoahScanRememberedTask::do_work(5), processing slice of region 1313 at offset 32768, size: 32768
[0.246s][debug][gc                   ] GC(0) ShenandoahScanRememberedTask::do_work(5), processing slice of region 1354 at offset 32768, size: 32768
[0.246s][debug][gc                   ] GC(0) ShenandoahScanRememberedTask::do_work(5), processing slice of region 1355 at offset 0, size: 32768
[0.246s][debug][gc                   ] GC(0) ShenandoahScanRememberedTask::do_work(5), processing slice of region 1355 at offset 32768, size: 32768
[0.246s][debug][gc                   ] GC(0) ShenandoahScanRememberedTask::do_work(5), processing slice of region 1356 at offset 0, size: 32768
[0.246s][debug][gc                   ] GC(0) ShenandoahScanRememberedTask::do_work(6), processing slice of region 1337 at offset 0, size: 32768
[0.246s][debug][gc                   ] GC(0) ShenandoahScanRememberedTask::do_work(6), processing slice of region 1357 at offset 0, size: 32768
[0.246s][debug][gc                   ] GC(0) ShenandoahScanRememberedTask::do_work(6), processing slice of region 1357 at offset 32768, size: 32768
[0.246s][debug][gc                   ] GC(0) ShenandoahScanRememberedTask::do_work(4), processing slice of region 1353 at offset 32768, size: 32768
[0.246s][debug][gc                   ] GC(0) ShenandoahScanRememberedTask::do_work(4), processing slice of region 1358 at offset 32768, size: 32768
[0.246s][debug][gc                   ] GC(0) ShenandoahScanRememberedTask::do_work(4), processing slice of region 1359 at offset 0, size: 32768
[0.246s][debug][gc                   ] GC(0) ShenandoahScanRememberedTask::do_work(4), processing slice of region 1359 at offset 32768, size: 32768
[0.246s][debug][gc                   ] GC(0) ShenandoahScanRememberedTask::do_work(4), processing slice of region 1360 at offset 0, size: 32768
[0.246s][debug][gc                   ] GC(0) ShenandoahScanRememberedTask::do_work(4), processing slice of region 1360 at offset 32768, size: 32768
[0.246s][debug][gc                   ] GC(0) ShenandoahScanRememberedTask::do_work(4), processing slice of region 1361 at offset 0, size: 32768
[0.246s][debug][gc                   ] GC(0) ShenandoahScanRememberedTask::do_work(4), processing slice of region 1361 at offset 32768, size: 32768
[0.246s][debug][gc                   ] GC(0) ShenandoahScanRememberedTask::do_work(3), processing slice of region 1351 at offset 0, size: 32768
[0.246s][debug][gc                   ] GC(0) ShenandoahScanRememberedTask::do_work(4), processing slice of region 1362 at offset 0, size: 32768
[0.246s][debug][gc                   ] GC(0) ShenandoahScanRememberedTask::do_work(4), processing slice of region 1362 at offset 32768, size: 32768
[0.246s][debug][gc                   ] GC(0) ShenandoahScanRememberedTask::do_work(4), processing slice of region 1363 at offset 32768, size: 32768
[0.246s][debug][gc                   ] GC(0) ShenandoahScanRememberedTask::do_work(0), processing slice of region 1346 at offset 32768, size: 32768
[0.246s][debug][gc                   ] GC(0) ShenandoahScanRememberedTask::do_work(4), processing slice of region 1364 at offset 0, size: 32768
[0.246s][debug][gc                   ] GC(0) ShenandoahScanRememberedTask::do_work(4), processing slice of region 1364 at offset 32768, size: 32768
[0.246s][debug][gc                   ] GC(0) ShenandoahScanRememberedTask::do_work(2), processing slice of region 1329 at offset 0, size: 32768
[0.246s][debug][gc                   ] GC(0) ShenandoahScanRememberedTask::do_work(2), processing slice of region 1366 at offset 0, size: 32768
[0.246s][debug][gc                   ] GC(0) ShenandoahScanRememberedTask::do_work(3), processing slice of region 1363 at offset 0, size: 32768
[0.246s][debug][gc                   ] GC(0) ShenandoahScanRememberedTask::do_work(3), processing slice of region 1367 at offset 0, size: 32768
[0.246s][debug][gc                   ] GC(0) ShenandoahScanRememberedTask::do_work(3), processing slice of region 1367 at offset 32768, size: 32768
[0.246s][debug][gc                   ] GC(0) ShenandoahScanRememberedTask::do_work(3), processing slice of region 1368 at offset 0, size: 32768
[0.246s][debug][gc                   ] GC(0) ShenandoahScanRememberedTask::do_work(5), processing slice of region 1356 at offset 32768, size: 32768
[0.246s][debug][gc                   ] GC(0) ShenandoahScanRememberedTask::do_work(5), processing slice of region 1369 at offset 0, size: 32768
[0.246s][debug][gc                   ] GC(0) ShenandoahScanRememberedTask::do_work(5), processing slice of region 1369 at offset 32768, size: 32768
[0.246s][debug][gc                   ] GC(0) ShenandoahScanRememberedTask::do_work(5), processing slice of region 1370 at offset 0, size: 32768
[0.246s][debug][gc                   ] GC(0) ShenandoahScanRememberedTask::do_work(6), processing slice of region 1358 at offset 0, size: 32768
[0.246s][debug][gc                   ] GC(0) ShenandoahScanRememberedTask::do_work(6), processing slice of region 1371 at offset 0, size: 32768
[0.246s][debug][gc                   ] GC(0) ShenandoahScanRememberedTask::do_work(6), processing slice of region 1371 at offset 32768, size: 32768
[0.246s][debug][gc                   ] GC(0) ShenandoahScanRememberedTask::do_work(6), processing slice of region 1372 at offset 0, size: 32768
[0.246s][debug][gc                   ] GC(0) ShenandoahScanRememberedTask::do_work(6), processing slice of region 1372 at offset 32768, size: 32768
[0.246s][debug][gc                   ] GC(0) ShenandoahScanRememberedTask::do_work(1), processing slice of region 1354 at offset 0, size: 32768
[0.246s][debug][gc                   ] GC(0) ShenandoahScanRememberedTask::do_work(1), processing slice of region 1373 at offset 32768, size: 32768
[0.246s][debug][gc                   ] GC(0) ShenandoahScanRememberedTask::do_work(1), processing slice of region 1374 at offset 0, size: 32768
[0.246s][debug][gc                   ] GC(0) ShenandoahScanRememberedTask::do_work(1), processing slice of region 1374 at offset 32768, size: 32768
[0.246s][debug][gc                   ] GC(0) ShenandoahScanRememberedTask::do_work(1), processing slice of region 1375 at offset 0, size: 32768
[0.246s][debug][gc                   ] GC(0) ShenandoahScanRememberedTask::do_work(1), processing slice of region 1375 at offset 32768, size: 32768
[0.246s][debug][gc                   ] GC(0) ShenandoahScanRememberedTask::do_work(1), processing slice of region 1376 at offset 0, size: 32768
[0.246s][debug][gc                   ] GC(0) ShenandoahScanRememberedTask::do_work(1), processing slice of region 1376 at offset 32768, size: 32768
[0.246s][debug][gc                   ] GC(0) ShenandoahScanRememberedTask::do_work(1), processing slice of region 1377 at offset 0, size: 32768
[0.246s][debug][gc                   ] GC(0) ShenandoahScanRememberedTask::do_work(1), processing slice of region 1377 at offset 32768, size: 32768
[0.246s][debug][gc                   ] GC(0) ShenandoahScanRememberedTask::do_work(1), processing slice of region 1378 at offset 0, size: 32768
[0.246s][debug][gc                   ] GC(0) ShenandoahScanRememberedTask::do_work(1), processing slice of region 1378 at offset 32768, size: 32768
[0.246s][debug][gc                   ] GC(0) ShenandoahScanRememberedTask::do_work(1), processing slice of region 1379 at offset 0, size: 32768
[0.246s][debug][gc                   ] GC(0) ShenandoahScanRememberedTask::do_work(1), processing slice of region 1379 at offset 32768, size: 32768
[0.246s][debug][gc                   ] GC(0) ShenandoahScanRememberedTask::do_work(1), processing slice of region 1380 at offset 0, size: 32768
[0.246s][debug][gc                   ] GC(0) ShenandoahScanRememberedTask::do_work(1), processing slice of region 1380 at offset 32768, size: 32768
[0.246s][debug][gc                   ] GC(0) ShenandoahScanRememberedTask::do_work(1), processing slice of region 1381 at offset 0, size: 32768
[0.246s][debug][gc                   ] GC(0) ShenandoahScanRememberedTask::do_work(1), processing slice of region 1381 at offset 32768, size: 32768
[0.246s][debug][gc                   ] GC(0) ShenandoahScanRememberedTask::do_work(1), processing slice of region 1382 at offset 0, size: 32768
[0.246s][debug][gc                   ] GC(0) ShenandoahScanRememberedTask::do_work(1), processing slice of region 1382 at offset 32768, size: 32768
[0.246s][debug][gc                   ] GC(0) ShenandoahScanRememberedTask::do_work(1), processing slice of region 1383 at offset 0, size: 32768
[0.246s][debug][gc                   ] GC(0) ShenandoahScanRememberedTask::do_work(1), processing slice of region 1383 at offset 32768, size: 32768
[0.246s][debug][gc                   ] GC(0) ShenandoahScanRememberedTask::do_work(1), processing slice of region 1384 at offset 0, size: 32768
[0.246s][debug][gc                   ] GC(0) ShenandoahScanRememberedTask::do_work(1), processing slice of region 1384 at offset 32768, size: 32768
[0.246s][debug][gc                   ] GC(0) ShenandoahScanRememberedTask::do_work(1), processing slice of region 1385 at offset 0, size: 32768
[0.246s][debug][gc                   ] GC(0) ShenandoahScanRememberedTask::do_work(1), processing slice of region 1385 at offset 32768, size: 32768
[0.246s][debug][gc                   ] GC(0) ShenandoahScanRememberedTask::do_work(1), processing slice of region 1386 at offset 0, size: 32768
[0.246s][debug][gc                   ] GC(0) ShenandoahScanRememberedTask::do_work(1), processing slice of region 1386 at offset 32768, size: 32768
[0.246s][debug][gc                   ] GC(0) ShenandoahScanRememberedTask::do_work(1), processing slice of region 1387 at offset 0, size: 32768
[0.246s][debug][gc                   ] GC(0) ShenandoahScanRememberedTask::do_work(1), processing slice of region 1387 at offset 32768, size: 32768
[0.246s][debug][gc                   ] GC(0) ShenandoahScanRememberedTask::do_work(1), processing slice of region 1388 at offset 0, size: 32768
[0.246s][debug][gc                   ] GC(0) ShenandoahScanRememberedTask::do_work(1), processing slice of region 1388 at offset 32768, size: 32768
[0.246s][debug][gc                   ] GC(0) ShenandoahScanRememberedTask::do_work(6), processing slice of region 1373 at offset 0, size: 32768
[0.246s][debug][gc                   ] GC(0) ShenandoahScanRememberedTask::do_work(2), processing slice of region 1366 at offset 32768, size: 32768
[0.247s][debug][gc                   ] GC(0) ShenandoahScanRememberedTask::do_work(6), processing slice of region 1389 at offset 32768, size: 32768
[0.247s][debug][gc                   ] GC(0) ShenandoahScanRememberedTask::do_work(6), processing slice of region 1390 at offset 0, size: 32768
[0.246s][debug][gc                   ] GC(0) ShenandoahScanRememberedTask::do_work(7), processing slice of region 1352 at offset 0, size: 32768
[0.247s][debug][gc                   ] GC(0) ShenandoahScanRememberedTask::do_work(7), processing slice of region 1391 at offset 32768, size: 32768
[0.247s][debug][gc                   ] GC(0) ShenandoahScanRememberedTask::do_work(7), processing slice of region 1392 at offset 0, size: 32768
[0.246s][debug][gc                   ] GC(0) ShenandoahScanRememberedTask::do_work(5), processing slice of region 1370 at offset 32768, size: 32768
[0.246s][debug][gc                   ] GC(0) ShenandoahScanRememberedTask::do_work(4), processing slice of region 1365 at offset 32768, size: 32768
[0.247s][debug][gc                   ] GC(0) ShenandoahScanRememberedTask::do_work(5), processing slice of region 1393 at offset 0, size: 32768
[0.247s][debug][gc                   ] GC(0) ShenandoahScanRememberedTask::do_work(5), processing slice of region 1393 at offset 32768, size: 32768
[0.246s][debug][gc                   ] GC(0) ShenandoahScanRememberedTask::do_work(1), processing slice of region 1389 at offset 0, size: 32768
[0.247s][debug][gc                   ] GC(0) ShenandoahScanRememberedTask::do_work(1), processing slice of region 1395 at offset 0, size: 32768
[0.247s][debug][gc                   ] GC(0) ShenandoahScanRememberedTask::do_work(6), processing slice of region 1391 at offset 0, size: 32768
[0.247s][debug][gc                   ] GC(0) ShenandoahScanRememberedTask::do_work(6), processing slice of region 1396 at offset 0, size: 32768
[0.247s][debug][gc                   ] GC(0) ShenandoahScanRememberedTask::do_work(6), processing slice of region 1396 at offset 32768, size: 32768
[0.247s][debug][gc                   ] GC(0) ShenandoahScanRememberedTask::do_work(6), processing slice of region 1397 at offset 0, size: 32768
[0.247s][debug][gc                   ] GC(0) ShenandoahScanRememberedTask::do_work(7), processing slice of region 1392 at offset 32768, size: 32768
[0.247s][debug][gc                   ] GC(0) ShenandoahScanRememberedTask::do_work(7), processing slice of region 1398 at offset 0, size: 32768
[0.247s][debug][gc                   ] GC(0) ShenandoahScanRememberedTask::do_work(7), processing slice of region 1398 at offset 32768, size: 32768
[0.247s][debug][gc                   ] GC(0) ShenandoahScanRememberedTask::do_work(7), processing slice of region 1399 at offset 0, size: 32768
[0.247s][debug][gc                   ] GC(0) ShenandoahScanRememberedTask::do_work(7), processing slice of region 1399 at offset 32768, size: 32768
[0.247s][debug][gc                   ] GC(0) ShenandoahScanRememberedTask::do_work(7), processing slice of region 1400 at offset 0, size: 32768
[0.247s][debug][gc                   ] GC(0) ShenandoahScanRememberedTask::do_work(7), processing slice of region 1400 at offset 32768, size: 32768
[0.247s][debug][gc                   ] GC(0) ShenandoahScanRememberedTask::do_work(7), processing slice of region 1401 at offset 0, size: 32768
[0.247s][debug][gc                   ] GC(0) ShenandoahScanRememberedTask::do_work(7), processing slice of region 1401 at offset 32768, size: 32768
[0.247s][debug][gc                   ] GC(0) ShenandoahScanRememberedTask::do_work(7), processing slice of region 1402 at offset 0, size: 32768
[0.247s][debug][gc                   ] GC(0) ShenandoahScanRememberedTask::do_work(7), processing slice of region 1402 at offset 32768, size: 32768
[0.247s][debug][gc                   ] GC(0) ShenandoahScanRememberedTask::do_work(7), processing slice of region 1403 at offset 0, size: 32768
[0.247s][debug][gc                   ] GC(0) ShenandoahScanRememberedTask::do_work(7), processing slice of region 1403 at offset 32768, size: 32768
[0.247s][debug][gc                   ] GC(0) ShenandoahScanRememberedTask::do_work(7), processing slice of region 1404 at offset 0, size: 32768
[0.247s][debug][gc                   ] GC(0) ShenandoahScanRememberedTask::do_work(7), processing slice of region 1404 at offset 32768, size: 32768
[0.247s][debug][gc                   ] Setting affiliation of Region 518 from FREE to YOUNG, top: 0x00000000d0300000, TAMS: 0x00000000d0300000, watermark: 0x00000000d0300000, top_bitmap: 0x00000000d0300000
[0.247s][debug][gc                   ] GC(0) ShenandoahScanRememberedTask::do_work(1), processing slice of region 1395 at offset 32768, size: 32768
[0.247s][debug][gc                   ] GC(0) ShenandoahScanRememberedTask::do_work(1), processing slice of region 1405 at offset 32768, size: 32768
[0.246s][debug][gc                   ] GC(0) ShenandoahScanRememberedTask::do_work(0), processing slice of region 1365 at offset 0, size: 32768
[0.247s][debug][gc                   ] GC(0) ShenandoahScanRememberedTask::do_work(6), processing slice of region 1397 at offset 32768, size: 32768
[0.247s][debug][gc                   ] GC(0) ShenandoahScanRememberedTask::do_work(0), processing slice of region 1406 at offset 32768, size: 32768
[0.247s][debug][gc                   ] GC(0) ShenandoahScanRememberedTask::do_work(2), processing slice of region 1390 at offset 32768, size: 32768
[0.247s][debug][gc                   ] GC(0) ShenandoahScanRememberedTask::do_work(5), processing slice of region 1394 at offset 32768, size: 32768
[0.247s][debug][gc                   ] GC(0) ShenandoahScanRememberedTask::do_work(2), processing slice of region 1408 at offset 0, size: 32768
[0.246s][debug][gc                   ] GC(0) ShenandoahScanRememberedTask::do_work(3), processing slice of region 1368 at offset 32768, size: 32768
[0.247s][debug][gc                   ] GC(0) ShenandoahScanRememberedTask::do_work(7), processing slice of region 1405 at offset 0, size: 32768
[0.247s][debug][gc                   ] GC(0) ShenandoahScanRememberedTask::do_work(7), processing slice of region 1410 at offset 0, size: 32768
[0.247s][debug][gc                   ] GC(0) ShenandoahScanRememberedTask::do_work(7), processing slice of region 1410 at offset 32768, size: 32768
[0.247s][debug][gc                   ] GC(0) ShenandoahScanRememberedTask::do_work(1), processing slice of region 1406 at offset 0, size: 32768
[0.247s][debug][gc                   ] GC(0) ShenandoahScanRememberedTask::do_work(4), processing slice of region 1394 at offset 0, size: 32768
[0.247s][debug][gc                   ] GC(0) ShenandoahScanRememberedTask::do_work(4), processing slice of region 1412 at offset 0, size: 32768
[0.247s][debug][gc                   ] GC(0) ShenandoahScanRememberedTask::do_work(4), processing slice of region 1412 at offset 32768, size: 32768
[0.247s][debug][gc                   ] GC(0) ShenandoahScanRememberedTask::do_work(4), processing slice of region 1413 at offset 0, size: 32768
[0.247s][debug][gc                   ] GC(0) ShenandoahScanRememberedTask::do_work(4), processing slice of region 1413 at offset 32768, size: 32768
[0.247s][debug][gc                   ] GC(0) ShenandoahScanRememberedTask::do_work(4), processing slice of region 1414 at offset 0, size: 32768
[0.247s][debug][gc                   ] GC(0) ShenandoahScanRememberedTask::do_work(4), processing slice of region 1414 at offset 32768, size: 32768
[0.247s][debug][gc                   ] GC(0) ShenandoahScanRememberedTask::do_work(4), processing slice of region 1415 at offset 0, size: 32768
[0.247s][debug][gc                   ] GC(0) ShenandoahScanRememberedTask::do_work(4), processing slice of region 1415 at offset 32768, size: 32768
[0.247s][debug][gc                   ] GC(0) ShenandoahScanRememberedTask::do_work(4), processing slice of region 1416 at offset 0, size: 32768
[0.247s][debug][gc                   ] GC(0) ShenandoahScanRememberedTask::do_work(4), processing slice of region 1416 at offset 32768, size: 32768
[0.247s][debug][gc                   ] GC(0) ShenandoahScanRememberedTask::do_work(4), processing slice of region 1417 at offset 0, size: 32768
[0.247s][debug][gc                   ] GC(0) ShenandoahScanRememberedTask::do_work(4), processing slice of region 1417 at offset 32768, size: 32768
[0.247s][debug][gc                   ] GC(0) ShenandoahScanRememberedTask::do_work(4), processing slice of region 1418 at offset 0, size: 32768
[0.247s][debug][gc                   ] GC(0) ShenandoahScanRememberedTask::do_work(4), processing slice of region 1418 at offset 32768, size: 32768
[0.247s][debug][gc                   ] GC(0) ShenandoahScanRememberedTask::do_work(3), processing slice of region 1409 at offset 32768, size: 32768
[0.247s][debug][gc                   ] GC(0) ShenandoahScanRememberedTask::do_work(3), processing slice of region 1419 at offset 32768, size: 32768
[0.247s][debug][gc                   ] GC(0) ShenandoahScanRememberedTask::do_work(3), processing slice of region 1420 at offset 0, size: 32768
[0.247s][debug][gc                   ] GC(0) ShenandoahScanRememberedTask::do_work(3), processing slice of region 1420 at offset 32768, size: 32768
[0.247s][debug][gc                   ] GC(0) ShenandoahScanRememberedTask::do_work(3), processing slice of region 1421 at offset 0, size: 32768
[0.247s][debug][gc                   ] GC(0) ShenandoahScanRememberedTask::do_work(3), processing slice of region 1421 at offset 32768, size: 32768
[0.247s][debug][gc                   ] GC(0) ShenandoahScanRememberedTask::do_work(3), processing slice of region 1422 at offset 0, size: 32768
[0.247s][debug][gc                   ] GC(0) ShenandoahScanRememberedTask::do_work(3), processing slice of region 1422 at offset 32768, size: 32768
[0.247s][debug][gc                   ] GC(0) ShenandoahScanRememberedTask::do_work(3), processing slice of region 1423 at offset 0, size: 32768
[0.247s][debug][gc                   ] GC(0) ShenandoahScanRememberedTask::do_work(3), processing slice of region 1423 at offset 32768, size: 32768
[0.247s][debug][gc                   ] GC(0) ShenandoahScanRememberedTask::do_work(3), processing slice of region 1424 at offset 0, size: 32768
[0.247s][debug][gc                   ] GC(0) ShenandoahScanRememberedTask::do_work(3), processing slice of region 1424 at offset 32768, size: 32768
[0.247s][debug][gc                   ] GC(0) ShenandoahScanRememberedTask::do_work(3), processing slice of region 1425 at offset 0, size: 32768
[0.247s][debug][gc                   ] GC(0) ShenandoahScanRememberedTask::do_work(3), processing slice of region 1425 at offset 32768, size: 32768
[0.247s][debug][gc                   ] GC(0) ShenandoahScanRememberedTask::do_work(3), processing slice of region 1426 at offset 0, size: 32768
[0.247s][debug][gc                   ] GC(0) ShenandoahScanRememberedTask::do_work(3), processing slice of region 1426 at offset 32768, size: 32768
[0.247s][debug][gc                   ] GC(0) ShenandoahScanRememberedTask::do_work(3), processing slice of region 1427 at offset 0, size: 32768
[0.247s][debug][gc                   ] GC(0) ShenandoahScanRememberedTask::do_work(3), processing slice of region 1427 at offset 32768, size: 32768
[0.247s][debug][gc                   ] GC(0) ShenandoahScanRememberedTask::do_work(3), processing slice of region 1428 at offset 0, size: 32768
[0.247s][debug][gc                   ] GC(0) ShenandoahScanRememberedTask::do_work(3), processing slice of region 1428 at offset 32768, size: 32768
[0.247s][debug][gc                   ] GC(0) ShenandoahScanRememberedTask::do_work(3), processing slice of region 1429 at offset 0, size: 32768
[0.247s][debug][gc                   ] GC(0) ShenandoahScanRememberedTask::do_work(6), processing slice of region 1407 at offset 0, size: 32768
[0.247s][debug][gc                   ] GC(0) ShenandoahScanRememberedTask::do_work(2), processing slice of region 1408 at offset 32768, size: 32768
[0.247s][debug][gc                   ] GC(0) ShenandoahScanRememberedTask::do_work(6), processing slice of region 1430 at offset 0, size: 32768
[0.247s][debug][gc                   ] GC(0) ShenandoahScanRememberedTask::do_work(6), processing slice of region 1430 at offset 32768, size: 32768
[0.247s][debug][gc                   ] GC(0) ShenandoahScanRememberedTask::do_work(5), processing slice of region 1409 at offset 0, size: 32768
[0.247s][debug][gc                   ] GC(0) ShenandoahScanRememberedTask::do_work(5), processing slice of region 1432 at offset 0, size: 32768
[0.247s][debug][gc                   ] GC(0) ShenandoahScanRememberedTask::do_work(5), processing slice of region 1432 at offset 32768, size: 32768
[0.247s][debug][gc                   ] GC(0) ShenandoahScanRememberedTask::do_work(5), processing slice of region 1433 at offset 0, size: 32768
[0.247s][debug][gc                   ] GC(0) ShenandoahScanRememberedTask::do_work(5), processing slice of region 1433 at offset 32768, size: 32768
[0.247s][debug][gc                   ] GC(0) ShenandoahScanRememberedTask::do_work(5), processing slice of region 1434 at offset 0, size: 32768
[0.247s][debug][gc                   ] GC(0) ShenandoahScanRememberedTask::do_work(5), processing slice of region 1434 at offset 32768, size: 32768
[0.247s][debug][gc                   ] GC(0) ShenandoahScanRememberedTask::do_work(2), processing slice of region 1431 at offset 0, size: 32768
[0.247s][debug][gc                   ] GC(0) ShenandoahScanRememberedTask::do_work(2), processing slice of region 1435 at offset 32768, size: 32768
[0.247s][debug][gc                   ] GC(0) ShenandoahScanRememberedTask::do_work(6), processing slice of region 1431 at offset 32768, size: 32768
[0.247s][debug][gc                   ] GC(0) ShenandoahScanRememberedTask::do_work(2), processing slice of region 1436 at offset 0, size: 32768
[0.247s][debug][gc                   ] GC(0) ShenandoahScanRememberedTask::do_work(2), processing slice of region 1436 at offset 32768, size: 32768
[0.247s][debug][gc                   ] GC(0) ShenandoahScanRememberedTask::do_work(4), processing slice of region 1419 at offset 0, size: 32768
[0.247s][debug][gc                   ] GC(0) ShenandoahScanRememberedTask::do_work(7), processing slice of region 1411 at offset 0, size: 32768
[0.247s][debug][gc                   ] GC(0) ShenandoahScanRememberedTask::do_work(1), processing slice of region 1411 at offset 32768, size: 32768
[0.247s][debug][gc                   ] GC(0) ShenandoahScanRememberedTask::do_work(3), processing slice of region 1429 at offset 32768, size: 32768
[0.247s][debug][gc                   ] GC(0) ShenandoahScanRememberedTask::do_work(3), processing slice of region 1439 at offset 32768, size: 32768
[0.247s][debug][gc                   ] GC(0) ShenandoahScanRememberedTask::do_work(5), processing slice of region 1435 at offset 0, size: 32768
[0.247s][debug][gc                   ] Setting affiliation of Region 519 from FREE to YOUNG, top: 0x00000000d0380000, TAMS: 0x00000000d0380000, watermark: 0x00000000d0380000, top_bitmap: 0x00000000d0380000
[0.247s][debug][gc                   ] Setting affiliation of Region 520 from FREE to YOUNG, top: 0x00000000d0400000, TAMS: 0x00000000d0400000, watermark: 0x00000000d0400000, top_bitmap: 0x00000000d0400000
[0.247s][debug][gc                   ] GC(0) ShenandoahScanRememberedTask::do_work(6), processing slice of region 1437 at offset 0, size: 32768
[0.247s][debug][gc                   ] GC(0) ShenandoahScanRememberedTask::do_work(6), processing slice of region 1441 at offset 0, size: 32768
[0.247s][debug][gc                   ] GC(0) ShenandoahScanRememberedTask::do_work(4), processing slice of region 1438 at offset 0, size: 32768
[0.247s][debug][gc                   ] GC(0) ShenandoahScanRememberedTask::do_work(4), processing slice of region 1442 at offset 0, size: 32768
[0.247s][debug][gc                   ] GC(0) ShenandoahScanRememberedTask::do_work(4), processing slice of region 1442 at offset 32768, size: 32768
[0.247s][debug][gc                   ] GC(0) ShenandoahScanRememberedTask::do_work(4), processing slice of region 1443 at offset 0, size: 32768
[0.247s][debug][gc                   ] GC(0) ShenandoahScanRememberedTask::do_work(4), processing slice of region 1443 at offset 32768, size: 32768
[0.247s][debug][gc                   ] GC(0) ShenandoahScanRememberedTask::do_work(7), processing slice of region 1438 at offset 32768, size: 32768
[0.247s][debug][gc                   ] GC(0) ShenandoahScanRememberedTask::do_work(4), processing slice of region 1444 at offset 0, size: 32768
[0.247s][debug][gc                   ] GC(0) ShenandoahScanRememberedTask::do_work(4), processing slice of region 1444 at offset 32768, size: 32768
[0.247s][debug][gc                   ] GC(0) ShenandoahScanRememberedTask::do_work(1), processing slice of region 1439 at offset 0, size: 32768
[0.247s][debug][gc                   ] GC(0) ShenandoahScanRememberedTask::do_work(1), processing slice of region 1446 at offset 0, size: 32768
[0.247s][debug][gc                   ] GC(0) ShenandoahScanRememberedTask::do_work(5), processing slice of region 1440 at offset 32768, size: 32768
[0.247s][debug][gc                   ] GC(0) ShenandoahScanRememberedTask::do_work(5), processing slice of region 1447 at offset 0, size: 32768
[0.247s][debug][gc                   ] GC(0) ShenandoahScanRememberedTask::do_work(5), processing slice of region 1447 at offset 32768, size: 32768
[0.247s][debug][gc                   ] GC(0) ShenandoahScanRememberedTask::do_work(5), processing slice of region 1448 at offset 0, size: 32768
[0.247s][debug][gc                   ] GC(0) ShenandoahScanRememberedTask::do_work(6), processing slice of region 1441 at offset 32768, size: 32768
[0.247s][debug][gc                   ] GC(0) ShenandoahScanRememberedTask::do_work(6), processing slice of region 1449 at offset 0, size: 32768
[0.247s][debug][gc                   ] GC(0) ShenandoahScanRememberedTask::do_work(6), processing slice of region 1449 at offset 32768, size: 32768
[0.247s][debug][gc                   ] GC(0) ShenandoahScanRememberedTask::do_work(6), processing slice of region 1450 at offset 0, size: 32768
[0.247s][debug][gc                   ] GC(0) ShenandoahScanRememberedTask::do_work(6), processing slice of region 1450 at offset 32768, size: 32768
[0.247s][debug][gc                   ] GC(0) ShenandoahScanRememberedTask::do_work(6), processing slice of region 1451 at offset 0, size: 32768
[0.247s][debug][gc                   ] GC(0) ShenandoahScanRememberedTask::do_work(6), processing slice of region 1451 at offset 32768, size: 32768
[0.247s][debug][gc                   ] GC(0) ShenandoahScanRememberedTask::do_work(6), processing slice of region 1452 at offset 0, size: 32768
[0.247s][debug][gc                   ] GC(0) ShenandoahScanRememberedTask::do_work(6), processing slice of region 1452 at offset 32768, size: 32768
[0.247s][debug][gc                   ] GC(0) ShenandoahScanRememberedTask::do_work(6), processing slice of region 1453 at offset 0, size: 32768
[0.247s][debug][gc                   ] GC(0) ShenandoahScanRememberedTask::do_work(6), processing slice of region 1453 at offset 32768, size: 32768
[0.247s][debug][gc                   ] GC(0) ShenandoahScanRememberedTask::do_work(6), processing slice of region 1454 at offset 0, size: 32768
[0.247s][debug][gc                   ] GC(0) ShenandoahScanRememberedTask::do_work(6), processing slice of region 1454 at offset 32768, size: 32768
[0.247s][debug][gc                   ] GC(0) ShenandoahScanRememberedTask::do_work(6), processing slice of region 1455 at offset 0, size: 32768
[0.247s][debug][gc                   ] GC(0) ShenandoahScanRememberedTask::do_work(3), processing slice of region 1440 at offset 0, size: 32768
[0.247s][debug][gc                   ] GC(0) ShenandoahScanRememberedTask::do_work(3), processing slice of region 1456 at offset 0, size: 32768
[0.247s][debug][gc                   ] GC(0) ShenandoahScanRememberedTask::do_work(3), processing slice of region 1456 at offset 32768, size: 32768
[0.247s][debug][gc                   ] GC(0) ShenandoahScanRememberedTask::do_work(3), processing slice of region 1457 at offset 0, size: 32768
[0.247s][debug][gc                   ] GC(0) ShenandoahScanRememberedTask::do_work(3), processing slice of region 1457 at offset 32768, size: 32768
[0.247s][debug][gc                   ] GC(0) ShenandoahScanRememberedTask::do_work(3), processing slice of region 1458 at offset 0, size: 32768
[0.247s][debug][gc                   ] GC(0) ShenandoahScanRememberedTask::do_work(3), processing slice of region 1458 at offset 32768, size: 32768
[0.247s][debug][gc                   ] GC(0) ShenandoahScanRememberedTask::do_work(3), processing slice of region 1459 at offset 0, size: 32768
[0.247s][debug][gc                   ] GC(0) ShenandoahScanRememberedTask::do_work(3), processing slice of region 1459 at offset 32768, size: 32768
[0.247s][debug][gc                   ] GC(0) ShenandoahScanRememberedTask::do_work(3), processing slice of region 1460 at offset 0, size: 32768
[0.247s][debug][gc                   ] GC(0) ShenandoahScanRememberedTask::do_work(3), processing slice of region 1460 at offset 32768, size: 32768
[0.247s][debug][gc                   ] GC(0) ShenandoahScanRememberedTask::do_work(3), processing slice of region 1461 at offset 0, size: 32768
[0.247s][debug][gc                   ] GC(0) ShenandoahScanRememberedTask::do_work(3), processing slice of region 1461 at offset 32768, size: 32768
[0.247s][debug][gc                   ] GC(0) ShenandoahScanRememberedTask::do_work(3), processing slice of region 1462 at offset 0, size: 32768
[0.247s][debug][gc                   ] GC(0) ShenandoahScanRememberedTask::do_work(3), processing slice of region 1462 at offset 32768, size: 32768
[0.247s][debug][gc                   ] GC(0) ShenandoahScanRememberedTask::do_work(3), processing slice of region 1463 at offset 0, size: 32768
[0.247s][debug][gc                   ] GC(0) ShenandoahScanRememberedTask::do_work(3), processing slice of region 1463 at offset 32768, size: 32768
[0.247s][debug][gc                   ] GC(0) ShenandoahScanRememberedTask::do_work(3), processing slice of region 1464 at offset 0, size: 32768
[0.247s][debug][gc                   ] GC(0) ShenandoahScanRememberedTask::do_work(3), processing slice of region 1464 at offset 32768, size: 32768
[0.247s][debug][gc                   ] GC(0) ShenandoahScanRememberedTask::do_work(3), processing slice of region 1465 at offset 0, size: 32768
[0.247s][debug][gc                   ] GC(0) ShenandoahScanRememberedTask::do_work(3), processing slice of region 1465 at offset 32768, size: 32768
[0.247s][debug][gc                   ] GC(0) ShenandoahScanRememberedTask::do_work(3), processing slice of region 1466 at offset 0, size: 32768
[0.247s][debug][gc                   ] GC(0) ShenandoahScanRememberedTask::do_work(3), processing slice of region 1466 at offset 32768, size: 32768
[0.247s][debug][gc                   ] GC(0) ShenandoahScanRememberedTask::do_work(3), processing slice of region 1467 at offset 0, size: 32768
[0.247s][debug][gc                   ] GC(0) ShenandoahScanRememberedTask::do_work(3), processing slice of region 1467 at offset 32768, size: 32768
[0.247s][debug][gc                   ] GC(0) ShenandoahScanRememberedTask::do_work(3), processing slice of region 1468 at offset 0, size: 32768
[0.247s][debug][gc                   ] GC(0) ShenandoahScanRememberedTask::do_work(3), processing slice of region 1468 at offset 32768, size: 32768
[0.247s][debug][gc                   ] GC(0) ShenandoahScanRememberedTask::do_work(3), processing slice of region 1469 at offset 0, size: 32768
[0.247s][debug][gc                   ] GC(0) ShenandoahScanRememberedTask::do_work(3), processing slice of region 1469 at offset 32768, size: 32768
[0.247s][debug][gc                   ] GC(0) ShenandoahScanRememberedTask::do_work(7), processing slice of region 1445 at offset 0, size: 32768
[0.247s][debug][gc                   ] GC(0) ShenandoahScanRememberedTask::do_work(3), processing slice of region 1470 at offset 0, size: 32768
[0.247s][debug][gc                   ] GC(0) ShenandoahScanRememberedTask::do_work(7), processing slice of region 1470 at offset 32768, size: 32768
[0.247s][debug][gc                   ] GC(0) ShenandoahScanRememberedTask::do_work(3), processing slice of region 1471 at offset 0, size: 32768
[0.247s][debug][gc                   ] GC(0) ShenandoahScanRememberedTask::do_work(3), processing slice of region 1472 at offset 0, size: 32768
[0.247s][debug][gc                   ] GC(0) ShenandoahScanRememberedTask::do_work(2), processing slice of region 1437 at offset 32768, size: 32768
[0.247s][debug][gc                   ] GC(0) ShenandoahScanRememberedTask::do_work(2), processing slice of region 1473 at offset 0, size: 32768
[0.247s][debug][gc                   ] GC(0) ShenandoahScanRememberedTask::do_work(2), processing slice of region 1473 at offset 32768, size: 32768
[0.247s][debug][gc                   ] GC(0) ShenandoahScanRememberedTask::do_work(2), processing slice of region 1474 at offset 0, size: 32768
[0.247s][debug][gc                   ] GC(0) ShenandoahScanRememberedTask::do_work(0), processing slice of region 1407 at offset 32768, size: 32768
[0.247s][debug][gc                   ] GC(0) ShenandoahScanRememberedTask::do_work(0), processing slice of region 1475 at offset 0, size: 32768
[0.247s][debug][gc                   ] GC(0) ShenandoahScanRememberedTask::do_work(0), processing slice of region 1475 at offset 32768, size: 32768
[0.247s][debug][gc                   ] GC(0) ShenandoahScanRememberedTask::do_work(7), processing slice of region 1471 at offset 32768, size: 32768
[0.247s][debug][gc                   ] GC(0) ShenandoahScanRememberedTask::do_work(7), processing slice of region 1476 at offset 32768, size: 32768
[0.247s][debug][gc                   ] GC(0) ShenandoahScanRememberedTask::do_work(6), processing slice of region 1455 at offset 32768, size: 32768
[0.247s][debug][gc                   ] GC(0) ShenandoahScanRememberedTask::do_work(4), processing slice of region 1445 at offset 32768, size: 32768
[0.247s][debug][gc                   ] GC(0) ShenandoahScanRememberedTask::do_work(6), processing slice of region 1477 at offset 32768, size: 32768
[0.247s][debug][gc                   ] GC(0) ShenandoahScanRememberedTask::do_work(6), processing slice of region 1478 at offset 0, size: 32768
[0.247s][debug][gc                   ] GC(0) ShenandoahScanRememberedTask::do_work(1), processing slice of region 1446 at offset 32768, size: 32768
[0.247s][debug][gc                   ] GC(0) ShenandoahScanRememberedTask::do_work(1), processing slice of region 1479 at offset 32768, size: 32768
[0.247s][debug][gc                   ] GC(0) ShenandoahScanRememberedTask::do_work(1), processing slice of region 1480 at offset 0, size: 32768
[0.247s][debug][gc                   ] GC(0) ShenandoahScanRememberedTask::do_work(2), processing slice of region 1474 at offset 32768, size: 32768
[0.247s][debug][gc                   ] GC(0) ShenandoahScanRememberedTask::do_work(1), processing slice of region 1480 at offset 32768, size: 32768
[0.247s][debug][gc                   ] GC(0) ShenandoahScanRememberedTask::do_work(2), processing slice of region 1481 at offset 0, size: 32768
[0.247s][debug][gc                   ] GC(0) ShenandoahScanRememberedTask::do_work(0), processing slice of region 1476 at offset 0, size: 32768
[0.247s][debug][gc                   ] GC(0) ShenandoahScanRememberedTask::do_work(7), processing slice of region 1477 at offset 0, size: 32768
[0.247s][debug][gc                   ] GC(0) ShenandoahScanRememberedTask::do_work(0), processing slice of region 1482 at offset 32768, size: 32768
[0.247s][debug][gc                   ] GC(0) ShenandoahScanRememberedTask::do_work(0), processing slice of region 1483 at offset 0, size: 32768
[0.247s][debug][gc                   ] GC(0) ShenandoahScanRememberedTask::do_work(3), processing slice of region 1472 at offset 32768, size: 32768
[0.247s][debug][gc                   ] GC(0) ShenandoahScanRememberedTask::do_work(0), processing slice of region 1484 at offset 0, size: 32768
[0.247s][debug][gc                   ] GC(0) ShenandoahScanRememberedTask::do_work(3), processing slice of region 1484 at offset 32768, size: 32768
[0.247s][debug][gc                   ] GC(0) ShenandoahScanRememberedTask::do_work(1), processing slice of region 1481 at offset 32768, size: 32768
[0.247s][debug][gc                   ] GC(0) ShenandoahScanRememberedTask::do_work(6), processing slice of region 1479 at offset 0, size: 32768
[0.247s][debug][gc                   ] GC(0) ShenandoahScanRememberedTask::do_work(6), processing slice of region 1486 at offset 32768, size: 32768
[0.247s][debug][gc                   ] GC(0) ShenandoahScanRememberedTask::do_work(6), processing slice of region 1487 at offset 0, size: 32768
[0.247s][debug][gc                   ] GC(0) ShenandoahScanRememberedTask::do_work(6), processing slice of region 1487 at offset 32768, size: 32768
[0.247s][debug][gc                   ] GC(0) ShenandoahScanRememberedTask::do_work(5), processing slice of region 1448 at offset 32768, size: 32768
[0.247s][debug][gc                   ] GC(0) ShenandoahScanRememberedTask::do_work(0), processing slice of region 1485 at offset 0, size: 32768
[0.247s][debug][gc                   ] GC(0) ShenandoahScanRememberedTask::do_work(0), processing slice of region 1489 at offset 0, size: 32768
[0.247s][debug][gc                   ] GC(0) ShenandoahScanRememberedTask::do_work(0), processing slice of region 1489 at offset 32768, size: 32768
[0.247s][debug][gc                   ] GC(0) ShenandoahScanRememberedTask::do_work(0), processing slice of region 1490 at offset 0, size: 32768
[0.247s][debug][gc                   ] GC(0) ShenandoahScanRememberedTask::do_work(0), processing slice of region 1490 at offset 32768, size: 32768
[0.247s][debug][gc                   ] GC(0) ShenandoahScanRememberedTask::do_work(0), processing slice of region 1491 at offset 0, size: 32768
[0.247s][debug][gc                   ] GC(0) ShenandoahScanRememberedTask::do_work(0), processing slice of region 1491 at offset 32768, size: 32768
[0.247s][debug][gc                   ] GC(0) ShenandoahScanRememberedTask::do_work(0), processing slice of region 1492 at offset 0, size: 32768
[0.247s][debug][gc                   ] GC(0) ShenandoahScanRememberedTask::do_work(0), processing slice of region 1492 at offset 32768, size: 32768
[0.247s][debug][gc                   ] GC(0) ShenandoahScanRememberedTask::do_work(0), processing slice of region 1493 at offset 0, size: 32768
[0.247s][debug][gc                   ] GC(0) ShenandoahScanRememberedTask::do_work(0), processing slice of region 1493 at offset 32768, size: 32768
[0.247s][debug][gc                   ] GC(0) ShenandoahScanRememberedTask::do_work(0), processing slice of region 1494 at offset 0, size: 32768
[0.247s][debug][gc                   ] GC(0) ShenandoahScanRememberedTask::do_work(0), processing slice of region 1494 at offset 32768, size: 32768
[0.247s][debug][gc                   ] GC(0) ShenandoahScanRememberedTask::do_work(0), processing slice of region 1495 at offset 0, size: 32768
[0.247s][debug][gc                   ] GC(0) ShenandoahScanRememberedTask::do_work(0), processing slice of region 1495 at offset 32768, size: 32768
[0.247s][debug][gc                   ] GC(0) ShenandoahScanRememberedTask::do_work(0), processing slice of region 1496 at offset 0, size: 32768
[0.247s][debug][gc                   ] GC(0) ShenandoahScanRememberedTask::do_work(0), processing slice of region 1496 at offset 32768, size: 32768
[0.247s][debug][gc                   ] GC(0) ShenandoahScanRememberedTask::do_work(0), processing slice of region 1497 at offset 0, size: 32768
[0.247s][debug][gc                   ] GC(0) ShenandoahScanRememberedTask::do_work(0), processing slice of region 1497 at offset 32768, size: 32768
[0.247s][debug][gc                   ] GC(0) ShenandoahScanRememberedTask::do_work(0), processing slice of region 1498 at offset 0, size: 32768
[0.247s][debug][gc                   ] GC(0) ShenandoahScanRememberedTask::do_work(0), processing slice of region 1498 at offset 32768, size: 32768
[0.247s][debug][gc                   ] GC(0) ShenandoahScanRememberedTask::do_work(0), processing slice of region 1499 at offset 0, size: 32768
[0.247s][debug][gc                   ] GC(0) ShenandoahScanRememberedTask::do_work(0), processing slice of region 1499 at offset 32768, size: 32768
[0.247s][debug][gc                   ] GC(0) ShenandoahScanRememberedTask::do_work(0), processing slice of region 1500 at offset 0, size: 32768
[0.247s][debug][gc                   ] GC(0) ShenandoahScanRememberedTask::do_work(0), processing slice of region 1500 at offset 32768, size: 32768
[0.247s][debug][gc                   ] GC(0) ShenandoahScanRememberedTask::do_work(0), processing slice of region 1501 at offset 0, size: 32768
[0.247s][debug][gc                   ] GC(0) ShenandoahScanRememberedTask::do_work(0), processing slice of region 1501 at offset 32768, size: 32768
[0.247s][debug][gc                   ] GC(0) ShenandoahScanRememberedTask::do_work(0), processing slice of region 1502 at offset 0, size: 32768
[0.247s][debug][gc                   ] GC(0) ShenandoahScanRememberedTask::do_work(0), processing slice of region 1502 at offset 32768, size: 32768
[0.247s][debug][gc                   ] GC(0) ShenandoahScanRememberedTask::do_work(0), processing slice of region 1503 at offset 0, size: 32768
[0.247s][debug][gc                   ] GC(0) ShenandoahScanRememberedTask::do_work(0), processing slice of region 1503 at offset 32768, size: 32768
[0.247s][debug][gc                   ] GC(0) ShenandoahScanRememberedTask::do_work(0), processing slice of region 1504 at offset 0, size: 32768
[0.247s][debug][gc                   ] GC(0) ShenandoahScanRememberedTask::do_work(0), processing slice of region 1504 at offset 32768, size: 32768
[0.247s][debug][gc                   ] GC(0) ShenandoahScanRememberedTask::do_work(0), processing slice of region 1505 at offset 0, size: 32768
[0.247s][debug][gc                   ] GC(0) ShenandoahScanRememberedTask::do_work(0), processing slice of region 1505 at offset 32768, size: 32768
[0.247s][debug][gc                   ] GC(0) ShenandoahScanRememberedTask::do_work(0), processing slice of region 1506 at offset 0, size: 32768
[0.247s][debug][gc                   ] GC(0) ShenandoahScanRememberedTask::do_work(0), processing slice of region 1506 at offset 32768, size: 32768
[0.247s][debug][gc                   ] GC(0) ShenandoahScanRememberedTask::do_work(0), processing slice of region 1507 at offset 0, size: 32768
[0.247s][debug][gc                   ] GC(0) ShenandoahScanRememberedTask::do_work(0), processing slice of region 1507 at offset 32768, size: 32768
[0.247s][debug][gc                   ] GC(0) ShenandoahScanRememberedTask::do_work(0), processing slice of region 1508 at offset 0, size: 32768
[0.247s][debug][gc                   ] GC(0) ShenandoahScanRememberedTask::do_work(0), processing slice of region 1508 at offset 32768, size: 32768
[0.247s][debug][gc                   ] GC(0) ShenandoahScanRememberedTask::do_work(0), processing slice of region 1509 at offset 0, size: 32768
[0.247s][debug][gc                   ] GC(0) ShenandoahScanRememberedTask::do_work(0), processing slice of region 1509 at offset 32768, size: 32768
[0.247s][debug][gc                   ] GC(0) ShenandoahScanRememberedTask::do_work(7), processing slice of region 1483 at offset 32768, size: 32768
[0.247s][debug][gc                   ] GC(0) ShenandoahScanRememberedTask::do_work(0), processing slice of region 1510 at offset 0, size: 32768
[0.247s][debug][gc                   ] GC(0) ShenandoahScanRememberedTask::do_work(0), processing slice of region 1510 at offset 32768, size: 32768
[0.247s][debug][gc                   ] GC(0) ShenandoahScanRememberedTask::do_work(0), processing slice of region 1511 at offset 32768, size: 32768
[0.247s][debug][gc                   ] GC(0) ShenandoahScanRememberedTask::do_work(4), processing slice of region 1478 at offset 32768, size: 32768
[0.247s][debug][gc                   ] GC(0) ShenandoahScanRememberedTask::do_work(2), processing slice of region 1482 at offset 0, size: 32768
[0.247s][debug][gc                   ] GC(0) ShenandoahScanRememberedTask::do_work(4), processing slice of region 1512 at offset 32768, size: 32768
[0.247s][debug][gc                   ] GC(0) ShenandoahScanRememberedTask::do_work(2), processing slice of region 1513 at offset 0, size: 32768
[0.247s][debug][gc                   ] GC(0) ShenandoahScanRememberedTask::do_work(2), processing slice of region 1514 at offset 0, size: 32768
[0.247s][debug][gc                   ] GC(0) ShenandoahScanRememberedTask::do_work(2), processing slice of region 1514 at offset 32768, size: 32768
[0.247s][debug][gc                   ] GC(0) ShenandoahScanRememberedTask::do_work(7), processing slice of region 1511 at offset 0, size: 32768
[0.247s][debug][gc                   ] GC(0) ShenandoahScanRememberedTask::do_work(7), processing slice of region 1515 at offset 32768, size: 32768
[0.247s][debug][gc                   ] GC(0) ShenandoahScanRememberedTask::do_work(7), processing slice of region 1516 at offset 0, size: 32768
[0.247s][debug][gc                   ] GC(0) ShenandoahScanRememberedTask::do_work(7), processing slice of region 1516 at offset 32768, size: 32768
[0.247s][debug][gc                   ] GC(0) ShenandoahScanRememberedTask::do_work(7), processing slice of region 1517 at offset 0, size: 32768
[0.247s][debug][gc                   ] GC(0) ShenandoahScanRememberedTask::do_work(7), processing slice of region 1517 at offset 32768, size: 32768
[0.247s][debug][gc                   ] GC(0) ShenandoahScanRememberedTask::do_work(7), processing slice of region 1518 at offset 0, size: 32768
[0.247s][debug][gc                   ] GC(0) ShenandoahScanRememberedTask::do_work(7), processing slice of region 1518 at offset 32768, size: 32768
[0.247s][debug][gc                   ] GC(0) ShenandoahScanRememberedTask::do_work(7), processing slice of region 1519 at offset 0, size: 32768
[0.247s][debug][gc                   ] GC(0) ShenandoahScanRememberedTask::do_work(7), processing slice of region 1519 at offset 32768, size: 32768
[0.247s][debug][gc                   ] GC(0) ShenandoahScanRememberedTask::do_work(7), processing slice of region 1520 at offset 0, size: 32768
[0.247s][debug][gc                   ] GC(0) ShenandoahScanRememberedTask::do_work(7), processing slice of region 1520 at offset 32768, size: 32768
[0.247s][debug][gc                   ] GC(0) ShenandoahScanRememberedTask::do_work(7), processing slice of region 1521 at offset 0, size: 32768
[0.247s][debug][gc                   ] GC(0) ShenandoahScanRememberedTask::do_work(7), processing slice of region 1521 at offset 32768, size: 32768
[0.247s][debug][gc                   ] GC(0) ShenandoahScanRememberedTask::do_work(7), processing slice of region 1522 at offset 0, size: 32768
[0.247s][debug][gc                   ] GC(0) ShenandoahScanRememberedTask::do_work(7), processing slice of region 1522 at offset 32768, size: 32768
[0.247s][debug][gc                   ] GC(0) ShenandoahScanRememberedTask::do_work(7), processing slice of region 1523 at offset 0, size: 32768
[0.247s][debug][gc                   ] GC(0) ShenandoahScanRememberedTask::do_work(7), processing slice of region 1523 at offset 32768, size: 32768
[0.247s][debug][gc                   ] GC(0) ShenandoahScanRememberedTask::do_work(7), processing slice of region 1524 at offset 0, size: 32768
[0.247s][debug][gc                   ] GC(0) ShenandoahScanRememberedTask::do_work(7), processing slice of region 1524 at offset 32768, size: 32768
[0.247s][debug][gc                   ] GC(0) ShenandoahScanRememberedTask::do_work(7), processing slice of region 1525 at offset 0, size: 32768
[0.247s][debug][gc                   ] GC(0) ShenandoahScanRememberedTask::do_work(7), processing slice of region 1525 at offset 32768, size: 32768
[0.247s][debug][gc                   ] GC(0) ShenandoahScanRememberedTask::do_work(7), processing slice of region 1526 at offset 0, size: 32768
[0.247s][debug][gc                   ] GC(0) ShenandoahScanRememberedTask::do_work(7), processing slice of region 1526 at offset 32768, size: 32768
[0.247s][debug][gc                   ] GC(0) ShenandoahScanRememberedTask::do_work(7), processing slice of region 1527 at offset 0, size: 32768
[0.247s][debug][gc                   ] GC(0) ShenandoahScanRememberedTask::do_work(7), processing slice of region 1527 at offset 32768, size: 32768
[0.247s][debug][gc                   ] GC(0) ShenandoahScanRememberedTask::do_work(7), processing slice of region 1528 at offset 0, size: 32768
[0.247s][debug][gc                   ] GC(0) ShenandoahScanRememberedTask::do_work(7), processing slice of region 1528 at offset 32768, size: 32768
[0.247s][debug][gc                   ] GC(0) ShenandoahScanRememberedTask::do_work(7), processing slice of region 1529 at offset 0, size: 32768
[0.247s][debug][gc                   ] GC(0) ShenandoahScanRememberedTask::do_work(7), processing slice of region 1529 at offset 32768, size: 32768
[0.247s][debug][gc                   ] GC(0) ShenandoahScanRememberedTask::do_work(7), processing slice of region 1530 at offset 0, size: 32768
[0.247s][debug][gc                   ] GC(0) ShenandoahScanRememberedTask::do_work(7), processing slice of region 1530 at offset 32768, size: 32768
[0.247s][debug][gc                   ] GC(0) ShenandoahScanRememberedTask::do_work(7), processing slice of region 1531 at offset 0, size: 32768
[0.247s][debug][gc                   ] GC(0) ShenandoahScanRememberedTask::do_work(7), processing slice of region 1531 at offset 32768, size: 32768
[0.247s][debug][gc                   ] GC(0) ShenandoahScanRememberedTask::do_work(7), processing slice of region 1532 at offset 0, size: 32768
[0.247s][debug][gc                   ] GC(0) ShenandoahScanRememberedTask::do_work(7), processing slice of region 1532 at offset 32768, size: 32768
[0.247s][debug][gc                   ] GC(0) ShenandoahScanRememberedTask::do_work(7), processing slice of region 1533 at offset 0, size: 32768
[0.247s][debug][gc                   ] GC(0) ShenandoahScanRememberedTask::do_work(7), processing slice of region 1533 at offset 32768, size: 32768
[0.247s][debug][gc                   ] GC(0) ShenandoahScanRememberedTask::do_work(7), processing slice of region 1534 at offset 0, size: 32768
[0.247s][debug][gc                   ] GC(0) ShenandoahScanRememberedTask::do_work(7), processing slice of region 1534 at offset 32768, size: 32768
[0.247s][debug][gc                   ] GC(0) ShenandoahScanRememberedTask::do_work(7), processing slice of region 1535 at offset 0, size: 32768
[0.247s][debug][gc                   ] GC(0) ShenandoahScanRememberedTask::do_work(7), processing slice of region 1535 at offset 32768, size: 32768
[0.247s][debug][gc                   ] GC(0) ShenandoahScanRememberedTask::do_work(7), processing slice of region 1536 at offset 0, size: 16384
[0.247s][debug][gc                   ] GC(0) ShenandoahScanRememberedTask::do_work(7), processing slice of region 1536 at offset 16384, size: 16384
[0.247s][debug][gc                   ] GC(0) ShenandoahScanRememberedTask::do_work(7), processing slice of region 1536 at offset 32768, size: 16384
[0.247s][debug][gc                   ] GC(0) ShenandoahScanRememberedTask::do_work(7), processing slice of region 1536 at offset 49152, size: 16384
[0.247s][debug][gc                   ] GC(0) ShenandoahScanRememberedTask::do_work(7), processing slice of region 1537 at offset 0, size: 16384
[0.247s][debug][gc                   ] GC(0) ShenandoahScanRememberedTask::do_work(4), processing slice of region 1513 at offset 32768, size: 32768
[0.247s][debug][gc                   ] GC(0) ShenandoahScanRememberedTask::do_work(7), processing slice of region 1537 at offset 16384, size: 16384
[0.247s][debug][gc                   ] GC(0) ShenandoahScanRememberedTask::do_work(7), processing slice of region 1537 at offset 32768, size: 16384
[0.247s][debug][gc                   ] GC(0) ShenandoahScanRememberedTask::do_work(4), processing slice of region 1537 at offset 49152, size: 16384
[0.247s][debug][gc                   ] GC(0) ShenandoahScanRememberedTask::do_work(4), processing slice of region 1538 at offset 16384, size: 16384
[0.247s][debug][gc                   ] GC(0) ShenandoahScanRememberedTask::do_work(4), processing slice of region 1538 at offset 32768, size: 16384
[0.247s][debug][gc                   ] GC(0) ShenandoahScanRememberedTask::do_work(6), processing slice of region 1488 at offset 0, size: 32768
[0.247s][debug][gc                   ] GC(0) ShenandoahScanRememberedTask::do_work(6), processing slice of region 1539 at offset 0, size: 16384
[0.247s][debug][gc                   ] GC(0) ShenandoahScanRememberedTask::do_work(5), processing slice of region 1488 at offset 32768, size: 32768
[0.247s][debug][gc                   ] Setting affiliation of Region 521 from FREE to YOUNG, top: 0x00000000d0480000, TAMS: 0x00000000d0480000, watermark: 0x00000000d0480000, top_bitmap: 0x00000000d0480000
[0.247s][debug][gc                   ] Setting affiliation of Region 522 from FREE to YOUNG, top: 0x00000000d0500000, TAMS: 0x00000000d0500000, watermark: 0x00000000d0500000, top_bitmap: 0x00000000d0500000
[0.247s][debug][gc                   ] GC(0) ShenandoahScanRememberedTask::do_work(3), processing slice of region 1485 at offset 32768, size: 32768
[0.247s][debug][gc                   ] GC(0) ShenandoahScanRememberedTask::do_work(3), processing slice of region 1539 at offset 49152, size: 16384
[0.247s][debug][gc                   ] GC(0) ShenandoahScanRememberedTask::do_work(1), processing slice of region 1486 at offset 0, size: 32768
[0.247s][debug][gc                   ] GC(0) ShenandoahScanRememberedTask::do_work(2), processing slice of region 1515 at offset 0, size: 32768
[0.247s][debug][gc                   ] GC(0) ShenandoahScanRememberedTask::do_work(1), processing slice of region 1540 at offset 16384, size: 16384
[0.247s][debug][gc                   ] GC(0) ShenandoahScanRememberedTask::do_work(6), processing slice of region 1539 at offset 16384, size: 16384
[0.247s][debug][gc                   ] GC(0) ShenandoahScanRememberedTask::do_work(0), processing slice of region 1512 at offset 0, size: 32768
[0.247s][debug][gc                   ] GC(0) ShenandoahScanRememberedTask::do_work(0), processing slice of region 1541 at offset 16384, size: 16384
[0.247s][debug][gc                   ] GC(0) ShenandoahScanRememberedTask::do_work(0), processing slice of region 1541 at offset 32768, size: 16384
[0.247s][debug][gc                   ] GC(0) ShenandoahScanRememberedTask::do_work(7), processing slice of region 1538 at offset 0, size: 16384
[0.247s][debug][gc                   ] Setting affiliation of Region 523 from FREE to YOUNG, top: 0x00000000d0580000, TAMS: 0x00000000d0580000, watermark: 0x00000000d0580000, top_bitmap: 0x00000000d0580000
[0.247s][debug][gc                   ] GC(0) ShenandoahScanRememberedTask::do_work(7), processing slice of region 1542 at offset 0, size: 16384
[0.247s][debug][gc                   ] GC(0) ShenandoahScanRememberedTask::do_work(7), processing slice of region 1542 at offset 16384, size: 16384
[0.247s][debug][gc                   ] GC(0) ShenandoahScanRememberedTask::do_work(7), processing slice of region 1542 at offset 32768, size: 16384
[0.247s][debug][gc                   ] GC(0) ShenandoahScanRememberedTask::do_work(7), processing slice of region 1542 at offset 49152, size: 16384
[0.247s][debug][gc                   ] GC(0) ShenandoahScanRememberedTask::do_work(6), processing slice of region 1541 at offset 0, size: 16384
[0.247s][debug][gc                   ] GC(0) ShenandoahScanRememberedTask::do_work(6), processing slice of region 1543 at offset 16384, size: 16384
[0.247s][debug][gc                   ] GC(0) ShenandoahScanRememberedTask::do_work(6), processing slice of region 1543 at offset 32768, size: 16384
[0.247s][debug][gc                   ] GC(0) ShenandoahScanRememberedTask::do_work(0), processing slice of region 1541 at offset 49152, size: 16384
[0.247s][debug][gc                   ] GC(0) ShenandoahScanRememberedTask::do_work(0), processing slice of region 1544 at offset 0, size: 16384
[0.247s][debug][gc                   ] GC(0) ShenandoahScanRememberedTask::do_work(0), processing slice of region 1544 at offset 16384, size: 16384
[0.247s][debug][gc                   ] GC(0) ShenandoahScanRememberedTask::do_work(0), processing slice of region 1544 at offset 32768, size: 16384
[0.247s][debug][gc                   ] GC(0) ShenandoahScanRememberedTask::do_work(0), processing slice of region 1544 at offset 49152, size: 16384
[0.247s][debug][gc                   ] GC(0) ShenandoahScanRememberedTask::do_work(0), processing slice of region 1545 at offset 0, size: 16384
[0.247s][debug][gc                   ] GC(0) ShenandoahScanRememberedTask::do_work(0), processing slice of region 1545 at offset 16384, size: 16384
[0.247s][debug][gc                   ] GC(0) ShenandoahScanRememberedTask::do_work(2), processing slice of region 1540 at offset 32768, size: 16384
[0.247s][debug][gc                   ] GC(0) ShenandoahScanRememberedTask::do_work(2), processing slice of region 1545 at offset 49152, size: 16384
[0.247s][debug][gc                   ] GC(0) ShenandoahScanRememberedTask::do_work(2), processing slice of region 1546 at offset 0, size: 16384
[0.247s][debug][gc                   ] GC(0) ShenandoahScanRememberedTask::do_work(2), processing slice of region 1546 at offset 16384, size: 16384
[0.247s][debug][gc                   ] GC(0) ShenandoahScanRememberedTask::do_work(2), processing slice of region 1546 at offset 32768, size: 16384
[0.247s][debug][gc                   ] GC(0) ShenandoahScanRememberedTask::do_work(1), processing slice of region 1540 at offset 49152, size: 16384
[0.247s][debug][gc                   ] GC(0) ShenandoahScanRememberedTask::do_work(1), processing slice of region 1547 at offset 0, size: 16384
[0.247s][debug][gc                   ] GC(0) ShenandoahScanRememberedTask::do_work(1), processing slice of region 1547 at offset 16384, size: 16384
[0.247s][debug][gc                   ] GC(0) ShenandoahScanRememberedTask::do_work(1), processing slice of region 1547 at offset 32768, size: 16384
[0.247s][debug][gc                   ] GC(0) ShenandoahScanRememberedTask::do_work(1), processing slice of region 1547 at offset 49152, size: 16384
[0.247s][debug][gc                   ] GC(0) ShenandoahScanRememberedTask::do_work(1), processing slice of region 1548 at offset 0, size: 16384
[0.247s][debug][gc                   ] GC(0) ShenandoahScanRememberedTask::do_work(1), processing slice of region 1548 at offset 16384, size: 16384
[0.247s][debug][gc                   ] GC(0) ShenandoahScanRememberedTask::do_work(1), processing slice of region 1548 at offset 32768, size: 16384
[0.247s][debug][gc                   ] GC(0) ShenandoahScanRememberedTask::do_work(1), processing slice of region 1548 at offset 49152, size: 16384
[0.247s][debug][gc                   ] GC(0) ShenandoahScanRememberedTask::do_work(1), processing slice of region 1549 at offset 0, size: 16384
[0.247s][debug][gc                   ] GC(0) ShenandoahScanRememberedTask::do_work(1), processing slice of region 1549 at offset 16384, size: 16384
[0.247s][debug][gc                   ] GC(0) ShenandoahScanRememberedTask::do_work(1), processing slice of region 1549 at offset 32768, size: 16384
[0.247s][debug][gc                   ] GC(0) ShenandoahScanRememberedTask::do_work(1), processing slice of region 1549 at offset 49152, size: 16384
[0.247s][debug][gc                   ] GC(0) ShenandoahScanRememberedTask::do_work(1), processing slice of region 1550 at offset 0, size: 16384
[0.247s][debug][gc                   ] GC(0) ShenandoahScanRememberedTask::do_work(1), processing slice of region 1550 at offset 16384, size: 16384
[0.247s][debug][gc                   ] GC(0) ShenandoahScanRememberedTask::do_work(1), processing slice of region 1550 at offset 32768, size: 16384
[0.247s][debug][gc                   ] GC(0) ShenandoahScanRememberedTask::do_work(6), processing slice of region 1543 at offset 49152, size: 16384
[0.247s][debug][gc                   ] GC(0) ShenandoahScanRememberedTask::do_work(6), processing slice of region 1551 at offset 0, size: 16384
[0.247s][debug][gc                   ] GC(0) ShenandoahScanRememberedTask::do_work(6), processing slice of region 1551 at offset 16384, size: 16384
[0.247s][debug][gc                   ] GC(0) ShenandoahScanRememberedTask::do_work(6), processing slice of region 1551 at offset 32768, size: 16384
[0.247s][debug][gc                   ] GC(0) ShenandoahScanRememberedTask::do_work(6), processing slice of region 1551 at offset 49152, size: 16384
[0.247s][debug][gc                   ] GC(0) ShenandoahScanRememberedTask::do_work(6), processing slice of region 1552 at offset 0, size: 16384
[0.247s][debug][gc                   ] GC(0) ShenandoahScanRememberedTask::do_work(6), processing slice of region 1552 at offset 16384, size: 16384
[0.247s][debug][gc                   ] GC(0) ShenandoahScanRememberedTask::do_work(6), processing slice of region 1552 at offset 32768, size: 16384
[0.247s][debug][gc                   ] GC(0) ShenandoahScanRememberedTask::do_work(6), processing slice of region 1552 at offset 49152, size: 16384
[0.247s][debug][gc                   ] GC(0) ShenandoahScanRememberedTask::do_work(6), processing slice of region 1553 at offset 0, size: 16384
[0.247s][debug][gc                   ] GC(0) ShenandoahScanRememberedTask::do_work(6), processing slice of region 1553 at offset 16384, size: 16384
[0.247s][debug][gc                   ] GC(0) ShenandoahScanRememberedTask::do_work(6), processing slice of region 1553 at offset 32768, size: 16384
[0.247s][debug][gc                   ] GC(0) ShenandoahScanRememberedTask::do_work(6), processing slice of region 1553 at offset 49152, size: 16384
[0.247s][debug][gc                   ] GC(0) ShenandoahScanRememberedTask::do_work(6), processing slice of region 1554 at offset 0, size: 16384
[0.247s][debug][gc                   ] GC(0) ShenandoahScanRememberedTask::do_work(6), processing slice of region 1554 at offset 16384, size: 16384
[0.247s][debug][gc                   ] GC(0) ShenandoahScanRememberedTask::do_work(6), processing slice of region 1554 at offset 32768, size: 16384
[0.247s][debug][gc                   ] GC(0) ShenandoahScanRememberedTask::do_work(6), processing slice of region 1554 at offset 49152, size: 16384
[0.247s][debug][gc                   ] GC(0) ShenandoahScanRememberedTask::do_work(6), processing slice of region 1555 at offset 0, size: 16384
[0.247s][debug][gc                   ] GC(0) ShenandoahScanRememberedTask::do_work(6), processing slice of region 1555 at offset 16384, size: 16384
[0.247s][debug][gc                   ] GC(0) ShenandoahScanRememberedTask::do_work(6), processing slice of region 1555 at offset 32768, size: 16384
[0.247s][debug][gc                   ] GC(0) ShenandoahScanRememberedTask::do_work(6), processing slice of region 1555 at offset 49152, size: 16384
[0.247s][debug][gc                   ] GC(0) ShenandoahScanRememberedTask::do_work(6), processing slice of region 1556 at offset 0, size: 16384
[0.247s][debug][gc                   ] GC(0) ShenandoahScanRememberedTask::do_work(6), processing slice of region 1556 at offset 16384, size: 16384
[0.247s][debug][gc                   ] GC(0) ShenandoahScanRememberedTask::do_work(6), processing slice of region 1556 at offset 32768, size: 16384
[0.247s][debug][gc                   ] GC(0) ShenandoahScanRememberedTask::do_work(6), processing slice of region 1556 at offset 49152, size: 16384
[0.247s][debug][gc                   ] GC(0) ShenandoahScanRememberedTask::do_work(6), processing slice of region 1557 at offset 0, size: 16384
[0.247s][debug][gc                   ] GC(0) ShenandoahScanRememberedTask::do_work(6), processing slice of region 1557 at offset 16384, size: 16384
[0.247s][debug][gc                   ] GC(0) ShenandoahScanRememberedTask::do_work(6), processing slice of region 1557 at offset 32768, size: 16384
[0.247s][debug][gc                   ] GC(0) ShenandoahScanRememberedTask::do_work(6), processing slice of region 1557 at offset 49152, size: 16384
[0.247s][debug][gc                   ] GC(0) ShenandoahScanRememberedTask::do_work(6), processing slice of region 1558 at offset 0, size: 16384
[0.272s][debug][gc                   ] GC(0) ShenandoahScanRememberedTask::do_work(6), processing slice of region 1558 at offset 16384, size: 16384
[0.272s][debug][gc                   ] GC(0) ShenandoahScanRememberedTask::do_work(6), processing slice of region 1558 at offset 32768, size: 16384
[0.272s][debug][gc                   ] GC(0) ShenandoahScanRememberedTask::do_work(6), processing slice of region 1558 at offset 49152, size: 16384
[0.272s][debug][gc                   ] GC(0) ShenandoahScanRememberedTask::do_work(6), processing slice of region 1559 at offset 0, size: 16384
[0.272s][debug][gc                   ] GC(0) ShenandoahScanRememberedTask::do_work(6), processing slice of region 1559 at offset 16384, size: 16384
[0.272s][debug][gc                   ] GC(0) ShenandoahScanRememberedTask::do_work(6), processing slice of region 1559 at offset 32768, size: 16384
[0.272s][debug][gc                   ] GC(0) ShenandoahScanRememberedTask::do_work(6), processing slice of region 1559 at offset 49152, size: 16384
[0.272s][debug][gc                   ] GC(0) ShenandoahScanRememberedTask::do_work(6), processing slice of region 1560 at offset 0, size: 16384
[0.272s][debug][gc                   ] GC(0) ShenandoahScanRememberedTask::do_work(6), processing slice of region 1560 at offset 16384, size: 16384
[0.272s][debug][gc                   ] GC(0) ShenandoahScanRememberedTask::do_work(6), processing slice of region 1560 at offset 32768, size: 16384
[0.272s][debug][gc                   ] GC(0) ShenandoahScanRememberedTask::do_work(6), processing slice of region 1560 at offset 49152, size: 16384
[0.272s][debug][gc                   ] GC(0) ShenandoahScanRememberedTask::do_work(6), processing slice of region 1561 at offset 0, size: 16384
[0.272s][debug][gc                   ] GC(0) ShenandoahScanRememberedTask::do_work(6), processing slice of region 1561 at offset 16384, size: 16384
[0.272s][debug][gc                   ] GC(0) ShenandoahScanRememberedTask::do_work(6), processing slice of region 1561 at offset 32768, size: 16384
[0.272s][debug][gc                   ] GC(0) ShenandoahScanRememberedTask::do_work(6), processing slice of region 1561 at offset 49152, size: 16384
[0.272s][debug][gc                   ] GC(0) ShenandoahScanRememberedTask::do_work(6), processing slice of region 1562 at offset 0, size: 16384
[0.272s][debug][gc                   ] GC(0) ShenandoahScanRememberedTask::do_work(6), processing slice of region 1562 at offset 16384, size: 16384
[0.247s][debug][gc                   ] GC(0) ShenandoahScanRememberedTask::do_work(4), processing slice of region 1538 at offset 49152, size: 16384
[0.272s][debug][gc                   ] GC(0) ShenandoahScanRememberedTask::do_work(4), processing slice of region 1562 at offset 49152, size: 16384
[0.272s][debug][gc                   ] GC(0) ShenandoahScanRememberedTask::do_work(4), processing slice of region 1563 at offset 0, size: 16384
[0.272s][debug][gc                   ] GC(0) ShenandoahScanRememberedTask::do_work(4), processing slice of region 1563 at offset 16384, size: 16384
[0.272s][debug][gc                   ] GC(0) ShenandoahScanRememberedTask::do_work(4), processing slice of region 1563 at offset 32768, size: 16384
[0.272s][debug][gc                   ] GC(0) ShenandoahScanRememberedTask::do_work(4), processing slice of region 1563 at offset 49152, size: 16384
[0.272s][debug][gc                   ] GC(0) ShenandoahScanRememberedTask::do_work(4), processing slice of region 1564 at offset 0, size: 16384
[0.272s][debug][gc                   ] GC(0) ShenandoahScanRememberedTask::do_work(4), processing slice of region 1564 at offset 16384, size: 16384
[0.272s][debug][gc                   ] GC(0) ShenandoahScanRememberedTask::do_work(4), processing slice of region 1564 at offset 32768, size: 16384
[0.272s][debug][gc                   ] GC(0) ShenandoahScanRememberedTask::do_work(4), processing slice of region 1564 at offset 49152, size: 16384
[0.272s][debug][gc                   ] GC(0) ShenandoahScanRememberedTask::do_work(4), processing slice of region 1565 at offset 0, size: 16384
[0.272s][debug][gc                   ] GC(0) ShenandoahScanRememberedTask::do_work(4), processing slice of region 1565 at offset 16384, size: 16384
[0.247s][debug][gc                   ] GC(0) ShenandoahScanRememberedTask::do_work(1), processing slice of region 1550 at offset 49152, size: 16384
[0.272s][debug][gc                   ] GC(0) ShenandoahScanRememberedTask::do_work(1), processing slice of region 1565 at offset 49152, size: 16384
[0.272s][debug][gc                   ] GC(0) ShenandoahScanRememberedTask::do_work(1), processing slice of region 1566 at offset 0, size: 16384
[0.272s][debug][gc                   ] GC(0) ShenandoahScanRememberedTask::do_work(1), processing slice of region 1566 at offset 16384, size: 16384
[0.272s][debug][gc                   ] GC(0) ShenandoahScanRememberedTask::do_work(1), processing slice of region 1566 at offset 32768, size: 16384
[0.272s][debug][gc                   ] GC(0) ShenandoahScanRememberedTask::do_work(1), processing slice of region 1566 at offset 49152, size: 16384
[0.272s][debug][gc                   ] GC(0) ShenandoahScanRememberedTask::do_work(1), processing slice of region 1567 at offset 0, size: 16384
[0.272s][debug][gc                   ] GC(0) ShenandoahScanRememberedTask::do_work(1), processing slice of region 1567 at offset 16384, size: 16384
[0.272s][debug][gc                   ] GC(0) ShenandoahScanRememberedTask::do_work(1), processing slice of region 1567 at offset 32768, size: 16384
[0.272s][debug][gc                   ] GC(0) ShenandoahScanRememberedTask::do_work(1), processing slice of region 1567 at offset 49152, size: 16384
[0.272s][debug][gc                   ] GC(0) ShenandoahScanRememberedTask::do_work(1), processing slice of region 1568 at offset 0, size: 16384
[0.272s][debug][gc                   ] GC(0) ShenandoahScanRememberedTask::do_work(1), processing slice of region 1568 at offset 16384, size: 16384
[0.272s][debug][gc                   ] GC(0) ShenandoahScanRememberedTask::do_work(1), processing slice of region 1568 at offset 32768, size: 16384
[0.272s][debug][gc                   ] GC(0) ShenandoahScanRememberedTask::do_work(1), processing slice of region 1568 at offset 49152, size: 16384
[0.272s][debug][gc                   ] GC(0) ShenandoahScanRememberedTask::do_work(1), processing slice of region 1569 at offset 0, size: 16384
[0.247s][debug][gc                   ] GC(0) ShenandoahScanRememberedTask::do_work(3), processing slice of region 1540 at offset 0, size: 16384
[0.272s][debug][gc                   ] GC(0) ShenandoahScanRememberedTask::do_work(3), processing slice of region 1569 at offset 32768, size: 16384
[0.272s][debug][gc                   ] GC(0) ShenandoahScanRememberedTask::do_work(3), processing slice of region 1569 at offset 49152, size: 16384
[0.272s][debug][gc                   ] GC(0) ShenandoahScanRememberedTask::do_work(3), processing slice of region 1570 at offset 0, size: 16384
[0.272s][debug][gc                   ] GC(0) ShenandoahScanRememberedTask::do_work(3), processing slice of region 1570 at offset 16384, size: 16384
[0.272s][debug][gc                   ] GC(0) ShenandoahScanRememberedTask::do_work(3), processing slice of region 1570 at offset 32768, size: 16384
[0.272s][debug][gc                   ] GC(0) ShenandoahScanRememberedTask::do_work(3), processing slice of region 1570 at offset 49152, size: 16384
[0.272s][debug][gc                   ] GC(0) ShenandoahScanRememberedTask::do_work(3), processing slice of region 1571 at offset 0, size: 16384
[0.272s][debug][gc                   ] GC(0) ShenandoahScanRememberedTask::do_work(3), processing slice of region 1571 at offset 16384, size: 16384
[0.272s][debug][gc                   ] GC(0) ShenandoahScanRememberedTask::do_work(3), processing slice of region 1571 at offset 32768, size: 16384
[0.272s][debug][gc                   ] GC(0) ShenandoahScanRememberedTask::do_work(3), processing slice of region 1571 at offset 49152, size: 16384
[0.272s][debug][gc                   ] GC(0) ShenandoahScanRememberedTask::do_work(3), processing slice of region 1572 at offset 0, size: 16384
[0.272s][debug][gc                   ] GC(0) ShenandoahScanRememberedTask::do_work(3), processing slice of region 1572 at offset 16384, size: 16384
[0.272s][debug][gc                   ] GC(0) ShenandoahScanRememberedTask::do_work(3), processing slice of region 1572 at offset 32768, size: 16384
[0.272s][debug][gc                   ] GC(0) ShenandoahScanRememberedTask::do_work(3), processing slice of region 1572 at offset 49152, size: 16384
[0.272s][debug][gc                   ] GC(0) ShenandoahScanRememberedTask::do_work(3), processing slice of region 1573 at offset 0, size: 16384
[0.272s][debug][gc                   ] GC(0) ShenandoahScanRememberedTask::do_work(3), processing slice of region 1573 at offset 16384, size: 16384
[0.272s][debug][gc                   ] GC(0) ShenandoahScanRememberedTask::do_work(3), processing slice of region 1573 at offset 32768, size: 16384
[0.272s][debug][gc                   ] GC(0) ShenandoahScanRememberedTask::do_work(3), processing slice of region 1573 at offset 49152, size: 16384
[0.272s][debug][gc                   ] GC(0) ShenandoahScanRememberedTask::do_work(3), processing slice of region 1574 at offset 0, size: 16384
[0.272s][debug][gc                   ] GC(0) ShenandoahScanRememberedTask::do_work(3), processing slice of region 1574 at offset 16384, size: 16384
[0.272s][debug][gc                   ] GC(0) ShenandoahScanRememberedTask::do_work(3), processing slice of region 1574 at offset 32768, size: 16384
[0.272s][debug][gc                   ] GC(0) ShenandoahScanRememberedTask::do_work(3), processing slice of region 1574 at offset 49152, size: 16384
[0.272s][debug][gc                   ] GC(0) ShenandoahScanRememberedTask::do_work(3), processing slice of region 1575 at offset 0, size: 16384
[0.272s][debug][gc                   ] GC(0) ShenandoahScanRememberedTask::do_work(3), processing slice of region 1575 at offset 16384, size: 16384
[0.272s][debug][gc                   ] GC(0) ShenandoahScanRememberedTask::do_work(3), processing slice of region 1575 at offset 32768, size: 16384
[0.272s][debug][gc                   ] GC(0) ShenandoahScanRememberedTask::do_work(3), processing slice of region 1575 at offset 49152, size: 16384
[0.272s][debug][gc                   ] GC(0) ShenandoahScanRememberedTask::do_work(3), processing slice of region 1576 at offset 0, size: 16384
[0.248s][debug][gc                   ] Setting affiliation of Region 524 from FREE to YOUNG, top: 0x00000000d0600000, TAMS: 0x00000000d0600000, watermark: 0x00000000d0600000, top_bitmap: 0x00000000d0600000
[0.247s][debug][gc                   ] GC(0) ShenandoahScanRememberedTask::do_work(5), processing slice of region 1539 at offset 32768, size: 16384
[0.272s][debug][gc                   ] GC(0) ShenandoahScanRememberedTask::do_work(1), processing slice of region 1569 at offset 16384, size: 16384
[0.272s][debug][gc                   ] GC(0) ShenandoahScanRememberedTask::do_work(1), processing slice of region 1576 at offset 49152, size: 16384
[0.272s][debug][gc                   ] GC(0) ShenandoahScanRememberedTask::do_work(1), processing slice of region 1577 at offset 0, size: 16384
[0.272s][debug][gc                   ] GC(0) ShenandoahScanRememberedTask::do_work(1), processing slice of region 1577 at offset 16384, size: 16384
[0.247s][debug][gc                   ] GC(0) ShenandoahScanRememberedTask::do_work(2), processing slice of region 1546 at offset 49152, size: 16384
[0.272s][debug][gc                   ] GC(0) ShenandoahScanRememberedTask::do_work(2), processing slice of region 1577 at offset 49152, size: 16384
[0.247s][debug][gc                   ] GC(0) ShenandoahScanRememberedTask::do_work(7), processing slice of region 1543 at offset 0, size: 16384
[0.272s][debug][gc                   ] GC(0) ShenandoahScanRememberedTask::do_work(4), processing slice of region 1565 at offset 32768, size: 16384
[0.272s][debug][gc                   ] GC(0) ShenandoahScanRememberedTask::do_work(4), processing slice of region 1578 at offset 32768, size: 16384
[0.272s][debug][gc                   ] GC(0) ShenandoahScanRememberedTask::do_work(4), processing slice of region 1578 at offset 49152, size: 16384
[0.272s][debug][gc                   ] GC(0) ShenandoahScanRememberedTask::do_work(4), processing slice of region 1579 at offset 0, size: 16384
[0.272s][debug][gc                   ] GC(0) ShenandoahScanRememberedTask::do_work(4), processing slice of region 1579 at offset 16384, size: 16384
[0.272s][debug][gc                   ] GC(0) ShenandoahScanRememberedTask::do_work(4), processing slice of region 1579 at offset 32768, size: 16384
[0.272s][debug][gc                   ] GC(0) ShenandoahScanRememberedTask::do_work(4), processing slice of region 1579 at offset 49152, size: 16384
[0.272s][debug][gc                   ] GC(0) ShenandoahScanRememberedTask::do_work(4), processing slice of region 1580 at offset 0, size: 16384
[0.272s][debug][gc                   ] GC(0) ShenandoahScanRememberedTask::do_work(4), processing slice of region 1580 at offset 16384, size: 16384
[0.272s][debug][gc                   ] GC(0) ShenandoahScanRememberedTask::do_work(4), processing slice of region 1580 at offset 32768, size: 16384
[0.272s][debug][gc                   ] Setting affiliation of Region 525 from FREE to YOUNG, top: 0x00000000d0680000, TAMS: 0x00000000d0680000, watermark: 0x00000000d0680000, top_bitmap: 0x00000000d0680000
[0.247s][debug][gc                   ] GC(0) ShenandoahScanRememberedTask::do_work(0), processing slice of region 1545 at offset 32768, size: 16384
[0.272s][debug][gc                   ] GC(0) ShenandoahScanRememberedTask::do_work(0), processing slice of region 1581 at offset 0, size: 16384
[0.272s][debug][gc                   ] GC(0) ShenandoahScanRememberedTask::do_work(0), processing slice of region 1581 at offset 16384, size: 16384
[0.272s][debug][gc                   ] GC(0) ShenandoahScanRememberedTask::do_work(0), processing slice of region 1581 at offset 32768, size: 16384
[0.272s][debug][gc                   ] GC(0) ShenandoahScanRememberedTask::do_work(2), processing slice of region 1578 at offset 0, size: 16384
[0.272s][debug][gc                   ] GC(0) ShenandoahScanRememberedTask::do_work(0), processing slice of region 1581 at offset 49152, size: 16384
[0.272s][debug][gc                   ] GC(0) ShenandoahScanRememberedTask::do_work(0), processing slice of region 1582 at offset 0, size: 16384
[0.272s][debug][gc                   ] GC(0) ShenandoahScanRememberedTask::do_work(2), processing slice of region 1582 at offset 16384, size: 16384
[0.272s][debug][gc                   ] GC(0) ShenandoahScanRememberedTask::do_work(7), processing slice of region 1578 at offset 16384, size: 16384
[0.272s][debug][gc                   ] GC(0) ShenandoahScanRememberedTask::do_work(3), processing slice of region 1576 at offset 16384, size: 16384
[0.272s][debug][gc                   ] GC(0) ShenandoahScanRememberedTask::do_work(3), processing slice of region 1583 at offset 16384, size: 16384
[0.272s][debug][gc                   ] GC(0) ShenandoahScanRememberedTask::do_work(6), processing slice of region 1562 at offset 32768, size: 16384
[0.272s][debug][gc                   ] GC(0) ShenandoahScanRememberedTask::do_work(4), processing slice of region 1580 at offset 49152, size: 16384
[0.272s][debug][gc                   ] GC(0) ShenandoahScanRememberedTask::do_work(1), processing slice of region 1577 at offset 32768, size: 16384
[0.272s][debug][gc                   ] GC(0) ShenandoahScanRememberedTask::do_work(2), processing slice of region 1582 at offset 49152, size: 16384
[0.272s][debug][gc                   ] GC(0) ShenandoahScanRememberedTask::do_work(2), processing slice of region 1584 at offset 32768, size: 16384
[0.272s][debug][gc                   ] GC(0) ShenandoahScanRememberedTask::do_work(2), processing slice of region 1584 at offset 49152, size: 16384
[0.272s][debug][gc                   ] GC(0) ShenandoahScanRememberedTask::do_work(5), processing slice of region 1576 at offset 32768, size: 16384
[0.272s][debug][gc                   ] GC(0) ShenandoahScanRememberedTask::do_work(5), processing slice of region 1585 at offset 16384, size: 16384
[0.272s][debug][gc                   ] GC(0) ShenandoahScanRememberedTask::do_work(5), processing slice of region 1585 at offset 32768, size: 16384
[0.272s][debug][gc                   ] GC(0) ShenandoahScanRememberedTask::do_work(6), processing slice of region 1583 at offset 49152, size: 16384
[0.272s][debug][gc                   ] GC(0) ShenandoahScanRememberedTask::do_work(6), processing slice of region 1586 at offset 0, size: 16384
[0.272s][debug][gc                   ] GC(0) ShenandoahScanRememberedTask::do_work(6), processing slice of region 1586 at offset 16384, size: 16384
[0.272s][debug][gc                   ] GC(0) ShenandoahScanRememberedTask::do_work(4), processing slice of region 1584 at offset 0, size: 16384
[0.272s][debug][gc                   ] GC(0) ShenandoahScanRememberedTask::do_work(4), processing slice of region 1586 at offset 49152, size: 16384
[0.272s][debug][gc                   ] GC(0) ShenandoahScanRememberedTask::do_work(1), processing slice of region 1584 at offset 16384, size: 16384
[0.272s][debug][gc                   ] GC(0) ShenandoahScanRememberedTask::do_work(7), processing slice of region 1583 at offset 0, size: 16384
[0.272s][debug][gc                   ] GC(0) ShenandoahScanRememberedTask::do_work(7), processing slice of region 1587 at offset 32768, size: 16384
[0.272s][debug][gc                   ] GC(0) ShenandoahScanRememberedTask::do_work(7), processing slice of region 1587 at offset 49152, size: 16384
[0.272s][debug][gc                   ] GC(0) ShenandoahScanRememberedTask::do_work(7), processing slice of region 1588 at offset 0, size: 16384
[0.272s][debug][gc                   ] GC(0) ShenandoahScanRememberedTask::do_work(7), processing slice of region 1588 at offset 16384, size: 16384
[0.272s][debug][gc                   ] GC(0) ShenandoahScanRememberedTask::do_work(7), processing slice of region 1588 at offset 32768, size: 16384
[0.272s][debug][gc                   ] GC(0) ShenandoahScanRememberedTask::do_work(5), processing slice of region 1585 at offset 49152, size: 16384
[0.272s][debug][gc                   ] GC(0) ShenandoahScanRememberedTask::do_work(7), processing slice of region 1588 at offset 49152, size: 16384
[0.272s][debug][gc                   ] GC(0) ShenandoahScanRememberedTask::do_work(5), processing slice of region 1589 at offset 0, size: 16384
[0.272s][debug][gc                   ] GC(0) ShenandoahScanRememberedTask::do_work(7), processing slice of region 1589 at offset 16384, size: 16384
[0.272s][debug][gc                   ] GC(0) ShenandoahScanRememberedTask::do_work(2), processing slice of region 1585 at offset 0, size: 16384
[0.272s][debug][gc                   ] GC(0) ShenandoahScanRememberedTask::do_work(2), processing slice of region 1590 at offset 0, size: 16384
[0.272s][debug][gc                   ] GC(0) ShenandoahScanRememberedTask::do_work(2), processing slice of region 1590 at offset 16384, size: 16384
[0.272s][debug][gc                   ] GC(0) ShenandoahScanRememberedTask::do_work(2), processing slice of region 1590 at offset 32768, size: 16384
[0.272s][debug][gc                   ] GC(0) ShenandoahScanRememberedTask::do_work(4), processing slice of region 1587 at offset 0, size: 16384
[0.272s][debug][gc                   ] GC(0) ShenandoahScanRememberedTask::do_work(4), processing slice of region 1591 at offset 0, size: 16384
[0.272s][debug][gc                   ] GC(0) ShenandoahScanRememberedTask::do_work(4), processing slice of region 1591 at offset 16384, size: 16384
[0.272s][debug][gc                   ] GC(0) ShenandoahScanRememberedTask::do_work(6), processing slice of region 1586 at offset 32768, size: 16384
[0.272s][debug][gc                   ] GC(0) ShenandoahScanRememberedTask::do_work(4), processing slice of region 1591 at offset 32768, size: 16384
[0.272s][debug][gc                   ] GC(0) ShenandoahScanRememberedTask::do_work(4), processing slice of region 1591 at offset 49152, size: 16384
[0.272s][debug][gc                   ] GC(0) ShenandoahScanRememberedTask::do_work(6), processing slice of region 1592 at offset 0, size: 16384
[0.272s][debug][gc                   ] GC(0) ShenandoahScanRememberedTask::do_work(7), processing slice of region 1589 at offset 49152, size: 16384
[0.272s][debug][gc                   ] GC(0) ShenandoahScanRememberedTask::do_work(1), processing slice of region 1587 at offset 16384, size: 16384
[0.272s][debug][gc                   ] GC(0) ShenandoahScanRememberedTask::do_work(1), processing slice of region 1593 at offset 0, size: 16384
[0.272s][debug][gc                   ] GC(0) ShenandoahScanRememberedTask::do_work(0), processing slice of region 1582 at offset 32768, size: 16384
[0.272s][debug][gc                   ] GC(0) ShenandoahScanRememberedTask::do_work(0), processing slice of region 1593 at offset 32768, size: 16384
[0.272s][debug][gc                   ] GC(0) ShenandoahScanRememberedTask::do_work(0), processing slice of region 1593 at offset 49152, size: 16384
[0.272s][debug][gc                   ] GC(0) ShenandoahScanRememberedTask::do_work(0), processing slice of region 1594 at offset 0, size: 16384
[0.272s][debug][gc                   ] GC(0) ShenandoahScanRememberedTask::do_work(0), processing slice of region 1594 at offset 16384, size: 16384
[0.272s][debug][gc                   ] GC(0) ShenandoahScanRememberedTask::do_work(0), processing slice of region 1594 at offset 32768, size: 16384
[0.272s][debug][gc                   ] GC(0) ShenandoahScanRememberedTask::do_work(0), processing slice of region 1594 at offset 49152, size: 16384
[0.272s][debug][gc                   ] GC(0) ShenandoahScanRememberedTask::do_work(6), processing slice of region 1592 at offset 32768, size: 16384
[0.272s][debug][gc                   ] GC(0) ShenandoahScanRememberedTask::do_work(6), processing slice of region 1595 at offset 16384, size: 16384
[0.272s][debug][gc                   ] GC(0) ShenandoahScanRememberedTask::do_work(6), processing slice of region 1595 at offset 32768, size: 16384
[0.272s][debug][gc                   ] GC(0) ShenandoahScanRememberedTask::do_work(6), processing slice of region 1595 at offset 49152, size: 16384
[0.272s][debug][gc                   ] GC(0) ShenandoahScanRememberedTask::do_work(6), processing slice of region 1596 at offset 0, size: 16384
[0.272s][debug][gc                   ] GC(0) ShenandoahScanRememberedTask::do_work(6), processing slice of region 1596 at offset 16384, size: 16384
[0.272s][debug][gc                   ] GC(0) ShenandoahScanRememberedTask::do_work(6), processing slice of region 1596 at offset 32768, size: 16384
[0.272s][debug][gc                   ] GC(0) ShenandoahScanRememberedTask::do_work(6), processing slice of region 1596 at offset 49152, size: 16384
[0.272s][debug][gc                   ] GC(0) ShenandoahScanRememberedTask::do_work(6), processing slice of region 1597 at offset 0, size: 16384
[0.272s][debug][gc                   ] GC(0) ShenandoahScanRememberedTask::do_work(6), processing slice of region 1597 at offset 16384, size: 16384
[0.272s][debug][gc                   ] GC(0) ShenandoahScanRememberedTask::do_work(6), processing slice of region 1597 at offset 32768, size: 16384
[0.272s][debug][gc                   ] GC(0) ShenandoahScanRememberedTask::do_work(6), processing slice of region 1597 at offset 49152, size: 16384
[0.272s][debug][gc                   ] GC(0) ShenandoahScanRememberedTask::do_work(6), processing slice of region 1598 at offset 0, size: 16384
[0.272s][debug][gc                   ] GC(0) ShenandoahScanRememberedTask::do_work(6), processing slice of region 1598 at offset 16384, size: 16384
[0.272s][debug][gc                   ] GC(0) ShenandoahScanRememberedTask::do_work(6), processing slice of region 1598 at offset 32768, size: 16384
[0.272s][debug][gc                   ] GC(0) ShenandoahScanRememberedTask::do_work(6), processing slice of region 1598 at offset 49152, size: 16384
[0.272s][debug][gc                   ] GC(0) ShenandoahScanRememberedTask::do_work(6), processing slice of region 1599 at offset 0, size: 16384
[0.272s][debug][gc                   ] GC(0) ShenandoahScanRememberedTask::do_work(6), processing slice of region 1599 at offset 16384, size: 16384
[0.272s][debug][gc                   ] GC(0) ShenandoahScanRememberedTask::do_work(6), processing slice of region 1599 at offset 32768, size: 16384
[0.272s][debug][gc                   ] GC(0) ShenandoahScanRememberedTask::do_work(6), processing slice of region 1599 at offset 49152, size: 16384
[0.272s][debug][gc                   ] GC(0) ShenandoahScanRememberedTask::do_work(6), processing slice of region 1600 at offset 0, size: 16384
[0.272s][debug][gc                   ] GC(0) ShenandoahScanRememberedTask::do_work(6), processing slice of region 1600 at offset 16384, size: 16384
[0.272s][debug][gc                   ] GC(0) ShenandoahScanRememberedTask::do_work(6), processing slice of region 1600 at offset 32768, size: 16384
[0.272s][debug][gc                   ] GC(0) ShenandoahScanRememberedTask::do_work(6), processing slice of region 1600 at offset 49152, size: 16384
[0.272s][debug][gc                   ] GC(0) ShenandoahScanRememberedTask::do_work(6), processing slice of region 1601 at offset 0, size: 16384
[0.272s][debug][gc                   ] GC(0) ShenandoahScanRememberedTask::do_work(6), processing slice of region 1601 at offset 16384, size: 16384
[0.272s][debug][gc                   ] GC(0) ShenandoahScanRememberedTask::do_work(6), processing slice of region 1601 at offset 32768, size: 16384
[0.272s][debug][gc                   ] GC(0) ShenandoahScanRememberedTask::do_work(6), processing slice of region 1601 at offset 49152, size: 16384
[0.272s][debug][gc                   ] GC(0) ShenandoahScanRememberedTask::do_work(6), processing slice of region 1602 at offset 0, size: 16384
[0.272s][debug][gc                   ] GC(0) ShenandoahScanRememberedTask::do_work(6), processing slice of region 1602 at offset 16384, size: 16384
[0.272s][debug][gc                   ] GC(0) ShenandoahScanRememberedTask::do_work(6), processing slice of region 1602 at offset 32768, size: 16384
[0.272s][debug][gc                   ] GC(0) ShenandoahScanRememberedTask::do_work(6), processing slice of region 1602 at offset 49152, size: 16384
[0.272s][debug][gc                   ] GC(0) ShenandoahScanRememberedTask::do_work(6), processing slice of region 1603 at offset 0, size: 16384
[0.272s][debug][gc                   ] GC(0) ShenandoahScanRememberedTask::do_work(6), processing slice of region 1603 at offset 16384, size: 16384
[0.272s][debug][gc                   ] GC(0) ShenandoahScanRememberedTask::do_work(6), processing slice of region 1603 at offset 32768, size: 16384
[0.272s][debug][gc                   ] GC(0) ShenandoahScanRememberedTask::do_work(6), processing slice of region 1603 at offset 49152, size: 16384
[0.272s][debug][gc                   ] GC(0) ShenandoahScanRememberedTask::do_work(6), processing slice of region 1604 at offset 0, size: 16384
[0.272s][debug][gc                   ] GC(0) ShenandoahScanRememberedTask::do_work(6), processing slice of region 1604 at offset 16384, size: 16384
[0.272s][debug][gc                   ] GC(0) ShenandoahScanRememberedTask::do_work(6), processing slice of region 1604 at offset 32768, size: 16384
[0.272s][debug][gc                   ] GC(0) ShenandoahScanRememberedTask::do_work(6), processing slice of region 1604 at offset 49152, size: 16384
[0.272s][debug][gc                   ] GC(0) ShenandoahScanRememberedTask::do_work(6), processing slice of region 1605 at offset 0, size: 16384
[0.272s][debug][gc                   ] GC(0) ShenandoahScanRememberedTask::do_work(6), processing slice of region 1605 at offset 16384, size: 16384
[0.272s][debug][gc                   ] GC(0) ShenandoahScanRememberedTask::do_work(6), processing slice of region 1605 at offset 32768, size: 16384
[0.272s][debug][gc                   ] GC(0) ShenandoahScanRememberedTask::do_work(6), processing slice of region 1605 at offset 49152, size: 16384
[0.272s][debug][gc                   ] GC(0) ShenandoahScanRememberedTask::do_work(6), processing slice of region 1606 at offset 0, size: 16384
[0.272s][debug][gc                   ] GC(0) ShenandoahScanRememberedTask::do_work(6), processing slice of region 1606 at offset 16384, size: 16384
[0.272s][debug][gc                   ] GC(0) ShenandoahScanRememberedTask::do_work(6), processing slice of region 1606 at offset 32768, size: 16384
[0.272s][debug][gc                   ] GC(0) ShenandoahScanRememberedTask::do_work(6), processing slice of region 1606 at offset 49152, size: 16384
[0.272s][debug][gc                   ] GC(0) ShenandoahScanRememberedTask::do_work(6), processing slice of region 1607 at offset 0, size: 16384
[0.272s][debug][gc                   ] GC(0) ShenandoahScanRememberedTask::do_work(6), processing slice of region 1607 at offset 16384, size: 16384
[0.272s][debug][gc                   ] GC(0) ShenandoahScanRememberedTask::do_work(6), processing slice of region 1607 at offset 32768, size: 16384
[0.272s][debug][gc                   ] GC(0) ShenandoahScanRememberedTask::do_work(6), processing slice of region 1607 at offset 49152, size: 16384
[0.272s][debug][gc                   ] GC(0) ShenandoahScanRememberedTask::do_work(6), processing slice of region 1608 at offset 0, size: 16384
[0.272s][debug][gc                   ] GC(0) ShenandoahScanRememberedTask::do_work(6), processing slice of region 1608 at offset 16384, size: 16384
[0.272s][debug][gc                   ] GC(0) ShenandoahScanRememberedTask::do_work(6), processing slice of region 1608 at offset 32768, size: 16384
[0.272s][debug][gc                   ] GC(0) ShenandoahScanRememberedTask::do_work(6), processing slice of region 1608 at offset 49152, size: 16384
[0.272s][debug][gc                   ] GC(0) ShenandoahScanRememberedTask::do_work(6), processing slice of region 1609 at offset 0, size: 16384
[0.272s][debug][gc                   ] GC(0) ShenandoahScanRememberedTask::do_work(6), processing slice of region 1609 at offset 16384, size: 16384
[0.272s][debug][gc                   ] GC(0) ShenandoahScanRememberedTask::do_work(6), processing slice of region 1609 at offset 32768, size: 16384
[0.272s][debug][gc                   ] GC(0) ShenandoahScanRememberedTask::do_work(6), processing slice of region 1609 at offset 49152, size: 16384
[0.272s][debug][gc                   ] GC(0) ShenandoahScanRememberedTask::do_work(6), processing slice of region 1610 at offset 0, size: 16384
[0.272s][debug][gc                   ] GC(0) ShenandoahScanRememberedTask::do_work(6), processing slice of region 1610 at offset 16384, size: 16384
[0.272s][debug][gc                   ] GC(0) ShenandoahScanRememberedTask::do_work(6), processing slice of region 1610 at offset 32768, size: 16384
[0.272s][debug][gc                   ] GC(0) ShenandoahScanRememberedTask::do_work(6), processing slice of region 1610 at offset 49152, size: 16384
[0.272s][debug][gc                   ] GC(0) ShenandoahScanRememberedTask::do_work(6), processing slice of region 1611 at offset 0, size: 16384
[0.272s][debug][gc                   ] GC(0) ShenandoahScanRememberedTask::do_work(6), processing slice of region 1611 at offset 16384, size: 16384
[0.272s][debug][gc                   ] GC(0) ShenandoahScanRememberedTask::do_work(6), processing slice of region 1611 at offset 32768, size: 16384
[0.272s][debug][gc                   ] GC(0) ShenandoahScanRememberedTask::do_work(6), processing slice of region 1611 at offset 49152, size: 16384
[0.272s][debug][gc                   ] GC(0) ShenandoahScanRememberedTask::do_work(6), processing slice of region 1612 at offset 0, size: 16384
[0.272s][debug][gc                   ] GC(0) ShenandoahScanRememberedTask::do_work(6), processing slice of region 1612 at offset 16384, size: 16384
[0.272s][debug][gc                   ] GC(0) ShenandoahScanRememberedTask::do_work(6), processing slice of region 1612 at offset 32768, size: 16384
[0.272s][debug][gc                   ] GC(0) ShenandoahScanRememberedTask::do_work(7), processing slice of region 1592 at offset 49152, size: 16384
[0.272s][debug][gc                   ] GC(0) ShenandoahScanRememberedTask::do_work(7), processing slice of region 1613 at offset 0, size: 16384
[0.272s][debug][gc                   ] GC(0) ShenandoahScanRememberedTask::do_work(7), processing slice of region 1613 at offset 16384, size: 16384
[0.273s][debug][gc                   ] GC(0) ShenandoahScanRememberedTask::do_work(7), processing slice of region 1613 at offset 32768, size: 16384
[0.273s][debug][gc                   ] GC(0) ShenandoahScanRememberedTask::do_work(7), processing slice of region 1613 at offset 49152, size: 16384
[0.273s][debug][gc                   ] GC(0) ShenandoahScanRememberedTask::do_work(7), processing slice of region 1614 at offset 0, size: 16384
[0.273s][debug][gc                   ] GC(0) ShenandoahScanRememberedTask::do_work(7), processing slice of region 1614 at offset 16384, size: 16384
[0.273s][debug][gc                   ] GC(0) ShenandoahScanRememberedTask::do_work(7), processing slice of region 1614 at offset 32768, size: 16384
[0.273s][debug][gc                   ] GC(0) ShenandoahScanRememberedTask::do_work(7), processing slice of region 1614 at offset 49152, size: 16384
[0.273s][debug][gc                   ] GC(0) ShenandoahScanRememberedTask::do_work(7), processing slice of region 1615 at offset 0, size: 16384
[0.273s][debug][gc                   ] GC(0) ShenandoahScanRememberedTask::do_work(7), processing slice of region 1615 at offset 16384, size: 16384
[0.273s][debug][gc                   ] GC(0) ShenandoahScanRememberedTask::do_work(7), processing slice of region 1615 at offset 32768, size: 16384
[0.273s][debug][gc                   ] GC(0) ShenandoahScanRememberedTask::do_work(7), processing slice of region 1615 at offset 49152, size: 16384
[0.273s][debug][gc                   ] GC(0) ShenandoahScanRememberedTask::do_work(7), processing slice of region 1616 at offset 0, size: 16384
[0.273s][debug][gc                   ] GC(0) ShenandoahScanRememberedTask::do_work(7), processing slice of region 1616 at offset 16384, size: 16384
[0.273s][debug][gc                   ] GC(0) ShenandoahScanRememberedTask::do_work(7), processing slice of region 1616 at offset 32768, size: 16384
[0.273s][debug][gc                   ] GC(0) ShenandoahScanRememberedTask::do_work(7), processing slice of region 1616 at offset 49152, size: 16384
[0.273s][debug][gc                   ] GC(0) ShenandoahScanRememberedTask::do_work(7), processing slice of region 1617 at offset 0, size: 16384
[0.273s][debug][gc                   ] GC(0) ShenandoahScanRememberedTask::do_work(7), processing slice of region 1617 at offset 16384, size: 16384
[0.273s][debug][gc                   ] GC(0) ShenandoahScanRememberedTask::do_work(7), processing slice of region 1617 at offset 32768, size: 16384
[0.273s][debug][gc                   ] GC(0) ShenandoahScanRememberedTask::do_work(7), processing slice of region 1617 at offset 49152, size: 16384
[0.273s][debug][gc                   ] GC(0) ShenandoahScanRememberedTask::do_work(7), processing slice of region 1618 at offset 0, size: 16384
[0.273s][debug][gc                   ] GC(0) ShenandoahScanRememberedTask::do_work(7), processing slice of region 1618 at offset 16384, size: 16384
[0.273s][debug][gc                   ] GC(0) ShenandoahScanRememberedTask::do_work(7), processing slice of region 1618 at offset 32768, size: 16384
[0.273s][debug][gc                   ] GC(0) ShenandoahScanRememberedTask::do_work(7), processing slice of region 1618 at offset 49152, size: 16384
[0.273s][debug][gc                   ] GC(0) ShenandoahScanRememberedTask::do_work(7), processing slice of region 1619 at offset 0, size: 16384
[0.273s][debug][gc                   ] GC(0) ShenandoahScanRememberedTask::do_work(7), processing slice of region 1619 at offset 16384, size: 16384
[0.273s][debug][gc                   ] GC(0) ShenandoahScanRememberedTask::do_work(7), processing slice of region 1619 at offset 32768, size: 16384
[0.273s][debug][gc                   ] GC(0) ShenandoahScanRememberedTask::do_work(7), processing slice of region 1619 at offset 49152, size: 16384
[0.273s][debug][gc                   ] GC(0) ShenandoahScanRememberedTask::do_work(7), processing slice of region 1620 at offset 0, size: 16384
[0.273s][debug][gc                   ] GC(0) ShenandoahScanRememberedTask::do_work(7), processing slice of region 1620 at offset 16384, size: 16384
[0.273s][debug][gc                   ] GC(0) ShenandoahScanRememberedTask::do_work(7), processing slice of region 1620 at offset 32768, size: 16384
[0.273s][debug][gc                   ] GC(0) ShenandoahScanRememberedTask::do_work(7), processing slice of region 1620 at offset 49152, size: 16384
[0.273s][debug][gc                   ] GC(0) ShenandoahScanRememberedTask::do_work(7), processing slice of region 1621 at offset 0, size: 16384
[0.273s][debug][gc                   ] GC(0) ShenandoahScanRememberedTask::do_work(7), processing slice of region 1621 at offset 16384, size: 16384
[0.273s][debug][gc                   ] GC(0) ShenandoahScanRememberedTask::do_work(7), processing slice of region 1621 at offset 32768, size: 16384
[0.273s][debug][gc                   ] GC(0) ShenandoahScanRememberedTask::do_work(7), processing slice of region 1621 at offset 49152, size: 16384
[0.273s][debug][gc                   ] GC(0) ShenandoahScanRememberedTask::do_work(7), processing slice of region 1622 at offset 0, size: 16384
[0.273s][debug][gc                   ] GC(0) ShenandoahScanRememberedTask::do_work(7), processing slice of region 1622 at offset 16384, size: 16384
[0.273s][debug][gc                   ] GC(0) ShenandoahScanRememberedTask::do_work(7), processing slice of region 1622 at offset 32768, size: 16384
[0.273s][debug][gc                   ] GC(0) ShenandoahScanRememberedTask::do_work(7), processing slice of region 1622 at offset 49152, size: 16384
[0.273s][debug][gc                   ] GC(0) ShenandoahScanRememberedTask::do_work(7), processing slice of region 1623 at offset 0, size: 16384
[0.273s][debug][gc                   ] GC(0) ShenandoahScanRememberedTask::do_work(7), processing slice of region 1623 at offset 16384, size: 16384
[0.273s][debug][gc                   ] GC(0) ShenandoahScanRememberedTask::do_work(7), processing slice of region 1623 at offset 32768, size: 16384
[0.273s][debug][gc                   ] GC(0) ShenandoahScanRememberedTask::do_work(7), processing slice of region 1623 at offset 49152, size: 16384
[0.273s][debug][gc                   ] GC(0) ShenandoahScanRememberedTask::do_work(7), processing slice of region 1624 at offset 0, size: 16384
[0.273s][debug][gc                   ] GC(0) ShenandoahScanRememberedTask::do_work(7), processing slice of region 1624 at offset 16384, size: 16384
[0.273s][debug][gc                   ] GC(0) ShenandoahScanRememberedTask::do_work(7), processing slice of region 1624 at offset 32768, size: 16384
[0.273s][debug][gc                   ] GC(0) ShenandoahScanRememberedTask::do_work(7), processing slice of region 1624 at offset 49152, size: 16384
[0.273s][debug][gc                   ] GC(0) ShenandoahScanRememberedTask::do_work(7), processing slice of region 1625 at offset 0, size: 16384
[0.273s][debug][gc                   ] GC(0) ShenandoahScanRememberedTask::do_work(7), processing slice of region 1625 at offset 16384, size: 16384
[0.273s][debug][gc                   ] GC(0) ShenandoahScanRememberedTask::do_work(7), processing slice of region 1625 at offset 32768, size: 16384
[0.273s][debug][gc                   ] GC(0) ShenandoahScanRememberedTask::do_work(7), processing slice of region 1625 at offset 49152, size: 16384
[0.273s][debug][gc                   ] GC(0) ShenandoahScanRememberedTask::do_work(7), processing slice of region 1626 at offset 0, size: 16384
[0.273s][debug][gc                   ] GC(0) ShenandoahScanRememberedTask::do_work(7), processing slice of region 1626 at offset 16384, size: 16384
[0.273s][debug][gc                   ] GC(0) ShenandoahScanRememberedTask::do_work(7), processing slice of region 1626 at offset 32768, size: 16384
[0.273s][debug][gc                   ] GC(0) ShenandoahScanRememberedTask::do_work(7), processing slice of region 1626 at offset 49152, size: 16384
[0.273s][debug][gc                   ] GC(0) ShenandoahScanRememberedTask::do_work(7), processing slice of region 1627 at offset 0, size: 16384
[0.273s][debug][gc                   ] GC(0) ShenandoahScanRememberedTask::do_work(7), processing slice of region 1627 at offset 16384, size: 16384
[0.273s][debug][gc                   ] GC(0) ShenandoahScanRememberedTask::do_work(7), processing slice of region 1627 at offset 32768, size: 16384
[0.273s][debug][gc                   ] GC(0) ShenandoahScanRememberedTask::do_work(7), processing slice of region 1627 at offset 49152, size: 16384
[0.273s][debug][gc                   ] GC(0) ShenandoahScanRememberedTask::do_work(7), processing slice of region 1628 at offset 0, size: 16384
[0.273s][debug][gc                   ] GC(0) ShenandoahScanRememberedTask::do_work(7), processing slice of region 1628 at offset 16384, size: 16384
[0.273s][debug][gc                   ] GC(0) ShenandoahScanRememberedTask::do_work(7), processing slice of region 1628 at offset 32768, size: 16384
[0.273s][debug][gc                   ] GC(0) ShenandoahScanRememberedTask::do_work(7), processing slice of region 1628 at offset 49152, size: 16384
[0.273s][debug][gc                   ] GC(0) ShenandoahScanRememberedTask::do_work(7), processing slice of region 1629 at offset 0, size: 16384
[0.273s][debug][gc                   ] GC(0) ShenandoahScanRememberedTask::do_work(7), processing slice of region 1629 at offset 16384, size: 16384
[0.273s][debug][gc                   ] GC(0) ShenandoahScanRememberedTask::do_work(7), processing slice of region 1629 at offset 32768, size: 16384
[0.273s][debug][gc                   ] GC(0) ShenandoahScanRememberedTask::do_work(7), processing slice of region 1629 at offset 49152, size: 16384
[0.273s][debug][gc                   ] GC(0) ShenandoahScanRememberedTask::do_work(7), processing slice of region 1630 at offset 0, size: 16384
[0.273s][debug][gc                   ] GC(0) ShenandoahScanRememberedTask::do_work(7), processing slice of region 1630 at offset 16384, size: 16384
[0.273s][debug][gc                   ] GC(0) ShenandoahScanRememberedTask::do_work(7), processing slice of region 1630 at offset 32768, size: 16384
[0.273s][debug][gc                   ] GC(0) ShenandoahScanRememberedTask::do_work(7), processing slice of region 1630 at offset 49152, size: 16384
[0.273s][debug][gc                   ] GC(0) ShenandoahScanRememberedTask::do_work(7), processing slice of region 1631 at offset 0, size: 16384
[0.273s][debug][gc                   ] GC(0) ShenandoahScanRememberedTask::do_work(7), processing slice of region 1631 at offset 16384, size: 16384
[0.273s][debug][gc                   ] GC(0) ShenandoahScanRememberedTask::do_work(7), processing slice of region 1631 at offset 32768, size: 16384
[0.273s][debug][gc                   ] GC(0) ShenandoahScanRememberedTask::do_work(7), processing slice of region 1631 at offset 49152, size: 16384
[0.273s][debug][gc                   ] GC(0) ShenandoahScanRememberedTask::do_work(7), processing slice of region 1632 at offset 0, size: 16384
[0.273s][debug][gc                   ] GC(0) ShenandoahScanRememberedTask::do_work(7), processing slice of region 1632 at offset 16384, size: 16384
[0.273s][debug][gc                   ] GC(0) ShenandoahScanRememberedTask::do_work(7), processing slice of region 1632 at offset 32768, size: 16384
[0.273s][debug][gc                   ] GC(0) ShenandoahScanRememberedTask::do_work(7), processing slice of region 1632 at offset 49152, size: 16384
[0.273s][debug][gc                   ] GC(0) ShenandoahScanRememberedTask::do_work(7), processing slice of region 1633 at offset 0, size: 16384
[0.273s][debug][gc                   ] GC(0) ShenandoahScanRememberedTask::do_work(7), processing slice of region 1633 at offset 16384, size: 16384
[0.273s][debug][gc                   ] GC(0) ShenandoahScanRememberedTask::do_work(7), processing slice of region 1633 at offset 32768, size: 16384
[0.273s][debug][gc                   ] GC(0) ShenandoahScanRememberedTask::do_work(7), processing slice of region 1633 at offset 49152, size: 16384
[0.273s][debug][gc                   ] GC(0) ShenandoahScanRememberedTask::do_work(7), processing slice of region 1634 at offset 0, size: 16384
[0.273s][debug][gc                   ] GC(0) ShenandoahScanRememberedTask::do_work(7), processing slice of region 1634 at offset 16384, size: 16384
[0.273s][debug][gc                   ] GC(0) ShenandoahScanRememberedTask::do_work(7), processing slice of region 1634 at offset 32768, size: 16384
[0.273s][debug][gc                   ] GC(0) ShenandoahScanRememberedTask::do_work(7), processing slice of region 1634 at offset 49152, size: 16384
[0.273s][debug][gc                   ] GC(0) ShenandoahScanRememberedTask::do_work(7), processing slice of region 1635 at offset 0, size: 16384
[0.273s][debug][gc                   ] GC(0) ShenandoahScanRememberedTask::do_work(7), processing slice of region 1635 at offset 16384, size: 16384
[0.273s][debug][gc                   ] GC(0) ShenandoahScanRememberedTask::do_work(7), processing slice of region 1635 at offset 32768, size: 16384
[0.273s][debug][gc                   ] GC(0) ShenandoahScanRememberedTask::do_work(7), processing slice of region 1635 at offset 49152, size: 16384
[0.273s][debug][gc                   ] GC(0) ShenandoahScanRememberedTask::do_work(7), processing slice of region 1636 at offset 0, size: 16384
[0.273s][debug][gc                   ] GC(0) ShenandoahScanRememberedTask::do_work(7), processing slice of region 1636 at offset 16384, size: 16384
[0.273s][debug][gc                   ] GC(0) ShenandoahScanRememberedTask::do_work(7), processing slice of region 1636 at offset 32768, size: 16384
[0.273s][debug][gc                   ] GC(0) ShenandoahScanRememberedTask::do_work(7), processing slice of region 1636 at offset 49152, size: 16384
[0.273s][debug][gc                   ] GC(0) ShenandoahScanRememberedTask::do_work(7), processing slice of region 1637 at offset 0, size: 16384
[0.273s][debug][gc                   ] GC(0) ShenandoahScanRememberedTask::do_work(7), processing slice of region 1637 at offset 16384, size: 16384
[0.273s][debug][gc                   ] GC(0) ShenandoahScanRememberedTask::do_work(7), processing slice of region 1637 at offset 32768, size: 16384
[0.273s][debug][gc                   ] GC(0) ShenandoahScanRememberedTask::do_work(7), processing slice of region 1637 at offset 49152, size: 16384
[0.273s][debug][gc                   ] GC(0) ShenandoahScanRememberedTask::do_work(7), processing slice of region 1638 at offset 0, size: 16384
[0.273s][debug][gc                   ] GC(0) ShenandoahScanRememberedTask::do_work(7), processing slice of region 1638 at offset 16384, size: 16384
[0.273s][debug][gc                   ] GC(0) ShenandoahScanRememberedTask::do_work(7), processing slice of region 1638 at offset 32768, size: 16384
[0.273s][debug][gc                   ] GC(0) ShenandoahScanRememberedTask::do_work(7), processing slice of region 1638 at offset 49152, size: 16384
[0.273s][debug][gc                   ] GC(0) ShenandoahScanRememberedTask::do_work(7), processing slice of region 1639 at offset 0, size: 16384
[0.273s][debug][gc                   ] GC(0) ShenandoahScanRememberedTask::do_work(7), processing slice of region 1639 at offset 16384, size: 16384
[0.273s][debug][gc                   ] GC(0) ShenandoahScanRememberedTask::do_work(7), processing slice of region 1639 at offset 32768, size: 16384
[0.273s][debug][gc                   ] GC(0) ShenandoahScanRememberedTask::do_work(7), processing slice of region 1639 at offset 49152, size: 16384
[0.273s][debug][gc                   ] GC(0) ShenandoahScanRememberedTask::do_work(7), processing slice of region 1640 at offset 0, size: 16384
[0.273s][debug][gc                   ] GC(0) ShenandoahScanRememberedTask::do_work(7), processing slice of region 1640 at offset 16384, size: 16384
[0.273s][debug][gc                   ] GC(0) ShenandoahScanRememberedTask::do_work(7), processing slice of region 1640 at offset 32768, size: 16384
[0.273s][debug][gc                   ] GC(0) ShenandoahScanRememberedTask::do_work(7), processing slice of region 1640 at offset 49152, size: 16384
[0.273s][debug][gc                   ] GC(0) ShenandoahScanRememberedTask::do_work(7), processing slice of region 1641 at offset 0, size: 16384
[0.273s][debug][gc                   ] GC(0) ShenandoahScanRememberedTask::do_work(7), processing slice of region 1641 at offset 16384, size: 16384
[0.273s][debug][gc                   ] GC(0) ShenandoahScanRememberedTask::do_work(7), processing slice of region 1641 at offset 32768, size: 16384
[0.273s][debug][gc                   ] GC(0) ShenandoahScanRememberedTask::do_work(7), processing slice of region 1641 at offset 49152, size: 16384
[0.273s][debug][gc                   ] GC(0) ShenandoahScanRememberedTask::do_work(7), processing slice of region 1642 at offset 0, size: 16384
[0.273s][debug][gc                   ] GC(0) ShenandoahScanRememberedTask::do_work(7), processing slice of region 1642 at offset 16384, size: 16384
[0.273s][debug][gc                   ] GC(0) ShenandoahScanRememberedTask::do_work(7), processing slice of region 1642 at offset 32768, size: 16384
[0.273s][debug][gc                   ] GC(0) ShenandoahScanRememberedTask::do_work(7), processing slice of region 1642 at offset 49152, size: 16384
[0.273s][debug][gc                   ] GC(0) ShenandoahScanRememberedTask::do_work(7), processing slice of region 1643 at offset 0, size: 16384
[0.273s][debug][gc                   ] GC(0) ShenandoahScanRememberedTask::do_work(7), processing slice of region 1643 at offset 16384, size: 16384
[0.273s][debug][gc                   ] GC(0) ShenandoahScanRememberedTask::do_work(7), processing slice of region 1643 at offset 32768, size: 16384
[0.273s][debug][gc                   ] GC(0) ShenandoahScanRememberedTask::do_work(7), processing slice of region 1643 at offset 49152, size: 16384
[0.273s][debug][gc                   ] GC(0) ShenandoahScanRememberedTask::do_work(7), processing slice of region 1644 at offset 0, size: 16384
[0.273s][debug][gc                   ] GC(0) ShenandoahScanRememberedTask::do_work(7), processing slice of region 1644 at offset 16384, size: 16384
[0.273s][debug][gc                   ] GC(0) ShenandoahScanRememberedTask::do_work(7), processing slice of region 1644 at offset 32768, size: 16384
[0.273s][debug][gc                   ] GC(0) ShenandoahScanRememberedTask::do_work(7), processing slice of region 1644 at offset 49152, size: 16384
[0.273s][debug][gc                   ] GC(0) ShenandoahScanRememberedTask::do_work(7), processing slice of region 1645 at offset 0, size: 16384
[0.273s][debug][gc                   ] GC(0) ShenandoahScanRememberedTask::do_work(7), processing slice of region 1645 at offset 16384, size: 16384
[0.273s][debug][gc                   ] GC(0) ShenandoahScanRememberedTask::do_work(7), processing slice of region 1645 at offset 32768, size: 16384
[0.273s][debug][gc                   ] GC(0) ShenandoahScanRememberedTask::do_work(7), processing slice of region 1645 at offset 49152, size: 16384
[0.273s][debug][gc                   ] GC(0) ShenandoahScanRememberedTask::do_work(7), processing slice of region 1646 at offset 0, size: 16384
[0.273s][debug][gc                   ] GC(0) ShenandoahScanRememberedTask::do_work(7), processing slice of region 1646 at offset 16384, size: 16384
[0.273s][debug][gc                   ] GC(0) ShenandoahScanRememberedTask::do_work(7), processing slice of region 1646 at offset 32768, size: 16384
[0.273s][debug][gc                   ] GC(0) ShenandoahScanRememberedTask::do_work(7), processing slice of region 1646 at offset 49152, size: 16384
[0.273s][debug][gc                   ] GC(0) ShenandoahScanRememberedTask::do_work(7), processing slice of region 1647 at offset 0, size: 16384
[0.273s][debug][gc                   ] GC(0) ShenandoahScanRememberedTask::do_work(7), processing slice of region 1647 at offset 16384, size: 16384
[0.273s][debug][gc                   ] GC(0) ShenandoahScanRememberedTask::do_work(7), processing slice of region 1647 at offset 32768, size: 16384
[0.273s][debug][gc                   ] GC(0) ShenandoahScanRememberedTask::do_work(7), processing slice of region 1647 at offset 49152, size: 16384
[0.273s][debug][gc                   ] GC(0) ShenandoahScanRememberedTask::do_work(7), processing slice of region 1648 at offset 0, size: 16384
[0.273s][debug][gc                   ] GC(0) ShenandoahScanRememberedTask::do_work(7), processing slice of region 1648 at offset 16384, size: 16384
[0.273s][debug][gc                   ] GC(0) ShenandoahScanRememberedTask::do_work(7), processing slice of region 1648 at offset 32768, size: 16384
[0.273s][debug][gc                   ] GC(0) ShenandoahScanRememberedTask::do_work(7), processing slice of region 1648 at offset 49152, size: 16384
[0.273s][debug][gc                   ] GC(0) ShenandoahScanRememberedTask::do_work(7), processing slice of region 1649 at offset 0, size: 16384
[0.273s][debug][gc                   ] GC(0) ShenandoahScanRememberedTask::do_work(7), processing slice of region 1649 at offset 16384, size: 16384
[0.273s][debug][gc                   ] GC(0) ShenandoahScanRememberedTask::do_work(7), processing slice of region 1649 at offset 32768, size: 16384
[0.273s][debug][gc                   ] GC(0) ShenandoahScanRememberedTask::do_work(7), processing slice of region 1649 at offset 49152, size: 16384
[0.273s][debug][gc                   ] GC(0) ShenandoahScanRememberedTask::do_work(7), processing slice of region 1650 at offset 0, size: 16384
[0.273s][debug][gc                   ] GC(0) ShenandoahScanRememberedTask::do_work(7), processing slice of region 1650 at offset 16384, size: 16384
[0.273s][debug][gc                   ] GC(0) ShenandoahScanRememberedTask::do_work(7), processing slice of region 1650 at offset 32768, size: 16384
[0.273s][debug][gc                   ] GC(0) ShenandoahScanRememberedTask::do_work(7), processing slice of region 1650 at offset 49152, size: 16384
[0.273s][debug][gc                   ] GC(0) ShenandoahScanRememberedTask::do_work(7), processing slice of region 1651 at offset 0, size: 16384
[0.273s][debug][gc                   ] GC(0) ShenandoahScanRememberedTask::do_work(7), processing slice of region 1651 at offset 16384, size: 16384
[0.273s][debug][gc                   ] GC(0) ShenandoahScanRememberedTask::do_work(7), processing slice of region 1651 at offset 32768, size: 16384
[0.273s][debug][gc                   ] GC(0) ShenandoahScanRememberedTask::do_work(7), processing slice of region 1651 at offset 49152, size: 16384
[0.273s][debug][gc                   ] GC(0) ShenandoahScanRememberedTask::do_work(7), processing slice of region 1652 at offset 0, size: 16384
[0.272s][debug][gc                   ] GC(0) ShenandoahScanRememberedTask::do_work(3), processing slice of region 1583 at offset 32768, size: 16384
[0.273s][debug][gc                   ] GC(0) ShenandoahScanRememberedTask::do_work(3), processing slice of region 1652 at offset 32768, size: 16384
[0.273s][debug][gc                   ] GC(0) ShenandoahScanRememberedTask::do_work(3), processing slice of region 1652 at offset 49152, size: 16384
[0.273s][debug][gc                   ] GC(0) ShenandoahScanRememberedTask::do_work(3), processing slice of region 1653 at offset 0, size: 16384
[0.273s][debug][gc                   ] GC(0) ShenandoahScanRememberedTask::do_work(3), processing slice of region 1653 at offset 16384, size: 16384
[0.273s][debug][gc                   ] GC(0) ShenandoahScanRememberedTask::do_work(3), processing slice of region 1653 at offset 32768, size: 16384
[0.273s][debug][gc                   ] GC(0) ShenandoahScanRememberedTask::do_work(3), processing slice of region 1653 at offset 49152, size: 16384
[0.273s][debug][gc                   ] GC(0) ShenandoahScanRememberedTask::do_work(3), processing slice of region 1654 at offset 0, size: 16384
[0.273s][debug][gc                   ] GC(0) ShenandoahScanRememberedTask::do_work(3), processing slice of region 1654 at offset 16384, size: 16384
[0.273s][debug][gc                   ] GC(0) ShenandoahScanRememberedTask::do_work(3), processing slice of region 1654 at offset 32768, size: 16384
[0.273s][debug][gc                   ] GC(0) ShenandoahScanRememberedTask::do_work(3), processing slice of region 1654 at offset 49152, size: 16384
[0.273s][debug][gc                   ] GC(0) ShenandoahScanRememberedTask::do_work(3), processing slice of region 1655 at offset 0, size: 16384
[0.273s][debug][gc                   ] GC(0) ShenandoahScanRememberedTask::do_work(3), processing slice of region 1655 at offset 16384, size: 16384
[0.273s][debug][gc                   ] GC(0) ShenandoahScanRememberedTask::do_work(3), processing slice of region 1655 at offset 32768, size: 16384
[0.273s][debug][gc                   ] GC(0) ShenandoahScanRememberedTask::do_work(3), processing slice of region 1655 at offset 49152, size: 16384
[0.273s][debug][gc                   ] GC(0) ShenandoahScanRememberedTask::do_work(3), processing slice of region 1656 at offset 0, size: 16384
[0.273s][debug][gc                   ] GC(0) ShenandoahScanRememberedTask::do_work(3), processing slice of region 1656 at offset 16384, size: 16384
[0.273s][debug][gc                   ] GC(0) ShenandoahScanRememberedTask::do_work(3), processing slice of region 1656 at offset 32768, size: 16384
[0.273s][debug][gc                   ] GC(0) ShenandoahScanRememberedTask::do_work(3), processing slice of region 1656 at offset 49152, size: 16384
[0.273s][debug][gc                   ] GC(0) ShenandoahScanRememberedTask::do_work(3), processing slice of region 1657 at offset 0, size: 16384
[0.273s][debug][gc                   ] GC(0) ShenandoahScanRememberedTask::do_work(3), processing slice of region 1657 at offset 16384, size: 16384
[0.273s][debug][gc                   ] GC(0) ShenandoahScanRememberedTask::do_work(3), processing slice of region 1657 at offset 32768, size: 16384
[0.273s][debug][gc                   ] GC(0) ShenandoahScanRememberedTask::do_work(3), processing slice of region 1657 at offset 49152, size: 16384
[0.273s][debug][gc                   ] GC(0) ShenandoahScanRememberedTask::do_work(3), processing slice of region 1658 at offset 0, size: 16384
[0.273s][debug][gc                   ] GC(0) ShenandoahScanRememberedTask::do_work(3), processing slice of region 1658 at offset 16384, size: 16384
[0.273s][debug][gc                   ] GC(0) ShenandoahScanRememberedTask::do_work(3), processing slice of region 1658 at offset 32768, size: 16384
[0.273s][debug][gc                   ] GC(0) ShenandoahScanRememberedTask::do_work(3), processing slice of region 1658 at offset 49152, size: 16384
[0.273s][debug][gc                   ] GC(0) ShenandoahScanRememberedTask::do_work(3), processing slice of region 1659 at offset 0, size: 16384
[0.273s][debug][gc                   ] GC(0) ShenandoahScanRememberedTask::do_work(3), processing slice of region 1659 at offset 16384, size: 16384
[0.273s][debug][gc                   ] GC(0) ShenandoahScanRememberedTask::do_work(3), processing slice of region 1659 at offset 32768, size: 16384
[0.273s][debug][gc                   ] GC(0) ShenandoahScanRememberedTask::do_work(3), processing slice of region 1659 at offset 49152, size: 16384
[0.273s][debug][gc                   ] GC(0) ShenandoahScanRememberedTask::do_work(3), processing slice of region 1660 at offset 0, size: 16384
[0.273s][debug][gc                   ] GC(0) ShenandoahScanRememberedTask::do_work(3), processing slice of region 1660 at offset 16384, size: 16384
[0.273s][debug][gc                   ] GC(0) ShenandoahScanRememberedTask::do_work(3), processing slice of region 1660 at offset 32768, size: 16384
[0.273s][debug][gc                   ] GC(0) ShenandoahScanRememberedTask::do_work(3), processing slice of region 1660 at offset 49152, size: 16384
[0.273s][debug][gc                   ] GC(0) ShenandoahScanRememberedTask::do_work(3), processing slice of region 1661 at offset 0, size: 16384
[0.273s][debug][gc                   ] GC(0) ShenandoahScanRememberedTask::do_work(3), processing slice of region 1661 at offset 16384, size: 16384
[0.273s][debug][gc                   ] GC(0) ShenandoahScanRememberedTask::do_work(3), processing slice of region 1661 at offset 32768, size: 16384
[0.273s][debug][gc                   ] GC(0) ShenandoahScanRememberedTask::do_work(3), processing slice of region 1661 at offset 49152, size: 16384
[0.273s][debug][gc                   ] GC(0) ShenandoahScanRememberedTask::do_work(3), processing slice of region 1662 at offset 0, size: 16384
[0.273s][debug][gc                   ] GC(0) ShenandoahScanRememberedTask::do_work(3), processing slice of region 1662 at offset 16384, size: 16384
[0.273s][debug][gc                   ] GC(0) ShenandoahScanRememberedTask::do_work(3), processing slice of region 1662 at offset 32768, size: 16384
[0.273s][debug][gc                   ] GC(0) ShenandoahScanRememberedTask::do_work(3), processing slice of region 1662 at offset 49152, size: 16384
[0.273s][debug][gc                   ] GC(0) ShenandoahScanRememberedTask::do_work(3), processing slice of region 1663 at offset 0, size: 16384
[0.273s][debug][gc                   ] GC(0) ShenandoahScanRememberedTask::do_work(3), processing slice of region 1663 at offset 16384, size: 16384
[0.273s][debug][gc                   ] GC(0) ShenandoahScanRememberedTask::do_work(3), processing slice of region 1663 at offset 32768, size: 16384
[0.272s][debug][gc                   ] GC(0) ShenandoahScanRememberedTask::do_work(2), processing slice of region 1590 at offset 49152, size: 16384
[0.273s][debug][gc                   ] GC(0) ShenandoahScanRememberedTask::do_work(2), processing slice of region 1664 at offset 0, size: 16384
[0.272s][debug][gc                   ] GC(0) ShenandoahScanRememberedTask::do_work(1), processing slice of region 1593 at offset 16384, size: 16384
[0.273s][debug][gc                   ] GC(0) ShenandoahScanRememberedTask::do_work(2), processing slice of region 1664 at offset 16384, size: 16384
[0.272s][debug][gc                   ] GC(0) ShenandoahScanRememberedTask::do_work(4), processing slice of region 1592 at offset 16384, size: 16384
[0.272s][debug][gc                   ] GC(0) ShenandoahScanRememberedTask::do_work(0), processing slice of region 1595 at offset 0, size: 16384
[0.273s][debug][gc                   ] GC(0) ShenandoahScanRememberedTask::do_work(4), processing slice of region 1665 at offset 0, size: 16384
[0.273s][debug][gc                   ] GC(0) ShenandoahScanRememberedTask::do_work(4), processing slice of region 1665 at offset 16384, size: 16384
[0.272s][debug][gc                   ] Setting affiliation of Region 526 from FREE to YOUNG, top: 0x00000000d0700000, TAMS: 0x00000000d0700000, watermark: 0x00000000d0700000, top_bitmap: 0x00000000d0700000
[0.272s][debug][gc                   ] GC(0) ShenandoahScanRememberedTask::do_work(6), processing slice of region 1612 at offset 49152, size: 16384
[0.273s][debug][gc                   ] Setting affiliation of Region 527 from FREE to YOUNG, top: 0x00000000d0780000, TAMS: 0x00000000d0780000, watermark: 0x00000000d0780000, top_bitmap: 0x00000000d0780000
[0.273s][debug][gc                   ] GC(0) ShenandoahScanRememberedTask::do_work(6), processing slice of region 1666 at offset 0, size: 16384
[0.273s][debug][gc                   ] GC(0) ShenandoahScanRememberedTask::do_work(3), processing slice of region 1663 at offset 49152, size: 16384
[0.273s][debug][gc                   ] GC(0) ShenandoahScanRememberedTask::do_work(1), processing slice of region 1664 at offset 32768, size: 16384
[0.273s][debug][gc                   ] GC(0) ShenandoahScanRememberedTask::do_work(3), processing slice of region 1666 at offset 32768, size: 16384
[0.273s][debug][gc                   ] GC(0) ShenandoahScanRememberedTask::do_work(1), processing slice of region 1666 at offset 49152, size: 16384
[0.272s][debug][gc                   ] GC(0) ShenandoahScanRememberedTask::do_work(5), processing slice of region 1589 at offset 32768, size: 16384
[0.273s][debug][gc                   ] GC(0) ShenandoahScanRememberedTask::do_work(4), processing slice of region 1665 at offset 49152, size: 16384
[0.273s][debug][gc                   ] GC(0) ShenandoahScanRememberedTask::do_work(4), processing slice of region 1667 at offset 49152, size: 16384
[0.273s][debug][gc                   ] GC(0) ShenandoahScanRememberedTask::do_work(4), processing slice of region 1668 at offset 0, size: 16384
[0.273s][debug][gc                   ] GC(0) ShenandoahScanRememberedTask::do_work(4), processing slice of region 1668 at offset 16384, size: 16384
[0.273s][debug][gc                   ] GC(0) ShenandoahScanRememberedTask::do_work(4), processing slice of region 1668 at offset 32768, size: 16384
[0.273s][debug][gc                   ] GC(0) ShenandoahScanRememberedTask::do_work(4), processing slice of region 1668 at offset 49152, size: 16384
[0.273s][debug][gc                   ] GC(0) ShenandoahScanRememberedTask::do_work(4), processing slice of region 1669 at offset 0, size: 16384
[0.273s][debug][gc                   ] GC(0) ShenandoahScanRememberedTask::do_work(4), processing slice of region 1669 at offset 16384, size: 16384
[0.273s][debug][gc                   ] GC(0) ShenandoahScanRememberedTask::do_work(4), processing slice of region 1669 at offset 32768, size: 16384
[0.273s][debug][gc                   ] GC(0) ShenandoahScanRememberedTask::do_work(4), processing slice of region 1669 at offset 49152, size: 16384
[0.273s][debug][gc                   ] GC(0) ShenandoahScanRememberedTask::do_work(4), processing slice of region 1670 at offset 0, size: 16384
[0.273s][debug][gc                   ] GC(0) ShenandoahScanRememberedTask::do_work(4), processing slice of region 1670 at offset 16384, size: 16384
[0.273s][debug][gc                   ] GC(0) ShenandoahScanRememberedTask::do_work(4), processing slice of region 1670 at offset 32768, size: 16384
[0.273s][debug][gc                   ] GC(0) ShenandoahScanRememberedTask::do_work(4), processing slice of region 1670 at offset 49152, size: 16384
[0.273s][debug][gc                   ] GC(0) ShenandoahScanRememberedTask::do_work(4), processing slice of region 1671 at offset 0, size: 16384
[0.273s][debug][gc                   ] GC(0) ShenandoahScanRememberedTask::do_work(4), processing slice of region 1671 at offset 16384, size: 16384
[0.273s][debug][gc                   ] GC(0) ShenandoahScanRememberedTask::do_work(4), processing slice of region 1671 at offset 32768, size: 16384
[0.273s][debug][gc                   ] GC(0) ShenandoahScanRememberedTask::do_work(4), processing slice of region 1671 at offset 49152, size: 16384
[0.273s][debug][gc                   ] GC(0) ShenandoahScanRememberedTask::do_work(4), processing slice of region 1672 at offset 0, size: 16384
[0.273s][debug][gc                   ] GC(0) ShenandoahScanRememberedTask::do_work(4), processing slice of region 1672 at offset 16384, size: 16384
[0.273s][debug][gc                   ] GC(0) ShenandoahScanRememberedTask::do_work(4), processing slice of region 1672 at offset 32768, size: 16384
[0.273s][debug][gc                   ] GC(0) ShenandoahScanRememberedTask::do_work(4), processing slice of region 1672 at offset 49152, size: 16384
[0.273s][debug][gc                   ] GC(0) ShenandoahScanRememberedTask::do_work(4), processing slice of region 1673 at offset 0, size: 16384
[0.273s][debug][gc                   ] GC(0) ShenandoahScanRememberedTask::do_work(4), processing slice of region 1673 at offset 16384, size: 16384
[0.273s][debug][gc                   ] GC(0) ShenandoahScanRememberedTask::do_work(4), processing slice of region 1673 at offset 32768, size: 16384
[0.273s][debug][gc                   ] GC(0) ShenandoahScanRememberedTask::do_work(4), processing slice of region 1673 at offset 49152, size: 16384
[0.273s][debug][gc                   ] GC(0) ShenandoahScanRememberedTask::do_work(4), processing slice of region 1674 at offset 0, size: 16384
[0.273s][debug][gc                   ] GC(0) ShenandoahScanRememberedTask::do_work(4), processing slice of region 1674 at offset 16384, size: 16384
[0.273s][debug][gc                   ] GC(0) ShenandoahScanRememberedTask::do_work(4), processing slice of region 1674 at offset 32768, size: 16384
[0.273s][debug][gc                   ] GC(0) ShenandoahScanRememberedTask::do_work(4), processing slice of region 1674 at offset 49152, size: 16384
[0.273s][debug][gc                   ] GC(0) ShenandoahScanRememberedTask::do_work(4), processing slice of region 1675 at offset 0, size: 16384
[0.273s][debug][gc                   ] GC(0) ShenandoahScanRememberedTask::do_work(4), processing slice of region 1675 at offset 16384, size: 16384
[0.273s][debug][gc                   ] GC(0) ShenandoahScanRememberedTask::do_work(4), processing slice of region 1675 at offset 32768, size: 16384
[0.273s][debug][gc                   ] GC(0) ShenandoahScanRememberedTask::do_work(4), processing slice of region 1675 at offset 49152, size: 16384
[0.273s][debug][gc                   ] GC(0) ShenandoahScanRememberedTask::do_work(4), processing slice of region 1676 at offset 0, size: 16384
[0.273s][debug][gc                   ] GC(0) ShenandoahScanRememberedTask::do_work(4), processing slice of region 1676 at offset 16384, size: 16384
[0.273s][debug][gc                   ] GC(0) ShenandoahScanRememberedTask::do_work(4), processing slice of region 1676 at offset 32768, size: 16384
[0.273s][debug][gc                   ] GC(0) ShenandoahScanRememberedTask::do_work(4), processing slice of region 1676 at offset 49152, size: 16384
[0.273s][debug][gc                   ] GC(0) ShenandoahScanRememberedTask::do_work(4), processing slice of region 1677 at offset 0, size: 16384
[0.273s][debug][gc                   ] GC(0) ShenandoahScanRememberedTask::do_work(4), processing slice of region 1677 at offset 16384, size: 16384
[0.273s][debug][gc                   ] GC(0) ShenandoahScanRememberedTask::do_work(4), processing slice of region 1677 at offset 32768, size: 16384
[0.273s][debug][gc                   ] GC(0) ShenandoahScanRememberedTask::do_work(4), processing slice of region 1677 at offset 49152, size: 16384
[0.273s][debug][gc                   ] GC(0) ShenandoahScanRememberedTask::do_work(4), processing slice of region 1678 at offset 0, size: 16384
[0.273s][debug][gc                   ] GC(0) ShenandoahScanRememberedTask::do_work(4), processing slice of region 1678 at offset 16384, size: 16384
[0.273s][debug][gc                   ] GC(0) ShenandoahScanRememberedTask::do_work(4), processing slice of region 1678 at offset 32768, size: 16384
[0.273s][debug][gc                   ] GC(0) ShenandoahScanRememberedTask::do_work(4), processing slice of region 1678 at offset 49152, size: 16384
[0.273s][debug][gc                   ] GC(0) ShenandoahScanRememberedTask::do_work(4), processing slice of region 1679 at offset 0, size: 16384
[0.273s][debug][gc                   ] GC(0) ShenandoahScanRememberedTask::do_work(4), processing slice of region 1679 at offset 16384, size: 16384
[0.273s][debug][gc                   ] GC(0) ShenandoahScanRememberedTask::do_work(4), processing slice of region 1679 at offset 32768, size: 16384
[0.273s][debug][gc                   ] GC(0) ShenandoahScanRememberedTask::do_work(4), processing slice of region 1679 at offset 49152, size: 16384
[0.273s][debug][gc                   ] GC(0) ShenandoahScanRememberedTask::do_work(4), processing slice of region 1680 at offset 0, size: 16384
[0.273s][debug][gc                   ] GC(0) ShenandoahScanRememberedTask::do_work(4), processing slice of region 1680 at offset 16384, size: 16384
[0.273s][debug][gc                   ] GC(0) ShenandoahScanRememberedTask::do_work(4), processing slice of region 1680 at offset 32768, size: 16384
[0.273s][debug][gc                   ] GC(0) ShenandoahScanRememberedTask::do_work(4), processing slice of region 1680 at offset 49152, size: 16384
[0.273s][debug][gc                   ] GC(0) ShenandoahScanRememberedTask::do_work(4), processing slice of region 1681 at offset 0, size: 16384
[0.273s][debug][gc                   ] GC(0) ShenandoahScanRememberedTask::do_work(4), processing slice of region 1681 at offset 16384, size: 16384
[0.273s][debug][gc                   ] GC(0) ShenandoahScanRememberedTask::do_work(4), processing slice of region 1681 at offset 32768, size: 16384
[0.273s][debug][gc                   ] GC(0) ShenandoahScanRememberedTask::do_work(4), processing slice of region 1681 at offset 49152, size: 16384
[0.273s][debug][gc                   ] GC(0) ShenandoahScanRememberedTask::do_work(4), processing slice of region 1682 at offset 0, size: 16384
[0.273s][debug][gc                   ] GC(0) ShenandoahScanRememberedTask::do_work(4), processing slice of region 1682 at offset 16384, size: 16384
[0.273s][debug][gc                   ] GC(0) ShenandoahScanRememberedTask::do_work(4), processing slice of region 1682 at offset 32768, size: 16384
[0.273s][debug][gc                   ] GC(0) ShenandoahScanRememberedTask::do_work(4), processing slice of region 1682 at offset 49152, size: 16384
[0.273s][debug][gc                   ] GC(0) ShenandoahScanRememberedTask::do_work(2), processing slice of region 1664 at offset 49152, size: 16384
[0.273s][debug][gc                   ] GC(0) ShenandoahScanRememberedTask::do_work(2), processing slice of region 1683 at offset 16384, size: 16384
[0.273s][debug][gc                   ] GC(0) ShenandoahScanRememberedTask::do_work(2), processing slice of region 1683 at offset 32768, size: 16384
[0.273s][debug][gc                   ] GC(0) ShenandoahScanRememberedTask::do_work(2), processing slice of region 1683 at offset 49152, size: 16384
[0.273s][debug][gc                   ] GC(0) ShenandoahScanRememberedTask::do_work(2), processing slice of region 1684 at offset 0, size: 16384
[0.273s][debug][gc                   ] GC(0) ShenandoahScanRememberedTask::do_work(3), processing slice of region 1667 at offset 0, size: 16384
[0.273s][debug][gc                   ] GC(0) ShenandoahScanRememberedTask::do_work(3), processing slice of region 1684 at offset 32768, size: 16384
[0.273s][debug][gc                   ] GC(0) ShenandoahScanRememberedTask::do_work(3), processing slice of region 1684 at offset 49152, size: 16384
[0.273s][debug][gc                   ] GC(0) ShenandoahScanRememberedTask::do_work(3), processing slice of region 1685 at offset 0, size: 16384
[0.273s][debug][gc                   ] GC(0) ShenandoahScanRememberedTask::do_work(3), processing slice of region 1685 at offset 16384, size: 16384
[0.273s][debug][gc                   ] GC(0) ShenandoahScanRememberedTask::do_work(3), processing slice of region 1685 at offset 32768, size: 16384
[0.273s][debug][gc                   ] GC(0) ShenandoahScanRememberedTask::do_work(3), processing slice of region 1685 at offset 49152, size: 16384
[0.273s][debug][gc                   ] GC(0) ShenandoahScanRememberedTask::do_work(3), processing slice of region 1686 at offset 0, size: 16384
[0.273s][debug][gc                   ] GC(0) ShenandoahScanRememberedTask::do_work(3), processing slice of region 1686 at offset 16384, size: 16384
[0.273s][debug][gc                   ] GC(0) ShenandoahScanRememberedTask::do_work(0), processing slice of region 1665 at offset 32768, size: 16384
[0.273s][debug][gc                   ] GC(0) ShenandoahScanRememberedTask::do_work(0), processing slice of region 1686 at offset 49152, size: 16384
[0.273s][debug][gc                   ] GC(0) ShenandoahScanRememberedTask::do_work(0), processing slice of region 1687 at offset 0, size: 16384
[0.273s][debug][gc                   ] GC(0) ShenandoahScanRememberedTask::do_work(0), processing slice of region 1687 at offset 16384, size: 16384
[0.273s][debug][gc                   ] GC(0) ShenandoahScanRememberedTask::do_work(0), processing slice of region 1687 at offset 32768, size: 16384
[0.273s][debug][gc                   ] GC(0) ShenandoahScanRememberedTask::do_work(5), processing slice of region 1667 at offset 32768, size: 16384
[0.273s][debug][gc                   ] GC(0) ShenandoahScanRememberedTask::do_work(5), processing slice of region 1688 at offset 0, size: 16384
[0.273s][debug][gc                   ] GC(0) ShenandoahScanRememberedTask::do_work(5), processing slice of region 1688 at offset 16384, size: 16384
[0.273s][debug][gc                   ] GC(0) ShenandoahScanRememberedTask::do_work(7), processing slice of region 1652 at offset 16384, size: 16384
[0.273s][debug][gc                   ] GC(0) ShenandoahScanRememberedTask::do_work(6), processing slice of region 1666 at offset 16384, size: 16384
[0.273s][debug][gc                   ] GC(0) ShenandoahScanRememberedTask::do_work(6), processing slice of region 1689 at offset 0, size: 16384
[0.273s][debug][gc                   ] GC(0) ShenandoahScanRememberedTask::do_work(2), processing slice of region 1684 at offset 16384, size: 16384
[0.273s][debug][gc                   ] GC(0) ShenandoahScanRememberedTask::do_work(2), processing slice of region 1689 at offset 32768, size: 16384
[0.273s][debug][gc                   ] GC(0) ShenandoahScanRememberedTask::do_work(2), processing slice of region 1689 at offset 49152, size: 16384
[0.273s][debug][gc                   ] GC(0) ShenandoahScanRememberedTask::do_work(2), processing slice of region 1690 at offset 0, size: 16384
[0.273s][debug][gc                   ] GC(0) ShenandoahScanRememberedTask::do_work(2), processing slice of region 1690 at offset 16384, size: 16384
[0.273s][debug][gc                   ] GC(0) ShenandoahScanRememberedTask::do_work(2), processing slice of region 1690 at offset 32768, size: 16384
[0.273s][debug][gc                   ] GC(0) ShenandoahScanRememberedTask::do_work(2), processing slice of region 1690 at offset 49152, size: 16384
[0.273s][debug][gc                   ] GC(0) ShenandoahScanRememberedTask::do_work(2), processing slice of region 1691 at offset 0, size: 16384
[0.273s][debug][gc                   ] GC(0) ShenandoahScanRememberedTask::do_work(2), processing slice of region 1691 at offset 16384, size: 16384
[0.273s][debug][gc                   ] GC(0) ShenandoahScanRememberedTask::do_work(3), processing slice of region 1686 at offset 32768, size: 16384
[0.273s][debug][gc                   ] GC(0) ShenandoahScanRememberedTask::do_work(3), processing slice of region 1691 at offset 49152, size: 16384
[0.273s][debug][gc                   ] GC(0) ShenandoahScanRememberedTask::do_work(3), processing slice of region 1692 at offset 0, size: 16384
[0.273s][debug][gc                   ] GC(0) ShenandoahScanRememberedTask::do_work(3), processing slice of region 1692 at offset 16384, size: 16384
[0.273s][debug][gc                   ] GC(0) ShenandoahScanRememberedTask::do_work(3), processing slice of region 1692 at offset 32768, size: 16384
[0.273s][debug][gc                   ] GC(0) ShenandoahScanRememberedTask::do_work(0), processing slice of region 1687 at offset 49152, size: 16384
[0.273s][debug][gc                   ] GC(0) ShenandoahScanRememberedTask::do_work(3), processing slice of region 1692 at offset 49152, size: 16384
[0.273s][debug][gc                   ] GC(0) ShenandoahScanRememberedTask::do_work(3), processing slice of region 1693 at offset 0, size: 16384
[0.273s][debug][gc                   ] GC(0) ShenandoahScanRememberedTask::do_work(3), processing slice of region 1693 at offset 32768, size: 16384
[0.273s][debug][gc                   ] GC(0) ShenandoahScanRememberedTask::do_work(3), processing slice of region 1693 at offset 49152, size: 16384
[0.273s][debug][gc                   ] GC(0) ShenandoahScanRememberedTask::do_work(6), processing slice of region 1689 at offset 16384, size: 16384
[0.273s][debug][gc                   ] GC(0) ShenandoahScanRememberedTask::do_work(6), processing slice of region 1694 at offset 16384, size: 16384
[0.273s][debug][gc                   ] GC(0) ShenandoahScanRememberedTask::do_work(2), processing slice of region 1691 at offset 32768, size: 16384
[0.273s][debug][gc                   ] GC(0) ShenandoahScanRememberedTask::do_work(0), processing slice of region 1693 at offset 16384, size: 16384
[0.273s][debug][gc                   ] GC(0) ShenandoahScanRememberedTask::do_work(0), processing slice of region 1695 at offset 0, size: 16384
[0.273s][debug][gc                   ] GC(0) ShenandoahScanRememberedTask::do_work(0), processing slice of region 1695 at offset 16384, size: 16384
[0.273s][debug][gc                   ] GC(0) ShenandoahScanRememberedTask::do_work(7), processing slice of region 1688 at offset 49152, size: 16384
[0.273s][debug][gc                   ] GC(0) ShenandoahScanRememberedTask::do_work(3), processing slice of region 1694 at offset 0, size: 16384
[0.273s][debug][gc                   ] GC(0) ShenandoahScanRememberedTask::do_work(4), processing slice of region 1683 at offset 0, size: 16384
[0.273s][debug][gc                   ] GC(0) ShenandoahScanRememberedTask::do_work(4), processing slice of region 1696 at offset 16384, size: 16384
[0.273s][debug][gc                   ] GC(0) ShenandoahScanRememberedTask::do_work(4), processing slice of region 1696 at offset 32768, size: 16384
[0.273s][debug][gc                   ] GC(0) ShenandoahScanRememberedTask::do_work(4), processing slice of region 1696 at offset 49152, size: 16384
[0.273s][debug][gc                   ] GC(0) ShenandoahScanRememberedTask::do_work(6), processing slice of region 1694 at offset 32768, size: 16384
[0.273s][debug][gc                   ] GC(0) ShenandoahScanRememberedTask::do_work(6), processing slice of region 1697 at offset 16384, size: 16384
[0.273s][debug][gc                   ] GC(0) ShenandoahScanRememberedTask::do_work(5), processing slice of region 1688 at offset 32768, size: 16384
[0.273s][debug][gc                   ] GC(0) ShenandoahScanRememberedTask::do_work(5), processing slice of region 1697 at offset 49152, size: 16384
[0.273s][debug][gc                   ] GC(0) ShenandoahScanRememberedTask::do_work(5), processing slice of region 1698 at offset 0, size: 16384
[0.273s][debug][gc                   ] GC(0) ShenandoahScanRememberedTask::do_work(5), processing slice of region 1698 at offset 16384, size: 16384
[0.273s][debug][gc                   ] GC(0) ShenandoahScanRememberedTask::do_work(5), processing slice of region 1698 at offset 32768, size: 16384
[0.273s][debug][gc                   ] GC(0) ShenandoahScanRememberedTask::do_work(7), processing slice of region 1695 at offset 49152, size: 16384
[0.273s][debug][gc                   ] GC(0) ShenandoahScanRememberedTask::do_work(5), processing slice of region 1698 at offset 49152, size: 16384
[0.273s][debug][gc                   ] GC(0) ShenandoahScanRememberedTask::do_work(5), processing slice of region 1699 at offset 0, size: 16384
[0.273s][debug][gc                   ] GC(0) ShenandoahScanRememberedTask::do_work(5), processing slice of region 1699 at offset 32768, size: 16384
[0.273s][debug][gc                   ] GC(0) ShenandoahScanRememberedTask::do_work(1), processing slice of region 1667 at offset 16384, size: 16384
[0.273s][debug][gc                   ] GC(0) ShenandoahScanRememberedTask::do_work(2), processing slice of region 1694 at offset 49152, size: 16384
[0.273s][debug][gc                   ] GC(0) ShenandoahScanRememberedTask::do_work(4), processing slice of region 1697 at offset 0, size: 16384
[0.273s][debug][gc                   ] GC(0) ShenandoahScanRememberedTask::do_work(0), processing slice of region 1695 at offset 32768, size: 16384
[0.273s][debug][gc                   ] GC(0) ShenandoahScanRememberedTask::do_work(0), processing slice of region 1700 at offset 49152, size: 16384
[0.273s][debug][gc                   ] GC(0) ShenandoahScanRememberedTask::do_work(3), processing slice of region 1696 at offset 0, size: 16384
[0.273s][debug][gc                   ] GC(0) ShenandoahScanRememberedTask::do_work(3), processing slice of region 1701 at offset 16384, size: 16384
[0.273s][debug][gc                   ] GC(0) ShenandoahScanRememberedTask::do_work(3), processing slice of region 1701 at offset 32768, size: 16384
[0.273s][debug][gc                   ] GC(0) ShenandoahScanRememberedTask::do_work(1), processing slice of region 1700 at offset 0, size: 16384
[0.273s][debug][gc                   ] GC(0) ShenandoahScanRememberedTask::do_work(1), processing slice of region 1702 at offset 0, size: 16384
[0.273s][debug][gc                   ] GC(0) ShenandoahScanRememberedTask::do_work(1), processing slice of region 1702 at offset 16384, size: 16384
[0.273s][debug][gc                   ] GC(0) ShenandoahScanRememberedTask::do_work(2), processing slice of region 1700 at offset 16384, size: 16384
[0.273s][debug][gc                   ] GC(0) ShenandoahScanRememberedTask::do_work(2), processing slice of region 1702 at offset 49152, size: 16384
[0.273s][debug][gc                   ] GC(0) ShenandoahScanRememberedTask::do_work(2), processing slice of region 1703 at offset 0, size: 16384
[0.273s][debug][gc                   ] Setting affiliation of Region 528 from FREE to YOUNG, top: 0x00000000d0800000, TAMS: 0x00000000d0800000, watermark: 0x00000000d0800000, top_bitmap: 0x00000000d0800000
[0.273s][debug][gc                   ] Setting affiliation of Region 529 from FREE to YOUNG, top: 0x00000000d0880000, TAMS: 0x00000000d0880000, watermark: 0x00000000d0880000, top_bitmap: 0x00000000d0880000
[0.273s][debug][gc                   ] Setting affiliation of Region 530 from FREE to YOUNG, top: 0x00000000d0900000, TAMS: 0x00000000d0900000, watermark: 0x00000000d0900000, top_bitmap: 0x00000000d0900000
[0.273s][debug][gc                   ] GC(0) ShenandoahScanRememberedTask::do_work(7), processing slice of region 1699 at offset 16384, size: 16384
[0.273s][debug][gc                   ] GC(0) ShenandoahScanRememberedTask::do_work(7), processing slice of region 1703 at offset 32768, size: 16384
[0.273s][debug][gc                   ] GC(0) ShenandoahScanRememberedTask::do_work(7), processing slice of region 1703 at offset 49152, size: 16384
[0.273s][debug][gc                   ] GC(0) ShenandoahScanRememberedTask::do_work(3), processing slice of region 1701 at offset 49152, size: 16384
[0.273s][debug][gc                   ] GC(0) ShenandoahScanRememberedTask::do_work(3), processing slice of region 1704 at offset 16384, size: 16384
[0.273s][debug][gc                   ] GC(0) ShenandoahScanRememberedTask::do_work(3), processing slice of region 1704 at offset 32768, size: 16384
[0.273s][debug][gc                   ] GC(0) ShenandoahScanRememberedTask::do_work(1), processing slice of region 1702 at offset 32768, size: 16384
[0.273s][debug][gc                   ] GC(0) ShenandoahScanRememberedTask::do_work(4), processing slice of region 1700 at offset 32768, size: 16384
[0.273s][debug][gc                   ] GC(0) ShenandoahScanRememberedTask::do_work(4), processing slice of region 1705 at offset 16384, size: 16384
[0.273s][debug][gc                   ] GC(0) ShenandoahScanRememberedTask::do_work(4), processing slice of region 1705 at offset 32768, size: 16384
[0.273s][debug][gc                   ] GC(0) ShenandoahScanRememberedTask::do_work(4), processing slice of region 1705 at offset 49152, size: 16384
[0.273s][debug][gc                   ] GC(0) ShenandoahScanRememberedTask::do_work(4), processing slice of region 1706 at offset 0, size: 16384
[0.273s][debug][gc                   ] GC(0) ShenandoahScanRememberedTask::do_work(4), processing slice of region 1706 at offset 16384, size: 16384
[0.273s][debug][gc                   ] GC(0) ShenandoahScanRememberedTask::do_work(4), processing slice of region 1706 at offset 32768, size: 16384
[0.273s][debug][gc                   ] GC(0) ShenandoahScanRememberedTask::do_work(5), processing slice of region 1699 at offset 49152, size: 16384
[0.273s][debug][gc                   ] GC(0) ShenandoahScanRememberedTask::do_work(4), processing slice of region 1706 at offset 49152, size: 16384
[0.273s][debug][gc                   ] GC(0) ShenandoahScanRememberedTask::do_work(4), processing slice of region 1707 at offset 0, size: 16384
[0.273s][debug][gc                   ] GC(0) ShenandoahScanRememberedTask::do_work(5), processing slice of region 1707 at offset 16384, size: 16384
[0.273s][debug][gc                   ] GC(0) ShenandoahScanRememberedTask::do_work(7), processing slice of region 1704 at offset 0, size: 16384
[0.273s][debug][gc                   ] GC(0) ShenandoahScanRememberedTask::do_work(6), processing slice of region 1697 at offset 32768, size: 16384
[0.273s][debug][gc                   ] GC(0) ShenandoahScanRememberedTask::do_work(7), processing slice of region 1708 at offset 0, size: 16384
[0.273s][debug][gc                   ] GC(0) ShenandoahScanRememberedTask::do_work(6), processing slice of region 1708 at offset 16384, size: 16384
[0.273s][debug][gc                   ] GC(0) ShenandoahScanRememberedTask::do_work(6), processing slice of region 1708 at offset 49152, size: 16384
[0.273s][debug][gc                   ] GC(0) ShenandoahScanRememberedTask::do_work(0), processing slice of region 1701 at offset 0, size: 16384
[0.273s][debug][gc                   ] GC(0) ShenandoahScanRememberedTask::do_work(4), processing slice of region 1707 at offset 32768, size: 16384
[0.273s][debug][gc                   ] GC(0) ShenandoahScanRememberedTask::do_work(4), processing slice of region 1709 at offset 32768, size: 16384
[0.273s][debug][gc                   ] GC(0) ShenandoahScanRememberedTask::do_work(4), processing slice of region 1709 at offset 49152, size: 16384
[0.273s][debug][gc                   ] GC(0) ShenandoahScanRememberedTask::do_work(4), processing slice of region 1710 at offset 0, size: 16384
[0.273s][debug][gc                   ] GC(0) ShenandoahScanRememberedTask::do_work(4), processing slice of region 1710 at offset 16384, size: 16384
[0.273s][debug][gc                   ] GC(0) ShenandoahScanRememberedTask::do_work(4), processing slice of region 1710 at offset 32768, size: 16384
[0.273s][debug][gc                   ] GC(0) ShenandoahScanRememberedTask::do_work(4), processing slice of region 1710 at offset 49152, size: 16384
[0.273s][debug][gc                   ] GC(0) ShenandoahScanRememberedTask::do_work(4), processing slice of region 1711 at offset 0, size: 16384
[0.273s][debug][gc                   ] GC(0) ShenandoahScanRememberedTask::do_work(6), processing slice of region 1709 at offset 0, size: 16384
[0.273s][debug][gc                   ] GC(0) ShenandoahScanRememberedTask::do_work(0), processing slice of region 1709 at offset 16384, size: 16384
[0.273s][debug][gc                   ] GC(0) ShenandoahScanRememberedTask::do_work(0), processing slice of region 1711 at offset 49152, size: 16384
[0.273s][debug][gc                   ] GC(0) ShenandoahScanRememberedTask::do_work(0), processing slice of region 1712 at offset 0, size: 16384
[0.273s][debug][gc                   ] GC(0) ShenandoahScanRememberedTask::do_work(0), processing slice of region 1712 at offset 16384, size: 16384
[0.273s][debug][gc                   ] GC(0) ShenandoahScanRememberedTask::do_work(7), processing slice of region 1708 at offset 32768, size: 16384
[0.273s][debug][gc                   ] GC(0) ShenandoahScanRememberedTask::do_work(7), processing slice of region 1712 at offset 49152, size: 16384
[0.273s][debug][gc                   ] GC(0) ShenandoahScanRememberedTask::do_work(1), processing slice of region 1705 at offset 0, size: 16384
[0.273s][debug][gc                   ] GC(0) ShenandoahScanRememberedTask::do_work(2), processing slice of region 1703 at offset 16384, size: 16384
[0.273s][debug][gc                   ] GC(0) ShenandoahScanRememberedTask::do_work(4), processing slice of region 1711 at offset 16384, size: 16384
[0.273s][debug][gc                   ] GC(0) ShenandoahScanRememberedTask::do_work(2), processing slice of region 1713 at offset 32768, size: 16384
[0.273s][debug][gc                   ] GC(0) ShenandoahScanRememberedTask::do_work(4), processing slice of region 1713 at offset 49152, size: 16384
[0.273s][debug][gc                   ] GC(0) ShenandoahScanRememberedTask::do_work(5), processing slice of region 1707 at offset 49152, size: 16384
[0.273s][debug][gc                   ] GC(0) ShenandoahScanRememberedTask::do_work(3), processing slice of region 1704 at offset 49152, size: 16384
[0.273s][debug][gc                   ] GC(0) ShenandoahScanRememberedTask::do_work(5), processing slice of region 1714 at offset 32768, size: 16384
[0.273s][debug][gc                   ] GC(0) ShenandoahScanRememberedTask::do_work(5), processing slice of region 1714 at offset 49152, size: 16384
[0.273s][debug][gc                   ] GC(0) ShenandoahScanRememberedTask::do_work(5), processing slice of region 1715 at offset 16384, size: 16384
[0.273s][debug][gc                   ] GC(0) ShenandoahScanRememberedTask::do_work(1), processing slice of region 1713 at offset 16384, size: 16384
[0.273s][debug][gc                   ] GC(0) ShenandoahScanRememberedTask::do_work(6), processing slice of region 1711 at offset 32768, size: 16384
[0.273s][debug][gc                   ] GC(0) ShenandoahScanRememberedTask::do_work(6), processing slice of region 1716 at offset 0, size: 16384
[0.273s][debug][gc                   ] GC(0) ShenandoahScanRememberedTask::do_work(0), processing slice of region 1712 at offset 32768, size: 16384
[0.273s][debug][gc                   ] GC(0) ShenandoahScanRememberedTask::do_work(0), processing slice of region 1716 at offset 32768, size: 16384
[0.273s][debug][gc                   ] GC(0) ShenandoahScanRememberedTask::do_work(0), processing slice of region 1716 at offset 49152, size: 16384
[0.273s][debug][gc                   ] GC(0) ShenandoahScanRememberedTask::do_work(7), processing slice of region 1713 at offset 0, size: 16384
[0.273s][debug][gc                   ] GC(0) ShenandoahScanRememberedTask::do_work(5), processing slice of region 1715 at offset 32768, size: 16384
[0.273s][debug][gc                   ] GC(0) ShenandoahScanRememberedTask::do_work(5), processing slice of region 1717 at offset 32768, size: 16384
[0.273s][debug][gc                   ] GC(0) ShenandoahScanRememberedTask::do_work(5), processing slice of region 1717 at offset 49152, size: 16384
[0.273s][debug][gc                   ] GC(0) ShenandoahScanRememberedTask::do_work(1), processing slice of region 1715 at offset 49152, size: 16384
[0.273s][debug][gc                   ] GC(0) ShenandoahScanRememberedTask::do_work(4), processing slice of region 1714 at offset 16384, size: 16384
[0.274s][debug][gc                   ] GC(0) ShenandoahScanRememberedTask::do_work(4), processing slice of region 1718 at offset 32768, size: 16384
[0.273s][debug][gc                   ] GC(0) ShenandoahScanRememberedTask::do_work(0), processing slice of region 1717 at offset 0, size: 16384
[0.274s][debug][gc                   ] GC(0) ShenandoahScanRememberedTask::do_work(4), processing slice of region 1718 at offset 49152, size: 16384
[0.274s][debug][gc                   ] GC(0) ShenandoahScanRememberedTask::do_work(0), processing slice of region 1719 at offset 0, size: 16384
[0.273s][debug][gc                   ] GC(0) ShenandoahScanRememberedTask::do_work(7), processing slice of region 1717 at offset 16384, size: 16384
[0.273s][debug][gc                   ] GC(0) ShenandoahScanRememberedTask::do_work(2), processing slice of region 1714 at offset 0, size: 16384
[0.274s][debug][gc                   ] GC(0) ShenandoahScanRememberedTask::do_work(5), processing slice of region 1718 at offset 0, size: 16384
[0.273s][debug][gc                   ] GC(0) ShenandoahScanRememberedTask::do_work(6), processing slice of region 1716 at offset 16384, size: 16384
[0.274s][debug][gc                   ] GC(0) ShenandoahScanRememberedTask::do_work(6), processing slice of region 1720 at offset 32768, size: 16384
[0.274s][debug][gc                   ] GC(0) ShenandoahScanRememberedTask::do_work(6), processing slice of region 1720 at offset 49152, size: 16384
[0.274s][debug][gc                   ] GC(0) ShenandoahScanRememberedTask::do_work(6), processing slice of region 1721 at offset 0, size: 16384
[0.274s][debug][gc                   ] GC(0) ShenandoahScanRememberedTask::do_work(4), processing slice of region 1719 at offset 16384, size: 16384
[0.274s][debug][gc                   ] GC(0) ShenandoahScanRememberedTask::do_work(4), processing slice of region 1721 at offset 32768, size: 16384
[0.274s][debug][gc                   ] GC(0) ShenandoahScanRememberedTask::do_work(4), processing slice of region 1721 at offset 49152, size: 16384
[0.274s][debug][gc                   ] GC(0) ShenandoahScanRememberedTask::do_work(4), processing slice of region 1722 at offset 0, size: 16384
[0.274s][debug][gc                   ] GC(0) ShenandoahScanRememberedTask::do_work(7), processing slice of region 1719 at offset 49152, size: 16384
[0.274s][debug][gc                   ] GC(0) ShenandoahScanRememberedTask::do_work(7), processing slice of region 1722 at offset 32768, size: 16384
[0.274s][debug][gc                   ] GC(0) ShenandoahScanRememberedTask::do_work(7), processing slice of region 1722 at offset 49152, size: 16384
[0.274s][debug][gc                   ] GC(0) ShenandoahScanRememberedTask::do_work(2), processing slice of region 1720 at offset 0, size: 16384
[0.274s][debug][gc                   ] GC(0) ShenandoahScanRememberedTask::do_work(1), processing slice of region 1718 at offset 16384, size: 16384
[0.274s][debug][gc                   ] GC(0) ShenandoahScanRememberedTask::do_work(2), processing slice of region 1723 at offset 16384, size: 16384
[0.274s][debug][gc                   ] GC(0) ShenandoahScanRememberedTask::do_work(5), processing slice of region 1720 at offset 16384, size: 16384
[0.273s][debug][gc                   ] GC(0) ShenandoahScanRememberedTask::do_work(3), processing slice of region 1715 at offset 0, size: 16384
[0.274s][debug][gc                   ] GC(0) ShenandoahScanRememberedTask::do_work(5), processing slice of region 1724 at offset 0, size: 16384
[0.274s][debug][gc                   ] GC(0) ShenandoahScanRememberedTask::do_work(5), processing slice of region 1724 at offset 16384, size: 16384
[0.274s][debug][gc                   ] GC(0) ShenandoahScanRememberedTask::do_work(5), processing slice of region 1724 at offset 49152, size: 16384
[0.274s][debug][gc                   ] GC(0) ShenandoahScanRememberedTask::do_work(7), processing slice of region 1723 at offset 0, size: 16384
[0.274s][debug][gc                   ] GC(0) ShenandoahScanRememberedTask::do_work(1), processing slice of region 1723 at offset 32768, size: 16384
[0.274s][debug][gc                   ] GC(0) ShenandoahScanRememberedTask::do_work(1), processing slice of region 1725 at offset 32768, size: 16384
[0.274s][debug][gc                   ] GC(0) ShenandoahScanRememberedTask::do_work(1), processing slice of region 1725 at offset 49152, size: 16384
[0.274s][debug][gc                   ] GC(0) ShenandoahScanRememberedTask::do_work(2), processing slice of region 1723 at offset 49152, size: 16384
[0.274s][debug][gc                   ] GC(0) ShenandoahScanRememberedTask::do_work(2), processing slice of region 1726 at offset 16384, size: 16384
[0.274s][debug][gc                   ] GC(0) ShenandoahScanRememberedTask::do_work(0), processing slice of region 1719 at offset 32768, size: 16384
[0.274s][debug][gc                   ] GC(0) ShenandoahScanRememberedTask::do_work(3), processing slice of region 1724 at offset 32768, size: 16384
[0.274s][debug][gc                   ] GC(0) ShenandoahScanRememberedTask::do_work(0), processing slice of region 1726 at offset 49152, size: 16384
[0.274s][debug][gc                   ] GC(0) ShenandoahScanRememberedTask::do_work(0), processing slice of region 1727 at offset 0, size: 16384
[0.274s][debug][gc                   ] GC(0) ShenandoahScanRememberedTask::do_work(5), processing slice of region 1725 at offset 0, size: 16384
[0.274s][debug][gc                   ] GC(0) ShenandoahScanRememberedTask::do_work(7), processing slice of region 1725 at offset 16384, size: 16384
[0.274s][debug][gc                   ] GC(0) ShenandoahScanRememberedTask::do_work(5), processing slice of region 1727 at offset 49152, size: 16384
[0.274s][debug][gc                   ] GC(0) ShenandoahScanRememberedTask::do_work(7), processing slice of region 1728 at offset 0, size: 16384
[0.274s][debug][gc                   ] GC(0) ShenandoahScanRememberedTask::do_work(5), processing slice of region 1728 at offset 16384, size: 16384
[0.274s][debug][gc                   ] GC(0) ShenandoahScanRememberedTask::do_work(7), processing slice of region 1728 at offset 32768, size: 16384
[0.274s][debug][gc                   ] GC(0) ShenandoahScanRememberedTask::do_work(4), processing slice of region 1722 at offset 16384, size: 16384
[0.274s][debug][gc                   ] GC(0) ShenandoahScanRememberedTask::do_work(4), processing slice of region 1729 at offset 16384, size: 16384
[0.274s][debug][gc                   ] GC(0) ShenandoahScanRememberedTask::do_work(4), processing slice of region 1729 at offset 32768, size: 16384
[0.274s][debug][gc                   ] GC(0) ShenandoahScanRememberedTask::do_work(2), processing slice of region 1726 at offset 32768, size: 16384
[0.274s][debug][gc                   ] GC(0) ShenandoahScanRememberedTask::do_work(2), processing slice of region 1730 at offset 0, size: 16384
[0.274s][debug][gc                   ] GC(0) ShenandoahScanRememberedTask::do_work(2), processing slice of region 1730 at offset 16384, size: 16384
[0.274s][debug][gc                   ] GC(0) ShenandoahScanRememberedTask::do_work(5), processing slice of region 1728 at offset 49152, size: 16384
[0.274s][debug][gc                   ] GC(0) ShenandoahScanRememberedTask::do_work(5), processing slice of region 1730 at offset 49152, size: 16384
[0.274s][debug][gc                   ] GC(0) ShenandoahScanRememberedTask::do_work(7), processing slice of region 1729 at offset 0, size: 16384
[0.274s][debug][gc                   ] GC(0) ShenandoahScanRememberedTask::do_work(0), processing slice of region 1727 at offset 32768, size: 16384
[0.274s][debug][gc                   ] GC(0) ShenandoahScanRememberedTask::do_work(0), processing slice of region 1731 at offset 32768, size: 16384
[0.274s][debug][gc                   ] GC(0) ShenandoahScanRememberedTask::do_work(3), processing slice of region 1727 at offset 16384, size: 16384
[0.274s][debug][gc                   ] GC(0) ShenandoahScanRememberedTask::do_work(6), processing slice of region 1721 at offset 16384, size: 16384
[0.274s][debug][gc                   ] GC(0) ShenandoahScanRememberedTask::do_work(4), processing slice of region 1729 at offset 49152, size: 16384
[0.274s][debug][gc                   ] GC(0) ShenandoahScanRememberedTask::do_work(6), processing slice of region 1732 at offset 16384, size: 16384
[0.274s][debug][gc                   ] GC(0) ShenandoahScanRememberedTask::do_work(2), processing slice of region 1730 at offset 32768, size: 16384
[0.274s][debug][gc                   ] GC(0) ShenandoahScanRememberedTask::do_work(2), processing slice of region 1733 at offset 0, size: 16384
[0.274s][debug][gc                   ] GC(0) ShenandoahScanRememberedTask::do_work(2), processing slice of region 1733 at offset 16384, size: 16384
[0.274s][debug][gc                   ] GC(0) ShenandoahScanRememberedTask::do_work(7), processing slice of region 1731 at offset 16384, size: 16384
[0.274s][debug][gc                   ] GC(0) ShenandoahScanRememberedTask::do_work(0), processing slice of region 1731 at offset 49152, size: 16384
[0.274s][debug][gc                   ] GC(0) ShenandoahScanRememberedTask::do_work(0), processing slice of region 1734 at offset 0, size: 16384
[0.274s][debug][gc                   ] GC(0) ShenandoahScanRememberedTask::do_work(3), processing slice of region 1732 at offset 0, size: 16384
[0.274s][debug][gc                   ] GC(0) ShenandoahScanRememberedTask::do_work(0), processing slice of region 1734 at offset 16384, size: 16384
[0.274s][debug][gc                   ] GC(0) ShenandoahScanRememberedTask::do_work(1), processing slice of region 1726 at offset 0, size: 16384
[0.274s][debug][gc                   ] GC(0) ShenandoahScanRememberedTask::do_work(6), processing slice of region 1732 at offset 49152, size: 16384
[0.274s][debug][gc                   ] GC(0) ShenandoahScanRememberedTask::do_work(5), processing slice of region 1731 at offset 0, size: 16384
[0.274s][debug][gc                   ] GC(0) ShenandoahScanRememberedTask::do_work(6), processing slice of region 1735 at offset 16384, size: 16384
[0.274s][debug][gc                   ] GC(0) ShenandoahScanRememberedTask::do_work(5), processing slice of region 1735 at offset 32768, size: 16384
[0.274s][debug][gc                   ] GC(0) ShenandoahScanRememberedTask::do_work(5), processing slice of region 1735 at offset 49152, size: 16384
[0.274s][debug][gc                   ] GC(0) ShenandoahScanRememberedTask::do_work(6), processing slice of region 1736 at offset 0, size: 16384
[0.274s][debug][gc                   ] GC(0) ShenandoahScanRememberedTask::do_work(4), processing slice of region 1732 at offset 32768, size: 16384
[0.274s][debug][gc                   ] GC(0) ShenandoahScanRememberedTask::do_work(3), processing slice of region 1734 at offset 32768, size: 16384
[0.274s][debug][gc                   ] GC(0) ShenandoahScanRememberedTask::do_work(4), processing slice of region 1736 at offset 49152, size: 16384
[0.274s][debug][gc                   ] GC(0) ShenandoahScanRememberedTask::do_work(1), processing slice of region 1735 at offset 0, size: 16384
[0.274s][debug][gc                   ] GC(0) ShenandoahScanRememberedTask::do_work(4), processing slice of region 1737 at offset 16384, size: 16384
[0.274s][debug][gc                   ] GC(0) ShenandoahScanRememberedTask::do_work(7), processing slice of region 1733 at offset 49152, size: 16384
[0.274s][debug][gc                   ] GC(0) ShenandoahScanRememberedTask::do_work(6), processing slice of region 1736 at offset 32768, size: 16384
[0.274s][debug][gc                   ] GC(0) ShenandoahScanRememberedTask::do_work(2), processing slice of region 1733 at offset 32768, size: 16384
[0.274s][debug][gc                   ] GC(0) ShenandoahScanRememberedTask::do_work(2), processing slice of region 1738 at offset 32768, size: 16384
[0.274s][debug][gc                   ] GC(0) ShenandoahScanRememberedTask::do_work(1), processing slice of region 1737 at offset 32768, size: 16384
[0.274s][debug][gc                   ] GC(0) ShenandoahScanRememberedTask::do_work(1), processing slice of region 1739 at offset 0, size: 16384
[0.274s][debug][gc                   ] GC(0) ShenandoahScanRememberedTask::do_work(1), processing slice of region 1739 at offset 16384, size: 16384
[0.274s][debug][gc                   ] GC(0) ShenandoahScanRememberedTask::do_work(1), processing slice of region 1739 at offset 32768, size: 16384
[0.274s][debug][gc                   ] GC(0) ShenandoahScanRememberedTask::do_work(5), processing slice of region 1736 at offset 16384, size: 16384
[0.274s][debug][gc                   ] GC(0) ShenandoahScanRememberedTask::do_work(5), processing slice of region 1740 at offset 0, size: 16384
[0.274s][debug][gc                   ] GC(0) ShenandoahScanRememberedTask::do_work(5), processing slice of region 1740 at offset 16384, size: 16384
[0.274s][debug][gc                   ] GC(0) ShenandoahScanRememberedTask::do_work(5), processing slice of region 1740 at offset 32768, size: 16384
[0.274s][debug][gc                   ] GC(0) ShenandoahScanRememberedTask::do_work(5), processing slice of region 1740 at offset 49152, size: 16384
[0.274s][debug][gc                   ] GC(0) ShenandoahScanRememberedTask::do_work(5), processing slice of region 1741 at offset 0, size: 16384
[0.274s][debug][gc                   ] GC(0) ShenandoahScanRememberedTask::do_work(5), processing slice of region 1741 at offset 16384, size: 16384
[0.274s][debug][gc                   ] GC(0) ShenandoahScanRememberedTask::do_work(5), processing slice of region 1741 at offset 32768, size: 16384
[0.274s][debug][gc                   ] GC(0) ShenandoahScanRememberedTask::do_work(5), processing slice of region 1741 at offset 49152, size: 16384
[0.274s][debug][gc                   ] GC(0) ShenandoahScanRememberedTask::do_work(5), processing slice of region 1742 at offset 0, size: 16384
[0.274s][debug][gc                   ] GC(0) ShenandoahScanRememberedTask::do_work(5), processing slice of region 1742 at offset 16384, size: 16384
[0.274s][debug][gc                   ] GC(0) ShenandoahScanRememberedTask::do_work(6), processing slice of region 1738 at offset 16384, size: 16384
[0.274s][debug][gc                   ] GC(0) ShenandoahScanRememberedTask::do_work(5), processing slice of region 1742 at offset 32768, size: 16384
[0.274s][debug][gc                   ] GC(0) ShenandoahScanRememberedTask::do_work(6), processing slice of region 1742 at offset 49152, size: 16384
[0.274s][debug][gc                   ] GC(0) ShenandoahScanRememberedTask::do_work(2), processing slice of region 1738 at offset 49152, size: 16384
[0.274s][debug][gc                   ] GC(0) ShenandoahScanRememberedTask::do_work(2), processing slice of region 1743 at offset 32768, size: 16384
[0.274s][debug][gc                   ] GC(0) ShenandoahScanRememberedTask::do_work(2), processing slice of region 1743 at offset 49152, size: 16384
[0.274s][debug][gc                   ] GC(0) ShenandoahScanRememberedTask::do_work(1), processing slice of region 1739 at offset 49152, size: 16384
[0.274s][debug][gc                   ] GC(0) ShenandoahScanRememberedTask::do_work(0), processing slice of region 1734 at offset 49152, size: 16384
[0.274s][debug][gc                   ] GC(0) ShenandoahScanRememberedTask::do_work(1), processing slice of region 1744 at offset 16384, size: 16384
[0.274s][debug][gc                   ] GC(0) ShenandoahScanRememberedTask::do_work(1), processing slice of region 1744 at offset 32768, size: 16384
[0.274s][debug][gc                   ] GC(0) ShenandoahScanRememberedTask::do_work(7), processing slice of region 1738 at offset 0, size: 16384
[0.274s][debug][gc                   ] GC(0) ShenandoahScanRememberedTask::do_work(5), processing slice of region 1743 at offset 0, size: 16384
[0.274s][debug][gc                   ] GC(0) ShenandoahScanRememberedTask::do_work(7), processing slice of region 1745 at offset 16384, size: 16384
[0.274s][debug][gc                   ] GC(0) ShenandoahScanRememberedTask::do_work(5), processing slice of region 1745 at offset 32768, size: 16384
[0.274s][debug][gc                   ] GC(0) ShenandoahScanRememberedTask::do_work(7), processing slice of region 1745 at offset 49152, size: 16384
[0.274s][debug][gc                   ] GC(0) ShenandoahScanRememberedTask::do_work(6), processing slice of region 1743 at offset 16384, size: 16384
[0.274s][debug][gc                   ] GC(0) ShenandoahScanRememberedTask::do_work(0), processing slice of region 1744 at offset 49152, size: 16384
[0.274s][debug][gc                   ] GC(0) ShenandoahScanRememberedTask::do_work(0), processing slice of region 1746 at offset 49152, size: 16384
[0.274s][debug][gc                   ] GC(0) ShenandoahScanRememberedTask::do_work(0), processing slice of region 1747 at offset 0, size: 16384
[0.274s][debug][gc                   ] GC(0) ShenandoahScanRememberedTask::do_work(3), processing slice of region 1737 at offset 0, size: 16384
[0.274s][debug][gc                   ] GC(0) ShenandoahScanRememberedTask::do_work(5), processing slice of region 1746 at offset 0, size: 16384
[0.274s][debug][gc                   ] GC(0) ShenandoahScanRememberedTask::do_work(5), processing slice of region 1747 at offset 49152, size: 16384
[0.274s][debug][gc                   ] GC(0) ShenandoahScanRememberedTask::do_work(5), processing slice of region 1748 at offset 0, size: 16384
[0.274s][debug][gc                   ] GC(0) ShenandoahScanRememberedTask::do_work(5), processing slice of region 1748 at offset 16384, size: 16384
[0.274s][debug][gc                   ] GC(0) ShenandoahScanRememberedTask::do_work(5), processing slice of region 1748 at offset 32768, size: 16384
[0.274s][debug][gc                   ] GC(0) ShenandoahScanRememberedTask::do_work(5), processing slice of region 1748 at offset 49152, size: 16384
[0.274s][debug][gc                   ] GC(0) ShenandoahScanRememberedTask::do_work(5), processing slice of region 1749 at offset 0, size: 16384
[0.274s][debug][gc                   ] GC(0) ShenandoahScanRememberedTask::do_work(5), processing slice of region 1749 at offset 16384, size: 16384
[0.274s][debug][gc                   ] GC(0) ShenandoahScanRememberedTask::do_work(5), processing slice of region 1749 at offset 32768, size: 16384
[0.274s][debug][gc                   ] GC(0) ShenandoahScanRememberedTask::do_work(5), processing slice of region 1749 at offset 49152, size: 16384
[0.274s][debug][gc                   ] GC(0) ShenandoahScanRememberedTask::do_work(5), processing slice of region 1750 at offset 0, size: 16384
[0.274s][debug][gc                   ] GC(0) ShenandoahScanRememberedTask::do_work(5), processing slice of region 1750 at offset 16384, size: 16384
[0.274s][debug][gc                   ] GC(0) ShenandoahScanRememberedTask::do_work(5), processing slice of region 1750 at offset 32768, size: 16384
[0.274s][debug][gc                   ] GC(0) ShenandoahScanRememberedTask::do_work(5), processing slice of region 1750 at offset 49152, size: 16384
[0.274s][debug][gc                   ] GC(0) ShenandoahScanRememberedTask::do_work(5), processing slice of region 1751 at offset 0, size: 16384
[0.274s][debug][gc                   ] GC(0) ShenandoahScanRememberedTask::do_work(5), processing slice of region 1751 at offset 16384, size: 16384
[0.274s][debug][gc                   ] GC(0) ShenandoahScanRememberedTask::do_work(5), processing slice of region 1751 at offset 32768, size: 16384
[0.274s][debug][gc                   ] GC(0) ShenandoahScanRememberedTask::do_work(6), processing slice of region 1746 at offset 32768, size: 16384
[0.274s][debug][gc                   ] Setting affiliation of Region 531 from FREE to YOUNG, top: 0x00000000d0980000, TAMS: 0x00000000d0980000, watermark: 0x00000000d0980000, top_bitmap: 0x00000000d0980000
[0.274s][debug][gc                   ] Setting affiliation of Region 532 from FREE to YOUNG, top: 0x00000000d0a00000, TAMS: 0x00000000d0a00000, watermark: 0x00000000d0a00000, top_bitmap: 0x00000000d0a00000
[0.274s][debug][gc                   ] GC(0) ShenandoahScanRememberedTask::do_work(3), processing slice of region 1747 at offset 32768, size: 16384
[0.274s][debug][gc                   ] GC(0) ShenandoahScanRememberedTask::do_work(2), processing slice of region 1744 at offset 0, size: 16384
[0.274s][debug][gc                   ] GC(0) ShenandoahScanRememberedTask::do_work(2), processing slice of region 1752 at offset 32768, size: 16384
[0.274s][debug][gc                   ] GC(0) ShenandoahScanRememberedTask::do_work(7), processing slice of region 1746 at offset 16384, size: 16384
[0.274s][debug][gc                   ] GC(0) ShenandoahScanRememberedTask::do_work(4), processing slice of region 1737 at offset 49152, size: 16384
[0.274s][debug][gc                   ] GC(0) ShenandoahScanRememberedTask::do_work(4), processing slice of region 1753 at offset 16384, size: 16384
[0.274s][debug][gc                   ] GC(0) ShenandoahScanRememberedTask::do_work(5), processing slice of region 1751 at offset 49152, size: 16384
[0.274s][debug][gc                   ] GC(0) ShenandoahScanRememberedTask::do_work(1), processing slice of region 1745 at offset 0, size: 16384
[0.274s][debug][gc                   ] GC(0) ShenandoahScanRememberedTask::do_work(1), processing slice of region 1754 at offset 0, size: 16384
[0.274s][debug][gc                   ] GC(0) ShenandoahScanRememberedTask::do_work(1), processing slice of region 1754 at offset 16384, size: 16384
[0.274s][debug][gc                   ] GC(0) ShenandoahScanRememberedTask::do_work(1), processing slice of region 1754 at offset 32768, size: 16384
[0.274s][debug][gc                   ] GC(0) ShenandoahScanRememberedTask::do_work(1), processing slice of region 1754 at offset 49152, size: 16384
[0.274s][debug][gc                   ] GC(0) ShenandoahScanRememberedTask::do_work(1), processing slice of region 1755 at offset 0, size: 16384
[0.274s][debug][gc                   ] GC(0) ShenandoahScanRememberedTask::do_work(1), processing slice of region 1755 at offset 16384, size: 16384
[0.274s][debug][gc                   ] GC(0) ShenandoahScanRememberedTask::do_work(1), processing slice of region 1755 at offset 32768, size: 16384
[0.274s][debug][gc                   ] GC(0) ShenandoahScanRememberedTask::do_work(1), processing slice of region 1755 at offset 49152, size: 16384
[0.274s][debug][gc                   ] GC(0) ShenandoahScanRememberedTask::do_work(1), processing slice of region 1756 at offset 0, size: 16384
[0.274s][debug][gc                   ] GC(0) ShenandoahScanRememberedTask::do_work(7), processing slice of region 1753 at offset 0, size: 16384
[0.274s][debug][gc                   ] GC(0) ShenandoahScanRememberedTask::do_work(1), processing slice of region 1756 at offset 16384, size: 16384
[0.274s][debug][gc                   ] GC(0) ShenandoahScanRememberedTask::do_work(7), processing slice of region 1756 at offset 32768, size: 16384
[0.274s][debug][gc                   ] GC(0) ShenandoahScanRememberedTask::do_work(5), processing slice of region 1753 at offset 49152, size: 16384
[0.274s][debug][gc                   ] GC(0) ShenandoahScanRememberedTask::do_work(6), processing slice of region 1752 at offset 0, size: 16384
[0.274s][debug][gc                   ] GC(0) ShenandoahScanRememberedTask::do_work(3), processing slice of region 1752 at offset 16384, size: 16384
[0.274s][debug][gc                   ] GC(0) ShenandoahScanRememberedTask::do_work(3), processing slice of region 1757 at offset 49152, size: 16384
[0.274s][debug][gc                   ] GC(0) ShenandoahScanRememberedTask::do_work(3), processing slice of region 1758 at offset 0, size: 16384
[0.274s][debug][gc                   ] GC(0) ShenandoahScanRememberedTask::do_work(3), processing slice of region 1758 at offset 16384, size: 16384
[0.274s][debug][gc                   ] GC(0) ShenandoahScanRememberedTask::do_work(0), processing slice of region 1747 at offset 16384, size: 16384
[0.274s][debug][gc                   ] GC(0) ShenandoahScanRememberedTask::do_work(0), processing slice of region 1758 at offset 49152, size: 16384
[0.274s][debug][gc                   ] GC(0) ShenandoahScanRememberedTask::do_work(0), processing slice of region 1759 at offset 0, size: 16384
[0.274s][debug][gc                   ] GC(0) ShenandoahScanRememberedTask::do_work(0), processing slice of region 1759 at offset 16384, size: 16384
[0.274s][debug][gc                   ] GC(0) ShenandoahScanRememberedTask::do_work(0), processing slice of region 1759 at offset 32768, size: 16384
[0.274s][debug][gc                   ] GC(0) ShenandoahScanRememberedTask::do_work(0), processing slice of region 1759 at offset 49152, size: 16384
[0.274s][debug][gc                   ] GC(0) ShenandoahScanRememberedTask::do_work(6), processing slice of region 1757 at offset 32768, size: 16384
[0.274s][debug][gc                   ] GC(0) ShenandoahScanRememberedTask::do_work(4), processing slice of region 1753 at offset 32768, size: 16384
[0.274s][debug][gc                   ] GC(0) ShenandoahScanRememberedTask::do_work(4), processing slice of region 1760 at offset 32768, size: 16384
[0.274s][debug][gc                   ] GC(0) ShenandoahScanRememberedTask::do_work(1), processing slice of region 1756 at offset 49152, size: 16384
[0.274s][debug][gc                   ] GC(0) ShenandoahScanRememberedTask::do_work(3), processing slice of region 1758 at offset 32768, size: 16384
[0.274s][debug][gc                   ] GC(0) ShenandoahScanRememberedTask::do_work(3), processing slice of region 1761 at offset 16384, size: 16384
[0.274s][debug][gc                   ] GC(0) ShenandoahScanRememberedTask::do_work(3), processing slice of region 1761 at offset 32768, size: 16384
[0.274s][debug][gc                   ] GC(0) ShenandoahScanRememberedTask::do_work(3), processing slice of region 1761 at offset 49152, size: 16384
[0.274s][debug][gc                   ] GC(0) ShenandoahScanRememberedTask::do_work(3), processing slice of region 1762 at offset 0, size: 16384
[0.274s][debug][gc                   ] GC(0) ShenandoahScanRememberedTask::do_work(3), processing slice of region 1762 at offset 16384, size: 16384
[0.274s][debug][gc                   ] GC(0) ShenandoahScanRememberedTask::do_work(2), processing slice of region 1752 at offset 49152, size: 16384
[0.274s][debug][gc                   ] GC(0) ShenandoahScanRememberedTask::do_work(6), processing slice of region 1760 at offset 16384, size: 16384
[0.274s][debug][gc                   ] GC(0) ShenandoahScanRememberedTask::do_work(4), processing slice of region 1760 at offset 49152, size: 16384
[0.274s][debug][gc                   ] GC(0) ShenandoahScanRememberedTask::do_work(4), processing slice of region 1763 at offset 16384, size: 16384
[0.274s][debug][gc                   ] GC(0) ShenandoahScanRememberedTask::do_work(4), processing slice of region 1763 at offset 32768, size: 16384
[0.274s][debug][gc                   ] GC(0) ShenandoahScanRememberedTask::do_work(7), processing slice of region 1757 at offset 0, size: 16384
[0.274s][debug][gc                   ] GC(0) ShenandoahScanRememberedTask::do_work(7), processing slice of region 1764 at offset 0, size: 16384
[0.274s][debug][gc                   ] GC(0) ShenandoahScanRememberedTask::do_work(7), processing slice of region 1764 at offset 16384, size: 16384
[0.274s][debug][gc                   ] GC(0) ShenandoahScanRememberedTask::do_work(7), processing slice of region 1764 at offset 32768, size: 16384
[0.274s][debug][gc                   ] GC(0) ShenandoahScanRememberedTask::do_work(7), processing slice of region 1764 at offset 49152, size: 16384
[0.274s][debug][gc                   ] GC(0) ShenandoahScanRememberedTask::do_work(7), processing slice of region 1765 at offset 0, size: 16384
[0.274s][debug][gc                   ] GC(0) ShenandoahScanRememberedTask::do_work(7), processing slice of region 1765 at offset 16384, size: 16384
[0.274s][debug][gc                   ] GC(0) ShenandoahScanRememberedTask::do_work(6), processing slice of region 1763 at offset 0, size: 16384
[0.274s][debug][gc                   ] GC(0) ShenandoahScanRememberedTask::do_work(6), processing slice of region 1765 at offset 49152, size: 16384
[0.274s][debug][gc                   ] GC(0) ShenandoahScanRememberedTask::do_work(6), processing slice of region 1766 at offset 0, size: 16384
[0.274s][debug][gc                   ] GC(0) ShenandoahScanRememberedTask::do_work(6), processing slice of region 1766 at offset 16384, size: 16384
[0.274s][debug][gc                   ] GC(0) ShenandoahScanRememberedTask::do_work(6), processing slice of region 1766 at offset 32768, size: 16384
[0.274s][debug][gc                   ] GC(0) ShenandoahScanRememberedTask::do_work(6), processing slice of region 1766 at offset 49152, size: 16384
[0.274s][debug][gc                   ] GC(0) ShenandoahScanRememberedTask::do_work(6), processing slice of region 1767 at offset 0, size: 16384
[0.274s][debug][gc                   ] GC(0) ShenandoahScanRememberedTask::do_work(6), processing slice of region 1767 at offset 16384, size: 16384
[0.274s][debug][gc                   ] GC(0) ShenandoahScanRememberedTask::do_work(6), processing slice of region 1767 at offset 32768, size: 16384
[0.274s][debug][gc                   ] GC(0) ShenandoahScanRememberedTask::do_work(2), processing slice of region 1762 at offset 49152, size: 16384
[0.274s][debug][gc                   ] GC(0) ShenandoahScanRememberedTask::do_work(6), processing slice of region 1767 at offset 49152, size: 16384
[0.274s][debug][gc                   ] GC(0) ShenandoahScanRememberedTask::do_work(2), processing slice of region 1768 at offset 0, size: 16384
[0.274s][debug][gc                   ] GC(0) ShenandoahScanRememberedTask::do_work(4), processing slice of region 1763 at offset 49152, size: 16384
[0.274s][debug][gc                   ] GC(0) ShenandoahScanRememberedTask::do_work(4), processing slice of region 1768 at offset 49152, size: 16384
[0.274s][debug][gc                   ] GC(0) ShenandoahScanRememberedTask::do_work(4), processing slice of region 1769 at offset 0, size: 16384
[0.274s][debug][gc                   ] GC(0) ShenandoahScanRememberedTask::do_work(4), processing slice of region 1769 at offset 16384, size: 16384
[0.274s][debug][gc                   ] GC(0) ShenandoahScanRememberedTask::do_work(4), processing slice of region 1769 at offset 32768, size: 16384
[0.274s][debug][gc                   ] GC(0) ShenandoahScanRememberedTask::do_work(3), processing slice of region 1762 at offset 32768, size: 16384
[0.274s][debug][gc                   ] GC(0) ShenandoahScanRememberedTask::do_work(4), processing slice of region 1769 at offset 49152, size: 16384
[0.274s][debug][gc                   ] GC(0) ShenandoahScanRememberedTask::do_work(3), processing slice of region 1770 at offset 16384, size: 16384
[0.274s][debug][gc                   ] GC(0) ShenandoahScanRememberedTask::do_work(6), processing slice of region 1768 at offset 16384, size: 16384
[0.274s][debug][gc                   ] GC(0) ShenandoahScanRememberedTask::do_work(7), processing slice of region 1765 at offset 32768, size: 16384
[0.274s][debug][gc                   ] GC(0) ShenandoahScanRememberedTask::do_work(6), processing slice of region 1770 at offset 49152, size: 16384
[0.274s][debug][gc                   ] GC(0) ShenandoahScanRememberedTask::do_work(1), processing slice of region 1761 at offset 0, size: 16384
[0.274s][debug][gc                   ] GC(0) ShenandoahScanRememberedTask::do_work(5), processing slice of region 1757 at offset 16384, size: 16384
[0.274s][debug][gc                   ] GC(0) ShenandoahScanRememberedTask::do_work(0), processing slice of region 1760 at offset 0, size: 16384
[0.274s][debug][gc                   ] GC(0) ShenandoahScanRememberedTask::do_work(5), processing slice of region 1771 at offset 49152, size: 16384
[0.274s][debug][gc                   ] GC(0) ShenandoahScanRememberedTask::do_work(5), processing slice of region 1772 at offset 0, size: 16384
[0.274s][debug][gc                   ] GC(0) ShenandoahScanRememberedTask::do_work(3), processing slice of region 1770 at offset 32768, size: 16384
[0.274s][debug][gc                   ] GC(0) ShenandoahScanRememberedTask::do_work(2), processing slice of region 1768 at offset 32768, size: 16384
[0.274s][debug][gc                   ] GC(0) ShenandoahScanRememberedTask::do_work(7), processing slice of region 1771 at offset 0, size: 16384
[0.274s][debug][gc                   ] GC(0) ShenandoahScanRememberedTask::do_work(2), processing slice of region 1773 at offset 0, size: 16384
[0.274s][debug][gc                   ] GC(0) ShenandoahScanRememberedTask::do_work(1), processing slice of region 1771 at offset 32768, size: 16384
[0.274s][debug][gc                   ] GC(0) ShenandoahScanRememberedTask::do_work(4), processing slice of region 1770 at offset 0, size: 16384
[0.274s][debug][gc                   ] GC(0) ShenandoahScanRememberedTask::do_work(1), processing slice of region 1773 at offset 49152, size: 16384
[0.274s][debug][gc                   ] GC(0) ShenandoahScanRememberedTask::do_work(4), processing slice of region 1774 at offset 0, size: 16384
[0.274s][debug][gc                   ] GC(0) ShenandoahScanRememberedTask::do_work(5), processing slice of region 1772 at offset 32768, size: 16384
[0.274s][debug][gc                   ] GC(0) ShenandoahScanRememberedTask::do_work(4), processing slice of region 1774 at offset 32768, size: 16384
[0.274s][debug][gc                   ] GC(0) ShenandoahScanRememberedTask::do_work(6), processing slice of region 1771 at offset 16384, size: 16384
[0.274s][debug][gc                   ] GC(0) ShenandoahScanRememberedTask::do_work(2), processing slice of region 1773 at offset 32768, size: 16384
[0.274s][debug][gc                   ] GC(0) ShenandoahScanRememberedTask::do_work(6), processing slice of region 1775 at offset 16384, size: 16384
[0.274s][debug][gc                   ] GC(0) ShenandoahScanRememberedTask::do_work(6), processing slice of region 1775 at offset 32768, size: 16384
[0.274s][debug][gc                   ] Setting affiliation of Region 533 from FREE to YOUNG, top: 0x00000000d0a80000, TAMS: 0x00000000d0a80000, watermark: 0x00000000d0a80000, top_bitmap: 0x00000000d0a80000
[0.274s][debug][gc                   ] Setting affiliation of Region 534 from FREE to YOUNG, top: 0x00000000d0b00000, TAMS: 0x00000000d0b00000, watermark: 0x00000000d0b00000, top_bitmap: 0x00000000d0b00000
[0.274s][debug][gc                   ] Setting affiliation of Region 535 from FREE to YOUNG, top: 0x00000000d0b80000, TAMS: 0x00000000d0b80000, watermark: 0x00000000d0b80000, top_bitmap: 0x00000000d0b80000
[0.274s][debug][gc                   ] GC(0) ShenandoahScanRememberedTask::do_work(5), processing slice of region 1774 at offset 49152, size: 16384
[0.274s][debug][gc                   ] GC(0) ShenandoahScanRememberedTask::do_work(5), processing slice of region 1776 at offset 16384, size: 16384
[0.274s][debug][gc                   ] GC(0) ShenandoahScanRememberedTask::do_work(0), processing slice of region 1772 at offset 16384, size: 16384
[0.274s][debug][gc                   ] GC(0) ShenandoahScanRememberedTask::do_work(0), processing slice of region 1776 at offset 49152, size: 16384
[0.274s][debug][gc                   ] GC(0) ShenandoahScanRememberedTask::do_work(2), processing slice of region 1775 at offset 49152, size: 16384
[0.274s][debug][gc                   ] GC(0) ShenandoahScanRememberedTask::do_work(2), processing slice of region 1777 at offset 16384, size: 16384
[0.274s][debug][gc                   ] GC(0) ShenandoahScanRememberedTask::do_work(2), processing slice of region 1777 at offset 32768, size: 16384
[0.274s][debug][gc                   ] GC(0) ShenandoahScanRememberedTask::do_work(2), processing slice of region 1777 at offset 49152, size: 16384
[0.274s][debug][gc                   ] GC(0) ShenandoahScanRememberedTask::do_work(2), processing slice of region 1778 at offset 0, size: 16384
[0.274s][debug][gc                   ] GC(0) ShenandoahScanRememberedTask::do_work(2), processing slice of region 1778 at offset 16384, size: 16384
[0.274s][debug][gc                   ] GC(0) ShenandoahScanRememberedTask::do_work(2), processing slice of region 1778 at offset 32768, size: 16384
[0.274s][debug][gc                   ] GC(0) ShenandoahScanRememberedTask::do_work(2), processing slice of region 1778 at offset 49152, size: 16384
[0.274s][debug][gc                   ] GC(0) ShenandoahScanRememberedTask::do_work(2), processing slice of region 1779 at offset 0, size: 16384
[0.274s][debug][gc                   ] GC(0) ShenandoahScanRememberedTask::do_work(2), processing slice of region 1779 at offset 16384, size: 16384
[0.274s][debug][gc                   ] GC(0) ShenandoahScanRememberedTask::do_work(2), processing slice of region 1779 at offset 32768, size: 16384
[0.274s][debug][gc                   ] GC(0) ShenandoahScanRememberedTask::do_work(2), processing slice of region 1779 at offset 49152, size: 16384
[0.274s][debug][gc                   ] GC(0) ShenandoahScanRememberedTask::do_work(2), processing slice of region 1780 at offset 0, size: 16384
[0.274s][debug][gc                   ] GC(0) ShenandoahScanRememberedTask::do_work(2), processing slice of region 1780 at offset 16384, size: 16384
[0.274s][debug][gc                   ] GC(0) ShenandoahScanRememberedTask::do_work(2), processing slice of region 1780 at offset 32768, size: 16384
[0.274s][debug][gc                   ] GC(0) ShenandoahScanRememberedTask::do_work(2), processing slice of region 1780 at offset 49152, size: 16384
[0.274s][debug][gc                   ] GC(0) ShenandoahScanRememberedTask::do_work(2), processing slice of region 1781 at offset 0, size: 16384
[0.274s][debug][gc                   ] GC(0) ShenandoahScanRememberedTask::do_work(2), processing slice of region 1781 at offset 16384, size: 16384
[0.274s][debug][gc                   ] GC(0) ShenandoahScanRememberedTask::do_work(2), processing slice of region 1781 at offset 32768, size: 16384
[0.274s][debug][gc                   ] GC(0) ShenandoahScanRememberedTask::do_work(2), processing slice of region 1781 at offset 49152, size: 16384
[0.274s][debug][gc                   ] GC(0) ShenandoahScanRememberedTask::do_work(2), processing slice of region 1782 at offset 0, size: 16384
[0.274s][debug][gc                   ] GC(0) ShenandoahScanRememberedTask::do_work(2), processing slice of region 1782 at offset 16384, size: 16384
[0.274s][debug][gc                   ] GC(0) ShenandoahScanRememberedTask::do_work(2), processing slice of region 1782 at offset 32768, size: 16384
[0.274s][debug][gc                   ] GC(0) ShenandoahScanRememberedTask::do_work(2), processing slice of region 1782 at offset 49152, size: 16384
[0.274s][debug][gc                   ] GC(0) ShenandoahScanRememberedTask::do_work(2), processing slice of region 1783 at offset 0, size: 16384
[0.274s][debug][gc                   ] GC(0) ShenandoahScanRememberedTask::do_work(2), processing slice of region 1783 at offset 16384, size: 16384
[0.274s][debug][gc                   ] GC(0) ShenandoahScanRememberedTask::do_work(2), processing slice of region 1783 at offset 32768, size: 16384
[0.274s][debug][gc                   ] GC(0) ShenandoahScanRememberedTask::do_work(2), processing slice of region 1783 at offset 49152, size: 16384
[0.274s][debug][gc                   ] GC(0) ShenandoahScanRememberedTask::do_work(2), processing slice of region 1784 at offset 0, size: 16384
[0.274s][debug][gc                   ] GC(0) ShenandoahScanRememberedTask::do_work(0), processing slice of region 1777 at offset 0, size: 16384
[0.274s][debug][gc                   ] GC(0) ShenandoahScanRememberedTask::do_work(0), processing slice of region 1784 at offset 32768, size: 16384
[0.274s][debug][gc                   ] GC(0) ShenandoahScanRememberedTask::do_work(0), processing slice of region 1784 at offset 49152, size: 16384
[0.274s][debug][gc                   ] GC(0) ShenandoahScanRememberedTask::do_work(0), processing slice of region 1785 at offset 0, size: 16384
[0.274s][debug][gc                   ] GC(0) ShenandoahScanRememberedTask::do_work(6), processing slice of region 1776 at offset 0, size: 16384
[0.274s][debug][gc                   ] GC(0) ShenandoahScanRememberedTask::do_work(6), processing slice of region 1785 at offset 32768, size: 16384
[0.274s][debug][gc                   ] GC(0) ShenandoahScanRememberedTask::do_work(6), processing slice of region 1785 at offset 49152, size: 16384
[0.274s][debug][gc                   ] GC(0) ShenandoahScanRememberedTask::do_work(6), processing slice of region 1786 at offset 0, size: 16384
[0.274s][debug][gc                   ] GC(0) ShenandoahScanRememberedTask::do_work(6), processing slice of region 1786 at offset 16384, size: 16384
[0.274s][debug][gc                   ] GC(0) ShenandoahScanRememberedTask::do_work(1), processing slice of region 1774 at offset 16384, size: 16384
[0.274s][debug][gc                   ] GC(0) ShenandoahScanRememberedTask::do_work(1), processing slice of region 1786 at offset 49152, size: 16384
[0.274s][debug][gc                   ] GC(0) ShenandoahScanRememberedTask::do_work(1), processing slice of region 1787 at offset 0, size: 16384
[0.274s][debug][gc                   ] GC(0) ShenandoahScanRememberedTask::do_work(1), processing slice of region 1787 at offset 16384, size: 16384
[0.274s][debug][gc                   ] GC(0) ShenandoahScanRememberedTask::do_work(1), processing slice of region 1787 at offset 32768, size: 16384
[0.274s][debug][gc                   ] GC(0) ShenandoahScanRememberedTask::do_work(3), processing slice of region 1772 at offset 49152, size: 16384
[0.274s][debug][gc                   ] GC(0) ShenandoahScanRememberedTask::do_work(3), processing slice of region 1788 at offset 0, size: 16384
[0.274s][debug][gc                   ] GC(0) ShenandoahScanRememberedTask::do_work(3), processing slice of region 1788 at offset 16384, size: 16384
[0.274s][debug][gc                   ] GC(0) ShenandoahScanRememberedTask::do_work(3), processing slice of region 1788 at offset 32768, size: 16384
[0.274s][debug][gc                   ] GC(0) ShenandoahScanRememberedTask::do_work(3), processing slice of region 1788 at offset 49152, size: 16384
[0.274s][debug][gc                   ] GC(0) ShenandoahScanRememberedTask::do_work(4), processing slice of region 1775 at offset 0, size: 16384
[0.274s][debug][gc                   ] GC(0) ShenandoahScanRememberedTask::do_work(4), processing slice of region 1789 at offset 16384, size: 16384
[0.274s][debug][gc                   ] GC(0) ShenandoahScanRememberedTask::do_work(4), processing slice of region 1789 at offset 32768, size: 16384
[0.274s][debug][gc                   ] GC(0) ShenandoahScanRememberedTask::do_work(4), processing slice of region 1789 at offset 49152, size: 16384
[0.274s][debug][gc                   ] GC(0) ShenandoahScanRememberedTask::do_work(4), processing slice of region 1790 at offset 0, size: 16384
[0.274s][debug][gc                   ] GC(0) ShenandoahScanRememberedTask::do_work(4), processing slice of region 1790 at offset 16384, size: 16384
[0.274s][debug][gc                   ] GC(0) ShenandoahScanRememberedTask::do_work(4), processing slice of region 1790 at offset 32768, size: 16384
[0.274s][debug][gc                   ] GC(0) ShenandoahScanRememberedTask::do_work(4), processing slice of region 1790 at offset 49152, size: 16384
[0.274s][debug][gc                   ] GC(0) ShenandoahScanRememberedTask::do_work(4), processing slice of region 1791 at offset 0, size: 16384
[0.274s][debug][gc                   ] GC(0) ShenandoahScanRememberedTask::do_work(4), processing slice of region 1791 at offset 16384, size: 16384
[0.274s][debug][gc                   ] GC(0) ShenandoahScanRememberedTask::do_work(4), processing slice of region 1791 at offset 32768, size: 16384
[0.274s][debug][gc                   ] GC(0) ShenandoahScanRememberedTask::do_work(4), processing slice of region 1791 at offset 49152, size: 16384
[0.274s][debug][gc                   ] GC(0) ShenandoahScanRememberedTask::do_work(4), processing slice of region 1792 at offset 0, size: 16384
[0.274s][debug][gc                   ] GC(0) ShenandoahScanRememberedTask::do_work(4), processing slice of region 1792 at offset 16384, size: 16384
[0.274s][debug][gc                   ] GC(0) ShenandoahScanRememberedTask::do_work(4), processing slice of region 1792 at offset 32768, size: 16384
[0.274s][debug][gc                   ] GC(0) ShenandoahScanRememberedTask::do_work(4), processing slice of region 1792 at offset 49152, size: 16384
[0.274s][debug][gc                   ] GC(0) ShenandoahScanRememberedTask::do_work(4), processing slice of region 1793 at offset 0, size: 16384
[0.274s][debug][gc                   ] GC(0) ShenandoahScanRememberedTask::do_work(4), processing slice of region 1793 at offset 16384, size: 16384
[0.274s][debug][gc                   ] GC(0) ShenandoahScanRememberedTask::do_work(4), processing slice of region 1793 at offset 32768, size: 16384
[0.274s][debug][gc                   ] GC(0) ShenandoahScanRememberedTask::do_work(4), processing slice of region 1793 at offset 49152, size: 16384
[0.274s][debug][gc                   ] GC(0) ShenandoahScanRememberedTask::do_work(4), processing slice of region 1794 at offset 0, size: 16384
[0.274s][debug][gc                   ] GC(0) ShenandoahScanRememberedTask::do_work(4), processing slice of region 1794 at offset 16384, size: 16384
[0.274s][debug][gc                   ] GC(0) ShenandoahScanRememberedTask::do_work(6), processing slice of region 1786 at offset 32768, size: 16384
[0.274s][debug][gc                   ] GC(0) ShenandoahScanRememberedTask::do_work(4), processing slice of region 1794 at offset 32768, size: 16384
[0.274s][debug][gc                   ] GC(0) ShenandoahScanRememberedTask::do_work(4), processing slice of region 1794 at offset 49152, size: 16384
[0.274s][debug][gc                   ] GC(0) ShenandoahScanRememberedTask::do_work(6), processing slice of region 1795 at offset 0, size: 16384
[0.274s][debug][gc                   ] GC(0) ShenandoahScanRememberedTask::do_work(1), processing slice of region 1787 at offset 49152, size: 16384
[0.274s][debug][gc                   ] GC(0) ShenandoahScanRememberedTask::do_work(3), processing slice of region 1789 at offset 0, size: 16384
[0.274s][debug][gc                   ] GC(0) ShenandoahScanRememberedTask::do_work(5), processing slice of region 1776 at offset 32768, size: 16384
[0.274s][debug][gc                   ] GC(0) ShenandoahScanRememberedTask::do_work(5), processing slice of region 1796 at offset 16384, size: 16384
[0.274s][debug][gc                   ] GC(0) ShenandoahScanRememberedTask::do_work(5), processing slice of region 1796 at offset 32768, size: 16384
[0.274s][debug][gc                   ] GC(0) ShenandoahScanRememberedTask::do_work(0), processing slice of region 1785 at offset 16384, size: 16384
[0.274s][debug][gc                   ] GC(0) ShenandoahScanRememberedTask::do_work(0), processing slice of region 1797 at offset 0, size: 16384
[0.274s][debug][gc                   ] GC(0) ShenandoahScanRememberedTask::do_work(0), processing slice of region 1797 at offset 16384, size: 16384
[0.274s][debug][gc                   ] GC(0) ShenandoahScanRememberedTask::do_work(0), processing slice of region 1797 at offset 32768, size: 16384
[0.274s][debug][gc                   ] GC(0) ShenandoahScanRememberedTask::do_work(0), processing slice of region 1797 at offset 49152, size: 16384
[0.274s][debug][gc                   ] GC(0) ShenandoahScanRememberedTask::do_work(0), processing slice of region 1798 at offset 0, size: 16384
[0.274s][debug][gc                   ] GC(0) ShenandoahScanRememberedTask::do_work(0), processing slice of region 1798 at offset 16384, size: 16384
[0.274s][debug][gc                   ] GC(0) ShenandoahScanRememberedTask::do_work(0), processing slice of region 1798 at offset 32768, size: 16384
[0.274s][debug][gc                   ] GC(0) ShenandoahScanRememberedTask::do_work(0), processing slice of region 1798 at offset 49152, size: 16384
[0.274s][debug][gc                   ] GC(0) ShenandoahScanRememberedTask::do_work(0), processing slice of region 1799 at offset 0, size: 16384
[0.274s][debug][gc                   ] GC(0) ShenandoahScanRememberedTask::do_work(0), processing slice of region 1799 at offset 16384, size: 16384
[0.274s][debug][gc                   ] GC(0) ShenandoahScanRememberedTask::do_work(0), processing slice of region 1799 at offset 32768, size: 16384
[0.274s][debug][gc                   ] GC(0) ShenandoahScanRememberedTask::do_work(0), processing slice of region 1799 at offset 49152, size: 16384
[0.274s][debug][gc                   ] GC(0) ShenandoahScanRememberedTask::do_work(0), processing slice of region 1800 at offset 0, size: 16384
[0.274s][debug][gc                   ] GC(0) ShenandoahScanRememberedTask::do_work(0), processing slice of region 1800 at offset 16384, size: 16384
[0.274s][debug][gc                   ] GC(0) ShenandoahScanRememberedTask::do_work(0), processing slice of region 1800 at offset 32768, size: 16384
[0.274s][debug][gc                   ] GC(0) ShenandoahScanRememberedTask::do_work(0), processing slice of region 1800 at offset 49152, size: 16384
[0.274s][debug][gc                   ] GC(0) ShenandoahScanRememberedTask::do_work(0), processing slice of region 1801 at offset 0, size: 16384
[0.274s][debug][gc                   ] GC(0) ShenandoahScanRememberedTask::do_work(0), processing slice of region 1801 at offset 16384, size: 16384
[0.274s][debug][gc                   ] GC(0) ShenandoahScanRememberedTask::do_work(0), processing slice of region 1801 at offset 32768, size: 16384
[0.274s][debug][gc                   ] GC(0) ShenandoahScanRememberedTask::do_work(0), processing slice of region 1801 at offset 49152, size: 16384
[0.274s][debug][gc                   ] GC(0) ShenandoahScanRememberedTask::do_work(0), processing slice of region 1802 at offset 0, size: 16384
[0.274s][debug][gc                   ] GC(0) ShenandoahScanRememberedTask::do_work(0), processing slice of region 1802 at offset 16384, size: 16384
[0.274s][debug][gc                   ] GC(0) ShenandoahScanRememberedTask::do_work(0), processing slice of region 1802 at offset 32768, size: 16384
[0.274s][debug][gc                   ] GC(0) ShenandoahScanRememberedTask::do_work(0), processing slice of region 1802 at offset 49152, size: 16384
[0.274s][debug][gc                   ] GC(0) ShenandoahScanRememberedTask::do_work(0), processing slice of region 1803 at offset 0, size: 16384
[0.274s][debug][gc                   ] GC(0) ShenandoahScanRememberedTask::do_work(0), processing slice of region 1803 at offset 16384, size: 16384
[0.274s][debug][gc                   ] GC(0) ShenandoahScanRememberedTask::do_work(0), processing slice of region 1803 at offset 32768, size: 16384
[0.274s][debug][gc                   ] GC(0) ShenandoahScanRememberedTask::do_work(0), processing slice of region 1803 at offset 49152, size: 16384
[0.274s][debug][gc                   ] GC(0) ShenandoahScanRememberedTask::do_work(0), processing slice of region 1804 at offset 0, size: 16384
[0.274s][debug][gc                   ] GC(0) ShenandoahScanRememberedTask::do_work(0), processing slice of region 1804 at offset 16384, size: 16384
[0.274s][debug][gc                   ] GC(0) ShenandoahScanRememberedTask::do_work(0), processing slice of region 1804 at offset 32768, size: 16384
[0.274s][debug][gc                   ] GC(0) ShenandoahScanRememberedTask::do_work(0), processing slice of region 1804 at offset 49152, size: 16384
[0.274s][debug][gc                   ] GC(0) ShenandoahScanRememberedTask::do_work(0), processing slice of region 1805 at offset 0, size: 16384
[0.274s][debug][gc                   ] GC(0) ShenandoahScanRememberedTask::do_work(0), processing slice of region 1805 at offset 16384, size: 16384
[0.275s][debug][gc                   ] GC(0) ShenandoahScanRememberedTask::do_work(0), processing slice of region 1805 at offset 32768, size: 16384
[0.275s][debug][gc                   ] GC(0) ShenandoahScanRememberedTask::do_work(0), processing slice of region 1805 at offset 49152, size: 16384
[0.275s][debug][gc                   ] GC(0) ShenandoahScanRememberedTask::do_work(0), processing slice of region 1806 at offset 0, size: 16384
[0.275s][debug][gc                   ] GC(0) ShenandoahScanRememberedTask::do_work(0), processing slice of region 1806 at offset 16384, size: 16384
[0.275s][debug][gc                   ] GC(0) ShenandoahScanRememberedTask::do_work(0), processing slice of region 1806 at offset 32768, size: 16384
[0.275s][debug][gc                   ] GC(0) ShenandoahScanRememberedTask::do_work(0), processing slice of region 1806 at offset 49152, size: 16384
[0.275s][debug][gc                   ] GC(0) ShenandoahScanRememberedTask::do_work(0), processing slice of region 1807 at offset 0, size: 16384
[0.275s][debug][gc                   ] GC(0) ShenandoahScanRememberedTask::do_work(0), processing slice of region 1807 at offset 16384, size: 16384
[0.275s][debug][gc                   ] GC(0) ShenandoahScanRememberedTask::do_work(0), processing slice of region 1807 at offset 32768, size: 16384
[0.275s][debug][gc                   ] GC(0) ShenandoahScanRememberedTask::do_work(0), processing slice of region 1807 at offset 49152, size: 16384
[0.275s][debug][gc                   ] GC(0) ShenandoahScanRememberedTask::do_work(0), processing slice of region 1808 at offset 0, size: 16384
[0.275s][debug][gc                   ] GC(0) ShenandoahScanRememberedTask::do_work(0), processing slice of region 1808 at offset 16384, size: 16384
[0.275s][debug][gc                   ] GC(0) ShenandoahScanRememberedTask::do_work(0), processing slice of region 1808 at offset 32768, size: 16384
[0.275s][debug][gc                   ] GC(0) ShenandoahScanRememberedTask::do_work(0), processing slice of region 1808 at offset 49152, size: 16384
[0.275s][debug][gc                   ] GC(0) ShenandoahScanRememberedTask::do_work(0), processing slice of region 1809 at offset 0, size: 16384
[0.275s][debug][gc                   ] GC(0) ShenandoahScanRememberedTask::do_work(0), processing slice of region 1809 at offset 16384, size: 16384
[0.275s][debug][gc                   ] GC(0) ShenandoahScanRememberedTask::do_work(0), processing slice of region 1809 at offset 32768, size: 16384
[0.275s][debug][gc                   ] GC(0) ShenandoahScanRememberedTask::do_work(0), processing slice of region 1809 at offset 49152, size: 16384
[0.275s][debug][gc                   ] GC(0) ShenandoahScanRememberedTask::do_work(0), processing slice of region 1810 at offset 0, size: 16384
[0.275s][debug][gc                   ] GC(0) ShenandoahScanRememberedTask::do_work(0), processing slice of region 1810 at offset 16384, size: 16384
[0.275s][debug][gc                   ] GC(0) ShenandoahScanRememberedTask::do_work(0), processing slice of region 1810 at offset 32768, size: 16384
[0.275s][debug][gc                   ] GC(0) ShenandoahScanRememberedTask::do_work(0), processing slice of region 1810 at offset 49152, size: 16384
[0.293s][debug][gc                   ] GC(0) ShenandoahScanRememberedTask::do_work(0), processing slice of region 1811 at offset 0, size: 16384
[0.293s][debug][gc                   ] GC(0) ShenandoahScanRememberedTask::do_work(0), processing slice of region 1811 at offset 16384, size: 16384
[0.293s][debug][gc                   ] GC(0) ShenandoahScanRememberedTask::do_work(0), processing slice of region 1811 at offset 32768, size: 16384
[0.293s][debug][gc                   ] GC(0) ShenandoahScanRememberedTask::do_work(0), processing slice of region 1811 at offset 49152, size: 16384
[0.293s][debug][gc                   ] GC(0) ShenandoahScanRememberedTask::do_work(0), processing slice of region 1812 at offset 0, size: 16384
[0.274s][debug][gc                   ] GC(0) ShenandoahScanRememberedTask::do_work(6), processing slice of region 1795 at offset 32768, size: 16384
[0.293s][debug][gc                   ] GC(0) ShenandoahScanRememberedTask::do_work(6), processing slice of region 1812 at offset 32768, size: 16384
[0.293s][debug][gc                   ] GC(0) ShenandoahScanRememberedTask::do_work(6), processing slice of region 1812 at offset 49152, size: 16384
[0.293s][debug][gc                   ] GC(0) ShenandoahScanRememberedTask::do_work(6), processing slice of region 1813 at offset 0, size: 16384
[0.293s][debug][gc                   ] GC(0) ShenandoahScanRememberedTask::do_work(6), processing slice of region 1813 at offset 16384, size: 16384
[0.293s][debug][gc                   ] GC(0) ShenandoahScanRememberedTask::do_work(6), processing slice of region 1813 at offset 32768, size: 16384
[0.293s][debug][gc                   ] GC(0) ShenandoahScanRememberedTask::do_work(6), processing slice of region 1813 at offset 49152, size: 16384
[0.293s][debug][gc                   ] GC(0) ShenandoahScanRememberedTask::do_work(6), processing slice of region 1814 at offset 0, size: 16384
[0.274s][debug][gc                   ] GC(0) ShenandoahScanRememberedTask::do_work(7), processing slice of region 1773 at offset 16384, size: 16384
[0.274s][debug][gc                   ] GC(0) ShenandoahScanRememberedTask::do_work(2), processing slice of region 1784 at offset 16384, size: 16384
[0.293s][debug][gc                   ] GC(0) ShenandoahScanRememberedTask::do_work(2), processing slice of region 1814 at offset 49152, size: 16384
[0.274s][debug][gc                   ] GC(0) ShenandoahScanRememberedTask::do_work(5), processing slice of region 1796 at offset 49152, size: 16384
[0.275s][debug][gc                   ] Setting affiliation of Region 536 from FREE to YOUNG, top: 0x00000000d0c00000, TAMS: 0x00000000d0c00000, watermark: 0x00000000d0c00000, top_bitmap: 0x00000000d0c00000
[0.293s][debug][gc                   ] GC(0) ShenandoahScanRememberedTask::do_work(0), processing slice of region 1812 at offset 16384, size: 16384
[0.293s][debug][gc                   ] Setting affiliation of Region 537 from FREE to YOUNG, top: 0x00000000d0c80000, TAMS: 0x00000000d0c80000, watermark: 0x00000000d0c80000, top_bitmap: 0x00000000d0c80000
[0.293s][debug][gc                   ] GC(0) ShenandoahScanRememberedTask::do_work(0), processing slice of region 1815 at offset 32768, size: 16384
[0.293s][debug][gc                   ] GC(0) ShenandoahScanRememberedTask::do_work(0), processing slice of region 1815 at offset 49152, size: 16384
[0.274s][debug][gc                   ] GC(0) ShenandoahScanRememberedTask::do_work(3), processing slice of region 1796 at offset 0, size: 16384
[0.293s][debug][gc                   ] GC(0) ShenandoahScanRememberedTask::do_work(6), processing slice of region 1814 at offset 16384, size: 16384
[0.293s][debug][gc                   ] GC(0) ShenandoahScanRememberedTask::do_work(6), processing slice of region 1816 at offset 32768, size: 16384
[0.293s][debug][gc                   ] GC(0) ShenandoahScanRememberedTask::do_work(6), processing slice of region 1816 at offset 49152, size: 16384
[0.293s][debug][gc                   ] GC(0) ShenandoahScanRememberedTask::do_work(6), processing slice of region 1817 at offset 0, size: 16384
[0.293s][debug][gc                   ] GC(0) ShenandoahScanRememberedTask::do_work(6), processing slice of region 1817 at offset 16384, size: 16384
[0.293s][debug][gc                   ] GC(0) ShenandoahScanRememberedTask::do_work(6), processing slice of region 1817 at offset 32768, size: 16384
[0.293s][debug][gc                   ] GC(0) ShenandoahScanRememberedTask::do_work(6), processing slice of region 1817 at offset 49152, size: 16384
[0.293s][debug][gc                   ] GC(0) ShenandoahScanRememberedTask::do_work(6), processing slice of region 1818 at offset 0, size: 16384
[0.293s][debug][gc                   ] GC(0) ShenandoahScanRememberedTask::do_work(6), processing slice of region 1818 at offset 16384, size: 16384
[0.293s][debug][gc                   ] GC(0) ShenandoahScanRememberedTask::do_work(6), processing slice of region 1818 at offset 32768, size: 16384
[0.293s][debug][gc                   ] GC(0) ShenandoahScanRememberedTask::do_work(6), processing slice of region 1818 at offset 49152, size: 16384
[0.293s][debug][gc                   ] GC(0) ShenandoahScanRememberedTask::do_work(6), processing slice of region 1819 at offset 0, size: 16384
[0.293s][debug][gc                   ] GC(0) ShenandoahScanRememberedTask::do_work(6), processing slice of region 1819 at offset 16384, size: 16384
[0.293s][debug][gc                   ] GC(0) ShenandoahScanRememberedTask::do_work(6), processing slice of region 1819 at offset 32768, size: 16384
[0.293s][debug][gc                   ] GC(0) ShenandoahScanRememberedTask::do_work(6), processing slice of region 1819 at offset 49152, size: 16384
[0.293s][debug][gc                   ] GC(0) ShenandoahScanRememberedTask::do_work(6), processing slice of region 1820 at offset 0, size: 16384
[0.293s][debug][gc                   ] GC(0) ShenandoahScanRememberedTask::do_work(6), processing slice of region 1820 at offset 16384, size: 16384
[0.293s][debug][gc                   ] GC(0) ShenandoahScanRememberedTask::do_work(6), processing slice of region 1820 at offset 32768, size: 16384
[0.293s][debug][gc                   ] GC(0) ShenandoahScanRememberedTask::do_work(6), processing slice of region 1820 at offset 49152, size: 16384
[0.293s][debug][gc                   ] GC(0) ShenandoahScanRememberedTask::do_work(6), processing slice of region 1821 at offset 0, size: 16384
[0.293s][debug][gc                   ] GC(0) ShenandoahScanRememberedTask::do_work(6), processing slice of region 1821 at offset 16384, size: 16384
[0.293s][debug][gc                   ] GC(0) ShenandoahScanRememberedTask::do_work(6), processing slice of region 1821 at offset 32768, size: 16384
[0.293s][debug][gc                   ] GC(0) ShenandoahScanRememberedTask::do_work(6), processing slice of region 1821 at offset 49152, size: 16384
[0.293s][debug][gc                   ] GC(0) ShenandoahScanRememberedTask::do_work(6), processing slice of region 1822 at offset 0, size: 16384
[0.293s][debug][gc                   ] GC(0) ShenandoahScanRememberedTask::do_work(6), processing slice of region 1822 at offset 16384, size: 16384
[0.293s][debug][gc                   ] GC(0) ShenandoahScanRememberedTask::do_work(6), processing slice of region 1822 at offset 32768, size: 16384
[0.294s][debug][gc                   ] GC(0) ShenandoahScanRememberedTask::do_work(6), processing slice of region 1822 at offset 49152, size: 16384
[0.294s][debug][gc                   ] GC(0) ShenandoahScanRememberedTask::do_work(6), processing slice of region 1823 at offset 0, size: 16384
[0.294s][debug][gc                   ] GC(0) ShenandoahScanRememberedTask::do_work(6), processing slice of region 1823 at offset 16384, size: 16384
[0.294s][debug][gc                   ] GC(0) ShenandoahScanRememberedTask::do_work(6), processing slice of region 1823 at offset 32768, size: 16384
[0.294s][debug][gc                   ] GC(0) ShenandoahScanRememberedTask::do_work(6), processing slice of region 1823 at offset 49152, size: 16384
[0.294s][debug][gc                   ] GC(0) ShenandoahScanRememberedTask::do_work(6), processing slice of region 1824 at offset 0, size: 16384
[0.294s][debug][gc                   ] GC(0) ShenandoahScanRememberedTask::do_work(6), processing slice of region 1824 at offset 16384, size: 16384
[0.294s][debug][gc                   ] GC(0) ShenandoahScanRememberedTask::do_work(6), processing slice of region 1824 at offset 32768, size: 16384
[0.294s][debug][gc                   ] GC(0) ShenandoahScanRememberedTask::do_work(6), processing slice of region 1824 at offset 49152, size: 16384
[0.294s][debug][gc                   ] GC(0) ShenandoahScanRememberedTask::do_work(6), processing slice of region 1825 at offset 0, size: 16384
[0.294s][debug][gc                   ] GC(0) ShenandoahScanRememberedTask::do_work(6), processing slice of region 1825 at offset 16384, size: 16384
[0.294s][debug][gc                   ] GC(0) ShenandoahScanRememberedTask::do_work(6), processing slice of region 1825 at offset 32768, size: 16384
[0.294s][debug][gc                   ] GC(0) ShenandoahScanRememberedTask::do_work(6), processing slice of region 1825 at offset 49152, size: 16384
[0.294s][debug][gc                   ] GC(0) ShenandoahScanRememberedTask::do_work(6), processing slice of region 1826 at offset 0, size: 16384
[0.294s][debug][gc                   ] GC(0) ShenandoahScanRememberedTask::do_work(6), processing slice of region 1826 at offset 16384, size: 16384
[0.294s][debug][gc                   ] GC(0) ShenandoahScanRememberedTask::do_work(6), processing slice of region 1826 at offset 32768, size: 16384
[0.294s][debug][gc                   ] GC(0) ShenandoahScanRememberedTask::do_work(6), processing slice of region 1826 at offset 49152, size: 16384
[0.294s][debug][gc                   ] GC(0) ShenandoahScanRememberedTask::do_work(6), processing slice of region 1827 at offset 0, size: 16384
[0.294s][debug][gc                   ] GC(0) ShenandoahScanRememberedTask::do_work(6), processing slice of region 1827 at offset 16384, size: 16384
[0.294s][debug][gc                   ] GC(0) ShenandoahScanRememberedTask::do_work(6), processing slice of region 1827 at offset 32768, size: 16384
[0.294s][debug][gc                   ] GC(0) ShenandoahScanRememberedTask::do_work(6), processing slice of region 1827 at offset 49152, size: 16384
[0.294s][debug][gc                   ] GC(0) ShenandoahScanRememberedTask::do_work(6), processing slice of region 1828 at offset 0, size: 16384
[0.294s][debug][gc                   ] GC(0) ShenandoahScanRememberedTask::do_work(6), processing slice of region 1828 at offset 16384, size: 16384
[0.294s][debug][gc                   ] GC(0) ShenandoahScanRememberedTask::do_work(6), processing slice of region 1828 at offset 32768, size: 16384
[0.294s][debug][gc                   ] GC(0) ShenandoahScanRememberedTask::do_work(6), processing slice of region 1828 at offset 49152, size: 16384
[0.294s][debug][gc                   ] GC(0) ShenandoahScanRememberedTask::do_work(6), processing slice of region 1829 at offset 0, size: 16384
[0.294s][debug][gc                   ] GC(0) ShenandoahScanRememberedTask::do_work(6), processing slice of region 1829 at offset 16384, size: 16384
[0.294s][debug][gc                   ] GC(0) ShenandoahScanRememberedTask::do_work(6), processing slice of region 1829 at offset 32768, size: 16384
[0.294s][debug][gc                   ] GC(0) ShenandoahScanRememberedTask::do_work(6), processing slice of region 1829 at offset 49152, size: 16384
[0.294s][debug][gc                   ] GC(0) ShenandoahScanRememberedTask::do_work(6), processing slice of region 1830 at offset 0, size: 16384
[0.294s][debug][gc                   ] GC(0) ShenandoahScanRememberedTask::do_work(6), processing slice of region 1830 at offset 16384, size: 16384
[0.294s][debug][gc                   ] GC(0) ShenandoahScanRememberedTask::do_work(6), processing slice of region 1830 at offset 32768, size: 16384
[0.293s][debug][gc                   ] GC(0) ShenandoahScanRememberedTask::do_work(3), processing slice of region 1816 at offset 16384, size: 16384
[0.294s][debug][gc                   ] GC(0) ShenandoahScanRememberedTask::do_work(3), processing slice of region 1831 at offset 0, size: 16384
[0.294s][debug][gc                   ] GC(0) ShenandoahScanRememberedTask::do_work(3), processing slice of region 1831 at offset 16384, size: 16384
[0.294s][debug][gc                   ] GC(0) ShenandoahScanRememberedTask::do_work(3), processing slice of region 1831 at offset 32768, size: 16384
[0.294s][debug][gc                   ] GC(0) ShenandoahScanRememberedTask::do_work(3), processing slice of region 1831 at offset 49152, size: 16384
[0.294s][debug][gc                   ] GC(0) ShenandoahScanRememberedTask::do_work(3), processing slice of region 1832 at offset 0, size: 16384
[0.294s][debug][gc                   ] GC(0) ShenandoahScanRememberedTask::do_work(3), processing slice of region 1832 at offset 16384, size: 16384
[0.294s][debug][gc                   ] GC(0) ShenandoahScanRememberedTask::do_work(3), processing slice of region 1832 at offset 32768, size: 16384
[0.294s][debug][gc                   ] GC(0) ShenandoahScanRememberedTask::do_work(3), processing slice of region 1832 at offset 49152, size: 16384
[0.294s][debug][gc                   ] GC(0) ShenandoahScanRememberedTask::do_work(3), processing slice of region 1833 at offset 0, size: 16384
[0.294s][debug][gc                   ] GC(0) ShenandoahScanRememberedTask::do_work(3), processing slice of region 1833 at offset 16384, size: 16384
[0.294s][debug][gc                   ] GC(0) ShenandoahScanRememberedTask::do_work(3), processing slice of region 1833 at offset 32768, size: 16384
[0.294s][debug][gc                   ] GC(0) ShenandoahScanRememberedTask::do_work(3), processing slice of region 1833 at offset 49152, size: 16384
[0.294s][debug][gc                   ] GC(0) ShenandoahScanRememberedTask::do_work(3), processing slice of region 1834 at offset 0, size: 16384
[0.294s][debug][gc                   ] GC(0) ShenandoahScanRememberedTask::do_work(3), processing slice of region 1834 at offset 16384, size: 16384
[0.294s][debug][gc                   ] GC(0) ShenandoahScanRememberedTask::do_work(3), processing slice of region 1834 at offset 32768, size: 16384
[0.294s][debug][gc                   ] GC(0) ShenandoahScanRememberedTask::do_work(3), processing slice of region 1834 at offset 49152, size: 16384
[0.294s][debug][gc                   ] GC(0) ShenandoahScanRememberedTask::do_work(3), processing slice of region 1835 at offset 0, size: 16384
[0.294s][debug][gc                   ] GC(0) ShenandoahScanRememberedTask::do_work(3), processing slice of region 1835 at offset 16384, size: 16384
[0.294s][debug][gc                   ] GC(0) ShenandoahScanRememberedTask::do_work(3), processing slice of region 1835 at offset 32768, size: 16384
[0.294s][debug][gc                   ] GC(0) ShenandoahScanRememberedTask::do_work(3), processing slice of region 1835 at offset 49152, size: 16384
[0.294s][debug][gc                   ] GC(0) ShenandoahScanRememberedTask::do_work(3), processing slice of region 1836 at offset 0, size: 16384
[0.294s][debug][gc                   ] GC(0) ShenandoahScanRememberedTask::do_work(3), processing slice of region 1836 at offset 16384, size: 16384
[0.294s][debug][gc                   ] GC(0) ShenandoahScanRememberedTask::do_work(3), processing slice of region 1836 at offset 32768, size: 16384
[0.294s][debug][gc                   ] GC(0) ShenandoahScanRememberedTask::do_work(3), processing slice of region 1836 at offset 49152, size: 16384
[0.294s][debug][gc                   ] GC(0) ShenandoahScanRememberedTask::do_work(3), processing slice of region 1837 at offset 0, size: 16384
[0.294s][debug][gc                   ] GC(0) ShenandoahScanRememberedTask::do_work(3), processing slice of region 1837 at offset 16384, size: 16384
[0.294s][debug][gc                   ] GC(0) ShenandoahScanRememberedTask::do_work(3), processing slice of region 1837 at offset 32768, size: 16384
[0.294s][debug][gc                   ] GC(0) ShenandoahScanRememberedTask::do_work(3), processing slice of region 1837 at offset 49152, size: 16384
[0.294s][debug][gc                   ] GC(0) ShenandoahScanRememberedTask::do_work(3), processing slice of region 1838 at offset 0, size: 16384
[0.294s][debug][gc                   ] GC(0) ShenandoahScanRememberedTask::do_work(3), processing slice of region 1838 at offset 16384, size: 16384
[0.294s][debug][gc                   ] GC(0) ShenandoahScanRememberedTask::do_work(3), processing slice of region 1838 at offset 32768, size: 16384
[0.294s][debug][gc                   ] GC(0) ShenandoahScanRememberedTask::do_work(3), processing slice of region 1838 at offset 49152, size: 16384
[0.294s][debug][gc                   ] GC(0) ShenandoahScanRememberedTask::do_work(3), processing slice of region 1839 at offset 0, size: 16384
[0.294s][debug][gc                   ] GC(0) ShenandoahScanRememberedTask::do_work(3), processing slice of region 1839 at offset 16384, size: 16384
[0.294s][debug][gc                   ] GC(0) ShenandoahScanRememberedTask::do_work(3), processing slice of region 1839 at offset 32768, size: 16384
[0.294s][debug][gc                   ] GC(0) ShenandoahScanRememberedTask::do_work(3), processing slice of region 1839 at offset 49152, size: 16384
[0.293s][debug][gc                   ] GC(0) ShenandoahScanRememberedTask::do_work(2), processing slice of region 1815 at offset 0, size: 16384
[0.294s][debug][gc                   ] GC(0) ShenandoahScanRememberedTask::do_work(2), processing slice of region 1840 at offset 16384, size: 16384
[0.294s][debug][gc                   ] GC(0) ShenandoahScanRememberedTask::do_work(2), processing slice of region 1840 at offset 32768, size: 16384
[0.294s][debug][gc                   ] GC(0) ShenandoahScanRememberedTask::do_work(2), processing slice of region 1840 at offset 49152, size: 16384
[0.294s][debug][gc                   ] GC(0) ShenandoahScanRememberedTask::do_work(2), processing slice of region 1841 at offset 0, size: 16384
[0.294s][debug][gc                   ] GC(0) ShenandoahScanRememberedTask::do_work(2), processing slice of region 1841 at offset 16384, size: 16384
[0.294s][debug][gc                   ] GC(0) ShenandoahScanRememberedTask::do_work(2), processing slice of region 1841 at offset 32768, size: 16384
[0.294s][debug][gc                   ] GC(0) ShenandoahScanRememberedTask::do_work(2), processing slice of region 1841 at offset 49152, size: 16384
[0.294s][debug][gc                   ] GC(0) ShenandoahScanRememberedTask::do_work(2), processing slice of region 1842 at offset 0, size: 16384
[0.294s][debug][gc                   ] GC(0) ShenandoahScanRememberedTask::do_work(2), processing slice of region 1842 at offset 16384, size: 16384
[0.294s][debug][gc                   ] GC(0) ShenandoahScanRememberedTask::do_work(2), processing slice of region 1842 at offset 32768, size: 16384
[0.294s][debug][gc                   ] GC(0) ShenandoahScanRememberedTask::do_work(2), processing slice of region 1842 at offset 49152, size: 16384
[0.294s][debug][gc                   ] GC(0) ShenandoahScanRememberedTask::do_work(2), processing slice of region 1843 at offset 0, size: 16384
[0.294s][debug][gc                   ] GC(0) ShenandoahScanRememberedTask::do_work(2), processing slice of region 1843 at offset 16384, size: 16384
[0.294s][debug][gc                   ] GC(0) ShenandoahScanRememberedTask::do_work(2), processing slice of region 1843 at offset 32768, size: 16384
[0.294s][debug][gc                   ] GC(0) ShenandoahScanRememberedTask::do_work(2), processing slice of region 1843 at offset 49152, size: 16384
[0.294s][debug][gc                   ] GC(0) ShenandoahScanRememberedTask::do_work(2), processing slice of region 1844 at offset 0, size: 16384
[0.294s][debug][gc                   ] GC(0) ShenandoahScanRememberedTask::do_work(2), processing slice of region 1844 at offset 16384, size: 16384
[0.294s][debug][gc                   ] GC(0) ShenandoahScanRememberedTask::do_work(2), processing slice of region 1844 at offset 32768, size: 16384
[0.294s][debug][gc                   ] GC(0) ShenandoahScanRememberedTask::do_work(2), processing slice of region 1844 at offset 49152, size: 16384
[0.274s][debug][gc                   ] GC(0) ShenandoahScanRememberedTask::do_work(1), processing slice of region 1795 at offset 49152, size: 16384
[0.294s][debug][gc                   ] GC(0) ShenandoahScanRememberedTask::do_work(1), processing slice of region 1845 at offset 16384, size: 16384
[0.294s][debug][gc                   ] GC(0) ShenandoahScanRememberedTask::do_work(1), processing slice of region 1845 at offset 32768, size: 16384
[0.294s][debug][gc                   ] GC(0) ShenandoahScanRememberedTask::do_work(1), processing slice of region 1845 at offset 49152, size: 16384
[0.294s][debug][gc                   ] GC(0) ShenandoahScanRememberedTask::do_work(1), processing slice of region 1846 at offset 0, size: 16384
[0.293s][debug][gc                   ] GC(0) ShenandoahScanRememberedTask::do_work(0), processing slice of region 1816 at offset 0, size: 16384
[0.294s][debug][gc                   ] GC(0) ShenandoahScanRememberedTask::do_work(0), processing slice of region 1846 at offset 32768, size: 16384
[0.294s][debug][gc                   ] GC(0) ShenandoahScanRememberedTask::do_work(0), processing slice of region 1846 at offset 49152, size: 16384
[0.294s][debug][gc                   ] GC(0) ShenandoahScanRememberedTask::do_work(6), processing slice of region 1830 at offset 49152, size: 16384
[0.294s][debug][gc                   ] GC(0) ShenandoahScanRememberedTask::do_work(3), processing slice of region 1840 at offset 0, size: 16384
[0.294s][debug][gc                   ] GC(0) ShenandoahScanRememberedTask::do_work(6), processing slice of region 1847 at offset 16384, size: 16384
[0.294s][debug][gc                   ] GC(0) ShenandoahScanRememberedTask::do_work(6), processing slice of region 1847 at offset 32768, size: 16384
[0.294s][debug][gc                   ] GC(0) ShenandoahScanRememberedTask::do_work(3), processing slice of region 1847 at offset 49152, size: 16384
[0.293s][debug][gc                   ] GC(0) ShenandoahScanRememberedTask::do_work(7), processing slice of region 1814 at offset 32768, size: 16384
[0.293s][debug][gc                   ] GC(0) ShenandoahScanRememberedTask::do_work(5), processing slice of region 1815 at offset 16384, size: 16384
[0.294s][debug][gc                   ] GC(0) ShenandoahScanRememberedTask::do_work(7), processing slice of region 1848 at offset 32768, size: 16384
[0.294s][debug][gc                   ] GC(0) ShenandoahScanRememberedTask::do_work(7), processing slice of region 1849 at offset 0, size: 16384
[0.294s][debug][gc                   ] GC(0) ShenandoahScanRememberedTask::do_work(1), processing slice of region 1846 at offset 16384, size: 16384
[0.294s][debug][gc                   ] GC(0) ShenandoahScanRememberedTask::do_work(7), processing slice of region 1849 at offset 16384, size: 16384
[0.294s][debug][gc                   ] GC(0) ShenandoahScanRememberedTask::do_work(1), processing slice of region 1849 at offset 32768, size: 16384
[0.294s][debug][gc                   ] GC(0) ShenandoahScanRememberedTask::do_work(7), processing slice of region 1849 at offset 49152, size: 16384
[0.294s][debug][gc                   ] GC(0) ShenandoahScanRememberedTask::do_work(3), processing slice of region 1848 at offset 16384, size: 16384
[0.294s][debug][gc                   ] GC(0) ShenandoahScanRememberedTask::do_work(7), processing slice of region 1850 at offset 16384, size: 16384
[0.294s][debug][gc                   ] GC(0) ShenandoahScanRememberedTask::do_work(3), processing slice of region 1850 at offset 32768, size: 16384
[0.294s][debug][gc                   ] GC(0) ShenandoahScanRememberedTask::do_work(7), processing slice of region 1850 at offset 49152, size: 16384
[0.294s][debug][gc                   ] GC(0) ShenandoahScanRememberedTask::do_work(3), processing slice of region 1851 at offset 0, size: 16384
[0.294s][debug][gc                   ] GC(0) ShenandoahScanRememberedTask::do_work(6), processing slice of region 1848 at offset 0, size: 16384
[0.294s][debug][gc                   ] GC(0) ShenandoahScanRememberedTask::do_work(1), processing slice of region 1850 at offset 0, size: 16384
[0.294s][debug][gc                   ] GC(0) ShenandoahScanRememberedTask::do_work(6), processing slice of region 1851 at offset 49152, size: 16384
[0.294s][debug][gc                   ] GC(0) ShenandoahScanRememberedTask::do_work(1), processing slice of region 1852 at offset 0, size: 16384
[0.294s][debug][gc                   ] GC(0) ShenandoahScanRememberedTask::do_work(1), processing slice of region 1852 at offset 32768, size: 16384
[0.294s][debug][gc                   ] GC(0) ShenandoahScanRememberedTask::do_work(1), processing slice of region 1852 at offset 49152, size: 16384
[0.294s][debug][gc                   ] GC(0) ShenandoahScanRememberedTask::do_work(1), processing slice of region 1853 at offset 0, size: 16384
[0.294s][debug][gc                   ] GC(0) ShenandoahScanRememberedTask::do_work(1), processing slice of region 1853 at offset 16384, size: 16384
[0.294s][debug][gc                   ] GC(0) ShenandoahScanRememberedTask::do_work(3), processing slice of region 1851 at offset 32768, size: 16384
[0.294s][debug][gc                   ] GC(0) ShenandoahScanRememberedTask::do_work(3), processing slice of region 1853 at offset 49152, size: 16384
[0.294s][debug][gc                   ] GC(0) ShenandoahScanRememberedTask::do_work(2), processing slice of region 1845 at offset 0, size: 16384
[0.294s][debug][gc                   ] GC(0) ShenandoahScanRememberedTask::do_work(2), processing slice of region 1854 at offset 16384, size: 16384
[0.294s][debug][gc                   ] GC(0) ShenandoahScanRememberedTask::do_work(0), processing slice of region 1847 at offset 0, size: 16384
[0.294s][debug][gc                   ] GC(0) ShenandoahScanRememberedTask::do_work(0), processing slice of region 1854 at offset 49152, size: 16384
[0.294s][debug][gc                   ] GC(0) ShenandoahScanRememberedTask::do_work(0), processing slice of region 1855 at offset 0, size: 16384
[0.294s][debug][gc                   ] GC(0) ShenandoahScanRememberedTask::do_work(7), processing slice of region 1851 at offset 16384, size: 16384
[0.294s][debug][gc                   ] GC(0) ShenandoahScanRememberedTask::do_work(7), processing slice of region 1855 at offset 32768, size: 16384
[0.294s][debug][gc                   ] GC(0) ShenandoahScanRememberedTask::do_work(7), processing slice of region 1855 at offset 49152, size: 16384
[0.294s][debug][gc                   ] GC(0) ShenandoahScanRememberedTask::do_work(7), processing slice of region 1856 at offset 0, size: 16384
[0.294s][debug][gc                   ] GC(0) ShenandoahScanRememberedTask::do_work(7), processing slice of region 1856 at offset 16384, size: 16384
[0.294s][debug][gc                   ] GC(0) ShenandoahScanRememberedTask::do_work(7), processing slice of region 1856 at offset 32768, size: 16384
[0.294s][debug][gc                   ] GC(0) ShenandoahScanRememberedTask::do_work(7), processing slice of region 1856 at offset 49152, size: 16384
[0.294s][debug][gc                   ] GC(0) ShenandoahScanRememberedTask::do_work(7), processing slice of region 1857 at offset 0, size: 16384
[0.294s][debug][gc                   ] GC(0) ShenandoahScanRememberedTask::do_work(2), processing slice of region 1854 at offset 32768, size: 16384
[0.294s][debug][gc                   ] Setting affiliation of Region 538 from FREE to YOUNG, top: 0x00000000d0d00000, TAMS: 0x00000000d0d00000, watermark: 0x00000000d0d00000, top_bitmap: 0x00000000d0d00000
[0.294s][debug][gc                   ] GC(0) ShenandoahScanRememberedTask::do_work(2), processing slice of region 1857 at offset 32768, size: 16384
[0.294s][debug][gc                   ] GC(0) ShenandoahScanRememberedTask::do_work(5), processing slice of region 1848 at offset 49152, size: 16384
[0.294s][debug][gc                   ] GC(0) ShenandoahScanRememberedTask::do_work(0), processing slice of region 1855 at offset 16384, size: 16384
[0.294s][debug][gc                   ] GC(0) ShenandoahScanRememberedTask::do_work(3), processing slice of region 1854 at offset 0, size: 16384
[0.274s][debug][gc                   ] GC(0) ShenandoahScanRememberedTask::do_work(4), processing slice of region 1795 at offset 16384, size: 16384
[0.294s][debug][gc                   ] GC(0) ShenandoahScanRememberedTask::do_work(4), processing slice of region 1858 at offset 49152, size: 16384
[0.294s][debug][gc                   ] GC(0) ShenandoahScanRememberedTask::do_work(4), processing slice of region 1859 at offset 0, size: 16384
[0.294s][debug][gc                   ] GC(0) ShenandoahScanRememberedTask::do_work(4), processing slice of region 1859 at offset 16384, size: 16384
[0.294s][debug][gc                   ] GC(0) ShenandoahScanRememberedTask::do_work(4), processing slice of region 1859 at offset 32768, size: 16384
[0.294s][debug][gc                   ] GC(0) ShenandoahScanRememberedTask::do_work(4), processing slice of region 1859 at offset 49152, size: 16384
[0.294s][debug][gc                   ] GC(0) ShenandoahScanRememberedTask::do_work(4), processing slice of region 1860 at offset 0, size: 16384
[0.294s][debug][gc                   ] GC(0) ShenandoahScanRememberedTask::do_work(4), processing slice of region 1860 at offset 16384, size: 16384
[0.294s][debug][gc                   ] GC(0) ShenandoahScanRememberedTask::do_work(4), processing slice of region 1860 at offset 32768, size: 16384
[0.294s][debug][gc                   ] GC(0) ShenandoahScanRememberedTask::do_work(4), processing slice of region 1860 at offset 49152, size: 16384
[0.294s][debug][gc                   ] GC(0) ShenandoahScanRememberedTask::do_work(6), processing slice of region 1852 at offset 16384, size: 16384
[0.294s][debug][gc                   ] GC(0) ShenandoahScanRememberedTask::do_work(6), processing slice of region 1861 at offset 16384, size: 16384
[0.294s][debug][gc                   ] GC(0) ShenandoahScanRememberedTask::do_work(6), processing slice of region 1861 at offset 32768, size: 16384
[0.294s][debug][gc                   ] GC(0) ShenandoahScanRememberedTask::do_work(6), processing slice of region 1861 at offset 49152, size: 16384
[0.294s][debug][gc                   ] GC(0) ShenandoahScanRememberedTask::do_work(6), processing slice of region 1862 at offset 0, size: 16384
[0.294s][debug][gc                   ] GC(0) ShenandoahScanRememberedTask::do_work(6), processing slice of region 1862 at offset 16384, size: 16384
[0.294s][debug][gc                   ] GC(0) ShenandoahScanRememberedTask::do_work(6), processing slice of region 1862 at offset 32768, size: 16384
[0.294s][debug][gc                   ] GC(0) ShenandoahScanRememberedTask::do_work(6), processing slice of region 1862 at offset 49152, size: 16384
[0.294s][debug][gc                   ] GC(0) ShenandoahScanRememberedTask::do_work(6), processing slice of region 1863 at offset 0, size: 16384
[0.294s][debug][gc                   ] GC(0) ShenandoahScanRememberedTask::do_work(6), processing slice of region 1863 at offset 16384, size: 16384
[0.294s][debug][gc                   ] GC(0) ShenandoahScanRememberedTask::do_work(7), processing slice of region 1857 at offset 16384, size: 16384
[0.294s][debug][gc                   ] GC(0) ShenandoahScanRememberedTask::do_work(7), processing slice of region 1863 at offset 49152, size: 16384
[0.294s][debug][gc                   ] GC(0) ShenandoahScanRememberedTask::do_work(7), processing slice of region 1864 at offset 0, size: 16384
[0.294s][debug][gc                   ] GC(0) ShenandoahScanRememberedTask::do_work(7), processing slice of region 1864 at offset 16384, size: 16384
[0.294s][debug][gc                   ] GC(0) ShenandoahScanRememberedTask::do_work(7), processing slice of region 1864 at offset 32768, size: 16384
[0.294s][debug][gc                   ] GC(0) ShenandoahScanRememberedTask::do_work(7), processing slice of region 1864 at offset 49152, size: 16384
[0.294s][debug][gc                   ] GC(0) ShenandoahScanRememberedTask::do_work(7), processing slice of region 1865 at offset 0, size: 16384
[0.294s][debug][gc                   ] GC(0) ShenandoahScanRememberedTask::do_work(7), processing slice of region 1865 at offset 16384, size: 16384
[0.294s][debug][gc                   ] GC(0) ShenandoahScanRememberedTask::do_work(7), processing slice of region 1865 at offset 32768, size: 16384
[0.294s][debug][gc                   ] GC(0) ShenandoahScanRememberedTask::do_work(7), processing slice of region 1865 at offset 49152, size: 16384
[0.294s][debug][gc                   ] GC(0) ShenandoahScanRememberedTask::do_work(7), processing slice of region 1866 at offset 0, size: 16384
[0.294s][debug][gc                   ] GC(0) ShenandoahScanRememberedTask::do_work(7), processing slice of region 1866 at offset 16384, size: 16384
[0.294s][debug][gc                   ] GC(0) ShenandoahScanRememberedTask::do_work(7), processing slice of region 1866 at offset 32768, size: 16384
[0.294s][debug][gc                   ] GC(0) ShenandoahScanRememberedTask::do_work(7), processing slice of region 1866 at offset 49152, size: 16384
[0.294s][debug][gc                   ] GC(0) ShenandoahScanRememberedTask::do_work(7), processing slice of region 1867 at offset 0, size: 16384
[0.294s][debug][gc                   ] GC(0) ShenandoahScanRememberedTask::do_work(7), processing slice of region 1867 at offset 16384, size: 16384
[0.294s][debug][gc                   ] GC(0) ShenandoahScanRememberedTask::do_work(5), processing slice of region 1858 at offset 0, size: 16384
[0.294s][debug][gc                   ] GC(0) ShenandoahScanRememberedTask::do_work(7), processing slice of region 1867 at offset 32768, size: 16384
[0.294s][debug][gc                   ] GC(0) ShenandoahScanRememberedTask::do_work(7), processing slice of region 1867 at offset 49152, size: 16384
[0.294s][debug][gc                   ] GC(0) ShenandoahScanRememberedTask::do_work(1), processing slice of region 1853 at offset 32768, size: 16384
[0.294s][debug][gc                   ] GC(0) ShenandoahScanRememberedTask::do_work(4), processing slice of region 1861 at offset 0, size: 16384
[0.294s][debug][gc                   ] GC(0) ShenandoahScanRememberedTask::do_work(4), processing slice of region 1868 at offset 49152, size: 16384
[0.294s][debug][gc                   ] GC(0) ShenandoahScanRememberedTask::do_work(4), processing slice of region 1869 at offset 0, size: 16384
[0.294s][debug][gc                   ] GC(0) ShenandoahScanRememberedTask::do_work(4), processing slice of region 1869 at offset 16384, size: 16384
[0.294s][debug][gc                   ] GC(0) ShenandoahScanRememberedTask::do_work(4), processing slice of region 1869 at offset 32768, size: 16384
[0.294s][debug][gc                   ] Setting affiliation of Region 539 from FREE to YOUNG, top: 0x00000000d0d80000, TAMS: 0x00000000d0d80000, watermark: 0x00000000d0d80000, top_bitmap: 0x00000000d0d80000
[0.294s][debug][gc                   ] GC(0) ShenandoahScanRememberedTask::do_work(4), processing slice of region 1869 at offset 49152, size: 16384
[0.294s][debug][gc                   ] GC(0) ShenandoahScanRememberedTask::do_work(4), processing slice of region 1870 at offset 0, size: 16384
[0.294s][debug][gc                   ] GC(0) ShenandoahScanRememberedTask::do_work(4), processing slice of region 1870 at offset 16384, size: 16384
[0.294s][debug][gc                   ] GC(0) ShenandoahScanRememberedTask::do_work(4), processing slice of region 1870 at offset 32768, size: 16384
[0.294s][debug][gc                   ] GC(0) ShenandoahScanRememberedTask::do_work(5), processing slice of region 1868 at offset 0, size: 16384
[0.294s][debug][gc                   ] GC(0) ShenandoahScanRememberedTask::do_work(7), processing slice of region 1868 at offset 16384, size: 16384
[0.294s][debug][gc                   ] GC(0) ShenandoahScanRememberedTask::do_work(7), processing slice of region 1871 at offset 16384, size: 16384
[0.294s][debug][gc                   ] GC(0) ShenandoahScanRememberedTask::do_work(7), processing slice of region 1871 at offset 32768, size: 16384
[0.294s][debug][gc                   ] GC(0) ShenandoahScanRememberedTask::do_work(7), processing slice of region 1871 at offset 49152, size: 16384
[0.294s][debug][gc                   ] GC(0) ShenandoahScanRememberedTask::do_work(7), processing slice of region 1872 at offset 0, size: 16384
[0.294s][debug][gc                   ] GC(0) ShenandoahScanRememberedTask::do_work(7), processing slice of region 1872 at offset 16384, size: 16384
[0.294s][debug][gc                   ] GC(0) ShenandoahScanRememberedTask::do_work(7), processing slice of region 1872 at offset 32768, size: 16384
[0.294s][debug][gc                   ] GC(0) ShenandoahScanRememberedTask::do_work(6), processing slice of region 1863 at offset 32768, size: 16384
[0.294s][debug][gc                   ] GC(0) ShenandoahScanRememberedTask::do_work(6), processing slice of region 1873 at offset 0, size: 16384
[0.294s][debug][gc                   ] GC(0) ShenandoahScanRememberedTask::do_work(6), processing slice of region 1873 at offset 16384, size: 16384
[0.294s][debug][gc                   ] GC(0) ShenandoahScanRememberedTask::do_work(6), processing slice of region 1873 at offset 32768, size: 16384
[0.294s][debug][gc                   ] GC(0) ShenandoahScanRememberedTask::do_work(6), processing slice of region 1873 at offset 49152, size: 16384
[0.294s][debug][gc                   ] GC(0) ShenandoahScanRememberedTask::do_work(4), processing slice of region 1870 at offset 49152, size: 16384
[0.294s][debug][gc                   ] GC(0) ShenandoahScanRememberedTask::do_work(6), processing slice of region 1874 at offset 0, size: 16384
[0.294s][debug][gc                   ] GC(0) ShenandoahScanRememberedTask::do_work(4), processing slice of region 1874 at offset 16384, size: 16384
[0.294s][debug][gc                   ] GC(0) ShenandoahScanRememberedTask::do_work(5), processing slice of region 1871 at offset 0, size: 16384
[0.294s][debug][gc                   ] GC(0) ShenandoahScanRememberedTask::do_work(5), processing slice of region 1875 at offset 0, size: 16384
[0.294s][debug][gc                   ] GC(0) ShenandoahScanRememberedTask::do_work(5), processing slice of region 1875 at offset 16384, size: 16384
[0.294s][debug][gc                   ] GC(0) ShenandoahScanRememberedTask::do_work(5), processing slice of region 1875 at offset 32768, size: 16384
[0.294s][debug][gc                   ] GC(0) ShenandoahScanRememberedTask::do_work(5), processing slice of region 1875 at offset 49152, size: 16384
[0.294s][debug][gc                   ] GC(0) ShenandoahScanRememberedTask::do_work(5), processing slice of region 1876 at offset 0, size: 16384
[0.294s][debug][gc                   ] GC(0) ShenandoahScanRememberedTask::do_work(5), processing slice of region 1876 at offset 16384, size: 16384
[0.294s][debug][gc                   ] GC(0) ShenandoahScanRememberedTask::do_work(6), processing slice of region 1874 at offset 32768, size: 16384
[0.294s][debug][gc                   ] GC(0) ShenandoahScanRememberedTask::do_work(6), processing slice of region 1876 at offset 49152, size: 16384
[0.294s][debug][gc                   ] GC(0) ShenandoahScanRememberedTask::do_work(6), processing slice of region 1877 at offset 0, size: 16384
[0.294s][debug][gc                   ] GC(0) ShenandoahScanRememberedTask::do_work(4), processing slice of region 1874 at offset 49152, size: 16384
[0.294s][debug][gc                   ] GC(0) ShenandoahScanRememberedTask::do_work(4), processing slice of region 1877 at offset 32768, size: 16384
[0.294s][debug][gc                   ] GC(0) ShenandoahScanRememberedTask::do_work(4), processing slice of region 1877 at offset 49152, size: 16384
[0.294s][debug][gc                   ] GC(0) ShenandoahScanRememberedTask::do_work(3), processing slice of region 1858 at offset 32768, size: 16384
[0.294s][debug][gc                   ] GC(0) ShenandoahScanRememberedTask::do_work(3), processing slice of region 1878 at offset 16384, size: 16384
[0.294s][debug][gc                   ] GC(0) ShenandoahScanRememberedTask::do_work(7), processing slice of region 1872 at offset 49152, size: 16384
[0.294s][debug][gc                   ] GC(0) ShenandoahScanRememberedTask::do_work(2), processing slice of region 1857 at offset 49152, size: 16384
[0.294s][debug][gc                   ] GC(0) ShenandoahScanRememberedTask::do_work(2), processing slice of region 1879 at offset 0, size: 16384
[0.294s][debug][gc                   ] GC(0) ShenandoahScanRememberedTask::do_work(2), processing slice of region 1879 at offset 16384, size: 16384
[0.294s][debug][gc                   ] GC(0) ShenandoahScanRememberedTask::do_work(2), processing slice of region 1879 at offset 32768, size: 16384
[0.294s][debug][gc                   ] GC(0) ShenandoahScanRememberedTask::do_work(6), processing slice of region 1877 at offset 16384, size: 16384
[0.294s][debug][gc                   ] GC(0) ShenandoahScanRememberedTask::do_work(2), processing slice of region 1879 at offset 49152, size: 16384
[0.294s][debug][gc                   ] GC(0) ShenandoahScanRememberedTask::do_work(6), processing slice of region 1880 at offset 0, size: 16384
[0.294s][debug][gc                   ] GC(0) ShenandoahScanRememberedTask::do_work(1), processing slice of region 1868 at offset 32768, size: 16384
[0.294s][debug][gc                   ] GC(0) ShenandoahScanRememberedTask::do_work(4), processing slice of region 1878 at offset 0, size: 16384
[0.294s][debug][gc                   ] GC(0) ShenandoahScanRememberedTask::do_work(1), processing slice of region 1880 at offset 49152, size: 16384
[0.294s][debug][gc                   ] GC(0) ShenandoahScanRememberedTask::do_work(4), processing slice of region 1881 at offset 0, size: 16384
[0.294s][debug][gc                   ] GC(0) ShenandoahScanRememberedTask::do_work(7), processing slice of region 1878 at offset 49152, size: 16384
[0.294s][debug][gc                   ] GC(0) ShenandoahScanRememberedTask::do_work(4), processing slice of region 1881 at offset 32768, size: 16384
[0.294s][debug][gc                   ] GC(0) ShenandoahScanRememberedTask::do_work(7), processing slice of region 1881 at offset 49152, size: 16384
[0.294s][debug][gc                   ] GC(0) ShenandoahScanRememberedTask::do_work(7), processing slice of region 1882 at offset 0, size: 16384
[0.294s][debug][gc                   ] GC(0) ShenandoahScanRememberedTask::do_work(6), processing slice of region 1880 at offset 32768, size: 16384
[0.294s][debug][gc                   ] GC(0) ShenandoahScanRememberedTask::do_work(7), processing slice of region 1882 at offset 32768, size: 16384
[0.294s][debug][gc                   ] GC(0) ShenandoahScanRememberedTask::do_work(6), processing slice of region 1882 at offset 49152, size: 16384
[0.294s][debug][gc                   ] GC(0) ShenandoahScanRememberedTask::do_work(0), processing slice of region 1858 at offset 16384, size: 16384
[0.294s][debug][gc                   ] GC(0) ShenandoahScanRememberedTask::do_work(6), processing slice of region 1883 at offset 16384, size: 16384
[0.294s][debug][gc                   ] GC(0) ShenandoahScanRememberedTask::do_work(0), processing slice of region 1883 at offset 32768, size: 16384
[0.294s][debug][gc                   ] GC(0) ShenandoahScanRememberedTask::do_work(5), processing slice of region 1876 at offset 32768, size: 16384
[0.294s][debug][gc                   ] GC(0) ShenandoahScanRememberedTask::do_work(2), processing slice of region 1880 at offset 16384, size: 16384
[0.294s][debug][gc                   ] GC(0) ShenandoahScanRememberedTask::do_work(2), processing slice of region 1884 at offset 32768, size: 16384
[0.294s][debug][gc                   ] GC(0) ShenandoahScanRememberedTask::do_work(3), processing slice of region 1878 at offset 32768, size: 16384
[0.294s][debug][gc                   ] GC(0) ShenandoahScanRememberedTask::do_work(7), processing slice of region 1883 at offset 0, size: 16384
[0.294s][debug][gc                   ] GC(0) ShenandoahScanRememberedTask::do_work(1), processing slice of region 1881 at offset 16384, size: 16384
[0.294s][debug][gc                   ] GC(0) ShenandoahScanRememberedTask::do_work(1), processing slice of region 1885 at offset 32768, size: 16384
[0.294s][debug][gc                   ] GC(0) ShenandoahScanRememberedTask::do_work(1), processing slice of region 1885 at offset 49152, size: 16384
[0.294s][debug][gc                   ] GC(0) ShenandoahScanRememberedTask::do_work(0), processing slice of region 1884 at offset 0, size: 16384
[0.294s][debug][gc                   ] GC(0) ShenandoahScanRememberedTask::do_work(0), processing slice of region 1886 at offset 16384, size: 16384
[0.294s][debug][gc                   ] GC(0) ShenandoahScanRememberedTask::do_work(0), processing slice of region 1886 at offset 32768, size: 16384
[0.294s][debug][gc                   ] GC(0) ShenandoahScanRememberedTask::do_work(2), processing slice of region 1884 at offset 49152, size: 16384
[0.294s][debug][gc                   ] GC(0) ShenandoahScanRememberedTask::do_work(2), processing slice of region 1887 at offset 0, size: 16384
[0.294s][debug][gc                   ] GC(0) ShenandoahScanRememberedTask::do_work(3), processing slice of region 1885 at offset 0, size: 16384
[0.294s][debug][gc                   ] GC(0) ShenandoahScanRememberedTask::do_work(3), processing slice of region 1887 at offset 32768, size: 16384
[0.294s][debug][gc                   ] GC(0) ShenandoahScanRememberedTask::do_work(3), processing slice of region 1887 at offset 49152, size: 16384
[0.294s][debug][gc                   ] GC(0) ShenandoahScanRememberedTask::do_work(3), processing slice of region 1888 at offset 0, size: 16384
[0.294s][debug][gc                   ] GC(0) ShenandoahScanRememberedTask::do_work(3), processing slice of region 1888 at offset 16384, size: 16384
[0.294s][debug][gc                   ] GC(0) ShenandoahScanRememberedTask::do_work(3), processing slice of region 1888 at offset 32768, size: 16384
[0.294s][debug][gc                   ] GC(0) ShenandoahScanRememberedTask::do_work(3), processing slice of region 1888 at offset 49152, size: 16384
[0.294s][debug][gc                   ] GC(0) ShenandoahScanRememberedTask::do_work(3), processing slice of region 1889 at offset 0, size: 16384
[0.294s][debug][gc                   ] GC(0) ShenandoahScanRememberedTask::do_work(3), processing slice of region 1889 at offset 16384, size: 16384
[0.294s][debug][gc                   ] GC(0) ShenandoahScanRememberedTask::do_work(3), processing slice of region 1889 at offset 32768, size: 16384
[0.294s][debug][gc                   ] GC(0) ShenandoahScanRememberedTask::do_work(3), processing slice of region 1889 at offset 49152, size: 16384
[0.294s][debug][gc                   ] GC(0) ShenandoahScanRememberedTask::do_work(3), processing slice of region 1890 at offset 0, size: 16384
[0.294s][debug][gc                   ] GC(0) ShenandoahScanRememberedTask::do_work(3), processing slice of region 1890 at offset 16384, size: 16384
[0.294s][debug][gc                   ] GC(0) ShenandoahScanRememberedTask::do_work(3), processing slice of region 1890 at offset 32768, size: 16384
[0.294s][debug][gc                   ] GC(0) ShenandoahScanRememberedTask::do_work(3), processing slice of region 1890 at offset 49152, size: 16384
[0.294s][debug][gc                   ] GC(0) ShenandoahScanRememberedTask::do_work(3), processing slice of region 1891 at offset 0, size: 16384
[0.294s][debug][gc                   ] GC(0) ShenandoahScanRememberedTask::do_work(3), processing slice of region 1891 at offset 16384, size: 16384
[0.294s][debug][gc                   ] GC(0) ShenandoahScanRememberedTask::do_work(3), processing slice of region 1891 at offset 32768, size: 16384
[0.294s][debug][gc                   ] GC(0) ShenandoahScanRememberedTask::do_work(3), processing slice of region 1891 at offset 49152, size: 16384
[0.294s][debug][gc                   ] GC(0) ShenandoahScanRememberedTask::do_work(3), processing slice of region 1892 at offset 0, size: 16384
[0.294s][debug][gc                   ] GC(0) ShenandoahScanRememberedTask::do_work(5), processing slice of region 1884 at offset 16384, size: 16384
[0.294s][debug][gc                   ] GC(0) ShenandoahScanRememberedTask::do_work(3), processing slice of region 1892 at offset 16384, size: 16384
[0.294s][debug][gc                   ] GC(0) ShenandoahScanRememberedTask::do_work(5), processing slice of region 1892 at offset 32768, size: 16384
[0.294s][debug][gc                   ] GC(0) ShenandoahScanRememberedTask::do_work(3), processing slice of region 1892 at offset 49152, size: 16384
[0.294s][debug][gc                   ] GC(0) ShenandoahScanRememberedTask::do_work(2), processing slice of region 1887 at offset 16384, size: 16384
[0.294s][debug][gc                   ] GC(0) ShenandoahScanRememberedTask::do_work(2), processing slice of region 1893 at offset 32768, size: 16384
[0.294s][debug][gc                   ] GC(0) ShenandoahScanRememberedTask::do_work(2), processing slice of region 1893 at offset 49152, size: 16384
[0.294s][debug][gc                   ] GC(0) ShenandoahScanRememberedTask::do_work(4), processing slice of region 1882 at offset 16384, size: 16384
[0.294s][debug][gc                   ] GC(0) ShenandoahScanRememberedTask::do_work(2), processing slice of region 1894 at offset 0, size: 16384
[0.294s][debug][gc                   ] GC(0) ShenandoahScanRememberedTask::do_work(1), processing slice of region 1886 at offset 0, size: 16384
[0.294s][debug][gc                   ] GC(0) ShenandoahScanRememberedTask::do_work(1), processing slice of region 1894 at offset 49152, size: 16384
[0.294s][debug][gc                   ] GC(0) ShenandoahScanRememberedTask::do_work(5), processing slice of region 1893 at offset 0, size: 16384
[0.294s][debug][gc                   ] GC(0) ShenandoahScanRememberedTask::do_work(5), processing slice of region 1895 at offset 16384, size: 16384
[0.294s][debug][gc                   ] GC(0) ShenandoahScanRememberedTask::do_work(5), processing slice of region 1895 at offset 32768, size: 16384
[0.294s][debug][gc                   ] GC(0) ShenandoahScanRememberedTask::do_work(3), processing slice of region 1893 at offset 16384, size: 16384
[0.294s][debug][gc                   ] GC(0) ShenandoahScanRememberedTask::do_work(3), processing slice of region 1896 at offset 0, size: 16384
[0.294s][debug][gc                   ] GC(0) ShenandoahScanRememberedTask::do_work(7), processing slice of region 1885 at offset 16384, size: 16384
[0.294s][debug][gc                   ] GC(0) ShenandoahScanRememberedTask::do_work(3), processing slice of region 1896 at offset 16384, size: 16384
[0.294s][debug][gc                   ] GC(0) ShenandoahScanRememberedTask::do_work(3), processing slice of region 1896 at offset 32768, size: 16384
[0.294s][debug][gc                   ] GC(0) ShenandoahScanRememberedTask::do_work(7), processing slice of region 1896 at offset 49152, size: 16384
[0.294s][debug][gc                   ] GC(0) ShenandoahScanRememberedTask::do_work(3), processing slice of region 1897 at offset 0, size: 16384
[0.294s][debug][gc                   ] GC(0) ShenandoahScanRememberedTask::do_work(0), processing slice of region 1886 at offset 49152, size: 16384
[0.294s][debug][gc                   ] GC(0) ShenandoahScanRememberedTask::do_work(1), processing slice of region 1895 at offset 0, size: 16384
[0.294s][debug][gc                   ] GC(0) ShenandoahScanRememberedTask::do_work(6), processing slice of region 1883 at offset 49152, size: 16384
[0.294s][debug][gc                   ] GC(0) ShenandoahScanRememberedTask::do_work(5), processing slice of region 1895 at offset 49152, size: 16384
[0.294s][debug][gc                   ] GC(0) ShenandoahScanRememberedTask::do_work(5), processing slice of region 1898 at offset 32768, size: 16384
[0.294s][debug][gc                   ] GC(0) ShenandoahScanRememberedTask::do_work(5), processing slice of region 1898 at offset 49152, size: 16384
[0.294s][debug][gc                   ] GC(0) ShenandoahScanRememberedTask::do_work(4), processing slice of region 1894 at offset 32768, size: 16384
[0.294s][debug][gc                   ] GC(0) ShenandoahScanRememberedTask::do_work(7), processing slice of region 1897 at offset 16384, size: 16384
[0.294s][debug][gc                   ] GC(0) ShenandoahScanRememberedTask::do_work(4), processing slice of region 1899 at offset 16384, size: 16384
[0.294s][debug][gc                   ] GC(0) ShenandoahScanRememberedTask::do_work(4), processing slice of region 1899 at offset 32768, size: 16384
[0.294s][debug][gc                   ] GC(0) ShenandoahScanRememberedTask::do_work(4), processing slice of region 1900 at offset 0, size: 16384
[0.294s][debug][gc                   ] GC(0) ShenandoahScanRememberedTask::do_work(0), processing slice of region 1897 at offset 49152, size: 16384
[0.294s][debug][gc                   ] GC(0) ShenandoahScanRememberedTask::do_work(4), processing slice of region 1900 at offset 16384, size: 16384
[0.294s][debug][gc                   ] GC(0) ShenandoahScanRememberedTask::do_work(4), processing slice of region 1900 at offset 32768, size: 16384
[0.294s][debug][gc                   ] GC(0) ShenandoahScanRememberedTask::do_work(1), processing slice of region 1898 at offset 0, size: 16384
[0.294s][debug][gc                   ] GC(0) ShenandoahScanRememberedTask::do_work(2), processing slice of region 1894 at offset 16384, size: 16384
[0.294s][debug][gc                   ] GC(0) ShenandoahScanRememberedTask::do_work(2), processing slice of region 1901 at offset 32768, size: 16384
[0.294s][debug][gc                   ] GC(0) ShenandoahScanRememberedTask::do_work(7), processing slice of region 1899 at offset 49152, size: 16384
[0.294s][debug][gc                   ] GC(0) ShenandoahScanRememberedTask::do_work(2), processing slice of region 1901 at offset 49152, size: 16384
[0.294s][debug][gc                   ] GC(0) ShenandoahScanRememberedTask::do_work(7), processing slice of region 1902 at offset 0, size: 16384
[0.294s][debug][gc                   ] Using new region (1882) for Shared (0x00007faab76e5830).
[0.294s][debug][gc                   ] Setting affiliation of Region 1882 from FREE to YOUNG, top: 0x00000000fad00000, TAMS: 0x00000000fad00000, watermark: 0x00000000fad00000, top_bitmap: 0x00000000fad00000
[0.294s][debug][gc                   ] GC(0) ShenandoahScanRememberedTask::do_work(4), processing slice of region 1901 at offset 0, size: 16384
[0.294s][debug][gc                   ] GC(0) ShenandoahScanRememberedTask::do_work(4), processing slice of region 1902 at offset 49152, size: 16384
[0.294s][debug][gc                   ] GC(0) ShenandoahScanRememberedTask::do_work(4), processing slice of region 1903 at offset 0, size: 16384
[0.294s][debug][gc                   ] GC(0) ShenandoahScanRememberedTask::do_work(4), processing slice of region 1903 at offset 16384, size: 16384
[0.294s][debug][gc                   ] GC(0) ShenandoahScanRememberedTask::do_work(4), processing slice of region 1903 at offset 32768, size: 16384
[0.294s][debug][gc                   ] GC(0) ShenandoahScanRememberedTask::do_work(4), processing slice of region 1903 at offset 49152, size: 16384
[0.294s][debug][gc                   ] GC(0) ShenandoahScanRememberedTask::do_work(4), processing slice of region 1904 at offset 0, size: 16384
[0.294s][debug][gc                   ] GC(0) ShenandoahScanRememberedTask::do_work(4), processing slice of region 1904 at offset 16384, size: 16384
[0.294s][debug][gc                   ] GC(0) ShenandoahScanRememberedTask::do_work(4), processing slice of region 1904 at offset 32768, size: 16384
[0.294s][debug][gc                   ] GC(0) ShenandoahScanRememberedTask::do_work(0), processing slice of region 1900 at offset 49152, size: 16384
[0.294s][debug][gc                   ] GC(0) ShenandoahScanRememberedTask::do_work(4), processing slice of region 1904 at offset 49152, size: 16384
[0.294s][debug][gc                   ] GC(0) ShenandoahScanRememberedTask::do_work(4), processing slice of region 1905 at offset 0, size: 16384
[0.294s][debug][gc                   ] GC(0) ShenandoahScanRememberedTask::do_work(4), processing slice of region 1905 at offset 32768, size: 16384
[0.294s][debug][gc                   ] GC(0) ShenandoahScanRememberedTask::do_work(4), processing slice of region 1905 at offset 49152, size: 16384
[0.294s][debug][gc                   ] Using new region (1882) for Shared (0x00007faab76e5830).
[0.294s][debug][gc                   ] GC(0) ShenandoahScanRememberedTask::do_work(2), processing slice of region 1902 at offset 16384, size: 16384
[0.294s][debug][gc                   ] GC(0) ShenandoahScanRememberedTask::do_work(7), processing slice of region 1902 at offset 32768, size: 16384
[0.294s][debug][gc                   ] GC(0) ShenandoahScanRememberedTask::do_work(7), processing slice of region 1906 at offset 32768, size: 16384
[0.294s][debug][gc                   ] GC(0) ShenandoahScanRememberedTask::do_work(7), processing slice of region 1906 at offset 49152, size: 16384
[0.294s][debug][gc                   ] GC(0) ShenandoahScanRememberedTask::do_work(3), processing slice of region 1897 at offset 32768, size: 16384
[0.294s][debug][gc                   ] GC(0) ShenandoahScanRememberedTask::do_work(0), processing slice of region 1905 at offset 16384, size: 16384
[0.294s][debug][gc                   ] GC(0) ShenandoahScanRememberedTask::do_work(3), processing slice of region 1907 at offset 16384, size: 16384
[0.294s][debug][gc                   ] GC(0) ShenandoahScanRememberedTask::do_work(3), processing slice of region 1907 at offset 32768, size: 16384
[0.294s][debug][gc                   ] GC(0) ShenandoahScanRememberedTask::do_work(0), processing slice of region 1907 at offset 49152, size: 16384
[0.294s][debug][gc                   ] GC(0) ShenandoahScanRememberedTask::do_work(6), processing slice of region 1898 at offset 16384, size: 16384
[0.294s][debug][gc                   ] GC(0) ShenandoahScanRememberedTask::do_work(1), processing slice of region 1901 at offset 16384, size: 16384
[0.294s][debug][gc                   ] GC(0) ShenandoahScanRememberedTask::do_work(6), processing slice of region 1908 at offset 32768, size: 16384
[0.294s][debug][gc                   ] GC(0) ShenandoahScanRememberedTask::do_work(2), processing slice of region 1906 at offset 16384, size: 16384
[0.294s][debug][gc                   ] GC(0) ShenandoahScanRememberedTask::do_work(2), processing slice of region 1909 at offset 16384, size: 16384
[0.294s][debug][gc                   ] GC(0) ShenandoahScanRememberedTask::do_work(2), processing slice of region 1909 at offset 32768, size: 16384
[0.294s][debug][gc                   ] GC(0) ShenandoahScanRememberedTask::do_work(3), processing slice of region 1908 at offset 0, size: 16384
[0.294s][debug][gc                   ] GC(0) ShenandoahScanRememberedTask::do_work(3), processing slice of region 1910 at offset 0, size: 16384
[0.294s][debug][gc                   ] GC(0) ShenandoahScanRememberedTask::do_work(4), processing slice of region 1906 at offset 0, size: 16384
[0.294s][debug][gc                   ] GC(0) ShenandoahScanRememberedTask::do_work(4), processing slice of region 1910 at offset 32768, size: 16384
[0.294s][debug][gc                   ] GC(0) ShenandoahScanRememberedTask::do_work(1), processing slice of region 1908 at offset 49152, size: 16384
[0.294s][debug][gc                   ] GC(0) ShenandoahScanRememberedTask::do_work(4), processing slice of region 1910 at offset 49152, size: 16384
[0.294s][debug][gc                   ] GC(0) ShenandoahScanRememberedTask::do_work(6), processing slice of region 1909 at offset 0, size: 16384
[0.294s][debug][gc                   ] GC(0) ShenandoahScanRememberedTask::do_work(5), processing slice of region 1899 at offset 0, size: 16384
[0.294s][debug][gc                   ] GC(0) ShenandoahScanRememberedTask::do_work(7), processing slice of region 1907 at offset 0, size: 16384
[0.294s][debug][gc                   ] GC(0) ShenandoahScanRememberedTask::do_work(0), processing slice of region 1908 at offset 16384, size: 16384
[0.294s][debug][gc                   ] GC(0) ShenandoahScanRememberedTask::do_work(7), processing slice of region 1912 at offset 0, size: 16384
[0.294s][debug][gc                   ] GC(0) ShenandoahScanRememberedTask::do_work(0), processing slice of region 1912 at offset 16384, size: 16384
[0.294s][debug][gc                   ] GC(0) ShenandoahScanRememberedTask::do_work(1), processing slice of region 1911 at offset 0, size: 16384
[0.294s][debug][gc                   ] GC(0) ShenandoahScanRememberedTask::do_work(0), processing slice of region 1912 at offset 49152, size: 16384
[0.294s][debug][gc                   ] GC(0) ShenandoahScanRememberedTask::do_work(2), processing slice of region 1909 at offset 49152, size: 16384
[0.294s][debug][gc                   ] GC(0) ShenandoahScanRememberedTask::do_work(5), processing slice of region 1911 at offset 49152, size: 16384
[0.294s][debug][gc                   ] GC(0) ShenandoahScanRememberedTask::do_work(3), processing slice of region 1910 at offset 16384, size: 16384
[0.294s][debug][gc                   ] GC(0) ShenandoahScanRememberedTask::do_work(3), processing slice of region 1914 at offset 0, size: 16384
[0.294s][debug][gc                   ] GC(0) ShenandoahScanRememberedTask::do_work(3), processing slice of region 1914 at offset 16384, size: 16384
[0.294s][debug][gc                   ] GC(0) ShenandoahScanRememberedTask::do_work(7), processing slice of region 1912 at offset 32768, size: 16384
[0.294s][debug][gc                   ] GC(0) ShenandoahScanRememberedTask::do_work(1), processing slice of region 1913 at offset 0, size: 16384
[0.294s][debug][gc                   ] GC(0) ShenandoahScanRememberedTask::do_work(0), processing slice of region 1913 at offset 16384, size: 16384
[0.294s][debug][gc                   ] GC(0) ShenandoahScanRememberedTask::do_work(6), processing slice of region 1911 at offset 32768, size: 16384
[0.295s][debug][gc                   ] GC(0) ShenandoahScanRememberedTask::do_work(0), processing slice of region 1915 at offset 16384, size: 16384
[0.294s][debug][gc                   ] GC(0) ShenandoahScanRememberedTask::do_work(4), processing slice of region 1911 at offset 16384, size: 16384
[0.295s][debug][gc                   ] GC(0) ShenandoahScanRememberedTask::do_work(4), processing slice of region 1916 at offset 0, size: 16384
[0.295s][debug][gc                   ] GC(0) ShenandoahScanRememberedTask::do_work(4), processing slice of region 1916 at offset 16384, size: 16384
[0.295s][debug][gc                   ] Setting affiliation of Region 540 from FREE to YOUNG, top: 0x00000000d0e00000, TAMS: 0x00000000d0e00000, watermark: 0x00000000d0e00000, top_bitmap: 0x00000000d0e00000
[0.295s][debug][gc                   ] Setting affiliation of Region 541 from FREE to YOUNG, top: 0x00000000d0e80000, TAMS: 0x00000000d0e80000, watermark: 0x00000000d0e80000, top_bitmap: 0x00000000d0e80000
[0.295s][debug][gc                   ] GC(0) ShenandoahScanRememberedTask::do_work(1), processing slice of region 1915 at offset 0, size: 16384
[0.294s][debug][gc                   ] GC(0) ShenandoahScanRememberedTask::do_work(2), processing slice of region 1913 at offset 32768, size: 16384
[0.295s][debug][gc                   ] GC(0) ShenandoahScanRememberedTask::do_work(2), processing slice of region 1917 at offset 0, size: 16384
[0.295s][debug][gc                   ] GC(0) ShenandoahScanRememberedTask::do_work(2), processing slice of region 1917 at offset 16384, size: 16384
[0.295s][debug][gc                   ] GC(0) ShenandoahScanRememberedTask::do_work(2), processing slice of region 1917 at offset 32768, size: 16384
[0.294s][debug][gc                   ] GC(0) ShenandoahScanRememberedTask::do_work(3), processing slice of region 1914 at offset 32768, size: 16384
[0.295s][debug][gc                   ] GC(0) ShenandoahScanRememberedTask::do_work(4), processing slice of region 1916 at offset 32768, size: 16384
[0.295s][debug][gc                   ] GC(0) ShenandoahScanRememberedTask::do_work(4), processing slice of region 1918 at offset 16384, size: 16384
[0.294s][debug][gc                   ] GC(0) ShenandoahScanRememberedTask::do_work(7), processing slice of region 1914 at offset 49152, size: 16384
[0.295s][debug][gc                   ] GC(0) ShenandoahScanRememberedTask::do_work(1), processing slice of region 1916 at offset 49152, size: 16384
[0.295s][debug][gc                   ] GC(0) ShenandoahScanRememberedTask::do_work(1), processing slice of region 1919 at offset 0, size: 16384
[0.295s][debug][gc                   ] GC(0) ShenandoahScanRememberedTask::do_work(1), processing slice of region 1919 at offset 16384, size: 16384
[0.295s][debug][gc                   ] GC(0) ShenandoahScanRememberedTask::do_work(1), processing slice of region 1919 at offset 32768, size: 16384
[0.295s][debug][gc                   ] GC(0) ShenandoahScanRememberedTask::do_work(1), processing slice of region 1919 at offset 49152, size: 16384
[0.295s][debug][gc                   ] GC(0) ShenandoahScanRememberedTask::do_work(1), processing slice of region 1920 at offset 0, size: 16384
[0.295s][debug][gc                   ] GC(0) ShenandoahScanRememberedTask::do_work(1), processing slice of region 1920 at offset 16384, size: 16384
[0.295s][debug][gc                   ] GC(0) ShenandoahScanRememberedTask::do_work(2), processing slice of region 1917 at offset 49152, size: 16384
[0.294s][debug][gc                   ] GC(0) ShenandoahScanRememberedTask::do_work(5), processing slice of region 1913 at offset 49152, size: 16384
[0.295s][debug][gc                   ] GC(0) ShenandoahScanRememberedTask::do_work(2), processing slice of region 1920 at offset 49152, size: 16384
[0.295s][debug][gc                   ] GC(0) ShenandoahScanRememberedTask::do_work(2), processing slice of region 1921 at offset 0, size: 16384
[0.295s][debug][gc                   ] GC(0) ShenandoahScanRememberedTask::do_work(3), processing slice of region 1918 at offset 0, size: 16384
[0.295s][debug][gc                   ] GC(0) ShenandoahScanRememberedTask::do_work(4), processing slice of region 1918 at offset 32768, size: 16384
[0.295s][debug][gc                   ] GC(0) ShenandoahScanRememberedTask::do_work(7), processing slice of region 1918 at offset 49152, size: 16384
[0.295s][debug][gc                   ] GC(0) ShenandoahScanRememberedTask::do_work(0), processing slice of region 1915 at offset 49152, size: 16384
[0.295s][debug][gc                   ] GC(0) ShenandoahScanRememberedTask::do_work(7), processing slice of region 1922 at offset 16384, size: 16384
[0.295s][debug][gc                   ] GC(0) ShenandoahScanRememberedTask::do_work(7), processing slice of region 1922 at offset 32768, size: 16384
[0.295s][debug][gc                   ] GC(0) ShenandoahScanRememberedTask::do_work(7), processing slice of region 1922 at offset 49152, size: 16384
[0.295s][debug][gc                   ] GC(0) ShenandoahScanRememberedTask::do_work(1), processing slice of region 1920 at offset 32768, size: 16384
[0.295s][debug][gc                   ] GC(0) ShenandoahScanRememberedTask::do_work(7), processing slice of region 1923 at offset 16384, size: 16384
[0.295s][debug][gc                   ] GC(0) ShenandoahScanRememberedTask::do_work(1), processing slice of region 1923 at offset 32768, size: 16384
[0.295s][debug][gc                   ] GC(0) ShenandoahScanRememberedTask::do_work(2), processing slice of region 1921 at offset 32768, size: 16384
[0.295s][debug][gc                   ] GC(0) ShenandoahScanRememberedTask::do_work(3), processing slice of region 1921 at offset 49152, size: 16384
[0.295s][debug][gc                   ] GC(0) ShenandoahScanRememberedTask::do_work(0), processing slice of region 1923 at offset 0, size: 16384
[0.295s][debug][gc                   ] GC(0) ShenandoahScanRememberedTask::do_work(0), processing slice of region 1924 at offset 49152, size: 16384
[0.295s][debug][gc                   ] GC(0) ShenandoahScanRememberedTask::do_work(0), processing slice of region 1925 at offset 0, size: 16384
[0.295s][debug][gc                   ] GC(0) ShenandoahScanRememberedTask::do_work(7), processing slice of region 1923 at offset 49152, size: 16384
[0.295s][debug][gc                   ] GC(0) ShenandoahScanRememberedTask::do_work(0), processing slice of region 1925 at offset 16384, size: 16384
[0.295s][debug][gc                   ] GC(0) ShenandoahScanRememberedTask::do_work(7), processing slice of region 1925 at offset 32768, size: 16384
[0.295s][debug][gc                   ] GC(0) ShenandoahScanRememberedTask::do_work(0), processing slice of region 1925 at offset 49152, size: 16384
[0.295s][debug][gc                   ] GC(0) ShenandoahScanRememberedTask::do_work(7), processing slice of region 1926 at offset 0, size: 16384
[0.295s][debug][gc                   ] GC(0) ShenandoahScanRememberedTask::do_work(0), processing slice of region 1926 at offset 16384, size: 16384
[0.295s][debug][gc                   ] GC(0) ShenandoahScanRememberedTask::do_work(3), processing slice of region 1924 at offset 32768, size: 16384
[0.295s][debug][gc                   ] GC(0) ShenandoahScanRememberedTask::do_work(5), processing slice of region 1921 at offset 16384, size: 16384
[0.295s][debug][gc                   ] GC(0) ShenandoahScanRememberedTask::do_work(3), processing slice of region 1927 at offset 0, size: 16384
[0.295s][debug][gc                   ] GC(0) ShenandoahScanRememberedTask::do_work(3), processing slice of region 1927 at offset 16384, size: 16384
[0.295s][debug][gc                   ] GC(0) ShenandoahScanRememberedTask::do_work(6), processing slice of region 1915 at offset 32768, size: 16384
[0.295s][debug][gc                   ] GC(0) ShenandoahScanRememberedTask::do_work(6), processing slice of region 1928 at offset 0, size: 16384
[0.295s][debug][gc                   ] GC(0) ShenandoahScanRememberedTask::do_work(6), processing slice of region 1928 at offset 16384, size: 16384
[0.295s][debug][gc                   ] GC(0) ShenandoahScanRememberedTask::do_work(4), processing slice of region 1922 at offset 0, size: 16384
[0.295s][debug][gc                   ] GC(0) ShenandoahScanRememberedTask::do_work(4), processing slice of region 1928 at offset 49152, size: 16384
[0.295s][debug][gc                   ] GC(0) ShenandoahScanRememberedTask::do_work(4), processing slice of region 1929 at offset 0, size: 16384
[0.295s][debug][gc                   ] GC(0) ShenandoahScanRememberedTask::do_work(4), processing slice of region 1929 at offset 16384, size: 16384
[0.295s][debug][gc                   ] GC(0) ShenandoahScanRememberedTask::do_work(4), processing slice of region 1929 at offset 32768, size: 16384
[0.295s][debug][gc                   ] GC(0) ShenandoahScanRememberedTask::do_work(4), processing slice of region 1929 at offset 49152, size: 16384
[0.295s][debug][gc                   ] GC(0) ShenandoahScanRememberedTask::do_work(4), processing slice of region 1930 at offset 0, size: 16384
[0.295s][debug][gc                   ] GC(0) ShenandoahScanRememberedTask::do_work(4), processing slice of region 1930 at offset 16384, size: 16384
[0.295s][debug][gc                   ] GC(0) ShenandoahScanRememberedTask::do_work(4), processing slice of region 1930 at offset 32768, size: 16384
[0.295s][debug][gc                   ] GC(0) ShenandoahScanRememberedTask::do_work(4), processing slice of region 1930 at offset 49152, size: 16384
[0.295s][debug][gc                   ] GC(0) ShenandoahScanRememberedTask::do_work(4), processing slice of region 1931 at offset 0, size: 16384
[0.295s][debug][gc                   ] GC(0) ShenandoahScanRememberedTask::do_work(4), processing slice of region 1931 at offset 16384, size: 16384
[0.295s][debug][gc                   ] GC(0) ShenandoahScanRememberedTask::do_work(4), processing slice of region 1931 at offset 32768, size: 16384
[0.295s][debug][gc                   ] GC(0) ShenandoahScanRememberedTask::do_work(4), processing slice of region 1931 at offset 49152, size: 16384
[0.295s][debug][gc                   ] GC(0) ShenandoahScanRememberedTask::do_work(4), processing slice of region 1932 at offset 0, size: 16384
[0.295s][debug][gc                   ] GC(0) ShenandoahScanRememberedTask::do_work(4), processing slice of region 1932 at offset 16384, size: 16384
[0.295s][debug][gc                   ] GC(0) ShenandoahScanRememberedTask::do_work(4), processing slice of region 1932 at offset 32768, size: 16384
[0.295s][debug][gc                   ] GC(0) ShenandoahScanRememberedTask::do_work(4), processing slice of region 1932 at offset 49152, size: 16384
[0.295s][debug][gc                   ] GC(0) ShenandoahScanRememberedTask::do_work(4), processing slice of region 1933 at offset 0, size: 16384
[0.295s][debug][gc                   ] GC(0) ShenandoahScanRememberedTask::do_work(4), processing slice of region 1933 at offset 16384, size: 16384
[0.295s][debug][gc                   ] GC(0) ShenandoahScanRememberedTask::do_work(4), processing slice of region 1933 at offset 32768, size: 16384
[0.295s][debug][gc                   ] GC(0) ShenandoahScanRememberedTask::do_work(4), processing slice of region 1933 at offset 49152, size: 16384
[0.295s][debug][gc                   ] GC(0) ShenandoahScanRememberedTask::do_work(4), processing slice of region 1934 at offset 0, size: 16384
[0.295s][debug][gc                   ] GC(0) ShenandoahScanRememberedTask::do_work(4), processing slice of region 1934 at offset 16384, size: 16384
[0.295s][debug][gc                   ] GC(0) ShenandoahScanRememberedTask::do_work(4), processing slice of region 1934 at offset 32768, size: 16384
[0.295s][debug][gc                   ] GC(0) ShenandoahScanRememberedTask::do_work(4), processing slice of region 1934 at offset 49152, size: 16384
[0.295s][debug][gc                   ] GC(0) ShenandoahScanRememberedTask::do_work(4), processing slice of region 1935 at offset 0, size: 16384
[0.295s][debug][gc                   ] GC(0) ShenandoahScanRememberedTask::do_work(4), processing slice of region 1935 at offset 16384, size: 16384
[0.295s][debug][gc                   ] GC(0) ShenandoahScanRememberedTask::do_work(4), processing slice of region 1935 at offset 32768, size: 16384
[0.295s][debug][gc                   ] GC(0) ShenandoahScanRememberedTask::do_work(4), processing slice of region 1935 at offset 49152, size: 16384
[0.295s][debug][gc                   ] GC(0) ShenandoahScanRememberedTask::do_work(4), processing slice of region 1936 at offset 0, size: 16384
[0.295s][debug][gc                   ] GC(0) ShenandoahScanRememberedTask::do_work(4), processing slice of region 1936 at offset 16384, size: 16384
[0.295s][debug][gc                   ] GC(0) ShenandoahScanRememberedTask::do_work(4), processing slice of region 1936 at offset 32768, size: 16384
[0.295s][debug][gc                   ] GC(0) ShenandoahScanRememberedTask::do_work(0), processing slice of region 1926 at offset 49152, size: 16384
[0.295s][debug][gc                   ] GC(0) ShenandoahScanRememberedTask::do_work(4), processing slice of region 1936 at offset 49152, size: 16384
[0.295s][debug][gc                   ] GC(0) ShenandoahScanRememberedTask::do_work(0), processing slice of region 1937 at offset 0, size: 16384
[0.295s][debug][gc                   ] GC(0) ShenandoahScanRememberedTask::do_work(4), processing slice of region 1937 at offset 16384, size: 16384
[0.295s][debug][gc                   ] GC(0) ShenandoahScanRememberedTask::do_work(1), processing slice of region 1924 at offset 0, size: 16384
[0.295s][debug][gc                   ] GC(0) ShenandoahScanRememberedTask::do_work(2), processing slice of region 1924 at offset 16384, size: 16384
[0.295s][debug][gc                   ] GC(0) ShenandoahScanRememberedTask::do_work(1), processing slice of region 1938 at offset 0, size: 16384
[0.295s][debug][gc                   ] GC(0) ShenandoahScanRememberedTask::do_work(3), processing slice of region 1927 at offset 49152, size: 16384
[0.295s][debug][gc                   ] GC(0) ShenandoahScanRememberedTask::do_work(1), processing slice of region 1938 at offset 32768, size: 16384
[0.295s][debug][gc                   ] GC(0) ShenandoahScanRememberedTask::do_work(3), processing slice of region 1938 at offset 49152, size: 16384
[0.295s][debug][gc                   ] GC(0) ShenandoahScanRememberedTask::do_work(0), processing slice of region 1937 at offset 32768, size: 16384
[0.295s][debug][gc                   ] GC(0) ShenandoahScanRememberedTask::do_work(5), processing slice of region 1927 at offset 32768, size: 16384
[0.295s][debug][gc                   ] GC(0) ShenandoahScanRememberedTask::do_work(0), processing slice of region 1939 at offset 32768, size: 16384
[0.295s][debug][gc                   ] GC(0) ShenandoahScanRememberedTask::do_work(2), processing slice of region 1938 at offset 16384, size: 16384
[0.295s][debug][gc                   ] GC(0) ShenandoahScanRememberedTask::do_work(0), processing slice of region 1940 at offset 0, size: 16384
[0.295s][debug][gc                   ] GC(0) ShenandoahScanRememberedTask::do_work(7), processing slice of region 1926 at offset 32768, size: 16384
[0.295s][debug][gc                   ] GC(0) ShenandoahScanRememberedTask::do_work(4), processing slice of region 1937 at offset 49152, size: 16384
[0.295s][debug][gc                   ] GC(0) ShenandoahScanRememberedTask::do_work(3), processing slice of region 1939 at offset 16384, size: 16384
[0.295s][debug][gc                   ] GC(0) ShenandoahScanRememberedTask::do_work(6), processing slice of region 1928 at offset 32768, size: 16384
[0.295s][debug][gc                   ] GC(0) ShenandoahScanRememberedTask::do_work(5), processing slice of region 1939 at offset 49152, size: 16384
[0.295s][debug][gc                   ] GC(0) ShenandoahScanRememberedTask::do_work(5), processing slice of region 1941 at offset 49152, size: 16384
[0.295s][debug][gc                   ] GC(0) ShenandoahScanRememberedTask::do_work(5), processing slice of region 1942 at offset 0, size: 16384
[0.295s][debug][gc                   ] GC(0) ShenandoahScanRememberedTask::do_work(5), processing slice of region 1942 at offset 16384, size: 16384
[0.295s][debug][gc                   ] GC(0) ShenandoahScanRememberedTask::do_work(5), processing slice of region 1942 at offset 32768, size: 16384
[0.295s][debug][gc                   ] GC(0) ShenandoahScanRememberedTask::do_work(5), processing slice of region 1942 at offset 49152, size: 16384
[0.295s][debug][gc                   ] GC(0) ShenandoahScanRememberedTask::do_work(5), processing slice of region 1943 at offset 0, size: 16384
[0.295s][debug][gc                   ] GC(0) ShenandoahScanRememberedTask::do_work(5), processing slice of region 1943 at offset 16384, size: 16384
[0.295s][debug][gc                   ] GC(0) ShenandoahScanRememberedTask::do_work(5), processing slice of region 1943 at offset 32768, size: 16384
[0.295s][debug][gc                   ] GC(0) ShenandoahScanRememberedTask::do_work(5), processing slice of region 1943 at offset 49152, size: 16384
[0.295s][debug][gc                   ] GC(0) ShenandoahScanRememberedTask::do_work(5), processing slice of region 1944 at offset 0, size: 16384
[0.295s][debug][gc                   ] GC(0) ShenandoahScanRememberedTask::do_work(6), processing slice of region 1941 at offset 32768, size: 16384
[0.295s][debug][gc                   ] GC(0) ShenandoahScanRememberedTask::do_work(6), processing slice of region 1944 at offset 32768, size: 16384
[0.295s][debug][gc                   ] Setting affiliation of Region 542 from FREE to YOUNG, top: 0x00000000d0f00000, TAMS: 0x00000000d0f00000, watermark: 0x00000000d0f00000, top_bitmap: 0x00000000d0f00000
[0.295s][debug][gc                   ] Setting affiliation of Region 543 from FREE to YOUNG, top: 0x00000000d0f80000, TAMS: 0x00000000d0f80000, watermark: 0x00000000d0f80000, top_bitmap: 0x00000000d0f80000
[0.295s][debug][gc                   ] GC(0) ShenandoahScanRememberedTask::do_work(1), processing slice of region 1939 at offset 0, size: 16384
[0.295s][debug][gc                   ] GC(0) ShenandoahScanRememberedTask::do_work(1), processing slice of region 1945 at offset 0, size: 16384
[0.295s][debug][gc                   ] GC(0) ShenandoahScanRememberedTask::do_work(1), processing slice of region 1945 at offset 16384, size: 16384
[0.295s][debug][gc                   ] GC(0) ShenandoahScanRememberedTask::do_work(1), processing slice of region 1945 at offset 32768, size: 16384
[0.295s][debug][gc                   ] GC(0) ShenandoahScanRememberedTask::do_work(1), processing slice of region 1945 at offset 49152, size: 16384
[0.295s][debug][gc                   ] GC(0) ShenandoahScanRememberedTask::do_work(1), processing slice of region 1946 at offset 0, size: 16384
[0.295s][debug][gc                   ] GC(0) ShenandoahScanRememberedTask::do_work(1), processing slice of region 1946 at offset 16384, size: 16384
[0.295s][debug][gc                   ] GC(0) ShenandoahScanRememberedTask::do_work(1), processing slice of region 1946 at offset 32768, size: 16384
[0.295s][debug][gc                   ] GC(0) ShenandoahScanRememberedTask::do_work(1), processing slice of region 1946 at offset 49152, size: 16384
[0.295s][debug][gc                   ] GC(0) ShenandoahScanRememberedTask::do_work(4), processing slice of region 1941 at offset 0, size: 16384
[0.295s][debug][gc                   ] GC(0) ShenandoahScanRememberedTask::do_work(4), processing slice of region 1947 at offset 16384, size: 16384
[0.295s][debug][gc                   ] GC(0) ShenandoahScanRememberedTask::do_work(4), processing slice of region 1947 at offset 32768, size: 16384
[0.295s][debug][gc                   ] GC(0) ShenandoahScanRememberedTask::do_work(4), processing slice of region 1947 at offset 49152, size: 16384
[0.295s][debug][gc                   ] GC(0) ShenandoahScanRememberedTask::do_work(3), processing slice of region 1941 at offset 16384, size: 16384
[0.295s][debug][gc                   ] GC(0) ShenandoahScanRememberedTask::do_work(4), processing slice of region 1948 at offset 0, size: 16384
[0.295s][debug][gc                   ] GC(0) ShenandoahScanRememberedTask::do_work(3), processing slice of region 1948 at offset 16384, size: 16384
[0.295s][debug][gc                   ] GC(0) ShenandoahScanRememberedTask::do_work(5), processing slice of region 1944 at offset 16384, size: 16384
[0.295s][debug][gc                   ] GC(0) ShenandoahScanRememberedTask::do_work(0), processing slice of region 1940 at offset 32768, size: 16384
[0.295s][debug][gc                   ] GC(0) ShenandoahScanRememberedTask::do_work(5), processing slice of region 1949 at offset 0, size: 16384
[0.295s][debug][gc                   ] GC(0) ShenandoahScanRememberedTask::do_work(0), processing slice of region 1949 at offset 16384, size: 16384
[0.295s][debug][gc                   ] GC(0) ShenandoahScanRememberedTask::do_work(5), processing slice of region 1949 at offset 32768, size: 16384
[0.295s][debug][gc                   ] GC(0) ShenandoahScanRememberedTask::do_work(1), processing slice of region 1947 at offset 0, size: 16384
[0.295s][debug][gc                   ] GC(0) ShenandoahScanRememberedTask::do_work(5), processing slice of region 1950 at offset 0, size: 16384
[0.295s][debug][gc                   ] GC(0) ShenandoahScanRememberedTask::do_work(1), processing slice of region 1950 at offset 16384, size: 16384
[0.295s][debug][gc                   ] GC(0) ShenandoahScanRememberedTask::do_work(5), processing slice of region 1950 at offset 32768, size: 16384
[0.295s][debug][gc                   ] GC(0) ShenandoahScanRememberedTask::do_work(7), processing slice of region 1940 at offset 49152, size: 16384
[0.295s][debug][gc                   ] GC(0) ShenandoahScanRememberedTask::do_work(0), processing slice of region 1949 at offset 49152, size: 16384
[0.295s][debug][gc                   ] GC(0) ShenandoahScanRememberedTask::do_work(0), processing slice of region 1951 at offset 32768, size: 16384
[0.295s][debug][gc                   ] GC(0) ShenandoahScanRememberedTask::do_work(0), processing slice of region 1951 at offset 49152, size: 16384
[0.295s][debug][gc                   ] GC(0) ShenandoahScanRememberedTask::do_work(3), processing slice of region 1948 at offset 49152, size: 16384
[0.295s][debug][gc                   ] GC(0) ShenandoahScanRememberedTask::do_work(6), processing slice of region 1944 at offset 49152, size: 16384
[0.295s][debug][gc                   ] GC(0) ShenandoahScanRememberedTask::do_work(1), processing slice of region 1950 at offset 49152, size: 16384
[0.295s][debug][gc                   ] GC(0) ShenandoahScanRememberedTask::do_work(1), processing slice of region 1952 at offset 49152, size: 16384
[0.295s][debug][gc                   ] GC(0) ShenandoahScanRememberedTask::do_work(1), processing slice of region 1953 at offset 0, size: 16384
[0.295s][debug][gc                   ] GC(0) ShenandoahScanRememberedTask::do_work(1), processing slice of region 1953 at offset 16384, size: 16384
[0.295s][debug][gc                   ] GC(0) ShenandoahScanRememberedTask::do_work(1), processing slice of region 1953 at offset 32768, size: 16384
[0.295s][debug][gc                   ] GC(0) ShenandoahScanRememberedTask::do_work(1), processing slice of region 1953 at offset 49152, size: 16384
[0.295s][debug][gc                   ] GC(0) ShenandoahScanRememberedTask::do_work(2), processing slice of region 1940 at offset 16384, size: 16384
[0.295s][debug][gc                   ] GC(0) ShenandoahScanRememberedTask::do_work(0), processing slice of region 1952 at offset 0, size: 16384
[0.295s][debug][gc                   ] GC(0) ShenandoahScanRememberedTask::do_work(6), processing slice of region 1952 at offset 32768, size: 16384
[0.295s][debug][gc                   ] GC(0) ShenandoahScanRememberedTask::do_work(0), processing slice of region 1954 at offset 32768, size: 16384
[0.295s][debug][gc                   ] GC(0) ShenandoahScanRememberedTask::do_work(4), processing slice of region 1948 at offset 32768, size: 16384
[0.295s][debug][gc                   ] GC(0) ShenandoahScanRememberedTask::do_work(7), processing slice of region 1951 at offset 16384, size: 16384
[0.295s][debug][gc                   ] GC(0) ShenandoahScanRememberedTask::do_work(7), processing slice of region 1955 at offset 32768, size: 16384
[0.295s][debug][gc                   ] GC(0) ShenandoahScanRememberedTask::do_work(1), processing slice of region 1954 at offset 0, size: 16384
[0.295s][debug][gc                   ] GC(0) ShenandoahScanRememberedTask::do_work(2), processing slice of region 1954 at offset 16384, size: 16384
[0.295s][debug][gc                   ] GC(0) ShenandoahScanRememberedTask::do_work(2), processing slice of region 1956 at offset 16384, size: 16384
[0.295s][debug][gc                   ] GC(0) ShenandoahScanRememberedTask::do_work(6), processing slice of region 1954 at offset 49152, size: 16384
[0.295s][debug][gc                   ] GC(0) ShenandoahScanRememberedTask::do_work(2), processing slice of region 1956 at offset 32768, size: 16384
[0.295s][debug][gc                   ] GC(0) ShenandoahScanRememberedTask::do_work(6), processing slice of region 1956 at offset 49152, size: 16384
[0.295s][debug][gc                   ] GC(0) ShenandoahScanRememberedTask::do_work(5), processing slice of region 1951 at offset 0, size: 16384
[0.295s][debug][gc                   ] GC(0) ShenandoahScanRememberedTask::do_work(4), processing slice of region 1955 at offset 16384, size: 16384
[0.295s][debug][gc                   ] GC(0) ShenandoahScanRememberedTask::do_work(7), processing slice of region 1955 at offset 49152, size: 16384
[0.295s][debug][gc                   ] GC(0) ShenandoahScanRememberedTask::do_work(7), processing slice of region 1958 at offset 0, size: 16384
[0.295s][debug][gc                   ] GC(0) ShenandoahScanRememberedTask::do_work(3), processing slice of region 1952 at offset 16384, size: 16384
[0.295s][debug][gc                   ] GC(0) ShenandoahScanRememberedTask::do_work(3), processing slice of region 1958 at offset 32768, size: 16384
[0.295s][debug][gc                   ] GC(0) ShenandoahScanRememberedTask::do_work(3), processing slice of region 1958 at offset 49152, size: 16384
[0.295s][debug][gc                   ] GC(0) ShenandoahScanRememberedTask::do_work(3), processing slice of region 1959 at offset 0, size: 16384
[0.295s][debug][gc                   ] GC(0) ShenandoahScanRememberedTask::do_work(3), processing slice of region 1959 at offset 16384, size: 16384
[0.295s][debug][gc                   ] GC(0) ShenandoahScanRememberedTask::do_work(3), processing slice of region 1959 at offset 32768, size: 16384
[0.295s][debug][gc                   ] GC(0) ShenandoahScanRememberedTask::do_work(3), processing slice of region 1959 at offset 49152, size: 16384
[0.295s][debug][gc                   ] GC(0) ShenandoahScanRememberedTask::do_work(3), processing slice of region 1960 at offset 0, size: 16384
[0.295s][debug][gc                   ] GC(0) ShenandoahScanRememberedTask::do_work(0), processing slice of region 1955 at offset 0, size: 16384
[0.295s][debug][gc                   ] GC(0) ShenandoahScanRememberedTask::do_work(0), processing slice of region 1960 at offset 32768, size: 16384
[0.295s][debug][gc                   ] GC(0) ShenandoahScanRememberedTask::do_work(0), processing slice of region 1960 at offset 49152, size: 16384
[0.295s][debug][gc                   ] GC(0) ShenandoahScanRememberedTask::do_work(0), processing slice of region 1961 at offset 0, size: 16384
[0.295s][debug][gc                   ] GC(0) ShenandoahScanRememberedTask::do_work(0), processing slice of region 1961 at offset 16384, size: 16384
[0.295s][debug][gc                   ] GC(0) ShenandoahScanRememberedTask::do_work(0), processing slice of region 1961 at offset 32768, size: 16384
[0.295s][debug][gc                   ] GC(0) ShenandoahScanRememberedTask::do_work(0), processing slice of region 1961 at offset 49152, size: 16384
[0.295s][debug][gc                   ] GC(0) ShenandoahScanRememberedTask::do_work(0), processing slice of region 1962 at offset 0, size: 16384
[0.295s][debug][gc                   ] GC(0) ShenandoahScanRememberedTask::do_work(0), processing slice of region 1962 at offset 16384, size: 16384
[0.295s][debug][gc                   ] GC(0) ShenandoahScanRememberedTask::do_work(0), processing slice of region 1962 at offset 32768, size: 16384
[0.295s][debug][gc                   ] GC(0) ShenandoahScanRememberedTask::do_work(1), processing slice of region 1956 at offset 0, size: 16384
[0.295s][debug][gc                   ] GC(0) ShenandoahScanRememberedTask::do_work(1), processing slice of region 1963 at offset 0, size: 16384
[0.295s][debug][gc                   ] GC(0) ShenandoahScanRememberedTask::do_work(1), processing slice of region 1963 at offset 16384, size: 16384
[0.295s][debug][gc                   ] GC(0) ShenandoahScanRememberedTask::do_work(1), processing slice of region 1963 at offset 32768, size: 16384
[0.295s][debug][gc                   ] GC(0) ShenandoahScanRememberedTask::do_work(1), processing slice of region 1963 at offset 49152, size: 16384
[0.295s][debug][gc                   ] GC(0) ShenandoahScanRememberedTask::do_work(1), processing slice of region 1964 at offset 0, size: 16384
[0.295s][debug][gc                   ] GC(0) ShenandoahScanRememberedTask::do_work(1), processing slice of region 1964 at offset 16384, size: 16384
[0.295s][debug][gc                   ] GC(0) ShenandoahScanRememberedTask::do_work(1), processing slice of region 1964 at offset 32768, size: 16384
[0.295s][debug][gc                   ] GC(0) ShenandoahScanRememberedTask::do_work(6), processing slice of region 1957 at offset 16384, size: 16384
[0.295s][debug][gc                   ] GC(0) ShenandoahScanRememberedTask::do_work(2), processing slice of region 1957 at offset 0, size: 16384
[0.295s][debug][gc                   ] GC(0) ShenandoahScanRememberedTask::do_work(3), processing slice of region 1960 at offset 16384, size: 16384
[0.295s][debug][gc                   ] GC(0) ShenandoahScanRememberedTask::do_work(3), processing slice of region 1965 at offset 32768, size: 16384
[0.295s][debug][gc                   ] GC(0) ShenandoahScanRememberedTask::do_work(5), processing slice of region 1957 at offset 32768, size: 16384
[0.295s][debug][gc                   ] GC(0) ShenandoahScanRememberedTask::do_work(4), processing slice of region 1957 at offset 49152, size: 16384
[0.295s][debug][gc                   ] GC(0) ShenandoahScanRememberedTask::do_work(0), processing slice of region 1962 at offset 49152, size: 16384
[0.295s][debug][gc                   ] GC(0) ShenandoahScanRememberedTask::do_work(4), processing slice of region 1966 at offset 16384, size: 16384
[0.295s][debug][gc                   ] GC(0) ShenandoahScanRememberedTask::do_work(4), processing slice of region 1966 at offset 32768, size: 16384
[0.295s][debug][gc                   ] GC(0) ShenandoahScanRememberedTask::do_work(4), processing slice of region 1967 at offset 0, size: 16384
[0.295s][debug][gc                   ] GC(0) ShenandoahScanRememberedTask::do_work(4), processing slice of region 1967 at offset 16384, size: 16384
[0.295s][debug][gc                   ] GC(0) ShenandoahScanRememberedTask::do_work(2), processing slice of region 1965 at offset 16384, size: 16384
[0.295s][debug][gc                   ] GC(0) ShenandoahScanRememberedTask::do_work(3), processing slice of region 1965 at offset 49152, size: 16384
[0.295s][debug][gc                   ] GC(0) ShenandoahScanRememberedTask::do_work(3), processing slice of region 1968 at offset 0, size: 16384
[0.295s][debug][gc                   ] GC(0) ShenandoahScanRememberedTask::do_work(3), processing slice of region 1968 at offset 16384, size: 16384
[0.295s][debug][gc                   ] GC(0) ShenandoahScanRememberedTask::do_work(3), processing slice of region 1968 at offset 32768, size: 16384
[0.295s][debug][gc                   ] GC(0) ShenandoahScanRememberedTask::do_work(3), processing slice of region 1968 at offset 49152, size: 16384
[0.295s][debug][gc                   ] GC(0) ShenandoahScanRememberedTask::do_work(7), processing slice of region 1958 at offset 16384, size: 16384
[0.295s][debug][gc                   ] GC(0) ShenandoahScanRememberedTask::do_work(7), processing slice of region 1969 at offset 16384, size: 16384
[0.295s][debug][gc                   ] GC(0) ShenandoahScanRememberedTask::do_work(7), processing slice of region 1969 at offset 32768, size: 16384
[0.295s][debug][gc                   ] GC(0) ShenandoahScanRememberedTask::do_work(6), processing slice of region 1965 at offset 0, size: 16384
[0.295s][debug][gc                   ] GC(0) ShenandoahScanRememberedTask::do_work(6), processing slice of region 1970 at offset 0, size: 16384
[0.295s][debug][gc                   ] GC(0) ShenandoahScanRememberedTask::do_work(2), processing slice of region 1967 at offset 49152, size: 16384
[0.295s][debug][gc                   ] GC(0) ShenandoahScanRememberedTask::do_work(2), processing slice of region 1970 at offset 32768, size: 16384
[0.295s][debug][gc                   ] GC(0) ShenandoahScanRememberedTask::do_work(2), processing slice of region 1970 at offset 49152, size: 16384
[0.295s][debug][gc                   ] GC(0) ShenandoahScanRememberedTask::do_work(2), processing slice of region 1971 at offset 0, size: 16384
[0.295s][debug][gc                   ] GC(0) ShenandoahScanRememberedTask::do_work(2), processing slice of region 1971 at offset 16384, size: 16384
[0.295s][debug][gc                   ] GC(0) ShenandoahScanRememberedTask::do_work(2), processing slice of region 1971 at offset 32768, size: 16384
[0.295s][debug][gc                   ] GC(0) ShenandoahScanRememberedTask::do_work(2), processing slice of region 1971 at offset 49152, size: 16384
[0.295s][debug][gc                   ] GC(0) ShenandoahScanRememberedTask::do_work(2), processing slice of region 1972 at offset 0, size: 16384
[0.295s][debug][gc                   ] GC(0) ShenandoahScanRememberedTask::do_work(2), processing slice of region 1972 at offset 16384, size: 16384
[0.295s][debug][gc                   ] GC(0) ShenandoahScanRememberedTask::do_work(2), processing slice of region 1972 at offset 32768, size: 16384
[0.295s][debug][gc                   ] GC(0) ShenandoahScanRememberedTask::do_work(2), processing slice of region 1972 at offset 49152, size: 16384
[0.295s][debug][gc                   ] GC(0) ShenandoahScanRememberedTask::do_work(2), processing slice of region 1973 at offset 0, size: 16384
[0.295s][debug][gc                   ] GC(0) ShenandoahScanRememberedTask::do_work(2), processing slice of region 1973 at offset 16384, size: 16384
[0.295s][debug][gc                   ] GC(0) ShenandoahScanRememberedTask::do_work(2), processing slice of region 1973 at offset 32768, size: 16384
[0.295s][debug][gc                   ] GC(0) ShenandoahScanRememberedTask::do_work(2), processing slice of region 1973 at offset 49152, size: 16384
[0.295s][debug][gc                   ] GC(0) ShenandoahScanRememberedTask::do_work(2), processing slice of region 1974 at offset 0, size: 16384
[0.295s][debug][gc                   ] GC(0) ShenandoahScanRememberedTask::do_work(2), processing slice of region 1974 at offset 16384, size: 16384
[0.295s][debug][gc                   ] GC(0) ShenandoahScanRememberedTask::do_work(2), processing slice of region 1974 at offset 32768, size: 16384
[0.295s][debug][gc                   ] GC(0) ShenandoahScanRememberedTask::do_work(3), processing slice of region 1969 at offset 0, size: 16384
[0.295s][debug][gc                   ] GC(0) ShenandoahScanRememberedTask::do_work(3), processing slice of region 1975 at offset 0, size: 16384
[0.295s][debug][gc                   ] GC(0) ShenandoahScanRememberedTask::do_work(3), processing slice of region 1975 at offset 16384, size: 16384
[0.295s][debug][gc                   ] GC(0) ShenandoahScanRememberedTask::do_work(3), processing slice of region 1975 at offset 32768, size: 16384
[0.295s][debug][gc                   ] GC(0) ShenandoahScanRememberedTask::do_work(3), processing slice of region 1975 at offset 49152, size: 16384
[0.295s][debug][gc                   ] GC(0) ShenandoahScanRememberedTask::do_work(3), processing slice of region 1976 at offset 0, size: 16384
[0.295s][debug][gc                   ] GC(0) ShenandoahScanRememberedTask::do_work(3), processing slice of region 1976 at offset 16384, size: 16384
[0.295s][debug][gc                   ] GC(0) ShenandoahScanRememberedTask::do_work(3), processing slice of region 1976 at offset 32768, size: 16384
[0.295s][debug][gc                   ] GC(0) ShenandoahScanRememberedTask::do_work(3), processing slice of region 1976 at offset 49152, size: 16384
[0.295s][debug][gc                   ] GC(0) ShenandoahScanRememberedTask::do_work(7), processing slice of region 1969 at offset 49152, size: 16384
[0.295s][debug][gc                   ] GC(0) ShenandoahScanRememberedTask::do_work(7), processing slice of region 1977 at offset 16384, size: 16384
[0.295s][debug][gc                   ] GC(0) ShenandoahScanRememberedTask::do_work(7), processing slice of region 1977 at offset 32768, size: 16384
[0.295s][debug][gc                   ] GC(0) ShenandoahScanRememberedTask::do_work(7), processing slice of region 1977 at offset 49152, size: 16384
[0.295s][debug][gc                   ] GC(0) ShenandoahScanRememberedTask::do_work(7), processing slice of region 1978 at offset 0, size: 16384
[0.295s][debug][gc                   ] GC(0) ShenandoahScanRememberedTask::do_work(7), processing slice of region 1978 at offset 16384, size: 16384
[0.295s][debug][gc                   ] GC(0) ShenandoahScanRememberedTask::do_work(7), processing slice of region 1978 at offset 32768, size: 16384
[0.295s][debug][gc                   ] GC(0) ShenandoahScanRememberedTask::do_work(7), processing slice of region 1978 at offset 49152, size: 16384
[0.295s][debug][gc                   ] GC(0) ShenandoahScanRememberedTask::do_work(7), processing slice of region 1979 at offset 0, size: 16384
[0.295s][debug][gc                   ] GC(0) ShenandoahScanRememberedTask::do_work(7), processing slice of region 1979 at offset 16384, size: 16384
[0.295s][debug][gc                   ] GC(0) ShenandoahScanRememberedTask::do_work(7), processing slice of region 1979 at offset 32768, size: 16384
[0.295s][debug][gc                   ] GC(0) ShenandoahScanRememberedTask::do_work(7), processing slice of region 1979 at offset 49152, size: 16384
[0.295s][debug][gc                   ] GC(0) ShenandoahScanRememberedTask::do_work(7), processing slice of region 1980 at offset 0, size: 16384
[0.295s][debug][gc                   ] GC(0) ShenandoahScanRememberedTask::do_work(7), processing slice of region 1980 at offset 16384, size: 16384
[0.295s][debug][gc                   ] GC(0) ShenandoahScanRememberedTask::do_work(7), processing slice of region 1980 at offset 32768, size: 16384
[0.295s][debug][gc                   ] GC(0) ShenandoahScanRememberedTask::do_work(7), processing slice of region 1980 at offset 49152, size: 16384
[0.295s][debug][gc                   ] GC(0) ShenandoahScanRememberedTask::do_work(7), processing slice of region 1981 at offset 0, size: 16384
[0.295s][debug][gc                   ] GC(0) ShenandoahScanRememberedTask::do_work(7), processing slice of region 1981 at offset 16384, size: 16384
[0.295s][debug][gc                   ] GC(0) ShenandoahScanRememberedTask::do_work(7), processing slice of region 1981 at offset 32768, size: 16384
[0.295s][debug][gc                   ] GC(0) ShenandoahScanRememberedTask::do_work(7), processing slice of region 1981 at offset 49152, size: 16384
[0.295s][debug][gc                   ] GC(0) ShenandoahScanRememberedTask::do_work(7), processing slice of region 1982 at offset 0, size: 16384
[0.295s][debug][gc                   ] GC(0) ShenandoahScanRememberedTask::do_work(7), processing slice of region 1982 at offset 16384, size: 16384
[0.295s][debug][gc                   ] GC(0) ShenandoahScanRememberedTask::do_work(7), processing slice of region 1982 at offset 32768, size: 16384
[0.295s][debug][gc                   ] GC(0) ShenandoahScanRememberedTask::do_work(7), processing slice of region 1982 at offset 49152, size: 16384
[0.295s][debug][gc                   ] GC(0) ShenandoahScanRememberedTask::do_work(7), processing slice of region 1983 at offset 0, size: 16384
[0.295s][debug][gc                   ] GC(0) ShenandoahScanRememberedTask::do_work(0), processing slice of region 1966 at offset 49152, size: 16384
[0.295s][debug][gc                   ] GC(0) ShenandoahScanRememberedTask::do_work(0), processing slice of region 1983 at offset 32768, size: 16384
[0.295s][debug][gc                   ] GC(0) ShenandoahScanRememberedTask::do_work(0), processing slice of region 1983 at offset 49152, size: 16384
[0.295s][debug][gc                   ] GC(0) ShenandoahScanRememberedTask::do_work(0), processing slice of region 1984 at offset 0, size: 16384
[0.295s][debug][gc                   ] GC(0) ShenandoahScanRememberedTask::do_work(0), processing slice of region 1984 at offset 16384, size: 16384
[0.295s][debug][gc                   ] GC(0) ShenandoahScanRememberedTask::do_work(2), processing slice of region 1974 at offset 49152, size: 16384
[0.295s][debug][gc                   ] GC(0) ShenandoahScanRememberedTask::do_work(2), processing slice of region 1984 at offset 49152, size: 16384
[0.295s][debug][gc                   ] GC(0) ShenandoahScanRememberedTask::do_work(2), processing slice of region 1985 at offset 0, size: 16384
[0.295s][debug][gc                   ] GC(0) ShenandoahScanRememberedTask::do_work(3), processing slice of region 1977 at offset 0, size: 16384
[0.295s][debug][gc                   ] GC(0) ShenandoahScanRememberedTask::do_work(6), processing slice of region 1970 at offset 16384, size: 16384
[0.295s][debug][gc                   ] GC(0) ShenandoahScanRememberedTask::do_work(6), processing slice of region 1985 at offset 49152, size: 16384
[0.295s][debug][gc                   ] GC(0) ShenandoahScanRememberedTask::do_work(6), processing slice of region 1986 at offset 0, size: 16384
[0.295s][debug][gc                   ] GC(0) ShenandoahScanRememberedTask::do_work(6), processing slice of region 1986 at offset 16384, size: 16384
[0.295s][debug][gc                   ] GC(0) ShenandoahScanRememberedTask::do_work(6), processing slice of region 1986 at offset 32768, size: 16384
[0.295s][debug][gc                   ] GC(0) ShenandoahScanRememberedTask::do_work(7), processing slice of region 1983 at offset 16384, size: 16384
[0.295s][debug][gc                   ] GC(0) ShenandoahScanRememberedTask::do_work(7), processing slice of region 1987 at offset 0, size: 16384
[0.295s][debug][gc                   ] GC(0) ShenandoahScanRememberedTask::do_work(0), processing slice of region 1984 at offset 32768, size: 16384
[0.295s][debug][gc                   ] GC(0) ShenandoahScanRememberedTask::do_work(1), processing slice of region 1964 at offset 49152, size: 16384
[0.295s][debug][gc                   ] GC(0) ShenandoahScanRememberedTask::do_work(1), processing slice of region 1987 at offset 49152, size: 16384
[0.295s][debug][gc                   ] GC(0) ShenandoahScanRememberedTask::do_work(3), processing slice of region 1985 at offset 32768, size: 16384
[0.295s][debug][gc                   ] GC(0) ShenandoahScanRememberedTask::do_work(3), processing slice of region 1988 at offset 16384, size: 16384
[0.295s][debug][gc                   ] GC(0) ShenandoahScanRememberedTask::do_work(4), processing slice of region 1967 at offset 32768, size: 16384
[0.295s][debug][gc                   ] GC(0) ShenandoahScanRememberedTask::do_work(5), processing slice of region 1966 at offset 0, size: 16384
[0.295s][debug][gc                   ] Setting affiliation of Region 544 from FREE to YOUNG, top: 0x00000000d1000000, TAMS: 0x00000000d1000000, watermark: 0x00000000d1000000, top_bitmap: 0x00000000d1000000
[0.295s][debug][gc                   ] GC(0) ShenandoahScanRememberedTask::do_work(7), processing slice of region 1987 at offset 16384, size: 16384
[0.295s][debug][gc                   ] GC(0) ShenandoahScanRememberedTask::do_work(7), processing slice of region 1989 at offset 16384, size: 16384
[0.295s][debug][gc                   ] GC(0) ShenandoahScanRememberedTask::do_work(7), processing slice of region 1989 at offset 32768, size: 16384
[0.295s][debug][gc                   ] GC(0) ShenandoahScanRememberedTask::do_work(0), processing slice of region 1987 at offset 32768, size: 16384
[0.295s][debug][gc                   ] GC(0) ShenandoahScanRememberedTask::do_work(2), processing slice of region 1985 at offset 16384, size: 16384
[0.295s][debug][gc                   ] GC(0) ShenandoahScanRememberedTask::do_work(2), processing slice of region 1990 at offset 16384, size: 16384
[0.295s][debug][gc                   ] GC(0) ShenandoahScanRememberedTask::do_work(3), processing slice of region 1988 at offset 32768, size: 16384
[0.295s][debug][gc                   ] GC(0) ShenandoahScanRememberedTask::do_work(3), processing slice of region 1990 at offset 49152, size: 16384
[0.295s][debug][gc                   ] GC(0) ShenandoahScanRememberedTask::do_work(4), processing slice of region 1988 at offset 49152, size: 16384
[0.295s][debug][gc                   ] GC(0) ShenandoahScanRememberedTask::do_work(5), processing slice of region 1989 at offset 0, size: 16384
[0.295s][debug][gc                   ] GC(0) ShenandoahScanRememberedTask::do_work(6), processing slice of region 1986 at offset 49152, size: 16384
[0.295s][debug][gc                   ] GC(0) ShenandoahScanRememberedTask::do_work(7), processing slice of region 1989 at offset 49152, size: 16384
[0.295s][debug][gc                   ] GC(0) ShenandoahScanRememberedTask::do_work(7), processing slice of region 1992 at offset 0, size: 16384
[0.295s][debug][gc                   ] GC(0) ShenandoahScanRememberedTask::do_work(0), processing slice of region 1990 at offset 0, size: 16384
[0.295s][debug][gc                   ] GC(0) ShenandoahScanRememberedTask::do_work(1), processing slice of region 1988 at offset 0, size: 16384
[0.295s][debug][gc                   ] GC(0) ShenandoahScanRememberedTask::do_work(1), processing slice of region 1992 at offset 49152, size: 16384
[0.295s][debug][gc                   ] GC(0) ShenandoahScanRememberedTask::do_work(2), processing slice of region 1990 at offset 32768, size: 16384
[0.295s][debug][gc                   ] GC(0) ShenandoahScanRememberedTask::do_work(1), processing slice of region 1993 at offset 0, size: 16384
[0.295s][debug][gc                   ] GC(0) ShenandoahScanRememberedTask::do_work(1), processing slice of region 1993 at offset 16384, size: 16384
[0.295s][debug][gc                   ] GC(0) ShenandoahScanRememberedTask::do_work(1), processing slice of region 1993 at offset 49152, size: 16384
[0.295s][debug][gc                   ] GC(0) ShenandoahScanRememberedTask::do_work(6), processing slice of region 1991 at offset 49152, size: 16384
[0.295s][debug][gc                   ] GC(0) ShenandoahScanRememberedTask::do_work(7), processing slice of region 1992 at offset 16384, size: 16384
[0.295s][debug][gc                   ] GC(0) ShenandoahScanRememberedTask::do_work(7), processing slice of region 1994 at offset 32768, size: 16384
[0.295s][debug][gc                   ] GC(0) ShenandoahScanRememberedTask::do_work(7), processing slice of region 1994 at offset 49152, size: 16384
[0.295s][debug][gc                   ] GC(0) ShenandoahScanRememberedTask::do_work(3), processing slice of region 1991 at offset 0, size: 16384
[0.295s][debug][gc                   ] GC(0) ShenandoahScanRememberedTask::do_work(4), processing slice of region 1991 at offset 16384, size: 16384
[0.295s][debug][gc                   ] GC(0) ShenandoahScanRememberedTask::do_work(4), processing slice of region 1995 at offset 32768, size: 16384
[0.295s][debug][gc                   ] GC(0) ShenandoahScanRememberedTask::do_work(4), processing slice of region 1995 at offset 49152, size: 16384
[0.295s][debug][gc                   ] GC(0) ShenandoahScanRememberedTask::do_work(5), processing slice of region 1991 at offset 32768, size: 16384
[0.295s][debug][gc                   ] GC(0) ShenandoahScanRememberedTask::do_work(5), processing slice of region 1996 at offset 16384, size: 16384
[0.295s][debug][gc                   ] GC(0) ShenandoahScanRememberedTask::do_work(5), processing slice of region 1996 at offset 32768, size: 16384
[0.295s][debug][gc                   ] GC(0) ShenandoahScanRememberedTask::do_work(1), processing slice of region 1994 at offset 0, size: 16384
[0.295s][debug][gc                   ] GC(0) ShenandoahScanRememberedTask::do_work(1), processing slice of region 1997 at offset 0, size: 16384
[0.295s][debug][gc                   ] GC(0) ShenandoahScanRememberedTask::do_work(6), processing slice of region 1994 at offset 16384, size: 16384
[0.295s][debug][gc                   ] GC(0) ShenandoahScanRememberedTask::do_work(0), processing slice of region 1992 at offset 32768, size: 16384
[0.295s][debug][gc                   ] GC(0) ShenandoahScanRememberedTask::do_work(7), processing slice of region 1995 at offset 0, size: 16384
[0.295s][debug][gc                   ] GC(0) ShenandoahScanRememberedTask::do_work(3), processing slice of region 1995 at offset 16384, size: 16384
[0.296s][debug][gc                   ] GC(0) ShenandoahScanRememberedTask::do_work(3), processing slice of region 1998 at offset 16384, size: 16384
[0.296s][debug][gc                   ] GC(0) ShenandoahScanRememberedTask::do_work(3), processing slice of region 1998 at offset 32768, size: 16384
[0.296s][debug][gc                   ] GC(0) ShenandoahScanRememberedTask::do_work(3), processing slice of region 1998 at offset 49152, size: 16384
[0.296s][debug][gc                   ] GC(0) ShenandoahScanRememberedTask::do_work(3), processing slice of region 1999 at offset 0, size: 16384
[0.295s][debug][gc                   ] GC(0) ShenandoahScanRememberedTask::do_work(4), processing slice of region 1996 at offset 0, size: 16384
[0.296s][debug][gc                   ] GC(0) ShenandoahScanRememberedTask::do_work(3), processing slice of region 1999 at offset 16384, size: 16384
[0.296s][debug][gc                   ] GC(0) ShenandoahScanRememberedTask::do_work(3), processing slice of region 1999 at offset 32768, size: 16384
[0.296s][debug][gc                   ] GC(0) ShenandoahScanRememberedTask::do_work(4), processing slice of region 1999 at offset 49152, size: 16384
[0.295s][debug][gc                   ] Setting affiliation of Region 545 from FREE to YOUNG, top: 0x00000000d1080000, TAMS: 0x00000000d1080000, watermark: 0x00000000d1080000, top_bitmap: 0x00000000d1080000
[0.295s][debug][gc                   ] GC(0) ShenandoahScanRememberedTask::do_work(5), processing slice of region 1996 at offset 49152, size: 16384
[0.296s][debug][gc                   ] GC(0) ShenandoahScanRememberedTask::do_work(5), processing slice of region 2000 at offset 32768, size: 16384
[0.296s][debug][gc                   ] GC(0) ShenandoahScanRememberedTask::do_work(0), processing slice of region 1997 at offset 49152, size: 16384
[0.296s][debug][gc                   ] GC(0) ShenandoahScanRememberedTask::do_work(0), processing slice of region 2001 at offset 0, size: 16384
[0.296s][debug][gc                   ] GC(0) ShenandoahScanRememberedTask::do_work(0), processing slice of region 2001 at offset 16384, size: 16384
[0.296s][debug][gc                   ] GC(0) ShenandoahScanRememberedTask::do_work(0), processing slice of region 2001 at offset 32768, size: 16384
[0.296s][debug][gc                   ] GC(0) ShenandoahScanRememberedTask::do_work(4), processing slice of region 2000 at offset 16384, size: 16384
[0.296s][debug][gc                   ] GC(0) ShenandoahScanRememberedTask::do_work(4), processing slice of region 2002 at offset 0, size: 16384
[0.296s][debug][gc                   ] GC(0) ShenandoahScanRememberedTask::do_work(4), processing slice of region 2002 at offset 16384, size: 16384
[0.296s][debug][gc                   ] GC(0) ShenandoahScanRememberedTask::do_work(4), processing slice of region 2002 at offset 32768, size: 16384
[0.296s][debug][gc                   ] GC(0) ShenandoahScanRememberedTask::do_work(7), processing slice of region 1998 at offset 0, size: 16384
[0.296s][debug][gc                   ] GC(0) ShenandoahScanRememberedTask::do_work(7), processing slice of region 2003 at offset 0, size: 16384
[0.296s][debug][gc                   ] GC(0) ShenandoahScanRememberedTask::do_work(7), processing slice of region 2003 at offset 16384, size: 16384
[0.296s][debug][gc                   ] GC(0) ShenandoahScanRememberedTask::do_work(7), processing slice of region 2003 at offset 32768, size: 16384
[0.296s][debug][gc                   ] GC(0) ShenandoahScanRememberedTask::do_work(7), processing slice of region 2003 at offset 49152, size: 16384
[0.296s][debug][gc                   ] GC(0) ShenandoahScanRememberedTask::do_work(7), processing slice of region 2004 at offset 0, size: 16384
[0.296s][debug][gc                   ] GC(0) ShenandoahScanRememberedTask::do_work(7), processing slice of region 2004 at offset 16384, size: 16384
[0.296s][debug][gc                   ] GC(0) ShenandoahScanRememberedTask::do_work(7), processing slice of region 2004 at offset 32768, size: 16384
[0.296s][debug][gc                   ] GC(0) ShenandoahScanRememberedTask::do_work(7), processing slice of region 2004 at offset 49152, size: 16384
[0.296s][debug][gc                   ] GC(0) ShenandoahScanRememberedTask::do_work(7), processing slice of region 2005 at offset 0, size: 16384
[0.296s][debug][gc                   ] GC(0) ShenandoahScanRememberedTask::do_work(7), processing slice of region 2005 at offset 16384, size: 16384
[0.296s][debug][gc                   ] GC(0) ShenandoahScanRememberedTask::do_work(7), processing slice of region 2005 at offset 32768, size: 16384
[0.296s][debug][gc                   ] GC(0) ShenandoahScanRememberedTask::do_work(7), processing slice of region 2005 at offset 49152, size: 16384
[0.295s][debug][gc                   ] GC(0) ShenandoahScanRememberedTask::do_work(1), processing slice of region 1997 at offset 16384, size: 16384
[0.296s][debug][gc                   ] GC(0) ShenandoahScanRememberedTask::do_work(7), processing slice of region 2006 at offset 0, size: 16384
[0.296s][debug][gc                   ] GC(0) ShenandoahScanRememberedTask::do_work(1), processing slice of region 2006 at offset 16384, size: 16384
[0.296s][debug][gc                   ] GC(0) ShenandoahScanRememberedTask::do_work(6), processing slice of region 1997 at offset 32768, size: 16384
[0.296s][debug][gc                   ] GC(0) ShenandoahScanRememberedTask::do_work(4), processing slice of region 2002 at offset 49152, size: 16384
[0.296s][debug][gc                   ] GC(0) ShenandoahScanRememberedTask::do_work(6), processing slice of region 2007 at offset 0, size: 16384
[0.296s][debug][gc                   ] GC(0) ShenandoahScanRememberedTask::do_work(3), processing slice of region 2000 at offset 0, size: 16384
[0.296s][debug][gc                   ] GC(0) ShenandoahScanRememberedTask::do_work(6), processing slice of region 2007 at offset 32768, size: 16384
[0.296s][debug][gc                   ] GC(0) ShenandoahScanRememberedTask::do_work(3), processing slice of region 2007 at offset 49152, size: 16384
[0.296s][debug][gc                   ] GC(0) ShenandoahScanRememberedTask::do_work(7), processing slice of region 2006 at offset 32768, size: 16384
[0.296s][debug][gc                   ] GC(0) ShenandoahScanRememberedTask::do_work(3), processing slice of region 2008 at offset 16384, size: 16384
[0.295s][debug][gc                   ] GC(0) ShenandoahScanRememberedTask::do_work(2), processing slice of region 1993 at offset 32768, size: 16384
[0.296s][debug][gc                   ] GC(0) ShenandoahScanRememberedTask::do_work(2), processing slice of region 2009 at offset 0, size: 16384
[0.296s][debug][gc                   ] GC(0) ShenandoahScanRememberedTask::do_work(2), processing slice of region 2009 at offset 16384, size: 16384
[0.296s][debug][gc                   ] GC(0) ShenandoahScanRememberedTask::do_work(0), processing slice of region 2001 at offset 49152, size: 16384
[0.296s][debug][gc                   ] GC(0) ShenandoahScanRememberedTask::do_work(6), processing slice of region 2008 at offset 0, size: 16384
[0.296s][debug][gc                   ] GC(0) ShenandoahScanRememberedTask::do_work(6), processing slice of region 2010 at offset 0, size: 16384
[0.296s][debug][gc                   ] GC(0) ShenandoahScanRememberedTask::do_work(1), processing slice of region 2006 at offset 49152, size: 16384
[0.296s][debug][gc                   ] GC(0) ShenandoahScanRememberedTask::do_work(6), processing slice of region 2010 at offset 16384, size: 16384
[0.296s][debug][gc                   ] GC(0) ShenandoahScanRememberedTask::do_work(1), processing slice of region 2010 at offset 32768, size: 16384
[0.296s][debug][gc                   ] GC(0) ShenandoahScanRememberedTask::do_work(1), processing slice of region 2011 at offset 0, size: 16384
[0.296s][debug][gc                   ] GC(0) ShenandoahScanRememberedTask::do_work(1), processing slice of region 2011 at offset 16384, size: 16384
[0.296s][debug][gc                   ] GC(0) ShenandoahScanRememberedTask::do_work(4), processing slice of region 2007 at offset 16384, size: 16384
[0.296s][debug][gc                   ] GC(0) ShenandoahScanRememberedTask::do_work(2), processing slice of region 2009 at offset 32768, size: 16384
[0.296s][debug][gc                   ] GC(0) ShenandoahScanRememberedTask::do_work(2), processing slice of region 2012 at offset 0, size: 16384
[0.296s][debug][gc                   ] GC(0) ShenandoahScanRememberedTask::do_work(6), processing slice of region 2010 at offset 49152, size: 16384
[0.296s][debug][gc                   ] GC(0) ShenandoahScanRememberedTask::do_work(2), processing slice of region 2012 at offset 16384, size: 16384
[0.296s][debug][gc                   ] GC(0) ShenandoahScanRememberedTask::do_work(2), processing slice of region 2012 at offset 32768, size: 16384
[0.296s][debug][gc                   ] GC(0) ShenandoahScanRememberedTask::do_work(3), processing slice of region 2008 at offset 49152, size: 16384
[0.296s][debug][gc                   ] GC(0) ShenandoahScanRememberedTask::do_work(2), processing slice of region 2013 at offset 0, size: 16384
[0.296s][debug][gc                   ] GC(0) ShenandoahScanRememberedTask::do_work(2), processing slice of region 2013 at offset 32768, size: 16384
[0.296s][debug][gc                   ] GC(0) ShenandoahScanRememberedTask::do_work(0), processing slice of region 2009 at offset 49152, size: 16384
[0.296s][debug][gc                   ] GC(0) ShenandoahScanRememberedTask::do_work(0), processing slice of region 2014 at offset 0, size: 16384
[0.296s][debug][gc                   ] GC(0) ShenandoahScanRememberedTask::do_work(6), processing slice of region 2012 at offset 49152, size: 16384
[0.296s][debug][gc                   ] GC(0) ShenandoahScanRememberedTask::do_work(0), processing slice of region 2014 at offset 16384, size: 16384
[0.296s][debug][gc                   ] GC(0) ShenandoahScanRememberedTask::do_work(6), processing slice of region 2014 at offset 32768, size: 16384
[0.296s][debug][gc                   ] GC(0) ShenandoahScanRememberedTask::do_work(6), processing slice of region 2014 at offset 49152, size: 16384
[0.296s][debug][gc                   ] GC(0) ShenandoahScanRememberedTask::do_work(3), processing slice of region 2013 at offset 16384, size: 16384
[0.296s][debug][gc                   ] GC(0) ShenandoahScanRememberedTask::do_work(3), processing slice of region 2015 at offset 32768, size: 16384
[0.296s][debug][gc                   ] GC(0) ShenandoahScanRememberedTask::do_work(4), processing slice of region 2011 at offset 49152, size: 16384
[0.296s][debug][gc                   ] GC(0) ShenandoahScanRememberedTask::do_work(2), processing slice of region 2013 at offset 49152, size: 16384
[0.296s][debug][gc                   ] GC(0) ShenandoahScanRememberedTask::do_work(0), processing slice of region 2015 at offset 0, size: 16384
[0.296s][debug][gc                   ] GC(0) ShenandoahScanRememberedTask::do_work(0), processing slice of region 2016 at offset 32768, size: 16384
[0.296s][debug][gc                   ] GC(0) ShenandoahScanRememberedTask::do_work(0), processing slice of region 2016 at offset 49152, size: 16384
[0.296s][debug][gc                   ] GC(0) ShenandoahScanRememberedTask::do_work(6), processing slice of region 2015 at offset 16384, size: 16384
[0.296s][debug][gc                   ] GC(0) ShenandoahScanRememberedTask::do_work(0), processing slice of region 2017 at offset 0, size: 16384
[0.296s][debug][gc                   ] GC(0) ShenandoahScanRememberedTask::do_work(0), processing slice of region 2017 at offset 16384, size: 16384
[0.296s][debug][gc                   ] GC(0) ShenandoahScanRememberedTask::do_work(0), processing slice of region 2017 at offset 49152, size: 16384
[0.296s][debug][gc                   ] GC(0) ShenandoahScanRememberedTask::do_work(4), processing slice of region 2016 at offset 0, size: 16384
[0.296s][debug][gc                   ] GC(0) ShenandoahScanRememberedTask::do_work(0), processing slice of region 2018 at offset 0, size: 16384
[0.296s][debug][gc                   ] GC(0) ShenandoahScanRememberedTask::do_work(0), processing slice of region 2018 at offset 16384, size: 16384
[0.296s][debug][gc                   ] GC(0) ShenandoahScanRememberedTask::do_work(0), processing slice of region 2018 at offset 49152, size: 16384
[0.296s][debug][gc                   ] GC(0) ShenandoahScanRememberedTask::do_work(0), processing slice of region 2019 at offset 0, size: 16384
[0.296s][debug][gc                   ] GC(0) ShenandoahScanRememberedTask::do_work(0), processing slice of region 2019 at offset 16384, size: 16384
[0.296s][debug][gc                   ] GC(0) ShenandoahScanRememberedTask::do_work(6), processing slice of region 2017 at offset 32768, size: 16384
[0.296s][debug][gc                   ] GC(0) ShenandoahScanRememberedTask::do_work(0), processing slice of region 2019 at offset 32768, size: 16384
[0.296s][debug][gc                   ] GC(0) ShenandoahScanRememberedTask::do_work(0), processing slice of region 2019 at offset 49152, size: 16384
[0.296s][debug][gc                   ] GC(0) ShenandoahScanRememberedTask::do_work(6), processing slice of region 2020 at offset 0, size: 16384
[0.296s][debug][gc                   ] GC(0) ShenandoahScanRememberedTask::do_work(1), processing slice of region 2011 at offset 32768, size: 16384
[0.296s][debug][gc                   ] GC(0) ShenandoahScanRememberedTask::do_work(4), processing slice of region 2018 at offset 32768, size: 16384
[0.296s][debug][gc                   ] GC(0) ShenandoahScanRememberedTask::do_work(4), processing slice of region 2021 at offset 0, size: 16384
[0.296s][debug][gc                   ] GC(0) ShenandoahScanRememberedTask::do_work(4), processing slice of region 2021 at offset 16384, size: 16384
[0.296s][debug][gc                   ] GC(0) ShenandoahScanRememberedTask::do_work(2), processing slice of region 2016 at offset 16384, size: 16384
[0.296s][debug][gc                   ] GC(0) ShenandoahScanRememberedTask::do_work(5), processing slice of region 2000 at offset 49152, size: 16384
[0.296s][debug][gc                   ] GC(0) ShenandoahScanRememberedTask::do_work(0), processing slice of region 2020 at offset 16384, size: 16384
[0.296s][debug][gc                   ] GC(0) ShenandoahScanRememberedTask::do_work(0), processing slice of region 2022 at offset 16384, size: 16384
[0.296s][debug][gc                   ] GC(0) ShenandoahScanRememberedTask::do_work(0), processing slice of region 2022 at offset 32768, size: 16384
[0.296s][debug][gc                   ] GC(0) ShenandoahScanRememberedTask::do_work(0), processing slice of region 2022 at offset 49152, size: 16384
[0.296s][debug][gc                   ] GC(0) ShenandoahScanRememberedTask::do_work(1), processing slice of region 2020 at offset 49152, size: 16384
[0.296s][debug][gc                   ] GC(0) ShenandoahScanRememberedTask::do_work(7), processing slice of region 2008 at offset 32768, size: 16384
[0.296s][debug][gc                   ] GC(0) ShenandoahScanRememberedTask::do_work(7), processing slice of region 2023 at offset 32768, size: 16384
[0.296s][debug][gc                   ] GC(0) ShenandoahScanRememberedTask::do_work(7), processing slice of region 2023 at offset 49152, size: 16384
[0.296s][debug][gc                   ] GC(0) ShenandoahScanRememberedTask::do_work(7), processing slice of region 2024 at offset 0, size: 16384
[0.296s][debug][gc                   ] GC(0) ShenandoahScanRememberedTask::do_work(5), processing slice of region 2022 at offset 0, size: 16384
[0.296s][debug][gc                   ] GC(0) ShenandoahScanRememberedTask::do_work(3), processing slice of region 2015 at offset 49152, size: 16384
[0.296s][debug][gc                   ] GC(0) ShenandoahScanRememberedTask::do_work(3), processing slice of region 2024 at offset 49152, size: 16384
[0.296s][debug][gc                   ] GC(0) ShenandoahScanRememberedTask::do_work(3), processing slice of region 2025 at offset 0, size: 16384
[0.296s][debug][gc                   ] GC(0) ShenandoahScanRememberedTask::do_work(0), processing slice of region 2023 at offset 0, size: 16384
[0.296s][debug][gc                   ] GC(0) ShenandoahScanRememberedTask::do_work(0), processing slice of region 2025 at offset 32768, size: 16384
[0.296s][debug][gc                   ] GC(0) ShenandoahScanRememberedTask::do_work(0), processing slice of region 2025 at offset 49152, size: 16384
[0.296s][debug][gc                   ] GC(0) ShenandoahScanRememberedTask::do_work(0), processing slice of region 2026 at offset 0, size: 16384
[0.296s][debug][gc                   ] GC(0) ShenandoahScanRememberedTask::do_work(4), processing slice of region 2021 at offset 32768, size: 16384
[0.296s][debug][gc                   ] GC(0) ShenandoahScanRememberedTask::do_work(0), processing slice of region 2026 at offset 16384, size: 16384
[0.296s][debug][gc                   ] GC(0) ShenandoahScanRememberedTask::do_work(0), processing slice of region 2026 at offset 32768, size: 16384
[0.296s][debug][gc                   ] GC(0) ShenandoahScanRememberedTask::do_work(2), processing slice of region 2021 at offset 49152, size: 16384
[0.296s][debug][gc                   ] GC(0) ShenandoahScanRememberedTask::do_work(2), processing slice of region 2027 at offset 16384, size: 16384
[0.296s][debug][gc                   ] GC(0) ShenandoahScanRememberedTask::do_work(2), processing slice of region 2027 at offset 32768, size: 16384
[0.296s][debug][gc                   ] GC(0) ShenandoahScanRememberedTask::do_work(2), processing slice of region 2027 at offset 49152, size: 16384
[0.296s][debug][gc                   ] GC(0) ShenandoahScanRememberedTask::do_work(2), processing slice of region 2028 at offset 0, size: 16384
[0.296s][debug][gc                   ] GC(0) ShenandoahScanRememberedTask::do_work(2), processing slice of region 2028 at offset 16384, size: 16384
[0.296s][debug][gc                   ] GC(0) ShenandoahScanRememberedTask::do_work(2), processing slice of region 2028 at offset 32768, size: 16384
[0.296s][debug][gc                   ] GC(0) ShenandoahScanRememberedTask::do_work(2), processing slice of region 2028 at offset 49152, size: 16384
[0.296s][debug][gc                   ] GC(0) ShenandoahScanRememberedTask::do_work(2), processing slice of region 2029 at offset 0, size: 16384
[0.296s][debug][gc                   ] GC(0) ShenandoahScanRememberedTask::do_work(2), processing slice of region 2029 at offset 16384, size: 16384
[0.296s][debug][gc                   ] GC(0) ShenandoahScanRememberedTask::do_work(2), processing slice of region 2029 at offset 32768, size: 16384
[0.296s][debug][gc                   ] GC(0) ShenandoahScanRememberedTask::do_work(2), processing slice of region 2029 at offset 49152, size: 16384
[0.296s][debug][gc                   ] GC(0) ShenandoahScanRememberedTask::do_work(2), processing slice of region 2030 at offset 0, size: 16384
[0.296s][debug][gc                   ] GC(0) ShenandoahScanRememberedTask::do_work(2), processing slice of region 2030 at offset 16384, size: 16384
[0.296s][debug][gc                   ] GC(0) ShenandoahScanRememberedTask::do_work(2), processing slice of region 2030 at offset 32768, size: 16384
[0.296s][debug][gc                   ] GC(0) ShenandoahScanRememberedTask::do_work(2), processing slice of region 2030 at offset 49152, size: 16384
[0.296s][debug][gc                   ] GC(0) ShenandoahScanRememberedTask::do_work(2), processing slice of region 2031 at offset 0, size: 16384
[0.296s][debug][gc                   ] GC(0) ShenandoahScanRememberedTask::do_work(2), processing slice of region 2031 at offset 16384, size: 16384
[0.296s][debug][gc                   ] GC(0) ShenandoahScanRememberedTask::do_work(2), processing slice of region 2031 at offset 32768, size: 16384
[0.296s][debug][gc                   ] GC(0) ShenandoahScanRememberedTask::do_work(2), processing slice of region 2031 at offset 49152, size: 16384
[0.296s][debug][gc                   ] GC(0) ShenandoahScanRememberedTask::do_work(2), processing slice of region 2032 at offset 0, size: 16384
[0.296s][debug][gc                   ] GC(0) ShenandoahScanRememberedTask::do_work(2), processing slice of region 2032 at offset 16384, size: 16384
[0.296s][debug][gc                   ] GC(0) ShenandoahScanRememberedTask::do_work(2), processing slice of region 2032 at offset 32768, size: 16384
[0.296s][debug][gc                   ] GC(0) ShenandoahScanRememberedTask::do_work(2), processing slice of region 2032 at offset 49152, size: 16384
[0.296s][debug][gc                   ] GC(0) ShenandoahScanRememberedTask::do_work(7), processing slice of region 2024 at offset 16384, size: 16384
[0.296s][debug][gc                   ] GC(0) ShenandoahScanRememberedTask::do_work(7), processing slice of region 2033 at offset 16384, size: 16384
[0.296s][debug][gc                   ] GC(0) ShenandoahScanRememberedTask::do_work(7), processing slice of region 2033 at offset 32768, size: 16384
[0.296s][debug][gc                   ] GC(0) ShenandoahScanRememberedTask::do_work(7), processing slice of region 2033 at offset 49152, size: 16384
[0.296s][debug][gc                   ] GC(0) ShenandoahScanRememberedTask::do_work(7), processing slice of region 2034 at offset 0, size: 16384
[0.296s][debug][gc                   ] GC(0) ShenandoahScanRememberedTask::do_work(7), processing slice of region 2034 at offset 16384, size: 16384
[0.296s][debug][gc                   ] GC(0) ShenandoahScanRememberedTask::do_work(7), processing slice of region 2034 at offset 32768, size: 16384
[0.296s][debug][gc                   ] GC(0) ShenandoahScanRememberedTask::do_work(7), processing slice of region 2034 at offset 49152, size: 16384
[0.296s][debug][gc                   ] GC(0) ShenandoahScanRememberedTask::do_work(7), processing slice of region 2035 at offset 0, size: 16384
[0.296s][debug][gc                   ] GC(0) ShenandoahScanRememberedTask::do_work(7), processing slice of region 2035 at offset 16384, size: 16384
[0.296s][debug][gc                   ] GC(0) ShenandoahScanRememberedTask::do_work(7), processing slice of region 2035 at offset 32768, size: 16384
[0.296s][debug][gc                   ] GC(0) ShenandoahScanRememberedTask::do_work(7), processing slice of region 2035 at offset 49152, size: 16384
[0.296s][debug][gc                   ] GC(0) ShenandoahScanRememberedTask::do_work(7), processing slice of region 2036 at offset 0, size: 16384
[0.296s][debug][gc                   ] GC(0) ShenandoahScanRememberedTask::do_work(6), processing slice of region 2020 at offset 32768, size: 16384
[0.296s][debug][gc                   ] GC(0) ShenandoahScanRememberedTask::do_work(6), processing slice of region 2036 at offset 32768, size: 16384
[0.296s][debug][gc                   ] GC(0) ShenandoahScanRememberedTask::do_work(6), processing slice of region 2036 at offset 49152, size: 16384
[0.296s][debug][gc                   ] Setting affiliation of Region 546 from FREE to YOUNG, top: 0x00000000d1100000, TAMS: 0x00000000d1100000, watermark: 0x00000000d1100000, top_bitmap: 0x00000000d1100000
[0.296s][debug][gc                   ] GC(0) ShenandoahScanRememberedTask::do_work(1), processing slice of region 2023 at offset 16384, size: 16384
[0.296s][debug][gc                   ] GC(0) ShenandoahScanRememberedTask::do_work(1), processing slice of region 2037 at offset 16384, size: 16384
[0.296s][debug][gc                   ] GC(0) ShenandoahScanRememberedTask::do_work(1), processing slice of region 2037 at offset 32768, size: 16384
[0.296s][debug][gc                   ] GC(0) ShenandoahScanRememberedTask::do_work(1), processing slice of region 2037 at offset 49152, size: 16384
[0.296s][debug][gc                   ] GC(0) ShenandoahScanRememberedTask::do_work(0), processing slice of region 2027 at offset 0, size: 16384
[0.296s][debug][gc                   ] GC(0) ShenandoahScanRememberedTask::do_work(0), processing slice of region 2038 at offset 16384, size: 16384
[0.296s][debug][gc                   ] GC(0) ShenandoahScanRememberedTask::do_work(7), processing slice of region 2036 at offset 16384, size: 16384
[0.296s][debug][gc                   ] GC(0) ShenandoahScanRememberedTask::do_work(3), processing slice of region 2025 at offset 16384, size: 16384
[0.296s][debug][gc                   ] GC(0) ShenandoahScanRememberedTask::do_work(3), processing slice of region 2039 at offset 0, size: 16384
[0.296s][debug][gc                   ] GC(0) ShenandoahScanRememberedTask::do_work(6), processing slice of region 2037 at offset 0, size: 16384
[0.296s][debug][gc                   ] Setting affiliation of Region 547 from FREE to YOUNG, top: 0x00000000d1180000, TAMS: 0x00000000d1180000, watermark: 0x00000000d1180000, top_bitmap: 0x00000000d1180000
[0.296s][debug][gc                   ] GC(0) ShenandoahScanRememberedTask::do_work(2), processing slice of region 2033 at offset 0, size: 16384
[0.296s][debug][gc                   ] GC(0) ShenandoahScanRememberedTask::do_work(2), processing slice of region 2039 at offset 49152, size: 16384
[0.296s][debug][gc                   ] GC(0) ShenandoahScanRememberedTask::do_work(2), processing slice of region 2040 at offset 0, size: 16384
[0.296s][debug][gc                   ] GC(0) ShenandoahScanRememberedTask::do_work(2), processing slice of region 2040 at offset 16384, size: 16384
[0.296s][debug][gc                   ] GC(0) ShenandoahScanRememberedTask::do_work(0), processing slice of region 2038 at offset 32768, size: 16384
[0.296s][debug][gc                   ] GC(0) ShenandoahScanRememberedTask::do_work(2), processing slice of region 2040 at offset 32768, size: 16384
[0.296s][debug][gc                   ] GC(0) ShenandoahScanRememberedTask::do_work(2), processing slice of region 2040 at offset 49152, size: 16384
[0.296s][debug][gc                   ] GC(0) ShenandoahScanRememberedTask::do_work(0), processing slice of region 2041 at offset 0, size: 16384
[0.296s][debug][gc                   ] GC(0) ShenandoahScanRememberedTask::do_work(3), processing slice of region 2039 at offset 16384, size: 16384
[0.296s][debug][gc                   ] GC(0) ShenandoahScanRememberedTask::do_work(6), processing slice of region 2039 at offset 32768, size: 16384
[0.296s][debug][gc                   ] GC(0) ShenandoahScanRememberedTask::do_work(6), processing slice of region 2042 at offset 0, size: 16384
[0.296s][debug][gc                   ] GC(0) ShenandoahScanRememberedTask::do_work(6), processing slice of region 2042 at offset 16384, size: 16384
[0.296s][debug][gc                   ] GC(0) ShenandoahScanRememberedTask::do_work(4), processing slice of region 2026 at offset 49152, size: 16384
[0.296s][debug][gc                   ] GC(0) ShenandoahScanRememberedTask::do_work(4), processing slice of region 2042 at offset 49152, size: 16384
[0.296s][debug][gc                   ] GC(0) ShenandoahScanRememberedTask::do_work(4), processing slice of region 2043 at offset 0, size: 16384
[0.296s][debug][gc                   ] GC(0) ShenandoahScanRememberedTask::do_work(5), processing slice of region 2024 at offset 32768, size: 16384
[0.296s][debug][gc                   ] GC(0) ShenandoahScanRememberedTask::do_work(5), processing slice of region 2043 at offset 32768, size: 16384
[0.296s][debug][gc                   ] GC(0) ShenandoahScanRememberedTask::do_work(7), processing slice of region 2038 at offset 49152, size: 16384
[0.296s][debug][gc                   ] GC(0) ShenandoahScanRememberedTask::do_work(7), processing slice of region 2044 at offset 0, size: 16384
[0.296s][debug][gc                   ] GC(0) ShenandoahScanRememberedTask::do_work(3), processing slice of region 2041 at offset 49152, size: 16384
[0.296s][debug][gc                   ] GC(0) ShenandoahScanRememberedTask::do_work(3), processing slice of region 2044 at offset 32768, size: 16384
[0.296s][debug][gc                   ] GC(0) ShenandoahScanRememberedTask::do_work(3), processing slice of region 2044 at offset 49152, size: 16384
[0.296s][debug][gc                   ] GC(0) ShenandoahScanRememberedTask::do_work(3), processing slice of region 2045 at offset 0, size: 16384
[0.296s][debug][gc                   ] GC(0) ShenandoahScanRememberedTask::do_work(3), processing slice of region 2045 at offset 16384, size: 16384
[0.296s][debug][gc                   ] GC(0) ShenandoahScanRememberedTask::do_work(3), processing slice of region 2045 at offset 32768, size: 16384
[0.296s][debug][gc                   ] GC(0) ShenandoahScanRememberedTask::do_work(3), processing slice of region 2045 at offset 49152, size: 16384
[0.296s][debug][gc                   ] GC(0) ShenandoahScanRememberedTask::do_work(3), processing slice of region 2046 at offset 0, size: 16384
[0.296s][debug][gc                   ] GC(0) ShenandoahScanRememberedTask::do_work(3), processing slice of region 2046 at offset 16384, size: 16384
[0.296s][debug][gc                   ] GC(0) ShenandoahScanRememberedTask::do_work(3), processing slice of region 2046 at offset 32768, size: 16384
[0.296s][debug][gc                   ] GC(0) ShenandoahScanRememberedTask::do_work(3), processing slice of region 2046 at offset 49152, size: 16384
[0.296s][debug][gc                   ] GC(0) ShenandoahScanRememberedTask::do_work(3), processing slice of region 2047 at offset 0, size: 16384
[0.296s][debug][gc                   ] GC(0) ShenandoahScanRememberedTask::do_work(3), processing slice of region 2047 at offset 16384, size: 16384
[0.296s][debug][gc                   ] GC(0) ShenandoahScanRememberedTask::do_work(3), processing slice of region 2047 at offset 32768, size: 16384
[0.296s][debug][gc                   ] GC(0) ShenandoahScanRememberedTask::do_work(3), processing slice of region 2047 at offset 49152, size: 16384
[0.296s][debug][gc                   ] GC(0) ShenandoahScanRememberedTask::do_work(4), processing slice of region 2043 at offset 16384, size: 16384
[0.296s][debug][gc                   ] GC(0) ShenandoahScanRememberedTask::do_work(2), processing slice of region 2041 at offset 16384, size: 16384
[0.296s][debug][gc                   ] GC(0) ShenandoahScanRememberedTask::do_work(5), processing slice of region 2043 at offset 49152, size: 16384
[0.296s][debug][gc                   ] GC(0) ShenandoahScanRememberedTask::do_work(0), processing slice of region 2041 at offset 32768, size: 16384
[0.296s][debug][gc                   ] GC(0) ShenandoahScanRememberedTask::do_work(7), processing slice of region 2044 at offset 16384, size: 16384
[0.296s][debug][gc                   ] GC(0) ShenandoahScanRememberedTask::do_work(6), processing slice of region 2042 at offset 32768, size: 16384
[0.296s][debug][gc                   ] Setting affiliation of Region 548 from FREE to YOUNG, top: 0x00000000d1200000, TAMS: 0x00000000d1200000, watermark: 0x00000000d1200000, top_bitmap: 0x00000000d1200000
[0.296s][debug][gc                   ] GC(0) ShenandoahScanRememberedTask::do_work(1), processing slice of region 2038 at offset 0, size: 16384
[0.296s][info ][gc                   ] GC(0) Concurrent remembered set scanning 54.268ms
[0.296s][info ][gc,start             ] GC(0) Concurrent marking roots
[0.296s][trace][gc,task              ] GC(0) Shenandoah GC Threads: using 8 out of 16 workers
[0.296s][info ][gc,task              ] GC(0) Using 8 of 16 workers for concurrent marking roots
[0.296s][debug][gc,tlab              ] GC(0) TLAB totals: thrds: 1  refills: 5 max: 5 slow allocs: 275 max 275 waste:  1.2% gc: 0B max: 0B slow: 26824B max: 26824B
[0.296s][trace][gc,tlab              ] GC(0) TLAB: gc thread: 0x00007faab01ae0b0 [id: 19835] desired_size: 512KB slow allocs: 0  refill waste: 8192B alloc: 0.02571     8031KB refills: 1 waste 99.9% gc: 523776B slow: 0B
[0.296s][trace][gc,tlab              ] GC(0) TLAB new size: thread: 0x00007faab01ae0b0 [id: 19835] refills 50  alloc: 0.025707 desired_size: 65536 -> 65536
[0.296s][trace][gc,tlab              ] GC(0) TLAB: gc thread: 0x00007faab01af810 [id: 19836] desired_size: 512KB slow allocs: 0  refill waste: 8192B alloc: 0.02571     8031KB refills: 0 waste  0.0% gc: 0B slow: 0B
[0.296s][trace][gc,tlab              ] GC(0) TLAB new size: thread: 0x00007faab01af810 [id: 19836] refills 50  alloc: 0.025707 desired_size: 65536 -> 65536
[0.296s][trace][gc,tlab              ] GC(0) TLAB: gc thread: 0x00007faab01b1310 [id: 19837] desired_size: 512KB slow allocs: 0  refill waste: 8192B alloc: 0.02571     8031KB refills: 0 waste  0.0% gc: 0B slow: 0B
[0.296s][trace][gc,tlab              ] GC(0) TLAB new size: thread: 0x00007faab01b1310 [id: 19837] refills 50  alloc: 0.025707 desired_size: 65536 -> 65536
[0.296s][trace][gc,tlab              ] GC(0) TLAB: gc thread: 0x00007faab01b2cb0 [id: 19838] desired_size: 512KB slow allocs: 0  refill waste: 8192B alloc: 0.02571     8031KB refills: 0 waste  0.0% gc: 0B slow: 0B
[0.296s][trace][gc,tlab              ] GC(0) TLAB new size: thread: 0x00007faab01b2cb0 [id: 19838] refills 50  alloc: 0.025707 desired_size: 65536 -> 65536
[0.296s][trace][gc,tlab              ] GC(0) TLAB: gc thread: 0x00007faab01b6340 [id: 19840] desired_size: 512KB slow allocs: 0  refill waste: 8192B alloc: 0.02571     8031KB refills: 0 waste  0.0% gc: 0B slow: 0B
[0.296s][trace][gc,tlab              ] GC(0) TLAB new size: thread: 0x00007faab01b6340 [id: 19840] refills 50  alloc: 0.025707 desired_size: 65536 -> 65536
[0.296s][trace][gc,tlab              ] GC(0) TLAB: gc thread: 0x00007faab01b4500 [id: 19839] desired_size: 512KB slow allocs: 0  refill waste: 8192B alloc: 0.02571     8031KB refills: 0 waste  0.0% gc: 0B slow: 0B
[0.296s][trace][gc,tlab              ] GC(0) TLAB new size: thread: 0x00007faab01b4500 [id: 19839] refills 50  alloc: 0.025707 desired_size: 65536 -> 65536
[0.296s][trace][gc,tlab              ] GC(0) TLAB: gc thread: 0x00007faab01b7d90 [id: 19841] desired_size: 512KB slow allocs: 0  refill waste: 8192B alloc: 0.02571     8031KB refills: 1 waste 100.0% gc: 524096B slow: 0B
[0.296s][trace][gc,tlab              ] GC(0) TLAB: gc thread: 0x00007fa9940620b0 [id: 19842] desired_size: 512KB slow allocs: 0  refill waste: 8192B alloc: 0.02571     8031KB refills: 1 waste 99.9% gc: 523504B slow: 0B
[0.296s][trace][gc,tlab              ] GC(0) TLAB new size: thread: 0x00007fa9940620b0 [id: 19842] refills 50  alloc: 0.025707 desired_size: 65536 -> 65536
[0.296s][trace][gc,tlab              ] GC(0) TLAB: gc thread: 0x00007fa994084ad0 [id: 19843] desired_size: 512KB slow allocs: 0  refill waste: 8192B alloc: 0.02571     8031KB refills: 1 waste 100.0% gc: 524232B slow: 0B
[0.296s][trace][gc,tlab              ] GC(0) TLAB new size: thread: 0x00007fa994084ad0 [id: 19843] refills 50  alloc: 0.025707 desired_size: 65536 -> 65536
[0.296s][trace][gc,tlab              ] GC(0) TLAB new size: thread: 0x00007faab01b7d90 [id: 19841] refills 50  alloc: 0.025707 desired_size: 65536 -> 65536
[0.296s][trace][gc,tlab              ] GC(0) TLAB: gc thread: 0x00007faab0208670 [id: 19844] desired_size: 512KB slow allocs: 0  refill waste: 8192B alloc: 0.02571     8031KB refills: 0 waste  0.0% gc: 0B slow: 0B
[0.296s][trace][gc,tlab              ] GC(0) TLAB new size: thread: 0x00007faab0208670 [id: 19844] refills 50  alloc: 0.025707 desired_size: 65536 -> 65536
[0.296s][trace][gc,tlab              ] GC(0) TLAB: gc thread: 0x00007faab020bff0 [id: 19845] desired_size: 512KB slow allocs: 0  refill waste: 8192B alloc: 0.02571     8031KB refills: 1 waste 99.6% gc: 522104B slow: 0B
[0.296s][trace][gc,tlab              ] GC(0) TLAB new size: thread: 0x00007faab020bff0 [id: 19845] refills 50  alloc: 0.025707 desired_size: 65536 -> 65536
[0.296s][info ][gc                   ] GC(0) Concurrent marking roots 0.249ms
[0.296s][info ][gc,start             ] GC(0) Concurrent marking (YOUNG)
[0.296s][trace][gc,task              ] GC(0) Shenandoah GC Threads: using 8 out of 16 workers
[0.296s][info ][gc,task              ] GC(0) Using 8 of 16 workers for concurrent marking
[0.297s][trace][gc,ref               ] GC(0) Encountered Reference: 0x00000000fc945358 (Soft, YOUNG)
[0.297s][trace][gc,ref               ] GC(0) Encountered Reference: 0x00000000fc80be58 (Phantom, YOUNG)
[0.297s][trace][gc,ref               ] GC(0) Discovered Reference: 0x00000000fc80be58 (Phantom)
[0.297s][trace][gc,ref               ] GC(0) Encountered Reference: 0x00000000fc925f30 (Soft, YOUNG)
[0.297s][trace][gc,ref               ] GC(0) Reference softly live: 0x00000000fc925f30
[0.297s][trace][gc,ref               ] GC(0) Encountered Reference: 0x00000000fc94cda0 (Soft, YOUNG)
[0.297s][trace][gc,ref               ] GC(0) Encountered Reference: 0x00000000fc94cbf0 (Soft, YOUNG)
[0.297s][trace][gc,ref               ] GC(0) Reference softly live: 0x00000000fc94cda0
[0.297s][trace][gc,ref               ] GC(0) Encountered Reference: 0x00000000fc8047c8 (Phantom, YOUNG)
[0.297s][trace][gc,ref               ] GC(0) Encountered Reference: 0x00000000fca0d038 (Weak, YOUNG)
[0.297s][trace][gc,ref               ] GC(0) Reference softly live: 0x00000000fc94cbf0
[0.297s][trace][gc,ref               ] GC(0) Discovered Reference: 0x00000000fca0d038 (Weak)
[0.297s][trace][gc,ref               ] GC(0) Reference softly live: 0x00000000fc945358
[0.297s][trace][gc,ref               ] GC(0) Encountered Reference: 0x00000000fc91b928 (Soft, YOUNG)
[0.297s][trace][gc,ref               ] GC(0) Discovered Reference: 0x00000000fc8047c8 (Phantom)
[0.297s][trace][gc,ref               ] GC(0) Encountered Reference: 0x00000000fc97e588 (Phantom, YOUNG)
[0.297s][trace][gc,ref               ] GC(0) Encountered Reference: 0x00000000fc9193c8 (Soft, YOUNG)
[0.297s][trace][gc,ref               ] GC(0) Encountered Reference: 0x00000000fca0d418 (Phantom, YOUNG)
[0.297s][trace][gc,ref               ] GC(0) Reference strongly live: 0x00000000fca0d418
[0.297s][trace][gc,ref               ] GC(0) Encountered Reference: 0x00000000fc805b38 (Soft, YOUNG)
[0.297s][trace][gc,ref               ] GC(0) Reference softly live: 0x00000000fc805b38
[0.297s][trace][gc,ref               ] GC(0) Encountered Reference: 0x00000000fc9188f0 (Soft, YOUNG)
[0.297s][trace][gc,ref               ] GC(0) Reference softly live: 0x00000000fc9188f0
[0.297s][trace][gc,ref               ] GC(0) Discovered Reference: 0x00000000fc97e588 (Phantom)
[0.297s][trace][gc,ref               ] GC(0) Encountered Reference: 0x00000000fc93bb10 (Soft, YOUNG)
[0.297s][trace][gc,ref               ] GC(0) Reference softly live: 0x00000000fc93bb10
[0.297s][trace][gc,ref               ] GC(0) Encountered Reference: 0x00000000fc916110 (Soft, YOUNG)
[0.297s][trace][gc,ref               ] GC(0) Reference strongly live: 0x00000000fc91b928
[0.297s][trace][gc,ref               ] GC(0) Encountered Reference: 0x00000000fca094d0 (Phantom, YOUNG)
[0.297s][trace][gc,ref               ] GC(0) Encountered Reference: 0x00000000fc977628 (Phantom, YOUNG)
[0.297s][trace][gc,ref               ] GC(0) Reference softly live: 0x00000000fc9193c8
[0.297s][trace][gc,ref               ] GC(0) Discovered Reference: 0x00000000fc977628 (Phantom)
[0.297s][trace][gc,ref               ] GC(0) Encountered Reference: 0x00000000fc959b00 (Phantom, YOUNG)
[0.297s][trace][gc,ref               ] GC(0) Encountered Reference: 0x00000000fca57d38 (Soft, YOUNG)
[0.297s][trace][gc,ref               ] GC(0) Reference strongly live: 0x00000000fc916110
[0.297s][trace][gc,ref               ] GC(0) Encountered Reference: 0x00000000fc93c498 (Soft, YOUNG)
[0.297s][trace][gc,ref               ] GC(0) Encountered Reference: 0x00000000fc902cd0 (Soft, YOUNG)
[0.297s][trace][gc,ref               ] GC(0) Discovered Reference: 0x00000000fc959b00 (Phantom)
[0.297s][trace][gc,ref               ] GC(0) Encountered Reference: 0x00000000fc94c4c8 (Phantom, YOUNG)
[0.297s][trace][gc,ref               ] GC(0) Discovered Reference: 0x00000000fc94c4c8 (Phantom)
[0.297s][trace][gc,ref               ] GC(0) Discovered Reference: 0x00000000fca094d0 (Phantom)
[0.297s][trace][gc,ref               ] GC(0) Encountered Reference: 0x00000000fc941f48 (Phantom, YOUNG)
[0.297s][trace][gc,ref               ] GC(0) Discovered Reference: 0x00000000fc941f48 (Phantom)
[0.297s][trace][gc,ref               ] GC(0) Reference softly live: 0x00000000fc93c498
[0.297s][trace][gc,ref               ] GC(0) Encountered Reference: 0x00000000fc94c3d8 (Soft, YOUNG)
[0.297s][trace][gc,ref               ] GC(0) Encountered Reference: 0x00000000fc80c518 (Soft, YOUNG)
[0.297s][trace][gc,ref               ] GC(0) Reference softly live: 0x00000000fc902cd0
[0.297s][trace][gc,ref               ] GC(0) Reference softly live: 0x00000000fca57d38
[0.297s][trace][gc,ref               ] GC(0) Encountered Reference: 0x00000000fca45a58 (Phantom, YOUNG)
[0.297s][trace][gc,ref               ] GC(0) Reference strongly live: 0x00000000fc94c3d8
[0.297s][trace][gc,ref               ] GC(0) Reference softly live: 0x00000000fc80c518
[0.297s][trace][gc,ref               ] GC(0) Encountered Reference: 0x00000000fc923c38 (Phantom, YOUNG)
[0.297s][trace][gc,ref               ] GC(0) Discovered Reference: 0x00000000fc923c38 (Phantom)
[0.297s][trace][gc,ref               ] GC(0) Encountered Reference: 0x00000000fc925de0 (Soft, YOUNG)
[0.297s][trace][gc,ref               ] GC(0) Encountered Reference: 0x00000000fca5f9e8 (Phantom, YOUNG)
[0.297s][trace][gc,ref               ] GC(0) Reference strongly live: 0x00000000fc925de0
[0.297s][trace][gc,ref               ] GC(0) Encountered Reference: 0x00000000fc945fd8 (Weak, YOUNG)
[0.297s][trace][gc,ref               ] GC(0) Encountered Reference: 0x00000000fca48150 (Phantom, YOUNG)
[0.297s][trace][gc,ref               ] GC(0) Encountered Reference: 0x00000000fc925d90 (Soft, YOUNG)
[0.297s][trace][gc,ref               ] GC(0) Encountered Reference: 0x00000000fc80c220 (Soft, YOUNG)
[0.297s][trace][gc,ref               ] GC(0) Reference strongly live: 0x00000000fc925d90
[0.297s][trace][gc,ref               ] GC(0) Reference softly live: 0x00000000fc80c220
[0.297s][trace][gc,ref               ] GC(0) Encountered Reference: 0x00000000fc804858 (Soft, YOUNG)
[0.297s][trace][gc,ref               ] GC(0) Reference strongly live: 0x00000000fc804858
[0.297s][trace][gc,ref               ] GC(0) Reference strongly live: 0x00000000fca45a58
[0.297s][trace][gc,ref               ] GC(0) Encountered Reference: 0x00000000fca47d88 (Phantom, YOUNG)
[0.297s][trace][gc,ref               ] GC(0) Discovered Reference: 0x00000000fca5f9e8 (Phantom)
[0.297s][trace][gc,ref               ] GC(0) Reference strongly live: 0x00000000fca47d88
[0.297s][trace][gc,ref               ] GC(0) Encountered Reference: 0x00000000fc953ab0 (Soft, YOUNG)
[0.297s][debug][gc                   ] Setting affiliation of Region 549 from FREE to YOUNG, top: 0x00000000d1280000, TAMS: 0x00000000d1280000, watermark: 0x00000000d1280000, top_bitmap: 0x00000000d1280000
[0.297s][trace][gc,ref               ] GC(0) Discovered Reference: 0x00000000fc945fd8 (Weak)
[0.297s][trace][gc,ref               ] GC(0) Reference strongly live: 0x00000000fca48150
[0.297s][trace][gc,ref               ] GC(0) Encountered Reference: 0x00000000fca7a978 (Weak, YOUNG)
[0.297s][trace][gc,ref               ] GC(0) Encountered Reference: 0x00000000fca53188 (Phantom, YOUNG)
[0.297s][trace][gc,ref               ] GC(0) Encountered Reference: 0x00000000fc978a38 (Soft, YOUNG)
[0.297s][trace][gc,ref               ] GC(0) Discovered Reference: 0x00000000fca53188 (Phantom)
[0.297s][trace][gc,ref               ] GC(0) Reference strongly live: 0x00000000fc978a38
[0.297s][debug][gc                   ] Setting affiliation of Region 550 from FREE to YOUNG, top: 0x00000000d1300000, TAMS: 0x00000000d1300000, watermark: 0x00000000d1300000, top_bitmap: 0x00000000d1300000
[0.297s][trace][gc,ref               ] GC(0) Reference strongly live: 0x00000000fca7a978
[0.297s][trace][gc,ref               ] GC(0) Encountered Reference: 0x00000000fc805f38 (Weak, YOUNG)
[0.297s][trace][gc,ref               ] GC(0) Encountered Reference: 0x00000000fca0da28 (Phantom, YOUNG)
[0.297s][trace][gc,ref               ] GC(0) Reference strongly live: 0x00000000fca0da28
[0.297s][trace][gc,ref               ] GC(0) Reference softly live: 0x00000000fc953ab0
[0.297s][trace][gc,ref               ] GC(0) Encountered Reference: 0x00000000fca58958 (Phantom, YOUNG)
[0.297s][trace][gc,ref               ] GC(0) Encountered Reference: 0x00000000fc94cc40 (Soft, YOUNG)
[0.297s][trace][gc,ref               ] GC(0) Encountered Reference: 0x00000000fca625b8 (Soft, YOUNG)
[0.297s][trace][gc,ref               ] GC(0) Encountered Reference: 0x00000000fc93acc8 (Soft, YOUNG)
[0.297s][trace][gc,ref               ] GC(0) Reference softly live: 0x00000000fc93acc8
[0.297s][trace][gc,ref               ] GC(0) Encountered Reference: 0x00000000fca0d248 (Weak, YOUNG)
[0.297s][trace][gc,ref               ] GC(0) Discovered Reference: 0x00000000fca0d248 (Weak)
[0.297s][trace][gc,ref               ] GC(0) Reference strongly live: 0x00000000fca58958
[0.297s][trace][gc,ref               ] GC(0) Encountered Reference: 0x00000000fca58590 (Phantom, YOUNG)
[0.297s][trace][gc,ref               ] GC(0) Reference strongly live: 0x00000000fca58590
[0.297s][trace][gc,ref               ] GC(0) Reference strongly live: 0x00000000fc94cc40
[0.297s][trace][gc,ref               ] GC(0) Reference strongly live: 0x00000000fc805f38
[0.297s][trace][gc,ref               ] GC(0) Encountered Reference: 0x00000000fc917710 (Weak, YOUNG)
[0.297s][trace][gc,ref               ] GC(0) Reference strongly live: 0x00000000fc917710
[0.297s][trace][gc,ref               ] GC(0) Encountered Reference: 0x00000000fc919648 (Weak, YOUNG)
[0.297s][trace][gc,ref               ] GC(0) Reference strongly live: 0x00000000fc919648
[0.297s][trace][gc,ref               ] GC(0) Encountered Reference: 0x00000000fc9785f8 (Weak, YOUNG)
[0.297s][trace][gc,ref               ] GC(0) Reference strongly live: 0x00000000fc9785f8
[0.297s][trace][gc,ref               ] GC(0) Encountered Reference: 0x00000000fca7f490 (Weak, YOUNG)
[0.297s][trace][gc,ref               ] GC(0) Encountered Reference: 0x00000000fc977b60 (Soft, YOUNG)
[0.297s][trace][gc,ref               ] GC(0) Encountered Reference: 0x00000000fca08fc8 (Phantom, YOUNG)
[0.297s][trace][gc,ref               ] GC(0) Discovered Reference: 0x00000000fca08fc8 (Phantom)
[0.297s][trace][gc,ref               ] GC(0) Encountered Reference: 0x00000000fc945c48 (Soft, YOUNG)
[0.297s][trace][gc,ref               ] GC(0) Encountered Reference: 0x00000000fc80d568 (Soft, YOUNG)
[0.297s][trace][gc,ref               ] GC(0) Encountered Reference: 0x00000000fc903ae0 (Soft, YOUNG)
[0.297s][trace][gc,ref               ] GC(0) Reference strongly live: 0x00000000fc80d568
[0.297s][trace][gc,ref               ] GC(0) Encountered Reference: 0x00000000fc80d3c8 (Soft, YOUNG)
[0.297s][trace][gc,ref               ] GC(0) Reference softly live: 0x00000000fc80d3c8
[0.297s][trace][gc,ref               ] GC(0) Discovered Reference: 0x00000000fca7f490 (Weak)
[0.297s][trace][gc,ref               ] GC(0) Encountered Reference: 0x00000000fc93c058 (Weak, YOUNG)
[0.297s][trace][gc,ref               ] GC(0) Reference strongly live: 0x00000000fc93c058
[0.297s][trace][gc,ref               ] GC(0) Encountered Reference: 0x00000000fc917130 (Weak, YOUNG)
[0.297s][trace][gc,ref               ] GC(0) Reference strongly live: 0x00000000fc917130
[0.297s][trace][gc,ref               ] GC(0) Encountered Reference: 0x00000000fc916b50 (Weak, YOUNG)
[0.297s][trace][gc,ref               ] GC(0) Reference strongly live: 0x00000000fc916b50
[0.297s][trace][gc,ref               ] GC(0) Encountered Reference: 0x00000000fc94bdc0 (Weak, YOUNG)
[0.297s][trace][gc,ref               ] GC(0) Discovered Reference: 0x00000000fc94bdc0 (Weak)
[0.297s][trace][gc,ref               ] GC(0) Encountered Reference: 0x00000000fc80bd18 (Weak, YOUNG)
[0.297s][trace][gc,ref               ] GC(0) Discovered Reference: 0x00000000fc80bd18 (Weak)
[0.297s][trace][gc,ref               ] GC(0) Encountered Reference: 0x00000000fc915970 (Weak, YOUNG)
[0.297s][trace][gc,ref               ] GC(0) Discovered Reference: 0x00000000fc915970 (Weak)
[0.297s][trace][gc,ref               ] GC(0) Encountered Reference: 0x00000000fca7de58 (Weak, YOUNG)
[0.297s][trace][gc,ref               ] GC(0) Reference strongly live: 0x00000000fca7de58
[0.297s][trace][gc,ref               ] GC(0) Encountered Reference: 0x00000000fc959508 (Weak, YOUNG)
[0.297s][trace][gc,ref               ] GC(0) Discovered Reference: 0x00000000fc959508 (Weak)
[0.297s][trace][gc,ref               ] GC(0) Encountered Reference: 0x00000000fc93b808 (Weak, YOUNG)
[0.297s][trace][gc,ref               ] GC(0) Reference strongly live: 0x00000000fc93b808
[0.297s][trace][gc,ref               ] GC(0) Encountered Reference: 0x00000000fca7aae0 (Weak, YOUNG)
[0.297s][trace][gc,ref               ] GC(0) Reference strongly live: 0x00000000fca7aae0
[0.297s][trace][gc,ref               ] GC(0) Reference strongly live: 0x00000000fc977b60
[0.297s][trace][gc,ref               ] GC(0) Encountered Reference: 0x00000000fc933938 (Soft, YOUNG)
[0.297s][trace][gc,ref               ] GC(0) Reference strongly live: 0x00000000fc933938
[0.297s][trace][gc,ref               ] GC(0) Reference softly live: 0x00000000fca625b8
[0.297s][trace][gc,ref               ] GC(0) Encountered Reference: 0x00000000fc933de0 (Soft, YOUNG)
[0.297s][trace][gc,ref               ] GC(0) Reference strongly live: 0x00000000fc933de0
[0.297s][trace][gc,ref               ] GC(0) Reference softly live: 0x00000000fc945c48
[0.297s][trace][gc,ref               ] GC(0) Encountered Reference: 0x00000000fc933d68 (Soft, YOUNG)
[0.297s][debug][gc                   ] Setting affiliation of Region 551 from FREE to YOUNG, top: 0x00000000d1380000, TAMS: 0x00000000d1380000, watermark: 0x00000000d1380000, top_bitmap: 0x00000000d1380000
[0.297s][debug][gc                   ] Setting affiliation of Region 552 from FREE to YOUNG, top: 0x00000000d1400000, TAMS: 0x00000000d1400000, watermark: 0x00000000d1400000, top_bitmap: 0x00000000d1400000
[0.297s][trace][gc,ref               ] GC(0) Encountered Reference: 0x00000000fc977bd8 (Soft, YOUNG)
[0.297s][trace][gc,ref               ] GC(0) Reference strongly live: 0x00000000fc977bd8
[0.297s][trace][gc,ref               ] GC(0) Encountered Reference: 0x00000000fc833240 (Soft, YOUNG)
[0.297s][trace][gc,ref               ] GC(0) Encountered Reference: 0x00000000fc932860 (Soft, YOUNG)
[0.297s][trace][gc,ref               ] GC(0) Reference softly live: 0x00000000fc833240
[0.297s][trace][gc,ref               ] GC(0) Reference strongly live: 0x00000000fc932860
[0.297s][trace][gc,ref               ] GC(0) Reference softly live: 0x00000000fc903ae0
[0.297s][trace][gc,ref               ] GC(0) Encountered Reference: 0x00000000fc9339b0 (Soft, YOUNG)
[0.297s][trace][gc,ref               ] GC(0) Reference strongly live: 0x00000000fc9339b0
[0.297s][trace][gc,ref               ] GC(0) Reference strongly live: 0x00000000fc933d68
[0.297s][trace][gc,ref               ] GC(0) Encountered Reference: 0x00000000fc931f30 (Soft, YOUNG)
[0.297s][trace][gc,ref               ] GC(0) Reference strongly live: 0x00000000fc931f30
[0.297s][trace][gc,ref               ] GC(0) Encountered Reference: 0x00000000fc930590 (Soft, YOUNG)
[0.297s][trace][gc,ref               ] GC(0) Reference strongly live: 0x00000000fc930590
[0.297s][trace][gc,ref               ] GC(0) Encountered Reference: 0x00000000fc931c10 (Soft, YOUNG)
[0.297s][trace][gc,ref               ] GC(0) Encountered Reference: 0x00000000fc9328d8 (Soft, YOUNG)
[0.297s][trace][gc,ref               ] GC(0) Encountered Reference: 0x00000000fc932438 (Soft, YOUNG)
[0.297s][trace][gc,ref               ] GC(0) Reference strongly live: 0x00000000fc932438
[0.297s][trace][gc,ref               ] GC(0) Encountered Reference: 0x00000000fc92b5a0 (Soft, YOUNG)
[0.297s][trace][gc,ref               ] GC(0) Encountered Reference: 0x00000000fc807768 (Weak, YOUNG)
[0.297s][trace][gc,ref               ] GC(0) Encountered Reference: 0x00000000fca09378 (Weak, YOUNG)
[0.297s][trace][gc,ref               ] GC(0) Reference strongly live: 0x00000000fca09378
[0.297s][trace][gc,ref               ] GC(0) Encountered Reference: 0x00000000fc9324b0 (Soft, YOUNG)
[0.297s][trace][gc,ref               ] GC(0) Reference strongly live: 0x00000000fc9324b0
[0.297s][trace][gc,ref               ] GC(0) Encountered Reference: 0x00000000fc93aad8 (Soft, YOUNG)
[0.297s][trace][gc,ref               ] GC(0) Reference strongly live: 0x00000000fc9328d8
[0.297s][trace][gc,ref               ] GC(0) Encountered Reference: 0x00000000fc9321e0 (Soft, YOUNG)
[0.297s][trace][gc,ref               ] GC(0) Reference strongly live: 0x00000000fc9321e0
[0.297s][trace][gc,ref               ] GC(0) Reference strongly live: 0x00000000fc807768
[0.297s][trace][gc,ref               ] GC(0) Encountered Reference: 0x00000000fc9539f8 (Weak, YOUNG)
[0.297s][trace][gc,ref               ] GC(0) Reference strongly live: 0x00000000fc9539f8
[0.297s][trace][gc,ref               ] GC(0) Encountered Reference: 0x00000000fc9717c0 (Weak, YOUNG)
[0.297s][trace][gc,ref               ] GC(0) Reference strongly live: 0x00000000fc9717c0
[0.297s][trace][gc,ref               ] GC(0) Encountered Reference: 0x00000000fca7f430 (Weak, YOUNG)
[0.297s][trace][gc,ref               ] GC(0) Reference strongly live: 0x00000000fca7f430
[0.297s][trace][gc,ref               ] GC(0) Reference strongly live: 0x00000000fc93aad8
[0.297s][trace][gc,ref               ] GC(0) Encountered Reference: 0x00000000fc931fa8 (Soft, YOUNG)
[0.297s][trace][gc,ref               ] GC(0) Encountered Reference: 0x00000000fc931c88 (Soft, YOUNG)
[0.297s][trace][gc,ref               ] GC(0) Reference strongly live: 0x00000000fc931c88
[0.297s][trace][gc,ref               ] GC(0) Reference softly live: 0x00000000fc92b5a0
[0.297s][trace][gc,ref               ] GC(0) Reference strongly live: 0x00000000fc931c10
[0.297s][trace][gc,ref               ] GC(0) Encountered Reference: 0x00000000fc93ab50 (Soft, YOUNG)
[0.297s][trace][gc,ref               ] GC(0) Reference strongly live: 0x00000000fc93ab50
[0.297s][trace][gc,ref               ] GC(0) Encountered Reference: 0x00000000fc95a768 (Soft, YOUNG)
[0.297s][trace][gc,ref               ] GC(0) Encountered Reference: 0x00000000fc902fb8 (Weak, YOUNG)
[0.297s][trace][gc,ref               ] GC(0) Reference softly live: 0x00000000fc95a768
[0.297s][trace][gc,ref               ] GC(0) Reference strongly live: 0x00000000fc902fb8
[0.297s][trace][gc,ref               ] GC(0) Encountered Reference: 0x00000000fc916e40 (Weak, YOUNG)
[0.297s][trace][gc,ref               ] GC(0) Reference strongly live: 0x00000000fc916e40
[0.297s][trace][gc,ref               ] GC(0) Encountered Reference: 0x00000000fc94c7b0 (Weak, YOUNG)
[0.297s][trace][gc,ref               ] GC(0) Reference strongly live: 0x00000000fc94c7b0
[0.297s][trace][gc,ref               ] GC(0) Encountered Reference: 0x00000000fc930800 (Soft, YOUNG)
[0.297s][trace][gc,ref               ] GC(0) Reference strongly live: 0x00000000fc930800
[0.297s][trace][gc,ref               ] GC(0) Encountered Reference: 0x00000000fc95a4b8 (Soft, YOUNG)
[0.297s][trace][gc,ref               ] GC(0) Reference strongly live: 0x00000000fc95a4b8
[0.297s][trace][gc,ref               ] GC(0) Reference strongly live: 0x00000000fc931fa8
[0.297s][trace][gc,ref               ] GC(0) Encountered Reference: 0x00000000fc959a10 (Soft, YOUNG)
[0.297s][trace][gc,ref               ] GC(0) Reference strongly live: 0x00000000fc959a10
[0.297s][trace][gc,ref               ] GC(0) Encountered Reference: 0x00000000fc95a468 (Soft, YOUNG)
[0.297s][trace][gc,ref               ] GC(0) Reference strongly live: 0x00000000fc95a468
[0.297s][trace][gc,ref               ] GC(0) Encountered Reference: 0x00000000fc904238 (Weak, YOUNG)
[0.297s][trace][gc,ref               ] GC(0) Encountered Reference: 0x00000000fcc55a98 (Weak, YOUNG)
[0.297s][trace][gc,ref               ] GC(0) Reference strongly live: 0x00000000fcc55a98
[0.297s][trace][gc,ref               ] GC(0) Encountered Reference: 0x00000000fcc55420 (Weak, YOUNG)
[0.297s][trace][gc,ref               ] GC(0) Encountered Reference: 0x00000000fc932258 (Soft, YOUNG)
[0.297s][trace][gc,ref               ] GC(0) Reference strongly live: 0x00000000fc932258
[0.297s][trace][gc,ref               ] GC(0) Reference strongly live: 0x00000000fc904238
[0.297s][trace][gc,ref               ] GC(0) Encountered Reference: 0x00000000fc91ae10 (Weak, YOUNG)
[0.297s][trace][gc,ref               ] GC(0) Reference strongly live: 0x00000000fcc55420
[0.297s][trace][gc,ref               ] GC(0) Encountered Reference: 0x00000000fcc55448 (Weak, YOUNG)
[0.297s][trace][gc,ref               ] GC(0) Encountered Reference: 0x00000000fcc553f8 (Weak, YOUNG)
[0.297s][trace][gc,ref               ] GC(0) Reference strongly live: 0x00000000fcc553f8
[0.297s][trace][gc,ref               ] GC(0) Encountered Reference: 0x00000000fcc58dd8 (Weak, YOUNG)
[0.297s][trace][gc,ref               ] GC(0) Reference strongly live: 0x00000000fcc58dd8
[0.297s][trace][gc,ref               ] GC(0) Reference strongly live: 0x00000000fcc55448
[0.297s][trace][gc,ref               ] GC(0) Reference strongly live: 0x00000000fc91ae10
[0.297s][trace][gc,ref               ] GC(0) Encountered Reference: 0x00000000fc915bf8 (Weak, YOUNG)
[0.297s][trace][gc,ref               ] GC(0) Reference strongly live: 0x00000000fc915bf8
[0.297s][trace][gc,ref               ] GC(0) Encountered Reference: 0x00000000fc9592a8 (Weak, YOUNG)
[0.297s][trace][gc,ref               ] GC(0) Discovered Reference: 0x00000000fc9592a8 (Weak)
[0.297s][trace][gc,ref               ] GC(0) Encountered Reference: 0x00000000fc953598 (Weak, YOUNG)
[0.297s][trace][gc,ref               ] GC(0) Reference strongly live: 0x00000000fc953598
[0.297s][trace][gc,ref               ] GC(0) Encountered Reference: 0x00000000fca75618 (Weak, YOUNG)
[0.297s][trace][gc,ref               ] GC(0) Reference strongly live: 0x00000000fca75618
[0.297s][trace][gc,ref               ] GC(0) Encountered Reference: 0x00000000fc804580 (Weak, YOUNG)
[0.297s][trace][gc,ref               ] GC(0) Discovered Reference: 0x00000000fc804580 (Weak)
[0.297s][trace][gc,ref               ] GC(0) Encountered Reference: 0x00000000fc9198c0 (Weak, YOUNG)
[0.297s][trace][gc,ref               ] GC(0) Reference strongly live: 0x00000000fc9198c0
[0.297s][trace][gc,ref               ] GC(0) Encountered Reference: 0x00000000fc971ad8 (Weak, YOUNG)
[0.297s][trace][gc,ref               ] GC(0) Encountered Reference: 0x00000000fc945a30 (Weak, YOUNG)
[0.297s][trace][gc,ref               ] GC(0) Reference strongly live: 0x00000000fc971ad8
[0.297s][trace][gc,ref               ] GC(0) Discovered Reference: 0x00000000fc945a30 (Weak)
[0.297s][trace][gc,ref               ] GC(0) Encountered Reference: 0x00000000fc925a68 (Weak, YOUNG)
[0.297s][trace][gc,ref               ] GC(0) Encountered Reference: 0x00000000fc919b48 (Weak, YOUNG)
[0.297s][trace][gc,ref               ] GC(0) Encountered Reference: 0x00000000fc959e20 (Weak, YOUNG)
[0.297s][trace][gc,ref               ] GC(0) Reference strongly live: 0x00000000fc919b48
[0.297s][trace][gc,ref               ] GC(0) Encountered Reference: 0x00000000fc953018 (Weak, YOUNG)
[0.297s][trace][gc,ref               ] GC(0) Encountered Reference: 0x00000000fc93beb8 (Weak, YOUNG)
[0.297s][trace][gc,ref               ] GC(0) Encountered Reference: 0x00000000fc95a0c8 (Weak, YOUNG)
[0.297s][trace][gc,ref               ] GC(0) Encountered Reference: 0x00000000fc904018 (Weak, YOUNG)
[0.297s][trace][gc,ref               ] GC(0) Encountered Reference: 0x00000000fc903018 (Weak, YOUNG)
[0.297s][trace][gc,ref               ] GC(0) Reference strongly live: 0x00000000fc903018
[0.297s][trace][gc,ref               ] GC(0) Encountered Reference: 0x00000000fc9594a8 (Weak, YOUNG)
[0.297s][trace][gc,ref               ] GC(0) Reference strongly live: 0x00000000fc953018
[0.297s][trace][gc,ref               ] GC(0) Encountered Reference: 0x00000000fc952fb8 (Weak, YOUNG)
[0.297s][trace][gc,ref               ] GC(0) Reference strongly live: 0x00000000fc952fb8
[0.297s][trace][gc,ref               ] GC(0) Encountered Reference: 0x00000000fc9535f8 (Weak, YOUNG)
[0.297s][trace][gc,ref               ] GC(0) Reference strongly live: 0x00000000fc9535f8
[0.297s][trace][gc,ref               ] GC(0) Encountered Reference: 0x00000000fc903668 (Weak, YOUNG)
[0.297s][trace][gc,ref               ] GC(0) Reference strongly live: 0x00000000fc903668
[0.297s][debug][gc                   ] Setting affiliation of Region 553 from FREE to YOUNG, top: 0x00000000d1480000, TAMS: 0x00000000d1480000, watermark: 0x00000000d1480000, top_bitmap: 0x00000000d1480000
[0.297s][debug][gc                   ] Setting affiliation of Region 554 from FREE to YOUNG, top: 0x00000000d1500000, TAMS: 0x00000000d1500000, watermark: 0x00000000d1500000, top_bitmap: 0x00000000d1500000
[0.297s][trace][gc,ref               ] GC(0) Reference strongly live: 0x00000000fc904018
[0.297s][trace][gc,ref               ] GC(0) Encountered Reference: 0x00000000fc941e10 (Weak, YOUNG)
[0.297s][trace][gc,ref               ] GC(0) Discovered Reference: 0x00000000fc941e10 (Weak)
[0.297s][trace][gc,ref               ] GC(0) Encountered Reference: 0x00000000fc903608 (Weak, YOUNG)
[0.297s][trace][gc,ref               ] GC(0) Reference strongly live: 0x00000000fc903608
[0.297s][trace][gc,ref               ] GC(0) Encountered Reference: 0x00000000fc917190 (Weak, YOUNG)
[0.297s][trace][gc,ref               ] GC(0) Reference strongly live: 0x00000000fc917190
[0.297s][trace][gc,ref               ] GC(0) Encountered Reference: 0x00000000fc919ea8 (Weak, YOUNG)
[0.297s][trace][gc,ref               ] GC(0) Reference strongly live: 0x00000000fc919ea8
[0.297s][trace][gc,ref               ] GC(0) Encountered Reference: 0x00000000fc80bfb8 (Weak, YOUNG)
[0.297s][trace][gc,ref               ] GC(0) Discovered Reference: 0x00000000fc80bfb8 (Weak)
[0.297s][trace][gc,ref               ] GC(0) Encountered Reference: 0x00000000fc917770 (Weak, YOUNG)
[0.298s][trace][gc,ref               ] GC(0) Reference strongly live: 0x00000000fc917770
[0.297s][trace][gc,ref               ] GC(0) Reference strongly live: 0x00000000fc925a68
[0.298s][trace][gc,ref               ] GC(0) Encountered Reference: 0x00000000fc915b98 (Weak, YOUNG)
[0.298s][trace][gc,ref               ] GC(0) Reference strongly live: 0x00000000fc915b98
[0.298s][trace][gc,ref               ] GC(0) Encountered Reference: 0x00000000fc954e18 (Weak, YOUNG)
[0.298s][trace][gc,ref               ] GC(0) Reference strongly live: 0x00000000fc954e18
[0.298s][trace][gc,ref               ] GC(0) Encountered Reference: 0x00000000fc916bb0 (Weak, YOUNG)
[0.298s][trace][gc,ref               ] GC(0) Reference strongly live: 0x00000000fc916bb0
[0.298s][trace][gc,ref               ] GC(0) Encountered Reference: 0x00000000fc91b358 (Weak, YOUNG)
[0.298s][trace][gc,ref               ] GC(0) Discovered Reference: 0x00000000fc91b358 (Weak)
[0.298s][trace][gc,ref               ] GC(0) Encountered Reference: 0x00000000fc919060 (Weak, YOUNG)
[0.298s][trace][gc,ref               ] GC(0) Reference strongly live: 0x00000000fc919060
[0.297s][trace][gc,ref               ] GC(0) Reference strongly live: 0x00000000fc959e20
[0.298s][trace][gc,ref               ] GC(0) Encountered Reference: 0x00000000fc903258 (Weak, YOUNG)
[0.298s][trace][gc,ref               ] GC(0) Reference strongly live: 0x00000000fc903258
[0.298s][trace][gc,ref               ] GC(0) Encountered Reference: 0x00000000fc9168a0 (Weak, YOUNG)
[0.298s][trace][gc,ref               ] GC(0) Reference strongly live: 0x00000000fc9168a0
[0.298s][trace][gc,ref               ] GC(0) Encountered Reference: 0x00000000fc953308 (Weak, YOUNG)
[0.297s][trace][gc,ref               ] GC(0) Reference strongly live: 0x00000000fc9594a8
[0.298s][trace][gc,ref               ] GC(0) Reference strongly live: 0x00000000fc953308
[0.298s][trace][gc,ref               ] GC(0) Encountered Reference: 0x00000000fc93b868 (Weak, YOUNG)
[0.297s][trace][gc,ref               ] GC(0) Reference strongly live: 0x00000000fc93beb8
[0.298s][trace][gc,ref               ] GC(0) Encountered Reference: 0x00000000fc917420 (Weak, YOUNG)
[0.297s][trace][gc,ref               ] GC(0) Reference strongly live: 0x00000000fc95a0c8
[0.297s][trace][gc,ref               ] GC(0) Encountered Reference: 0x00000000fc946320 (Weak, YOUNG)
[0.298s][trace][gc,ref               ] GC(0) Encountered Reference: 0x00000000fc903a28 (Weak, YOUNG)
[0.297s][trace][gc,ref               ] GC(0) Encountered Reference: 0x00000000fc9477e0 (Weak, YOUNG)
[0.298s][trace][gc,ref               ] GC(0) Reference strongly live: 0x00000000fc9477e0
[0.298s][trace][gc,ref               ] GC(0) Reference strongly live: 0x00000000fc93b868
[0.298s][trace][gc,ref               ] GC(0) Encountered Reference: 0x00000000fc94bfc0 (Weak, YOUNG)
[0.298s][trace][gc,ref               ] GC(0) Encountered Reference: 0x00000000fc917b00 (Weak, YOUNG)
[0.298s][trace][gc,ref               ] GC(0) Reference strongly live: 0x00000000fc917420
[0.298s][trace][gc,ref               ] GC(0) Encountered Reference: 0x00000000fc95a068 (Weak, YOUNG)
[0.298s][trace][gc,ref               ] GC(0) Encountered Reference: 0x00000000fca7deb8 (Weak, YOUNG)
[0.298s][trace][gc,ref               ] GC(0) Reference strongly live: 0x00000000fc95a068
[0.298s][trace][gc,ref               ] GC(0) Reference strongly live: 0x00000000fca7deb8
[0.298s][trace][gc,ref               ] GC(0) Encountered Reference: 0x00000000fc903f08 (Weak, YOUNG)
[0.298s][trace][gc,ref               ] GC(0) Encountered Reference: 0x00000000fc971cc8 (Weak, YOUNG)
[0.298s][trace][gc,ref               ] GC(0) Reference strongly live: 0x00000000fc903f08
[0.298s][trace][gc,ref               ] GC(0) Encountered Reference: 0x00000000fc97e450 (Weak, YOUNG)
[0.298s][trace][gc,ref               ] GC(0) Encountered Reference: 0x00000000fc917480 (Weak, YOUNG)
[0.298s][trace][gc,ref               ] GC(0) Discovered Reference: 0x00000000fc97e450 (Weak)
[0.298s][trace][gc,ref               ] GC(0) Reference strongly live: 0x00000000fc917480
[0.298s][trace][gc,ref               ] GC(0) Reference strongly live: 0x00000000fc94bfc0
[0.298s][trace][gc,ref               ] GC(0) Reference strongly live: 0x00000000fc946320
[0.298s][trace][gc,ref               ] GC(0) Encountered Reference: 0x00000000fc977368 (Weak, YOUNG)
[0.298s][trace][gc,ref               ] GC(0) Reference strongly live: 0x00000000fc971cc8
[0.298s][trace][gc,ref               ] GC(0) Discovered Reference: 0x00000000fc977368 (Weak)
[0.298s][trace][gc,ref               ] GC(0) Encountered Reference: 0x00000000fc94c020 (Weak, YOUNG)
[0.298s][trace][gc,ref               ] GC(0) Encountered Reference: 0x00000000fc905f48 (Weak, YOUNG)
[0.298s][trace][gc,ref               ] GC(0) Reference strongly live: 0x00000000fc905f48
[0.298s][trace][gc,ref               ] GC(0) Reference strongly live: 0x00000000fc94c020
[0.298s][trace][gc,ref               ] GC(0) Encountered Reference: 0x00000000fc9031f8 (Weak, YOUNG)
[0.298s][trace][gc,ref               ] GC(0) Encountered Reference: 0x00000000fc97e9c8 (Weak, YOUNG)
[0.298s][trace][gc,ref               ] GC(0) Reference strongly live: 0x00000000fc97e9c8
[0.298s][trace][gc,ref               ] GC(0) Encountered Reference: 0x00000000fc806110 (Weak, YOUNG)
[0.298s][trace][gc,ref               ] GC(0) Reference strongly live: 0x00000000fc917b00
[0.298s][trace][gc,ref               ] GC(0) Encountered Reference: 0x00000000fc918588 (Weak, YOUNG)
[0.298s][trace][gc,ref               ] GC(0) Encountered Reference: 0x00000000fc959958 (Weak, YOUNG)
[0.298s][trace][gc,ref               ] GC(0) Reference strongly live: 0x00000000fc918588
[0.298s][trace][gc,ref               ] GC(0) Reference strongly live: 0x00000000fc959958
[0.298s][trace][gc,ref               ] GC(0) Reference strongly live: 0x00000000fc9031f8
[0.298s][trace][gc,ref               ] GC(0) Encountered Reference: 0x00000000fc941c88 (Weak, YOUNG)
[0.298s][trace][gc,ref               ] GC(0) Discovered Reference: 0x00000000fc941c88 (Weak)
[0.298s][trace][gc,ref               ] GC(0) Reference strongly live: 0x00000000fc903a28
[0.298s][trace][gc,ref               ] GC(0) Reference strongly live: 0x00000000fc806110
[0.298s][trace][gc,ref               ] GC(0) Encountered Reference: 0x00000000fc903ea8 (Weak, YOUNG)
[0.298s][trace][gc,ref               ] GC(0) Encountered Reference: 0x00000000fc925920 (Weak, YOUNG)
[0.298s][trace][gc,ref               ] GC(0) Encountered Reference: 0x00000000fc916ea0 (Weak, YOUNG)
[0.298s][trace][gc,ref               ] GC(0) Encountered Reference: 0x00000000fc93b0d0 (Weak, YOUNG)
[0.298s][trace][gc,ref               ] GC(0) Discovered Reference: 0x00000000fc93b0d0 (Weak)
[0.298s][trace][gc,ref               ] GC(0) Encountered Reference: 0x00000000fc93b550 (Weak, YOUNG)
[0.298s][trace][gc,ref               ] GC(0) Encountered Reference: 0x00000000fc9774f0 (Weak, YOUNG)
[0.298s][trace][gc,ref               ] GC(0) Discovered Reference: 0x00000000fc9774f0 (Weak)
[0.298s][trace][gc,ref               ] GC(0) Encountered Reference: 0x00000000fc95a6b0 (Weak, YOUNG)
[0.298s][trace][gc,ref               ] GC(0) Reference strongly live: 0x00000000fc903ea8
[0.298s][trace][gc,ref               ] GC(0) Encountered Reference: 0x00000000fc806290 (Weak, YOUNG)
[0.298s][trace][gc,ref               ] GC(0) Reference strongly live: 0x00000000fc806290
[0.298s][trace][gc,ref               ] GC(0) Encountered Reference: 0x00000000fc9178f8 (Weak, YOUNG)
[0.298s][trace][gc,ref               ] GC(0) Reference strongly live: 0x00000000fc9178f8
[0.298s][trace][gc,ref               ] GC(0) Encountered Reference: 0x00000000fc904298 (Weak, YOUNG)
[0.298s][trace][gc,ref               ] GC(0) Reference strongly live: 0x00000000fc904298
[0.298s][trace][gc,ref               ] GC(0) Encountered Reference: 0x00000000fc97e2c8 (Weak, YOUNG)
[0.298s][trace][gc,ref               ] GC(0) Encountered Reference: 0x00000000fc978420 (Weak, YOUNG)
[0.298s][trace][gc,ref               ] GC(0) Reference strongly live: 0x00000000fc978420
[0.298s][trace][gc,ref               ] GC(0) Encountered Reference: 0x00000000fc9532a8 (Weak, YOUNG)
[0.298s][trace][gc,ref               ] GC(0) Reference strongly live: 0x00000000fc9532a8
[0.298s][trace][gc,ref               ] GC(0) Encountered Reference: 0x00000000fc946190 (Weak, YOUNG)
[0.298s][trace][gc,ref               ] GC(0) Reference strongly live: 0x00000000fc946190
[0.298s][trace][gc,ref               ] GC(0) Encountered Reference: 0x00000000fc80d260 (Weak, YOUNG)
[0.298s][trace][gc,ref               ] GC(0) Discovered Reference: 0x00000000fc80d260 (Weak)
[0.298s][trace][gc,ref               ] GC(0) Reference strongly live: 0x00000000fc95a6b0
[0.298s][trace][gc,ref               ] GC(0) Encountered Reference: 0x00000000fc93b3a0 (Weak, YOUNG)
[0.298s][trace][gc,ref               ] GC(0) Reference strongly live: 0x00000000fc93b3a0
[0.298s][trace][gc,ref               ] GC(0) Reference strongly live: 0x00000000fc925920
[0.298s][trace][gc,ref               ] GC(0) Reference strongly live: 0x00000000fc916ea0
[0.298s][trace][gc,ref               ] GC(0) Discovered Reference: 0x00000000fc97e2c8 (Weak)
[0.298s][trace][gc,ref               ] GC(0) Reference strongly live: 0x00000000fc93b550
[0.298s][trace][gc,ref               ] GC(0) Encountered Reference: 0x00000000fca76688 (Weak, YOUNG)
[0.298s][trace][gc,ref               ] GC(0) Reference strongly live: 0x00000000fca76688
[0.298s][debug][gc                   ] Setting affiliation of Region 555 from FREE to YOUNG, top: 0x00000000d1580000, TAMS: 0x00000000d1580000, watermark: 0x00000000d1580000, top_bitmap: 0x00000000d1580000
[0.298s][debug][gc                   ] Setting affiliation of Region 556 from FREE to YOUNG, top: 0x00000000d1600000, TAMS: 0x00000000d1600000, watermark: 0x00000000d1600000, top_bitmap: 0x00000000d1600000
[0.298s][debug][gc                   ] Setting affiliation of Region 557 from FREE to YOUNG, top: 0x00000000d1680000, TAMS: 0x00000000d1680000, watermark: 0x00000000d1680000, top_bitmap: 0x00000000d1680000
[0.298s][debug][gc                   ] Using new region (1881) for Shared (0x00007faab76e5830).
[0.298s][debug][gc                   ] Setting affiliation of Region 1881 from FREE to YOUNG, top: 0x00000000fac80000, TAMS: 0x00000000fac80000, watermark: 0x00000000fac80000, top_bitmap: 0x00000000fac80000
[0.298s][debug][gc                   ] Using new region (1881) for Shared (0x00007faab76e5830).
[0.298s][debug][gc                   ] Using new region (1880) for Shared (0x00007faab76e5830).
[0.298s][debug][gc                   ] Setting affiliation of Region 1880 from FREE to YOUNG, top: 0x00000000fac00000, TAMS: 0x00000000fac00000, watermark: 0x00000000fac00000, top_bitmap: 0x00000000fac00000
[0.298s][debug][gc                   ] Using new region (1880) for Shared (0x00007faab76e5830).
[0.298s][info ][gc                   ] GC(0) Concurrent marking (YOUNG) 1.943ms
[0.298s][debug][gc,heap              ] GC(0) Prologue: active_generation is Young, gc_generation is Young
[0.299s][info ][gc,start             ] GC(0) Pause Final Mark (YOUNG)
[0.299s][trace][gc,task              ] GC(0) Shenandoah GC Threads: using 16 out of 16 workers
[0.299s][info ][gc,task              ] GC(0) Using 16 of 16 workers for final marking
[0.299s][info ][gc,remset            ] GC(0) Scan remembered set using bitmap: true
[0.299s][trace][gc,nmethod           ] GC(0) oops_do_marking_prologue
[0.299s][trace][gc,nmethod           ] GC(0) oops_do_marking_epilogue
[0.299s][info ][gc,age               ] GC(0) ----------------------------------------------------------------------------
[0.299s][trace][gc,age               ] GC(0) New tenuring threshold 1 (min 1, max 15)
[0.299s][info ][gc,ergo              ] GC(0) Planning to promote in place 0 humongous regions and 0 regular regions, spanning a total of 0 used bytes
[0.299s][info ][gc,ergo              ] GC(0) Collectable Garbage: 221M (98%), Immediate: 221M (98%), 540 regions, CSet: 0B (0%), 0 regions
[0.299s][debug][gc,free              ] Rebuilding FreeSet
[0.299s][debug][gc                   ] GC(0)   At end of prep_to_rebuild, mutator_leftmost: 0, mutator_rightmost: 2047, mutator_leftmost_empty: 0, mutator_rightmost_empty: 2047, mutator_regions: 1971, mutator_used: 2433592
[0.299s][debug][gc                   ] GC(0)   old_collector_leftmost: 2048, old_collector_rightmost: 0, old_collector_leftmost_empty: 2048, old_collector_rightmost_empty: 0, old_collector_regions: 0, old_collector_used: 0
[0.299s][debug][gc                   ] GC(0)   After find_regions_with_alloc_capacity(), Mutator range [0, 2047],  Old Collector range [2048, -1]
[0.299s][debug][gc                   ] GC(0)   Shifting region 2047 from mutator_free to collector_free
[0.299s][debug][gc                   ] GC(0)   Shifted Mutator range [0, 2046],  Collector range [2047, 2047]
[0.299s][debug][gc                   ] GC(0)   Shifting region 2046 from mutator_free to collector_free
[0.299s][debug][gc                   ] GC(0)   Shifted Mutator range [0, 2045],  Collector range [2046, 2047]
[0.299s][debug][gc                   ] GC(0)   Shifting region 2045 from mutator_free to collector_free
[0.299s][debug][gc                   ] GC(0)   Shifted Mutator range [0, 2044],  Collector range [2045, 2047]
[0.299s][debug][gc                   ] GC(0)   Shifting region 2044 from mutator_free to collector_free
[0.299s][debug][gc                   ] GC(0)   Shifted Mutator range [0, 2043],  Collector range [2044, 2047]
[0.299s][debug][gc                   ] GC(0)   Shifting region 2043 from mutator_free to collector_free
[0.299s][debug][gc                   ] GC(0)   Shifted Mutator range [0, 2042],  Collector range [2043, 2047]
[0.299s][debug][gc                   ] GC(0)   Shifting region 2042 from mutator_free to collector_free
[0.299s][debug][gc                   ] GC(0)   Shifted Mutator range [0, 2041],  Collector range [2042, 2047]
[0.299s][debug][gc                   ] GC(0)   Shifting region 2041 from mutator_free to collector_free
[0.299s][debug][gc                   ] GC(0)   Shifted Mutator range [0, 2040],  Collector range [2041, 2047]
[0.299s][debug][gc                   ] GC(0)   Shifting region 2040 from mutator_free to collector_free
[0.299s][debug][gc                   ] GC(0)   Shifted Mutator range [0, 2039],  Collector range [2040, 2047]
[0.299s][debug][gc                   ] GC(0)   Shifting region 2039 from mutator_free to collector_free
[0.299s][debug][gc                   ] GC(0)   Shifted Mutator range [0, 2038],  Collector range [2039, 2047]
[0.299s][debug][gc                   ] GC(0)   Shifting region 2038 from mutator_free to collector_free
[0.299s][debug][gc                   ] GC(0)   Shifted Mutator range [0, 2037],  Collector range [2038, 2047]
[0.299s][debug][gc                   ] GC(0)   Shifting region 2037 from mutator_free to collector_free
[0.299s][debug][gc                   ] GC(0)   Shifted Mutator range [0, 2036],  Collector range [2037, 2047]
[0.299s][debug][gc                   ] GC(0)   Shifting region 2036 from mutator_free to collector_free
[0.299s][debug][gc                   ] GC(0)   Shifted Mutator range [0, 2035],  Collector range [2036, 2047]
[0.299s][debug][gc                   ] GC(0)   Shifting region 2035 from mutator_free to collector_free
[0.299s][debug][gc                   ] GC(0)   Shifted Mutator range [0, 2034],  Collector range [2035, 2047]
[0.299s][debug][gc                   ] GC(0)   Shifting region 2034 from mutator_free to collector_free
[0.299s][debug][gc                   ] GC(0)   Shifted Mutator range [0, 2033],  Collector range [2034, 2047]
[0.299s][debug][gc                   ] GC(0)   Shifting region 2033 from mutator_free to collector_free
[0.299s][debug][gc                   ] GC(0)   Shifted Mutator range [0, 2032],  Collector range [2033, 2047]
[0.299s][debug][gc                   ] GC(0)   Shifting region 2032 from mutator_free to collector_free
[0.299s][debug][gc                   ] GC(0)   Shifted Mutator range [0, 2031],  Collector range [2032, 2047]
[0.299s][debug][gc                   ] GC(0)   Shifting region 2031 from mutator_free to collector_free
[0.299s][debug][gc                   ] GC(0)   Shifted Mutator range [0, 2030],  Collector range [2031, 2047]
[0.299s][debug][gc                   ] GC(0)   Shifting region 2030 from mutator_free to collector_free
[0.299s][debug][gc                   ] GC(0)   Shifted Mutator range [0, 2029],  Collector range [2030, 2047]
[0.299s][debug][gc                   ] GC(0)   Shifting region 2029 from mutator_free to collector_free
[0.299s][debug][gc                   ] GC(0)   Shifted Mutator range [0, 2028],  Collector range [2029, 2047]
[0.299s][debug][gc                   ] GC(0)   Shifting region 2028 from mutator_free to collector_free
[0.299s][debug][gc                   ] GC(0)   Shifted Mutator range [0, 2027],  Collector range [2028, 2047]
[0.299s][debug][gc                   ] GC(0)   Shifting region 2027 from mutator_free to collector_free
[0.299s][debug][gc                   ] GC(0)   Shifted Mutator range [0, 2026],  Collector range [2027, 2047]
[0.299s][debug][gc                   ] GC(0)   Shifting region 2026 from mutator_free to collector_free
[0.299s][debug][gc                   ] GC(0)   Shifted Mutator range [0, 2025],  Collector range [2026, 2047]
[0.299s][debug][gc                   ] GC(0)   Shifting region 2025 from mutator_free to collector_free
[0.299s][debug][gc                   ] GC(0)   Shifted Mutator range [0, 2024],  Collector range [2025, 2047]
[0.299s][debug][gc                   ] GC(0)   Shifting region 2024 from mutator_free to collector_free
[0.299s][debug][gc                   ] GC(0)   Shifted Mutator range [0, 2023],  Collector range [2024, 2047]
[0.299s][debug][gc                   ] GC(0)   Shifting region 2023 from mutator_free to collector_free
[0.299s][debug][gc                   ] GC(0)   Shifted Mutator range [0, 2022],  Collector range [2023, 2047]
[0.299s][debug][gc                   ] GC(0)   Shifting region 2022 from mutator_free to collector_free
[0.299s][debug][gc                   ] GC(0)   Shifted Mutator range [0, 2021],  Collector range [2022, 2047]
[0.299s][debug][gc                   ] GC(0)   Shifting region 2021 from mutator_free to collector_free
[0.299s][debug][gc                   ] GC(0)   Shifted Mutator range [0, 2020],  Collector range [2021, 2047]
[0.299s][debug][gc                   ] GC(0)   Shifting region 2020 from mutator_free to collector_free
[0.299s][debug][gc                   ] GC(0)   Shifted Mutator range [0, 2019],  Collector range [2020, 2047]
[0.299s][debug][gc                   ] GC(0)   Shifting region 2019 from mutator_free to collector_free
[0.299s][debug][gc                   ] GC(0)   Shifted Mutator range [0, 2018],  Collector range [2019, 2047]
[0.299s][debug][gc                   ] GC(0)   Shifting region 2018 from mutator_free to collector_free
[0.299s][debug][gc                   ] GC(0)   Shifted Mutator range [0, 2017],  Collector range [2018, 2047]
[0.299s][debug][gc                   ] GC(0)   Shifting region 2017 from mutator_free to collector_free
[0.299s][debug][gc                   ] GC(0)   Shifted Mutator range [0, 2016],  Collector range [2017, 2047]
[0.299s][debug][gc                   ] GC(0)   Shifting region 2016 from mutator_free to collector_free
[0.299s][debug][gc                   ] GC(0)   Shifted Mutator range [0, 2015],  Collector range [2016, 2047]
[0.299s][debug][gc                   ] GC(0)   Shifting region 2015 from mutator_free to collector_free
[0.299s][debug][gc                   ] GC(0)   Shifted Mutator range [0, 2014],  Collector range [2015, 2047]
[0.299s][debug][gc                   ] GC(0)   Shifting region 2014 from mutator_free to collector_free
[0.299s][debug][gc                   ] GC(0)   Shifted Mutator range [0, 2013],  Collector range [2014, 2047]
[0.299s][debug][gc                   ] GC(0)   Shifting region 2013 from mutator_free to collector_free
[0.299s][debug][gc                   ] GC(0)   Shifted Mutator range [0, 2012],  Collector range [2013, 2047]
[0.299s][debug][gc                   ] GC(0)   Shifting region 2012 from mutator_free to collector_free
[0.299s][debug][gc                   ] GC(0)   Shifted Mutator range [0, 2011],  Collector range [2012, 2047]
[0.299s][debug][gc                   ] GC(0)   Shifting region 2011 from mutator_free to collector_free
[0.299s][debug][gc                   ] GC(0)   Shifted Mutator range [0, 2010],  Collector range [2011, 2047]
[0.299s][debug][gc                   ] GC(0)   Shifting region 2010 from mutator_free to collector_free
[0.299s][debug][gc                   ] GC(0)   Shifted Mutator range [0, 2009],  Collector range [2010, 2047]
[0.299s][debug][gc                   ] GC(0)   Shifting region 2009 from mutator_free to collector_free
[0.299s][debug][gc                   ] GC(0)   Shifted Mutator range [0, 2008],  Collector range [2009, 2047]
[0.299s][debug][gc                   ] GC(0)   Shifting region 2008 from mutator_free to collector_free
[0.299s][debug][gc                   ] GC(0)   Shifted Mutator range [0, 2007],  Collector range [2008, 2047]
[0.299s][debug][gc                   ] GC(0)   Shifting region 2007 from mutator_free to collector_free
[0.299s][debug][gc                   ] GC(0)   Shifted Mutator range [0, 2006],  Collector range [2007, 2047]
[0.299s][debug][gc                   ] GC(0)   Shifting region 2006 from mutator_free to collector_free
[0.299s][debug][gc                   ] GC(0)   Shifted Mutator range [0, 2005],  Collector range [2006, 2047]
[0.299s][debug][gc                   ] GC(0)   Shifting region 2005 from mutator_free to collector_free
[0.299s][debug][gc                   ] GC(0)   Shifted Mutator range [0, 2004],  Collector range [2005, 2047]
[0.299s][debug][gc                   ] GC(0)   Shifting region 2004 from mutator_free to collector_free
[0.299s][debug][gc                   ] GC(0)   Shifted Mutator range [0, 2003],  Collector range [2004, 2047]
[0.299s][debug][gc                   ] GC(0)   Shifting region 2003 from mutator_free to collector_free
[0.299s][debug][gc                   ] GC(0)   Shifted Mutator range [0, 2002],  Collector range [2003, 2047]
[0.299s][debug][gc                   ] GC(0)   Shifting region 2002 from mutator_free to collector_free
[0.299s][debug][gc                   ] GC(0)   Shifted Mutator range [0, 2001],  Collector range [2002, 2047]
[0.299s][debug][gc                   ] GC(0)   Shifting region 2001 from mutator_free to collector_free
[0.299s][debug][gc                   ] GC(0)   Shifted Mutator range [0, 2000],  Collector range [2001, 2047]
[0.299s][debug][gc                   ] GC(0)   Shifting region 2000 from mutator_free to collector_free
[0.299s][debug][gc                   ] GC(0)   Shifted Mutator range [0, 1999],  Collector range [2000, 2047]
[0.299s][debug][gc                   ] GC(0)   Shifting region 1999 from mutator_free to collector_free
[0.299s][debug][gc                   ] GC(0)   Shifted Mutator range [0, 1998],  Collector range [1999, 2047]
[0.299s][debug][gc                   ] GC(0)   Shifting region 1998 from mutator_free to collector_free
[0.299s][debug][gc                   ] GC(0)   Shifted Mutator range [0, 1997],  Collector range [1998, 2047]
[0.299s][debug][gc                   ] GC(0)   Shifting region 1997 from mutator_free to collector_free
[0.299s][debug][gc                   ] GC(0)   Shifted Mutator range [0, 1996],  Collector range [1997, 2047]
[0.299s][debug][gc                   ] GC(0)   Shifting region 1996 from mutator_free to collector_free
[0.299s][debug][gc                   ] GC(0)   Shifted Mutator range [0, 1995],  Collector range [1996, 2047]
[0.299s][debug][gc                   ] GC(0)   Shifting region 1995 from mutator_free to collector_free
[0.299s][debug][gc                   ] GC(0)   Shifted Mutator range [0, 1994],  Collector range [1995, 2047]
[0.299s][debug][gc                   ] GC(0)   Shifting region 1994 from mutator_free to collector_free
[0.299s][debug][gc                   ] GC(0)   Shifted Mutator range [0, 1993],  Collector range [1994, 2047]
[0.299s][debug][gc                   ] GC(0)   Shifting region 1993 from mutator_free to collector_free
[0.299s][debug][gc                   ] GC(0)   Shifted Mutator range [0, 1992],  Collector range [1993, 2047]
[0.299s][debug][gc                   ] GC(0)   Shifting region 1992 from mutator_free to collector_free
[0.299s][debug][gc                   ] GC(0)   Shifted Mutator range [0, 1991],  Collector range [1992, 2047]
[0.299s][debug][gc                   ] GC(0)   Shifting region 1991 from mutator_free to collector_free
[0.299s][debug][gc                   ] GC(0)   Shifted Mutator range [0, 1990],  Collector range [1991, 2047]
[0.299s][debug][gc                   ] GC(0)   Shifting region 1990 from mutator_free to collector_free
[0.299s][debug][gc                   ] GC(0)   Shifted Mutator range [0, 1989],  Collector range [1990, 2047]
[0.299s][debug][gc                   ] GC(0)   Shifting region 1989 from mutator_free to collector_free
[0.299s][debug][gc                   ] GC(0)   Shifted Mutator range [0, 1988],  Collector range [1989, 2047]
[0.299s][debug][gc                   ] GC(0)   Shifting region 1988 from mutator_free to collector_free
[0.299s][debug][gc                   ] GC(0)   Shifted Mutator range [0, 1987],  Collector range [1988, 2047]
[0.299s][debug][gc                   ] GC(0)   Shifting region 1987 from mutator_free to collector_free
[0.299s][debug][gc                   ] GC(0)   Shifted Mutator range [0, 1986],  Collector range [1987, 2047]
[0.299s][debug][gc                   ] GC(0)   Shifting region 1986 from mutator_free to collector_free
[0.299s][debug][gc                   ] GC(0)   Shifted Mutator range [0, 1985],  Collector range [1986, 2047]
[0.299s][debug][gc                   ] GC(0)   Shifting region 1985 from mutator_free to collector_free
[0.299s][debug][gc                   ] GC(0)   Shifted Mutator range [0, 1984],  Collector range [1985, 2047]
[0.299s][debug][gc                   ] GC(0)   Shifting region 1984 from mutator_free to collector_free
[0.299s][debug][gc                   ] GC(0)   Shifted Mutator range [0, 1983],  Collector range [1984, 2047]
[0.299s][debug][gc                   ] GC(0)   Shifting region 1983 from mutator_free to collector_free
[0.299s][debug][gc                   ] GC(0)   Shifted Mutator range [0, 1982],  Collector range [1983, 2047]
[0.299s][debug][gc                   ] GC(0)   Shifting region 1982 from mutator_free to collector_free
[0.299s][debug][gc                   ] GC(0)   Shifted Mutator range [0, 1981],  Collector range [1982, 2047]
[0.299s][debug][gc                   ] GC(0)   Shifting region 1981 from mutator_free to collector_free
[0.299s][debug][gc                   ] GC(0)   Shifted Mutator range [0, 1980],  Collector range [1981, 2047]
[0.299s][debug][gc                   ] GC(0)   Shifting region 1980 from mutator_free to collector_free
[0.299s][debug][gc                   ] GC(0)   Shifted Mutator range [0, 1979],  Collector range [1980, 2047]
[0.299s][debug][gc                   ] GC(0)   Shifting region 1979 from mutator_free to collector_free
[0.299s][debug][gc                   ] GC(0)   Shifted Mutator range [0, 1978],  Collector range [1979, 2047]
[0.299s][debug][gc                   ] GC(0)   Shifting region 1978 from mutator_free to collector_free
[0.299s][debug][gc                   ] GC(0)   Shifted Mutator range [0, 1977],  Collector range [1978, 2047]
[0.299s][debug][gc                   ] GC(0)   Shifting region 1977 from mutator_free to collector_free
[0.299s][debug][gc                   ] GC(0)   Shifted Mutator range [0, 1976],  Collector range [1977, 2047]
[0.299s][debug][gc                   ] GC(0)   Shifting region 1976 from mutator_free to collector_free
[0.299s][debug][gc                   ] GC(0)   Shifted Mutator range [0, 1975],  Collector range [1976, 2047]
[0.299s][debug][gc                   ] GC(0)   Shifting region 1975 from mutator_free to collector_free
[0.299s][debug][gc                   ] GC(0)   Shifted Mutator range [0, 1974],  Collector range [1975, 2047]
[0.299s][debug][gc                   ] GC(0)   Shifting region 1974 from mutator_free to collector_free
[0.299s][debug][gc                   ] GC(0)   Shifted Mutator range [0, 1973],  Collector range [1974, 2047]
[0.299s][debug][gc                   ] GC(0)   Shifting region 1973 from mutator_free to collector_free
[0.299s][debug][gc                   ] GC(0)   Shifted Mutator range [0, 1972],  Collector range [1973, 2047]
[0.299s][debug][gc                   ] GC(0)   Shifting region 1972 from mutator_free to collector_free
[0.299s][debug][gc                   ] GC(0)   Shifted Mutator range [0, 1971],  Collector range [1972, 2047]
[0.299s][debug][gc                   ] GC(0)   Shifting region 1971 from mutator_free to collector_free
[0.299s][debug][gc                   ] GC(0)   Shifted Mutator range [0, 1970],  Collector range [1971, 2047]
[0.299s][debug][gc                   ] GC(0)   Shifting region 1970 from mutator_free to collector_free
[0.299s][debug][gc                   ] GC(0)   Shifted Mutator range [0, 1969],  Collector range [1970, 2047]
[0.299s][debug][gc                   ] GC(0)   Shifting region 1969 from mutator_free to collector_free
[0.299s][debug][gc                   ] GC(0)   Shifted Mutator range [0, 1968],  Collector range [1969, 2047]
[0.299s][debug][gc                   ] GC(0)   Shifting region 1968 from mutator_free to collector_free
[0.299s][debug][gc                   ] GC(0)   Shifted Mutator range [0, 1967],  Collector range [1968, 2047]
[0.299s][debug][gc                   ] GC(0)   Shifting region 1967 from mutator_free to collector_free
[0.299s][debug][gc                   ] GC(0)   Shifted Mutator range [0, 1966],  Collector range [1967, 2047]
[0.299s][debug][gc                   ] GC(0)   Shifting region 1966 from mutator_free to collector_free
[0.299s][debug][gc                   ] GC(0)   Shifted Mutator range [0, 1965],  Collector range [1966, 2047]
[0.299s][debug][gc                   ] GC(0)   Shifting region 1965 from mutator_free to collector_free
[0.299s][debug][gc                   ] GC(0)   Shifted Mutator range [0, 1964],  Collector range [1965, 2047]
[0.299s][debug][gc                   ] GC(0)   Shifting region 1964 from mutator_free to collector_free
[0.299s][debug][gc                   ] GC(0)   Shifted Mutator range [0, 1963],  Collector range [1964, 2047]
[0.299s][debug][gc                   ] GC(0)   Shifting region 1963 from mutator_free to collector_free
[0.299s][debug][gc                   ] GC(0)   Shifted Mutator range [0, 1962],  Collector range [1963, 2047]
[0.299s][debug][gc                   ] GC(0)   Shifting region 1962 from mutator_free to collector_free
[0.299s][debug][gc                   ] GC(0)   Shifted Mutator range [0, 1961],  Collector range [1962, 2047]
[0.299s][debug][gc                   ] GC(0)   Shifting region 1961 from mutator_free to collector_free
[0.299s][debug][gc                   ] GC(0)   Shifted Mutator range [0, 1960],  Collector range [1961, 2047]
[0.299s][debug][gc                   ] GC(0)   Shifting region 1960 from mutator_free to collector_free
[0.299s][debug][gc                   ] GC(0)   Shifted Mutator range [0, 1959],  Collector range [1960, 2047]
[0.299s][debug][gc                   ] GC(0)   Shifting region 1959 from mutator_free to collector_free
[0.299s][debug][gc                   ] GC(0)   Shifted Mutator range [0, 1958],  Collector range [1959, 2047]
[0.299s][debug][gc                   ] GC(0)   Shifting region 1958 from mutator_free to collector_free
[0.299s][debug][gc                   ] GC(0)   Shifted Mutator range [0, 1957],  Collector range [1958, 2047]
[0.299s][debug][gc                   ] GC(0)   Shifting region 1957 from mutator_free to collector_free
[0.299s][debug][gc                   ] GC(0)   Shifted Mutator range [0, 1956],  Collector range [1957, 2047]
[0.299s][debug][gc                   ] GC(0)   Shifting region 1956 from mutator_free to collector_free
[0.299s][debug][gc                   ] GC(0)   Shifted Mutator range [0, 1955],  Collector range [1956, 2047]
[0.299s][debug][gc                   ] GC(0)   Shifting region 1955 from mutator_free to collector_free
[0.299s][debug][gc                   ] GC(0)   Shifted Mutator range [0, 1954],  Collector range [1955, 2047]
[0.299s][debug][gc                   ] GC(0)   Shifting region 1954 from mutator_free to collector_free
[0.299s][debug][gc                   ] GC(0)   Shifted Mutator range [0, 1953],  Collector range [1954, 2047]
[0.299s][debug][gc                   ] GC(0)   Shifting region 1953 from mutator_free to collector_free
[0.299s][debug][gc                   ] GC(0)   Shifted Mutator range [0, 1952],  Collector range [1953, 2047]
[0.299s][debug][gc                   ] GC(0)   Shifting region 1952 from mutator_free to collector_free
[0.299s][debug][gc                   ] GC(0)   Shifted Mutator range [0, 1951],  Collector range [1952, 2047]
[0.299s][debug][gc                   ] GC(0)   Shifting region 1951 from mutator_free to collector_free
[0.299s][debug][gc                   ] GC(0)   Shifted Mutator range [0, 1950],  Collector range [1951, 2047]
[0.299s][debug][gc                   ] GC(0)   Shifting region 1950 from mutator_free to collector_free
[0.299s][debug][gc                   ] GC(0)   Shifted Mutator range [0, 1949],  Collector range [1950, 2047]
[0.299s][debug][gc                   ] GC(0)   Shifting region 1949 from mutator_free to collector_free
[0.299s][debug][gc                   ] GC(0)   Shifted Mutator range [0, 1948],  Collector range [1949, 2047]
[0.299s][debug][gc                   ] GC(0)   Shifting region 1948 from mutator_free to collector_free
[0.299s][debug][gc                   ] GC(0)   Shifted Mutator range [0, 1947],  Collector range [1948, 2047]
[0.299s][debug][gc                   ] GC(0)   Shifting region 1947 from mutator_free to collector_free
[0.299s][debug][gc                   ] GC(0)   Shifted Mutator range [0, 1946],  Collector range [1947, 2047]
[0.299s][debug][gc                   ] GC(0)   Shifting region 1946 from mutator_free to collector_free
[0.299s][debug][gc                   ] GC(0)   Shifted Mutator range [0, 1945],  Collector range [1946, 2047]
[0.299s][debug][gc                   ] GC(0)   Shifting region 1945 from mutator_free to collector_free
[0.299s][debug][gc                   ] GC(0)   Shifted Mutator range [0, 1935],  Collector range [1945, 2047]
[0.299s][info ][gc,free              ] Free: 931M, Max: 512K regular, 661M humongous, Frag: 0% external, 23% internal; Used: 223M, Mutator Free: 1868 Collector Reserve: 52736K, Max: 512K; Used: 0B Old Collector Reserve: 0B, Max: 0B; Used: 0B
[0.299s][trace][gc,task              ] GC(0) Shenandoah GC Threads: using 16 out of 16 workers
[0.299s][info ][gc,start             ] GC(0) Verify After Mark, Level 4
[0.299s][debug][gc                   ] GC(0) ShenandoahCalculateRegionStatsClosure: adding 524288 for regular Region 0, yielding: 524288
[0.299s][debug][gc                   ] GC(0) ShenandoahCalculateRegionStatsClosure: adding 524288 for regular Region 1, yielding: 1048576
[0.299s][debug][gc                   ] GC(0) ShenandoahCalculateRegionStatsClosure: adding 522912 for regular Region 2, yielding: 1571488
[0.299s][debug][gc                   ] GC(0) ShenandoahCalculateRegionStatsClosure: adding 524288 for regular Region 3, yielding: 2095776
[0.299s][debug][gc                   ] GC(0) ShenandoahCalculateRegionStatsClosure: adding 29136 for regular Region 4, yielding: 2124912
[0.299s][debug][gc                   ] GC(0) ShenandoahCalculateRegionStatsClosure: adding 524288 for regular Region 5, yielding: 2649200
[0.299s][debug][gc                   ] GC(0) ShenandoahCalculateRegionStatsClosure: adding 524288 for regular Region 6, yielding: 3173488
[0.299s][debug][gc                   ] GC(0) ShenandoahCalculateRegionStatsClosure: adding 321648 for regular Region 7, yielding: 3495136
[0.299s][debug][gc                   ] GC(0) ShenandoahCalculateRegionStatsClosure: adding 524288 for regular Region 8, yielding: 4019424
[0.299s][debug][gc                   ] GC(0) ShenandoahCalculateRegionStatsClosure: adding 524288 for regular Region 9, yielding: 4543712
[0.299s][debug][gc                   ] GC(0) ShenandoahCalculateRegionStatsClosure: adding 246672 for regular Region 10, yielding: 4790384
[0.299s][debug][gc                   ] GC(0) ShenandoahCalculateRegionStatsClosure: adding 524288 for regular Region 11, yielding: 5314672
[0.299s][debug][gc                   ] GC(0) ShenandoahCalculateRegionStatsClosure: adding 524288 for regular Region 12, yielding: 5838960
[0.299s][debug][gc                   ] GC(0) ShenandoahCalculateRegionStatsClosure: adding 292144 for regular Region 13, yielding: 6131104
[0.299s][debug][gc                   ] GC(0) ShenandoahCalculateRegionStatsClosure: adding 524288 for regular Region 14, yielding: 6655392
[0.299s][debug][gc                   ] GC(0) ShenandoahCalculateRegionStatsClosure: adding 524288 for regular Region 15, yielding: 7179680
[0.299s][debug][gc                   ] GC(0) ShenandoahCalculateRegionStatsClosure: adding 387520 for regular Region 16, yielding: 7567200
[0.299s][debug][gc                   ] GC(0) ShenandoahCalculateRegionStatsClosure: adding 524288 for regular Region 17, yielding: 8091488
[0.299s][debug][gc                   ] GC(0) ShenandoahCalculateRegionStatsClosure: adding 524288 for regular Region 18, yielding: 8615776
[0.299s][debug][gc                   ] GC(0) ShenandoahCalculateRegionStatsClosure: adding 471832 for regular Region 19, yielding: 9087608
[0.299s][debug][gc                   ] GC(0) ShenandoahCalculateRegionStatsClosure: adding 524288 for regular Region 20, yielding: 9611896
[0.299s][debug][gc                   ] GC(0) ShenandoahCalculateRegionStatsClosure: adding 524288 for regular Region 21, yielding: 10136184
[0.299s][debug][gc                   ] GC(0) ShenandoahCalculateRegionStatsClosure: adding 371696 for regular Region 22, yielding: 10507880
[0.299s][debug][gc                   ] GC(0) ShenandoahCalculateRegionStatsClosure: adding 524288 for regular Region 23, yielding: 11032168
[0.299s][debug][gc                   ] GC(0) ShenandoahCalculateRegionStatsClosure: adding 524288 for regular Region 24, yielding: 11556456
[0.299s][debug][gc                   ] GC(0) ShenandoahCalculateRegionStatsClosure: adding 200208 for regular Region 25, yielding: 11756664
[0.299s][debug][gc                   ] GC(0) ShenandoahCalculateRegionStatsClosure: adding 524288 for regular Region 26, yielding: 12280952
[0.299s][debug][gc                   ] GC(0) ShenandoahCalculateRegionStatsClosure: adding 194776 for regular Region 27, yielding: 12475728
[0.299s][debug][gc                   ] GC(0) ShenandoahCalculateRegionStatsClosure: adding 524288 for regular Region 28, yielding: 13000016
[0.299s][debug][gc                   ] GC(0) ShenandoahCalculateRegionStatsClosure: adding 419576 for regular Region 29, yielding: 13419592
[0.299s][debug][gc                   ] GC(0) ShenandoahCalculateRegionStatsClosure: adding 524288 for regular Region 30, yielding: 13943880
[0.299s][debug][gc                   ] GC(0) ShenandoahCalculateRegionStatsClosure: adding 523648 for regular Region 31, yielding: 14467528
[0.299s][debug][gc                   ] GC(0) ShenandoahCalculateRegionStatsClosure: adding 524288 for regular Region 32, yielding: 14991816
[0.299s][debug][gc                   ] GC(0) ShenandoahCalculateRegionStatsClosure: adding 524288 for regular Region 33, yielding: 15516104
[0.299s][debug][gc                   ] GC(0) ShenandoahCalculateRegionStatsClosure: adding 314304 for regular Region 34, yielding: 15830408
[0.299s][debug][gc                   ] GC(0) ShenandoahCalculateRegionStatsClosure: adding 524288 for regular Region 35, yielding: 16354696
[0.299s][debug][gc                   ] GC(0) ShenandoahCalculateRegionStatsClosure: adding 524288 for regular Region 36, yielding: 16878984
[0.299s][debug][gc                   ] GC(0) ShenandoahCalculateRegionStatsClosure: adding 225360 for regular Region 37, yielding: 17104344
[0.299s][debug][gc                   ] GC(0) ShenandoahCalculateRegionStatsClosure: adding 524288 for regular Region 38, yielding: 17628632
[0.299s][debug][gc                   ] GC(0) ShenandoahCalculateRegionStatsClosure: adding 10832 for regular Region 39, yielding: 17639464
[0.299s][debug][gc                   ] GC(0) ShenandoahCalculateRegionStatsClosure: adding 524288 for regular Region 40, yielding: 18163752
[0.299s][debug][gc                   ] GC(0) ShenandoahCalculateRegionStatsClosure: adding 197768 for regular Region 41, yielding: 18361520
[0.299s][debug][gc                   ] GC(0) ShenandoahCalculateRegionStatsClosure: adding 524288 for regular Region 42, yielding: 18885808
[0.299s][debug][gc                   ] GC(0) ShenandoahCalculateRegionStatsClosure: adding 524288 for regular Region 43, yielding: 19410096
[0.299s][debug][gc                   ] GC(0) ShenandoahCalculateRegionStatsClosure: adding 45344 for regular Region 44, yielding: 19455440
[0.299s][debug][gc                   ] GC(0) ShenandoahCalculateRegionStatsClosure: adding 524288 for regular Region 45, yielding: 19979728
[0.299s][debug][gc                   ] GC(0) ShenandoahCalculateRegionStatsClosure: adding 248360 for regular Region 46, yielding: 20228088
[0.299s][debug][gc                   ] GC(0) ShenandoahCalculateRegionStatsClosure: adding 524288 for regular Region 47, yielding: 20752376
[0.299s][debug][gc                   ] GC(0) ShenandoahCalculateRegionStatsClosure: adding 211624 for regular Region 48, yielding: 20964000
[0.299s][debug][gc                   ] GC(0) ShenandoahCalculateRegionStatsClosure: adding 524288 for regular Region 49, yielding: 21488288
[0.299s][debug][gc                   ] GC(0) ShenandoahCalculateRegionStatsClosure: adding 524288 for regular Region 50, yielding: 22012576
[0.299s][debug][gc                   ] GC(0) ShenandoahCalculateRegionStatsClosure: adding 434696 for regular Region 51, yielding: 22447272
[0.299s][debug][gc                   ] GC(0) ShenandoahCalculateRegionStatsClosure: adding 524288 for regular Region 52, yielding: 22971560
[0.299s][debug][gc                   ] GC(0) ShenandoahCalculateRegionStatsClosure: adding 505992 for regular Region 53, yielding: 23477552
[0.299s][debug][gc                   ] GC(0) ShenandoahCalculateRegionStatsClosure: adding 524288 for regular Region 54, yielding: 24001840
[0.299s][debug][gc                   ] GC(0) ShenandoahCalculateRegionStatsClosure: adding 201120 for regular Region 55, yielding: 24202960
[0.299s][debug][gc                   ] GC(0) ShenandoahCalculateRegionStatsClosure: adding 524288 for regular Region 56, yielding: 24727248
[0.299s][debug][gc                   ] GC(0) ShenandoahCalculateRegionStatsClosure: adding 524288 for regular Region 57, yielding: 25251536
[0.299s][debug][gc                   ] GC(0) ShenandoahCalculateRegionStatsClosure: adding 499168 for regular Region 58, yielding: 25750704
[0.299s][debug][gc                   ] GC(0) ShenandoahCalculateRegionStatsClosure: adding 524288 for regular Region 59, yielding: 26274992
[0.299s][debug][gc                   ] GC(0) ShenandoahCalculateRegionStatsClosure: adding 22512 for regular Region 60, yielding: 26297504
[0.299s][debug][gc                   ] GC(0) ShenandoahCalculateRegionStatsClosure: adding 524288 for regular Region 61, yielding: 26821792
[0.299s][debug][gc                   ] GC(0) ShenandoahCalculateRegionStatsClosure: adding 524288 for regular Region 62, yielding: 27346080
[0.299s][debug][gc                   ] GC(0) ShenandoahCalculateRegionStatsClosure: adding 98168 for regular Region 63, yielding: 27444248
[0.299s][debug][gc                   ] GC(0) ShenandoahCalculateRegionStatsClosure: adding 524288 for regular Region 64, yielding: 27968536
[0.299s][debug][gc                   ] GC(0) ShenandoahCalculateRegionStatsClosure: adding 524288 for regular Region 65, yielding: 28492824
[0.299s][debug][gc                   ] GC(0) ShenandoahCalculateRegionStatsClosure: adding 48344 for regular Region 66, yielding: 28541168
[0.299s][debug][gc                   ] GC(0) ShenandoahCalculateRegionStatsClosure: adding 524288 for regular Region 67, yielding: 29065456
[0.299s][debug][gc                   ] GC(0) ShenandoahCalculateRegionStatsClosure: adding 460776 for regular Region 68, yielding: 29526232
[0.299s][debug][gc                   ] GC(0) ShenandoahCalculateRegionStatsClosure: adding 524288 for regular Region 69, yielding: 30050520
[0.299s][debug][gc                   ] GC(0) ShenandoahCalculateRegionStatsClosure: adding 136496 for regular Region 70, yielding: 30187016
[0.299s][debug][gc                   ] GC(0) ShenandoahCalculateRegionStatsClosure: adding 524288 for regular Region 71, yielding: 30711304
[0.299s][debug][gc                   ] GC(0) ShenandoahCalculateRegionStatsClosure: adding 524288 for regular Region 72, yielding: 31235592
[0.299s][debug][gc                   ] GC(0) ShenandoahCalculateRegionStatsClosure: adding 189720 for regular Region 73, yielding: 31425312
[0.299s][debug][gc                   ] GC(0) ShenandoahCalculateRegionStatsClosure: adding 524288 for regular Region 74, yielding: 31949600
[0.299s][debug][gc                   ] GC(0) ShenandoahCalculateRegionStatsClosure: adding 524288 for regular Region 75, yielding: 32473888
[0.299s][debug][gc                   ] GC(0) ShenandoahCalculateRegionStatsClosure: adding 169016 for regular Region 76, yielding: 32642904
[0.299s][debug][gc                   ] GC(0) ShenandoahCalculateRegionStatsClosure: adding 524288 for regular Region 77, yielding: 33167192
[0.299s][debug][gc                   ] GC(0) ShenandoahCalculateRegionStatsClosure: adding 524288 for regular Region 78, yielding: 33691480
[0.299s][debug][gc                   ] GC(0) ShenandoahCalculateRegionStatsClosure: adding 165672 for regular Region 79, yielding: 33857152
[0.299s][debug][gc                   ] GC(0) ShenandoahCalculateRegionStatsClosure: adding 524288 for regular Region 80, yielding: 34381440
[0.299s][debug][gc                   ] GC(0) ShenandoahCalculateRegionStatsClosure: adding 524288 for regular Region 81, yielding: 34905728
[0.299s][debug][gc                   ] GC(0) ShenandoahCalculateRegionStatsClosure: adding 490584 for regular Region 82, yielding: 35396312
[0.299s][debug][gc                   ] GC(0) ShenandoahCalculateRegionStatsClosure: adding 524288 for regular Region 83, yielding: 35920600
[0.299s][debug][gc                   ] GC(0) ShenandoahCalculateRegionStatsClosure: adding 524288 for regular Region 84, yielding: 36444888
[0.299s][debug][gc                   ] GC(0) ShenandoahCalculateRegionStatsClosure: adding 69832 for regular Region 85, yielding: 36514720
[0.299s][debug][gc                   ] GC(0) ShenandoahCalculateRegionStatsClosure: adding 524288 for regular Region 86, yielding: 37039008
[0.299s][debug][gc                   ] GC(0) ShenandoahCalculateRegionStatsClosure: adding 147472 for regular Region 87, yielding: 37186480
[0.299s][debug][gc                   ] GC(0) ShenandoahCalculateRegionStatsClosure: adding 524288 for regular Region 88, yielding: 37710768
[0.299s][debug][gc                   ] GC(0) ShenandoahCalculateRegionStatsClosure: adding 524288 for regular Region 89, yielding: 38235056
[0.299s][debug][gc                   ] GC(0) ShenandoahCalculateRegionStatsClosure: adding 334280 for regular Region 90, yielding: 38569336
[0.299s][debug][gc                   ] GC(0) ShenandoahCalculateRegionStatsClosure: adding 524288 for regular Region 91, yielding: 39093624
[0.299s][debug][gc                   ] GC(0) ShenandoahCalculateRegionStatsClosure: adding 524288 for regular Region 92, yielding: 39617912
[0.299s][debug][gc                   ] GC(0) ShenandoahCalculateRegionStatsClosure: adding 263288 for regular Region 93, yielding: 39881200
[0.299s][debug][gc                   ] GC(0) ShenandoahCalculateRegionStatsClosure: adding 524288 for regular Region 94, yielding: 40405488
[0.299s][debug][gc                   ] GC(0) ShenandoahCalculateRegionStatsClosure: adding 524288 for regular Region 95, yielding: 40929776
[0.299s][debug][gc                   ] GC(0) ShenandoahCalculateRegionStatsClosure: adding 282016 for regular Region 96, yielding: 41211792
[0.299s][debug][gc                   ] GC(0) ShenandoahCalculateRegionStatsClosure: adding 524288 for regular Region 97, yielding: 41736080
[0.299s][debug][gc                   ] GC(0) ShenandoahCalculateRegionStatsClosure: adding 524288 for regular Region 98, yielding: 42260368
[0.299s][debug][gc                   ] GC(0) ShenandoahCalculateRegionStatsClosure: adding 339824 for regular Region 99, yielding: 42600192
[0.299s][debug][gc                   ] GC(0) ShenandoahCalculateRegionStatsClosure: adding 524288 for regular Region 100, yielding: 43124480
[0.299s][debug][gc                   ] GC(0) ShenandoahCalculateRegionStatsClosure: adding 524288 for regular Region 101, yielding: 43648768
[0.299s][debug][gc                   ] GC(0) ShenandoahCalculateRegionStatsClosure: adding 306936 for regular Region 102, yielding: 43955704
[0.299s][debug][gc                   ] GC(0) ShenandoahCalculateRegionStatsClosure: adding 524288 for regular Region 103, yielding: 44479992
[0.299s][debug][gc                   ] GC(0) ShenandoahCalculateRegionStatsClosure: adding 524288 for regular Region 104, yielding: 45004280
[0.299s][debug][gc                   ] GC(0) ShenandoahCalculateRegionStatsClosure: adding 231584 for regular Region 105, yielding: 45235864
[0.299s][debug][gc                   ] GC(0) ShenandoahCalculateRegionStatsClosure: adding 524288 for regular Region 106, yielding: 45760152
[0.299s][debug][gc                   ] GC(0) ShenandoahCalculateRegionStatsClosure: adding 448096 for regular Region 107, yielding: 46208248
[0.299s][debug][gc                   ] GC(0) ShenandoahCalculateRegionStatsClosure: adding 524288 for regular Region 108, yielding: 46732536
[0.299s][debug][gc                   ] GC(0) ShenandoahCalculateRegionStatsClosure: adding 524288 for regular Region 109, yielding: 47256824
[0.299s][debug][gc                   ] GC(0) ShenandoahCalculateRegionStatsClosure: adding 370480 for regular Region 110, yielding: 47627304
[0.299s][debug][gc                   ] GC(0) ShenandoahCalculateRegionStatsClosure: adding 524288 for regular Region 111, yielding: 48151592
[0.299s][debug][gc                   ] GC(0) ShenandoahCalculateRegionStatsClosure: adding 524288 for regular Region 112, yielding: 48675880
[0.299s][debug][gc                   ] GC(0) ShenandoahCalculateRegionStatsClosure: adding 307928 for regular Region 113, yielding: 48983808
[0.299s][debug][gc                   ] GC(0) ShenandoahCalculateRegionStatsClosure: adding 524288 for regular Region 114, yielding: 49508096
[0.299s][debug][gc                   ] GC(0) ShenandoahCalculateRegionStatsClosure: adding 524288 for regular Region 115, yielding: 50032384
[0.299s][debug][gc                   ] GC(0) ShenandoahCalculateRegionStatsClosure: adding 490264 for regular Region 116, yielding: 50522648
[0.299s][debug][gc                   ] GC(0) ShenandoahCalculateRegionStatsClosure: adding 524288 for regular Region 117, yielding: 51046936
[0.299s][debug][gc                   ] GC(0) ShenandoahCalculateRegionStatsClosure: adding 524288 for regular Region 118, yielding: 51571224
[0.299s][debug][gc                   ] GC(0) ShenandoahCalculateRegionStatsClosure: adding 42000 for regular Region 119, yielding: 51613224
[0.299s][debug][gc                   ] GC(0) ShenandoahCalculateRegionStatsClosure: adding 524288 for regular Region 120, yielding: 52137512
[0.299s][debug][gc                   ] GC(0) ShenandoahCalculateRegionStatsClosure: adding 48560 for regular Region 121, yielding: 52186072
[0.299s][debug][gc                   ] GC(0) ShenandoahCalculateRegionStatsClosure: adding 524288 for regular Region 122, yielding: 52710360
[0.299s][debug][gc                   ] GC(0) ShenandoahCalculateRegionStatsClosure: adding 524288 for regular Region 123, yielding: 53234648
[0.299s][debug][gc                   ] GC(0) ShenandoahCalculateRegionStatsClosure: adding 523600 for regular Region 124, yielding: 53758248
[0.299s][debug][gc                   ] GC(0) ShenandoahCalculateRegionStatsClosure: adding 524288 for regular Region 125, yielding: 54282536
[0.299s][debug][gc                   ] GC(0) ShenandoahCalculateRegionStatsClosure: adding 524288 for regular Region 126, yielding: 54806824
[0.299s][debug][gc                   ] GC(0) ShenandoahCalculateRegionStatsClosure: adding 84536 for regular Region 127, yielding: 54891360
[0.299s][debug][gc                   ] GC(0) ShenandoahCalculateRegionStatsClosure: adding 524288 for regular Region 128, yielding: 55415648
[0.299s][debug][gc                   ] GC(0) ShenandoahCalculateRegionStatsClosure: adding 524288 for regular Region 129, yielding: 55939936
[0.299s][debug][gc                   ] GC(0) ShenandoahCalculateRegionStatsClosure: adding 228792 for regular Region 130, yielding: 56168728
[0.299s][debug][gc                   ] GC(0) ShenandoahCalculateRegionStatsClosure: adding 524288 for regular Region 131, yielding: 56693016
[0.299s][debug][gc                   ] GC(0) ShenandoahCalculateRegionStatsClosure: adding 524288 for regular Region 132, yielding: 57217304
[0.299s][debug][gc                   ] GC(0) ShenandoahCalculateRegionStatsClosure: adding 60096 for regular Region 133, yielding: 57277400
[0.299s][debug][gc                   ] GC(0) ShenandoahCalculateRegionStatsClosure: adding 524288 for regular Region 134, yielding: 57801688
[0.299s][debug][gc                   ] GC(0) ShenandoahCalculateRegionStatsClosure: adding 524288 for regular Region 135, yielding: 58325976
[0.299s][debug][gc                   ] GC(0) ShenandoahCalculateRegionStatsClosure: adding 513744 for regular Region 136, yielding: 58839720
[0.299s][debug][gc                   ] GC(0) ShenandoahCalculateRegionStatsClosure: adding 524288 for regular Region 137, yielding: 59364008
[0.299s][debug][gc                   ] GC(0) ShenandoahCalculateRegionStatsClosure: adding 524288 for regular Region 138, yielding: 59888296
[0.299s][debug][gc                   ] GC(0) ShenandoahCalculateRegionStatsClosure: adding 212264 for regular Region 139, yielding: 60100560
[0.299s][debug][gc                   ] GC(0) ShenandoahCalculateRegionStatsClosure: adding 524288 for regular Region 140, yielding: 60624848
[0.299s][debug][gc                   ] GC(0) ShenandoahCalculateRegionStatsClosure: adding 210064 for regular Region 141, yielding: 60834912
[0.299s][debug][gc                   ] GC(0) ShenandoahCalculateRegionStatsClosure: adding 524288 for regular Region 142, yielding: 61359200
[0.299s][debug][gc                   ] GC(0) ShenandoahCalculateRegionStatsClosure: adding 524288 for regular Region 143, yielding: 61883488
[0.299s][debug][gc                   ] GC(0) ShenandoahCalculateRegionStatsClosure: adding 231392 for regular Region 144, yielding: 62114880
[0.299s][debug][gc                   ] GC(0) ShenandoahCalculateRegionStatsClosure: adding 524288 for regular Region 145, yielding: 62639168
[0.299s][debug][gc                   ] GC(0) ShenandoahCalculateRegionStatsClosure: adding 114432 for regular Region 146, yielding: 62753600
[0.299s][debug][gc                   ] GC(0) ShenandoahCalculateRegionStatsClosure: adding 524288 for regular Region 147, yielding: 63277888
[0.299s][debug][gc                   ] GC(0) ShenandoahCalculateRegionStatsClosure: adding 524288 for regular Region 148, yielding: 63802176
[0.299s][debug][gc                   ] GC(0) ShenandoahCalculateRegionStatsClosure: adding 340488 for regular Region 149, yielding: 64142664
[0.299s][debug][gc                   ] GC(0) ShenandoahCalculateRegionStatsClosure: adding 524288 for regular Region 150, yielding: 64666952
[0.299s][debug][gc                   ] GC(0) ShenandoahCalculateRegionStatsClosure: adding 524288 for regular Region 151, yielding: 65191240
[0.299s][debug][gc                   ] GC(0) ShenandoahCalculateRegionStatsClosure: adding 8328 for regular Region 152, yielding: 65199568
[0.299s][debug][gc                   ] GC(0) ShenandoahCalculateRegionStatsClosure: adding 524288 for regular Region 153, yielding: 65723856
[0.299s][debug][gc                   ] GC(0) ShenandoahCalculateRegionStatsClosure: adding 524288 for regular Region 154, yielding: 66248144
[0.299s][debug][gc                   ] GC(0) ShenandoahCalculateRegionStatsClosure: adding 481768 for regular Region 155, yielding: 66729912
[0.299s][debug][gc                   ] GC(0) ShenandoahCalculateRegionStatsClosure: adding 524288 for regular Region 156, yielding: 67254200
[0.299s][debug][gc                   ] GC(0) ShenandoahCalculateRegionStatsClosure: adding 237624 for regular Region 157, yielding: 67491824
[0.299s][debug][gc                   ] GC(0) ShenandoahCalculateRegionStatsClosure: adding 524288 for regular Region 158, yielding: 68016112
[0.299s][debug][gc                   ] GC(0) ShenandoahCalculateRegionStatsClosure: adding 524288 for regular Region 159, yielding: 68540400
[0.299s][debug][gc                   ] GC(0) ShenandoahCalculateRegionStatsClosure: adding 355960 for regular Region 160, yielding: 68896360
[0.299s][debug][gc                   ] GC(0) ShenandoahCalculateRegionStatsClosure: adding 524288 for regular Region 161, yielding: 69420648
[0.299s][debug][gc                   ] GC(0) ShenandoahCalculateRegionStatsClosure: adding 178080 for regular Region 162, yielding: 69598728
[0.299s][debug][gc                   ] GC(0) ShenandoahCalculateRegionStatsClosure: adding 524288 for regular Region 163, yielding: 70123016
[0.299s][debug][gc                   ] GC(0) ShenandoahCalculateRegionStatsClosure: adding 417776 for regular Region 164, yielding: 70540792
[0.299s][debug][gc                   ] GC(0) ShenandoahCalculateRegionStatsClosure: adding 524288 for regular Region 165, yielding: 71065080
[0.299s][debug][gc                   ] GC(0) ShenandoahCalculateRegionStatsClosure: adding 350360 for regular Region 166, yielding: 71415440
[0.299s][debug][gc                   ] GC(0) ShenandoahCalculateRegionStatsClosure: adding 524288 for regular Region 167, yielding: 71939728
[0.299s][debug][gc                   ] GC(0) ShenandoahCalculateRegionStatsClosure: adding 524288 for regular Region 168, yielding: 72464016
[0.299s][debug][gc                   ] GC(0) ShenandoahCalculateRegionStatsClosure: adding 292896 for regular Region 169, yielding: 72756912
[0.299s][debug][gc                   ] GC(0) ShenandoahCalculateRegionStatsClosure: adding 524288 for regular Region 170, yielding: 73281200
[0.299s][debug][gc                   ] GC(0) ShenandoahCalculateRegionStatsClosure: adding 524288 for regular Region 171, yielding: 73805488
[0.299s][debug][gc                   ] GC(0) ShenandoahCalculateRegionStatsClosure: adding 329480 for regular Region 172, yielding: 74134968
[0.299s][debug][gc                   ] GC(0) ShenandoahCalculateRegionStatsClosure: adding 524288 for regular Region 173, yielding: 74659256
[0.299s][debug][gc                   ] GC(0) ShenandoahCalculateRegionStatsClosure: adding 27376 for regular Region 174, yielding: 74686632
[0.299s][debug][gc                   ] GC(0) ShenandoahCalculateRegionStatsClosure: adding 524288 for regular Region 175, yielding: 75210920
[0.299s][debug][gc                   ] GC(0) ShenandoahCalculateRegionStatsClosure: adding 399000 for regular Region 176, yielding: 75609920
[0.299s][debug][gc                   ] GC(0) ShenandoahCalculateRegionStatsClosure: adding 524288 for regular Region 177, yielding: 76134208
[0.299s][debug][gc                   ] GC(0) ShenandoahCalculateRegionStatsClosure: adding 319432 for regular Region 178, yielding: 76453640
[0.299s][debug][gc                   ] GC(0) ShenandoahCalculateRegionStatsClosure: adding 524288 for regular Region 179, yielding: 76977928
[0.299s][debug][gc                   ] GC(0) ShenandoahCalculateRegionStatsClosure: adding 524288 for regular Region 180, yielding: 77502216
[0.299s][debug][gc                   ] GC(0) ShenandoahCalculateRegionStatsClosure: adding 280272 for regular Region 181, yielding: 77782488
[0.299s][debug][gc                   ] GC(0) ShenandoahCalculateRegionStatsClosure: adding 524288 for regular Region 182, yielding: 78306776
[0.299s][debug][gc                   ] GC(0) ShenandoahCalculateRegionStatsClosure: adding 524288 for regular Region 183, yielding: 78831064
[0.299s][debug][gc                   ] GC(0) ShenandoahCalculateRegionStatsClosure: adding 227784 for regular Region 184, yielding: 79058848
[0.299s][debug][gc                   ] GC(0) ShenandoahCalculateRegionStatsClosure: adding 524288 for regular Region 185, yielding: 79583136
[0.299s][debug][gc                   ] GC(0) ShenandoahCalculateRegionStatsClosure: adding 330136 for regular Region 186, yielding: 79913272
[0.299s][debug][gc                   ] GC(0) ShenandoahCalculateRegionStatsClosure: adding 524288 for regular Region 187, yielding: 80437560
[0.299s][debug][gc                   ] GC(0) ShenandoahCalculateRegionStatsClosure: adding 524288 for regular Region 188, yielding: 80961848
[0.299s][debug][gc                   ] GC(0) ShenandoahCalculateRegionStatsClosure: adding 244656 for regular Region 189, yielding: 81206504
[0.299s][debug][gc                   ] GC(0) ShenandoahCalculateRegionStatsClosure: adding 524288 for regular Region 190, yielding: 81730792
[0.299s][debug][gc                   ] GC(0) ShenandoahCalculateRegionStatsClosure: adding 387448 for regular Region 191, yielding: 82118240
[0.299s][debug][gc                   ] GC(0) ShenandoahCalculateRegionStatsClosure: adding 524288 for regular Region 192, yielding: 82642528
[0.299s][debug][gc                   ] GC(0) ShenandoahCalculateRegionStatsClosure: adding 524288 for regular Region 193, yielding: 83166816
[0.299s][debug][gc                   ] GC(0) ShenandoahCalculateRegionStatsClosure: adding 216656 for regular Region 194, yielding: 83383472
[0.299s][debug][gc                   ] GC(0) ShenandoahCalculateRegionStatsClosure: adding 524288 for regular Region 195, yielding: 83907760
[0.299s][debug][gc                   ] GC(0) ShenandoahCalculateRegionStatsClosure: adding 524288 for regular Region 196, yielding: 84432048
[0.299s][debug][gc                   ] GC(0) ShenandoahCalculateRegionStatsClosure: adding 355160 for regular Region 197, yielding: 84787208
[0.299s][debug][gc                   ] GC(0) ShenandoahCalculateRegionStatsClosure: adding 524288 for regular Region 198, yielding: 85311496
[0.299s][debug][gc                   ] GC(0) ShenandoahCalculateRegionStatsClosure: adding 377600 for regular Region 199, yielding: 85689096
[0.299s][debug][gc                   ] GC(0) ShenandoahCalculateRegionStatsClosure: adding 524288 for regular Region 200, yielding: 86213384
[0.299s][debug][gc                   ] GC(0) ShenandoahCalculateRegionStatsClosure: adding 372648 for regular Region 201, yielding: 86586032
[0.299s][debug][gc                   ] GC(0) ShenandoahCalculateRegionStatsClosure: adding 524288 for regular Region 202, yielding: 87110320
[0.299s][debug][gc                   ] GC(0) ShenandoahCalculateRegionStatsClosure: adding 524288 for regular Region 203, yielding: 87634608
[0.299s][debug][gc                   ] GC(0) ShenandoahCalculateRegionStatsClosure: adding 79872 for regular Region 204, yielding: 87714480
[0.299s][debug][gc                   ] GC(0) ShenandoahCalculateRegionStatsClosure: adding 524288 for regular Region 205, yielding: 88238768
[0.299s][debug][gc                   ] GC(0) ShenandoahCalculateRegionStatsClosure: adding 524288 for regular Region 206, yielding: 88763056
[0.299s][debug][gc                   ] GC(0) ShenandoahCalculateRegionStatsClosure: adding 355296 for regular Region 207, yielding: 89118352
[0.299s][debug][gc                   ] GC(0) ShenandoahCalculateRegionStatsClosure: adding 524288 for regular Region 208, yielding: 89642640
[0.299s][debug][gc                   ] GC(0) ShenandoahCalculateRegionStatsClosure: adding 524288 for regular Region 209, yielding: 90166928
[0.299s][debug][gc                   ] GC(0) ShenandoahCalculateRegionStatsClosure: adding 316080 for regular Region 210, yielding: 90483008
[0.299s][debug][gc                   ] GC(0) ShenandoahCalculateRegionStatsClosure: adding 524288 for regular Region 211, yielding: 91007296
[0.299s][debug][gc                   ] GC(0) ShenandoahCalculateRegionStatsClosure: adding 258952 for regular Region 212, yielding: 91266248
[0.299s][debug][gc                   ] GC(0) ShenandoahCalculateRegionStatsClosure: adding 524288 for regular Region 213, yielding: 91790536
[0.299s][debug][gc                   ] GC(0) ShenandoahCalculateRegionStatsClosure: adding 116288 for regular Region 214, yielding: 91906824
[0.299s][debug][gc                   ] GC(0) ShenandoahCalculateRegionStatsClosure: adding 524288 for regular Region 215, yielding: 92431112
[0.299s][debug][gc                   ] GC(0) ShenandoahCalculateRegionStatsClosure: adding 28176 for regular Region 216, yielding: 92459288
[0.299s][debug][gc                   ] GC(0) ShenandoahCalculateRegionStatsClosure: adding 524288 for regular Region 217, yielding: 92983576
[0.299s][debug][gc                   ] GC(0) ShenandoahCalculateRegionStatsClosure: adding 524288 for regular Region 218, yielding: 93507864
[0.299s][debug][gc                   ] GC(0) ShenandoahCalculateRegionStatsClosure: adding 448680 for regular Region 219, yielding: 93956544
[0.299s][debug][gc                   ] GC(0) ShenandoahCalculateRegionStatsClosure: adding 524288 for regular Region 220, yielding: 94480832
[0.299s][debug][gc                   ] GC(0) ShenandoahCalculateRegionStatsClosure: adding 388504 for regular Region 221, yielding: 94869336
[0.299s][debug][gc                   ] GC(0) ShenandoahCalculateRegionStatsClosure: adding 524288 for regular Region 222, yielding: 95393624
[0.299s][debug][gc                   ] GC(0) ShenandoahCalculateRegionStatsClosure: adding 524288 for regular Region 223, yielding: 95917912
[0.299s][debug][gc                   ] GC(0) ShenandoahCalculateRegionStatsClosure: adding 408592 for regular Region 224, yielding: 96326504
[0.299s][debug][gc                   ] GC(0) ShenandoahCalculateRegionStatsClosure: adding 524288 for regular Region 225, yielding: 96850792
[0.299s][debug][gc                   ] GC(0) ShenandoahCalculateRegionStatsClosure: adding 452808 for regular Region 226, yielding: 97303600
[0.299s][debug][gc                   ] GC(0) ShenandoahCalculateRegionStatsClosure: adding 524288 for regular Region 227, yielding: 97827888
[0.299s][debug][gc                   ] GC(0) ShenandoahCalculateRegionStatsClosure: adding 46800 for regular Region 228, yielding: 97874688
[0.299s][debug][gc                   ] GC(0) ShenandoahCalculateRegionStatsClosure: adding 524288 for regular Region 229, yielding: 98398976
[0.299s][debug][gc                   ] GC(0) ShenandoahCalculateRegionStatsClosure: adding 217608 for regular Region 230, yielding: 98616584
[0.299s][debug][gc                   ] GC(0) ShenandoahCalculateRegionStatsClosure: adding 524288 for regular Region 231, yielding: 99140872
[0.299s][debug][gc                   ] GC(0) ShenandoahCalculateRegionStatsClosure: adding 410776 for regular Region 232, yielding: 99551648
[0.299s][debug][gc                   ] GC(0) ShenandoahCalculateRegionStatsClosure: adding 524288 for regular Region 233, yielding: 100075936
[0.299s][debug][gc                   ] GC(0) ShenandoahCalculateRegionStatsClosure: adding 511744 for regular Region 234, yielding: 100587680
[0.299s][debug][gc                   ] GC(0) ShenandoahCalculateRegionStatsClosure: adding 524288 for regular Region 235, yielding: 101111968
[0.299s][debug][gc                   ] GC(0) ShenandoahCalculateRegionStatsClosure: adding 524288 for regular Region 236, yielding: 101636256
[0.299s][debug][gc                   ] GC(0) ShenandoahCalculateRegionStatsClosure: adding 381920 for regular Region 237, yielding: 102018176
[0.299s][debug][gc                   ] GC(0) ShenandoahCalculateRegionStatsClosure: adding 524288 for regular Region 238, yielding: 102542464
[0.299s][debug][gc                   ] GC(0) ShenandoahCalculateRegionStatsClosure: adding 96256 for regular Region 239, yielding: 102638720
[0.299s][debug][gc                   ] GC(0) ShenandoahCalculateRegionStatsClosure: adding 524288 for regular Region 240, yielding: 103163008
[0.299s][debug][gc                   ] GC(0) ShenandoahCalculateRegionStatsClosure: adding 524288 for regular Region 241, yielding: 103687296
[0.299s][debug][gc                   ] GC(0) ShenandoahCalculateRegionStatsClosure: adding 239648 for regular Region 242, yielding: 103926944
[0.299s][debug][gc                   ] GC(0) ShenandoahCalculateRegionStatsClosure: adding 524288 for regular Region 243, yielding: 104451232
[0.299s][debug][gc                   ] GC(0) ShenandoahCalculateRegionStatsClosure: adding 455864 for regular Region 244, yielding: 104907096
[0.299s][debug][gc                   ] GC(0) ShenandoahCalculateRegionStatsClosure: adding 524288 for regular Region 245, yielding: 105431384
[0.299s][debug][gc                   ] GC(0) ShenandoahCalculateRegionStatsClosure: adding 145352 for regular Region 246, yielding: 105576736
[0.299s][debug][gc                   ] GC(0) ShenandoahCalculateRegionStatsClosure: adding 524288 for regular Region 247, yielding: 106101024
[0.299s][debug][gc                   ] GC(0) ShenandoahCalculateRegionStatsClosure: adding 524288 for regular Region 248, yielding: 106625312
[0.299s][debug][gc                   ] GC(0) ShenandoahCalculateRegionStatsClosure: adding 368392 for regular Region 249, yielding: 106993704
[0.299s][debug][gc                   ] GC(0) ShenandoahCalculateRegionStatsClosure: adding 524288 for regular Region 250, yielding: 107517992
[0.299s][debug][gc                   ] GC(0) ShenandoahCalculateRegionStatsClosure: adding 196656 for regular Region 251, yielding: 107714648
[0.299s][debug][gc                   ] GC(0) ShenandoahCalculateRegionStatsClosure: adding 524288 for regular Region 252, yielding: 108238936
[0.299s][debug][gc                   ] GC(0) ShenandoahCalculateRegionStatsClosure: adding 109136 for regular Region 253, yielding: 108348072
[0.299s][debug][gc                   ] GC(0) ShenandoahCalculateRegionStatsClosure: adding 524288 for regular Region 254, yielding: 108872360
[0.299s][debug][gc                   ] GC(0) ShenandoahCalculateRegionStatsClosure: adding 416192 for regular Region 255, yielding: 109288552
[0.299s][debug][gc                   ] GC(0) ShenandoahCalculateRegionStatsClosure: adding 524288 for regular Region 256, yielding: 109812840
[0.308s][debug][gc                   ] GC(0) ShenandoahCalculateRegionStatsClosure: adding 219720 for regular Region 257, yielding: 110032560
[0.308s][debug][gc                   ] GC(0) ShenandoahCalculateRegionStatsClosure: adding 524288 for regular Region 258, yielding: 110556848
[0.308s][debug][gc                   ] GC(0) ShenandoahCalculateRegionStatsClosure: adding 24072 for regular Region 259, yielding: 110580920
[0.308s][debug][gc                   ] GC(0) ShenandoahCalculateRegionStatsClosure: adding 524288 for regular Region 260, yielding: 111105208
[0.308s][debug][gc                   ] GC(0) ShenandoahCalculateRegionStatsClosure: adding 46440 for regular Region 261, yielding: 111151648
[0.308s][debug][gc                   ] GC(0) ShenandoahCalculateRegionStatsClosure: adding 524288 for regular Region 262, yielding: 111675936
[0.308s][debug][gc                   ] GC(0) ShenandoahCalculateRegionStatsClosure: adding 524288 for regular Region 263, yielding: 112200224
[0.308s][debug][gc                   ] GC(0) ShenandoahCalculateRegionStatsClosure: adding 58960 for regular Region 264, yielding: 112259184
[0.308s][debug][gc                   ] GC(0) ShenandoahCalculateRegionStatsClosure: adding 524288 for regular Region 265, yielding: 112783472
[0.308s][debug][gc                   ] GC(0) ShenandoahCalculateRegionStatsClosure: adding 522872 for regular Region 266, yielding: 113306344
[0.308s][debug][gc                   ] GC(0) ShenandoahCalculateRegionStatsClosure: adding 524288 for regular Region 267, yielding: 113830632
[0.308s][debug][gc                   ] GC(0) ShenandoahCalculateRegionStatsClosure: adding 509352 for regular Region 268, yielding: 114339984
[0.308s][debug][gc                   ] GC(0) ShenandoahCalculateRegionStatsClosure: adding 524288 for regular Region 269, yielding: 114864272
[0.308s][debug][gc                   ] GC(0) ShenandoahCalculateRegionStatsClosure: adding 524288 for regular Region 270, yielding: 115388560
[0.308s][debug][gc                   ] GC(0) ShenandoahCalculateRegionStatsClosure: adding 341200 for regular Region 271, yielding: 115729760
[0.308s][debug][gc                   ] GC(0) ShenandoahCalculateRegionStatsClosure: adding 524288 for regular Region 272, yielding: 116254048
[0.308s][debug][gc                   ] GC(0) ShenandoahCalculateRegionStatsClosure: adding 524288 for regular Region 273, yielding: 116778336
[0.308s][debug][gc                   ] GC(0) ShenandoahCalculateRegionStatsClosure: adding 272232 for regular Region 274, yielding: 117050568
[0.308s][debug][gc                   ] GC(0) ShenandoahCalculateRegionStatsClosure: adding 524288 for regular Region 275, yielding: 117574856
[0.308s][debug][gc                   ] GC(0) ShenandoahCalculateRegionStatsClosure: adding 187160 for regular Region 276, yielding: 117762016
[0.308s][debug][gc                   ] GC(0) ShenandoahCalculateRegionStatsClosure: adding 524288 for regular Region 277, yielding: 118286304
[0.308s][debug][gc                   ] GC(0) ShenandoahCalculateRegionStatsClosure: adding 524288 for regular Region 278, yielding: 118810592
[0.308s][debug][gc                   ] GC(0) ShenandoahCalculateRegionStatsClosure: adding 60120 for regular Region 279, yielding: 118870712
[0.308s][debug][gc                   ] GC(0) ShenandoahCalculateRegionStatsClosure: adding 524288 for regular Region 280, yielding: 119395000
[0.308s][debug][gc                   ] GC(0) ShenandoahCalculateRegionStatsClosure: adding 394016 for regular Region 281, yielding: 119789016
[0.308s][debug][gc                   ] GC(0) ShenandoahCalculateRegionStatsClosure: adding 524288 for regular Region 282, yielding: 120313304
[0.308s][debug][gc                   ] GC(0) ShenandoahCalculateRegionStatsClosure: adding 524288 for regular Region 283, yielding: 120837592
[0.308s][debug][gc                   ] GC(0) ShenandoahCalculateRegionStatsClosure: adding 117808 for regular Region 284, yielding: 120955400
[0.308s][debug][gc                   ] GC(0) ShenandoahCalculateRegionStatsClosure: adding 524288 for regular Region 285, yielding: 121479688
[0.308s][debug][gc                   ] GC(0) ShenandoahCalculateRegionStatsClosure: adding 122688 for regular Region 286, yielding: 121602376
[0.308s][debug][gc                   ] GC(0) ShenandoahCalculateRegionStatsClosure: adding 524288 for regular Region 287, yielding: 122126664
[0.308s][debug][gc                   ] GC(0) ShenandoahCalculateRegionStatsClosure: adding 524288 for regular Region 288, yielding: 122650952
[0.308s][debug][gc                   ] GC(0) ShenandoahCalculateRegionStatsClosure: adding 103904 for regular Region 289, yielding: 122754856
[0.308s][debug][gc                   ] GC(0) ShenandoahCalculateRegionStatsClosure: adding 524288 for regular Region 290, yielding: 123279144
[0.308s][debug][gc                   ] GC(0) ShenandoahCalculateRegionStatsClosure: adding 524288 for regular Region 291, yielding: 123803432
[0.308s][debug][gc                   ] GC(0) ShenandoahCalculateRegionStatsClosure: adding 436784 for regular Region 292, yielding: 124240216
[0.308s][debug][gc                   ] GC(0) ShenandoahCalculateRegionStatsClosure: adding 524288 for regular Region 293, yielding: 124764504
[0.308s][debug][gc                   ] GC(0) ShenandoahCalculateRegionStatsClosure: adding 429632 for regular Region 294, yielding: 125194136
[0.308s][debug][gc                   ] GC(0) ShenandoahCalculateRegionStatsClosure: adding 524288 for regular Region 295, yielding: 125718424
[0.308s][debug][gc                   ] GC(0) ShenandoahCalculateRegionStatsClosure: adding 524288 for regular Region 296, yielding: 126242712
[0.308s][debug][gc                   ] GC(0) ShenandoahCalculateRegionStatsClosure: adding 373816 for regular Region 297, yielding: 126616528
[0.308s][debug][gc                   ] GC(0) ShenandoahCalculateRegionStatsClosure: adding 524288 for regular Region 298, yielding: 127140816
[0.308s][debug][gc                   ] GC(0) ShenandoahCalculateRegionStatsClosure: adding 233768 for regular Region 299, yielding: 127374584
[0.308s][debug][gc                   ] GC(0) ShenandoahCalculateRegionStatsClosure: adding 524288 for regular Region 300, yielding: 127898872
[0.308s][debug][gc                   ] GC(0) ShenandoahCalculateRegionStatsClosure: adding 524288 for regular Region 301, yielding: 128423160
[0.308s][debug][gc                   ] GC(0) ShenandoahCalculateRegionStatsClosure: adding 487936 for regular Region 302, yielding: 128911096
[0.308s][debug][gc                   ] GC(0) ShenandoahCalculateRegionStatsClosure: adding 524288 for regular Region 303, yielding: 129435384
[0.308s][debug][gc                   ] GC(0) ShenandoahCalculateRegionStatsClosure: adding 524288 for regular Region 304, yielding: 129959672
[0.308s][debug][gc                   ] GC(0) ShenandoahCalculateRegionStatsClosure: adding 64592 for regular Region 305, yielding: 130024264
[0.308s][debug][gc                   ] GC(0) ShenandoahCalculateRegionStatsClosure: adding 524288 for regular Region 306, yielding: 130548552
[0.308s][debug][gc                   ] GC(0) ShenandoahCalculateRegionStatsClosure: adding 524288 for regular Region 307, yielding: 131072840
[0.308s][debug][gc                   ] GC(0) ShenandoahCalculateRegionStatsClosure: adding 81112 for regular Region 308, yielding: 131153952
[0.308s][debug][gc                   ] GC(0) ShenandoahCalculateRegionStatsClosure: adding 524288 for regular Region 309, yielding: 131678240
[0.308s][debug][gc                   ] GC(0) ShenandoahCalculateRegionStatsClosure: adding 524288 for regular Region 310, yielding: 132202528
[0.308s][debug][gc                   ] GC(0) ShenandoahCalculateRegionStatsClosure: adding 416480 for regular Region 311, yielding: 132619008
[0.308s][debug][gc                   ] GC(0) ShenandoahCalculateRegionStatsClosure: adding 524288 for regular Region 312, yielding: 133143296
[0.308s][debug][gc                   ] GC(0) ShenandoahCalculateRegionStatsClosure: adding 524288 for regular Region 313, yielding: 133667584
[0.308s][debug][gc                   ] GC(0) ShenandoahCalculateRegionStatsClosure: adding 486600 for regular Region 314, yielding: 134154184
[0.308s][debug][gc                   ] GC(0) ShenandoahCalculateRegionStatsClosure: adding 524288 for regular Region 315, yielding: 134678472
[0.308s][debug][gc                   ] GC(0) ShenandoahCalculateRegionStatsClosure: adding 177368 for regular Region 316, yielding: 134855840
[0.308s][debug][gc                   ] GC(0) ShenandoahCalculateRegionStatsClosure: adding 524288 for regular Region 317, yielding: 135380128
[0.308s][debug][gc                   ] GC(0) ShenandoahCalculateRegionStatsClosure: adding 524288 for regular Region 318, yielding: 135904416
[0.308s][debug][gc                   ] GC(0) ShenandoahCalculateRegionStatsClosure: adding 313200 for regular Region 319, yielding: 136217616
[0.308s][debug][gc                   ] GC(0) ShenandoahCalculateRegionStatsClosure: adding 524288 for regular Region 320, yielding: 136741904
[0.308s][debug][gc                   ] GC(0) ShenandoahCalculateRegionStatsClosure: adding 357824 for regular Region 321, yielding: 137099728
[0.308s][debug][gc                   ] GC(0) ShenandoahCalculateRegionStatsClosure: adding 524288 for regular Region 322, yielding: 137624016
[0.308s][debug][gc                   ] GC(0) ShenandoahCalculateRegionStatsClosure: adding 356072 for regular Region 323, yielding: 137980088
[0.308s][debug][gc                   ] GC(0) ShenandoahCalculateRegionStatsClosure: adding 524288 for regular Region 324, yielding: 138504376
[0.308s][debug][gc                   ] GC(0) ShenandoahCalculateRegionStatsClosure: adding 524288 for regular Region 325, yielding: 139028664
[0.308s][debug][gc                   ] GC(0) ShenandoahCalculateRegionStatsClosure: adding 230248 for regular Region 326, yielding: 139258912
[0.308s][debug][gc                   ] GC(0) ShenandoahCalculateRegionStatsClosure: adding 524288 for regular Region 327, yielding: 139783200
[0.308s][debug][gc                   ] GC(0) ShenandoahCalculateRegionStatsClosure: adding 418392 for regular Region 328, yielding: 140201592
[0.308s][debug][gc                   ] GC(0) ShenandoahCalculateRegionStatsClosure: adding 524288 for regular Region 329, yielding: 140725880
[0.308s][debug][gc                   ] GC(0) ShenandoahCalculateRegionStatsClosure: adding 35920 for regular Region 330, yielding: 140761800
[0.308s][debug][gc                   ] GC(0) ShenandoahCalculateRegionStatsClosure: adding 524288 for regular Region 331, yielding: 141286088
[0.308s][debug][gc                   ] GC(0) ShenandoahCalculateRegionStatsClosure: adding 524288 for regular Region 332, yielding: 141810376
[0.308s][debug][gc                   ] GC(0) ShenandoahCalculateRegionStatsClosure: adding 291096 for regular Region 333, yielding: 142101472
[0.308s][debug][gc                   ] GC(0) ShenandoahCalculateRegionStatsClosure: adding 524288 for regular Region 334, yielding: 142625760
[0.308s][debug][gc                   ] GC(0) ShenandoahCalculateRegionStatsClosure: adding 524288 for regular Region 335, yielding: 143150048
[0.308s][debug][gc                   ] GC(0) ShenandoahCalculateRegionStatsClosure: adding 411080 for regular Region 336, yielding: 143561128
[0.308s][debug][gc                   ] GC(0) ShenandoahCalculateRegionStatsClosure: adding 524288 for regular Region 337, yielding: 144085416
[0.308s][debug][gc                   ] GC(0) ShenandoahCalculateRegionStatsClosure: adding 524288 for regular Region 338, yielding: 144609704
[0.308s][debug][gc                   ] GC(0) ShenandoahCalculateRegionStatsClosure: adding 212464 for regular Region 339, yielding: 144822168
[0.308s][debug][gc                   ] GC(0) ShenandoahCalculateRegionStatsClosure: adding 524288 for regular Region 340, yielding: 145346456
[0.308s][debug][gc                   ] GC(0) ShenandoahCalculateRegionStatsClosure: adding 524288 for regular Region 341, yielding: 145870744
[0.308s][debug][gc                   ] GC(0) ShenandoahCalculateRegionStatsClosure: adding 313368 for regular Region 342, yielding: 146184112
[0.308s][debug][gc                   ] GC(0) ShenandoahCalculateRegionStatsClosure: adding 524288 for regular Region 343, yielding: 146708400
[0.308s][debug][gc                   ] GC(0) ShenandoahCalculateRegionStatsClosure: adding 267864 for regular Region 344, yielding: 146976264
[0.308s][debug][gc                   ] GC(0) ShenandoahCalculateRegionStatsClosure: adding 524288 for regular Region 345, yielding: 147500552
[0.308s][debug][gc                   ] GC(0) ShenandoahCalculateRegionStatsClosure: adding 292952 for regular Region 346, yielding: 147793504
[0.308s][debug][gc                   ] GC(0) ShenandoahCalculateRegionStatsClosure: adding 524288 for regular Region 347, yielding: 148317792
[0.308s][debug][gc                   ] GC(0) ShenandoahCalculateRegionStatsClosure: adding 524288 for regular Region 348, yielding: 148842080
[0.308s][debug][gc                   ] GC(0) ShenandoahCalculateRegionStatsClosure: adding 345256 for regular Region 349, yielding: 149187336
[0.308s][debug][gc                   ] GC(0) ShenandoahCalculateRegionStatsClosure: adding 524288 for regular Region 350, yielding: 149711624
[0.308s][debug][gc                   ] GC(0) ShenandoahCalculateRegionStatsClosure: adding 434520 for regular Region 351, yielding: 150146144
[0.308s][debug][gc                   ] GC(0) ShenandoahCalculateRegionStatsClosure: adding 524288 for regular Region 352, yielding: 150670432
[0.308s][debug][gc                   ] GC(0) ShenandoahCalculateRegionStatsClosure: adding 413480 for regular Region 353, yielding: 151083912
[0.308s][debug][gc                   ] GC(0) ShenandoahCalculateRegionStatsClosure: adding 524288 for regular Region 354, yielding: 151608200
[0.308s][debug][gc                   ] GC(0) ShenandoahCalculateRegionStatsClosure: adding 310120 for regular Region 355, yielding: 151918320
[0.308s][debug][gc                   ] GC(0) ShenandoahCalculateRegionStatsClosure: adding 524288 for regular Region 356, yielding: 152442608
[0.308s][debug][gc                   ] GC(0) ShenandoahCalculateRegionStatsClosure: adding 10376 for regular Region 357, yielding: 152452984
[0.308s][debug][gc                   ] GC(0) ShenandoahCalculateRegionStatsClosure: adding 524288 for regular Region 358, yielding: 152977272
[0.308s][debug][gc                   ] GC(0) ShenandoahCalculateRegionStatsClosure: adding 524288 for regular Region 359, yielding: 153501560
[0.308s][debug][gc                   ] GC(0) ShenandoahCalculateRegionStatsClosure: adding 25392 for regular Region 360, yielding: 153526952
[0.308s][debug][gc                   ] GC(0) ShenandoahCalculateRegionStatsClosure: adding 524288 for regular Region 361, yielding: 154051240
[0.308s][debug][gc                   ] GC(0) ShenandoahCalculateRegionStatsClosure: adding 25008 for regular Region 362, yielding: 154076248
[0.308s][debug][gc                   ] GC(0) ShenandoahCalculateRegionStatsClosure: adding 524288 for regular Region 363, yielding: 154600536
[0.308s][debug][gc                   ] GC(0) ShenandoahCalculateRegionStatsClosure: adding 524288 for regular Region 364, yielding: 155124824
[0.308s][debug][gc                   ] GC(0) ShenandoahCalculateRegionStatsClosure: adding 208752 for regular Region 365, yielding: 155333576
[0.308s][debug][gc                   ] GC(0) ShenandoahCalculateRegionStatsClosure: adding 524288 for regular Region 366, yielding: 155857864
[0.308s][debug][gc                   ] GC(0) ShenandoahCalculateRegionStatsClosure: adding 353096 for regular Region 367, yielding: 156210960
[0.308s][debug][gc                   ] GC(0) ShenandoahCalculateRegionStatsClosure: adding 524288 for regular Region 368, yielding: 156735248
[0.308s][debug][gc                   ] GC(0) ShenandoahCalculateRegionStatsClosure: adding 455488 for regular Region 369, yielding: 157190736
[0.308s][debug][gc                   ] GC(0) ShenandoahCalculateRegionStatsClosure: adding 524288 for regular Region 370, yielding: 157715024
[0.308s][debug][gc                   ] GC(0) ShenandoahCalculateRegionStatsClosure: adding 524288 for regular Region 371, yielding: 158239312
[0.308s][debug][gc                   ] GC(0) ShenandoahCalculateRegionStatsClosure: adding 278912 for regular Region 372, yielding: 158518224
[0.308s][debug][gc                   ] GC(0) ShenandoahCalculateRegionStatsClosure: adding 524288 for regular Region 373, yielding: 159042512
[0.308s][debug][gc                   ] GC(0) ShenandoahCalculateRegionStatsClosure: adding 524288 for regular Region 374, yielding: 159566800
[0.308s][debug][gc                   ] GC(0) ShenandoahCalculateRegionStatsClosure: adding 139832 for regular Region 375, yielding: 159706632
[0.308s][debug][gc                   ] GC(0) ShenandoahCalculateRegionStatsClosure: adding 524288 for regular Region 376, yielding: 160230920
[0.308s][debug][gc                   ] GC(0) ShenandoahCalculateRegionStatsClosure: adding 413912 for regular Region 377, yielding: 160644832
[0.308s][debug][gc                   ] GC(0) ShenandoahCalculateRegionStatsClosure: adding 524288 for regular Region 378, yielding: 161169120
[0.308s][debug][gc                   ] GC(0) ShenandoahCalculateRegionStatsClosure: adding 355112 for regular Region 379, yielding: 161524232
[0.308s][debug][gc                   ] GC(0) ShenandoahCalculateRegionStatsClosure: adding 524288 for regular Region 380, yielding: 162048520
[0.308s][debug][gc                   ] GC(0) ShenandoahCalculateRegionStatsClosure: adding 421904 for regular Region 381, yielding: 162470424
[0.308s][debug][gc                   ] GC(0) ShenandoahCalculateRegionStatsClosure: adding 524288 for regular Region 382, yielding: 162994712
[0.308s][debug][gc                   ] GC(0) ShenandoahCalculateRegionStatsClosure: adding 442432 for regular Region 383, yielding: 163437144
[0.308s][debug][gc                   ] GC(0) ShenandoahCalculateRegionStatsClosure: adding 524288 for regular Region 384, yielding: 163961432
[0.308s][debug][gc                   ] GC(0) ShenandoahCalculateRegionStatsClosure: adding 524288 for regular Region 385, yielding: 164485720
[0.308s][debug][gc                   ] GC(0) ShenandoahCalculateRegionStatsClosure: adding 62056 for regular Region 386, yielding: 164547776
[0.308s][debug][gc                   ] GC(0) ShenandoahCalculateRegionStatsClosure: adding 524288 for regular Region 387, yielding: 165072064
[0.308s][debug][gc                   ] GC(0) ShenandoahCalculateRegionStatsClosure: adding 524288 for regular Region 388, yielding: 165596352
[0.308s][debug][gc                   ] GC(0) ShenandoahCalculateRegionStatsClosure: adding 500312 for regular Region 389, yielding: 166096664
[0.308s][debug][gc                   ] GC(0) ShenandoahCalculateRegionStatsClosure: adding 524288 for regular Region 390, yielding: 166620952
[0.308s][debug][gc                   ] GC(0) ShenandoahCalculateRegionStatsClosure: adding 83080 for regular Region 391, yielding: 166704032
[0.308s][debug][gc                   ] GC(0) ShenandoahCalculateRegionStatsClosure: adding 524288 for regular Region 392, yielding: 167228320
[0.308s][debug][gc                   ] GC(0) ShenandoahCalculateRegionStatsClosure: adding 524288 for regular Region 393, yielding: 167752608
[0.308s][debug][gc                   ] GC(0) ShenandoahCalculateRegionStatsClosure: adding 10336 for regular Region 394, yielding: 167762944
[0.308s][debug][gc                   ] GC(0) ShenandoahCalculateRegionStatsClosure: adding 524288 for regular Region 395, yielding: 168287232
[0.308s][debug][gc                   ] GC(0) ShenandoahCalculateRegionStatsClosure: adding 524288 for regular Region 396, yielding: 168811520
[0.308s][debug][gc                   ] GC(0) ShenandoahCalculateRegionStatsClosure: adding 461584 for regular Region 397, yielding: 169273104
[0.308s][debug][gc                   ] GC(0) ShenandoahCalculateRegionStatsClosure: adding 524288 for regular Region 398, yielding: 169797392
[0.308s][debug][gc                   ] GC(0) ShenandoahCalculateRegionStatsClosure: adding 524288 for regular Region 399, yielding: 170321680
[0.308s][debug][gc                   ] GC(0) ShenandoahCalculateRegionStatsClosure: adding 316400 for regular Region 400, yielding: 170638080
[0.308s][debug][gc                   ] GC(0) ShenandoahCalculateRegionStatsClosure: adding 524288 for regular Region 401, yielding: 171162368
[0.308s][debug][gc                   ] GC(0) ShenandoahCalculateRegionStatsClosure: adding 524288 for regular Region 402, yielding: 171686656
[0.308s][debug][gc                   ] GC(0) ShenandoahCalculateRegionStatsClosure: adding 177640 for regular Region 403, yielding: 171864296
[0.308s][debug][gc                   ] GC(0) ShenandoahCalculateRegionStatsClosure: adding 524288 for regular Region 404, yielding: 172388584
[0.308s][debug][gc                   ] GC(0) ShenandoahCalculateRegionStatsClosure: adding 267632 for regular Region 405, yielding: 172656216
[0.308s][debug][gc                   ] GC(0) ShenandoahCalculateRegionStatsClosure: adding 524288 for regular Region 406, yielding: 173180504
[0.308s][debug][gc                   ] GC(0) ShenandoahCalculateRegionStatsClosure: adding 524288 for regular Region 407, yielding: 173704792
[0.308s][debug][gc                   ] GC(0) ShenandoahCalculateRegionStatsClosure: adding 122400 for regular Region 408, yielding: 173827192
[0.308s][debug][gc                   ] GC(0) ShenandoahCalculateRegionStatsClosure: adding 524288 for regular Region 409, yielding: 174351480
[0.308s][debug][gc                   ] GC(0) ShenandoahCalculateRegionStatsClosure: adding 524288 for regular Region 410, yielding: 174875768
[0.308s][debug][gc                   ] GC(0) ShenandoahCalculateRegionStatsClosure: adding 245384 for regular Region 411, yielding: 175121152
[0.308s][debug][gc                   ] GC(0) ShenandoahCalculateRegionStatsClosure: adding 524288 for regular Region 412, yielding: 175645440
[0.308s][debug][gc                   ] GC(0) ShenandoahCalculateRegionStatsClosure: adding 524288 for regular Region 413, yielding: 176169728
[0.308s][debug][gc                   ] GC(0) ShenandoahCalculateRegionStatsClosure: adding 119432 for regular Region 414, yielding: 176289160
[0.308s][debug][gc                   ] GC(0) ShenandoahCalculateRegionStatsClosure: adding 524288 for regular Region 415, yielding: 176813448
[0.308s][debug][gc                   ] GC(0) ShenandoahCalculateRegionStatsClosure: adding 155960 for regular Region 416, yielding: 176969408
[0.308s][debug][gc                   ] GC(0) ShenandoahCalculateRegionStatsClosure: adding 524288 for regular Region 417, yielding: 177493696
[0.308s][debug][gc                   ] GC(0) ShenandoahCalculateRegionStatsClosure: adding 1440 for regular Region 418, yielding: 177495136
[0.308s][debug][gc                   ] GC(0) ShenandoahCalculateRegionStatsClosure: adding 524288 for regular Region 419, yielding: 178019424
[0.308s][debug][gc                   ] GC(0) ShenandoahCalculateRegionStatsClosure: adding 524288 for regular Region 420, yielding: 178543712
[0.308s][debug][gc                   ] GC(0) ShenandoahCalculateRegionStatsClosure: adding 397200 for regular Region 421, yielding: 178940912
[0.308s][debug][gc                   ] GC(0) ShenandoahCalculateRegionStatsClosure: adding 524288 for regular Region 422, yielding: 179465200
[0.308s][debug][gc                   ] GC(0) ShenandoahCalculateRegionStatsClosure: adding 409856 for regular Region 423, yielding: 179875056
[0.308s][debug][gc                   ] GC(0) ShenandoahCalculateRegionStatsClosure: adding 524288 for regular Region 424, yielding: 180399344
[0.308s][debug][gc                   ] GC(0) ShenandoahCalculateRegionStatsClosure: adding 63384 for regular Region 425, yielding: 180462728
[0.308s][debug][gc                   ] GC(0) ShenandoahCalculateRegionStatsClosure: adding 524288 for regular Region 426, yielding: 180987016
[0.308s][debug][gc                   ] GC(0) ShenandoahCalculateRegionStatsClosure: adding 524288 for regular Region 427, yielding: 181511304
[0.308s][debug][gc                   ] GC(0) ShenandoahCalculateRegionStatsClosure: adding 185536 for regular Region 428, yielding: 181696840
[0.308s][debug][gc                   ] GC(0) ShenandoahCalculateRegionStatsClosure: adding 524288 for regular Region 429, yielding: 182221128
[0.308s][debug][gc                   ] GC(0) ShenandoahCalculateRegionStatsClosure: adding 257752 for regular Region 430, yielding: 182478880
[0.308s][debug][gc                   ] GC(0) ShenandoahCalculateRegionStatsClosure: adding 524288 for regular Region 431, yielding: 183003168
[0.308s][debug][gc                   ] GC(0) ShenandoahCalculateRegionStatsClosure: adding 219528 for regular Region 432, yielding: 183222696
[0.308s][debug][gc                   ] GC(0) ShenandoahCalculateRegionStatsClosure: adding 524288 for regular Region 433, yielding: 183746984
[0.308s][debug][gc                   ] GC(0) ShenandoahCalculateRegionStatsClosure: adding 195240 for regular Region 434, yielding: 183942224
[0.308s][debug][gc                   ] GC(0) ShenandoahCalculateRegionStatsClosure: adding 524288 for regular Region 435, yielding: 184466512
[0.308s][debug][gc                   ] GC(0) ShenandoahCalculateRegionStatsClosure: adding 185376 for regular Region 436, yielding: 184651888
[0.308s][debug][gc                   ] GC(0) ShenandoahCalculateRegionStatsClosure: adding 524288 for regular Region 437, yielding: 185176176
[0.308s][debug][gc                   ] GC(0) ShenandoahCalculateRegionStatsClosure: adding 524288 for regular Region 438, yielding: 185700464
[0.308s][debug][gc                   ] GC(0) ShenandoahCalculateRegionStatsClosure: adding 127184 for regular Region 439, yielding: 185827648
[0.308s][debug][gc                   ] GC(0) ShenandoahCalculateRegionStatsClosure: adding 524288 for regular Region 440, yielding: 186351936
[0.308s][debug][gc                   ] GC(0) ShenandoahCalculateRegionStatsClosure: adding 524288 for regular Region 441, yielding: 186876224
[0.308s][debug][gc                   ] GC(0) ShenandoahCalculateRegionStatsClosure: adding 469224 for regular Region 442, yielding: 187345448
[0.308s][debug][gc                   ] GC(0) ShenandoahCalculateRegionStatsClosure: adding 524288 for regular Region 443, yielding: 187869736
[0.308s][debug][gc                   ] GC(0) ShenandoahCalculateRegionStatsClosure: adding 508008 for regular Region 444, yielding: 188377744
[0.308s][debug][gc                   ] GC(0) ShenandoahCalculateRegionStatsClosure: adding 524288 for regular Region 445, yielding: 188902032
[0.308s][debug][gc                   ] GC(0) ShenandoahCalculateRegionStatsClosure: adding 137808 for regular Region 446, yielding: 189039840
[0.308s][debug][gc                   ] GC(0) ShenandoahCalculateRegionStatsClosure: adding 524288 for regular Region 447, yielding: 189564128
[0.308s][debug][gc                   ] GC(0) ShenandoahCalculateRegionStatsClosure: adding 491880 for regular Region 448, yielding: 190056008
[0.308s][debug][gc                   ] GC(0) ShenandoahCalculateRegionStatsClosure: adding 524288 for regular Region 449, yielding: 190580296
[0.308s][debug][gc                   ] GC(0) ShenandoahCalculateRegionStatsClosure: adding 524288 for regular Region 450, yielding: 191104584
